HARNESS_TRAINING_ENV={"OMP_NUM_THREADS": "1", "MKL_NUM_THREADS": "1", "torch_num_threads": 1, "torch_num_interop_threads": 47}
[Gloo] Rank [Gloo] Rank 01 is connected to  is connected to 77 peer ranks.  peer ranks. Expected number of connected peer ranks is : Expected number of connected peer ranks is : 77

[Gloo] Rank 3 is connected to 7 peer ranks. Expected number of connected peer ranks is : 7
[Gloo] Rank 2 is connected to 7 peer ranks. Expected number of connected peer ranks is : 7
[Gloo] Rank 4 is connected to 7 peer ranks. Expected number of connected peer ranks is : 7
[Gloo] Rank 5 is connected to 7 peer ranks. Expected number of connected peer ranks is : 7
[Gloo] Rank 7 is connected to [Gloo] Rank 76 peer ranks. Expected number of connected peer ranks is :  is connected to 77
 peer ranks. Expected number of connected peer ranks is : 7
/workspace/train_gpt.py:1084: UserWarning: Skipping publisher trust check for 'kernels-community/flash-attn3' because Hugging Face Hub is in offline mode.
  flash_attn_interface = get_kernel('kernels-community/flash-attn3', version=1).flash_attn_interface
/workspace/train_gpt.py:1084: UserWarning: Skipping publisher trust check for 'kernels-community/flash-attn3' because Hugging Face Hub is in offline mode.
  flash_attn_interface = get_kernel('kernels-community/flash-attn3', version=1).flash_attn_interface
/workspace/train_gpt.py:1084: UserWarning: Skipping publisher trust check for 'kernels-community/flash-attn3' because Hugging Face Hub is in offline mode.
  flash_attn_interface = get_kernel('kernels-community/flash-attn3', version=1).flash_attn_interface
/workspace/train_gpt.py:1084: UserWarning: Skipping publisher trust check for 'kernels-community/flash-attn3' because Hugging Face Hub is in offline mode.
  flash_attn_interface = get_kernel('kernels-community/flash-attn3', version=1).flash_attn_interface
/workspace/train_gpt.py:1084: UserWarning: Skipping publisher trust check for 'kernels-community/flash-attn3' because Hugging Face Hub is in offline mode.
  flash_attn_interface = get_kernel('kernels-community/flash-attn3', version=1).flash_attn_interface
/workspace/train_gpt.py:1084: UserWarning: Skipping publisher trust check for 'kernels-community/flash-attn3' because Hugging Face Hub is in offline mode.
  flash_attn_interface = get_kernel('kernels-community/flash-attn3', version=1).flash_attn_interface
/workspace/train_gpt.py:1084: UserWarning: Skipping publisher trust check for 'kernels-community/flash-attn3' because Hugging Face Hub is in offline mode.
  flash_attn_interface = get_kernel('kernels-community/flash-attn3', version=1).flash_attn_interface
/workspace/train_gpt.py:1084: UserWarning: Skipping publisher trust check for 'kernels-community/flash-attn3' because Hugging Face Hub is in offline mode.
  flash_attn_interface = get_kernel('kernels-community/flash-attn3', version=1).flash_attn_interface
logs/9d2e0e78-b714-42a6-bb35-0e8662504d82.txt
Compiling model and warming up kernels (~7 minutes on first execution)
Sampling steps [0, 1, 281, 282, 283, 284, 705, 706, 707, 708, 1128, 1129, 1130, 1131] for warmup
Resetting Model
step:0/1190 val_loss:10.82849503 train_time:62ms step_avg:61.52ms
step:1/1190 train_time:236ms step_avg:235.99ms
step:2/1190 train_time:295ms step_avg:147.59ms
step:3/1190 train_time:365ms step_avg:121.71ms
step:4/1190 train_time:401ms step_avg:100.20ms
step:5/1190 train_time:430ms step_avg:86.02ms
step:6/1190 train_time:464ms step_avg:77.32ms
step:7/1190 train_time:493ms step_avg:70.47ms
step:8/1190 train_time:539ms step_avg:67.36ms
step:9/1190 train_time:575ms step_avg:63.92ms
step:10/1190 train_time:621ms step_avg:62.11ms
step:11/1190 train_time:656ms step_avg:59.62ms
step:12/1190 train_time:702ms step_avg:58.51ms
step:13/1190 train_time:737ms step_avg:56.72ms
step:14/1190 train_time:784ms step_avg:56.03ms
step:15/1190 train_time:819ms step_avg:54.62ms
step:16/1190 train_time:865ms step_avg:54.03ms
step:17/1190 train_time:900ms step_avg:52.93ms
step:18/1190 train_time:946ms step_avg:52.53ms
step:19/1190 train_time:982ms step_avg:51.69ms
step:20/1190 train_time:1028ms step_avg:51.40ms
step:21/1190 train_time:1063ms step_avg:50.64ms
step:22/1190 train_time:1110ms step_avg:50.44ms
step:23/1190 train_time:1145ms step_avg:49.77ms
step:24/1190 train_time:1192ms step_avg:49.68ms
step:25/1190 train_time:1226ms step_avg:49.06ms
step:26/1190 train_time:1272ms step_avg:48.94ms
step:27/1190 train_time:1308ms step_avg:48.45ms
step:28/1190 train_time:1354ms step_avg:48.36ms
step:29/1190 train_time:1391ms step_avg:47.96ms
step:30/1190 train_time:1437ms step_avg:47.89ms
step:31/1190 train_time:1472ms step_avg:47.47ms
step:32/1190 train_time:1518ms step_avg:47.44ms
step:33/1190 train_time:1553ms step_avg:47.05ms
step:34/1190 train_time:1599ms step_avg:47.04ms
step:35/1190 train_time:1634ms step_avg:46.69ms
step:36/1190 train_time:1680ms step_avg:46.68ms
step:37/1190 train_time:1716ms step_avg:46.38ms
step:38/1190 train_time:1761ms step_avg:46.35ms
step:39/1190 train_time:1798ms step_avg:46.11ms
step:40/1190 train_time:1843ms step_avg:46.08ms
step:41/1190 train_time:1879ms step_avg:45.83ms
step:42/1190 train_time:1925ms step_avg:45.83ms
step:43/1190 train_time:1961ms step_avg:45.60ms
step:44/1190 train_time:2007ms step_avg:45.60ms
step:45/1190 train_time:2042ms step_avg:45.38ms
step:46/1190 train_time:2089ms step_avg:45.40ms
step:47/1190 train_time:2124ms step_avg:45.19ms
step:48/1190 train_time:2170ms step_avg:45.22ms
step:49/1190 train_time:2206ms step_avg:45.02ms
step:50/1190 train_time:2252ms step_avg:45.04ms
step:51/1190 train_time:2287ms step_avg:44.85ms
step:52/1190 train_time:2334ms step_avg:44.89ms
step:53/1190 train_time:2370ms step_avg:44.71ms
step:54/1190 train_time:2415ms step_avg:44.72ms
step:55/1190 train_time:2450ms step_avg:44.55ms
step:56/1190 train_time:2498ms step_avg:44.60ms
step:57/1190 train_time:2531ms step_avg:44.41ms
step:58/1190 train_time:2577ms step_avg:44.43ms
step:59/1190 train_time:2613ms step_avg:44.29ms
step:60/1190 train_time:2659ms step_avg:44.31ms
step:61/1190 train_time:2694ms step_avg:44.16ms
step:62/1190 train_time:2740ms step_avg:44.20ms
step:63/1190 train_time:2776ms step_avg:44.06ms
step:64/1190 train_time:2822ms step_avg:44.09ms
step:65/1190 train_time:2857ms step_avg:43.96ms
step:66/1190 train_time:2904ms step_avg:44.00ms
step:67/1190 train_time:2939ms step_avg:43.87ms
step:68/1190 train_time:2985ms step_avg:43.89ms
step:69/1190 train_time:3021ms step_avg:43.78ms
step:70/1190 train_time:3067ms step_avg:43.82ms
step:71/1190 train_time:3103ms step_avg:43.71ms
step:72/1190 train_time:3149ms step_avg:43.73ms
step:73/1190 train_time:3184ms step_avg:43.62ms
step:74/1190 train_time:3230ms step_avg:43.65ms
step:75/1190 train_time:3266ms step_avg:43.54ms
step:76/1190 train_time:3312ms step_avg:43.58ms
step:77/1190 train_time:3347ms step_avg:43.47ms
step:78/1190 train_time:3393ms step_avg:43.51ms
step:79/1190 train_time:3429ms step_avg:43.40ms
step:80/1190 train_time:3475ms step_avg:43.44ms
step:81/1190 train_time:3510ms step_avg:43.34ms
step:82/1190 train_time:3556ms step_avg:43.37ms
step:83/1190 train_time:3592ms step_avg:43.27ms
step:84/1190 train_time:3638ms step_avg:43.31ms
step:85/1190 train_time:3673ms step_avg:43.21ms
step:86/1190 train_time:3719ms step_avg:43.25ms
step:87/1190 train_time:3755ms step_avg:43.16ms
step:88/1190 train_time:3800ms step_avg:43.18ms
step:89/1190 train_time:3836ms step_avg:43.10ms
step:90/1190 train_time:3882ms step_avg:43.13ms
step:91/1190 train_time:3917ms step_avg:43.05ms
step:92/1190 train_time:3963ms step_avg:43.08ms
step:93/1190 train_time:3999ms step_avg:43.00ms
step:94/1190 train_time:4045ms step_avg:43.03ms
step:95/1190 train_time:4081ms step_avg:42.95ms
step:96/1190 train_time:4127ms step_avg:42.99ms
step:97/1190 train_time:4162ms step_avg:42.91ms
step:98/1190 train_time:4208ms step_avg:42.94ms
step:99/1190 train_time:4245ms step_avg:42.87ms
step:100/1190 train_time:4289ms step_avg:42.89ms
step:101/1190 train_time:4326ms step_avg:42.83ms
step:102/1190 train_time:4371ms step_avg:42.85ms
step:103/1190 train_time:4407ms step_avg:42.78ms
step:104/1190 train_time:4454ms step_avg:42.83ms
step:105/1190 train_time:4488ms step_avg:42.74ms
step:106/1190 train_time:4534ms step_avg:42.78ms
step:107/1190 train_time:4570ms step_avg:42.71ms
step:108/1190 train_time:4617ms step_avg:42.75ms
step:109/1190 train_time:4651ms step_avg:42.67ms
step:110/1190 train_time:4697ms step_avg:42.70ms
step:111/1190 train_time:4733ms step_avg:42.64ms
step:112/1190 train_time:4779ms step_avg:42.67ms
step:113/1190 train_time:4815ms step_avg:42.61ms
step:114/1190 train_time:4860ms step_avg:42.64ms
step:115/1190 train_time:4895ms step_avg:42.57ms
step:116/1190 train_time:4942ms step_avg:42.60ms
step:117/1190 train_time:4978ms step_avg:42.54ms
step:118/1190 train_time:5023ms step_avg:42.57ms
step:119/1190 train_time:5059ms step_avg:42.51ms
step:120/1190 train_time:5104ms step_avg:42.54ms
step:121/1190 train_time:5140ms step_avg:42.48ms
step:122/1190 train_time:5186ms step_avg:42.51ms
step:123/1190 train_time:5222ms step_avg:42.46ms
step:124/1190 train_time:5268ms step_avg:42.49ms
step:125/1190 train_time:5303ms step_avg:42.43ms
step:126/1190 train_time:5349ms step_avg:42.46ms
step:127/1190 train_time:5385ms step_avg:42.40ms
step:128/1190 train_time:5431ms step_avg:42.43ms
step:129/1190 train_time:5467ms step_avg:42.38ms
step:130/1190 train_time:5513ms step_avg:42.41ms
step:131/1190 train_time:5548ms step_avg:42.35ms
step:132/1190 train_time:5595ms step_avg:42.38ms
step:133/1190 train_time:5629ms step_avg:42.32ms
step:134/1190 train_time:5675ms step_avg:42.35ms
step:135/1190 train_time:5711ms step_avg:42.30ms
step:136/1190 train_time:5757ms step_avg:42.33ms
step:137/1190 train_time:5792ms step_avg:42.28ms
step:138/1190 train_time:5838ms step_avg:42.31ms
step:139/1190 train_time:5873ms step_avg:42.25ms
step:140/1190 train_time:5919ms step_avg:42.28ms
step:141/1190 train_time:5955ms step_avg:42.24ms
step:142/1190 train_time:6001ms step_avg:42.26ms
step:143/1190 train_time:6037ms step_avg:42.22ms
step:144/1190 train_time:6082ms step_avg:42.24ms
step:145/1190 train_time:6118ms step_avg:42.20ms
step:146/1190 train_time:6164ms step_avg:42.22ms
step:147/1190 train_time:6200ms step_avg:42.18ms
step:148/1190 train_time:6247ms step_avg:42.21ms
step:149/1190 train_time:6282ms step_avg:42.16ms
step:150/1190 train_time:6328ms step_avg:42.19ms
step:151/1190 train_time:6363ms step_avg:42.14ms
step:152/1190 train_time:6409ms step_avg:42.17ms
step:153/1190 train_time:6445ms step_avg:42.12ms
step:154/1190 train_time:6493ms step_avg:42.17ms
step:155/1190 train_time:6527ms step_avg:42.11ms
step:156/1190 train_time:6573ms step_avg:42.13ms
step:157/1190 train_time:6607ms step_avg:42.09ms
step:158/1190 train_time:6655ms step_avg:42.12ms
step:159/1190 train_time:6689ms step_avg:42.07ms
step:160/1190 train_time:6736ms step_avg:42.10ms
step:161/1190 train_time:6770ms step_avg:42.05ms
step:162/1190 train_time:6817ms step_avg:42.08ms
step:163/1190 train_time:6852ms step_avg:42.04ms
step:164/1190 train_time:6898ms step_avg:42.06ms
step:165/1190 train_time:6934ms step_avg:42.03ms
step:166/1190 train_time:6980ms step_avg:42.05ms
step:167/1190 train_time:7015ms step_avg:42.01ms
step:168/1190 train_time:7061ms step_avg:42.03ms
step:169/1190 train_time:7097ms step_avg:41.99ms
step:170/1190 train_time:7143ms step_avg:42.02ms
step:171/1190 train_time:7179ms step_avg:41.98ms
step:172/1190 train_time:7224ms step_avg:42.00ms
step:173/1190 train_time:7260ms step_avg:41.96ms
step:174/1190 train_time:7306ms step_avg:41.99ms
step:175/1190 train_time:7342ms step_avg:41.95ms
step:176/1190 train_time:7387ms step_avg:41.97ms
step:177/1190 train_time:7423ms step_avg:41.94ms
step:178/1190 train_time:7469ms step_avg:41.96ms
step:179/1190 train_time:7504ms step_avg:41.92ms
step:180/1190 train_time:7551ms step_avg:41.95ms
step:181/1190 train_time:7586ms step_avg:41.91ms
step:182/1190 train_time:7631ms step_avg:41.93ms
step:183/1190 train_time:7668ms step_avg:41.90ms
step:184/1190 train_time:7713ms step_avg:41.92ms
step:185/1190 train_time:7749ms step_avg:41.89ms
step:186/1190 train_time:7795ms step_avg:41.91ms
step:187/1190 train_time:7830ms step_avg:41.87ms
step:188/1190 train_time:7876ms step_avg:41.89ms
step:189/1190 train_time:7912ms step_avg:41.86ms
step:190/1190 train_time:7958ms step_avg:41.88ms
step:191/1190 train_time:7994ms step_avg:41.85ms
step:192/1190 train_time:8040ms step_avg:41.88ms
step:193/1190 train_time:8075ms step_avg:41.84ms
step:194/1190 train_time:8122ms step_avg:41.86ms
step:195/1190 train_time:8157ms step_avg:41.83ms
step:196/1190 train_time:8203ms step_avg:41.85ms
step:197/1190 train_time:8239ms step_avg:41.82ms
step:198/1190 train_time:8284ms step_avg:41.84ms
step:199/1190 train_time:8319ms step_avg:41.81ms
step:200/1190 train_time:8366ms step_avg:41.83ms
step:201/1190 train_time:8401ms step_avg:41.80ms
step:202/1190 train_time:8447ms step_avg:41.82ms
step:203/1190 train_time:8482ms step_avg:41.78ms
step:204/1190 train_time:8529ms step_avg:41.81ms
step:205/1190 train_time:8564ms step_avg:41.78ms
step:206/1190 train_time:8610ms step_avg:41.80ms
step:207/1190 train_time:8646ms step_avg:41.77ms
step:208/1190 train_time:8691ms step_avg:41.78ms
step:209/1190 train_time:8727ms step_avg:41.75ms
step:210/1190 train_time:8773ms step_avg:41.78ms
step:211/1190 train_time:8809ms step_avg:41.75ms
step:212/1190 train_time:8854ms step_avg:41.76ms
step:213/1190 train_time:8890ms step_avg:41.74ms
step:214/1190 train_time:8935ms step_avg:41.75ms
step:215/1190 train_time:8972ms step_avg:41.73ms
step:216/1190 train_time:9018ms step_avg:41.75ms
step:217/1190 train_time:9053ms step_avg:41.72ms
step:218/1190 train_time:9098ms step_avg:41.73ms
step:219/1190 train_time:9135ms step_avg:41.71ms
step:220/1190 train_time:9181ms step_avg:41.73ms
step:221/1190 train_time:9216ms step_avg:41.70ms
step:222/1190 train_time:9262ms step_avg:41.72ms
step:223/1190 train_time:9298ms step_avg:41.69ms
step:224/1190 train_time:9345ms step_avg:41.72ms
step:225/1190 train_time:9379ms step_avg:41.69ms
step:226/1190 train_time:9425ms step_avg:41.70ms
step:227/1190 train_time:9461ms step_avg:41.68ms
step:228/1190 train_time:9507ms step_avg:41.70ms
step:229/1190 train_time:9542ms step_avg:41.67ms
step:230/1190 train_time:9588ms step_avg:41.69ms
step:231/1190 train_time:9623ms step_avg:41.66ms
step:232/1190 train_time:9670ms step_avg:41.68ms
step:233/1190 train_time:9705ms step_avg:41.65ms
step:234/1190 train_time:9752ms step_avg:41.68ms
step:235/1190 train_time:9786ms step_avg:41.64ms
step:236/1190 train_time:9833ms step_avg:41.66ms
step:237/1190 train_time:9869ms step_avg:41.64ms
step:238/1190 train_time:9915ms step_avg:41.66ms
step:239/1190 train_time:9950ms step_avg:41.63ms
step:240/1190 train_time:9996ms step_avg:41.65ms
step:241/1190 train_time:10031ms step_avg:41.62ms
step:242/1190 train_time:10077ms step_avg:41.64ms
step:243/1190 train_time:10113ms step_avg:41.62ms
step:244/1190 train_time:10159ms step_avg:41.64ms
step:245/1190 train_time:10194ms step_avg:41.61ms
step:246/1190 train_time:10240ms step_avg:41.63ms
step:247/1190 train_time:10276ms step_avg:41.60ms
step:248/1190 train_time:10322ms step_avg:41.62ms
step:249/1190 train_time:10358ms step_avg:41.60ms
step:250/1190 train_time:10403ms step_avg:41.61ms
step:250/1190 val_loss:4.41915512 train_time:10443ms step_avg:41.77ms
step:251/1190 train_time:10470ms step_avg:41.71ms
step:252/1190 train_time:10502ms step_avg:41.68ms
step:253/1190 train_time:10527ms step_avg:41.61ms
step:254/1190 train_time:10572ms step_avg:41.62ms
step:255/1190 train_time:10607ms step_avg:41.60ms
step:256/1190 train_time:10654ms step_avg:41.62ms
step:257/1190 train_time:10693ms step_avg:41.61ms
step:258/1190 train_time:10740ms step_avg:41.63ms
step:259/1190 train_time:10776ms step_avg:41.60ms
step:260/1190 train_time:10822ms step_avg:41.62ms
step:261/1190 train_time:10857ms step_avg:41.60ms
step:262/1190 train_time:10903ms step_avg:41.61ms
step:263/1190 train_time:10939ms step_avg:41.59ms
step:264/1190 train_time:10985ms step_avg:41.61ms
step:265/1190 train_time:11021ms step_avg:41.59ms
step:266/1190 train_time:11066ms step_avg:41.60ms
step:267/1190 train_time:11103ms step_avg:41.58ms
step:268/1190 train_time:11148ms step_avg:41.60ms
step:269/1190 train_time:11183ms step_avg:41.57ms
step:270/1190 train_time:11229ms step_avg:41.59ms
step:271/1190 train_time:11265ms step_avg:41.57ms
step:272/1190 train_time:11312ms step_avg:41.59ms
step:273/1190 train_time:11347ms step_avg:41.56ms
step:274/1190 train_time:11393ms step_avg:41.58ms
step:275/1190 train_time:11428ms step_avg:41.56ms
step:276/1190 train_time:11474ms step_avg:41.57ms
step:277/1190 train_time:11509ms step_avg:41.55ms
step:278/1190 train_time:11555ms step_avg:41.57ms
step:279/1190 train_time:11591ms step_avg:41.55ms
step:280/1190 train_time:11637ms step_avg:41.56ms
step:281/1190 train_time:11672ms step_avg:41.54ms
step:282/1190 train_time:11718ms step_avg:41.55ms
step:283/1190 train_time:11755ms step_avg:41.54ms
step:284/1190 train_time:11800ms step_avg:41.55ms
step:285/1190 train_time:11851ms step_avg:41.58ms
step:286/1190 train_time:11909ms step_avg:41.64ms
step:287/1190 train_time:11956ms step_avg:41.66ms
step:288/1190 train_time:12013ms step_avg:41.71ms
step:289/1190 train_time:12061ms step_avg:41.73ms
step:290/1190 train_time:12118ms step_avg:41.79ms
step:291/1190 train_time:12165ms step_avg:41.80ms
step:292/1190 train_time:12222ms step_avg:41.86ms
step:293/1190 train_time:12270ms step_avg:41.88ms
step:294/1190 train_time:12327ms step_avg:41.93ms
step:295/1190 train_time:12375ms step_avg:41.95ms
step:296/1190 train_time:12432ms step_avg:42.00ms
step:297/1190 train_time:12480ms step_avg:42.02ms
step:298/1190 train_time:12537ms step_avg:42.07ms
step:299/1190 train_time:12584ms step_avg:42.09ms
step:300/1190 train_time:12644ms step_avg:42.15ms
step:301/1190 train_time:12689ms step_avg:42.16ms
step:302/1190 train_time:12747ms step_avg:42.21ms
step:303/1190 train_time:12794ms step_avg:42.22ms
step:304/1190 train_time:12852ms step_avg:42.28ms
step:305/1190 train_time:12899ms step_avg:42.29ms
step:306/1190 train_time:12956ms step_avg:42.34ms
step:307/1190 train_time:13004ms step_avg:42.36ms
step:308/1190 train_time:13061ms step_avg:42.40ms
step:309/1190 train_time:13108ms step_avg:42.42ms
step:310/1190 train_time:13166ms step_avg:42.47ms
step:311/1190 train_time:13213ms step_avg:42.49ms
step:312/1190 train_time:13271ms step_avg:42.53ms
step:313/1190 train_time:13318ms step_avg:42.55ms
step:314/1190 train_time:13376ms step_avg:42.60ms
step:315/1190 train_time:13423ms step_avg:42.61ms
step:316/1190 train_time:13481ms step_avg:42.66ms
step:317/1190 train_time:13528ms step_avg:42.67ms
step:318/1190 train_time:13586ms step_avg:42.72ms
step:319/1190 train_time:13633ms step_avg:42.74ms
step:320/1190 train_time:13690ms step_avg:42.78ms
step:321/1190 train_time:13737ms step_avg:42.80ms
step:322/1190 train_time:13795ms step_avg:42.84ms
step:323/1190 train_time:13843ms step_avg:42.86ms
step:324/1190 train_time:13899ms step_avg:42.90ms
step:325/1190 train_time:13947ms step_avg:42.92ms
step:326/1190 train_time:14004ms step_avg:42.96ms
step:327/1190 train_time:14053ms step_avg:42.97ms
step:328/1190 train_time:14110ms step_avg:43.02ms
step:329/1190 train_time:14158ms step_avg:43.03ms
step:330/1190 train_time:14215ms step_avg:43.07ms
step:331/1190 train_time:14263ms step_avg:43.09ms
step:332/1190 train_time:14320ms step_avg:43.13ms
step:333/1190 train_time:14367ms step_avg:43.14ms
step:334/1190 train_time:14423ms step_avg:43.18ms
step:335/1190 train_time:14475ms step_avg:43.21ms
step:336/1190 train_time:14531ms step_avg:43.25ms
step:337/1190 train_time:14578ms step_avg:43.26ms
step:338/1190 train_time:14695ms step_avg:43.48ms
step:339/1190 train_time:14762ms step_avg:43.55ms
step:340/1190 train_time:14799ms step_avg:43.53ms
step:341/1190 train_time:14841ms step_avg:43.52ms
step:342/1190 train_time:14898ms step_avg:43.56ms
step:343/1190 train_time:14944ms step_avg:43.57ms
step:344/1190 train_time:15002ms step_avg:43.61ms
step:345/1190 train_time:15049ms step_avg:43.62ms
step:346/1190 train_time:15105ms step_avg:43.66ms
step:347/1190 train_time:15154ms step_avg:43.67ms
step:348/1190 train_time:15211ms step_avg:43.71ms
step:349/1190 train_time:15259ms step_avg:43.72ms
step:350/1190 train_time:15317ms step_avg:43.76ms
step:351/1190 train_time:15363ms step_avg:43.77ms
step:352/1190 train_time:15421ms step_avg:43.81ms
step:353/1190 train_time:15468ms step_avg:43.82ms
step:354/1190 train_time:15525ms step_avg:43.86ms
step:355/1190 train_time:15573ms step_avg:43.87ms
step:356/1190 train_time:15631ms step_avg:43.91ms
step:357/1190 train_time:15680ms step_avg:43.92ms
step:358/1190 train_time:15737ms step_avg:43.96ms
step:359/1190 train_time:15785ms step_avg:43.97ms
step:360/1190 train_time:15842ms step_avg:44.01ms
step:361/1190 train_time:15891ms step_avg:44.02ms
step:362/1190 train_time:15948ms step_avg:44.05ms
step:363/1190 train_time:15996ms step_avg:44.07ms
step:364/1190 train_time:16053ms step_avg:44.10ms
step:365/1190 train_time:16100ms step_avg:44.11ms
step:366/1190 train_time:16158ms step_avg:44.15ms
step:367/1190 train_time:16205ms step_avg:44.15ms
step:368/1190 train_time:16262ms step_avg:44.19ms
step:369/1190 train_time:16309ms step_avg:44.20ms
step:370/1190 train_time:16367ms step_avg:44.23ms
step:371/1190 train_time:16415ms step_avg:44.25ms
step:372/1190 train_time:16473ms step_avg:44.28ms
step:373/1190 train_time:16520ms step_avg:44.29ms
step:374/1190 train_time:16578ms step_avg:44.33ms
step:375/1190 train_time:16626ms step_avg:44.34ms
step:376/1190 train_time:16684ms step_avg:44.37ms
step:377/1190 train_time:16732ms step_avg:44.38ms
step:378/1190 train_time:16790ms step_avg:44.42ms
step:379/1190 train_time:16837ms step_avg:44.42ms
step:380/1190 train_time:16894ms step_avg:44.46ms
step:381/1190 train_time:16942ms step_avg:44.47ms
step:382/1190 train_time:16999ms step_avg:44.50ms
step:383/1190 train_time:17047ms step_avg:44.51ms
step:384/1190 train_time:17104ms step_avg:44.54ms
step:385/1190 train_time:17152ms step_avg:44.55ms
step:386/1190 train_time:17210ms step_avg:44.58ms
step:387/1190 train_time:17257ms step_avg:44.59ms
step:388/1190 train_time:17315ms step_avg:44.63ms
step:389/1190 train_time:17361ms step_avg:44.63ms
step:390/1190 train_time:17420ms step_avg:44.67ms
step:391/1190 train_time:17466ms step_avg:44.67ms
step:392/1190 train_time:17524ms step_avg:44.70ms
step:393/1190 train_time:17572ms step_avg:44.71ms
step:394/1190 train_time:17630ms step_avg:44.75ms
step:395/1190 train_time:17677ms step_avg:44.75ms
step:396/1190 train_time:17736ms step_avg:44.79ms
step:397/1190 train_time:17783ms step_avg:44.79ms
step:398/1190 train_time:17840ms step_avg:44.82ms
step:399/1190 train_time:17887ms step_avg:44.83ms
step:400/1190 train_time:17944ms step_avg:44.86ms
step:401/1190 train_time:17993ms step_avg:44.87ms
step:402/1190 train_time:18050ms step_avg:44.90ms
step:403/1190 train_time:18098ms step_avg:44.91ms
step:404/1190 train_time:18155ms step_avg:44.94ms
step:405/1190 train_time:18203ms step_avg:44.95ms
step:406/1190 train_time:18259ms step_avg:44.97ms
step:407/1190 train_time:18308ms step_avg:44.98ms
step:408/1190 train_time:18365ms step_avg:45.01ms
step:409/1190 train_time:18412ms step_avg:45.02ms
step:410/1190 train_time:18470ms step_avg:45.05ms
step:411/1190 train_time:18517ms step_avg:45.05ms
step:412/1190 train_time:18575ms step_avg:45.09ms
step:413/1190 train_time:18623ms step_avg:45.09ms
step:414/1190 train_time:18680ms step_avg:45.12ms
step:415/1190 train_time:18728ms step_avg:45.13ms
step:416/1190 train_time:18785ms step_avg:45.16ms
step:417/1190 train_time:18833ms step_avg:45.16ms
step:418/1190 train_time:18891ms step_avg:45.19ms
step:419/1190 train_time:18938ms step_avg:45.20ms
step:420/1190 train_time:18997ms step_avg:45.23ms
step:421/1190 train_time:19044ms step_avg:45.24ms
step:422/1190 train_time:19101ms step_avg:45.26ms
step:423/1190 train_time:19149ms step_avg:45.27ms
step:424/1190 train_time:19206ms step_avg:45.30ms
step:425/1190 train_time:19254ms step_avg:45.30ms
step:426/1190 train_time:19313ms step_avg:45.33ms
step:427/1190 train_time:19360ms step_avg:45.34ms
step:428/1190 train_time:19417ms step_avg:45.37ms
step:429/1190 train_time:19465ms step_avg:45.37ms
step:430/1190 train_time:19522ms step_avg:45.40ms
step:431/1190 train_time:19569ms step_avg:45.40ms
step:432/1190 train_time:19627ms step_avg:45.43ms
step:433/1190 train_time:19675ms step_avg:45.44ms
step:434/1190 train_time:19732ms step_avg:45.47ms
step:435/1190 train_time:19781ms step_avg:45.47ms
step:436/1190 train_time:19838ms step_avg:45.50ms
step:437/1190 train_time:19885ms step_avg:45.50ms
step:438/1190 train_time:19942ms step_avg:45.53ms
step:439/1190 train_time:19990ms step_avg:45.54ms
step:440/1190 train_time:20048ms step_avg:45.56ms
step:441/1190 train_time:20095ms step_avg:45.57ms
step:442/1190 train_time:20152ms step_avg:45.59ms
step:443/1190 train_time:20200ms step_avg:45.60ms
step:444/1190 train_time:20257ms step_avg:45.62ms
step:445/1190 train_time:20305ms step_avg:45.63ms
step:446/1190 train_time:20362ms step_avg:45.65ms
step:447/1190 train_time:20410ms step_avg:45.66ms
step:448/1190 train_time:20468ms step_avg:45.69ms
step:449/1190 train_time:20515ms step_avg:45.69ms
step:450/1190 train_time:20572ms step_avg:45.72ms
step:451/1190 train_time:20620ms step_avg:45.72ms
step:452/1190 train_time:20678ms step_avg:45.75ms
step:453/1190 train_time:20725ms step_avg:45.75ms
step:454/1190 train_time:20783ms step_avg:45.78ms
step:455/1190 train_time:20830ms step_avg:45.78ms
step:456/1190 train_time:20890ms step_avg:45.81ms
step:457/1190 train_time:20935ms step_avg:45.81ms
step:458/1190 train_time:20993ms step_avg:45.84ms
step:459/1190 train_time:21041ms step_avg:45.84ms
step:460/1190 train_time:21098ms step_avg:45.86ms
step:461/1190 train_time:21145ms step_avg:45.87ms
step:462/1190 train_time:21202ms step_avg:45.89ms
step:463/1190 train_time:21250ms step_avg:45.90ms
step:464/1190 train_time:21308ms step_avg:45.92ms
step:465/1190 train_time:21355ms step_avg:45.93ms
step:466/1190 train_time:21413ms step_avg:45.95ms
step:467/1190 train_time:21461ms step_avg:45.95ms
step:468/1190 train_time:21517ms step_avg:45.98ms
step:469/1190 train_time:21565ms step_avg:45.98ms
step:470/1190 train_time:21622ms step_avg:46.01ms
step:471/1190 train_time:21670ms step_avg:46.01ms
step:472/1190 train_time:21728ms step_avg:46.03ms
step:473/1190 train_time:21776ms step_avg:46.04ms
step:474/1190 train_time:21834ms step_avg:46.06ms
step:475/1190 train_time:21882ms step_avg:46.07ms
step:476/1190 train_time:21939ms step_avg:46.09ms
step:477/1190 train_time:21987ms step_avg:46.09ms
step:478/1190 train_time:22044ms step_avg:46.12ms
step:479/1190 train_time:22092ms step_avg:46.12ms
step:480/1190 train_time:22150ms step_avg:46.15ms
step:481/1190 train_time:22198ms step_avg:46.15ms
step:482/1190 train_time:22255ms step_avg:46.17ms
step:483/1190 train_time:22302ms step_avg:46.17ms
step:484/1190 train_time:22359ms step_avg:46.20ms
step:485/1190 train_time:22406ms step_avg:46.20ms
step:486/1190 train_time:22463ms step_avg:46.22ms
step:487/1190 train_time:22511ms step_avg:46.22ms
step:488/1190 train_time:22569ms step_avg:46.25ms
step:489/1190 train_time:22616ms step_avg:46.25ms
step:490/1190 train_time:22674ms step_avg:46.27ms
step:491/1190 train_time:22721ms step_avg:46.28ms
step:492/1190 train_time:22779ms step_avg:46.30ms
step:493/1190 train_time:22826ms step_avg:46.30ms
step:494/1190 train_time:22883ms step_avg:46.32ms
step:495/1190 train_time:22931ms step_avg:46.32ms
step:496/1190 train_time:22989ms step_avg:46.35ms
step:497/1190 train_time:23036ms step_avg:46.35ms
step:498/1190 train_time:23094ms step_avg:46.37ms
step:499/1190 train_time:23141ms step_avg:46.37ms
step:500/1190 train_time:23199ms step_avg:46.40ms
step:500/1190 val_loss:3.89797926 train_time:23250ms step_avg:46.50ms
step:501/1190 train_time:23278ms step_avg:46.46ms
step:502/1190 train_time:23310ms step_avg:46.43ms
step:503/1190 train_time:23353ms step_avg:46.43ms
step:504/1190 train_time:23411ms step_avg:46.45ms
step:505/1190 train_time:23466ms step_avg:46.47ms
step:506/1190 train_time:23523ms step_avg:46.49ms
step:507/1190 train_time:23571ms step_avg:46.49ms
step:508/1190 train_time:23627ms step_avg:46.51ms
step:509/1190 train_time:23675ms step_avg:46.51ms
step:510/1190 train_time:23732ms step_avg:46.53ms
step:511/1190 train_time:23779ms step_avg:46.54ms
step:512/1190 train_time:23837ms step_avg:46.56ms
step:513/1190 train_time:23884ms step_avg:46.56ms
step:514/1190 train_time:23942ms step_avg:46.58ms
step:515/1190 train_time:23988ms step_avg:46.58ms
step:516/1190 train_time:24045ms step_avg:46.60ms
step:517/1190 train_time:24093ms step_avg:46.60ms
step:518/1190 train_time:24151ms step_avg:46.62ms
step:519/1190 train_time:24199ms step_avg:46.63ms
step:520/1190 train_time:24256ms step_avg:46.65ms
step:521/1190 train_time:24303ms step_avg:46.65ms
step:522/1190 train_time:24361ms step_avg:46.67ms
step:523/1190 train_time:24408ms step_avg:46.67ms
step:524/1190 train_time:24465ms step_avg:46.69ms
step:525/1190 train_time:24513ms step_avg:46.69ms
step:526/1190 train_time:24570ms step_avg:46.71ms
step:527/1190 train_time:24617ms step_avg:46.71ms
step:528/1190 train_time:24674ms step_avg:46.73ms
step:529/1190 train_time:24722ms step_avg:46.73ms
step:530/1190 train_time:24780ms step_avg:46.75ms
step:531/1190 train_time:24826ms step_avg:46.75ms
step:532/1190 train_time:24884ms step_avg:46.77ms
step:533/1190 train_time:24930ms step_avg:46.77ms
step:534/1190 train_time:24988ms step_avg:46.79ms
step:535/1190 train_time:25035ms step_avg:46.79ms
step:536/1190 train_time:25093ms step_avg:46.82ms
step:537/1190 train_time:25141ms step_avg:46.82ms
step:538/1190 train_time:25199ms step_avg:46.84ms
step:539/1190 train_time:25246ms step_avg:46.84ms
step:540/1190 train_time:25303ms step_avg:46.86ms
step:541/1190 train_time:25350ms step_avg:46.86ms
step:542/1190 train_time:25409ms step_avg:46.88ms
step:543/1190 train_time:25455ms step_avg:46.88ms
step:544/1190 train_time:25513ms step_avg:46.90ms
step:545/1190 train_time:25560ms step_avg:46.90ms
step:546/1190 train_time:25619ms step_avg:46.92ms
step:547/1190 train_time:25665ms step_avg:46.92ms
step:548/1190 train_time:25721ms step_avg:46.94ms
step:549/1190 train_time:25769ms step_avg:46.94ms
step:550/1190 train_time:25826ms step_avg:46.96ms
step:551/1190 train_time:25874ms step_avg:46.96ms
step:552/1190 train_time:25932ms step_avg:46.98ms
step:553/1190 train_time:25979ms step_avg:46.98ms
step:554/1190 train_time:26037ms step_avg:47.00ms
step:555/1190 train_time:26087ms step_avg:47.00ms
step:556/1190 train_time:26142ms step_avg:47.02ms
step:557/1190 train_time:26189ms step_avg:47.02ms
step:558/1190 train_time:26246ms step_avg:47.04ms
step:559/1190 train_time:26294ms step_avg:47.04ms
step:560/1190 train_time:26351ms step_avg:47.06ms
step:561/1190 train_time:26399ms step_avg:47.06ms
step:562/1190 train_time:26456ms step_avg:47.08ms
step:563/1190 train_time:26504ms step_avg:47.08ms
step:564/1190 train_time:26561ms step_avg:47.09ms
step:565/1190 train_time:26609ms step_avg:47.10ms
step:566/1190 train_time:26665ms step_avg:47.11ms
step:567/1190 train_time:26714ms step_avg:47.11ms
step:568/1190 train_time:26770ms step_avg:47.13ms
step:569/1190 train_time:26818ms step_avg:47.13ms
step:570/1190 train_time:26877ms step_avg:47.15ms
step:571/1190 train_time:26923ms step_avg:47.15ms
step:572/1190 train_time:26980ms step_avg:47.17ms
step:573/1190 train_time:27027ms step_avg:47.17ms
step:574/1190 train_time:27084ms step_avg:47.19ms
step:575/1190 train_time:27132ms step_avg:47.19ms
step:576/1190 train_time:27189ms step_avg:47.20ms
step:577/1190 train_time:27238ms step_avg:47.21ms
step:578/1190 train_time:27296ms step_avg:47.23ms
step:579/1190 train_time:27342ms step_avg:47.22ms
step:580/1190 train_time:27399ms step_avg:47.24ms
step:581/1190 train_time:27447ms step_avg:47.24ms
step:582/1190 train_time:27504ms step_avg:47.26ms
step:583/1190 train_time:27552ms step_avg:47.26ms
step:584/1190 train_time:27609ms step_avg:47.28ms
step:585/1190 train_time:27657ms step_avg:47.28ms
step:586/1190 train_time:27715ms step_avg:47.30ms
step:587/1190 train_time:27762ms step_avg:47.29ms
step:588/1190 train_time:27819ms step_avg:47.31ms
step:589/1190 train_time:27867ms step_avg:47.31ms
step:590/1190 train_time:27923ms step_avg:47.33ms
step:591/1190 train_time:27971ms step_avg:47.33ms
step:592/1190 train_time:28028ms step_avg:47.35ms
step:593/1190 train_time:28076ms step_avg:47.35ms
step:594/1190 train_time:28132ms step_avg:47.36ms
step:595/1190 train_time:28180ms step_avg:47.36ms
step:596/1190 train_time:28238ms step_avg:47.38ms
step:597/1190 train_time:28285ms step_avg:47.38ms
step:598/1190 train_time:28342ms step_avg:47.39ms
step:599/1190 train_time:28390ms step_avg:47.40ms
step:600/1190 train_time:28448ms step_avg:47.41ms
step:601/1190 train_time:28495ms step_avg:47.41ms
step:602/1190 train_time:28553ms step_avg:47.43ms
step:603/1190 train_time:28600ms step_avg:47.43ms
step:604/1190 train_time:28657ms step_avg:47.45ms
step:605/1190 train_time:28704ms step_avg:47.45ms
step:606/1190 train_time:28761ms step_avg:47.46ms
step:607/1190 train_time:28809ms step_avg:47.46ms
step:608/1190 train_time:28865ms step_avg:47.48ms
step:609/1190 train_time:28912ms step_avg:47.48ms
step:610/1190 train_time:28970ms step_avg:47.49ms
step:611/1190 train_time:29017ms step_avg:47.49ms
step:612/1190 train_time:29074ms step_avg:47.51ms
step:613/1190 train_time:29122ms step_avg:47.51ms
step:614/1190 train_time:29179ms step_avg:47.52ms
step:615/1190 train_time:29226ms step_avg:47.52ms
step:616/1190 train_time:29284ms step_avg:47.54ms
step:617/1190 train_time:29331ms step_avg:47.54ms
step:618/1190 train_time:29388ms step_avg:47.55ms
step:619/1190 train_time:29436ms step_avg:47.55ms
step:620/1190 train_time:29494ms step_avg:47.57ms
step:621/1190 train_time:29541ms step_avg:47.57ms
step:622/1190 train_time:29599ms step_avg:47.59ms
step:623/1190 train_time:29646ms step_avg:47.59ms
step:624/1190 train_time:29703ms step_avg:47.60ms
step:625/1190 train_time:29751ms step_avg:47.60ms
step:626/1190 train_time:29808ms step_avg:47.62ms
step:627/1190 train_time:29855ms step_avg:47.62ms
step:628/1190 train_time:29913ms step_avg:47.63ms
step:629/1190 train_time:29960ms step_avg:47.63ms
step:630/1190 train_time:30017ms step_avg:47.65ms
step:631/1190 train_time:30065ms step_avg:47.65ms
step:632/1190 train_time:30122ms step_avg:47.66ms
step:633/1190 train_time:30169ms step_avg:47.66ms
step:634/1190 train_time:30226ms step_avg:47.67ms
step:635/1190 train_time:30273ms step_avg:47.67ms
step:636/1190 train_time:30330ms step_avg:47.69ms
step:637/1190 train_time:30378ms step_avg:47.69ms
step:638/1190 train_time:30436ms step_avg:47.71ms
step:639/1190 train_time:30483ms step_avg:47.70ms
step:640/1190 train_time:30541ms step_avg:47.72ms
step:641/1190 train_time:30588ms step_avg:47.72ms
step:642/1190 train_time:30645ms step_avg:47.73ms
step:643/1190 train_time:30693ms step_avg:47.73ms
step:644/1190 train_time:30749ms step_avg:47.75ms
step:645/1190 train_time:30798ms step_avg:47.75ms
step:646/1190 train_time:30855ms step_avg:47.76ms
step:647/1190 train_time:30902ms step_avg:47.76ms
step:648/1190 train_time:30960ms step_avg:47.78ms
step:649/1190 train_time:31007ms step_avg:47.78ms
step:650/1190 train_time:31064ms step_avg:47.79ms
step:651/1190 train_time:31112ms step_avg:47.79ms
step:652/1190 train_time:31168ms step_avg:47.80ms
step:653/1190 train_time:31216ms step_avg:47.80ms
step:654/1190 train_time:31385ms step_avg:47.99ms
step:655/1190 train_time:31419ms step_avg:47.97ms
step:656/1190 train_time:31457ms step_avg:47.95ms
step:657/1190 train_time:31492ms step_avg:47.93ms
step:658/1190 train_time:31550ms step_avg:47.95ms
step:659/1190 train_time:31596ms step_avg:47.94ms
step:660/1190 train_time:31652ms step_avg:47.96ms
step:661/1190 train_time:31700ms step_avg:47.96ms
step:662/1190 train_time:31758ms step_avg:47.97ms
step:663/1190 train_time:31804ms step_avg:47.97ms
step:664/1190 train_time:31861ms step_avg:47.98ms
step:665/1190 train_time:31908ms step_avg:47.98ms
step:666/1190 train_time:31965ms step_avg:48.00ms
step:667/1190 train_time:32013ms step_avg:47.99ms
step:668/1190 train_time:32069ms step_avg:48.01ms
step:669/1190 train_time:32117ms step_avg:48.01ms
step:670/1190 train_time:32174ms step_avg:48.02ms
step:671/1190 train_time:32221ms step_avg:48.02ms
step:672/1190 train_time:32278ms step_avg:48.03ms
step:673/1190 train_time:32326ms step_avg:48.03ms
step:674/1190 train_time:32383ms step_avg:48.05ms
step:675/1190 train_time:32431ms step_avg:48.05ms
step:676/1190 train_time:32487ms step_avg:48.06ms
step:677/1190 train_time:32536ms step_avg:48.06ms
step:678/1190 train_time:32593ms step_avg:48.07ms
step:679/1190 train_time:32640ms step_avg:48.07ms
step:680/1190 train_time:32698ms step_avg:48.08ms
step:681/1190 train_time:32746ms step_avg:48.09ms
step:682/1190 train_time:32803ms step_avg:48.10ms
step:683/1190 train_time:32849ms step_avg:48.10ms
step:684/1190 train_time:32906ms step_avg:48.11ms
step:685/1190 train_time:32954ms step_avg:48.11ms
step:686/1190 train_time:33011ms step_avg:48.12ms
step:687/1190 train_time:33058ms step_avg:48.12ms
step:688/1190 train_time:33115ms step_avg:48.13ms
step:689/1190 train_time:33163ms step_avg:48.13ms
step:690/1190 train_time:33220ms step_avg:48.14ms
step:691/1190 train_time:33267ms step_avg:48.14ms
step:692/1190 train_time:33324ms step_avg:48.16ms
step:693/1190 train_time:33372ms step_avg:48.16ms
step:694/1190 train_time:33430ms step_avg:48.17ms
step:695/1190 train_time:33476ms step_avg:48.17ms
step:696/1190 train_time:33536ms step_avg:48.18ms
step:697/1190 train_time:33581ms step_avg:48.18ms
step:698/1190 train_time:33639ms step_avg:48.19ms
step:699/1190 train_time:33686ms step_avg:48.19ms
step:700/1190 train_time:33744ms step_avg:48.21ms
step:701/1190 train_time:33791ms step_avg:48.20ms
step:702/1190 train_time:33848ms step_avg:48.22ms
step:703/1190 train_time:33896ms step_avg:48.22ms
step:704/1190 train_time:33954ms step_avg:48.23ms
step:705/1190 train_time:34000ms step_avg:48.23ms
step:706/1190 train_time:34057ms step_avg:48.24ms
step:707/1190 train_time:34105ms step_avg:48.24ms
step:708/1190 train_time:34163ms step_avg:48.25ms
step:709/1190 train_time:34235ms step_avg:48.29ms
step:710/1190 train_time:34314ms step_avg:48.33ms
step:711/1190 train_time:34385ms step_avg:48.36ms
step:712/1190 train_time:34463ms step_avg:48.40ms
step:713/1190 train_time:34534ms step_avg:48.44ms
step:714/1190 train_time:34614ms step_avg:48.48ms
step:715/1190 train_time:34685ms step_avg:48.51ms
step:716/1190 train_time:34764ms step_avg:48.55ms
step:717/1190 train_time:34835ms step_avg:48.58ms
step:718/1190 train_time:34914ms step_avg:48.63ms
step:719/1190 train_time:34986ms step_avg:48.66ms
step:720/1190 train_time:35064ms step_avg:48.70ms
step:721/1190 train_time:35136ms step_avg:48.73ms
step:722/1190 train_time:35215ms step_avg:48.77ms
step:723/1190 train_time:35286ms step_avg:48.81ms
step:724/1190 train_time:35365ms step_avg:48.85ms
step:725/1190 train_time:35436ms step_avg:48.88ms
step:726/1190 train_time:35515ms step_avg:48.92ms
step:727/1190 train_time:35585ms step_avg:48.95ms
step:728/1190 train_time:35664ms step_avg:48.99ms
step:729/1190 train_time:35735ms step_avg:49.02ms
step:730/1190 train_time:35814ms step_avg:49.06ms
step:731/1190 train_time:35886ms step_avg:49.09ms
step:732/1190 train_time:35964ms step_avg:49.13ms
step:733/1190 train_time:36036ms step_avg:49.16ms
step:734/1190 train_time:36115ms step_avg:49.20ms
step:735/1190 train_time:36186ms step_avg:49.23ms
step:736/1190 train_time:36264ms step_avg:49.27ms
step:737/1190 train_time:36335ms step_avg:49.30ms
step:738/1190 train_time:36414ms step_avg:49.34ms
step:739/1190 train_time:36486ms step_avg:49.37ms
step:740/1190 train_time:36565ms step_avg:49.41ms
step:741/1190 train_time:36635ms step_avg:49.44ms
step:742/1190 train_time:36714ms step_avg:49.48ms
step:743/1190 train_time:36786ms step_avg:49.51ms
step:744/1190 train_time:36865ms step_avg:49.55ms
step:745/1190 train_time:36936ms step_avg:49.58ms
step:746/1190 train_time:37016ms step_avg:49.62ms
step:747/1190 train_time:37088ms step_avg:49.65ms
step:748/1190 train_time:37168ms step_avg:49.69ms
step:749/1190 train_time:37239ms step_avg:49.72ms
step:750/1190 train_time:37318ms step_avg:49.76ms
step:750/1190 val_loss:3.50320911 train_time:37394ms step_avg:49.86ms
step:751/1190 train_time:37424ms step_avg:49.83ms
step:752/1190 train_time:37472ms step_avg:49.83ms
step:753/1190 train_time:37547ms step_avg:49.86ms
step:754/1190 train_time:37628ms step_avg:49.90ms
step:755/1190 train_time:37701ms step_avg:49.93ms
step:756/1190 train_time:37780ms step_avg:49.97ms
step:757/1190 train_time:37850ms step_avg:50.00ms
step:758/1190 train_time:37930ms step_avg:50.04ms
step:759/1190 train_time:37999ms step_avg:50.06ms
step:760/1190 train_time:38078ms step_avg:50.10ms
step:761/1190 train_time:38149ms step_avg:50.13ms
step:762/1190 train_time:38228ms step_avg:50.17ms
step:763/1190 train_time:38298ms step_avg:50.19ms
step:764/1190 train_time:38377ms step_avg:50.23ms
step:765/1190 train_time:38449ms step_avg:50.26ms
step:766/1190 train_time:38529ms step_avg:50.30ms
step:767/1190 train_time:38600ms step_avg:50.33ms
step:768/1190 train_time:38680ms step_avg:50.36ms
step:769/1190 train_time:38751ms step_avg:50.39ms
step:770/1190 train_time:38830ms step_avg:50.43ms
step:771/1190 train_time:38901ms step_avg:50.45ms
step:772/1190 train_time:38979ms step_avg:50.49ms
step:773/1190 train_time:39050ms step_avg:50.52ms
step:774/1190 train_time:39129ms step_avg:50.55ms
step:775/1190 train_time:39200ms step_avg:50.58ms
step:776/1190 train_time:39279ms step_avg:50.62ms
step:777/1190 train_time:39350ms step_avg:50.64ms
step:778/1190 train_time:39430ms step_avg:50.68ms
step:779/1190 train_time:39500ms step_avg:50.71ms
step:780/1190 train_time:39580ms step_avg:50.74ms
step:781/1190 train_time:39650ms step_avg:50.77ms
step:782/1190 train_time:39729ms step_avg:50.80ms
step:783/1190 train_time:39801ms step_avg:50.83ms
step:784/1190 train_time:39881ms step_avg:50.87ms
step:785/1190 train_time:39952ms step_avg:50.89ms
step:786/1190 train_time:40030ms step_avg:50.93ms
step:787/1190 train_time:40102ms step_avg:50.96ms
step:788/1190 train_time:40181ms step_avg:50.99ms
step:789/1190 train_time:40252ms step_avg:51.02ms
step:790/1190 train_time:40331ms step_avg:51.05ms
step:791/1190 train_time:40403ms step_avg:51.08ms
step:792/1190 train_time:40482ms step_avg:51.11ms
step:793/1190 train_time:40553ms step_avg:51.14ms
step:794/1190 train_time:40632ms step_avg:51.17ms
step:795/1190 train_time:40704ms step_avg:51.20ms
step:796/1190 train_time:40784ms step_avg:51.24ms
step:797/1190 train_time:40855ms step_avg:51.26ms
step:798/1190 train_time:40934ms step_avg:51.30ms
step:799/1190 train_time:41004ms step_avg:51.32ms
step:800/1190 train_time:41084ms step_avg:51.35ms
step:801/1190 train_time:41155ms step_avg:51.38ms
step:802/1190 train_time:41234ms step_avg:51.41ms
step:803/1190 train_time:41304ms step_avg:51.44ms
step:804/1190 train_time:41383ms step_avg:51.47ms
step:805/1190 train_time:41455ms step_avg:51.50ms
step:806/1190 train_time:41534ms step_avg:51.53ms
step:807/1190 train_time:41605ms step_avg:51.55ms
step:808/1190 train_time:41684ms step_avg:51.59ms
step:809/1190 train_time:41755ms step_avg:51.61ms
step:810/1190 train_time:41834ms step_avg:51.65ms
step:811/1190 train_time:41904ms step_avg:51.67ms
step:812/1190 train_time:41983ms step_avg:51.70ms
step:813/1190 train_time:42055ms step_avg:51.73ms
step:814/1190 train_time:42133ms step_avg:51.76ms
step:815/1190 train_time:42204ms step_avg:51.78ms
step:816/1190 train_time:42283ms step_avg:51.82ms
step:817/1190 train_time:42355ms step_avg:51.84ms
step:818/1190 train_time:42435ms step_avg:51.88ms
step:819/1190 train_time:42505ms step_avg:51.90ms
step:820/1190 train_time:42584ms step_avg:51.93ms
step:821/1190 train_time:42655ms step_avg:51.96ms
step:822/1190 train_time:42734ms step_avg:51.99ms
step:823/1190 train_time:42805ms step_avg:52.01ms
step:824/1190 train_time:42886ms step_avg:52.05ms
step:825/1190 train_time:42957ms step_avg:52.07ms
step:826/1190 train_time:43036ms step_avg:52.10ms
step:827/1190 train_time:43107ms step_avg:52.12ms
step:828/1190 train_time:43187ms step_avg:52.16ms
step:829/1190 train_time:43257ms step_avg:52.18ms
step:830/1190 train_time:43336ms step_avg:52.21ms
step:831/1190 train_time:43407ms step_avg:52.23ms
step:832/1190 train_time:43485ms step_avg:52.27ms
step:833/1190 train_time:43557ms step_avg:52.29ms
step:834/1190 train_time:43635ms step_avg:52.32ms
step:835/1190 train_time:43706ms step_avg:52.34ms
step:836/1190 train_time:43785ms step_avg:52.37ms
step:837/1190 train_time:43856ms step_avg:52.40ms
step:838/1190 train_time:43935ms step_avg:52.43ms
step:839/1190 train_time:44006ms step_avg:52.45ms
step:840/1190 train_time:44086ms step_avg:52.48ms
step:841/1190 train_time:44157ms step_avg:52.50ms
step:842/1190 train_time:44235ms step_avg:52.54ms
step:843/1190 train_time:44307ms step_avg:52.56ms
step:844/1190 train_time:44385ms step_avg:52.59ms
step:845/1190 train_time:44457ms step_avg:52.61ms
step:846/1190 train_time:44536ms step_avg:52.64ms
step:847/1190 train_time:44606ms step_avg:52.66ms
step:848/1190 train_time:44686ms step_avg:52.70ms
step:849/1190 train_time:44756ms step_avg:52.72ms
step:850/1190 train_time:44836ms step_avg:52.75ms
step:851/1190 train_time:44906ms step_avg:52.77ms
step:852/1190 train_time:44985ms step_avg:52.80ms
step:853/1190 train_time:45055ms step_avg:52.82ms
step:854/1190 train_time:45135ms step_avg:52.85ms
step:855/1190 train_time:45204ms step_avg:52.87ms
step:856/1190 train_time:45284ms step_avg:52.90ms
step:857/1190 train_time:45354ms step_avg:52.92ms
step:858/1190 train_time:45434ms step_avg:52.95ms
step:859/1190 train_time:45504ms step_avg:52.97ms
step:860/1190 train_time:45583ms step_avg:53.00ms
step:861/1190 train_time:45653ms step_avg:53.02ms
step:862/1190 train_time:45732ms step_avg:53.05ms
step:863/1190 train_time:45804ms step_avg:53.07ms
step:864/1190 train_time:45883ms step_avg:53.11ms
step:865/1190 train_time:45954ms step_avg:53.13ms
step:866/1190 train_time:46033ms step_avg:53.16ms
step:867/1190 train_time:46104ms step_avg:53.18ms
step:868/1190 train_time:46183ms step_avg:53.21ms
step:869/1190 train_time:46254ms step_avg:53.23ms
step:870/1190 train_time:46333ms step_avg:53.26ms
step:871/1190 train_time:46404ms step_avg:53.28ms
step:872/1190 train_time:46483ms step_avg:53.31ms
step:873/1190 train_time:46554ms step_avg:53.33ms
step:874/1190 train_time:46633ms step_avg:53.36ms
step:875/1190 train_time:46703ms step_avg:53.38ms
step:876/1190 train_time:46783ms step_avg:53.41ms
step:877/1190 train_time:46854ms step_avg:53.43ms
step:878/1190 train_time:46932ms step_avg:53.45ms
step:879/1190 train_time:47003ms step_avg:53.47ms
step:880/1190 train_time:47082ms step_avg:53.50ms
step:881/1190 train_time:47153ms step_avg:53.52ms
step:882/1190 train_time:47232ms step_avg:53.55ms
step:883/1190 train_time:47304ms step_avg:53.57ms
step:884/1190 train_time:47382ms step_avg:53.60ms
step:885/1190 train_time:47453ms step_avg:53.62ms
step:886/1190 train_time:47534ms step_avg:53.65ms
step:887/1190 train_time:47620ms step_avg:53.69ms
step:888/1190 train_time:47700ms step_avg:53.72ms
step:889/1190 train_time:47772ms step_avg:53.74ms
step:890/1190 train_time:47852ms step_avg:53.77ms
step:891/1190 train_time:47922ms step_avg:53.78ms
step:892/1190 train_time:48002ms step_avg:53.81ms
step:893/1190 train_time:48072ms step_avg:53.83ms
step:894/1190 train_time:48152ms step_avg:53.86ms
step:895/1190 train_time:48221ms step_avg:53.88ms
step:896/1190 train_time:48299ms step_avg:53.91ms
step:897/1190 train_time:48370ms step_avg:53.92ms
step:898/1190 train_time:48450ms step_avg:53.95ms
step:899/1190 train_time:48521ms step_avg:53.97ms
step:900/1190 train_time:48601ms step_avg:54.00ms
step:901/1190 train_time:48673ms step_avg:54.02ms
step:902/1190 train_time:48753ms step_avg:54.05ms
step:903/1190 train_time:48824ms step_avg:54.07ms
step:904/1190 train_time:48903ms step_avg:54.10ms
step:905/1190 train_time:48974ms step_avg:54.11ms
step:906/1190 train_time:49053ms step_avg:54.14ms
step:907/1190 train_time:49124ms step_avg:54.16ms
step:908/1190 train_time:49203ms step_avg:54.19ms
step:909/1190 train_time:49274ms step_avg:54.21ms
step:910/1190 train_time:49354ms step_avg:54.23ms
step:911/1190 train_time:49423ms step_avg:54.25ms
step:912/1190 train_time:49502ms step_avg:54.28ms
step:913/1190 train_time:49575ms step_avg:54.30ms
step:914/1190 train_time:49654ms step_avg:54.33ms
step:915/1190 train_time:49723ms step_avg:54.34ms
step:916/1190 train_time:49802ms step_avg:54.37ms
step:917/1190 train_time:49874ms step_avg:54.39ms
step:918/1190 train_time:49953ms step_avg:54.41ms
step:919/1190 train_time:50023ms step_avg:54.43ms
step:920/1190 train_time:50102ms step_avg:54.46ms
step:921/1190 train_time:50173ms step_avg:54.48ms
step:922/1190 train_time:50253ms step_avg:54.50ms
step:923/1190 train_time:50323ms step_avg:54.52ms
step:924/1190 train_time:50401ms step_avg:54.55ms
step:925/1190 train_time:50473ms step_avg:54.57ms
step:926/1190 train_time:50552ms step_avg:54.59ms
step:927/1190 train_time:50623ms step_avg:54.61ms
step:928/1190 train_time:50703ms step_avg:54.64ms
step:929/1190 train_time:50774ms step_avg:54.65ms
step:930/1190 train_time:50853ms step_avg:54.68ms
step:931/1190 train_time:50923ms step_avg:54.70ms
step:932/1190 train_time:51002ms step_avg:54.72ms
step:933/1190 train_time:51073ms step_avg:54.74ms
step:934/1190 train_time:51152ms step_avg:54.77ms
step:935/1190 train_time:51223ms step_avg:54.78ms
step:936/1190 train_time:51302ms step_avg:54.81ms
step:937/1190 train_time:51374ms step_avg:54.83ms
step:938/1190 train_time:51453ms step_avg:54.85ms
step:939/1190 train_time:51524ms step_avg:54.87ms
step:940/1190 train_time:51603ms step_avg:54.90ms
step:941/1190 train_time:51675ms step_avg:54.92ms
step:942/1190 train_time:51754ms step_avg:54.94ms
step:943/1190 train_time:51826ms step_avg:54.96ms
step:944/1190 train_time:51905ms step_avg:54.98ms
step:945/1190 train_time:51976ms step_avg:55.00ms
step:946/1190 train_time:52054ms step_avg:55.03ms
step:947/1190 train_time:52126ms step_avg:55.04ms
step:948/1190 train_time:52206ms step_avg:55.07ms
step:949/1190 train_time:52277ms step_avg:55.09ms
step:950/1190 train_time:52356ms step_avg:55.11ms
step:951/1190 train_time:52428ms step_avg:55.13ms
step:952/1190 train_time:52507ms step_avg:55.15ms
step:953/1190 train_time:52578ms step_avg:55.17ms
step:954/1190 train_time:52656ms step_avg:55.20ms
step:955/1190 train_time:52727ms step_avg:55.21ms
step:956/1190 train_time:52808ms step_avg:55.24ms
step:957/1190 train_time:52878ms step_avg:55.25ms
step:958/1190 train_time:52957ms step_avg:55.28ms
step:959/1190 train_time:53027ms step_avg:55.29ms
step:960/1190 train_time:53105ms step_avg:55.32ms
step:961/1190 train_time:53177ms step_avg:55.34ms
step:962/1190 train_time:53257ms step_avg:55.36ms
step:963/1190 train_time:53327ms step_avg:55.38ms
step:964/1190 train_time:53407ms step_avg:55.40ms
step:965/1190 train_time:53478ms step_avg:55.42ms
step:966/1190 train_time:53556ms step_avg:55.44ms
step:967/1190 train_time:53627ms step_avg:55.46ms
step:968/1190 train_time:53708ms step_avg:55.48ms
step:969/1190 train_time:53779ms step_avg:55.50ms
step:970/1190 train_time:53858ms step_avg:55.52ms
step:971/1190 train_time:53928ms step_avg:55.54ms
step:972/1190 train_time:54008ms step_avg:55.56ms
step:973/1190 train_time:54079ms step_avg:55.58ms
step:974/1190 train_time:54159ms step_avg:55.60ms
step:975/1190 train_time:54229ms step_avg:55.62ms
step:976/1190 train_time:54308ms step_avg:55.64ms
step:977/1190 train_time:54379ms step_avg:55.66ms
step:978/1190 train_time:54458ms step_avg:55.68ms
step:979/1190 train_time:54529ms step_avg:55.70ms
step:980/1190 train_time:54607ms step_avg:55.72ms
step:981/1190 train_time:54679ms step_avg:55.74ms
step:982/1190 train_time:54758ms step_avg:55.76ms
step:983/1190 train_time:54829ms step_avg:55.78ms
step:984/1190 train_time:54909ms step_avg:55.80ms
step:985/1190 train_time:54979ms step_avg:55.82ms
step:986/1190 train_time:55059ms step_avg:55.84ms
step:987/1190 train_time:55129ms step_avg:55.86ms
step:988/1190 train_time:55209ms step_avg:55.88ms
step:989/1190 train_time:55280ms step_avg:55.90ms
step:990/1190 train_time:55360ms step_avg:55.92ms
step:991/1190 train_time:55431ms step_avg:55.93ms
step:992/1190 train_time:55510ms step_avg:55.96ms
step:993/1190 train_time:55581ms step_avg:55.97ms
step:994/1190 train_time:55659ms step_avg:55.99ms
step:995/1190 train_time:55731ms step_avg:56.01ms
step:996/1190 train_time:55810ms step_avg:56.03ms
step:997/1190 train_time:55881ms step_avg:56.05ms
step:998/1190 train_time:55961ms step_avg:56.07ms
step:999/1190 train_time:56031ms step_avg:56.09ms
step:1000/1190 train_time:56111ms step_avg:56.11ms
step:1000/1190 val_loss:3.34969878 train_time:56188ms step_avg:56.19ms
step:1001/1190 train_time:56216ms step_avg:56.16ms
step:1002/1190 train_time:56264ms step_avg:56.15ms
step:1003/1190 train_time:56337ms step_avg:56.17ms
step:1004/1190 train_time:56416ms step_avg:56.19ms
step:1005/1190 train_time:56489ms step_avg:56.21ms
step:1006/1190 train_time:56569ms step_avg:56.23ms
step:1007/1190 train_time:56639ms step_avg:56.24ms
step:1008/1190 train_time:56717ms step_avg:56.27ms
step:1009/1190 train_time:56788ms step_avg:56.28ms
step:1010/1190 train_time:56867ms step_avg:56.30ms
step:1011/1190 train_time:56937ms step_avg:56.32ms
step:1012/1190 train_time:57016ms step_avg:56.34ms
step:1013/1190 train_time:57087ms step_avg:56.35ms
step:1014/1190 train_time:57169ms step_avg:56.38ms
step:1015/1190 train_time:57239ms step_avg:56.39ms
step:1016/1190 train_time:57319ms step_avg:56.42ms
step:1017/1190 train_time:57391ms step_avg:56.43ms
step:1018/1190 train_time:57470ms step_avg:56.45ms
step:1019/1190 train_time:57541ms step_avg:56.47ms
step:1020/1190 train_time:57619ms step_avg:56.49ms
step:1021/1190 train_time:57690ms step_avg:56.50ms
step:1022/1190 train_time:57770ms step_avg:56.53ms
step:1023/1190 train_time:57840ms step_avg:56.54ms
step:1024/1190 train_time:57919ms step_avg:56.56ms
step:1025/1190 train_time:57989ms step_avg:56.58ms
step:1026/1190 train_time:58068ms step_avg:56.60ms
step:1027/1190 train_time:58139ms step_avg:56.61ms
step:1028/1190 train_time:58220ms step_avg:56.63ms
step:1029/1190 train_time:58290ms step_avg:56.65ms
step:1030/1190 train_time:58369ms step_avg:56.67ms
step:1031/1190 train_time:58440ms step_avg:56.68ms
step:1032/1190 train_time:58519ms step_avg:56.70ms
step:1033/1190 train_time:58591ms step_avg:56.72ms
step:1034/1190 train_time:58670ms step_avg:56.74ms
step:1035/1190 train_time:58742ms step_avg:56.76ms
step:1036/1190 train_time:58821ms step_avg:56.78ms
step:1037/1190 train_time:58892ms step_avg:56.79ms
step:1038/1190 train_time:58970ms step_avg:56.81ms
step:1039/1190 train_time:59041ms step_avg:56.82ms
step:1040/1190 train_time:59120ms step_avg:56.85ms
step:1041/1190 train_time:59191ms step_avg:56.86ms
step:1042/1190 train_time:59270ms step_avg:56.88ms
step:1043/1190 train_time:59341ms step_avg:56.89ms
step:1044/1190 train_time:59420ms step_avg:56.92ms
step:1045/1190 train_time:59492ms step_avg:56.93ms
step:1046/1190 train_time:59571ms step_avg:56.95ms
step:1047/1190 train_time:59642ms step_avg:56.96ms
step:1048/1190 train_time:59721ms step_avg:56.99ms
step:1049/1190 train_time:59792ms step_avg:57.00ms
step:1050/1190 train_time:59870ms step_avg:57.02ms
step:1051/1190 train_time:59941ms step_avg:57.03ms
step:1052/1190 train_time:60020ms step_avg:57.05ms
step:1053/1190 train_time:60091ms step_avg:57.07ms
step:1054/1190 train_time:60170ms step_avg:57.09ms
step:1055/1190 train_time:60241ms step_avg:57.10ms
step:1056/1190 train_time:60320ms step_avg:57.12ms
step:1057/1190 train_time:60391ms step_avg:57.13ms
step:1058/1190 train_time:60469ms step_avg:57.15ms
step:1059/1190 train_time:60541ms step_avg:57.17ms
step:1060/1190 train_time:60621ms step_avg:57.19ms
step:1061/1190 train_time:60692ms step_avg:57.20ms
step:1062/1190 train_time:60771ms step_avg:57.22ms
step:1063/1190 train_time:60842ms step_avg:57.24ms
step:1064/1190 train_time:60922ms step_avg:57.26ms
step:1065/1190 train_time:60992ms step_avg:57.27ms
step:1066/1190 train_time:61071ms step_avg:57.29ms
step:1067/1190 train_time:61142ms step_avg:57.30ms
step:1068/1190 train_time:61221ms step_avg:57.32ms
step:1069/1190 train_time:61291ms step_avg:57.34ms
step:1070/1190 train_time:61370ms step_avg:57.36ms
step:1071/1190 train_time:61441ms step_avg:57.37ms
step:1072/1190 train_time:61520ms step_avg:57.39ms
step:1073/1190 train_time:61592ms step_avg:57.40ms
step:1074/1190 train_time:61671ms step_avg:57.42ms
step:1075/1190 train_time:61742ms step_avg:57.43ms
step:1076/1190 train_time:61822ms step_avg:57.46ms
step:1077/1190 train_time:61893ms step_avg:57.47ms
step:1078/1190 train_time:61971ms step_avg:57.49ms
step:1079/1190 train_time:62042ms step_avg:57.50ms
step:1080/1190 train_time:62121ms step_avg:57.52ms
step:1081/1190 train_time:62191ms step_avg:57.53ms
step:1082/1190 train_time:62270ms step_avg:57.55ms
step:1083/1190 train_time:62341ms step_avg:57.56ms
step:1084/1190 train_time:62420ms step_avg:57.58ms
step:1085/1190 train_time:62492ms step_avg:57.60ms
step:1086/1190 train_time:62571ms step_avg:57.62ms
step:1087/1190 train_time:62641ms step_avg:57.63ms
step:1088/1190 train_time:62721ms step_avg:57.65ms
step:1089/1190 train_time:62792ms step_avg:57.66ms
step:1090/1190 train_time:62870ms step_avg:57.68ms
step:1091/1190 train_time:62942ms step_avg:57.69ms
step:1092/1190 train_time:63020ms step_avg:57.71ms
step:1093/1190 train_time:63092ms step_avg:57.72ms
step:1094/1190 train_time:63171ms step_avg:57.74ms
step:1095/1190 train_time:63242ms step_avg:57.76ms
step:1096/1190 train_time:63321ms step_avg:57.77ms
step:1097/1190 train_time:63394ms step_avg:57.79ms
step:1098/1190 train_time:63473ms step_avg:57.81ms
step:1099/1190 train_time:63610ms step_avg:57.88ms
step:1100/1190 train_time:63691ms step_avg:57.90ms
step:1101/1190 train_time:63765ms step_avg:57.92ms
step:1102/1190 train_time:63847ms step_avg:57.94ms
step:1103/1190 train_time:63913ms step_avg:57.94ms
step:1104/1190 train_time:63992ms step_avg:57.96ms
step:1105/1190 train_time:64064ms step_avg:57.98ms
step:1106/1190 train_time:64142ms step_avg:57.99ms
step:1107/1190 train_time:64212ms step_avg:58.01ms
step:1108/1190 train_time:64291ms step_avg:58.02ms
step:1109/1190 train_time:64361ms step_avg:58.04ms
step:1110/1190 train_time:64440ms step_avg:58.05ms
step:1111/1190 train_time:64511ms step_avg:58.07ms
step:1112/1190 train_time:64591ms step_avg:58.09ms
step:1113/1190 train_time:64665ms step_avg:58.10ms
step:1114/1190 train_time:64742ms step_avg:58.12ms
step:1115/1190 train_time:64812ms step_avg:58.13ms
step:1116/1190 train_time:64890ms step_avg:58.15ms
step:1117/1190 train_time:64962ms step_avg:58.16ms
step:1118/1190 train_time:65042ms step_avg:58.18ms
step:1119/1190 train_time:65112ms step_avg:58.19ms
step:1120/1190 train_time:65191ms step_avg:58.21ms
step:1121/1190 train_time:65262ms step_avg:58.22ms
step:1122/1190 train_time:65341ms step_avg:58.24ms
step:1123/1190 train_time:65412ms step_avg:58.25ms
step:1124/1190 train_time:65490ms step_avg:58.26ms
step:1125/1190 train_time:65562ms step_avg:58.28ms
step:1126/1190 train_time:65642ms step_avg:58.30ms
step:1127/1190 train_time:65713ms step_avg:58.31ms
step:1128/1190 train_time:65793ms step_avg:58.33ms
step:1129/1190 train_time:65863ms step_avg:58.34ms
step:1130/1190 train_time:65945ms step_avg:58.36ms
step:1131/1190 train_time:66015ms step_avg:58.37ms
step:1132/1190 train_time:66096ms step_avg:58.39ms
step:1133/1190 train_time:66168ms step_avg:58.40ms
step:1134/1190 train_time:66247ms step_avg:58.42ms
step:1135/1190 train_time:66318ms step_avg:58.43ms
step:1136/1190 train_time:66398ms step_avg:58.45ms
step:1137/1190 train_time:66468ms step_avg:58.46ms
step:1138/1190 train_time:66548ms step_avg:58.48ms
step:1139/1190 train_time:66619ms step_avg:58.49ms
step:1140/1190 train_time:66699ms step_avg:58.51ms
step:1141/1190 train_time:66771ms step_avg:58.52ms
step:1142/1190 train_time:66851ms step_avg:58.54ms
step:1143/1190 train_time:66922ms step_avg:58.55ms
step:1144/1190 train_time:67002ms step_avg:58.57ms
step:1145/1190 train_time:67072ms step_avg:58.58ms
step:1146/1190 train_time:67152ms step_avg:58.60ms
step:1147/1190 train_time:67224ms step_avg:58.61ms
step:1148/1190 train_time:67304ms step_avg:58.63ms
step:1149/1190 train_time:67374ms step_avg:58.64ms
step:1150/1190 train_time:67454ms step_avg:58.66ms
step:1151/1190 train_time:67524ms step_avg:58.67ms
step:1152/1190 train_time:67603ms step_avg:58.68ms
step:1153/1190 train_time:67675ms step_avg:58.69ms
step:1154/1190 train_time:67754ms step_avg:58.71ms
step:1155/1190 train_time:67825ms step_avg:58.72ms
step:1156/1190 train_time:67905ms step_avg:58.74ms
step:1157/1190 train_time:67977ms step_avg:58.75ms
step:1158/1190 train_time:68056ms step_avg:58.77ms
step:1159/1190 train_time:68128ms step_avg:58.78ms
step:1160/1190 train_time:68207ms step_avg:58.80ms
step:1161/1190 train_time:68278ms step_avg:58.81ms
step:1162/1190 train_time:68358ms step_avg:58.83ms
step:1163/1190 train_time:68429ms step_avg:58.84ms
step:1164/1190 train_time:68507ms step_avg:58.85ms
step:1165/1190 train_time:68579ms step_avg:58.87ms
step:1166/1190 train_time:68659ms step_avg:58.88ms
step:1167/1190 train_time:68731ms step_avg:58.90ms
step:1168/1190 train_time:68810ms step_avg:58.91ms
step:1169/1190 train_time:68881ms step_avg:58.92ms
step:1170/1190 train_time:68960ms step_avg:58.94ms
step:1171/1190 train_time:69033ms step_avg:58.95ms
step:1172/1190 train_time:69112ms step_avg:58.97ms
step:1173/1190 train_time:69182ms step_avg:58.98ms
step:1174/1190 train_time:69263ms step_avg:59.00ms
step:1175/1190 train_time:69335ms step_avg:59.01ms
step:1176/1190 train_time:69414ms step_avg:59.03ms
step:1177/1190 train_time:69486ms step_avg:59.04ms
step:1178/1190 train_time:69566ms step_avg:59.05ms
step:1179/1190 train_time:69637ms step_avg:59.06ms
step:1180/1190 train_time:69717ms step_avg:59.08ms
step:1181/1190 train_time:69787ms step_avg:59.09ms
step:1182/1190 train_time:69866ms step_avg:59.11ms
step:1183/1190 train_time:69937ms step_avg:59.12ms
step:1184/1190 train_time:70017ms step_avg:59.14ms
step:1185/1190 train_time:70088ms step_avg:59.15ms
step:1186/1190 train_time:70167ms step_avg:59.16ms
step:1187/1190 train_time:70238ms step_avg:59.17ms
step:1188/1190 train_time:70317ms step_avg:59.19ms
step:1189/1190 train_time:70389ms step_avg:59.20ms
step:1190/1190 train_time:70469ms step_avg:59.22ms
step:1190/1190 val_loss:3.27608037 train_time:70545ms step_avg:59.28ms
peak memory allocated: 32011 MiB reserved: 42360 MiB
