HARNESS_TRAINING_ENV={"OMP_NUM_THREADS": "1", "MKL_NUM_THREADS": "1", "torch_num_threads": 1, "torch_num_interop_threads": 47}
[Gloo] Rank [Gloo] Rank 20 is connected to  is connected to 77 peer ranks. Expected number of connected peer ranks is :  peer ranks. Expected number of connected peer ranks is : 77

[Gloo] Rank 4 is connected to 7 peer ranks. Expected number of connected peer ranks is : 7
[Gloo] Rank 6 is connected to 7 peer ranks. Expected number of connected peer ranks is : 7
[Gloo] Rank 1 is connected to 7 peer ranks. Expected number of connected peer ranks is : 7
[Gloo] Rank 3 is connected to 7 peer ranks. Expected number of connected peer ranks is : 7
[Gloo] Rank 5 is connected to 7 peer ranks. Expected number of connected peer ranks is : 7
[Gloo] Rank 7 is connected to 7 peer ranks. Expected number of connected peer ranks is : 7
/workspace/train_gpt.py:1084: UserWarning: Skipping publisher trust check for 'kernels-community/flash-attn3' because Hugging Face Hub is in offline mode.
  flash_attn_interface = get_kernel('kernels-community/flash-attn3', version=1).flash_attn_interface
/workspace/train_gpt.py:1084: UserWarning: Skipping publisher trust check for 'kernels-community/flash-attn3' because Hugging Face Hub is in offline mode.
  flash_attn_interface = get_kernel('kernels-community/flash-attn3', version=1).flash_attn_interface
/workspace/train_gpt.py:1084: UserWarning: Skipping publisher trust check for 'kernels-community/flash-attn3' because Hugging Face Hub is in offline mode.
  flash_attn_interface = get_kernel('kernels-community/flash-attn3', version=1).flash_attn_interface
/workspace/train_gpt.py:1084: UserWarning: Skipping publisher trust check for 'kernels-community/flash-attn3' because Hugging Face Hub is in offline mode.
  flash_attn_interface = get_kernel('kernels-community/flash-attn3', version=1).flash_attn_interface
/workspace/train_gpt.py:1084: UserWarning: Skipping publisher trust check for 'kernels-community/flash-attn3' because Hugging Face Hub is in offline mode.
  flash_attn_interface = get_kernel('kernels-community/flash-attn3', version=1).flash_attn_interface
/workspace/train_gpt.py:1084: UserWarning: Skipping publisher trust check for 'kernels-community/flash-attn3' because Hugging Face Hub is in offline mode.
  flash_attn_interface = get_kernel('kernels-community/flash-attn3', version=1).flash_attn_interface
/workspace/train_gpt.py:1084: UserWarning: Skipping publisher trust check for 'kernels-community/flash-attn3' because Hugging Face Hub is in offline mode.
  flash_attn_interface = get_kernel('kernels-community/flash-attn3', version=1).flash_attn_interface
/workspace/train_gpt.py:1084: UserWarning: Skipping publisher trust check for 'kernels-community/flash-attn3' because Hugging Face Hub is in offline mode.
  flash_attn_interface = get_kernel('kernels-community/flash-attn3', version=1).flash_attn_interface
logs/c2badcea-4110-49cb-80c0-ede967a7edd8.txt
Compiling model and warming up kernels (~7 minutes on first execution)
Sampling steps [0, 1, 281, 282, 283, 284, 705, 706, 707, 708, 1128, 1129, 1130, 1131] for warmup
Resetting Model
step:0/1190 val_loss:10.82645416 train_time:53ms step_avg:52.89ms
step:1/1190 train_time:164ms step_avg:164.21ms
step:2/1190 train_time:239ms step_avg:119.43ms
step:3/1190 train_time:274ms step_avg:91.45ms
step:4/1190 train_time:313ms step_avg:78.27ms
step:5/1190 train_time:345ms step_avg:68.92ms
step:6/1190 train_time:382ms step_avg:63.63ms
step:7/1190 train_time:413ms step_avg:58.99ms
step:8/1190 train_time:459ms step_avg:57.43ms
step:9/1190 train_time:495ms step_avg:54.97ms
step:10/1190 train_time:542ms step_avg:54.24ms
step:11/1190 train_time:576ms step_avg:52.38ms
step:12/1190 train_time:624ms step_avg:52.00ms
step:13/1190 train_time:658ms step_avg:50.59ms
step:14/1190 train_time:705ms step_avg:50.33ms
step:15/1190 train_time:739ms step_avg:49.30ms
step:16/1190 train_time:786ms step_avg:49.12ms
step:17/1190 train_time:821ms step_avg:48.29ms
step:18/1190 train_time:868ms step_avg:48.20ms
step:19/1190 train_time:902ms step_avg:47.49ms
step:20/1190 train_time:950ms step_avg:47.49ms
step:21/1190 train_time:985ms step_avg:46.88ms
step:22/1190 train_time:1031ms step_avg:46.85ms
step:23/1190 train_time:1067ms step_avg:46.38ms
step:24/1190 train_time:1112ms step_avg:46.34ms
step:25/1190 train_time:1148ms step_avg:45.91ms
step:26/1190 train_time:1195ms step_avg:45.98ms
step:27/1190 train_time:1230ms step_avg:45.55ms
step:28/1190 train_time:1276ms step_avg:45.58ms
step:29/1190 train_time:1312ms step_avg:45.24ms
step:30/1190 train_time:1358ms step_avg:45.25ms
step:31/1190 train_time:1394ms step_avg:44.97ms
step:32/1190 train_time:1441ms step_avg:45.02ms
step:33/1190 train_time:1475ms step_avg:44.70ms
step:34/1190 train_time:1522ms step_avg:44.77ms
step:35/1190 train_time:1557ms step_avg:44.48ms
step:36/1190 train_time:1605ms step_avg:44.57ms
step:37/1190 train_time:1638ms step_avg:44.28ms
step:38/1190 train_time:1684ms step_avg:44.32ms
step:39/1190 train_time:1720ms step_avg:44.10ms
step:40/1190 train_time:1766ms step_avg:44.16ms
step:41/1190 train_time:1802ms step_avg:43.96ms
step:42/1190 train_time:1848ms step_avg:44.00ms
step:43/1190 train_time:1884ms step_avg:43.80ms
step:44/1190 train_time:1930ms step_avg:43.86ms
step:45/1190 train_time:1965ms step_avg:43.67ms
step:46/1190 train_time:2012ms step_avg:43.75ms
step:47/1190 train_time:2047ms step_avg:43.56ms
step:48/1190 train_time:2093ms step_avg:43.60ms
step:49/1190 train_time:2129ms step_avg:43.45ms
step:50/1190 train_time:2175ms step_avg:43.50ms
step:51/1190 train_time:2211ms step_avg:43.35ms
step:52/1190 train_time:2257ms step_avg:43.41ms
step:53/1190 train_time:2293ms step_avg:43.26ms
step:54/1190 train_time:2339ms step_avg:43.32ms
step:55/1190 train_time:2374ms step_avg:43.17ms
step:56/1190 train_time:2421ms step_avg:43.23ms
step:57/1190 train_time:2456ms step_avg:43.09ms
step:58/1190 train_time:2504ms step_avg:43.17ms
step:59/1190 train_time:2537ms step_avg:43.01ms
step:60/1190 train_time:2583ms step_avg:43.06ms
step:61/1190 train_time:2620ms step_avg:42.95ms
step:62/1190 train_time:2666ms step_avg:43.00ms
step:63/1190 train_time:2701ms step_avg:42.87ms
step:64/1190 train_time:2748ms step_avg:42.93ms
step:65/1190 train_time:2783ms step_avg:42.82ms
step:66/1190 train_time:2829ms step_avg:42.86ms
step:67/1190 train_time:2865ms step_avg:42.76ms
step:68/1190 train_time:2912ms step_avg:42.82ms
step:69/1190 train_time:2947ms step_avg:42.71ms
step:70/1190 train_time:2993ms step_avg:42.75ms
step:71/1190 train_time:3029ms step_avg:42.66ms
step:72/1190 train_time:3074ms step_avg:42.69ms
step:73/1190 train_time:3111ms step_avg:42.61ms
step:74/1190 train_time:3156ms step_avg:42.65ms
step:75/1190 train_time:3192ms step_avg:42.56ms
step:76/1190 train_time:3239ms step_avg:42.62ms
step:77/1190 train_time:3274ms step_avg:42.52ms
step:78/1190 train_time:3321ms step_avg:42.58ms
step:79/1190 train_time:3356ms step_avg:42.48ms
step:80/1190 train_time:3402ms step_avg:42.53ms
step:81/1190 train_time:3438ms step_avg:42.44ms
step:82/1190 train_time:3484ms step_avg:42.48ms
step:83/1190 train_time:3519ms step_avg:42.39ms
step:84/1190 train_time:3566ms step_avg:42.45ms
step:85/1190 train_time:3601ms step_avg:42.36ms
step:86/1190 train_time:3647ms step_avg:42.41ms
step:87/1190 train_time:3682ms step_avg:42.32ms
step:88/1190 train_time:3728ms step_avg:42.37ms
step:89/1190 train_time:3764ms step_avg:42.29ms
step:90/1190 train_time:3810ms step_avg:42.33ms
step:91/1190 train_time:3845ms step_avg:42.25ms
step:92/1190 train_time:3892ms step_avg:42.30ms
step:93/1190 train_time:3927ms step_avg:42.23ms
step:94/1190 train_time:3974ms step_avg:42.27ms
step:95/1190 train_time:4008ms step_avg:42.19ms
step:96/1190 train_time:4055ms step_avg:42.24ms
step:97/1190 train_time:4090ms step_avg:42.17ms
step:98/1190 train_time:4137ms step_avg:42.22ms
step:99/1190 train_time:4172ms step_avg:42.14ms
step:100/1190 train_time:4220ms step_avg:42.20ms
step:101/1190 train_time:4254ms step_avg:42.12ms
step:102/1190 train_time:4300ms step_avg:42.16ms
step:103/1190 train_time:4335ms step_avg:42.09ms
step:104/1190 train_time:4383ms step_avg:42.14ms
step:105/1190 train_time:4417ms step_avg:42.07ms
step:106/1190 train_time:4464ms step_avg:42.12ms
step:107/1190 train_time:4499ms step_avg:42.05ms
step:108/1190 train_time:4545ms step_avg:42.09ms
step:109/1190 train_time:4580ms step_avg:42.02ms
step:110/1190 train_time:4627ms step_avg:42.06ms
step:111/1190 train_time:4662ms step_avg:42.00ms
step:112/1190 train_time:4707ms step_avg:42.03ms
step:113/1190 train_time:4744ms step_avg:41.98ms
step:114/1190 train_time:4789ms step_avg:42.01ms
step:115/1190 train_time:4826ms step_avg:41.96ms
step:116/1190 train_time:4872ms step_avg:42.00ms
step:117/1190 train_time:4907ms step_avg:41.94ms
step:118/1190 train_time:4954ms step_avg:41.99ms
step:119/1190 train_time:4989ms step_avg:41.92ms
step:120/1190 train_time:5035ms step_avg:41.96ms
step:121/1190 train_time:5071ms step_avg:41.91ms
step:122/1190 train_time:5116ms step_avg:41.93ms
step:123/1190 train_time:5152ms step_avg:41.89ms
step:124/1190 train_time:5198ms step_avg:41.92ms
step:125/1190 train_time:5235ms step_avg:41.88ms
step:126/1190 train_time:5280ms step_avg:41.90ms
step:127/1190 train_time:5316ms step_avg:41.86ms
step:128/1190 train_time:5362ms step_avg:41.89ms
step:129/1190 train_time:5398ms step_avg:41.84ms
step:130/1190 train_time:5444ms step_avg:41.88ms
step:131/1190 train_time:5479ms step_avg:41.83ms
step:132/1190 train_time:5525ms step_avg:41.86ms
step:133/1190 train_time:5560ms step_avg:41.81ms
step:134/1190 train_time:5606ms step_avg:41.84ms
step:135/1190 train_time:5643ms step_avg:41.80ms
step:136/1190 train_time:5689ms step_avg:41.83ms
step:137/1190 train_time:5724ms step_avg:41.78ms
step:138/1190 train_time:5771ms step_avg:41.82ms
step:139/1190 train_time:5806ms step_avg:41.77ms
step:140/1190 train_time:5852ms step_avg:41.80ms
step:141/1190 train_time:5887ms step_avg:41.75ms
step:142/1190 train_time:5934ms step_avg:41.79ms
step:143/1190 train_time:5969ms step_avg:41.74ms
step:144/1190 train_time:6016ms step_avg:41.77ms
step:145/1190 train_time:6051ms step_avg:41.73ms
step:146/1190 train_time:6097ms step_avg:41.76ms
step:147/1190 train_time:6133ms step_avg:41.72ms
step:148/1190 train_time:6179ms step_avg:41.75ms
step:149/1190 train_time:6214ms step_avg:41.70ms
step:150/1190 train_time:6260ms step_avg:41.73ms
step:151/1190 train_time:6295ms step_avg:41.69ms
step:152/1190 train_time:6343ms step_avg:41.73ms
step:153/1190 train_time:6377ms step_avg:41.68ms
step:154/1190 train_time:6423ms step_avg:41.71ms
step:155/1190 train_time:6458ms step_avg:41.67ms
step:156/1190 train_time:6505ms step_avg:41.70ms
step:157/1190 train_time:6540ms step_avg:41.66ms
step:158/1190 train_time:6587ms step_avg:41.69ms
step:159/1190 train_time:6622ms step_avg:41.65ms
step:160/1190 train_time:6668ms step_avg:41.67ms
step:161/1190 train_time:6703ms step_avg:41.64ms
step:162/1190 train_time:6749ms step_avg:41.66ms
step:163/1190 train_time:6785ms step_avg:41.63ms
step:164/1190 train_time:6831ms step_avg:41.65ms
step:165/1190 train_time:6867ms step_avg:41.62ms
step:166/1190 train_time:6913ms step_avg:41.64ms
step:167/1190 train_time:6949ms step_avg:41.61ms
step:168/1190 train_time:6995ms step_avg:41.64ms
step:169/1190 train_time:7030ms step_avg:41.60ms
step:170/1190 train_time:7077ms step_avg:41.63ms
step:171/1190 train_time:7112ms step_avg:41.59ms
step:172/1190 train_time:7159ms step_avg:41.62ms
step:173/1190 train_time:7194ms step_avg:41.58ms
step:174/1190 train_time:7241ms step_avg:41.62ms
step:175/1190 train_time:7276ms step_avg:41.57ms
step:176/1190 train_time:7321ms step_avg:41.60ms
step:177/1190 train_time:7358ms step_avg:41.57ms
step:178/1190 train_time:7402ms step_avg:41.59ms
step:179/1190 train_time:7438ms step_avg:41.55ms
step:180/1190 train_time:7484ms step_avg:41.58ms
step:181/1190 train_time:7520ms step_avg:41.55ms
step:182/1190 train_time:7566ms step_avg:41.57ms
step:183/1190 train_time:7602ms step_avg:41.54ms
step:184/1190 train_time:7648ms step_avg:41.57ms
step:185/1190 train_time:7683ms step_avg:41.53ms
step:186/1190 train_time:7729ms step_avg:41.56ms
step:187/1190 train_time:7765ms step_avg:41.52ms
step:188/1190 train_time:7810ms step_avg:41.54ms
step:189/1190 train_time:7847ms step_avg:41.52ms
step:190/1190 train_time:7893ms step_avg:41.54ms
step:191/1190 train_time:7928ms step_avg:41.51ms
step:192/1190 train_time:7974ms step_avg:41.53ms
step:193/1190 train_time:8009ms step_avg:41.50ms
step:194/1190 train_time:8056ms step_avg:41.52ms
step:195/1190 train_time:8091ms step_avg:41.49ms
step:196/1190 train_time:8136ms step_avg:41.51ms
step:197/1190 train_time:8172ms step_avg:41.48ms
step:198/1190 train_time:8219ms step_avg:41.51ms
step:199/1190 train_time:8254ms step_avg:41.48ms
step:200/1190 train_time:8300ms step_avg:41.50ms
step:201/1190 train_time:8336ms step_avg:41.47ms
step:202/1190 train_time:8382ms step_avg:41.50ms
step:203/1190 train_time:8417ms step_avg:41.46ms
step:204/1190 train_time:8463ms step_avg:41.49ms
step:205/1190 train_time:8499ms step_avg:41.46ms
step:206/1190 train_time:8546ms step_avg:41.48ms
step:207/1190 train_time:8580ms step_avg:41.45ms
step:208/1190 train_time:8626ms step_avg:41.47ms
step:209/1190 train_time:8661ms step_avg:41.44ms
step:210/1190 train_time:8707ms step_avg:41.46ms
step:211/1190 train_time:8743ms step_avg:41.43ms
step:212/1190 train_time:8789ms step_avg:41.46ms
step:213/1190 train_time:8825ms step_avg:41.43ms
step:214/1190 train_time:8871ms step_avg:41.45ms
step:215/1190 train_time:8906ms step_avg:41.42ms
step:216/1190 train_time:8954ms step_avg:41.45ms
step:217/1190 train_time:8988ms step_avg:41.42ms
step:218/1190 train_time:9034ms step_avg:41.44ms
step:219/1190 train_time:9069ms step_avg:41.41ms
step:220/1190 train_time:9115ms step_avg:41.43ms
step:221/1190 train_time:9151ms step_avg:41.41ms
step:222/1190 train_time:9198ms step_avg:41.43ms
step:223/1190 train_time:9233ms step_avg:41.40ms
step:224/1190 train_time:9280ms step_avg:41.43ms
step:225/1190 train_time:9314ms step_avg:41.40ms
step:226/1190 train_time:9361ms step_avg:41.42ms
step:227/1190 train_time:9395ms step_avg:41.39ms
step:228/1190 train_time:9442ms step_avg:41.41ms
step:229/1190 train_time:9477ms step_avg:41.39ms
step:230/1190 train_time:9523ms step_avg:41.40ms
step:231/1190 train_time:9559ms step_avg:41.38ms
step:232/1190 train_time:9605ms step_avg:41.40ms
step:233/1190 train_time:9640ms step_avg:41.38ms
step:234/1190 train_time:9687ms step_avg:41.40ms
step:235/1190 train_time:9722ms step_avg:41.37ms
step:236/1190 train_time:9769ms step_avg:41.39ms
step:237/1190 train_time:9803ms step_avg:41.36ms
step:238/1190 train_time:9849ms step_avg:41.38ms
step:239/1190 train_time:9885ms step_avg:41.36ms
step:240/1190 train_time:9931ms step_avg:41.38ms
step:241/1190 train_time:9966ms step_avg:41.35ms
step:242/1190 train_time:10011ms step_avg:41.37ms
step:243/1190 train_time:10047ms step_avg:41.35ms
step:244/1190 train_time:10093ms step_avg:41.36ms
step:245/1190 train_time:10129ms step_avg:41.34ms
step:246/1190 train_time:10175ms step_avg:41.36ms
step:247/1190 train_time:10210ms step_avg:41.34ms
step:248/1190 train_time:10257ms step_avg:41.36ms
step:249/1190 train_time:10292ms step_avg:41.33ms
step:250/1190 train_time:10338ms step_avg:41.35ms
step:250/1190 val_loss:4.38303328 train_time:10378ms step_avg:41.51ms
step:251/1190 train_time:10406ms step_avg:41.46ms
step:252/1190 train_time:10438ms step_avg:41.42ms
step:253/1190 train_time:10462ms step_avg:41.35ms
step:254/1190 train_time:10505ms step_avg:41.36ms
step:255/1190 train_time:10542ms step_avg:41.34ms
step:256/1190 train_time:10588ms step_avg:41.36ms
step:257/1190 train_time:10626ms step_avg:41.35ms
step:258/1190 train_time:10672ms step_avg:41.36ms
step:259/1190 train_time:10708ms step_avg:41.35ms
step:260/1190 train_time:10754ms step_avg:41.36ms
step:261/1190 train_time:10790ms step_avg:41.34ms
step:262/1190 train_time:10836ms step_avg:41.36ms
step:263/1190 train_time:10871ms step_avg:41.33ms
step:264/1190 train_time:10917ms step_avg:41.35ms
step:265/1190 train_time:10953ms step_avg:41.33ms
step:266/1190 train_time:10999ms step_avg:41.35ms
step:267/1190 train_time:11034ms step_avg:41.33ms
step:268/1190 train_time:11081ms step_avg:41.35ms
step:269/1190 train_time:11116ms step_avg:41.32ms
step:270/1190 train_time:11162ms step_avg:41.34ms
step:271/1190 train_time:11197ms step_avg:41.32ms
step:272/1190 train_time:11243ms step_avg:41.33ms
step:273/1190 train_time:11279ms step_avg:41.31ms
step:274/1190 train_time:11325ms step_avg:41.33ms
step:275/1190 train_time:11360ms step_avg:41.31ms
step:276/1190 train_time:11407ms step_avg:41.33ms
step:277/1190 train_time:11441ms step_avg:41.30ms
step:278/1190 train_time:11488ms step_avg:41.32ms
step:279/1190 train_time:11522ms step_avg:41.30ms
step:280/1190 train_time:11569ms step_avg:41.32ms
step:281/1190 train_time:11604ms step_avg:41.30ms
step:282/1190 train_time:11650ms step_avg:41.31ms
step:283/1190 train_time:11686ms step_avg:41.29ms
step:284/1190 train_time:11732ms step_avg:41.31ms
step:285/1190 train_time:11783ms step_avg:41.34ms
step:286/1190 train_time:11840ms step_avg:41.40ms
step:287/1190 train_time:11887ms step_avg:41.42ms
step:288/1190 train_time:11945ms step_avg:41.47ms
step:289/1190 train_time:11991ms step_avg:41.49ms
step:290/1190 train_time:12049ms step_avg:41.55ms
step:291/1190 train_time:12096ms step_avg:41.57ms
step:292/1190 train_time:12154ms step_avg:41.62ms
step:293/1190 train_time:12201ms step_avg:41.64ms
step:294/1190 train_time:12258ms step_avg:41.69ms
step:295/1190 train_time:12306ms step_avg:41.71ms
step:296/1190 train_time:12364ms step_avg:41.77ms
step:297/1190 train_time:12410ms step_avg:41.79ms
step:298/1190 train_time:12468ms step_avg:41.84ms
step:299/1190 train_time:12515ms step_avg:41.86ms
step:300/1190 train_time:12573ms step_avg:41.91ms
step:301/1190 train_time:12621ms step_avg:41.93ms
step:302/1190 train_time:12679ms step_avg:41.98ms
step:303/1190 train_time:12726ms step_avg:42.00ms
step:304/1190 train_time:12784ms step_avg:42.05ms
step:305/1190 train_time:12832ms step_avg:42.07ms
step:306/1190 train_time:12889ms step_avg:42.12ms
step:307/1190 train_time:12937ms step_avg:42.14ms
step:308/1190 train_time:12995ms step_avg:42.19ms
step:309/1190 train_time:13041ms step_avg:42.21ms
step:310/1190 train_time:13099ms step_avg:42.25ms
step:311/1190 train_time:13147ms step_avg:42.27ms
step:312/1190 train_time:13204ms step_avg:42.32ms
step:313/1190 train_time:13252ms step_avg:42.34ms
step:314/1190 train_time:13309ms step_avg:42.39ms
step:315/1190 train_time:13357ms step_avg:42.40ms
step:316/1190 train_time:13414ms step_avg:42.45ms
step:317/1190 train_time:13462ms step_avg:42.47ms
step:318/1190 train_time:13519ms step_avg:42.51ms
step:319/1190 train_time:13567ms step_avg:42.53ms
step:320/1190 train_time:13624ms step_avg:42.57ms
step:321/1190 train_time:13671ms step_avg:42.59ms
step:322/1190 train_time:13729ms step_avg:42.64ms
step:323/1190 train_time:13776ms step_avg:42.65ms
step:324/1190 train_time:13834ms step_avg:42.70ms
step:325/1190 train_time:13881ms step_avg:42.71ms
step:326/1190 train_time:13940ms step_avg:42.76ms
step:327/1190 train_time:13987ms step_avg:42.77ms
step:328/1190 train_time:14045ms step_avg:42.82ms
step:329/1190 train_time:14091ms step_avg:42.83ms
step:330/1190 train_time:14149ms step_avg:42.88ms
step:331/1190 train_time:14198ms step_avg:42.89ms
step:332/1190 train_time:14253ms step_avg:42.93ms
step:333/1190 train_time:14301ms step_avg:42.95ms
step:334/1190 train_time:14359ms step_avg:42.99ms
step:335/1190 train_time:14406ms step_avg:43.00ms
step:336/1190 train_time:14464ms step_avg:43.05ms
step:337/1190 train_time:14637ms step_avg:43.43ms
step:338/1190 train_time:14676ms step_avg:43.42ms
step:339/1190 train_time:14709ms step_avg:43.39ms
step:340/1190 train_time:14753ms step_avg:43.39ms
step:341/1190 train_time:14799ms step_avg:43.40ms
step:342/1190 train_time:14857ms step_avg:43.44ms
step:343/1190 train_time:14905ms step_avg:43.45ms
step:344/1190 train_time:14963ms step_avg:43.50ms
step:345/1190 train_time:15008ms step_avg:43.50ms
step:346/1190 train_time:15066ms step_avg:43.54ms
step:347/1190 train_time:15113ms step_avg:43.55ms
step:348/1190 train_time:15170ms step_avg:43.59ms
step:349/1190 train_time:15217ms step_avg:43.60ms
step:350/1190 train_time:15275ms step_avg:43.64ms
step:351/1190 train_time:15323ms step_avg:43.66ms
step:352/1190 train_time:15380ms step_avg:43.69ms
step:353/1190 train_time:15427ms step_avg:43.70ms
step:354/1190 train_time:15485ms step_avg:43.74ms
step:355/1190 train_time:15532ms step_avg:43.75ms
step:356/1190 train_time:15590ms step_avg:43.79ms
step:357/1190 train_time:15639ms step_avg:43.81ms
step:358/1190 train_time:15697ms step_avg:43.85ms
step:359/1190 train_time:15745ms step_avg:43.86ms
step:360/1190 train_time:15803ms step_avg:43.90ms
step:361/1190 train_time:15850ms step_avg:43.91ms
step:362/1190 train_time:15907ms step_avg:43.94ms
step:363/1190 train_time:15955ms step_avg:43.95ms
step:364/1190 train_time:16012ms step_avg:43.99ms
step:365/1190 train_time:16060ms step_avg:44.00ms
step:366/1190 train_time:16118ms step_avg:44.04ms
step:367/1190 train_time:16165ms step_avg:44.05ms
step:368/1190 train_time:16223ms step_avg:44.08ms
step:369/1190 train_time:16270ms step_avg:44.09ms
step:370/1190 train_time:16327ms step_avg:44.13ms
step:371/1190 train_time:16374ms step_avg:44.14ms
step:372/1190 train_time:16432ms step_avg:44.17ms
step:373/1190 train_time:16479ms step_avg:44.18ms
step:374/1190 train_time:16537ms step_avg:44.22ms
step:375/1190 train_time:16585ms step_avg:44.23ms
step:376/1190 train_time:16642ms step_avg:44.26ms
step:377/1190 train_time:16690ms step_avg:44.27ms
step:378/1190 train_time:16748ms step_avg:44.31ms
step:379/1190 train_time:16795ms step_avg:44.31ms
step:380/1190 train_time:16853ms step_avg:44.35ms
step:381/1190 train_time:16900ms step_avg:44.36ms
step:382/1190 train_time:16958ms step_avg:44.39ms
step:383/1190 train_time:17006ms step_avg:44.40ms
step:384/1190 train_time:17063ms step_avg:44.43ms
step:385/1190 train_time:17110ms step_avg:44.44ms
step:386/1190 train_time:17168ms step_avg:44.48ms
step:387/1190 train_time:17215ms step_avg:44.48ms
step:388/1190 train_time:17272ms step_avg:44.51ms
step:389/1190 train_time:17320ms step_avg:44.52ms
step:390/1190 train_time:17377ms step_avg:44.56ms
step:391/1190 train_time:17426ms step_avg:44.57ms
step:392/1190 train_time:17483ms step_avg:44.60ms
step:393/1190 train_time:17530ms step_avg:44.61ms
step:394/1190 train_time:17587ms step_avg:44.64ms
step:395/1190 train_time:17635ms step_avg:44.65ms
step:396/1190 train_time:17694ms step_avg:44.68ms
step:397/1190 train_time:17741ms step_avg:44.69ms
step:398/1190 train_time:17798ms step_avg:44.72ms
step:399/1190 train_time:17846ms step_avg:44.73ms
step:400/1190 train_time:17903ms step_avg:44.76ms
step:401/1190 train_time:17950ms step_avg:44.76ms
step:402/1190 train_time:18008ms step_avg:44.79ms
step:403/1190 train_time:18055ms step_avg:44.80ms
step:404/1190 train_time:18112ms step_avg:44.83ms
step:405/1190 train_time:18161ms step_avg:44.84ms
step:406/1190 train_time:18218ms step_avg:44.87ms
step:407/1190 train_time:18265ms step_avg:44.88ms
step:408/1190 train_time:18324ms step_avg:44.91ms
step:409/1190 train_time:18370ms step_avg:44.92ms
step:410/1190 train_time:18428ms step_avg:44.95ms
step:411/1190 train_time:18476ms step_avg:44.95ms
step:412/1190 train_time:18534ms step_avg:44.99ms
step:413/1190 train_time:18581ms step_avg:44.99ms
step:414/1190 train_time:18639ms step_avg:45.02ms
step:415/1190 train_time:18686ms step_avg:45.03ms
step:416/1190 train_time:18745ms step_avg:45.06ms
step:417/1190 train_time:18791ms step_avg:45.06ms
step:418/1190 train_time:18848ms step_avg:45.09ms
step:419/1190 train_time:18896ms step_avg:45.10ms
step:420/1190 train_time:18953ms step_avg:45.13ms
step:421/1190 train_time:19001ms step_avg:45.13ms
step:422/1190 train_time:19057ms step_avg:45.16ms
step:423/1190 train_time:19106ms step_avg:45.17ms
step:424/1190 train_time:19164ms step_avg:45.20ms
step:425/1190 train_time:19210ms step_avg:45.20ms
step:426/1190 train_time:19268ms step_avg:45.23ms
step:427/1190 train_time:19315ms step_avg:45.23ms
step:428/1190 train_time:19372ms step_avg:45.26ms
step:429/1190 train_time:19420ms step_avg:45.27ms
step:430/1190 train_time:19477ms step_avg:45.30ms
step:431/1190 train_time:19525ms step_avg:45.30ms
step:432/1190 train_time:19584ms step_avg:45.33ms
step:433/1190 train_time:19630ms step_avg:45.34ms
step:434/1190 train_time:19688ms step_avg:45.36ms
step:435/1190 train_time:19736ms step_avg:45.37ms
step:436/1190 train_time:19793ms step_avg:45.40ms
step:437/1190 train_time:19842ms step_avg:45.40ms
step:438/1190 train_time:19898ms step_avg:45.43ms
step:439/1190 train_time:19946ms step_avg:45.44ms
step:440/1190 train_time:20003ms step_avg:45.46ms
step:441/1190 train_time:20051ms step_avg:45.47ms
step:442/1190 train_time:20107ms step_avg:45.49ms
step:443/1190 train_time:20155ms step_avg:45.50ms
step:444/1190 train_time:20212ms step_avg:45.52ms
step:445/1190 train_time:20260ms step_avg:45.53ms
step:446/1190 train_time:20318ms step_avg:45.56ms
step:447/1190 train_time:20365ms step_avg:45.56ms
step:448/1190 train_time:20423ms step_avg:45.59ms
step:449/1190 train_time:20470ms step_avg:45.59ms
step:450/1190 train_time:20527ms step_avg:45.62ms
step:451/1190 train_time:20575ms step_avg:45.62ms
step:452/1190 train_time:20633ms step_avg:45.65ms
step:453/1190 train_time:20680ms step_avg:45.65ms
step:454/1190 train_time:20740ms step_avg:45.68ms
step:455/1190 train_time:20787ms step_avg:45.69ms
step:456/1190 train_time:20845ms step_avg:45.71ms
step:457/1190 train_time:20891ms step_avg:45.71ms
step:458/1190 train_time:20949ms step_avg:45.74ms
step:459/1190 train_time:20996ms step_avg:45.74ms
step:460/1190 train_time:21054ms step_avg:45.77ms
step:461/1190 train_time:21102ms step_avg:45.77ms
step:462/1190 train_time:21159ms step_avg:45.80ms
step:463/1190 train_time:21207ms step_avg:45.80ms
step:464/1190 train_time:21265ms step_avg:45.83ms
step:465/1190 train_time:21311ms step_avg:45.83ms
step:466/1190 train_time:21369ms step_avg:45.86ms
step:467/1190 train_time:21416ms step_avg:45.86ms
step:468/1190 train_time:21473ms step_avg:45.88ms
step:469/1190 train_time:21522ms step_avg:45.89ms
step:470/1190 train_time:21579ms step_avg:45.91ms
step:471/1190 train_time:21627ms step_avg:45.92ms
step:472/1190 train_time:21685ms step_avg:45.94ms
step:473/1190 train_time:21732ms step_avg:45.95ms
step:474/1190 train_time:21790ms step_avg:45.97ms
step:475/1190 train_time:21838ms step_avg:45.97ms
step:476/1190 train_time:21896ms step_avg:46.00ms
step:477/1190 train_time:21943ms step_avg:46.00ms
step:478/1190 train_time:22001ms step_avg:46.03ms
step:479/1190 train_time:22048ms step_avg:46.03ms
step:480/1190 train_time:22106ms step_avg:46.05ms
step:481/1190 train_time:22153ms step_avg:46.06ms
step:482/1190 train_time:22210ms step_avg:46.08ms
step:483/1190 train_time:22258ms step_avg:46.08ms
step:484/1190 train_time:22315ms step_avg:46.11ms
step:485/1190 train_time:22363ms step_avg:46.11ms
step:486/1190 train_time:22421ms step_avg:46.13ms
step:487/1190 train_time:22469ms step_avg:46.14ms
step:488/1190 train_time:22526ms step_avg:46.16ms
step:489/1190 train_time:22573ms step_avg:46.16ms
step:490/1190 train_time:22631ms step_avg:46.19ms
step:491/1190 train_time:22678ms step_avg:46.19ms
step:492/1190 train_time:22736ms step_avg:46.21ms
step:493/1190 train_time:22784ms step_avg:46.21ms
step:494/1190 train_time:22842ms step_avg:46.24ms
step:495/1190 train_time:22889ms step_avg:46.24ms
step:496/1190 train_time:22947ms step_avg:46.26ms
step:497/1190 train_time:22994ms step_avg:46.27ms
step:498/1190 train_time:23051ms step_avg:46.29ms
step:499/1190 train_time:23099ms step_avg:46.29ms
step:500/1190 train_time:23157ms step_avg:46.31ms
step:500/1190 val_loss:3.89455605 train_time:23210ms step_avg:46.42ms
step:501/1190 train_time:23239ms step_avg:46.39ms
step:502/1190 train_time:23273ms step_avg:46.36ms
step:503/1190 train_time:23312ms step_avg:46.35ms
step:504/1190 train_time:23370ms step_avg:46.37ms
step:505/1190 train_time:23422ms step_avg:46.38ms
step:506/1190 train_time:23480ms step_avg:46.40ms
step:507/1190 train_time:23528ms step_avg:46.41ms
step:508/1190 train_time:23586ms step_avg:46.43ms
step:509/1190 train_time:23633ms step_avg:46.43ms
step:510/1190 train_time:23691ms step_avg:46.45ms
step:511/1190 train_time:23738ms step_avg:46.45ms
step:512/1190 train_time:23796ms step_avg:46.48ms
step:513/1190 train_time:23843ms step_avg:46.48ms
step:514/1190 train_time:23899ms step_avg:46.50ms
step:515/1190 train_time:23947ms step_avg:46.50ms
step:516/1190 train_time:24004ms step_avg:46.52ms
step:517/1190 train_time:24051ms step_avg:46.52ms
step:518/1190 train_time:24109ms step_avg:46.54ms
step:519/1190 train_time:24158ms step_avg:46.55ms
step:520/1190 train_time:24216ms step_avg:46.57ms
step:521/1190 train_time:24263ms step_avg:46.57ms
step:522/1190 train_time:24321ms step_avg:46.59ms
step:523/1190 train_time:24368ms step_avg:46.59ms
step:524/1190 train_time:24427ms step_avg:46.62ms
step:525/1190 train_time:24474ms step_avg:46.62ms
step:526/1190 train_time:24532ms step_avg:46.64ms
step:527/1190 train_time:24579ms step_avg:46.64ms
step:528/1190 train_time:24636ms step_avg:46.66ms
step:529/1190 train_time:24683ms step_avg:46.66ms
step:530/1190 train_time:24740ms step_avg:46.68ms
step:531/1190 train_time:24787ms step_avg:46.68ms
step:532/1190 train_time:24845ms step_avg:46.70ms
step:533/1190 train_time:24892ms step_avg:46.70ms
step:534/1190 train_time:24951ms step_avg:46.72ms
step:535/1190 train_time:24997ms step_avg:46.72ms
step:536/1190 train_time:25055ms step_avg:46.74ms
step:537/1190 train_time:25102ms step_avg:46.74ms
step:538/1190 train_time:25159ms step_avg:46.76ms
step:539/1190 train_time:25207ms step_avg:46.77ms
step:540/1190 train_time:25264ms step_avg:46.79ms
step:541/1190 train_time:25312ms step_avg:46.79ms
step:542/1190 train_time:25370ms step_avg:46.81ms
step:543/1190 train_time:25418ms step_avg:46.81ms
step:544/1190 train_time:25475ms step_avg:46.83ms
step:545/1190 train_time:25523ms step_avg:46.83ms
step:546/1190 train_time:25582ms step_avg:46.85ms
step:547/1190 train_time:25628ms step_avg:46.85ms
step:548/1190 train_time:25686ms step_avg:46.87ms
step:549/1190 train_time:25733ms step_avg:46.87ms
step:550/1190 train_time:25790ms step_avg:46.89ms
step:551/1190 train_time:25839ms step_avg:46.89ms
step:552/1190 train_time:25895ms step_avg:46.91ms
step:553/1190 train_time:25943ms step_avg:46.91ms
step:554/1190 train_time:25999ms step_avg:46.93ms
step:555/1190 train_time:26047ms step_avg:46.93ms
step:556/1190 train_time:26106ms step_avg:46.95ms
step:557/1190 train_time:26153ms step_avg:46.95ms
step:558/1190 train_time:26211ms step_avg:46.97ms
step:559/1190 train_time:26259ms step_avg:46.97ms
step:560/1190 train_time:26315ms step_avg:46.99ms
step:561/1190 train_time:26363ms step_avg:46.99ms
step:562/1190 train_time:26419ms step_avg:47.01ms
step:563/1190 train_time:26468ms step_avg:47.01ms
step:564/1190 train_time:26525ms step_avg:47.03ms
step:565/1190 train_time:26573ms step_avg:47.03ms
step:566/1190 train_time:26631ms step_avg:47.05ms
step:567/1190 train_time:26678ms step_avg:47.05ms
step:568/1190 train_time:26737ms step_avg:47.07ms
step:569/1190 train_time:26783ms step_avg:47.07ms
step:570/1190 train_time:26841ms step_avg:47.09ms
step:571/1190 train_time:26888ms step_avg:47.09ms
step:572/1190 train_time:26945ms step_avg:47.11ms
step:573/1190 train_time:26993ms step_avg:47.11ms
step:574/1190 train_time:27050ms step_avg:47.13ms
step:575/1190 train_time:27097ms step_avg:47.13ms
step:576/1190 train_time:27155ms step_avg:47.14ms
step:577/1190 train_time:27203ms step_avg:47.15ms
step:578/1190 train_time:27261ms step_avg:47.16ms
step:579/1190 train_time:27308ms step_avg:47.16ms
step:580/1190 train_time:27366ms step_avg:47.18ms
step:581/1190 train_time:27414ms step_avg:47.18ms
step:582/1190 train_time:27472ms step_avg:47.20ms
step:583/1190 train_time:27519ms step_avg:47.20ms
step:584/1190 train_time:27577ms step_avg:47.22ms
step:585/1190 train_time:27624ms step_avg:47.22ms
step:586/1190 train_time:27682ms step_avg:47.24ms
step:587/1190 train_time:27729ms step_avg:47.24ms
step:588/1190 train_time:27786ms step_avg:47.26ms
step:589/1190 train_time:27834ms step_avg:47.26ms
step:590/1190 train_time:27892ms step_avg:47.28ms
step:591/1190 train_time:27939ms step_avg:47.27ms
step:592/1190 train_time:27996ms step_avg:47.29ms
step:593/1190 train_time:28043ms step_avg:47.29ms
step:594/1190 train_time:28101ms step_avg:47.31ms
step:595/1190 train_time:28148ms step_avg:47.31ms
step:596/1190 train_time:28207ms step_avg:47.33ms
step:597/1190 train_time:28254ms step_avg:47.33ms
step:598/1190 train_time:28312ms step_avg:47.34ms
step:599/1190 train_time:28360ms step_avg:47.35ms
step:600/1190 train_time:28417ms step_avg:47.36ms
step:601/1190 train_time:28464ms step_avg:47.36ms
step:602/1190 train_time:28521ms step_avg:47.38ms
step:603/1190 train_time:28569ms step_avg:47.38ms
step:604/1190 train_time:28626ms step_avg:47.39ms
step:605/1190 train_time:28674ms step_avg:47.40ms
step:606/1190 train_time:28731ms step_avg:47.41ms
step:607/1190 train_time:28779ms step_avg:47.41ms
step:608/1190 train_time:28836ms step_avg:47.43ms
step:609/1190 train_time:28883ms step_avg:47.43ms
step:610/1190 train_time:28940ms step_avg:47.44ms
step:611/1190 train_time:28988ms step_avg:47.44ms
step:612/1190 train_time:29045ms step_avg:47.46ms
step:613/1190 train_time:29093ms step_avg:47.46ms
step:614/1190 train_time:29151ms step_avg:47.48ms
step:615/1190 train_time:29198ms step_avg:47.48ms
step:616/1190 train_time:29256ms step_avg:47.49ms
step:617/1190 train_time:29303ms step_avg:47.49ms
step:618/1190 train_time:29360ms step_avg:47.51ms
step:619/1190 train_time:29408ms step_avg:47.51ms
step:620/1190 train_time:29465ms step_avg:47.52ms
step:621/1190 train_time:29514ms step_avg:47.53ms
step:622/1190 train_time:29571ms step_avg:47.54ms
step:623/1190 train_time:29619ms step_avg:47.54ms
step:624/1190 train_time:29678ms step_avg:47.56ms
step:625/1190 train_time:29723ms step_avg:47.56ms
step:626/1190 train_time:29781ms step_avg:47.57ms
step:627/1190 train_time:29828ms step_avg:47.57ms
step:628/1190 train_time:29886ms step_avg:47.59ms
step:629/1190 train_time:29933ms step_avg:47.59ms
step:630/1190 train_time:29990ms step_avg:47.60ms
step:631/1190 train_time:30038ms step_avg:47.60ms
step:632/1190 train_time:30097ms step_avg:47.62ms
step:633/1190 train_time:30142ms step_avg:47.62ms
step:634/1190 train_time:30200ms step_avg:47.63ms
step:635/1190 train_time:30248ms step_avg:47.63ms
step:636/1190 train_time:30305ms step_avg:47.65ms
step:637/1190 train_time:30353ms step_avg:47.65ms
step:638/1190 train_time:30412ms step_avg:47.67ms
step:639/1190 train_time:30459ms step_avg:47.67ms
step:640/1190 train_time:30516ms step_avg:47.68ms
step:641/1190 train_time:30563ms step_avg:47.68ms
step:642/1190 train_time:30620ms step_avg:47.69ms
step:643/1190 train_time:30668ms step_avg:47.70ms
step:644/1190 train_time:30725ms step_avg:47.71ms
step:645/1190 train_time:30773ms step_avg:47.71ms
step:646/1190 train_time:30831ms step_avg:47.73ms
step:647/1190 train_time:30878ms step_avg:47.73ms
step:648/1190 train_time:30936ms step_avg:47.74ms
step:649/1190 train_time:30983ms step_avg:47.74ms
step:650/1190 train_time:31041ms step_avg:47.75ms
step:651/1190 train_time:31088ms step_avg:47.75ms
step:652/1190 train_time:31145ms step_avg:47.77ms
step:653/1190 train_time:31193ms step_avg:47.77ms
step:654/1190 train_time:31292ms step_avg:47.85ms
step:655/1190 train_time:31325ms step_avg:47.82ms
step:656/1190 train_time:31361ms step_avg:47.81ms
step:657/1190 train_time:31405ms step_avg:47.80ms
step:658/1190 train_time:31462ms step_avg:47.81ms
step:659/1190 train_time:31509ms step_avg:47.81ms
step:660/1190 train_time:31567ms step_avg:47.83ms
step:661/1190 train_time:31614ms step_avg:47.83ms
step:662/1190 train_time:31671ms step_avg:47.84ms
step:663/1190 train_time:31719ms step_avg:47.84ms
step:664/1190 train_time:31777ms step_avg:47.86ms
step:665/1190 train_time:31824ms step_avg:47.86ms
step:666/1190 train_time:31882ms step_avg:47.87ms
step:667/1190 train_time:31928ms step_avg:47.87ms
step:668/1190 train_time:31986ms step_avg:47.88ms
step:669/1190 train_time:32034ms step_avg:47.88ms
step:670/1190 train_time:32092ms step_avg:47.90ms
step:671/1190 train_time:32138ms step_avg:47.90ms
step:672/1190 train_time:32197ms step_avg:47.91ms
step:673/1190 train_time:32244ms step_avg:47.91ms
step:674/1190 train_time:32301ms step_avg:47.92ms
step:675/1190 train_time:32348ms step_avg:47.92ms
step:676/1190 train_time:32406ms step_avg:47.94ms
step:677/1190 train_time:32454ms step_avg:47.94ms
step:678/1190 train_time:32512ms step_avg:47.95ms
step:679/1190 train_time:32559ms step_avg:47.95ms
step:680/1190 train_time:32616ms step_avg:47.97ms
step:681/1190 train_time:32663ms step_avg:47.96ms
step:682/1190 train_time:32721ms step_avg:47.98ms
step:683/1190 train_time:32768ms step_avg:47.98ms
step:684/1190 train_time:32825ms step_avg:47.99ms
step:685/1190 train_time:32872ms step_avg:47.99ms
step:686/1190 train_time:32930ms step_avg:48.00ms
step:687/1190 train_time:32978ms step_avg:48.00ms
step:688/1190 train_time:33035ms step_avg:48.02ms
step:689/1190 train_time:33082ms step_avg:48.01ms
step:690/1190 train_time:33139ms step_avg:48.03ms
step:691/1190 train_time:33186ms step_avg:48.03ms
step:692/1190 train_time:33245ms step_avg:48.04ms
step:693/1190 train_time:33291ms step_avg:48.04ms
step:694/1190 train_time:33349ms step_avg:48.05ms
step:695/1190 train_time:33396ms step_avg:48.05ms
step:696/1190 train_time:33455ms step_avg:48.07ms
step:697/1190 train_time:33502ms step_avg:48.07ms
step:698/1190 train_time:33559ms step_avg:48.08ms
step:699/1190 train_time:33606ms step_avg:48.08ms
step:700/1190 train_time:33663ms step_avg:48.09ms
step:701/1190 train_time:33711ms step_avg:48.09ms
step:702/1190 train_time:33768ms step_avg:48.10ms
step:703/1190 train_time:33816ms step_avg:48.10ms
step:704/1190 train_time:33873ms step_avg:48.12ms
step:705/1190 train_time:33921ms step_avg:48.11ms
step:706/1190 train_time:33978ms step_avg:48.13ms
step:707/1190 train_time:34025ms step_avg:48.13ms
step:708/1190 train_time:34084ms step_avg:48.14ms
step:709/1190 train_time:34157ms step_avg:48.18ms
step:710/1190 train_time:34237ms step_avg:48.22ms
step:711/1190 train_time:34308ms step_avg:48.25ms
step:712/1190 train_time:34387ms step_avg:48.30ms
step:713/1190 train_time:34459ms step_avg:48.33ms
step:714/1190 train_time:34539ms step_avg:48.37ms
step:715/1190 train_time:34609ms step_avg:48.40ms
step:716/1190 train_time:34689ms step_avg:48.45ms
step:717/1190 train_time:34760ms step_avg:48.48ms
step:718/1190 train_time:34840ms step_avg:48.52ms
step:719/1190 train_time:34910ms step_avg:48.55ms
step:720/1190 train_time:34990ms step_avg:48.60ms
step:721/1190 train_time:35062ms step_avg:48.63ms
step:722/1190 train_time:35141ms step_avg:48.67ms
step:723/1190 train_time:35212ms step_avg:48.70ms
step:724/1190 train_time:35291ms step_avg:48.74ms
step:725/1190 train_time:35362ms step_avg:48.78ms
step:726/1190 train_time:35442ms step_avg:48.82ms
step:727/1190 train_time:35513ms step_avg:48.85ms
step:728/1190 train_time:35593ms step_avg:48.89ms
step:729/1190 train_time:35664ms step_avg:48.92ms
step:730/1190 train_time:35745ms step_avg:48.97ms
step:731/1190 train_time:35816ms step_avg:49.00ms
step:732/1190 train_time:35896ms step_avg:49.04ms
step:733/1190 train_time:35966ms step_avg:49.07ms
step:734/1190 train_time:36047ms step_avg:49.11ms
step:735/1190 train_time:36118ms step_avg:49.14ms
step:736/1190 train_time:36197ms step_avg:49.18ms
step:737/1190 train_time:36267ms step_avg:49.21ms
step:738/1190 train_time:36347ms step_avg:49.25ms
step:739/1190 train_time:36418ms step_avg:49.28ms
step:740/1190 train_time:36497ms step_avg:49.32ms
step:741/1190 train_time:36568ms step_avg:49.35ms
step:742/1190 train_time:36648ms step_avg:49.39ms
step:743/1190 train_time:36720ms step_avg:49.42ms
step:744/1190 train_time:36799ms step_avg:49.46ms
step:745/1190 train_time:36870ms step_avg:49.49ms
step:746/1190 train_time:36950ms step_avg:49.53ms
step:747/1190 train_time:37021ms step_avg:49.56ms
step:748/1190 train_time:37101ms step_avg:49.60ms
step:749/1190 train_time:37172ms step_avg:49.63ms
step:750/1190 train_time:37252ms step_avg:49.67ms
step:750/1190 val_loss:3.50052118 train_time:37328ms step_avg:49.77ms
step:751/1190 train_time:37358ms step_avg:49.74ms
step:752/1190 train_time:37407ms step_avg:49.74ms
step:753/1190 train_time:37482ms step_avg:49.78ms
step:754/1190 train_time:37562ms step_avg:49.82ms
step:755/1190 train_time:37636ms step_avg:49.85ms
step:756/1190 train_time:37716ms step_avg:49.89ms
step:757/1190 train_time:37786ms step_avg:49.91ms
step:758/1190 train_time:37866ms step_avg:49.96ms
step:759/1190 train_time:37935ms step_avg:49.98ms
step:760/1190 train_time:38015ms step_avg:50.02ms
step:761/1190 train_time:38085ms step_avg:50.05ms
step:762/1190 train_time:38164ms step_avg:50.08ms
step:763/1190 train_time:38235ms step_avg:50.11ms
step:764/1190 train_time:38314ms step_avg:50.15ms
step:765/1190 train_time:38387ms step_avg:50.18ms
step:766/1190 train_time:38466ms step_avg:50.22ms
step:767/1190 train_time:38537ms step_avg:50.24ms
step:768/1190 train_time:38617ms step_avg:50.28ms
step:769/1190 train_time:38689ms step_avg:50.31ms
step:770/1190 train_time:38769ms step_avg:50.35ms
step:771/1190 train_time:38839ms step_avg:50.37ms
step:772/1190 train_time:38920ms step_avg:50.41ms
step:773/1190 train_time:38989ms step_avg:50.44ms
step:774/1190 train_time:39068ms step_avg:50.48ms
step:775/1190 train_time:39139ms step_avg:50.50ms
step:776/1190 train_time:39217ms step_avg:50.54ms
step:777/1190 train_time:39289ms step_avg:50.56ms
step:778/1190 train_time:39368ms step_avg:50.60ms
step:779/1190 train_time:39439ms step_avg:50.63ms
step:780/1190 train_time:39518ms step_avg:50.66ms
step:781/1190 train_time:39589ms step_avg:50.69ms
step:782/1190 train_time:39669ms step_avg:50.73ms
step:783/1190 train_time:39740ms step_avg:50.75ms
step:784/1190 train_time:39820ms step_avg:50.79ms
step:785/1190 train_time:39891ms step_avg:50.82ms
step:786/1190 train_time:39971ms step_avg:50.85ms
step:787/1190 train_time:40041ms step_avg:50.88ms
step:788/1190 train_time:40120ms step_avg:50.91ms
step:789/1190 train_time:40191ms step_avg:50.94ms
step:790/1190 train_time:40271ms step_avg:50.98ms
step:791/1190 train_time:40341ms step_avg:51.00ms
step:792/1190 train_time:40420ms step_avg:51.04ms
step:793/1190 train_time:40491ms step_avg:51.06ms
step:794/1190 train_time:40570ms step_avg:51.10ms
step:795/1190 train_time:40641ms step_avg:51.12ms
step:796/1190 train_time:40720ms step_avg:51.16ms
step:797/1190 train_time:40791ms step_avg:51.18ms
step:798/1190 train_time:40872ms step_avg:51.22ms
step:799/1190 train_time:40942ms step_avg:51.24ms
step:800/1190 train_time:41023ms step_avg:51.28ms
step:801/1190 train_time:41093ms step_avg:51.30ms
step:802/1190 train_time:41174ms step_avg:51.34ms
step:803/1190 train_time:41244ms step_avg:51.36ms
step:804/1190 train_time:41323ms step_avg:51.40ms
step:805/1190 train_time:41394ms step_avg:51.42ms
step:806/1190 train_time:41473ms step_avg:51.46ms
step:807/1190 train_time:41544ms step_avg:51.48ms
step:808/1190 train_time:41625ms step_avg:51.52ms
step:809/1190 train_time:41694ms step_avg:51.54ms
step:810/1190 train_time:41774ms step_avg:51.57ms
step:811/1190 train_time:41844ms step_avg:51.60ms
step:812/1190 train_time:41924ms step_avg:51.63ms
step:813/1190 train_time:41995ms step_avg:51.65ms
step:814/1190 train_time:42075ms step_avg:51.69ms
step:815/1190 train_time:42146ms step_avg:51.71ms
step:816/1190 train_time:42226ms step_avg:51.75ms
step:817/1190 train_time:42296ms step_avg:51.77ms
step:818/1190 train_time:42375ms step_avg:51.80ms
step:819/1190 train_time:42447ms step_avg:51.83ms
step:820/1190 train_time:42527ms step_avg:51.86ms
step:821/1190 train_time:42597ms step_avg:51.88ms
step:822/1190 train_time:42676ms step_avg:51.92ms
step:823/1190 train_time:42747ms step_avg:51.94ms
step:824/1190 train_time:42827ms step_avg:51.97ms
step:825/1190 train_time:42897ms step_avg:52.00ms
step:826/1190 train_time:42977ms step_avg:52.03ms
step:827/1190 train_time:43047ms step_avg:52.05ms
step:828/1190 train_time:43127ms step_avg:52.09ms
step:829/1190 train_time:43198ms step_avg:52.11ms
step:830/1190 train_time:43277ms step_avg:52.14ms
step:831/1190 train_time:43348ms step_avg:52.16ms
step:832/1190 train_time:43428ms step_avg:52.20ms
step:833/1190 train_time:43499ms step_avg:52.22ms
step:834/1190 train_time:43578ms step_avg:52.25ms
step:835/1190 train_time:43649ms step_avg:52.27ms
step:836/1190 train_time:43727ms step_avg:52.31ms
step:837/1190 train_time:43799ms step_avg:52.33ms
step:838/1190 train_time:43878ms step_avg:52.36ms
step:839/1190 train_time:43950ms step_avg:52.38ms
step:840/1190 train_time:44029ms step_avg:52.42ms
step:841/1190 train_time:44100ms step_avg:52.44ms
step:842/1190 train_time:44179ms step_avg:52.47ms
step:843/1190 train_time:44251ms step_avg:52.49ms
step:844/1190 train_time:44330ms step_avg:52.52ms
step:845/1190 train_time:44400ms step_avg:52.54ms
step:846/1190 train_time:44480ms step_avg:52.58ms
step:847/1190 train_time:44550ms step_avg:52.60ms
step:848/1190 train_time:44629ms step_avg:52.63ms
step:849/1190 train_time:44699ms step_avg:52.65ms
step:850/1190 train_time:44779ms step_avg:52.68ms
step:851/1190 train_time:44849ms step_avg:52.70ms
step:852/1190 train_time:44929ms step_avg:52.73ms
step:853/1190 train_time:44999ms step_avg:52.75ms
step:854/1190 train_time:45079ms step_avg:52.79ms
step:855/1190 train_time:45150ms step_avg:52.81ms
step:856/1190 train_time:45230ms step_avg:52.84ms
step:857/1190 train_time:45300ms step_avg:52.86ms
step:858/1190 train_time:45379ms step_avg:52.89ms
step:859/1190 train_time:45450ms step_avg:52.91ms
step:860/1190 train_time:45529ms step_avg:52.94ms
step:861/1190 train_time:45600ms step_avg:52.96ms
step:862/1190 train_time:45679ms step_avg:52.99ms
step:863/1190 train_time:45750ms step_avg:53.01ms
step:864/1190 train_time:45829ms step_avg:53.04ms
step:865/1190 train_time:45900ms step_avg:53.06ms
step:866/1190 train_time:45981ms step_avg:53.10ms
step:867/1190 train_time:46051ms step_avg:53.12ms
step:868/1190 train_time:46131ms step_avg:53.15ms
step:869/1190 train_time:46201ms step_avg:53.17ms
step:870/1190 train_time:46280ms step_avg:53.20ms
step:871/1190 train_time:46351ms step_avg:53.22ms
step:872/1190 train_time:46431ms step_avg:53.25ms
step:873/1190 train_time:46501ms step_avg:53.27ms
step:874/1190 train_time:46581ms step_avg:53.30ms
step:875/1190 train_time:46651ms step_avg:53.32ms
step:876/1190 train_time:46731ms step_avg:53.35ms
step:877/1190 train_time:46801ms step_avg:53.36ms
step:878/1190 train_time:46880ms step_avg:53.39ms
step:879/1190 train_time:46951ms step_avg:53.41ms
step:880/1190 train_time:47031ms step_avg:53.44ms
step:881/1190 train_time:47101ms step_avg:53.46ms
step:882/1190 train_time:47181ms step_avg:53.49ms
step:883/1190 train_time:47252ms step_avg:53.51ms
step:884/1190 train_time:47332ms step_avg:53.54ms
step:885/1190 train_time:47402ms step_avg:53.56ms
step:886/1190 train_time:47483ms step_avg:53.59ms
step:887/1190 train_time:47571ms step_avg:53.63ms
step:888/1190 train_time:47699ms step_avg:53.71ms
step:889/1190 train_time:47758ms step_avg:53.72ms
step:890/1190 train_time:47839ms step_avg:53.75ms
step:891/1190 train_time:47909ms step_avg:53.77ms
step:892/1190 train_time:47988ms step_avg:53.80ms
step:893/1190 train_time:48057ms step_avg:53.82ms
step:894/1190 train_time:48137ms step_avg:53.84ms
step:895/1190 train_time:48207ms step_avg:53.86ms
step:896/1190 train_time:48286ms step_avg:53.89ms
step:897/1190 train_time:48356ms step_avg:53.91ms
step:898/1190 train_time:48435ms step_avg:53.94ms
step:899/1190 train_time:48506ms step_avg:53.96ms
step:900/1190 train_time:48586ms step_avg:53.98ms
step:901/1190 train_time:48658ms step_avg:54.00ms
step:902/1190 train_time:48738ms step_avg:54.03ms
step:903/1190 train_time:48809ms step_avg:54.05ms
step:904/1190 train_time:48888ms step_avg:54.08ms
step:905/1190 train_time:48959ms step_avg:54.10ms
step:906/1190 train_time:49038ms step_avg:54.13ms
step:907/1190 train_time:49110ms step_avg:54.15ms
step:908/1190 train_time:49188ms step_avg:54.17ms
step:909/1190 train_time:49259ms step_avg:54.19ms
step:910/1190 train_time:49338ms step_avg:54.22ms
step:911/1190 train_time:49408ms step_avg:54.24ms
step:912/1190 train_time:49487ms step_avg:54.26ms
step:913/1190 train_time:49558ms step_avg:54.28ms
step:914/1190 train_time:49638ms step_avg:54.31ms
step:915/1190 train_time:49710ms step_avg:54.33ms
step:916/1190 train_time:49789ms step_avg:54.35ms
step:917/1190 train_time:49860ms step_avg:54.37ms
step:918/1190 train_time:49939ms step_avg:54.40ms
step:919/1190 train_time:50011ms step_avg:54.42ms
step:920/1190 train_time:50090ms step_avg:54.45ms
step:921/1190 train_time:50161ms step_avg:54.46ms
step:922/1190 train_time:50240ms step_avg:54.49ms
step:923/1190 train_time:50310ms step_avg:54.51ms
step:924/1190 train_time:50389ms step_avg:54.53ms
step:925/1190 train_time:50460ms step_avg:54.55ms
step:926/1190 train_time:50539ms step_avg:54.58ms
step:927/1190 train_time:50610ms step_avg:54.60ms
step:928/1190 train_time:50690ms step_avg:54.62ms
step:929/1190 train_time:50760ms step_avg:54.64ms
step:930/1190 train_time:50840ms step_avg:54.67ms
step:931/1190 train_time:50911ms step_avg:54.68ms
step:932/1190 train_time:50991ms step_avg:54.71ms
step:933/1190 train_time:51061ms step_avg:54.73ms
step:934/1190 train_time:51141ms step_avg:54.75ms
step:935/1190 train_time:51212ms step_avg:54.77ms
step:936/1190 train_time:51291ms step_avg:54.80ms
step:937/1190 train_time:51362ms step_avg:54.81ms
step:938/1190 train_time:51441ms step_avg:54.84ms
step:939/1190 train_time:51511ms step_avg:54.86ms
step:940/1190 train_time:51591ms step_avg:54.88ms
step:941/1190 train_time:51661ms step_avg:54.90ms
step:942/1190 train_time:51740ms step_avg:54.93ms
step:943/1190 train_time:51812ms step_avg:54.94ms
step:944/1190 train_time:51891ms step_avg:54.97ms
step:945/1190 train_time:51962ms step_avg:54.99ms
step:946/1190 train_time:52041ms step_avg:55.01ms
step:947/1190 train_time:52113ms step_avg:55.03ms
step:948/1190 train_time:52192ms step_avg:55.05ms
step:949/1190 train_time:52264ms step_avg:55.07ms
step:950/1190 train_time:52343ms step_avg:55.10ms
step:951/1190 train_time:52414ms step_avg:55.11ms
step:952/1190 train_time:52494ms step_avg:55.14ms
step:953/1190 train_time:52564ms step_avg:55.16ms
step:954/1190 train_time:52642ms step_avg:55.18ms
step:955/1190 train_time:52715ms step_avg:55.20ms
step:956/1190 train_time:52794ms step_avg:55.22ms
step:957/1190 train_time:52864ms step_avg:55.24ms
step:958/1190 train_time:52944ms step_avg:55.27ms
step:959/1190 train_time:53014ms step_avg:55.28ms
step:960/1190 train_time:53093ms step_avg:55.31ms
step:961/1190 train_time:53164ms step_avg:55.32ms
step:962/1190 train_time:53244ms step_avg:55.35ms
step:963/1190 train_time:53314ms step_avg:55.36ms
step:964/1190 train_time:53393ms step_avg:55.39ms
step:965/1190 train_time:53464ms step_avg:55.40ms
step:966/1190 train_time:53543ms step_avg:55.43ms
step:967/1190 train_time:53615ms step_avg:55.44ms
step:968/1190 train_time:53695ms step_avg:55.47ms
step:969/1190 train_time:53765ms step_avg:55.49ms
step:970/1190 train_time:53844ms step_avg:55.51ms
step:971/1190 train_time:53915ms step_avg:55.53ms
step:972/1190 train_time:53994ms step_avg:55.55ms
step:973/1190 train_time:54066ms step_avg:55.57ms
step:974/1190 train_time:54145ms step_avg:55.59ms
step:975/1190 train_time:54216ms step_avg:55.61ms
step:976/1190 train_time:54295ms step_avg:55.63ms
step:977/1190 train_time:54366ms step_avg:55.65ms
step:978/1190 train_time:54445ms step_avg:55.67ms
step:979/1190 train_time:54516ms step_avg:55.69ms
step:980/1190 train_time:54595ms step_avg:55.71ms
step:981/1190 train_time:54666ms step_avg:55.72ms
step:982/1190 train_time:54745ms step_avg:55.75ms
step:983/1190 train_time:54816ms step_avg:55.76ms
step:984/1190 train_time:54894ms step_avg:55.79ms
step:985/1190 train_time:54965ms step_avg:55.80ms
step:986/1190 train_time:55044ms step_avg:55.83ms
step:987/1190 train_time:55115ms step_avg:55.84ms
step:988/1190 train_time:55195ms step_avg:55.87ms
step:989/1190 train_time:55266ms step_avg:55.88ms
step:990/1190 train_time:55345ms step_avg:55.90ms
step:991/1190 train_time:55416ms step_avg:55.92ms
step:992/1190 train_time:55496ms step_avg:55.94ms
step:993/1190 train_time:55567ms step_avg:55.96ms
step:994/1190 train_time:55647ms step_avg:55.98ms
step:995/1190 train_time:55717ms step_avg:56.00ms
step:996/1190 train_time:55797ms step_avg:56.02ms
step:997/1190 train_time:55868ms step_avg:56.04ms
step:998/1190 train_time:55948ms step_avg:56.06ms
step:999/1190 train_time:56018ms step_avg:56.07ms
step:1000/1190 train_time:56098ms step_avg:56.10ms
step:1000/1190 val_loss:3.35319877 train_time:56174ms step_avg:56.17ms
step:1001/1190 train_time:56202ms step_avg:56.15ms
step:1002/1190 train_time:56253ms step_avg:56.14ms
step:1003/1190 train_time:56327ms step_avg:56.16ms
step:1004/1190 train_time:56407ms step_avg:56.18ms
step:1005/1190 train_time:56481ms step_avg:56.20ms
step:1006/1190 train_time:56560ms step_avg:56.22ms
step:1007/1190 train_time:56630ms step_avg:56.24ms
step:1008/1190 train_time:56708ms step_avg:56.26ms
step:1009/1190 train_time:56779ms step_avg:56.27ms
step:1010/1190 train_time:56857ms step_avg:56.29ms
step:1011/1190 train_time:56928ms step_avg:56.31ms
step:1012/1190 train_time:57008ms step_avg:56.33ms
step:1013/1190 train_time:57078ms step_avg:56.35ms
step:1014/1190 train_time:57158ms step_avg:56.37ms
step:1015/1190 train_time:57229ms step_avg:56.38ms
step:1016/1190 train_time:57308ms step_avg:56.41ms
step:1017/1190 train_time:57380ms step_avg:56.42ms
step:1018/1190 train_time:57460ms step_avg:56.44ms
step:1019/1190 train_time:57531ms step_avg:56.46ms
step:1020/1190 train_time:57610ms step_avg:56.48ms
step:1021/1190 train_time:57681ms step_avg:56.49ms
step:1022/1190 train_time:57761ms step_avg:56.52ms
step:1023/1190 train_time:57830ms step_avg:56.53ms
step:1024/1190 train_time:57909ms step_avg:56.55ms
step:1025/1190 train_time:57980ms step_avg:56.57ms
step:1026/1190 train_time:58059ms step_avg:56.59ms
step:1027/1190 train_time:58129ms step_avg:56.60ms
step:1028/1190 train_time:58209ms step_avg:56.62ms
step:1029/1190 train_time:58279ms step_avg:56.64ms
step:1030/1190 train_time:58359ms step_avg:56.66ms
step:1031/1190 train_time:58430ms step_avg:56.67ms
step:1032/1190 train_time:58509ms step_avg:56.69ms
step:1033/1190 train_time:58580ms step_avg:56.71ms
step:1034/1190 train_time:58660ms step_avg:56.73ms
step:1035/1190 train_time:58731ms step_avg:56.74ms
step:1036/1190 train_time:58810ms step_avg:56.77ms
step:1037/1190 train_time:58882ms step_avg:56.78ms
step:1038/1190 train_time:58960ms step_avg:56.80ms
step:1039/1190 train_time:59031ms step_avg:56.82ms
step:1040/1190 train_time:59110ms step_avg:56.84ms
step:1041/1190 train_time:59181ms step_avg:56.85ms
step:1042/1190 train_time:59261ms step_avg:56.87ms
step:1043/1190 train_time:59332ms step_avg:56.89ms
step:1044/1190 train_time:59411ms step_avg:56.91ms
step:1045/1190 train_time:59482ms step_avg:56.92ms
step:1046/1190 train_time:59561ms step_avg:56.94ms
step:1047/1190 train_time:59632ms step_avg:56.96ms
step:1048/1190 train_time:59711ms step_avg:56.98ms
step:1049/1190 train_time:59782ms step_avg:56.99ms
step:1050/1190 train_time:59862ms step_avg:57.01ms
step:1051/1190 train_time:59931ms step_avg:57.02ms
step:1052/1190 train_time:60011ms step_avg:57.04ms
step:1053/1190 train_time:60081ms step_avg:57.06ms
step:1054/1190 train_time:60160ms step_avg:57.08ms
step:1055/1190 train_time:60231ms step_avg:57.09ms
step:1056/1190 train_time:60310ms step_avg:57.11ms
step:1057/1190 train_time:60381ms step_avg:57.12ms
step:1058/1190 train_time:60460ms step_avg:57.15ms
step:1059/1190 train_time:60531ms step_avg:57.16ms
step:1060/1190 train_time:60610ms step_avg:57.18ms
step:1061/1190 train_time:60681ms step_avg:57.19ms
step:1062/1190 train_time:60761ms step_avg:57.21ms
step:1063/1190 train_time:60831ms step_avg:57.23ms
step:1064/1190 train_time:60911ms step_avg:57.25ms
step:1065/1190 train_time:60981ms step_avg:57.26ms
step:1066/1190 train_time:61061ms step_avg:57.28ms
step:1067/1190 train_time:61132ms step_avg:57.29ms
step:1068/1190 train_time:61211ms step_avg:57.31ms
step:1069/1190 train_time:61282ms step_avg:57.33ms
step:1070/1190 train_time:61361ms step_avg:57.35ms
step:1071/1190 train_time:61431ms step_avg:57.36ms
step:1072/1190 train_time:61510ms step_avg:57.38ms
step:1073/1190 train_time:61582ms step_avg:57.39ms
step:1074/1190 train_time:61661ms step_avg:57.41ms
step:1075/1190 train_time:61732ms step_avg:57.42ms
step:1076/1190 train_time:61811ms step_avg:57.45ms
step:1077/1190 train_time:61882ms step_avg:57.46ms
step:1078/1190 train_time:61962ms step_avg:57.48ms
step:1079/1190 train_time:62032ms step_avg:57.49ms
step:1080/1190 train_time:62111ms step_avg:57.51ms
step:1081/1190 train_time:62182ms step_avg:57.52ms
step:1082/1190 train_time:62262ms step_avg:57.54ms
step:1083/1190 train_time:62333ms step_avg:57.56ms
step:1084/1190 train_time:62412ms step_avg:57.58ms
step:1085/1190 train_time:62483ms step_avg:57.59ms
step:1086/1190 train_time:62563ms step_avg:57.61ms
step:1087/1190 train_time:62634ms step_avg:57.62ms
step:1088/1190 train_time:62713ms step_avg:57.64ms
step:1089/1190 train_time:62784ms step_avg:57.65ms
step:1090/1190 train_time:62862ms step_avg:57.67ms
step:1091/1190 train_time:62934ms step_avg:57.68ms
step:1092/1190 train_time:63013ms step_avg:57.70ms
step:1093/1190 train_time:63084ms step_avg:57.72ms
step:1094/1190 train_time:63164ms step_avg:57.74ms
step:1095/1190 train_time:63234ms step_avg:57.75ms
step:1096/1190 train_time:63312ms step_avg:57.77ms
step:1097/1190 train_time:63385ms step_avg:57.78ms
step:1098/1190 train_time:63538ms step_avg:57.87ms
step:1099/1190 train_time:63627ms step_avg:57.89ms
step:1100/1190 train_time:63682ms step_avg:57.89ms
step:1101/1190 train_time:63750ms step_avg:57.90ms
step:1102/1190 train_time:63828ms step_avg:57.92ms
step:1103/1190 train_time:63897ms step_avg:57.93ms
step:1104/1190 train_time:63977ms step_avg:57.95ms
step:1105/1190 train_time:64046ms step_avg:57.96ms
step:1106/1190 train_time:64126ms step_avg:57.98ms
step:1107/1190 train_time:64195ms step_avg:57.99ms
step:1108/1190 train_time:64276ms step_avg:58.01ms
step:1109/1190 train_time:64344ms step_avg:58.02ms
step:1110/1190 train_time:64425ms step_avg:58.04ms
step:1111/1190 train_time:64496ms step_avg:58.05ms
step:1112/1190 train_time:64576ms step_avg:58.07ms
step:1113/1190 train_time:64647ms step_avg:58.08ms
step:1114/1190 train_time:64727ms step_avg:58.10ms
step:1115/1190 train_time:64797ms step_avg:58.11ms
step:1116/1190 train_time:64877ms step_avg:58.13ms
step:1117/1190 train_time:64947ms step_avg:58.14ms
step:1118/1190 train_time:65027ms step_avg:58.16ms
step:1119/1190 train_time:65097ms step_avg:58.17ms
step:1120/1190 train_time:65177ms step_avg:58.19ms
step:1121/1190 train_time:65246ms step_avg:58.20ms
step:1122/1190 train_time:65326ms step_avg:58.22ms
step:1123/1190 train_time:65396ms step_avg:58.23ms
step:1124/1190 train_time:65476ms step_avg:58.25ms
step:1125/1190 train_time:65547ms step_avg:58.26ms
step:1126/1190 train_time:65627ms step_avg:58.28ms
step:1127/1190 train_time:65698ms step_avg:58.29ms
step:1128/1190 train_time:65777ms step_avg:58.31ms
step:1129/1190 train_time:65848ms step_avg:58.32ms
step:1130/1190 train_time:65927ms step_avg:58.34ms
step:1131/1190 train_time:66001ms step_avg:58.36ms
step:1132/1190 train_time:66082ms step_avg:58.38ms
step:1133/1190 train_time:66153ms step_avg:58.39ms
step:1134/1190 train_time:66233ms step_avg:58.41ms
step:1135/1190 train_time:66303ms step_avg:58.42ms
step:1136/1190 train_time:66384ms step_avg:58.44ms
step:1137/1190 train_time:66454ms step_avg:58.45ms
step:1138/1190 train_time:66535ms step_avg:58.47ms
step:1139/1190 train_time:66605ms step_avg:58.48ms
step:1140/1190 train_time:66686ms step_avg:58.50ms
step:1141/1190 train_time:66756ms step_avg:58.51ms
step:1142/1190 train_time:66837ms step_avg:58.53ms
step:1143/1190 train_time:66907ms step_avg:58.54ms
step:1144/1190 train_time:66987ms step_avg:58.56ms
step:1145/1190 train_time:67058ms step_avg:58.57ms
step:1146/1190 train_time:67140ms step_avg:58.59ms
step:1147/1190 train_time:67209ms step_avg:58.60ms
step:1148/1190 train_time:67288ms step_avg:58.61ms
step:1149/1190 train_time:67359ms step_avg:58.62ms
step:1150/1190 train_time:67439ms step_avg:58.64ms
step:1151/1190 train_time:67510ms step_avg:58.65ms
step:1152/1190 train_time:67590ms step_avg:58.67ms
step:1153/1190 train_time:67661ms step_avg:58.68ms
step:1154/1190 train_time:67742ms step_avg:58.70ms
step:1155/1190 train_time:67812ms step_avg:58.71ms
step:1156/1190 train_time:67892ms step_avg:58.73ms
step:1157/1190 train_time:67964ms step_avg:58.74ms
step:1158/1190 train_time:68044ms step_avg:58.76ms
step:1159/1190 train_time:68115ms step_avg:58.77ms
step:1160/1190 train_time:68195ms step_avg:58.79ms
step:1161/1190 train_time:68266ms step_avg:58.80ms
step:1162/1190 train_time:68346ms step_avg:58.82ms
step:1163/1190 train_time:68417ms step_avg:58.83ms
step:1164/1190 train_time:68497ms step_avg:58.85ms
step:1165/1190 train_time:68567ms step_avg:58.86ms
step:1166/1190 train_time:68647ms step_avg:58.87ms
step:1167/1190 train_time:68719ms step_avg:58.88ms
step:1168/1190 train_time:68798ms step_avg:58.90ms
step:1169/1190 train_time:68869ms step_avg:58.91ms
step:1170/1190 train_time:68948ms step_avg:58.93ms
step:1171/1190 train_time:69020ms step_avg:58.94ms
step:1172/1190 train_time:69100ms step_avg:58.96ms
step:1173/1190 train_time:69171ms step_avg:58.97ms
step:1174/1190 train_time:69251ms step_avg:58.99ms
step:1175/1190 train_time:69323ms step_avg:59.00ms
step:1176/1190 train_time:69402ms step_avg:59.02ms
step:1177/1190 train_time:69473ms step_avg:59.03ms
step:1178/1190 train_time:69553ms step_avg:59.04ms
step:1179/1190 train_time:69624ms step_avg:59.05ms
step:1180/1190 train_time:69703ms step_avg:59.07ms
step:1181/1190 train_time:69775ms step_avg:59.08ms
step:1182/1190 train_time:69855ms step_avg:59.10ms
step:1183/1190 train_time:69926ms step_avg:59.11ms
step:1184/1190 train_time:70005ms step_avg:59.13ms
step:1185/1190 train_time:70076ms step_avg:59.14ms
step:1186/1190 train_time:70156ms step_avg:59.15ms
step:1187/1190 train_time:70227ms step_avg:59.16ms
step:1188/1190 train_time:70307ms step_avg:59.18ms
step:1189/1190 train_time:70379ms step_avg:59.19ms
step:1190/1190 train_time:70458ms step_avg:59.21ms
step:1190/1190 val_loss:3.27543378 train_time:70535ms step_avg:59.27ms
peak memory allocated: 32011 MiB reserved: 42380 MiB
