HARNESS_TRAINING_ENV={"OMP_NUM_THREADS": "1", "MKL_NUM_THREADS": "1", "torch_num_threads": 1, "torch_num_interop_threads": 47}
[Gloo] Rank 3 is connected to 7 peer ranks. Expected number of connected peer ranks is : 7
[Gloo] Rank 0 is connected to 7 peer ranks. Expected number of connected peer ranks is : 7
[Gloo] Rank 1 is connected to 7 peer ranks. Expected number of connected peer ranks is : 7
[Gloo] Rank 2 is connected to 7 peer ranks. Expected number of connected peer ranks is : 7
[Gloo] Rank 4 is connected to 7 peer ranks. Expected number of connected peer ranks is : 7
[Gloo] Rank 5 is connected to 7 peer ranks. Expected number of connected peer ranks is : 7
[Gloo] Rank 6 is connected to 7[Gloo] Rank 7 peer ranks. Expected number of connected peer ranks is :  is connected to 77 peer ranks. 
Expected number of connected peer ranks is : 7
/workspace/train_gpt.py:1084: UserWarning: Skipping publisher trust check for 'kernels-community/flash-attn3' because Hugging Face Hub is in offline mode.
  flash_attn_interface = get_kernel('kernels-community/flash-attn3', version=1).flash_attn_interface
/workspace/train_gpt.py:1084: UserWarning: Skipping publisher trust check for 'kernels-community/flash-attn3' because Hugging Face Hub is in offline mode.
  flash_attn_interface = get_kernel('kernels-community/flash-attn3', version=1).flash_attn_interface
/workspace/train_gpt.py:1084: UserWarning: Skipping publisher trust check for 'kernels-community/flash-attn3' because Hugging Face Hub is in offline mode.
  flash_attn_interface = get_kernel('kernels-community/flash-attn3', version=1).flash_attn_interface
/workspace/train_gpt.py:1084: UserWarning: Skipping publisher trust check for 'kernels-community/flash-attn3' because Hugging Face Hub is in offline mode.
  flash_attn_interface = get_kernel('kernels-community/flash-attn3', version=1).flash_attn_interface
/workspace/train_gpt.py:1084: UserWarning: Skipping publisher trust check for 'kernels-community/flash-attn3' because Hugging Face Hub is in offline mode.
  flash_attn_interface = get_kernel('kernels-community/flash-attn3', version=1).flash_attn_interface
/workspace/train_gpt.py:1084: UserWarning: Skipping publisher trust check for 'kernels-community/flash-attn3' because Hugging Face Hub is in offline mode.
  flash_attn_interface = get_kernel('kernels-community/flash-attn3', version=1).flash_attn_interface
/workspace/train_gpt.py:1084: UserWarning: Skipping publisher trust check for 'kernels-community/flash-attn3' because Hugging Face Hub is in offline mode.
  flash_attn_interface = get_kernel('kernels-community/flash-attn3', version=1).flash_attn_interface
/workspace/train_gpt.py:1084: UserWarning: Skipping publisher trust check for 'kernels-community/flash-attn3' because Hugging Face Hub is in offline mode.
  flash_attn_interface = get_kernel('kernels-community/flash-attn3', version=1).flash_attn_interface
logs/851e55f6-5309-4e96-ae31-508e6ec77a44.txt
Compiling model and warming up kernels (~7 minutes on first execution)
Sampling steps [0, 1, 281, 282, 283, 284, 705, 706, 707, 708, 1128, 1129, 1130, 1131] for warmup
Resetting Model
step:0/1190 val_loss:10.83176327 train_time:56ms step_avg:55.74ms
step:1/1190 train_time:314ms step_avg:314.15ms
step:2/1190 train_time:354ms step_avg:177.18ms
step:3/1190 train_time:386ms step_avg:128.72ms
step:4/1190 train_time:424ms step_avg:105.91ms
step:5/1190 train_time:454ms step_avg:90.87ms
step:6/1190 train_time:489ms step_avg:81.57ms
step:7/1190 train_time:525ms step_avg:74.94ms
step:8/1190 train_time:571ms step_avg:71.38ms
step:9/1190 train_time:606ms step_avg:67.28ms
step:10/1190 train_time:651ms step_avg:65.11ms
step:11/1190 train_time:687ms step_avg:62.45ms
step:12/1190 train_time:734ms step_avg:61.16ms
step:13/1190 train_time:769ms step_avg:59.15ms
step:14/1190 train_time:817ms step_avg:58.32ms
step:15/1190 train_time:850ms step_avg:56.69ms
step:16/1190 train_time:897ms step_avg:56.08ms
step:17/1190 train_time:932ms step_avg:54.82ms
step:18/1190 train_time:979ms step_avg:54.37ms
step:19/1190 train_time:1013ms step_avg:53.33ms
step:20/1190 train_time:1059ms step_avg:52.97ms
step:21/1190 train_time:1094ms step_avg:52.11ms
step:22/1190 train_time:1140ms step_avg:51.84ms
step:23/1190 train_time:1176ms step_avg:51.15ms
step:24/1190 train_time:1223ms step_avg:50.94ms
step:25/1190 train_time:1257ms step_avg:50.29ms
step:26/1190 train_time:1304ms step_avg:50.16ms
step:27/1190 train_time:1339ms step_avg:49.59ms
step:28/1190 train_time:1385ms step_avg:49.46ms
step:29/1190 train_time:1421ms step_avg:49.00ms
step:30/1190 train_time:1466ms step_avg:48.86ms
step:31/1190 train_time:1502ms step_avg:48.44ms
step:32/1190 train_time:1548ms step_avg:48.39ms
step:33/1190 train_time:1584ms step_avg:47.99ms
step:34/1190 train_time:1630ms step_avg:47.94ms
step:35/1190 train_time:1665ms step_avg:47.58ms
step:36/1190 train_time:1711ms step_avg:47.54ms
step:37/1190 train_time:1747ms step_avg:47.22ms
step:38/1190 train_time:1793ms step_avg:47.19ms
step:39/1190 train_time:1829ms step_avg:46.89ms
step:40/1190 train_time:1875ms step_avg:46.88ms
step:41/1190 train_time:1911ms step_avg:46.60ms
step:42/1190 train_time:1957ms step_avg:46.60ms
step:43/1190 train_time:1992ms step_avg:46.32ms
step:44/1190 train_time:2038ms step_avg:46.32ms
step:45/1190 train_time:2074ms step_avg:46.09ms
step:46/1190 train_time:2120ms step_avg:46.08ms
step:47/1190 train_time:2155ms step_avg:45.86ms
step:48/1190 train_time:2201ms step_avg:45.86ms
step:49/1190 train_time:2237ms step_avg:45.65ms
step:50/1190 train_time:2282ms step_avg:45.64ms
step:51/1190 train_time:2318ms step_avg:45.44ms
step:52/1190 train_time:2364ms step_avg:45.46ms
step:53/1190 train_time:2399ms step_avg:45.27ms
step:54/1190 train_time:2445ms step_avg:45.28ms
step:55/1190 train_time:2481ms step_avg:45.10ms
step:56/1190 train_time:2527ms step_avg:45.12ms
step:57/1190 train_time:2562ms step_avg:44.95ms
step:58/1190 train_time:2608ms step_avg:44.96ms
step:59/1190 train_time:2643ms step_avg:44.80ms
step:60/1190 train_time:2689ms step_avg:44.82ms
step:61/1190 train_time:2725ms step_avg:44.68ms
step:62/1190 train_time:2771ms step_avg:44.69ms
step:63/1190 train_time:2807ms step_avg:44.55ms
step:64/1190 train_time:2854ms step_avg:44.59ms
step:65/1190 train_time:2888ms step_avg:44.43ms
step:66/1190 train_time:2935ms step_avg:44.47ms
step:67/1190 train_time:2970ms step_avg:44.32ms
step:68/1190 train_time:3016ms step_avg:44.35ms
step:69/1190 train_time:3051ms step_avg:44.22ms
step:70/1190 train_time:3097ms step_avg:44.24ms
step:71/1190 train_time:3133ms step_avg:44.13ms
step:72/1190 train_time:3179ms step_avg:44.15ms
step:73/1190 train_time:3215ms step_avg:44.04ms
step:74/1190 train_time:3260ms step_avg:44.05ms
step:75/1190 train_time:3296ms step_avg:43.95ms
step:76/1190 train_time:3341ms step_avg:43.97ms
step:77/1190 train_time:3378ms step_avg:43.87ms
step:78/1190 train_time:3423ms step_avg:43.88ms
step:79/1190 train_time:3459ms step_avg:43.78ms
step:80/1190 train_time:3504ms step_avg:43.80ms
step:81/1190 train_time:3540ms step_avg:43.71ms
step:82/1190 train_time:3585ms step_avg:43.72ms
step:83/1190 train_time:3621ms step_avg:43.63ms
step:84/1190 train_time:3667ms step_avg:43.66ms
step:85/1190 train_time:3703ms step_avg:43.56ms
step:86/1190 train_time:3750ms step_avg:43.61ms
step:87/1190 train_time:3784ms step_avg:43.50ms
step:88/1190 train_time:3831ms step_avg:43.53ms
step:89/1190 train_time:3867ms step_avg:43.45ms
step:90/1190 train_time:3912ms step_avg:43.47ms
step:91/1190 train_time:3948ms step_avg:43.39ms
step:92/1190 train_time:3994ms step_avg:43.41ms
step:93/1190 train_time:4029ms step_avg:43.33ms
step:94/1190 train_time:4076ms step_avg:43.36ms
step:95/1190 train_time:4111ms step_avg:43.27ms
step:96/1190 train_time:4157ms step_avg:43.30ms
step:97/1190 train_time:4193ms step_avg:43.22ms
step:98/1190 train_time:4238ms step_avg:43.24ms
step:99/1190 train_time:4273ms step_avg:43.17ms
step:100/1190 train_time:4319ms step_avg:43.19ms
step:101/1190 train_time:4355ms step_avg:43.11ms
step:102/1190 train_time:4401ms step_avg:43.15ms
step:103/1190 train_time:4436ms step_avg:43.07ms
step:104/1190 train_time:4482ms step_avg:43.09ms
step:105/1190 train_time:4517ms step_avg:43.02ms
step:106/1190 train_time:4565ms step_avg:43.06ms
step:107/1190 train_time:4599ms step_avg:42.98ms
step:108/1190 train_time:4646ms step_avg:43.02ms
step:109/1190 train_time:4681ms step_avg:42.94ms
step:110/1190 train_time:4726ms step_avg:42.96ms
step:111/1190 train_time:4763ms step_avg:42.91ms
step:112/1190 train_time:4808ms step_avg:42.92ms
step:113/1190 train_time:4843ms step_avg:42.86ms
step:114/1190 train_time:4890ms step_avg:42.89ms
step:115/1190 train_time:4925ms step_avg:42.83ms
step:116/1190 train_time:4972ms step_avg:42.86ms
step:117/1190 train_time:5007ms step_avg:42.79ms
step:118/1190 train_time:5053ms step_avg:42.82ms
step:119/1190 train_time:5088ms step_avg:42.76ms
step:120/1190 train_time:5134ms step_avg:42.78ms
step:121/1190 train_time:5170ms step_avg:42.72ms
step:122/1190 train_time:5215ms step_avg:42.75ms
step:123/1190 train_time:5251ms step_avg:42.69ms
step:124/1190 train_time:5297ms step_avg:42.71ms
step:125/1190 train_time:5333ms step_avg:42.66ms
step:126/1190 train_time:5378ms step_avg:42.68ms
step:127/1190 train_time:5414ms step_avg:42.63ms
step:128/1190 train_time:5461ms step_avg:42.67ms
step:129/1190 train_time:5496ms step_avg:42.60ms
step:130/1190 train_time:5541ms step_avg:42.62ms
step:131/1190 train_time:5577ms step_avg:42.57ms
step:132/1190 train_time:5622ms step_avg:42.59ms
step:133/1190 train_time:5659ms step_avg:42.55ms
step:134/1190 train_time:5704ms step_avg:42.57ms
step:135/1190 train_time:5740ms step_avg:42.52ms
step:136/1190 train_time:5786ms step_avg:42.54ms
step:137/1190 train_time:5822ms step_avg:42.50ms
step:138/1190 train_time:5868ms step_avg:42.52ms
step:139/1190 train_time:5904ms step_avg:42.47ms
step:140/1190 train_time:5949ms step_avg:42.49ms
step:141/1190 train_time:5985ms step_avg:42.45ms
step:142/1190 train_time:6031ms step_avg:42.47ms
step:143/1190 train_time:6067ms step_avg:42.42ms
step:144/1190 train_time:6113ms step_avg:42.45ms
step:145/1190 train_time:6148ms step_avg:42.40ms
step:146/1190 train_time:6194ms step_avg:42.43ms
step:147/1190 train_time:6229ms step_avg:42.38ms
step:148/1190 train_time:6276ms step_avg:42.40ms
step:149/1190 train_time:6311ms step_avg:42.36ms
step:150/1190 train_time:6358ms step_avg:42.38ms
step:151/1190 train_time:6392ms step_avg:42.33ms
step:152/1190 train_time:6438ms step_avg:42.35ms
step:153/1190 train_time:6474ms step_avg:42.31ms
step:154/1190 train_time:6520ms step_avg:42.34ms
step:155/1190 train_time:6555ms step_avg:42.29ms
step:156/1190 train_time:6601ms step_avg:42.32ms
step:157/1190 train_time:6636ms step_avg:42.27ms
step:158/1190 train_time:6683ms step_avg:42.30ms
step:159/1190 train_time:6717ms step_avg:42.25ms
step:160/1190 train_time:6765ms step_avg:42.28ms
step:161/1190 train_time:6799ms step_avg:42.23ms
step:162/1190 train_time:6845ms step_avg:42.25ms
step:163/1190 train_time:6881ms step_avg:42.21ms
step:164/1190 train_time:6927ms step_avg:42.24ms
step:165/1190 train_time:6962ms step_avg:42.20ms
step:166/1190 train_time:7008ms step_avg:42.21ms
step:167/1190 train_time:7044ms step_avg:42.18ms
step:168/1190 train_time:7090ms step_avg:42.20ms
step:169/1190 train_time:7126ms step_avg:42.17ms
step:170/1190 train_time:7172ms step_avg:42.19ms
step:171/1190 train_time:7207ms step_avg:42.15ms
step:172/1190 train_time:7253ms step_avg:42.17ms
step:173/1190 train_time:7288ms step_avg:42.13ms
step:174/1190 train_time:7335ms step_avg:42.16ms
step:175/1190 train_time:7371ms step_avg:42.12ms
step:176/1190 train_time:7416ms step_avg:42.14ms
step:177/1190 train_time:7451ms step_avg:42.10ms
step:178/1190 train_time:7497ms step_avg:42.12ms
step:179/1190 train_time:7533ms step_avg:42.08ms
step:180/1190 train_time:7579ms step_avg:42.10ms
step:181/1190 train_time:7614ms step_avg:42.06ms
step:182/1190 train_time:7660ms step_avg:42.09ms
step:183/1190 train_time:7695ms step_avg:42.05ms
step:184/1190 train_time:7741ms step_avg:42.07ms
step:185/1190 train_time:7776ms step_avg:42.03ms
step:186/1190 train_time:7823ms step_avg:42.06ms
step:187/1190 train_time:7858ms step_avg:42.02ms
step:188/1190 train_time:7905ms step_avg:42.05ms
step:189/1190 train_time:7939ms step_avg:42.01ms
step:190/1190 train_time:7985ms step_avg:42.02ms
step:191/1190 train_time:8021ms step_avg:41.99ms
step:192/1190 train_time:8068ms step_avg:42.02ms
step:193/1190 train_time:8102ms step_avg:41.98ms
step:194/1190 train_time:8148ms step_avg:42.00ms
step:195/1190 train_time:8183ms step_avg:41.97ms
step:196/1190 train_time:8230ms step_avg:41.99ms
step:197/1190 train_time:8265ms step_avg:41.95ms
step:198/1190 train_time:8311ms step_avg:41.97ms
step:199/1190 train_time:8346ms step_avg:41.94ms
step:200/1190 train_time:8393ms step_avg:41.97ms
step:201/1190 train_time:8428ms step_avg:41.93ms
step:202/1190 train_time:8475ms step_avg:41.96ms
step:203/1190 train_time:8509ms step_avg:41.92ms
step:204/1190 train_time:8555ms step_avg:41.94ms
step:205/1190 train_time:8591ms step_avg:41.91ms
step:206/1190 train_time:8636ms step_avg:41.92ms
step:207/1190 train_time:8673ms step_avg:41.90ms
step:208/1190 train_time:8718ms step_avg:41.92ms
step:209/1190 train_time:8753ms step_avg:41.88ms
step:210/1190 train_time:8800ms step_avg:41.90ms
step:211/1190 train_time:8834ms step_avg:41.87ms
step:212/1190 train_time:8881ms step_avg:41.89ms
step:213/1190 train_time:8917ms step_avg:41.86ms
step:214/1190 train_time:8963ms step_avg:41.88ms
step:215/1190 train_time:8998ms step_avg:41.85ms
step:216/1190 train_time:9043ms step_avg:41.87ms
step:217/1190 train_time:9079ms step_avg:41.84ms
step:218/1190 train_time:9125ms step_avg:41.86ms
step:219/1190 train_time:9161ms step_avg:41.83ms
step:220/1190 train_time:9207ms step_avg:41.85ms
step:221/1190 train_time:9242ms step_avg:41.82ms
step:222/1190 train_time:9288ms step_avg:41.84ms
step:223/1190 train_time:9323ms step_avg:41.81ms
step:224/1190 train_time:9372ms step_avg:41.84ms
step:225/1190 train_time:9405ms step_avg:41.80ms
step:226/1190 train_time:9450ms step_avg:41.82ms
step:227/1190 train_time:9486ms step_avg:41.79ms
step:228/1190 train_time:9532ms step_avg:41.81ms
step:229/1190 train_time:9567ms step_avg:41.78ms
step:230/1190 train_time:9614ms step_avg:41.80ms
step:231/1190 train_time:9649ms step_avg:41.77ms
step:232/1190 train_time:9695ms step_avg:41.79ms
step:233/1190 train_time:9731ms step_avg:41.76ms
step:234/1190 train_time:9776ms step_avg:41.78ms
step:235/1190 train_time:9811ms step_avg:41.75ms
step:236/1190 train_time:9859ms step_avg:41.77ms
step:237/1190 train_time:9893ms step_avg:41.74ms
step:238/1190 train_time:9939ms step_avg:41.76ms
step:239/1190 train_time:9975ms step_avg:41.74ms
step:240/1190 train_time:10021ms step_avg:41.75ms
step:241/1190 train_time:10056ms step_avg:41.72ms
step:242/1190 train_time:10101ms step_avg:41.74ms
step:243/1190 train_time:10137ms step_avg:41.72ms
step:244/1190 train_time:10184ms step_avg:41.74ms
step:245/1190 train_time:10219ms step_avg:41.71ms
step:246/1190 train_time:10265ms step_avg:41.73ms
step:247/1190 train_time:10300ms step_avg:41.70ms
step:248/1190 train_time:10347ms step_avg:41.72ms
step:249/1190 train_time:10382ms step_avg:41.69ms
step:250/1190 train_time:10428ms step_avg:41.71ms
step:250/1190 val_loss:4.38359690 train_time:10468ms step_avg:41.87ms
step:251/1190 train_time:10495ms step_avg:41.81ms
step:252/1190 train_time:10530ms step_avg:41.78ms
step:253/1190 train_time:10556ms step_avg:41.72ms
step:254/1190 train_time:10594ms step_avg:41.71ms
step:255/1190 train_time:10632ms step_avg:41.70ms
step:256/1190 train_time:10680ms step_avg:41.72ms
step:257/1190 train_time:10716ms step_avg:41.70ms
step:258/1190 train_time:10762ms step_avg:41.71ms
step:259/1190 train_time:10799ms step_avg:41.69ms
step:260/1190 train_time:10845ms step_avg:41.71ms
step:261/1190 train_time:10880ms step_avg:41.69ms
step:262/1190 train_time:10926ms step_avg:41.70ms
step:263/1190 train_time:10961ms step_avg:41.68ms
step:264/1190 train_time:11007ms step_avg:41.69ms
step:265/1190 train_time:11043ms step_avg:41.67ms
step:266/1190 train_time:11089ms step_avg:41.69ms
step:267/1190 train_time:11124ms step_avg:41.66ms
step:268/1190 train_time:11170ms step_avg:41.68ms
step:269/1190 train_time:11204ms step_avg:41.65ms
step:270/1190 train_time:11251ms step_avg:41.67ms
step:271/1190 train_time:11286ms step_avg:41.65ms
step:272/1190 train_time:11332ms step_avg:41.66ms
step:273/1190 train_time:11367ms step_avg:41.64ms
step:274/1190 train_time:11413ms step_avg:41.65ms
step:275/1190 train_time:11448ms step_avg:41.63ms
step:276/1190 train_time:11494ms step_avg:41.65ms
step:277/1190 train_time:11529ms step_avg:41.62ms
step:278/1190 train_time:11576ms step_avg:41.64ms
step:279/1190 train_time:11610ms step_avg:41.61ms
step:280/1190 train_time:11656ms step_avg:41.63ms
step:281/1190 train_time:11692ms step_avg:41.61ms
step:282/1190 train_time:11738ms step_avg:41.63ms
step:283/1190 train_time:11773ms step_avg:41.60ms
step:284/1190 train_time:11821ms step_avg:41.62ms
step:285/1190 train_time:11870ms step_avg:41.65ms
step:286/1190 train_time:11927ms step_avg:41.70ms
step:287/1190 train_time:11974ms step_avg:41.72ms
step:288/1190 train_time:12032ms step_avg:41.78ms
step:289/1190 train_time:12081ms step_avg:41.80ms
step:290/1190 train_time:12135ms step_avg:41.85ms
step:291/1190 train_time:12184ms step_avg:41.87ms
step:292/1190 train_time:12240ms step_avg:41.92ms
step:293/1190 train_time:12288ms step_avg:41.94ms
step:294/1190 train_time:12345ms step_avg:41.99ms
step:295/1190 train_time:12393ms step_avg:42.01ms
step:296/1190 train_time:12450ms step_avg:42.06ms
step:297/1190 train_time:12498ms step_avg:42.08ms
step:298/1190 train_time:12557ms step_avg:42.14ms
step:299/1190 train_time:12604ms step_avg:42.15ms
step:300/1190 train_time:12662ms step_avg:42.21ms
step:301/1190 train_time:12709ms step_avg:42.22ms
step:302/1190 train_time:12767ms step_avg:42.27ms
step:303/1190 train_time:12814ms step_avg:42.29ms
step:304/1190 train_time:12871ms step_avg:42.34ms
step:305/1190 train_time:12918ms step_avg:42.36ms
step:306/1190 train_time:12976ms step_avg:42.41ms
step:307/1190 train_time:13023ms step_avg:42.42ms
step:308/1190 train_time:13081ms step_avg:42.47ms
step:309/1190 train_time:13128ms step_avg:42.49ms
step:310/1190 train_time:13186ms step_avg:42.54ms
step:311/1190 train_time:13233ms step_avg:42.55ms
step:312/1190 train_time:13290ms step_avg:42.60ms
step:313/1190 train_time:13337ms step_avg:42.61ms
step:314/1190 train_time:13394ms step_avg:42.65ms
step:315/1190 train_time:13442ms step_avg:42.67ms
step:316/1190 train_time:13500ms step_avg:42.72ms
step:317/1190 train_time:13547ms step_avg:42.74ms
step:318/1190 train_time:13605ms step_avg:42.78ms
step:319/1190 train_time:13652ms step_avg:42.80ms
step:320/1190 train_time:13710ms step_avg:42.85ms
step:321/1190 train_time:13758ms step_avg:42.86ms
step:322/1190 train_time:13815ms step_avg:42.90ms
step:323/1190 train_time:13863ms step_avg:42.92ms
step:324/1190 train_time:13921ms step_avg:42.96ms
step:325/1190 train_time:13968ms step_avg:42.98ms
step:326/1190 train_time:14026ms step_avg:43.02ms
step:327/1190 train_time:14073ms step_avg:43.04ms
step:328/1190 train_time:14131ms step_avg:43.08ms
step:329/1190 train_time:14177ms step_avg:43.09ms
step:330/1190 train_time:14234ms step_avg:43.13ms
step:331/1190 train_time:14282ms step_avg:43.15ms
step:332/1190 train_time:14339ms step_avg:43.19ms
step:333/1190 train_time:14388ms step_avg:43.21ms
step:334/1190 train_time:14445ms step_avg:43.25ms
step:335/1190 train_time:14493ms step_avg:43.26ms
step:336/1190 train_time:14549ms step_avg:43.30ms
step:337/1190 train_time:14598ms step_avg:43.32ms
step:338/1190 train_time:14675ms step_avg:43.42ms
step:339/1190 train_time:14730ms step_avg:43.45ms
step:340/1190 train_time:14774ms step_avg:43.45ms
step:341/1190 train_time:14820ms step_avg:43.46ms
step:342/1190 train_time:14877ms step_avg:43.50ms
step:343/1190 train_time:14924ms step_avg:43.51ms
step:344/1190 train_time:14982ms step_avg:43.55ms
step:345/1190 train_time:15028ms step_avg:43.56ms
step:346/1190 train_time:15086ms step_avg:43.60ms
step:347/1190 train_time:15132ms step_avg:43.61ms
step:348/1190 train_time:15190ms step_avg:43.65ms
step:349/1190 train_time:15237ms step_avg:43.66ms
step:350/1190 train_time:15294ms step_avg:43.70ms
step:351/1190 train_time:15342ms step_avg:43.71ms
step:352/1190 train_time:15400ms step_avg:43.75ms
step:353/1190 train_time:15447ms step_avg:43.76ms
step:354/1190 train_time:15504ms step_avg:43.80ms
step:355/1190 train_time:15552ms step_avg:43.81ms
step:356/1190 train_time:15612ms step_avg:43.85ms
step:357/1190 train_time:15657ms step_avg:43.86ms
step:358/1190 train_time:15714ms step_avg:43.90ms
step:359/1190 train_time:15762ms step_avg:43.90ms
step:360/1190 train_time:15820ms step_avg:43.94ms
step:361/1190 train_time:15867ms step_avg:43.95ms
step:362/1190 train_time:15925ms step_avg:43.99ms
step:363/1190 train_time:15972ms step_avg:44.00ms
step:364/1190 train_time:16029ms step_avg:44.04ms
step:365/1190 train_time:16076ms step_avg:44.04ms
step:366/1190 train_time:16134ms step_avg:44.08ms
step:367/1190 train_time:16181ms step_avg:44.09ms
step:368/1190 train_time:16238ms step_avg:44.13ms
step:369/1190 train_time:16286ms step_avg:44.13ms
step:370/1190 train_time:16343ms step_avg:44.17ms
step:371/1190 train_time:16390ms step_avg:44.18ms
step:372/1190 train_time:16448ms step_avg:44.22ms
step:373/1190 train_time:16495ms step_avg:44.22ms
step:374/1190 train_time:16552ms step_avg:44.26ms
step:375/1190 train_time:16601ms step_avg:44.27ms
step:376/1190 train_time:16657ms step_avg:44.30ms
step:377/1190 train_time:16705ms step_avg:44.31ms
step:378/1190 train_time:16762ms step_avg:44.34ms
step:379/1190 train_time:16810ms step_avg:44.35ms
step:380/1190 train_time:16868ms step_avg:44.39ms
step:381/1190 train_time:16914ms step_avg:44.39ms
step:382/1190 train_time:16972ms step_avg:44.43ms
step:383/1190 train_time:17019ms step_avg:44.44ms
step:384/1190 train_time:17076ms step_avg:44.47ms
step:385/1190 train_time:17124ms step_avg:44.48ms
step:386/1190 train_time:17184ms step_avg:44.52ms
step:387/1190 train_time:17229ms step_avg:44.52ms
step:388/1190 train_time:17287ms step_avg:44.55ms
step:389/1190 train_time:17333ms step_avg:44.56ms
step:390/1190 train_time:17391ms step_avg:44.59ms
step:391/1190 train_time:17438ms step_avg:44.60ms
step:392/1190 train_time:17495ms step_avg:44.63ms
step:393/1190 train_time:17543ms step_avg:44.64ms
step:394/1190 train_time:17601ms step_avg:44.67ms
step:395/1190 train_time:17648ms step_avg:44.68ms
step:396/1190 train_time:17706ms step_avg:44.71ms
step:397/1190 train_time:17753ms step_avg:44.72ms
step:398/1190 train_time:17810ms step_avg:44.75ms
step:399/1190 train_time:17857ms step_avg:44.75ms
step:400/1190 train_time:17915ms step_avg:44.79ms
step:401/1190 train_time:17962ms step_avg:44.79ms
step:402/1190 train_time:18020ms step_avg:44.83ms
step:403/1190 train_time:18067ms step_avg:44.83ms
step:404/1190 train_time:18126ms step_avg:44.87ms
step:405/1190 train_time:18173ms step_avg:44.87ms
step:406/1190 train_time:18230ms step_avg:44.90ms
step:407/1190 train_time:18277ms step_avg:44.91ms
step:408/1190 train_time:18334ms step_avg:44.94ms
step:409/1190 train_time:18381ms step_avg:44.94ms
step:410/1190 train_time:18439ms step_avg:44.97ms
step:411/1190 train_time:18486ms step_avg:44.98ms
step:412/1190 train_time:18544ms step_avg:45.01ms
step:413/1190 train_time:18592ms step_avg:45.02ms
step:414/1190 train_time:18649ms step_avg:45.05ms
step:415/1190 train_time:18696ms step_avg:45.05ms
step:416/1190 train_time:18754ms step_avg:45.08ms
step:417/1190 train_time:18802ms step_avg:45.09ms
step:418/1190 train_time:18860ms step_avg:45.12ms
step:419/1190 train_time:18908ms step_avg:45.13ms
step:420/1190 train_time:18966ms step_avg:45.16ms
step:421/1190 train_time:19013ms step_avg:45.16ms
step:422/1190 train_time:19071ms step_avg:45.19ms
step:423/1190 train_time:19117ms step_avg:45.19ms
step:424/1190 train_time:19175ms step_avg:45.22ms
step:425/1190 train_time:19223ms step_avg:45.23ms
step:426/1190 train_time:19279ms step_avg:45.26ms
step:427/1190 train_time:19328ms step_avg:45.26ms
step:428/1190 train_time:19384ms step_avg:45.29ms
step:429/1190 train_time:19432ms step_avg:45.30ms
step:430/1190 train_time:19490ms step_avg:45.33ms
step:431/1190 train_time:19537ms step_avg:45.33ms
step:432/1190 train_time:19595ms step_avg:45.36ms
step:433/1190 train_time:19641ms step_avg:45.36ms
step:434/1190 train_time:19699ms step_avg:45.39ms
step:435/1190 train_time:19746ms step_avg:45.39ms
step:436/1190 train_time:19804ms step_avg:45.42ms
step:437/1190 train_time:19852ms step_avg:45.43ms
step:438/1190 train_time:19910ms step_avg:45.46ms
step:439/1190 train_time:19956ms step_avg:45.46ms
step:440/1190 train_time:20014ms step_avg:45.49ms
step:441/1190 train_time:20061ms step_avg:45.49ms
step:442/1190 train_time:20118ms step_avg:45.52ms
step:443/1190 train_time:20166ms step_avg:45.52ms
step:444/1190 train_time:20224ms step_avg:45.55ms
step:445/1190 train_time:20271ms step_avg:45.55ms
step:446/1190 train_time:20329ms step_avg:45.58ms
step:447/1190 train_time:20376ms step_avg:45.58ms
step:448/1190 train_time:20433ms step_avg:45.61ms
step:449/1190 train_time:20480ms step_avg:45.61ms
step:450/1190 train_time:20538ms step_avg:45.64ms
step:451/1190 train_time:20585ms step_avg:45.64ms
step:452/1190 train_time:20643ms step_avg:45.67ms
step:453/1190 train_time:20690ms step_avg:45.67ms
step:454/1190 train_time:20749ms step_avg:45.70ms
step:455/1190 train_time:20796ms step_avg:45.71ms
step:456/1190 train_time:20853ms step_avg:45.73ms
step:457/1190 train_time:20901ms step_avg:45.74ms
step:458/1190 train_time:20958ms step_avg:45.76ms
step:459/1190 train_time:21006ms step_avg:45.76ms
step:460/1190 train_time:21063ms step_avg:45.79ms
step:461/1190 train_time:21111ms step_avg:45.79ms
step:462/1190 train_time:21169ms step_avg:45.82ms
step:463/1190 train_time:21215ms step_avg:45.82ms
step:464/1190 train_time:21272ms step_avg:45.85ms
step:465/1190 train_time:21320ms step_avg:45.85ms
step:466/1190 train_time:21377ms step_avg:45.87ms
step:467/1190 train_time:21425ms step_avg:45.88ms
step:468/1190 train_time:21482ms step_avg:45.90ms
step:469/1190 train_time:21530ms step_avg:45.91ms
step:470/1190 train_time:21587ms step_avg:45.93ms
step:471/1190 train_time:21634ms step_avg:45.93ms
step:472/1190 train_time:21692ms step_avg:45.96ms
step:473/1190 train_time:21740ms step_avg:45.96ms
step:474/1190 train_time:21797ms step_avg:45.99ms
step:475/1190 train_time:21845ms step_avg:45.99ms
step:476/1190 train_time:21902ms step_avg:46.01ms
step:477/1190 train_time:21950ms step_avg:46.02ms
step:478/1190 train_time:22008ms step_avg:46.04ms
step:479/1190 train_time:22055ms step_avg:46.04ms
step:480/1190 train_time:22112ms step_avg:46.07ms
step:481/1190 train_time:22159ms step_avg:46.07ms
step:482/1190 train_time:22216ms step_avg:46.09ms
step:483/1190 train_time:22264ms step_avg:46.10ms
step:484/1190 train_time:22322ms step_avg:46.12ms
step:485/1190 train_time:22369ms step_avg:46.12ms
step:486/1190 train_time:22426ms step_avg:46.14ms
step:487/1190 train_time:22474ms step_avg:46.15ms
step:488/1190 train_time:22530ms step_avg:46.17ms
step:489/1190 train_time:22578ms step_avg:46.17ms
step:490/1190 train_time:22634ms step_avg:46.19ms
step:491/1190 train_time:22683ms step_avg:46.20ms
step:492/1190 train_time:22740ms step_avg:46.22ms
step:493/1190 train_time:22789ms step_avg:46.22ms
step:494/1190 train_time:22846ms step_avg:46.25ms
step:495/1190 train_time:22893ms step_avg:46.25ms
step:496/1190 train_time:22950ms step_avg:46.27ms
step:497/1190 train_time:22998ms step_avg:46.27ms
step:498/1190 train_time:23055ms step_avg:46.29ms
step:499/1190 train_time:23103ms step_avg:46.30ms
step:500/1190 train_time:23161ms step_avg:46.32ms
step:500/1190 val_loss:3.88756156 train_time:23213ms step_avg:46.43ms
step:501/1190 train_time:23241ms step_avg:46.39ms
step:502/1190 train_time:23272ms step_avg:46.36ms
step:503/1190 train_time:23317ms step_avg:46.36ms
step:504/1190 train_time:23375ms step_avg:46.38ms
step:505/1190 train_time:23427ms step_avg:46.39ms
step:506/1190 train_time:23484ms step_avg:46.41ms
step:507/1190 train_time:23533ms step_avg:46.42ms
step:508/1190 train_time:23591ms step_avg:46.44ms
step:509/1190 train_time:23638ms step_avg:46.44ms
step:510/1190 train_time:23695ms step_avg:46.46ms
step:511/1190 train_time:23742ms step_avg:46.46ms
step:512/1190 train_time:23799ms step_avg:46.48ms
step:513/1190 train_time:23847ms step_avg:46.48ms
step:514/1190 train_time:23904ms step_avg:46.51ms
step:515/1190 train_time:23951ms step_avg:46.51ms
step:516/1190 train_time:24008ms step_avg:46.53ms
step:517/1190 train_time:24055ms step_avg:46.53ms
step:518/1190 train_time:24112ms step_avg:46.55ms
step:519/1190 train_time:24160ms step_avg:46.55ms
step:520/1190 train_time:24217ms step_avg:46.57ms
step:521/1190 train_time:24265ms step_avg:46.57ms
step:522/1190 train_time:24322ms step_avg:46.59ms
step:523/1190 train_time:24370ms step_avg:46.60ms
step:524/1190 train_time:24428ms step_avg:46.62ms
step:525/1190 train_time:24475ms step_avg:46.62ms
step:526/1190 train_time:24533ms step_avg:46.64ms
step:527/1190 train_time:24580ms step_avg:46.64ms
step:528/1190 train_time:24638ms step_avg:46.66ms
step:529/1190 train_time:24684ms step_avg:46.66ms
step:530/1190 train_time:24742ms step_avg:46.68ms
step:531/1190 train_time:24789ms step_avg:46.68ms
step:532/1190 train_time:24847ms step_avg:46.70ms
step:533/1190 train_time:24894ms step_avg:46.70ms
step:534/1190 train_time:24951ms step_avg:46.73ms
step:535/1190 train_time:24998ms step_avg:46.73ms
step:536/1190 train_time:25055ms step_avg:46.74ms
step:537/1190 train_time:25102ms step_avg:46.75ms
step:538/1190 train_time:25159ms step_avg:46.76ms
step:539/1190 train_time:25208ms step_avg:46.77ms
step:540/1190 train_time:25264ms step_avg:46.79ms
step:541/1190 train_time:25312ms step_avg:46.79ms
step:542/1190 train_time:25369ms step_avg:46.81ms
step:543/1190 train_time:25416ms step_avg:46.81ms
step:544/1190 train_time:25474ms step_avg:46.83ms
step:545/1190 train_time:25521ms step_avg:46.83ms
step:546/1190 train_time:25578ms step_avg:46.85ms
step:547/1190 train_time:25626ms step_avg:46.85ms
step:548/1190 train_time:25683ms step_avg:46.87ms
step:549/1190 train_time:25730ms step_avg:46.87ms
step:550/1190 train_time:25788ms step_avg:46.89ms
step:551/1190 train_time:25835ms step_avg:46.89ms
step:552/1190 train_time:25893ms step_avg:46.91ms
step:553/1190 train_time:25939ms step_avg:46.91ms
step:554/1190 train_time:25997ms step_avg:46.93ms
step:555/1190 train_time:26044ms step_avg:46.93ms
step:556/1190 train_time:26102ms step_avg:46.95ms
step:557/1190 train_time:26149ms step_avg:46.95ms
step:558/1190 train_time:26206ms step_avg:46.96ms
step:559/1190 train_time:26254ms step_avg:46.97ms
step:560/1190 train_time:26311ms step_avg:46.98ms
step:561/1190 train_time:26358ms step_avg:46.98ms
step:562/1190 train_time:26416ms step_avg:47.00ms
step:563/1190 train_time:26463ms step_avg:47.00ms
step:564/1190 train_time:26519ms step_avg:47.02ms
step:565/1190 train_time:26567ms step_avg:47.02ms
step:566/1190 train_time:26625ms step_avg:47.04ms
step:567/1190 train_time:26672ms step_avg:47.04ms
step:568/1190 train_time:26729ms step_avg:47.06ms
step:569/1190 train_time:26777ms step_avg:47.06ms
step:570/1190 train_time:26833ms step_avg:47.08ms
step:571/1190 train_time:26881ms step_avg:47.08ms
step:572/1190 train_time:26938ms step_avg:47.09ms
step:573/1190 train_time:26985ms step_avg:47.09ms
step:574/1190 train_time:27041ms step_avg:47.11ms
step:575/1190 train_time:27089ms step_avg:47.11ms
step:576/1190 train_time:27146ms step_avg:47.13ms
step:577/1190 train_time:27195ms step_avg:47.13ms
step:578/1190 train_time:27254ms step_avg:47.15ms
step:579/1190 train_time:27300ms step_avg:47.15ms
step:580/1190 train_time:27357ms step_avg:47.17ms
step:581/1190 train_time:27404ms step_avg:47.17ms
step:582/1190 train_time:27463ms step_avg:47.19ms
step:583/1190 train_time:27509ms step_avg:47.19ms
step:584/1190 train_time:27566ms step_avg:47.20ms
step:585/1190 train_time:27614ms step_avg:47.20ms
step:586/1190 train_time:27672ms step_avg:47.22ms
step:587/1190 train_time:27718ms step_avg:47.22ms
step:588/1190 train_time:27776ms step_avg:47.24ms
step:589/1190 train_time:27823ms step_avg:47.24ms
step:590/1190 train_time:27880ms step_avg:47.25ms
step:591/1190 train_time:27927ms step_avg:47.25ms
step:592/1190 train_time:27985ms step_avg:47.27ms
step:593/1190 train_time:28032ms step_avg:47.27ms
step:594/1190 train_time:28089ms step_avg:47.29ms
step:595/1190 train_time:28137ms step_avg:47.29ms
step:596/1190 train_time:28194ms step_avg:47.31ms
step:597/1190 train_time:28241ms step_avg:47.31ms
step:598/1190 train_time:28297ms step_avg:47.32ms
step:599/1190 train_time:28346ms step_avg:47.32ms
step:600/1190 train_time:28403ms step_avg:47.34ms
step:601/1190 train_time:28450ms step_avg:47.34ms
step:602/1190 train_time:28507ms step_avg:47.35ms
step:603/1190 train_time:28555ms step_avg:47.36ms
step:604/1190 train_time:28613ms step_avg:47.37ms
step:605/1190 train_time:28660ms step_avg:47.37ms
step:606/1190 train_time:28717ms step_avg:47.39ms
step:607/1190 train_time:28764ms step_avg:47.39ms
step:608/1190 train_time:28821ms step_avg:47.40ms
step:609/1190 train_time:28869ms step_avg:47.40ms
step:610/1190 train_time:28926ms step_avg:47.42ms
step:611/1190 train_time:28973ms step_avg:47.42ms
step:612/1190 train_time:29032ms step_avg:47.44ms
step:613/1190 train_time:29078ms step_avg:47.44ms
step:614/1190 train_time:29135ms step_avg:47.45ms
step:615/1190 train_time:29182ms step_avg:47.45ms
step:616/1190 train_time:29239ms step_avg:47.47ms
step:617/1190 train_time:29286ms step_avg:47.47ms
step:618/1190 train_time:29344ms step_avg:47.48ms
step:619/1190 train_time:29391ms step_avg:47.48ms
step:620/1190 train_time:29448ms step_avg:47.50ms
step:621/1190 train_time:29497ms step_avg:47.50ms
step:622/1190 train_time:29555ms step_avg:47.52ms
step:623/1190 train_time:29601ms step_avg:47.51ms
step:624/1190 train_time:29660ms step_avg:47.53ms
step:625/1190 train_time:29706ms step_avg:47.53ms
step:626/1190 train_time:29764ms step_avg:47.55ms
step:627/1190 train_time:29812ms step_avg:47.55ms
step:628/1190 train_time:29870ms step_avg:47.56ms
step:629/1190 train_time:29916ms step_avg:47.56ms
step:630/1190 train_time:29974ms step_avg:47.58ms
step:631/1190 train_time:30020ms step_avg:47.58ms
step:632/1190 train_time:30077ms step_avg:47.59ms
step:633/1190 train_time:30125ms step_avg:47.59ms
step:634/1190 train_time:30182ms step_avg:47.61ms
step:635/1190 train_time:30230ms step_avg:47.61ms
step:636/1190 train_time:30288ms step_avg:47.62ms
step:637/1190 train_time:30334ms step_avg:47.62ms
step:638/1190 train_time:30392ms step_avg:47.64ms
step:639/1190 train_time:30439ms step_avg:47.63ms
step:640/1190 train_time:30496ms step_avg:47.65ms
step:641/1190 train_time:30543ms step_avg:47.65ms
step:642/1190 train_time:30600ms step_avg:47.66ms
step:643/1190 train_time:30647ms step_avg:47.66ms
step:644/1190 train_time:30706ms step_avg:47.68ms
step:645/1190 train_time:30752ms step_avg:47.68ms
step:646/1190 train_time:30811ms step_avg:47.69ms
step:647/1190 train_time:30857ms step_avg:47.69ms
step:648/1190 train_time:30915ms step_avg:47.71ms
step:649/1190 train_time:30962ms step_avg:47.71ms
step:650/1190 train_time:31019ms step_avg:47.72ms
step:651/1190 train_time:31066ms step_avg:47.72ms
step:652/1190 train_time:31123ms step_avg:47.73ms
step:653/1190 train_time:31171ms step_avg:47.73ms
step:654/1190 train_time:31272ms step_avg:47.82ms
step:655/1190 train_time:31304ms step_avg:47.79ms
step:656/1190 train_time:31340ms step_avg:47.77ms
step:657/1190 train_time:31381ms step_avg:47.76ms
step:658/1190 train_time:31437ms step_avg:47.78ms
step:659/1190 train_time:31485ms step_avg:47.78ms
step:660/1190 train_time:31542ms step_avg:47.79ms
step:661/1190 train_time:31589ms step_avg:47.79ms
step:662/1190 train_time:31647ms step_avg:47.81ms
step:663/1190 train_time:31694ms step_avg:47.80ms
step:664/1190 train_time:31751ms step_avg:47.82ms
step:665/1190 train_time:31798ms step_avg:47.82ms
step:666/1190 train_time:31855ms step_avg:47.83ms
step:667/1190 train_time:31903ms step_avg:47.83ms
step:668/1190 train_time:31960ms step_avg:47.84ms
step:669/1190 train_time:32008ms step_avg:47.84ms
step:670/1190 train_time:32065ms step_avg:47.86ms
step:671/1190 train_time:32112ms step_avg:47.86ms
step:672/1190 train_time:32170ms step_avg:47.87ms
step:673/1190 train_time:32217ms step_avg:47.87ms
step:674/1190 train_time:32274ms step_avg:47.88ms
step:675/1190 train_time:32321ms step_avg:47.88ms
step:676/1190 train_time:32377ms step_avg:47.90ms
step:677/1190 train_time:32425ms step_avg:47.89ms
step:678/1190 train_time:32482ms step_avg:47.91ms
step:679/1190 train_time:32530ms step_avg:47.91ms
step:680/1190 train_time:32587ms step_avg:47.92ms
step:681/1190 train_time:32634ms step_avg:47.92ms
step:682/1190 train_time:32693ms step_avg:47.94ms
step:683/1190 train_time:32739ms step_avg:47.93ms
step:684/1190 train_time:32796ms step_avg:47.95ms
step:685/1190 train_time:32843ms step_avg:47.95ms
step:686/1190 train_time:32901ms step_avg:47.96ms
step:687/1190 train_time:32948ms step_avg:47.96ms
step:688/1190 train_time:33006ms step_avg:47.97ms
step:689/1190 train_time:33053ms step_avg:47.97ms
step:690/1190 train_time:33110ms step_avg:47.99ms
step:691/1190 train_time:33158ms step_avg:47.98ms
step:692/1190 train_time:33214ms step_avg:48.00ms
step:693/1190 train_time:33262ms step_avg:48.00ms
step:694/1190 train_time:33319ms step_avg:48.01ms
step:695/1190 train_time:33366ms step_avg:48.01ms
step:696/1190 train_time:33423ms step_avg:48.02ms
step:697/1190 train_time:33471ms step_avg:48.02ms
step:698/1190 train_time:33528ms step_avg:48.03ms
step:699/1190 train_time:33575ms step_avg:48.03ms
step:700/1190 train_time:33632ms step_avg:48.05ms
step:701/1190 train_time:33679ms step_avg:48.04ms
step:702/1190 train_time:33736ms step_avg:48.06ms
step:703/1190 train_time:33783ms step_avg:48.06ms
step:704/1190 train_time:33841ms step_avg:48.07ms
step:705/1190 train_time:33888ms step_avg:48.07ms
step:706/1190 train_time:33945ms step_avg:48.08ms
step:707/1190 train_time:33993ms step_avg:48.08ms
step:708/1190 train_time:34051ms step_avg:48.09ms
step:709/1190 train_time:34124ms step_avg:48.13ms
step:710/1190 train_time:34203ms step_avg:48.17ms
step:711/1190 train_time:34274ms step_avg:48.21ms
step:712/1190 train_time:34353ms step_avg:48.25ms
step:713/1190 train_time:34424ms step_avg:48.28ms
step:714/1190 train_time:34503ms step_avg:48.32ms
step:715/1190 train_time:34574ms step_avg:48.36ms
step:716/1190 train_time:34654ms step_avg:48.40ms
step:717/1190 train_time:34724ms step_avg:48.43ms
step:718/1190 train_time:34803ms step_avg:48.47ms
step:719/1190 train_time:34873ms step_avg:48.50ms
step:720/1190 train_time:34954ms step_avg:48.55ms
step:721/1190 train_time:35023ms step_avg:48.58ms
step:722/1190 train_time:35103ms step_avg:48.62ms
step:723/1190 train_time:35173ms step_avg:48.65ms
step:724/1190 train_time:35253ms step_avg:48.69ms
step:725/1190 train_time:35323ms step_avg:48.72ms
step:726/1190 train_time:35403ms step_avg:48.76ms
step:727/1190 train_time:35473ms step_avg:48.79ms
step:728/1190 train_time:35552ms step_avg:48.84ms
step:729/1190 train_time:35623ms step_avg:48.87ms
step:730/1190 train_time:35702ms step_avg:48.91ms
step:731/1190 train_time:35772ms step_avg:48.94ms
step:732/1190 train_time:35852ms step_avg:48.98ms
step:733/1190 train_time:35922ms step_avg:49.01ms
step:734/1190 train_time:36002ms step_avg:49.05ms
step:735/1190 train_time:36072ms step_avg:49.08ms
step:736/1190 train_time:36151ms step_avg:49.12ms
step:737/1190 train_time:36222ms step_avg:49.15ms
step:738/1190 train_time:36302ms step_avg:49.19ms
step:739/1190 train_time:36372ms step_avg:49.22ms
step:740/1190 train_time:36452ms step_avg:49.26ms
step:741/1190 train_time:36522ms step_avg:49.29ms
step:742/1190 train_time:36602ms step_avg:49.33ms
step:743/1190 train_time:36672ms step_avg:49.36ms
step:744/1190 train_time:36751ms step_avg:49.40ms
step:745/1190 train_time:36822ms step_avg:49.43ms
step:746/1190 train_time:36901ms step_avg:49.47ms
step:747/1190 train_time:36972ms step_avg:49.49ms
step:748/1190 train_time:37052ms step_avg:49.53ms
step:749/1190 train_time:37122ms step_avg:49.56ms
step:750/1190 train_time:37201ms step_avg:49.60ms
step:750/1190 val_loss:3.50310969 train_time:37278ms step_avg:49.70ms
step:751/1190 train_time:37306ms step_avg:49.68ms
step:752/1190 train_time:37356ms step_avg:49.68ms
step:753/1190 train_time:37431ms step_avg:49.71ms
step:754/1190 train_time:37511ms step_avg:49.75ms
step:755/1190 train_time:37585ms step_avg:49.78ms
step:756/1190 train_time:37664ms step_avg:49.82ms
step:757/1190 train_time:37735ms step_avg:49.85ms
step:758/1190 train_time:37814ms step_avg:49.89ms
step:759/1190 train_time:37884ms step_avg:49.91ms
step:760/1190 train_time:37963ms step_avg:49.95ms
step:761/1190 train_time:38034ms step_avg:49.98ms
step:762/1190 train_time:38113ms step_avg:50.02ms
step:763/1190 train_time:38183ms step_avg:50.04ms
step:764/1190 train_time:38263ms step_avg:50.08ms
step:765/1190 train_time:38333ms step_avg:50.11ms
step:766/1190 train_time:38414ms step_avg:50.15ms
step:767/1190 train_time:38485ms step_avg:50.18ms
step:768/1190 train_time:38565ms step_avg:50.22ms
step:769/1190 train_time:38637ms step_avg:50.24ms
step:770/1190 train_time:38715ms step_avg:50.28ms
step:771/1190 train_time:38787ms step_avg:50.31ms
step:772/1190 train_time:38866ms step_avg:50.34ms
step:773/1190 train_time:38937ms step_avg:50.37ms
step:774/1190 train_time:39016ms step_avg:50.41ms
step:775/1190 train_time:39087ms step_avg:50.43ms
step:776/1190 train_time:39166ms step_avg:50.47ms
step:777/1190 train_time:39236ms step_avg:50.50ms
step:778/1190 train_time:39315ms step_avg:50.53ms
step:779/1190 train_time:39386ms step_avg:50.56ms
step:780/1190 train_time:39466ms step_avg:50.60ms
step:781/1190 train_time:39536ms step_avg:50.62ms
step:782/1190 train_time:39615ms step_avg:50.66ms
step:783/1190 train_time:39686ms step_avg:50.68ms
step:784/1190 train_time:39767ms step_avg:50.72ms
step:785/1190 train_time:39836ms step_avg:50.75ms
step:786/1190 train_time:39916ms step_avg:50.78ms
step:787/1190 train_time:39987ms step_avg:50.81ms
step:788/1190 train_time:40067ms step_avg:50.85ms
step:789/1190 train_time:40137ms step_avg:50.87ms
step:790/1190 train_time:40216ms step_avg:50.91ms
step:791/1190 train_time:40287ms step_avg:50.93ms
step:792/1190 train_time:40366ms step_avg:50.97ms
step:793/1190 train_time:40437ms step_avg:50.99ms
step:794/1190 train_time:40517ms step_avg:51.03ms
step:795/1190 train_time:40588ms step_avg:51.05ms
step:796/1190 train_time:40668ms step_avg:51.09ms
step:797/1190 train_time:40739ms step_avg:51.12ms
step:798/1190 train_time:40818ms step_avg:51.15ms
step:799/1190 train_time:40889ms step_avg:51.17ms
step:800/1190 train_time:40969ms step_avg:51.21ms
step:801/1190 train_time:41039ms step_avg:51.24ms
step:802/1190 train_time:41118ms step_avg:51.27ms
step:803/1190 train_time:41189ms step_avg:51.29ms
step:804/1190 train_time:41269ms step_avg:51.33ms
step:805/1190 train_time:41338ms step_avg:51.35ms
step:806/1190 train_time:41417ms step_avg:51.39ms
step:807/1190 train_time:41488ms step_avg:51.41ms
step:808/1190 train_time:41567ms step_avg:51.44ms
step:809/1190 train_time:41640ms step_avg:51.47ms
step:810/1190 train_time:41719ms step_avg:51.50ms
step:811/1190 train_time:41790ms step_avg:51.53ms
step:812/1190 train_time:41870ms step_avg:51.56ms
step:813/1190 train_time:41941ms step_avg:51.59ms
step:814/1190 train_time:42021ms step_avg:51.62ms
step:815/1190 train_time:42092ms step_avg:51.65ms
step:816/1190 train_time:42172ms step_avg:51.68ms
step:817/1190 train_time:42242ms step_avg:51.70ms
step:818/1190 train_time:42322ms step_avg:51.74ms
step:819/1190 train_time:42393ms step_avg:51.76ms
step:820/1190 train_time:42472ms step_avg:51.79ms
step:821/1190 train_time:42542ms step_avg:51.82ms
step:822/1190 train_time:42621ms step_avg:51.85ms
step:823/1190 train_time:42692ms step_avg:51.87ms
step:824/1190 train_time:42772ms step_avg:51.91ms
step:825/1190 train_time:42842ms step_avg:51.93ms
step:826/1190 train_time:42922ms step_avg:51.96ms
step:827/1190 train_time:42992ms step_avg:51.99ms
step:828/1190 train_time:43072ms step_avg:52.02ms
step:829/1190 train_time:43142ms step_avg:52.04ms
step:830/1190 train_time:43221ms step_avg:52.07ms
step:831/1190 train_time:43292ms step_avg:52.10ms
step:832/1190 train_time:43372ms step_avg:52.13ms
step:833/1190 train_time:43443ms step_avg:52.15ms
step:834/1190 train_time:43522ms step_avg:52.18ms
step:835/1190 train_time:43593ms step_avg:52.21ms
step:836/1190 train_time:43673ms step_avg:52.24ms
step:837/1190 train_time:43744ms step_avg:52.26ms
step:838/1190 train_time:43824ms step_avg:52.30ms
step:839/1190 train_time:43894ms step_avg:52.32ms
step:840/1190 train_time:43973ms step_avg:52.35ms
step:841/1190 train_time:44044ms step_avg:52.37ms
step:842/1190 train_time:44124ms step_avg:52.40ms
step:843/1190 train_time:44194ms step_avg:52.42ms
step:844/1190 train_time:44273ms step_avg:52.46ms
step:845/1190 train_time:44344ms step_avg:52.48ms
step:846/1190 train_time:44423ms step_avg:52.51ms
step:847/1190 train_time:44494ms step_avg:52.53ms
step:848/1190 train_time:44573ms step_avg:52.56ms
step:849/1190 train_time:44644ms step_avg:52.58ms
step:850/1190 train_time:44723ms step_avg:52.62ms
step:851/1190 train_time:44794ms step_avg:52.64ms
step:852/1190 train_time:44873ms step_avg:52.67ms
step:853/1190 train_time:44944ms step_avg:52.69ms
step:854/1190 train_time:45023ms step_avg:52.72ms
step:855/1190 train_time:45094ms step_avg:52.74ms
step:856/1190 train_time:45173ms step_avg:52.77ms
step:857/1190 train_time:45244ms step_avg:52.79ms
step:858/1190 train_time:45323ms step_avg:52.82ms
step:859/1190 train_time:45394ms step_avg:52.85ms
step:860/1190 train_time:45473ms step_avg:52.88ms
step:861/1190 train_time:45544ms step_avg:52.90ms
step:862/1190 train_time:45622ms step_avg:52.93ms
step:863/1190 train_time:45693ms step_avg:52.95ms
step:864/1190 train_time:45772ms step_avg:52.98ms
step:865/1190 train_time:45844ms step_avg:53.00ms
step:866/1190 train_time:45922ms step_avg:53.03ms
step:867/1190 train_time:45994ms step_avg:53.05ms
step:868/1190 train_time:46074ms step_avg:53.08ms
step:869/1190 train_time:46143ms step_avg:53.10ms
step:870/1190 train_time:46223ms step_avg:53.13ms
step:871/1190 train_time:46293ms step_avg:53.15ms
step:872/1190 train_time:46373ms step_avg:53.18ms
step:873/1190 train_time:46443ms step_avg:53.20ms
step:874/1190 train_time:46521ms step_avg:53.23ms
step:875/1190 train_time:46593ms step_avg:53.25ms
step:876/1190 train_time:46672ms step_avg:53.28ms
step:877/1190 train_time:46742ms step_avg:53.30ms
step:878/1190 train_time:46820ms step_avg:53.33ms
step:879/1190 train_time:46892ms step_avg:53.35ms
step:880/1190 train_time:46971ms step_avg:53.38ms
step:881/1190 train_time:47042ms step_avg:53.40ms
step:882/1190 train_time:47121ms step_avg:53.43ms
step:883/1190 train_time:47192ms step_avg:53.44ms
step:884/1190 train_time:47271ms step_avg:53.47ms
step:885/1190 train_time:47341ms step_avg:53.49ms
step:886/1190 train_time:47439ms step_avg:53.54ms
step:887/1190 train_time:47515ms step_avg:53.57ms
step:888/1190 train_time:47581ms step_avg:53.58ms
step:889/1190 train_time:47650ms step_avg:53.60ms
step:890/1190 train_time:47730ms step_avg:53.63ms
step:891/1190 train_time:47800ms step_avg:53.65ms
step:892/1190 train_time:47879ms step_avg:53.68ms
step:893/1190 train_time:47949ms step_avg:53.69ms
step:894/1190 train_time:48029ms step_avg:53.72ms
step:895/1190 train_time:48099ms step_avg:53.74ms
step:896/1190 train_time:48178ms step_avg:53.77ms
step:897/1190 train_time:48249ms step_avg:53.79ms
step:898/1190 train_time:48328ms step_avg:53.82ms
step:899/1190 train_time:48399ms step_avg:53.84ms
step:900/1190 train_time:48478ms step_avg:53.86ms
step:901/1190 train_time:48549ms step_avg:53.88ms
step:902/1190 train_time:48629ms step_avg:53.91ms
step:903/1190 train_time:48700ms step_avg:53.93ms
step:904/1190 train_time:48779ms step_avg:53.96ms
step:905/1190 train_time:48850ms step_avg:53.98ms
step:906/1190 train_time:48929ms step_avg:54.01ms
step:907/1190 train_time:49000ms step_avg:54.02ms
step:908/1190 train_time:49079ms step_avg:54.05ms
step:909/1190 train_time:49150ms step_avg:54.07ms
step:910/1190 train_time:49229ms step_avg:54.10ms
step:911/1190 train_time:49300ms step_avg:54.12ms
step:912/1190 train_time:49378ms step_avg:54.14ms
step:913/1190 train_time:49449ms step_avg:54.16ms
step:914/1190 train_time:49528ms step_avg:54.19ms
step:915/1190 train_time:49599ms step_avg:54.21ms
step:916/1190 train_time:49678ms step_avg:54.23ms
step:917/1190 train_time:49749ms step_avg:54.25ms
step:918/1190 train_time:49828ms step_avg:54.28ms
step:919/1190 train_time:49898ms step_avg:54.30ms
step:920/1190 train_time:49978ms step_avg:54.32ms
step:921/1190 train_time:50048ms step_avg:54.34ms
step:922/1190 train_time:50126ms step_avg:54.37ms
step:923/1190 train_time:50197ms step_avg:54.39ms
step:924/1190 train_time:50277ms step_avg:54.41ms
step:925/1190 train_time:50348ms step_avg:54.43ms
step:926/1190 train_time:50428ms step_avg:54.46ms
step:927/1190 train_time:50499ms step_avg:54.48ms
step:928/1190 train_time:50578ms step_avg:54.50ms
step:929/1190 train_time:50649ms step_avg:54.52ms
step:930/1190 train_time:50729ms step_avg:54.55ms
step:931/1190 train_time:50799ms step_avg:54.56ms
step:932/1190 train_time:50878ms step_avg:54.59ms
step:933/1190 train_time:50948ms step_avg:54.61ms
step:934/1190 train_time:51027ms step_avg:54.63ms
step:935/1190 train_time:51098ms step_avg:54.65ms
step:936/1190 train_time:51177ms step_avg:54.68ms
step:937/1190 train_time:51247ms step_avg:54.69ms
step:938/1190 train_time:51326ms step_avg:54.72ms
step:939/1190 train_time:51397ms step_avg:54.74ms
step:940/1190 train_time:51477ms step_avg:54.76ms
step:941/1190 train_time:51548ms step_avg:54.78ms
step:942/1190 train_time:51627ms step_avg:54.81ms
step:943/1190 train_time:51698ms step_avg:54.82ms
step:944/1190 train_time:51777ms step_avg:54.85ms
step:945/1190 train_time:51848ms step_avg:54.87ms
step:946/1190 train_time:51928ms step_avg:54.89ms
step:947/1190 train_time:51998ms step_avg:54.91ms
step:948/1190 train_time:52078ms step_avg:54.93ms
step:949/1190 train_time:52148ms step_avg:54.95ms
step:950/1190 train_time:52228ms step_avg:54.98ms
step:951/1190 train_time:52298ms step_avg:54.99ms
step:952/1190 train_time:52376ms step_avg:55.02ms
step:953/1190 train_time:52447ms step_avg:55.03ms
step:954/1190 train_time:52527ms step_avg:55.06ms
step:955/1190 train_time:52597ms step_avg:55.08ms
step:956/1190 train_time:52678ms step_avg:55.10ms
step:957/1190 train_time:52748ms step_avg:55.12ms
step:958/1190 train_time:52827ms step_avg:55.14ms
step:959/1190 train_time:52898ms step_avg:55.16ms
step:960/1190 train_time:52977ms step_avg:55.18ms
step:961/1190 train_time:53047ms step_avg:55.20ms
step:962/1190 train_time:53128ms step_avg:55.23ms
step:963/1190 train_time:53198ms step_avg:55.24ms
step:964/1190 train_time:53277ms step_avg:55.27ms
step:965/1190 train_time:53347ms step_avg:55.28ms
step:966/1190 train_time:53426ms step_avg:55.31ms
step:967/1190 train_time:53498ms step_avg:55.32ms
step:968/1190 train_time:53577ms step_avg:55.35ms
step:969/1190 train_time:53648ms step_avg:55.36ms
step:970/1190 train_time:53726ms step_avg:55.39ms
step:971/1190 train_time:53799ms step_avg:55.41ms
step:972/1190 train_time:53878ms step_avg:55.43ms
step:973/1190 train_time:53949ms step_avg:55.45ms
step:974/1190 train_time:54030ms step_avg:55.47ms
step:975/1190 train_time:54100ms step_avg:55.49ms
step:976/1190 train_time:54179ms step_avg:55.51ms
step:977/1190 train_time:54250ms step_avg:55.53ms
step:978/1190 train_time:54330ms step_avg:55.55ms
step:979/1190 train_time:54400ms step_avg:55.57ms
step:980/1190 train_time:54480ms step_avg:55.59ms
step:981/1190 train_time:54550ms step_avg:55.61ms
step:982/1190 train_time:54629ms step_avg:55.63ms
step:983/1190 train_time:54700ms step_avg:55.65ms
step:984/1190 train_time:54780ms step_avg:55.67ms
step:985/1190 train_time:54850ms step_avg:55.69ms
step:986/1190 train_time:54931ms step_avg:55.71ms
step:987/1190 train_time:55000ms step_avg:55.72ms
step:988/1190 train_time:55081ms step_avg:55.75ms
step:989/1190 train_time:55152ms step_avg:55.76ms
step:990/1190 train_time:55232ms step_avg:55.79ms
step:991/1190 train_time:55301ms step_avg:55.80ms
step:992/1190 train_time:55381ms step_avg:55.83ms
step:993/1190 train_time:55452ms step_avg:55.84ms
step:994/1190 train_time:55532ms step_avg:55.87ms
step:995/1190 train_time:55602ms step_avg:55.88ms
step:996/1190 train_time:55681ms step_avg:55.90ms
step:997/1190 train_time:55752ms step_avg:55.92ms
step:998/1190 train_time:55833ms step_avg:55.94ms
step:999/1190 train_time:55903ms step_avg:55.96ms
step:1000/1190 train_time:55983ms step_avg:55.98ms
step:1000/1190 val_loss:3.34994316 train_time:56058ms step_avg:56.06ms
step:1001/1190 train_time:56086ms step_avg:56.03ms
step:1002/1190 train_time:56135ms step_avg:56.02ms
step:1003/1190 train_time:56210ms step_avg:56.04ms
step:1004/1190 train_time:56292ms step_avg:56.07ms
step:1005/1190 train_time:56365ms step_avg:56.08ms
step:1006/1190 train_time:56444ms step_avg:56.11ms
step:1007/1190 train_time:56514ms step_avg:56.12ms
step:1008/1190 train_time:56593ms step_avg:56.14ms
step:1009/1190 train_time:56664ms step_avg:56.16ms
step:1010/1190 train_time:56742ms step_avg:56.18ms
step:1011/1190 train_time:56812ms step_avg:56.19ms
step:1012/1190 train_time:56892ms step_avg:56.22ms
step:1013/1190 train_time:56962ms step_avg:56.23ms
step:1014/1190 train_time:57041ms step_avg:56.25ms
step:1015/1190 train_time:57112ms step_avg:56.27ms
step:1016/1190 train_time:57192ms step_avg:56.29ms
step:1017/1190 train_time:57264ms step_avg:56.31ms
step:1018/1190 train_time:57342ms step_avg:56.33ms
step:1019/1190 train_time:57414ms step_avg:56.34ms
step:1020/1190 train_time:57493ms step_avg:56.37ms
step:1021/1190 train_time:57563ms step_avg:56.38ms
step:1022/1190 train_time:57642ms step_avg:56.40ms
step:1023/1190 train_time:57712ms step_avg:56.41ms
step:1024/1190 train_time:57791ms step_avg:56.44ms
step:1025/1190 train_time:57862ms step_avg:56.45ms
step:1026/1190 train_time:57942ms step_avg:56.47ms
step:1027/1190 train_time:58011ms step_avg:56.49ms
step:1028/1190 train_time:58091ms step_avg:56.51ms
step:1029/1190 train_time:58162ms step_avg:56.52ms
step:1030/1190 train_time:58243ms step_avg:56.55ms
step:1031/1190 train_time:58312ms step_avg:56.56ms
step:1032/1190 train_time:58392ms step_avg:56.58ms
step:1033/1190 train_time:58463ms step_avg:56.59ms
step:1034/1190 train_time:58542ms step_avg:56.62ms
step:1035/1190 train_time:58612ms step_avg:56.63ms
step:1036/1190 train_time:58692ms step_avg:56.65ms
step:1037/1190 train_time:58763ms step_avg:56.67ms
step:1038/1190 train_time:58841ms step_avg:56.69ms
step:1039/1190 train_time:58911ms step_avg:56.70ms
step:1040/1190 train_time:58990ms step_avg:56.72ms
step:1041/1190 train_time:59061ms step_avg:56.74ms
step:1042/1190 train_time:59141ms step_avg:56.76ms
step:1043/1190 train_time:59212ms step_avg:56.77ms
step:1044/1190 train_time:59291ms step_avg:56.79ms
step:1045/1190 train_time:59362ms step_avg:56.81ms
step:1046/1190 train_time:59442ms step_avg:56.83ms
step:1047/1190 train_time:59511ms step_avg:56.84ms
step:1048/1190 train_time:59590ms step_avg:56.86ms
step:1049/1190 train_time:59661ms step_avg:56.87ms
step:1050/1190 train_time:59740ms step_avg:56.90ms
step:1051/1190 train_time:59811ms step_avg:56.91ms
step:1052/1190 train_time:59890ms step_avg:56.93ms
step:1053/1190 train_time:59960ms step_avg:56.94ms
step:1054/1190 train_time:60041ms step_avg:56.96ms
step:1055/1190 train_time:60110ms step_avg:56.98ms
step:1056/1190 train_time:60189ms step_avg:57.00ms
step:1057/1190 train_time:60260ms step_avg:57.01ms
step:1058/1190 train_time:60338ms step_avg:57.03ms
step:1059/1190 train_time:60410ms step_avg:57.04ms
step:1060/1190 train_time:60490ms step_avg:57.07ms
step:1061/1190 train_time:60560ms step_avg:57.08ms
step:1062/1190 train_time:60639ms step_avg:57.10ms
step:1063/1190 train_time:60710ms step_avg:57.11ms
step:1064/1190 train_time:60789ms step_avg:57.13ms
step:1065/1190 train_time:60860ms step_avg:57.15ms
step:1066/1190 train_time:60938ms step_avg:57.16ms
step:1067/1190 train_time:61010ms step_avg:57.18ms
step:1068/1190 train_time:61088ms step_avg:57.20ms
step:1069/1190 train_time:61160ms step_avg:57.21ms
step:1070/1190 train_time:61238ms step_avg:57.23ms
step:1071/1190 train_time:61310ms step_avg:57.25ms
step:1072/1190 train_time:61389ms step_avg:57.27ms
step:1073/1190 train_time:61460ms step_avg:57.28ms
step:1074/1190 train_time:61539ms step_avg:57.30ms
step:1075/1190 train_time:61610ms step_avg:57.31ms
step:1076/1190 train_time:61689ms step_avg:57.33ms
step:1077/1190 train_time:61760ms step_avg:57.34ms
step:1078/1190 train_time:61839ms step_avg:57.36ms
step:1079/1190 train_time:61909ms step_avg:57.38ms
step:1080/1190 train_time:61989ms step_avg:57.40ms
step:1081/1190 train_time:62060ms step_avg:57.41ms
step:1082/1190 train_time:62139ms step_avg:57.43ms
step:1083/1190 train_time:62209ms step_avg:57.44ms
step:1084/1190 train_time:62288ms step_avg:57.46ms
step:1085/1190 train_time:62359ms step_avg:57.47ms
step:1086/1190 train_time:62438ms step_avg:57.49ms
step:1087/1190 train_time:62509ms step_avg:57.51ms
step:1088/1190 train_time:62588ms step_avg:57.53ms
step:1089/1190 train_time:62659ms step_avg:57.54ms
step:1090/1190 train_time:62738ms step_avg:57.56ms
step:1091/1190 train_time:62810ms step_avg:57.57ms
step:1092/1190 train_time:62889ms step_avg:57.59ms
step:1093/1190 train_time:62960ms step_avg:57.60ms
step:1094/1190 train_time:63040ms step_avg:57.62ms
step:1095/1190 train_time:63110ms step_avg:57.63ms
step:1096/1190 train_time:63190ms step_avg:57.66ms
step:1097/1190 train_time:63260ms step_avg:57.67ms
step:1098/1190 train_time:63415ms step_avg:57.76ms
step:1099/1190 train_time:63450ms step_avg:57.73ms
step:1100/1190 train_time:63497ms step_avg:57.72ms
step:1101/1190 train_time:63566ms step_avg:57.73ms
step:1102/1190 train_time:63645ms step_avg:57.75ms
step:1103/1190 train_time:63715ms step_avg:57.76ms
step:1104/1190 train_time:63795ms step_avg:57.79ms
step:1105/1190 train_time:63865ms step_avg:57.80ms
step:1106/1190 train_time:63943ms step_avg:57.82ms
step:1107/1190 train_time:64014ms step_avg:57.83ms
step:1108/1190 train_time:64093ms step_avg:57.85ms
step:1109/1190 train_time:64164ms step_avg:57.86ms
step:1110/1190 train_time:64243ms step_avg:57.88ms
step:1111/1190 train_time:64314ms step_avg:57.89ms
step:1112/1190 train_time:64394ms step_avg:57.91ms
step:1113/1190 train_time:64465ms step_avg:57.92ms
step:1114/1190 train_time:64543ms step_avg:57.94ms
step:1115/1190 train_time:64615ms step_avg:57.95ms
step:1116/1190 train_time:64694ms step_avg:57.97ms
step:1117/1190 train_time:64765ms step_avg:57.98ms
step:1118/1190 train_time:64843ms step_avg:58.00ms
step:1119/1190 train_time:64914ms step_avg:58.01ms
step:1120/1190 train_time:64993ms step_avg:58.03ms
step:1121/1190 train_time:65065ms step_avg:58.04ms
step:1122/1190 train_time:65143ms step_avg:58.06ms
step:1123/1190 train_time:65214ms step_avg:58.07ms
step:1124/1190 train_time:65294ms step_avg:58.09ms
step:1125/1190 train_time:65364ms step_avg:58.10ms
step:1126/1190 train_time:65443ms step_avg:58.12ms
step:1127/1190 train_time:65514ms step_avg:58.13ms
step:1128/1190 train_time:65593ms step_avg:58.15ms
step:1129/1190 train_time:65664ms step_avg:58.16ms
step:1130/1190 train_time:65744ms step_avg:58.18ms
step:1131/1190 train_time:65817ms step_avg:58.19ms
step:1132/1190 train_time:65898ms step_avg:58.21ms
step:1133/1190 train_time:65970ms step_avg:58.23ms
step:1134/1190 train_time:66048ms step_avg:58.24ms
step:1135/1190 train_time:66120ms step_avg:58.26ms
step:1136/1190 train_time:66200ms step_avg:58.27ms
step:1137/1190 train_time:66271ms step_avg:58.29ms
step:1138/1190 train_time:66349ms step_avg:58.30ms
step:1139/1190 train_time:66422ms step_avg:58.32ms
step:1140/1190 train_time:66502ms step_avg:58.33ms
step:1141/1190 train_time:66573ms step_avg:58.35ms
step:1142/1190 train_time:66652ms step_avg:58.36ms
step:1143/1190 train_time:66723ms step_avg:58.38ms
step:1144/1190 train_time:66803ms step_avg:58.39ms
step:1145/1190 train_time:66874ms step_avg:58.41ms
step:1146/1190 train_time:66955ms step_avg:58.43ms
step:1147/1190 train_time:67025ms step_avg:58.44ms
step:1148/1190 train_time:67107ms step_avg:58.46ms
step:1149/1190 train_time:67175ms step_avg:58.46ms
step:1150/1190 train_time:67259ms step_avg:58.49ms
step:1151/1190 train_time:67326ms step_avg:58.49ms
step:1152/1190 train_time:67406ms step_avg:58.51ms
step:1153/1190 train_time:67477ms step_avg:58.52ms
step:1154/1190 train_time:67556ms step_avg:58.54ms
step:1155/1190 train_time:67628ms step_avg:58.55ms
step:1156/1190 train_time:67707ms step_avg:58.57ms
step:1157/1190 train_time:67778ms step_avg:58.58ms
step:1158/1190 train_time:67858ms step_avg:58.60ms
step:1159/1190 train_time:67929ms step_avg:58.61ms
step:1160/1190 train_time:68009ms step_avg:58.63ms
step:1161/1190 train_time:68080ms step_avg:58.64ms
step:1162/1190 train_time:68159ms step_avg:58.66ms
step:1163/1190 train_time:68230ms step_avg:58.67ms
step:1164/1190 train_time:68310ms step_avg:58.69ms
step:1165/1190 train_time:68381ms step_avg:58.70ms
step:1166/1190 train_time:68461ms step_avg:58.71ms
step:1167/1190 train_time:68531ms step_avg:58.72ms
step:1168/1190 train_time:68611ms step_avg:58.74ms
step:1169/1190 train_time:68682ms step_avg:58.75ms
step:1170/1190 train_time:68763ms step_avg:58.77ms
step:1171/1190 train_time:68833ms step_avg:58.78ms
step:1172/1190 train_time:68913ms step_avg:58.80ms
step:1173/1190 train_time:68985ms step_avg:58.81ms
step:1174/1190 train_time:69066ms step_avg:58.83ms
step:1175/1190 train_time:69137ms step_avg:58.84ms
step:1176/1190 train_time:69218ms step_avg:58.86ms
step:1177/1190 train_time:69287ms step_avg:58.87ms
step:1178/1190 train_time:69367ms step_avg:58.89ms
step:1179/1190 train_time:69438ms step_avg:58.90ms
step:1180/1190 train_time:69517ms step_avg:58.91ms
step:1181/1190 train_time:69589ms step_avg:58.92ms
step:1182/1190 train_time:69669ms step_avg:58.94ms
step:1183/1190 train_time:69740ms step_avg:58.95ms
step:1184/1190 train_time:69820ms step_avg:58.97ms
step:1185/1190 train_time:69891ms step_avg:58.98ms
step:1186/1190 train_time:69970ms step_avg:59.00ms
step:1187/1190 train_time:70041ms step_avg:59.01ms
step:1188/1190 train_time:70121ms step_avg:59.02ms
step:1189/1190 train_time:70192ms step_avg:59.03ms
step:1190/1190 train_time:70271ms step_avg:59.05ms
step:1190/1190 val_loss:3.27700782 train_time:70348ms step_avg:59.12ms
peak memory allocated: 32011 MiB reserved: 42700 MiB
