HARNESS_TRAINING_ENV={"OMP_NUM_THREADS": "1", "MKL_NUM_THREADS": "1", "torch_num_threads": 1, "torch_num_interop_threads": 47}
[Gloo] Rank 0 is connected to 7 peer ranks. Expected number of connected peer ranks is : 7
[Gloo] Rank 1 is connected to 7 peer ranks. [Gloo] Rank Expected number of connected peer ranks is : 37 is connected to 
7 peer ranks. Expected number of connected peer ranks is : 7
[Gloo] Rank 2 is connected to 7 peer ranks. Expected number of connected peer ranks is : 7
[Gloo] Rank 6 is connected to 7 peer ranks. Expected number of connected peer ranks is : [Gloo] Rank 74 is connected to 
7 peer ranks. Expected number of connected peer ranks is : 7
[Gloo] Rank [Gloo] Rank 57 is connected to  is connected to 77 peer ranks.  peer ranks. Expected number of connected peer ranks is : Expected number of connected peer ranks is : 77

/workspace/train_gpt.py:1084: UserWarning: Skipping publisher trust check for 'kernels-community/flash-attn3' because Hugging Face Hub is in offline mode.
  flash_attn_interface = get_kernel('kernels-community/flash-attn3', version=1).flash_attn_interface
/workspace/train_gpt.py:1084: UserWarning: Skipping publisher trust check for 'kernels-community/flash-attn3' because Hugging Face Hub is in offline mode.
  flash_attn_interface = get_kernel('kernels-community/flash-attn3', version=1).flash_attn_interface
/workspace/train_gpt.py:1084: UserWarning: Skipping publisher trust check for 'kernels-community/flash-attn3' because Hugging Face Hub is in offline mode.
  flash_attn_interface = get_kernel('kernels-community/flash-attn3', version=1).flash_attn_interface
/workspace/train_gpt.py:1084: UserWarning: Skipping publisher trust check for 'kernels-community/flash-attn3' because Hugging Face Hub is in offline mode.
  flash_attn_interface = get_kernel('kernels-community/flash-attn3', version=1).flash_attn_interface
/workspace/train_gpt.py:1084: UserWarning: Skipping publisher trust check for 'kernels-community/flash-attn3' because Hugging Face Hub is in offline mode.
  flash_attn_interface = get_kernel('kernels-community/flash-attn3', version=1).flash_attn_interface
/workspace/train_gpt.py:1084: UserWarning: Skipping publisher trust check for 'kernels-community/flash-attn3' because Hugging Face Hub is in offline mode.
  flash_attn_interface = get_kernel('kernels-community/flash-attn3', version=1).flash_attn_interface
/workspace/train_gpt.py:1084: UserWarning: Skipping publisher trust check for 'kernels-community/flash-attn3' because Hugging Face Hub is in offline mode.
  flash_attn_interface = get_kernel('kernels-community/flash-attn3', version=1).flash_attn_interface
/workspace/train_gpt.py:1084: UserWarning: Skipping publisher trust check for 'kernels-community/flash-attn3' because Hugging Face Hub is in offline mode.
  flash_attn_interface = get_kernel('kernels-community/flash-attn3', version=1).flash_attn_interface
logs/bad5e70e-5365-4e50-9167-5d223ee9fcdb.txt
Compiling model and warming up kernels (~7 minutes on first execution)
Sampling steps [0, 1, 281, 282, 283, 284, 705, 706, 707, 708, 1128, 1129, 1130, 1131] for warmup
Resetting Model
step:0/1190 val_loss:10.83167934 train_time:59ms step_avg:58.58ms
step:1/1190 train_time:239ms step_avg:238.95ms
step:2/1190 train_time:350ms step_avg:175.22ms
step:3/1190 train_time:382ms step_avg:127.45ms
step:4/1190 train_time:427ms step_avg:106.63ms
step:5/1190 train_time:461ms step_avg:92.10ms
step:6/1190 train_time:508ms step_avg:84.69ms
step:7/1190 train_time:541ms step_avg:77.28ms
step:8/1190 train_time:587ms step_avg:73.35ms
step:9/1190 train_time:622ms step_avg:69.15ms
step:10/1190 train_time:668ms step_avg:66.76ms
step:11/1190 train_time:704ms step_avg:64.03ms
step:12/1190 train_time:749ms step_avg:62.46ms
step:13/1190 train_time:785ms step_avg:60.37ms
step:14/1190 train_time:831ms step_avg:59.33ms
step:15/1190 train_time:867ms step_avg:57.82ms
step:16/1190 train_time:914ms step_avg:57.15ms
step:17/1190 train_time:949ms step_avg:55.80ms
step:18/1190 train_time:995ms step_avg:55.29ms
step:19/1190 train_time:1030ms step_avg:54.20ms
step:20/1190 train_time:1077ms step_avg:53.83ms
step:21/1190 train_time:1112ms step_avg:52.95ms
step:22/1190 train_time:1159ms step_avg:52.69ms
step:23/1190 train_time:1193ms step_avg:51.88ms
step:24/1190 train_time:1240ms step_avg:51.67ms
step:25/1190 train_time:1276ms step_avg:51.02ms
step:26/1190 train_time:1322ms step_avg:50.85ms
step:27/1190 train_time:1357ms step_avg:50.27ms
step:28/1190 train_time:1403ms step_avg:50.09ms
step:29/1190 train_time:1439ms step_avg:49.61ms
step:30/1190 train_time:1485ms step_avg:49.52ms
step:31/1190 train_time:1521ms step_avg:49.06ms
step:32/1190 train_time:1566ms step_avg:48.95ms
step:33/1190 train_time:1602ms step_avg:48.53ms
step:34/1190 train_time:1648ms step_avg:48.47ms
step:35/1190 train_time:1683ms step_avg:48.09ms
step:36/1190 train_time:1729ms step_avg:48.02ms
step:37/1190 train_time:1765ms step_avg:47.69ms
step:38/1190 train_time:1811ms step_avg:47.66ms
step:39/1190 train_time:1846ms step_avg:47.34ms
step:40/1190 train_time:1892ms step_avg:47.30ms
step:41/1190 train_time:1928ms step_avg:47.02ms
step:42/1190 train_time:1975ms step_avg:47.01ms
step:43/1190 train_time:2010ms step_avg:46.74ms
step:44/1190 train_time:2056ms step_avg:46.73ms
step:45/1190 train_time:2091ms step_avg:46.48ms
step:46/1190 train_time:2137ms step_avg:46.47ms
step:47/1190 train_time:2173ms step_avg:46.24ms
step:48/1190 train_time:2219ms step_avg:46.24ms
step:49/1190 train_time:2255ms step_avg:46.02ms
step:50/1190 train_time:2302ms step_avg:46.04ms
step:51/1190 train_time:2336ms step_avg:45.81ms
step:52/1190 train_time:2382ms step_avg:45.81ms
step:53/1190 train_time:2418ms step_avg:45.63ms
step:54/1190 train_time:2465ms step_avg:45.64ms
step:55/1190 train_time:2500ms step_avg:45.45ms
step:56/1190 train_time:2545ms step_avg:45.45ms
step:57/1190 train_time:2581ms step_avg:45.28ms
step:58/1190 train_time:2628ms step_avg:45.31ms
step:59/1190 train_time:2663ms step_avg:45.13ms
step:60/1190 train_time:2709ms step_avg:45.15ms
step:61/1190 train_time:2744ms step_avg:44.99ms
step:62/1190 train_time:2790ms step_avg:45.00ms
step:63/1190 train_time:2826ms step_avg:44.86ms
step:64/1190 train_time:2872ms step_avg:44.88ms
step:65/1190 train_time:2908ms step_avg:44.74ms
step:66/1190 train_time:2954ms step_avg:44.76ms
step:67/1190 train_time:2989ms step_avg:44.61ms
step:68/1190 train_time:3035ms step_avg:44.64ms
step:69/1190 train_time:3071ms step_avg:44.51ms
step:70/1190 train_time:3117ms step_avg:44.53ms
step:71/1190 train_time:3153ms step_avg:44.41ms
step:72/1190 train_time:3199ms step_avg:44.43ms
step:73/1190 train_time:3234ms step_avg:44.30ms
step:74/1190 train_time:3280ms step_avg:44.33ms
step:75/1190 train_time:3316ms step_avg:44.21ms
step:76/1190 train_time:3361ms step_avg:44.23ms
step:77/1190 train_time:3397ms step_avg:44.12ms
step:78/1190 train_time:3443ms step_avg:44.15ms
step:79/1190 train_time:3479ms step_avg:44.04ms
step:80/1190 train_time:3524ms step_avg:44.06ms
step:81/1190 train_time:3561ms step_avg:43.97ms
step:82/1190 train_time:3607ms step_avg:43.99ms
step:83/1190 train_time:3642ms step_avg:43.88ms
step:84/1190 train_time:3688ms step_avg:43.90ms
step:85/1190 train_time:3724ms step_avg:43.81ms
step:86/1190 train_time:3770ms step_avg:43.83ms
step:87/1190 train_time:3805ms step_avg:43.73ms
step:88/1190 train_time:3851ms step_avg:43.76ms
step:89/1190 train_time:3887ms step_avg:43.67ms
step:90/1190 train_time:3933ms step_avg:43.70ms
step:91/1190 train_time:3968ms step_avg:43.60ms
step:92/1190 train_time:4014ms step_avg:43.63ms
step:93/1190 train_time:4051ms step_avg:43.56ms
step:94/1190 train_time:4096ms step_avg:43.57ms
step:95/1190 train_time:4132ms step_avg:43.49ms
step:96/1190 train_time:4178ms step_avg:43.52ms
step:97/1190 train_time:4213ms step_avg:43.43ms
step:98/1190 train_time:4259ms step_avg:43.46ms
step:99/1190 train_time:4295ms step_avg:43.38ms
step:100/1190 train_time:4341ms step_avg:43.41ms
step:101/1190 train_time:4376ms step_avg:43.33ms
step:102/1190 train_time:4423ms step_avg:43.36ms
step:103/1190 train_time:4458ms step_avg:43.28ms
step:104/1190 train_time:4505ms step_avg:43.31ms
step:105/1190 train_time:4540ms step_avg:43.24ms
step:106/1190 train_time:4585ms step_avg:43.26ms
step:107/1190 train_time:4621ms step_avg:43.19ms
step:108/1190 train_time:4668ms step_avg:43.22ms
step:109/1190 train_time:4703ms step_avg:43.14ms
step:110/1190 train_time:4748ms step_avg:43.17ms
step:111/1190 train_time:4784ms step_avg:43.10ms
step:112/1190 train_time:4830ms step_avg:43.13ms
step:113/1190 train_time:4866ms step_avg:43.06ms
step:114/1190 train_time:4912ms step_avg:43.09ms
step:115/1190 train_time:4947ms step_avg:43.02ms
step:116/1190 train_time:4994ms step_avg:43.05ms
step:117/1190 train_time:5029ms step_avg:42.98ms
step:118/1190 train_time:5076ms step_avg:43.02ms
step:119/1190 train_time:5111ms step_avg:42.95ms
step:120/1190 train_time:5157ms step_avg:42.98ms
step:121/1190 train_time:5193ms step_avg:42.92ms
step:122/1190 train_time:5240ms step_avg:42.95ms
step:123/1190 train_time:5274ms step_avg:42.88ms
step:124/1190 train_time:5320ms step_avg:42.91ms
step:125/1190 train_time:5356ms step_avg:42.85ms
step:126/1190 train_time:5402ms step_avg:42.87ms
step:127/1190 train_time:5438ms step_avg:42.82ms
step:128/1190 train_time:5484ms step_avg:42.84ms
step:129/1190 train_time:5519ms step_avg:42.78ms
step:130/1190 train_time:5566ms step_avg:42.82ms
step:131/1190 train_time:5601ms step_avg:42.76ms
step:132/1190 train_time:5647ms step_avg:42.78ms
step:133/1190 train_time:5682ms step_avg:42.72ms
step:134/1190 train_time:5729ms step_avg:42.75ms
step:135/1190 train_time:5764ms step_avg:42.69ms
step:136/1190 train_time:5810ms step_avg:42.72ms
step:137/1190 train_time:5846ms step_avg:42.67ms
step:138/1190 train_time:5891ms step_avg:42.69ms
step:139/1190 train_time:5927ms step_avg:42.64ms
step:140/1190 train_time:5973ms step_avg:42.66ms
step:141/1190 train_time:6008ms step_avg:42.61ms
step:142/1190 train_time:6054ms step_avg:42.64ms
step:143/1190 train_time:6090ms step_avg:42.58ms
step:144/1190 train_time:6135ms step_avg:42.61ms
step:145/1190 train_time:6171ms step_avg:42.56ms
step:146/1190 train_time:6217ms step_avg:42.58ms
step:147/1190 train_time:6253ms step_avg:42.54ms
step:148/1190 train_time:6300ms step_avg:42.57ms
step:149/1190 train_time:6335ms step_avg:42.51ms
step:150/1190 train_time:6382ms step_avg:42.55ms
step:151/1190 train_time:6417ms step_avg:42.49ms
step:152/1190 train_time:6463ms step_avg:42.52ms
step:153/1190 train_time:6498ms step_avg:42.47ms
step:154/1190 train_time:6545ms step_avg:42.50ms
step:155/1190 train_time:6580ms step_avg:42.45ms
step:156/1190 train_time:6626ms step_avg:42.48ms
step:157/1190 train_time:6661ms step_avg:42.43ms
step:158/1190 train_time:6707ms step_avg:42.45ms
step:159/1190 train_time:6742ms step_avg:42.40ms
step:160/1190 train_time:6789ms step_avg:42.43ms
step:161/1190 train_time:6824ms step_avg:42.38ms
step:162/1190 train_time:6869ms step_avg:42.40ms
step:163/1190 train_time:6905ms step_avg:42.36ms
step:164/1190 train_time:6953ms step_avg:42.40ms
step:165/1190 train_time:6987ms step_avg:42.35ms
step:166/1190 train_time:7033ms step_avg:42.37ms
step:167/1190 train_time:7069ms step_avg:42.33ms
step:168/1190 train_time:7116ms step_avg:42.36ms
step:169/1190 train_time:7151ms step_avg:42.31ms
step:170/1190 train_time:7196ms step_avg:42.33ms
step:171/1190 train_time:7232ms step_avg:42.29ms
step:172/1190 train_time:7278ms step_avg:42.32ms
step:173/1190 train_time:7314ms step_avg:42.28ms
step:174/1190 train_time:7360ms step_avg:42.30ms
step:175/1190 train_time:7396ms step_avg:42.26ms
step:176/1190 train_time:7441ms step_avg:42.28ms
step:177/1190 train_time:7477ms step_avg:42.24ms
step:178/1190 train_time:7523ms step_avg:42.26ms
step:179/1190 train_time:7558ms step_avg:42.22ms
step:180/1190 train_time:7605ms step_avg:42.25ms
step:181/1190 train_time:7640ms step_avg:42.21ms
step:182/1190 train_time:7686ms step_avg:42.23ms
step:183/1190 train_time:7721ms step_avg:42.19ms
step:184/1190 train_time:7768ms step_avg:42.22ms
step:185/1190 train_time:7802ms step_avg:42.18ms
step:186/1190 train_time:7848ms step_avg:42.19ms
step:187/1190 train_time:7884ms step_avg:42.16ms
step:188/1190 train_time:7930ms step_avg:42.18ms
step:189/1190 train_time:7966ms step_avg:42.15ms
step:190/1190 train_time:8011ms step_avg:42.16ms
step:191/1190 train_time:8047ms step_avg:42.13ms
step:192/1190 train_time:8093ms step_avg:42.15ms
step:193/1190 train_time:8129ms step_avg:42.12ms
step:194/1190 train_time:8175ms step_avg:42.14ms
step:195/1190 train_time:8211ms step_avg:42.11ms
step:196/1190 train_time:8258ms step_avg:42.13ms
step:197/1190 train_time:8292ms step_avg:42.09ms
step:198/1190 train_time:8338ms step_avg:42.11ms
step:199/1190 train_time:8374ms step_avg:42.08ms
step:200/1190 train_time:8421ms step_avg:42.10ms
step:201/1190 train_time:8456ms step_avg:42.07ms
step:202/1190 train_time:8502ms step_avg:42.09ms
step:203/1190 train_time:8537ms step_avg:42.06ms
step:204/1190 train_time:8583ms step_avg:42.07ms
step:205/1190 train_time:8618ms step_avg:42.04ms
step:206/1190 train_time:8665ms step_avg:42.06ms
step:207/1190 train_time:8700ms step_avg:42.03ms
step:208/1190 train_time:8746ms step_avg:42.05ms
step:209/1190 train_time:8781ms step_avg:42.01ms
step:210/1190 train_time:8827ms step_avg:42.03ms
step:211/1190 train_time:8864ms step_avg:42.01ms
step:212/1190 train_time:8909ms step_avg:42.02ms
step:213/1190 train_time:8944ms step_avg:41.99ms
step:214/1190 train_time:8990ms step_avg:42.01ms
step:215/1190 train_time:9026ms step_avg:41.98ms
step:216/1190 train_time:9072ms step_avg:42.00ms
step:217/1190 train_time:9107ms step_avg:41.97ms
step:218/1190 train_time:9153ms step_avg:41.99ms
step:219/1190 train_time:9189ms step_avg:41.96ms
step:220/1190 train_time:9236ms step_avg:41.98ms
step:221/1190 train_time:9270ms step_avg:41.94ms
step:222/1190 train_time:9316ms step_avg:41.96ms
step:223/1190 train_time:9352ms step_avg:41.94ms
step:224/1190 train_time:9398ms step_avg:41.95ms
step:225/1190 train_time:9433ms step_avg:41.92ms
step:226/1190 train_time:9480ms step_avg:41.95ms
step:227/1190 train_time:9515ms step_avg:41.91ms
step:228/1190 train_time:9562ms step_avg:41.94ms
step:229/1190 train_time:9596ms step_avg:41.90ms
step:230/1190 train_time:9642ms step_avg:41.92ms
step:231/1190 train_time:9678ms step_avg:41.89ms
step:232/1190 train_time:9723ms step_avg:41.91ms
step:233/1190 train_time:9759ms step_avg:41.89ms
step:234/1190 train_time:9805ms step_avg:41.90ms
step:235/1190 train_time:9841ms step_avg:41.88ms
step:236/1190 train_time:9887ms step_avg:41.89ms
step:237/1190 train_time:9923ms step_avg:41.87ms
step:238/1190 train_time:9969ms step_avg:41.89ms
step:239/1190 train_time:10004ms step_avg:41.86ms
step:240/1190 train_time:10050ms step_avg:41.87ms
step:241/1190 train_time:10085ms step_avg:41.85ms
step:242/1190 train_time:10130ms step_avg:41.86ms
step:243/1190 train_time:10166ms step_avg:41.84ms
step:244/1190 train_time:10213ms step_avg:41.86ms
step:245/1190 train_time:10248ms step_avg:41.83ms
step:246/1190 train_time:10294ms step_avg:41.85ms
step:247/1190 train_time:10330ms step_avg:41.82ms
step:248/1190 train_time:10378ms step_avg:41.85ms
step:249/1190 train_time:10411ms step_avg:41.81ms
step:250/1190 train_time:10457ms step_avg:41.83ms
step:250/1190 val_loss:4.39118719 train_time:10497ms step_avg:41.99ms
step:251/1190 train_time:10525ms step_avg:41.93ms
step:252/1190 train_time:10557ms step_avg:41.89ms
step:253/1190 train_time:10581ms step_avg:41.82ms
step:254/1190 train_time:10622ms step_avg:41.82ms
step:255/1190 train_time:10659ms step_avg:41.80ms
step:256/1190 train_time:10705ms step_avg:41.82ms
step:257/1190 train_time:10742ms step_avg:41.80ms
step:258/1190 train_time:10790ms step_avg:41.82ms
step:259/1190 train_time:10824ms step_avg:41.79ms
step:260/1190 train_time:10870ms step_avg:41.81ms
step:261/1190 train_time:10905ms step_avg:41.78ms
step:262/1190 train_time:10952ms step_avg:41.80ms
step:263/1190 train_time:10988ms step_avg:41.78ms
step:264/1190 train_time:11034ms step_avg:41.79ms
step:265/1190 train_time:11069ms step_avg:41.77ms
step:266/1190 train_time:11115ms step_avg:41.79ms
step:267/1190 train_time:11151ms step_avg:41.76ms
step:268/1190 train_time:11197ms step_avg:41.78ms
step:269/1190 train_time:11232ms step_avg:41.75ms
step:270/1190 train_time:11278ms step_avg:41.77ms
step:271/1190 train_time:11313ms step_avg:41.75ms
step:272/1190 train_time:11362ms step_avg:41.77ms
step:273/1190 train_time:11394ms step_avg:41.74ms
step:274/1190 train_time:11441ms step_avg:41.75ms
step:275/1190 train_time:11475ms step_avg:41.73ms
step:276/1190 train_time:11521ms step_avg:41.74ms
step:277/1190 train_time:11557ms step_avg:41.72ms
step:278/1190 train_time:11603ms step_avg:41.74ms
step:279/1190 train_time:11638ms step_avg:41.71ms
step:280/1190 train_time:11685ms step_avg:41.73ms
step:281/1190 train_time:11720ms step_avg:41.71ms
step:282/1190 train_time:11767ms step_avg:41.73ms
step:283/1190 train_time:11801ms step_avg:41.70ms
step:284/1190 train_time:11849ms step_avg:41.72ms
step:285/1190 train_time:11898ms step_avg:41.75ms
step:286/1190 train_time:11957ms step_avg:41.81ms
step:287/1190 train_time:12003ms step_avg:41.82ms
step:288/1190 train_time:12060ms step_avg:41.87ms
step:289/1190 train_time:12108ms step_avg:41.89ms
step:290/1190 train_time:12166ms step_avg:41.95ms
step:291/1190 train_time:12212ms step_avg:41.97ms
step:292/1190 train_time:12273ms step_avg:42.03ms
step:293/1190 train_time:12317ms step_avg:42.04ms
step:294/1190 train_time:12375ms step_avg:42.09ms
step:295/1190 train_time:12422ms step_avg:42.11ms
step:296/1190 train_time:12479ms step_avg:42.16ms
step:297/1190 train_time:12527ms step_avg:42.18ms
step:298/1190 train_time:12584ms step_avg:42.23ms
step:299/1190 train_time:12632ms step_avg:42.25ms
step:300/1190 train_time:12691ms step_avg:42.30ms
step:301/1190 train_time:12738ms step_avg:42.32ms
step:302/1190 train_time:12797ms step_avg:42.37ms
step:303/1190 train_time:12844ms step_avg:42.39ms
step:304/1190 train_time:12901ms step_avg:42.44ms
step:305/1190 train_time:12949ms step_avg:42.46ms
step:306/1190 train_time:13006ms step_avg:42.50ms
step:307/1190 train_time:13054ms step_avg:42.52ms
step:308/1190 train_time:13111ms step_avg:42.57ms
step:309/1190 train_time:13159ms step_avg:42.58ms
step:310/1190 train_time:13216ms step_avg:42.63ms
step:311/1190 train_time:13264ms step_avg:42.65ms
step:312/1190 train_time:13321ms step_avg:42.70ms
step:313/1190 train_time:13369ms step_avg:42.71ms
step:314/1190 train_time:13426ms step_avg:42.76ms
step:315/1190 train_time:13474ms step_avg:42.77ms
step:316/1190 train_time:13531ms step_avg:42.82ms
step:317/1190 train_time:13579ms step_avg:42.84ms
step:318/1190 train_time:13637ms step_avg:42.88ms
step:319/1190 train_time:13685ms step_avg:42.90ms
step:320/1190 train_time:13743ms step_avg:42.95ms
step:321/1190 train_time:13790ms step_avg:42.96ms
step:322/1190 train_time:13848ms step_avg:43.01ms
step:323/1190 train_time:13896ms step_avg:43.02ms
step:324/1190 train_time:13956ms step_avg:43.07ms
step:325/1190 train_time:14001ms step_avg:43.08ms
step:326/1190 train_time:14057ms step_avg:43.12ms
step:327/1190 train_time:14106ms step_avg:43.14ms
step:328/1190 train_time:14162ms step_avg:43.18ms
step:329/1190 train_time:14210ms step_avg:43.19ms
step:330/1190 train_time:14266ms step_avg:43.23ms
step:331/1190 train_time:14315ms step_avg:43.25ms
step:332/1190 train_time:14372ms step_avg:43.29ms
step:333/1190 train_time:14420ms step_avg:43.30ms
step:334/1190 train_time:14479ms step_avg:43.35ms
step:335/1190 train_time:14525ms step_avg:43.36ms
step:336/1190 train_time:14583ms step_avg:43.40ms
step:337/1190 train_time:14683ms step_avg:43.57ms
step:338/1190 train_time:14721ms step_avg:43.55ms
step:339/1190 train_time:14750ms step_avg:43.51ms
step:340/1190 train_time:14799ms step_avg:43.53ms
step:341/1190 train_time:14845ms step_avg:43.53ms
step:342/1190 train_time:14904ms step_avg:43.58ms
step:343/1190 train_time:14950ms step_avg:43.59ms
step:344/1190 train_time:15007ms step_avg:43.63ms
step:345/1190 train_time:15054ms step_avg:43.63ms
step:346/1190 train_time:15112ms step_avg:43.68ms
step:347/1190 train_time:15159ms step_avg:43.69ms
step:348/1190 train_time:15217ms step_avg:43.73ms
step:349/1190 train_time:15264ms step_avg:43.74ms
step:350/1190 train_time:15322ms step_avg:43.78ms
step:351/1190 train_time:15369ms step_avg:43.79ms
step:352/1190 train_time:15427ms step_avg:43.83ms
step:353/1190 train_time:15474ms step_avg:43.84ms
step:354/1190 train_time:15532ms step_avg:43.87ms
step:355/1190 train_time:15579ms step_avg:43.89ms
step:356/1190 train_time:15639ms step_avg:43.93ms
step:357/1190 train_time:15686ms step_avg:43.94ms
step:358/1190 train_time:15743ms step_avg:43.98ms
step:359/1190 train_time:15792ms step_avg:43.99ms
step:360/1190 train_time:15849ms step_avg:44.03ms
step:361/1190 train_time:15897ms step_avg:44.04ms
step:362/1190 train_time:15955ms step_avg:44.07ms
step:363/1190 train_time:16002ms step_avg:44.08ms
step:364/1190 train_time:16060ms step_avg:44.12ms
step:365/1190 train_time:16107ms step_avg:44.13ms
step:366/1190 train_time:16163ms step_avg:44.16ms
step:367/1190 train_time:16211ms step_avg:44.17ms
step:368/1190 train_time:16269ms step_avg:44.21ms
step:369/1190 train_time:16316ms step_avg:44.22ms
step:370/1190 train_time:16373ms step_avg:44.25ms
step:371/1190 train_time:16421ms step_avg:44.26ms
step:372/1190 train_time:16479ms step_avg:44.30ms
step:373/1190 train_time:16526ms step_avg:44.30ms
step:374/1190 train_time:16583ms step_avg:44.34ms
step:375/1190 train_time:16631ms step_avg:44.35ms
step:376/1190 train_time:16689ms step_avg:44.39ms
step:377/1190 train_time:16736ms step_avg:44.39ms
step:378/1190 train_time:16796ms step_avg:44.43ms
step:379/1190 train_time:16841ms step_avg:44.44ms
step:380/1190 train_time:16899ms step_avg:44.47ms
step:381/1190 train_time:16947ms step_avg:44.48ms
step:382/1190 train_time:17004ms step_avg:44.51ms
step:383/1190 train_time:17052ms step_avg:44.52ms
step:384/1190 train_time:17109ms step_avg:44.56ms
step:385/1190 train_time:17157ms step_avg:44.56ms
step:386/1190 train_time:17215ms step_avg:44.60ms
step:387/1190 train_time:17263ms step_avg:44.61ms
step:388/1190 train_time:17322ms step_avg:44.64ms
step:389/1190 train_time:17367ms step_avg:44.64ms
step:390/1190 train_time:17424ms step_avg:44.68ms
step:391/1190 train_time:17471ms step_avg:44.68ms
step:392/1190 train_time:17528ms step_avg:44.72ms
step:393/1190 train_time:17577ms step_avg:44.73ms
step:394/1190 train_time:17635ms step_avg:44.76ms
step:395/1190 train_time:17683ms step_avg:44.77ms
step:396/1190 train_time:17740ms step_avg:44.80ms
step:397/1190 train_time:17788ms step_avg:44.81ms
step:398/1190 train_time:17845ms step_avg:44.84ms
step:399/1190 train_time:17892ms step_avg:44.84ms
step:400/1190 train_time:17950ms step_avg:44.88ms
step:401/1190 train_time:17997ms step_avg:44.88ms
step:402/1190 train_time:18056ms step_avg:44.92ms
step:403/1190 train_time:18103ms step_avg:44.92ms
step:404/1190 train_time:18160ms step_avg:44.95ms
step:405/1190 train_time:18208ms step_avg:44.96ms
step:406/1190 train_time:18265ms step_avg:44.99ms
step:407/1190 train_time:18312ms step_avg:44.99ms
step:408/1190 train_time:18370ms step_avg:45.03ms
step:409/1190 train_time:18417ms step_avg:45.03ms
step:410/1190 train_time:18475ms step_avg:45.06ms
step:411/1190 train_time:18522ms step_avg:45.07ms
step:412/1190 train_time:18580ms step_avg:45.10ms
step:413/1190 train_time:18628ms step_avg:45.10ms
step:414/1190 train_time:18686ms step_avg:45.14ms
step:415/1190 train_time:18733ms step_avg:45.14ms
step:416/1190 train_time:18791ms step_avg:45.17ms
step:417/1190 train_time:18839ms step_avg:45.18ms
step:418/1190 train_time:18896ms step_avg:45.21ms
step:419/1190 train_time:18944ms step_avg:45.21ms
step:420/1190 train_time:19002ms step_avg:45.24ms
step:421/1190 train_time:19049ms step_avg:45.25ms
step:422/1190 train_time:19108ms step_avg:45.28ms
step:423/1190 train_time:19154ms step_avg:45.28ms
step:424/1190 train_time:19213ms step_avg:45.31ms
step:425/1190 train_time:19259ms step_avg:45.32ms
step:426/1190 train_time:19317ms step_avg:45.34ms
step:427/1190 train_time:19364ms step_avg:45.35ms
step:428/1190 train_time:19422ms step_avg:45.38ms
step:429/1190 train_time:19469ms step_avg:45.38ms
step:430/1190 train_time:19527ms step_avg:45.41ms
step:431/1190 train_time:19574ms step_avg:45.42ms
step:432/1190 train_time:19632ms step_avg:45.45ms
step:433/1190 train_time:19680ms step_avg:45.45ms
step:434/1190 train_time:19738ms step_avg:45.48ms
step:435/1190 train_time:19786ms step_avg:45.48ms
step:436/1190 train_time:19844ms step_avg:45.51ms
step:437/1190 train_time:19890ms step_avg:45.52ms
step:438/1190 train_time:19949ms step_avg:45.55ms
step:439/1190 train_time:19996ms step_avg:45.55ms
step:440/1190 train_time:20055ms step_avg:45.58ms
step:441/1190 train_time:20102ms step_avg:45.58ms
step:442/1190 train_time:20158ms step_avg:45.61ms
step:443/1190 train_time:20206ms step_avg:45.61ms
step:444/1190 train_time:20264ms step_avg:45.64ms
step:445/1190 train_time:20311ms step_avg:45.64ms
step:446/1190 train_time:20369ms step_avg:45.67ms
step:447/1190 train_time:20416ms step_avg:45.67ms
step:448/1190 train_time:20474ms step_avg:45.70ms
step:449/1190 train_time:20521ms step_avg:45.70ms
step:450/1190 train_time:20579ms step_avg:45.73ms
step:451/1190 train_time:20628ms step_avg:45.74ms
step:452/1190 train_time:20685ms step_avg:45.76ms
step:453/1190 train_time:20732ms step_avg:45.77ms
step:454/1190 train_time:20790ms step_avg:45.79ms
step:455/1190 train_time:20838ms step_avg:45.80ms
step:456/1190 train_time:20895ms step_avg:45.82ms
step:457/1190 train_time:20944ms step_avg:45.83ms
step:458/1190 train_time:21001ms step_avg:45.85ms
step:459/1190 train_time:21049ms step_avg:45.86ms
step:460/1190 train_time:21106ms step_avg:45.88ms
step:461/1190 train_time:21154ms step_avg:45.89ms
step:462/1190 train_time:21212ms step_avg:45.91ms
step:463/1190 train_time:21259ms step_avg:45.92ms
step:464/1190 train_time:21317ms step_avg:45.94ms
step:465/1190 train_time:21365ms step_avg:45.95ms
step:466/1190 train_time:21423ms step_avg:45.97ms
step:467/1190 train_time:21469ms step_avg:45.97ms
step:468/1190 train_time:21527ms step_avg:46.00ms
step:469/1190 train_time:21574ms step_avg:46.00ms
step:470/1190 train_time:21632ms step_avg:46.03ms
step:471/1190 train_time:21680ms step_avg:46.03ms
step:472/1190 train_time:21738ms step_avg:46.05ms
step:473/1190 train_time:21785ms step_avg:46.06ms
step:474/1190 train_time:21842ms step_avg:46.08ms
step:475/1190 train_time:21890ms step_avg:46.08ms
step:476/1190 train_time:21947ms step_avg:46.11ms
step:477/1190 train_time:21995ms step_avg:46.11ms
step:478/1190 train_time:22053ms step_avg:46.14ms
step:479/1190 train_time:22100ms step_avg:46.14ms
step:480/1190 train_time:22158ms step_avg:46.16ms
step:481/1190 train_time:22205ms step_avg:46.16ms
step:482/1190 train_time:22263ms step_avg:46.19ms
step:483/1190 train_time:22310ms step_avg:46.19ms
step:484/1190 train_time:22368ms step_avg:46.21ms
step:485/1190 train_time:22415ms step_avg:46.22ms
step:486/1190 train_time:22473ms step_avg:46.24ms
step:487/1190 train_time:22521ms step_avg:46.24ms
step:488/1190 train_time:22578ms step_avg:46.27ms
step:489/1190 train_time:22626ms step_avg:46.27ms
step:490/1190 train_time:22684ms step_avg:46.29ms
step:491/1190 train_time:22731ms step_avg:46.29ms
step:492/1190 train_time:22788ms step_avg:46.32ms
step:493/1190 train_time:22836ms step_avg:46.32ms
step:494/1190 train_time:22894ms step_avg:46.34ms
step:495/1190 train_time:22941ms step_avg:46.35ms
step:496/1190 train_time:22999ms step_avg:46.37ms
step:497/1190 train_time:23047ms step_avg:46.37ms
step:498/1190 train_time:23104ms step_avg:46.39ms
step:499/1190 train_time:23151ms step_avg:46.39ms
step:500/1190 train_time:23209ms step_avg:46.42ms
step:500/1190 val_loss:3.87768674 train_time:23261ms step_avg:46.52ms
step:501/1190 train_time:23289ms step_avg:46.49ms
step:502/1190 train_time:23323ms step_avg:46.46ms
step:503/1190 train_time:23364ms step_avg:46.45ms
step:504/1190 train_time:23422ms step_avg:46.47ms
step:505/1190 train_time:23474ms step_avg:46.48ms
step:506/1190 train_time:23532ms step_avg:46.51ms
step:507/1190 train_time:23580ms step_avg:46.51ms
step:508/1190 train_time:23638ms step_avg:46.53ms
step:509/1190 train_time:23685ms step_avg:46.53ms
step:510/1190 train_time:23741ms step_avg:46.55ms
step:511/1190 train_time:23790ms step_avg:46.56ms
step:512/1190 train_time:23847ms step_avg:46.58ms
step:513/1190 train_time:23894ms step_avg:46.58ms
step:514/1190 train_time:23950ms step_avg:46.60ms
step:515/1190 train_time:23998ms step_avg:46.60ms
step:516/1190 train_time:24055ms step_avg:46.62ms
step:517/1190 train_time:24103ms step_avg:46.62ms
step:518/1190 train_time:24160ms step_avg:46.64ms
step:519/1190 train_time:24208ms step_avg:46.64ms
step:520/1190 train_time:24265ms step_avg:46.66ms
step:521/1190 train_time:24312ms step_avg:46.66ms
step:522/1190 train_time:24370ms step_avg:46.69ms
step:523/1190 train_time:24418ms step_avg:46.69ms
step:524/1190 train_time:24476ms step_avg:46.71ms
step:525/1190 train_time:24523ms step_avg:46.71ms
step:526/1190 train_time:24581ms step_avg:46.73ms
step:527/1190 train_time:24628ms step_avg:46.73ms
step:528/1190 train_time:24686ms step_avg:46.75ms
step:529/1190 train_time:24732ms step_avg:46.75ms
step:530/1190 train_time:24790ms step_avg:46.77ms
step:531/1190 train_time:24837ms step_avg:46.77ms
step:532/1190 train_time:24894ms step_avg:46.79ms
step:533/1190 train_time:24942ms step_avg:46.80ms
step:534/1190 train_time:24999ms step_avg:46.82ms
step:535/1190 train_time:25046ms step_avg:46.81ms
step:536/1190 train_time:25103ms step_avg:46.83ms
step:537/1190 train_time:25151ms step_avg:46.84ms
step:538/1190 train_time:25209ms step_avg:46.86ms
step:539/1190 train_time:25256ms step_avg:46.86ms
step:540/1190 train_time:25314ms step_avg:46.88ms
step:541/1190 train_time:25361ms step_avg:46.88ms
step:542/1190 train_time:25420ms step_avg:46.90ms
step:543/1190 train_time:25466ms step_avg:46.90ms
step:544/1190 train_time:25524ms step_avg:46.92ms
step:545/1190 train_time:25571ms step_avg:46.92ms
step:546/1190 train_time:25628ms step_avg:46.94ms
step:547/1190 train_time:25676ms step_avg:46.94ms
step:548/1190 train_time:25733ms step_avg:46.96ms
step:549/1190 train_time:25780ms step_avg:46.96ms
step:550/1190 train_time:25838ms step_avg:46.98ms
step:551/1190 train_time:25885ms step_avg:46.98ms
step:552/1190 train_time:25943ms step_avg:47.00ms
step:553/1190 train_time:25990ms step_avg:47.00ms
step:554/1190 train_time:26047ms step_avg:47.02ms
step:555/1190 train_time:26094ms step_avg:47.02ms
step:556/1190 train_time:26152ms step_avg:47.04ms
step:557/1190 train_time:26200ms step_avg:47.04ms
step:558/1190 train_time:26258ms step_avg:47.06ms
step:559/1190 train_time:26305ms step_avg:47.06ms
step:560/1190 train_time:26362ms step_avg:47.08ms
step:561/1190 train_time:26410ms step_avg:47.08ms
step:562/1190 train_time:26467ms step_avg:47.09ms
step:563/1190 train_time:26515ms step_avg:47.10ms
step:564/1190 train_time:26573ms step_avg:47.11ms
step:565/1190 train_time:26620ms step_avg:47.11ms
step:566/1190 train_time:26677ms step_avg:47.13ms
step:567/1190 train_time:26725ms step_avg:47.13ms
step:568/1190 train_time:26783ms step_avg:47.15ms
step:569/1190 train_time:26829ms step_avg:47.15ms
step:570/1190 train_time:26886ms step_avg:47.17ms
step:571/1190 train_time:26934ms step_avg:47.17ms
step:572/1190 train_time:26992ms step_avg:47.19ms
step:573/1190 train_time:27039ms step_avg:47.19ms
step:574/1190 train_time:27096ms step_avg:47.21ms
step:575/1190 train_time:27143ms step_avg:47.21ms
step:576/1190 train_time:27201ms step_avg:47.22ms
step:577/1190 train_time:27248ms step_avg:47.22ms
step:578/1190 train_time:27306ms step_avg:47.24ms
step:579/1190 train_time:27353ms step_avg:47.24ms
step:580/1190 train_time:27411ms step_avg:47.26ms
step:581/1190 train_time:27458ms step_avg:47.26ms
step:582/1190 train_time:27517ms step_avg:47.28ms
step:583/1190 train_time:27564ms step_avg:47.28ms
step:584/1190 train_time:27622ms step_avg:47.30ms
step:585/1190 train_time:27670ms step_avg:47.30ms
step:586/1190 train_time:27727ms step_avg:47.32ms
step:587/1190 train_time:27774ms step_avg:47.32ms
step:588/1190 train_time:27832ms step_avg:47.33ms
step:589/1190 train_time:27879ms step_avg:47.33ms
step:590/1190 train_time:27937ms step_avg:47.35ms
step:591/1190 train_time:27984ms step_avg:47.35ms
step:592/1190 train_time:28041ms step_avg:47.37ms
step:593/1190 train_time:28089ms step_avg:47.37ms
step:594/1190 train_time:28145ms step_avg:47.38ms
step:595/1190 train_time:28193ms step_avg:47.38ms
step:596/1190 train_time:28251ms step_avg:47.40ms
step:597/1190 train_time:28298ms step_avg:47.40ms
step:598/1190 train_time:28356ms step_avg:47.42ms
step:599/1190 train_time:28403ms step_avg:47.42ms
step:600/1190 train_time:28461ms step_avg:47.43ms
step:601/1190 train_time:28509ms step_avg:47.44ms
step:602/1190 train_time:28567ms step_avg:47.45ms
step:603/1190 train_time:28614ms step_avg:47.45ms
step:604/1190 train_time:28671ms step_avg:47.47ms
step:605/1190 train_time:28719ms step_avg:47.47ms
step:606/1190 train_time:28776ms step_avg:47.49ms
step:607/1190 train_time:28823ms step_avg:47.48ms
step:608/1190 train_time:28880ms step_avg:47.50ms
step:609/1190 train_time:28927ms step_avg:47.50ms
step:610/1190 train_time:28985ms step_avg:47.52ms
step:611/1190 train_time:29032ms step_avg:47.52ms
step:612/1190 train_time:29089ms step_avg:47.53ms
step:613/1190 train_time:29136ms step_avg:47.53ms
step:614/1190 train_time:29192ms step_avg:47.54ms
step:615/1190 train_time:29241ms step_avg:47.55ms
step:616/1190 train_time:29300ms step_avg:47.56ms
step:617/1190 train_time:29347ms step_avg:47.56ms
step:618/1190 train_time:29404ms step_avg:47.58ms
step:619/1190 train_time:29452ms step_avg:47.58ms
step:620/1190 train_time:29509ms step_avg:47.60ms
step:621/1190 train_time:29557ms step_avg:47.60ms
step:622/1190 train_time:29615ms step_avg:47.61ms
step:623/1190 train_time:29663ms step_avg:47.61ms
step:624/1190 train_time:29720ms step_avg:47.63ms
step:625/1190 train_time:29767ms step_avg:47.63ms
step:626/1190 train_time:29824ms step_avg:47.64ms
step:627/1190 train_time:29872ms step_avg:47.64ms
step:628/1190 train_time:29930ms step_avg:47.66ms
step:629/1190 train_time:29977ms step_avg:47.66ms
step:630/1190 train_time:30034ms step_avg:47.67ms
step:631/1190 train_time:30082ms step_avg:47.67ms
step:632/1190 train_time:30139ms step_avg:47.69ms
step:633/1190 train_time:30186ms step_avg:47.69ms
step:634/1190 train_time:30243ms step_avg:47.70ms
step:635/1190 train_time:30291ms step_avg:47.70ms
step:636/1190 train_time:30348ms step_avg:47.72ms
step:637/1190 train_time:30396ms step_avg:47.72ms
step:638/1190 train_time:30454ms step_avg:47.73ms
step:639/1190 train_time:30501ms step_avg:47.73ms
step:640/1190 train_time:30559ms step_avg:47.75ms
step:641/1190 train_time:30606ms step_avg:47.75ms
step:642/1190 train_time:30663ms step_avg:47.76ms
step:643/1190 train_time:30711ms step_avg:47.76ms
step:644/1190 train_time:30768ms step_avg:47.78ms
step:645/1190 train_time:30817ms step_avg:47.78ms
step:646/1190 train_time:30874ms step_avg:47.79ms
step:647/1190 train_time:30922ms step_avg:47.79ms
step:648/1190 train_time:30980ms step_avg:47.81ms
step:649/1190 train_time:31026ms step_avg:47.81ms
step:650/1190 train_time:31084ms step_avg:47.82ms
step:651/1190 train_time:31131ms step_avg:47.82ms
step:652/1190 train_time:31189ms step_avg:47.84ms
step:653/1190 train_time:31235ms step_avg:47.83ms
step:654/1190 train_time:31353ms step_avg:47.94ms
step:655/1190 train_time:31386ms step_avg:47.92ms
step:656/1190 train_time:31423ms step_avg:47.90ms
step:657/1190 train_time:31461ms step_avg:47.89ms
step:658/1190 train_time:31518ms step_avg:47.90ms
step:659/1190 train_time:31565ms step_avg:47.90ms
step:660/1190 train_time:31622ms step_avg:47.91ms
step:661/1190 train_time:31669ms step_avg:47.91ms
step:662/1190 train_time:31726ms step_avg:47.92ms
step:663/1190 train_time:31773ms step_avg:47.92ms
step:664/1190 train_time:31830ms step_avg:47.94ms
step:665/1190 train_time:31877ms step_avg:47.94ms
step:666/1190 train_time:31935ms step_avg:47.95ms
step:667/1190 train_time:31982ms step_avg:47.95ms
step:668/1190 train_time:32040ms step_avg:47.96ms
step:669/1190 train_time:32086ms step_avg:47.96ms
step:670/1190 train_time:32145ms step_avg:47.98ms
step:671/1190 train_time:32190ms step_avg:47.97ms
step:672/1190 train_time:32248ms step_avg:47.99ms
step:673/1190 train_time:32296ms step_avg:47.99ms
step:674/1190 train_time:32354ms step_avg:48.00ms
step:675/1190 train_time:32402ms step_avg:48.00ms
step:676/1190 train_time:32459ms step_avg:48.02ms
step:677/1190 train_time:32506ms step_avg:48.02ms
step:678/1190 train_time:32564ms step_avg:48.03ms
step:679/1190 train_time:32612ms step_avg:48.03ms
step:680/1190 train_time:32668ms step_avg:48.04ms
step:681/1190 train_time:32715ms step_avg:48.04ms
step:682/1190 train_time:32772ms step_avg:48.05ms
step:683/1190 train_time:32820ms step_avg:48.05ms
step:684/1190 train_time:32877ms step_avg:48.07ms
step:685/1190 train_time:32925ms step_avg:48.07ms
step:686/1190 train_time:32982ms step_avg:48.08ms
step:687/1190 train_time:33029ms step_avg:48.08ms
step:688/1190 train_time:33085ms step_avg:48.09ms
step:689/1190 train_time:33134ms step_avg:48.09ms
step:690/1190 train_time:33190ms step_avg:48.10ms
step:691/1190 train_time:33238ms step_avg:48.10ms
step:692/1190 train_time:33295ms step_avg:48.11ms
step:693/1190 train_time:33343ms step_avg:48.11ms
step:694/1190 train_time:33400ms step_avg:48.13ms
step:695/1190 train_time:33449ms step_avg:48.13ms
step:696/1190 train_time:33506ms step_avg:48.14ms
step:697/1190 train_time:33553ms step_avg:48.14ms
step:698/1190 train_time:33611ms step_avg:48.15ms
step:699/1190 train_time:33658ms step_avg:48.15ms
step:700/1190 train_time:33715ms step_avg:48.16ms
step:701/1190 train_time:33763ms step_avg:48.16ms
step:702/1190 train_time:33821ms step_avg:48.18ms
step:703/1190 train_time:33867ms step_avg:48.18ms
step:704/1190 train_time:33926ms step_avg:48.19ms
step:705/1190 train_time:33971ms step_avg:48.19ms
step:706/1190 train_time:34030ms step_avg:48.20ms
step:707/1190 train_time:34076ms step_avg:48.20ms
step:708/1190 train_time:34135ms step_avg:48.21ms
step:709/1190 train_time:34207ms step_avg:48.25ms
step:710/1190 train_time:34287ms step_avg:48.29ms
step:711/1190 train_time:34357ms step_avg:48.32ms
step:712/1190 train_time:34437ms step_avg:48.37ms
step:713/1190 train_time:34507ms step_avg:48.40ms
step:714/1190 train_time:34586ms step_avg:48.44ms
step:715/1190 train_time:34657ms step_avg:48.47ms
step:716/1190 train_time:34737ms step_avg:48.52ms
step:717/1190 train_time:34808ms step_avg:48.55ms
step:718/1190 train_time:34886ms step_avg:48.59ms
step:719/1190 train_time:34958ms step_avg:48.62ms
step:720/1190 train_time:35037ms step_avg:48.66ms
step:721/1190 train_time:35108ms step_avg:48.69ms
step:722/1190 train_time:35188ms step_avg:48.74ms
step:723/1190 train_time:35258ms step_avg:48.77ms
step:724/1190 train_time:35337ms step_avg:48.81ms
step:725/1190 train_time:35408ms step_avg:48.84ms
step:726/1190 train_time:35487ms step_avg:48.88ms
step:727/1190 train_time:35557ms step_avg:48.91ms
step:728/1190 train_time:35637ms step_avg:48.95ms
step:729/1190 train_time:35708ms step_avg:48.98ms
step:730/1190 train_time:35787ms step_avg:49.02ms
step:731/1190 train_time:35859ms step_avg:49.05ms
step:732/1190 train_time:35938ms step_avg:49.10ms
step:733/1190 train_time:36009ms step_avg:49.13ms
step:734/1190 train_time:36089ms step_avg:49.17ms
step:735/1190 train_time:36160ms step_avg:49.20ms
step:736/1190 train_time:36238ms step_avg:49.24ms
step:737/1190 train_time:36310ms step_avg:49.27ms
step:738/1190 train_time:36390ms step_avg:49.31ms
step:739/1190 train_time:36460ms step_avg:49.34ms
step:740/1190 train_time:36539ms step_avg:49.38ms
step:741/1190 train_time:36610ms step_avg:49.41ms
step:742/1190 train_time:36690ms step_avg:49.45ms
step:743/1190 train_time:36760ms step_avg:49.48ms
step:744/1190 train_time:36840ms step_avg:49.52ms
step:745/1190 train_time:36911ms step_avg:49.54ms
step:746/1190 train_time:36991ms step_avg:49.59ms
step:747/1190 train_time:37061ms step_avg:49.61ms
step:748/1190 train_time:37141ms step_avg:49.65ms
step:749/1190 train_time:37212ms step_avg:49.68ms
step:750/1190 train_time:37291ms step_avg:49.72ms
step:750/1190 val_loss:3.50246191 train_time:37368ms step_avg:49.82ms
step:751/1190 train_time:37398ms step_avg:49.80ms
step:752/1190 train_time:37445ms step_avg:49.79ms
step:753/1190 train_time:37522ms step_avg:49.83ms
step:754/1190 train_time:37605ms step_avg:49.87ms
step:755/1190 train_time:37678ms step_avg:49.91ms
step:756/1190 train_time:37758ms step_avg:49.94ms
step:757/1190 train_time:37828ms step_avg:49.97ms
step:758/1190 train_time:37909ms step_avg:50.01ms
step:759/1190 train_time:37977ms step_avg:50.04ms
step:760/1190 train_time:38055ms step_avg:50.07ms
step:761/1190 train_time:38127ms step_avg:50.10ms
step:762/1190 train_time:38206ms step_avg:50.14ms
step:763/1190 train_time:38277ms step_avg:50.17ms
step:764/1190 train_time:38355ms step_avg:50.20ms
step:765/1190 train_time:38428ms step_avg:50.23ms
step:766/1190 train_time:38509ms step_avg:50.27ms
step:767/1190 train_time:38580ms step_avg:50.30ms
step:768/1190 train_time:38661ms step_avg:50.34ms
step:769/1190 train_time:38731ms step_avg:50.36ms
step:770/1190 train_time:38811ms step_avg:50.40ms
step:771/1190 train_time:38881ms step_avg:50.43ms
step:772/1190 train_time:38960ms step_avg:50.47ms
step:773/1190 train_time:39030ms step_avg:50.49ms
step:774/1190 train_time:39110ms step_avg:50.53ms
step:775/1190 train_time:39180ms step_avg:50.55ms
step:776/1190 train_time:39259ms step_avg:50.59ms
step:777/1190 train_time:39329ms step_avg:50.62ms
step:778/1190 train_time:39409ms step_avg:50.65ms
step:779/1190 train_time:39480ms step_avg:50.68ms
step:780/1190 train_time:39558ms step_avg:50.72ms
step:781/1190 train_time:39630ms step_avg:50.74ms
step:782/1190 train_time:39709ms step_avg:50.78ms
step:783/1190 train_time:39780ms step_avg:50.80ms
step:784/1190 train_time:39859ms step_avg:50.84ms
step:785/1190 train_time:39930ms step_avg:50.87ms
step:786/1190 train_time:40010ms step_avg:50.90ms
step:787/1190 train_time:40080ms step_avg:50.93ms
step:788/1190 train_time:40159ms step_avg:50.96ms
step:789/1190 train_time:40230ms step_avg:50.99ms
step:790/1190 train_time:40309ms step_avg:51.02ms
step:791/1190 train_time:40380ms step_avg:51.05ms
step:792/1190 train_time:40458ms step_avg:51.08ms
step:793/1190 train_time:40530ms step_avg:51.11ms
step:794/1190 train_time:40609ms step_avg:51.15ms
step:795/1190 train_time:40681ms step_avg:51.17ms
step:796/1190 train_time:40759ms step_avg:51.20ms
step:797/1190 train_time:40830ms step_avg:51.23ms
step:798/1190 train_time:40910ms step_avg:51.27ms
step:799/1190 train_time:40981ms step_avg:51.29ms
step:800/1190 train_time:41059ms step_avg:51.32ms
step:801/1190 train_time:41131ms step_avg:51.35ms
step:802/1190 train_time:41211ms step_avg:51.39ms
step:803/1190 train_time:41282ms step_avg:51.41ms
step:804/1190 train_time:41360ms step_avg:51.44ms
step:805/1190 train_time:41432ms step_avg:51.47ms
step:806/1190 train_time:41512ms step_avg:51.50ms
step:807/1190 train_time:41584ms step_avg:51.53ms
step:808/1190 train_time:41662ms step_avg:51.56ms
step:809/1190 train_time:41733ms step_avg:51.59ms
step:810/1190 train_time:41813ms step_avg:51.62ms
step:811/1190 train_time:41883ms step_avg:51.64ms
step:812/1190 train_time:41962ms step_avg:51.68ms
step:813/1190 train_time:42033ms step_avg:51.70ms
step:814/1190 train_time:42114ms step_avg:51.74ms
step:815/1190 train_time:42184ms step_avg:51.76ms
step:816/1190 train_time:42263ms step_avg:51.79ms
step:817/1190 train_time:42334ms step_avg:51.82ms
step:818/1190 train_time:42413ms step_avg:51.85ms
step:819/1190 train_time:42484ms step_avg:51.87ms
step:820/1190 train_time:42563ms step_avg:51.91ms
step:821/1190 train_time:42633ms step_avg:51.93ms
step:822/1190 train_time:42713ms step_avg:51.96ms
step:823/1190 train_time:42784ms step_avg:51.99ms
step:824/1190 train_time:42864ms step_avg:52.02ms
step:825/1190 train_time:42935ms step_avg:52.04ms
step:826/1190 train_time:43016ms step_avg:52.08ms
step:827/1190 train_time:43086ms step_avg:52.10ms
step:828/1190 train_time:43166ms step_avg:52.13ms
step:829/1190 train_time:43236ms step_avg:52.15ms
step:830/1190 train_time:43315ms step_avg:52.19ms
step:831/1190 train_time:43386ms step_avg:52.21ms
step:832/1190 train_time:43466ms step_avg:52.24ms
step:833/1190 train_time:43537ms step_avg:52.26ms
step:834/1190 train_time:43615ms step_avg:52.30ms
step:835/1190 train_time:43687ms step_avg:52.32ms
step:836/1190 train_time:43765ms step_avg:52.35ms
step:837/1190 train_time:43837ms step_avg:52.37ms
step:838/1190 train_time:43916ms step_avg:52.41ms
step:839/1190 train_time:43987ms step_avg:52.43ms
step:840/1190 train_time:44066ms step_avg:52.46ms
step:841/1190 train_time:44137ms step_avg:52.48ms
step:842/1190 train_time:44216ms step_avg:52.51ms
step:843/1190 train_time:44287ms step_avg:52.54ms
step:844/1190 train_time:44366ms step_avg:52.57ms
step:845/1190 train_time:44437ms step_avg:52.59ms
step:846/1190 train_time:44516ms step_avg:52.62ms
step:847/1190 train_time:44587ms step_avg:52.64ms
step:848/1190 train_time:44665ms step_avg:52.67ms
step:849/1190 train_time:44737ms step_avg:52.69ms
step:850/1190 train_time:44816ms step_avg:52.73ms
step:851/1190 train_time:44887ms step_avg:52.75ms
step:852/1190 train_time:44966ms step_avg:52.78ms
step:853/1190 train_time:45037ms step_avg:52.80ms
step:854/1190 train_time:45116ms step_avg:52.83ms
step:855/1190 train_time:45187ms step_avg:52.85ms
step:856/1190 train_time:45267ms step_avg:52.88ms
step:857/1190 train_time:45338ms step_avg:52.90ms
step:858/1190 train_time:45416ms step_avg:52.93ms
step:859/1190 train_time:45488ms step_avg:52.95ms
step:860/1190 train_time:45566ms step_avg:52.98ms
step:861/1190 train_time:45638ms step_avg:53.01ms
step:862/1190 train_time:45716ms step_avg:53.03ms
step:863/1190 train_time:45788ms step_avg:53.06ms
step:864/1190 train_time:45867ms step_avg:53.09ms
step:865/1190 train_time:45938ms step_avg:53.11ms
step:866/1190 train_time:46019ms step_avg:53.14ms
step:867/1190 train_time:46088ms step_avg:53.16ms
step:868/1190 train_time:46168ms step_avg:53.19ms
step:869/1190 train_time:46239ms step_avg:53.21ms
step:870/1190 train_time:46317ms step_avg:53.24ms
step:871/1190 train_time:46389ms step_avg:53.26ms
step:872/1190 train_time:46468ms step_avg:53.29ms
step:873/1190 train_time:46538ms step_avg:53.31ms
step:874/1190 train_time:46617ms step_avg:53.34ms
step:875/1190 train_time:46688ms step_avg:53.36ms
step:876/1190 train_time:46767ms step_avg:53.39ms
step:877/1190 train_time:46838ms step_avg:53.41ms
step:878/1190 train_time:46918ms step_avg:53.44ms
step:879/1190 train_time:46988ms step_avg:53.46ms
step:880/1190 train_time:47068ms step_avg:53.49ms
step:881/1190 train_time:47137ms step_avg:53.50ms
step:882/1190 train_time:47217ms step_avg:53.53ms
step:883/1190 train_time:47287ms step_avg:53.55ms
step:884/1190 train_time:47367ms step_avg:53.58ms
step:885/1190 train_time:47437ms step_avg:53.60ms
step:886/1190 train_time:47518ms step_avg:53.63ms
step:887/1190 train_time:47601ms step_avg:53.67ms
step:888/1190 train_time:47755ms step_avg:53.78ms
step:889/1190 train_time:47786ms step_avg:53.75ms
step:890/1190 train_time:47850ms step_avg:53.76ms
step:891/1190 train_time:47919ms step_avg:53.78ms
step:892/1190 train_time:47999ms step_avg:53.81ms
step:893/1190 train_time:48068ms step_avg:53.83ms
step:894/1190 train_time:48148ms step_avg:53.86ms
step:895/1190 train_time:48217ms step_avg:53.87ms
step:896/1190 train_time:48295ms step_avg:53.90ms
step:897/1190 train_time:48367ms step_avg:53.92ms
step:898/1190 train_time:48447ms step_avg:53.95ms
step:899/1190 train_time:48516ms step_avg:53.97ms
step:900/1190 train_time:48596ms step_avg:54.00ms
step:901/1190 train_time:48669ms step_avg:54.02ms
step:902/1190 train_time:48750ms step_avg:54.05ms
step:903/1190 train_time:48820ms step_avg:54.06ms
step:904/1190 train_time:48900ms step_avg:54.09ms
step:905/1190 train_time:48971ms step_avg:54.11ms
step:906/1190 train_time:49050ms step_avg:54.14ms
step:907/1190 train_time:49122ms step_avg:54.16ms
step:908/1190 train_time:49200ms step_avg:54.19ms
step:909/1190 train_time:49271ms step_avg:54.20ms
step:910/1190 train_time:49351ms step_avg:54.23ms
step:911/1190 train_time:49421ms step_avg:54.25ms
step:912/1190 train_time:49499ms step_avg:54.28ms
step:913/1190 train_time:49571ms step_avg:54.29ms
step:914/1190 train_time:49651ms step_avg:54.32ms
step:915/1190 train_time:49722ms step_avg:54.34ms
step:916/1190 train_time:49801ms step_avg:54.37ms
step:917/1190 train_time:49873ms step_avg:54.39ms
step:918/1190 train_time:49952ms step_avg:54.41ms
step:919/1190 train_time:50023ms step_avg:54.43ms
step:920/1190 train_time:50102ms step_avg:54.46ms
step:921/1190 train_time:50173ms step_avg:54.48ms
step:922/1190 train_time:50253ms step_avg:54.50ms
step:923/1190 train_time:50324ms step_avg:54.52ms
step:924/1190 train_time:50402ms step_avg:54.55ms
step:925/1190 train_time:50474ms step_avg:54.57ms
step:926/1190 train_time:50553ms step_avg:54.59ms
step:927/1190 train_time:50624ms step_avg:54.61ms
step:928/1190 train_time:50703ms step_avg:54.64ms
step:929/1190 train_time:50775ms step_avg:54.66ms
step:930/1190 train_time:50854ms step_avg:54.68ms
step:931/1190 train_time:50925ms step_avg:54.70ms
step:932/1190 train_time:51006ms step_avg:54.73ms
step:933/1190 train_time:51077ms step_avg:54.74ms
step:934/1190 train_time:51156ms step_avg:54.77ms
step:935/1190 train_time:51226ms step_avg:54.79ms
step:936/1190 train_time:51307ms step_avg:54.81ms
step:937/1190 train_time:51376ms step_avg:54.83ms
step:938/1190 train_time:51456ms step_avg:54.86ms
step:939/1190 train_time:51527ms step_avg:54.87ms
step:940/1190 train_time:51607ms step_avg:54.90ms
step:941/1190 train_time:51678ms step_avg:54.92ms
step:942/1190 train_time:51758ms step_avg:54.94ms
step:943/1190 train_time:51828ms step_avg:54.96ms
step:944/1190 train_time:51908ms step_avg:54.99ms
step:945/1190 train_time:51979ms step_avg:55.00ms
step:946/1190 train_time:52058ms step_avg:55.03ms
step:947/1190 train_time:52129ms step_avg:55.05ms
step:948/1190 train_time:52208ms step_avg:55.07ms
step:949/1190 train_time:52280ms step_avg:55.09ms
step:950/1190 train_time:52359ms step_avg:55.11ms
step:951/1190 train_time:52430ms step_avg:55.13ms
step:952/1190 train_time:52510ms step_avg:55.16ms
step:953/1190 train_time:52580ms step_avg:55.17ms
step:954/1190 train_time:52659ms step_avg:55.20ms
step:955/1190 train_time:52730ms step_avg:55.21ms
step:956/1190 train_time:52810ms step_avg:55.24ms
step:957/1190 train_time:52880ms step_avg:55.26ms
step:958/1190 train_time:52959ms step_avg:55.28ms
step:959/1190 train_time:53030ms step_avg:55.30ms
step:960/1190 train_time:53112ms step_avg:55.32ms
step:961/1190 train_time:53180ms step_avg:55.34ms
step:962/1190 train_time:53259ms step_avg:55.36ms
step:963/1190 train_time:53329ms step_avg:55.38ms
step:964/1190 train_time:53409ms step_avg:55.40ms
step:965/1190 train_time:53480ms step_avg:55.42ms
step:966/1190 train_time:53559ms step_avg:55.44ms
step:967/1190 train_time:53630ms step_avg:55.46ms
step:968/1190 train_time:53709ms step_avg:55.48ms
step:969/1190 train_time:53780ms step_avg:55.50ms
step:970/1190 train_time:53858ms step_avg:55.52ms
step:971/1190 train_time:53930ms step_avg:55.54ms
step:972/1190 train_time:54009ms step_avg:55.56ms
step:973/1190 train_time:54080ms step_avg:55.58ms
step:974/1190 train_time:54159ms step_avg:55.60ms
step:975/1190 train_time:54230ms step_avg:55.62ms
step:976/1190 train_time:54309ms step_avg:55.64ms
step:977/1190 train_time:54380ms step_avg:55.66ms
step:978/1190 train_time:54462ms step_avg:55.69ms
step:979/1190 train_time:54530ms step_avg:55.70ms
step:980/1190 train_time:54609ms step_avg:55.72ms
step:981/1190 train_time:54679ms step_avg:55.74ms
step:982/1190 train_time:54758ms step_avg:55.76ms
step:983/1190 train_time:54829ms step_avg:55.78ms
step:984/1190 train_time:54908ms step_avg:55.80ms
step:985/1190 train_time:54980ms step_avg:55.82ms
step:986/1190 train_time:55059ms step_avg:55.84ms
step:987/1190 train_time:55131ms step_avg:55.86ms
step:988/1190 train_time:55211ms step_avg:55.88ms
step:989/1190 train_time:55281ms step_avg:55.90ms
step:990/1190 train_time:55360ms step_avg:55.92ms
step:991/1190 train_time:55431ms step_avg:55.93ms
step:992/1190 train_time:55510ms step_avg:55.96ms
step:993/1190 train_time:55581ms step_avg:55.97ms
step:994/1190 train_time:55659ms step_avg:56.00ms
step:995/1190 train_time:55732ms step_avg:56.01ms
step:996/1190 train_time:55811ms step_avg:56.04ms
step:997/1190 train_time:55882ms step_avg:56.05ms
step:998/1190 train_time:55962ms step_avg:56.07ms
step:999/1190 train_time:56033ms step_avg:56.09ms
step:1000/1190 train_time:56112ms step_avg:56.11ms
step:1000/1190 val_loss:3.34800816 train_time:56189ms step_avg:56.19ms
step:1001/1190 train_time:56216ms step_avg:56.16ms
step:1002/1190 train_time:56266ms step_avg:56.15ms
step:1003/1190 train_time:56345ms step_avg:56.18ms
step:1004/1190 train_time:56424ms step_avg:56.20ms
step:1005/1190 train_time:56498ms step_avg:56.22ms
step:1006/1190 train_time:56577ms step_avg:56.24ms
step:1007/1190 train_time:56647ms step_avg:56.25ms
step:1008/1190 train_time:56728ms step_avg:56.28ms
step:1009/1190 train_time:56797ms step_avg:56.29ms
step:1010/1190 train_time:56877ms step_avg:56.31ms
step:1011/1190 train_time:56947ms step_avg:56.33ms
step:1012/1190 train_time:57027ms step_avg:56.35ms
step:1013/1190 train_time:57099ms step_avg:56.37ms
step:1014/1190 train_time:57179ms step_avg:56.39ms
step:1015/1190 train_time:57250ms step_avg:56.40ms
step:1016/1190 train_time:57330ms step_avg:56.43ms
step:1017/1190 train_time:57402ms step_avg:56.44ms
step:1018/1190 train_time:57481ms step_avg:56.47ms
step:1019/1190 train_time:57554ms step_avg:56.48ms
step:1020/1190 train_time:57633ms step_avg:56.50ms
step:1021/1190 train_time:57703ms step_avg:56.52ms
step:1022/1190 train_time:57782ms step_avg:56.54ms
step:1023/1190 train_time:57853ms step_avg:56.55ms
step:1024/1190 train_time:57933ms step_avg:56.57ms
step:1025/1190 train_time:58003ms step_avg:56.59ms
step:1026/1190 train_time:58083ms step_avg:56.61ms
step:1027/1190 train_time:58153ms step_avg:56.62ms
step:1028/1190 train_time:58233ms step_avg:56.65ms
step:1029/1190 train_time:58304ms step_avg:56.66ms
step:1030/1190 train_time:58384ms step_avg:56.68ms
step:1031/1190 train_time:58455ms step_avg:56.70ms
step:1032/1190 train_time:58533ms step_avg:56.72ms
step:1033/1190 train_time:58605ms step_avg:56.73ms
step:1034/1190 train_time:58684ms step_avg:56.75ms
step:1035/1190 train_time:58756ms step_avg:56.77ms
step:1036/1190 train_time:58834ms step_avg:56.79ms
step:1037/1190 train_time:58906ms step_avg:56.80ms
step:1038/1190 train_time:58985ms step_avg:56.83ms
step:1039/1190 train_time:59057ms step_avg:56.84ms
step:1040/1190 train_time:59137ms step_avg:56.86ms
step:1041/1190 train_time:59207ms step_avg:56.88ms
step:1042/1190 train_time:59287ms step_avg:56.90ms
step:1043/1190 train_time:59359ms step_avg:56.91ms
step:1044/1190 train_time:59441ms step_avg:56.94ms
step:1045/1190 train_time:59509ms step_avg:56.95ms
step:1046/1190 train_time:59589ms step_avg:56.97ms
step:1047/1190 train_time:59660ms step_avg:56.98ms
step:1048/1190 train_time:59741ms step_avg:57.00ms
step:1049/1190 train_time:59810ms step_avg:57.02ms
step:1050/1190 train_time:59889ms step_avg:57.04ms
step:1051/1190 train_time:59960ms step_avg:57.05ms
step:1052/1190 train_time:60039ms step_avg:57.07ms
step:1053/1190 train_time:60109ms step_avg:57.08ms
step:1054/1190 train_time:60189ms step_avg:57.11ms
step:1055/1190 train_time:60260ms step_avg:57.12ms
step:1056/1190 train_time:60339ms step_avg:57.14ms
step:1057/1190 train_time:60410ms step_avg:57.15ms
step:1058/1190 train_time:60488ms step_avg:57.17ms
step:1059/1190 train_time:60561ms step_avg:57.19ms
step:1060/1190 train_time:60641ms step_avg:57.21ms
step:1061/1190 train_time:60712ms step_avg:57.22ms
step:1062/1190 train_time:60792ms step_avg:57.24ms
step:1063/1190 train_time:60863ms step_avg:57.26ms
step:1064/1190 train_time:60944ms step_avg:57.28ms
step:1065/1190 train_time:61014ms step_avg:57.29ms
step:1066/1190 train_time:61093ms step_avg:57.31ms
step:1067/1190 train_time:61164ms step_avg:57.32ms
step:1068/1190 train_time:61245ms step_avg:57.35ms
step:1069/1190 train_time:61315ms step_avg:57.36ms
step:1070/1190 train_time:61393ms step_avg:57.38ms
step:1071/1190 train_time:61464ms step_avg:57.39ms
step:1072/1190 train_time:61544ms step_avg:57.41ms
step:1073/1190 train_time:61616ms step_avg:57.42ms
step:1074/1190 train_time:61694ms step_avg:57.44ms
step:1075/1190 train_time:61766ms step_avg:57.46ms
step:1076/1190 train_time:61845ms step_avg:57.48ms
step:1077/1190 train_time:61917ms step_avg:57.49ms
step:1078/1190 train_time:61996ms step_avg:57.51ms
step:1079/1190 train_time:62067ms step_avg:57.52ms
step:1080/1190 train_time:62146ms step_avg:57.54ms
step:1081/1190 train_time:62218ms step_avg:57.56ms
step:1082/1190 train_time:62297ms step_avg:57.58ms
step:1083/1190 train_time:62369ms step_avg:57.59ms
step:1084/1190 train_time:62447ms step_avg:57.61ms
step:1085/1190 train_time:62519ms step_avg:57.62ms
step:1086/1190 train_time:62599ms step_avg:57.64ms
step:1087/1190 train_time:62670ms step_avg:57.65ms
step:1088/1190 train_time:62750ms step_avg:57.67ms
step:1089/1190 train_time:62821ms step_avg:57.69ms
step:1090/1190 train_time:62901ms step_avg:57.71ms
step:1091/1190 train_time:62971ms step_avg:57.72ms
step:1092/1190 train_time:63051ms step_avg:57.74ms
step:1093/1190 train_time:63122ms step_avg:57.75ms
step:1094/1190 train_time:63202ms step_avg:57.77ms
step:1095/1190 train_time:63273ms step_avg:57.78ms
step:1096/1190 train_time:63352ms step_avg:57.80ms
step:1097/1190 train_time:63423ms step_avg:57.82ms
step:1098/1190 train_time:63580ms step_avg:57.90ms
step:1099/1190 train_time:63614ms step_avg:57.88ms
step:1100/1190 train_time:63663ms step_avg:57.88ms
step:1101/1190 train_time:63732ms step_avg:57.89ms
step:1102/1190 train_time:63811ms step_avg:57.90ms
step:1103/1190 train_time:63881ms step_avg:57.92ms
step:1104/1190 train_time:63961ms step_avg:57.94ms
step:1105/1190 train_time:64032ms step_avg:57.95ms
step:1106/1190 train_time:64111ms step_avg:57.97ms
step:1107/1190 train_time:64182ms step_avg:57.98ms
step:1108/1190 train_time:64262ms step_avg:58.00ms
step:1109/1190 train_time:64333ms step_avg:58.01ms
step:1110/1190 train_time:64413ms step_avg:58.03ms
step:1111/1190 train_time:64483ms step_avg:58.04ms
step:1112/1190 train_time:64563ms step_avg:58.06ms
step:1113/1190 train_time:64636ms step_avg:58.07ms
step:1114/1190 train_time:64716ms step_avg:58.09ms
step:1115/1190 train_time:64785ms step_avg:58.10ms
step:1116/1190 train_time:64866ms step_avg:58.12ms
step:1117/1190 train_time:64940ms step_avg:58.14ms
step:1118/1190 train_time:65020ms step_avg:58.16ms
step:1119/1190 train_time:65090ms step_avg:58.17ms
step:1120/1190 train_time:65168ms step_avg:58.19ms
step:1121/1190 train_time:65236ms step_avg:58.19ms
step:1122/1190 train_time:65316ms step_avg:58.21ms
step:1123/1190 train_time:65387ms step_avg:58.23ms
step:1124/1190 train_time:65468ms step_avg:58.25ms
step:1125/1190 train_time:65538ms step_avg:58.26ms
step:1126/1190 train_time:65617ms step_avg:58.27ms
step:1127/1190 train_time:65688ms step_avg:58.29ms
step:1128/1190 train_time:65767ms step_avg:58.30ms
step:1129/1190 train_time:65839ms step_avg:58.32ms
step:1130/1190 train_time:65918ms step_avg:58.33ms
step:1131/1190 train_time:65991ms step_avg:58.35ms
step:1132/1190 train_time:66073ms step_avg:58.37ms
step:1133/1190 train_time:66144ms step_avg:58.38ms
step:1134/1190 train_time:66223ms step_avg:58.40ms
step:1135/1190 train_time:66295ms step_avg:58.41ms
step:1136/1190 train_time:66373ms step_avg:58.43ms
step:1137/1190 train_time:66445ms step_avg:58.44ms
step:1138/1190 train_time:66527ms step_avg:58.46ms
step:1139/1190 train_time:66597ms step_avg:58.47ms
step:1140/1190 train_time:66676ms step_avg:58.49ms
step:1141/1190 train_time:66748ms step_avg:58.50ms
step:1142/1190 train_time:66828ms step_avg:58.52ms
step:1143/1190 train_time:66901ms step_avg:58.53ms
step:1144/1190 train_time:66980ms step_avg:58.55ms
step:1145/1190 train_time:67052ms step_avg:58.56ms
step:1146/1190 train_time:67133ms step_avg:58.58ms
step:1147/1190 train_time:67203ms step_avg:58.59ms
step:1148/1190 train_time:67283ms step_avg:58.61ms
step:1149/1190 train_time:67355ms step_avg:58.62ms
step:1150/1190 train_time:67435ms step_avg:58.64ms
step:1151/1190 train_time:67506ms step_avg:58.65ms
step:1152/1190 train_time:67585ms step_avg:58.67ms
step:1153/1190 train_time:67658ms step_avg:58.68ms
step:1154/1190 train_time:67738ms step_avg:58.70ms
step:1155/1190 train_time:67808ms step_avg:58.71ms
step:1156/1190 train_time:67888ms step_avg:58.73ms
step:1157/1190 train_time:67960ms step_avg:58.74ms
step:1158/1190 train_time:68040ms step_avg:58.76ms
step:1159/1190 train_time:68111ms step_avg:58.77ms
step:1160/1190 train_time:68191ms step_avg:58.79ms
step:1161/1190 train_time:68264ms step_avg:58.80ms
step:1162/1190 train_time:68343ms step_avg:58.81ms
step:1163/1190 train_time:68413ms step_avg:58.82ms
step:1164/1190 train_time:68492ms step_avg:58.84ms
step:1165/1190 train_time:68563ms step_avg:58.85ms
step:1166/1190 train_time:68643ms step_avg:58.87ms
step:1167/1190 train_time:68714ms step_avg:58.88ms
step:1168/1190 train_time:68794ms step_avg:58.90ms
step:1169/1190 train_time:68866ms step_avg:58.91ms
step:1170/1190 train_time:68946ms step_avg:58.93ms
step:1171/1190 train_time:69018ms step_avg:58.94ms
step:1172/1190 train_time:69098ms step_avg:58.96ms
step:1173/1190 train_time:69169ms step_avg:58.97ms
step:1174/1190 train_time:69250ms step_avg:58.99ms
step:1175/1190 train_time:69321ms step_avg:59.00ms
step:1176/1190 train_time:69401ms step_avg:59.01ms
step:1177/1190 train_time:69473ms step_avg:59.03ms
step:1178/1190 train_time:69552ms step_avg:59.04ms
step:1179/1190 train_time:69624ms step_avg:59.05ms
step:1180/1190 train_time:69704ms step_avg:59.07ms
step:1181/1190 train_time:69775ms step_avg:59.08ms
step:1182/1190 train_time:69854ms step_avg:59.10ms
step:1183/1190 train_time:69925ms step_avg:59.11ms
step:1184/1190 train_time:70007ms step_avg:59.13ms
step:1185/1190 train_time:70077ms step_avg:59.14ms
step:1186/1190 train_time:70158ms step_avg:59.15ms
step:1187/1190 train_time:70228ms step_avg:59.16ms
step:1188/1190 train_time:70308ms step_avg:59.18ms
step:1189/1190 train_time:70380ms step_avg:59.19ms
step:1190/1190 train_time:70460ms step_avg:59.21ms
step:1190/1190 val_loss:3.27702594 train_time:70536ms step_avg:59.27ms
peak memory allocated: 32011 MiB reserved: 43460 MiB
