HARNESS_TRAINING_ENV={"OMP_NUM_THREADS": "1", "MKL_NUM_THREADS": "1", "torch_num_threads": 1, "torch_num_interop_threads": 47}
[Gloo] Rank 0 is connected to [Gloo] Rank 76 peer ranks.  is connected to 7Expected number of connected peer ranks is :  peer ranks. Expected number of connected peer ranks is : 77

[Gloo] Rank 2 is connected to 7 peer ranks. Expected number of connected peer ranks is : 7
[Gloo] Rank 1 is connected to 7 peer ranks. Expected number of connected peer ranks is : 7
[Gloo] Rank 3 is connected to 7 peer ranks. Expected number of connected peer ranks is : 7
[Gloo] Rank 5 is connected to 7 peer ranks. [Gloo] Rank Expected number of connected peer ranks is : 4 is connected to 77
 peer ranks. Expected number of connected peer ranks is : 7
[Gloo] Rank 7 is connected to 7 peer ranks. Expected number of connected peer ranks is : 7
/workspace/train_gpt.py:1084: UserWarning: Skipping publisher trust check for 'kernels-community/flash-attn3' because Hugging Face Hub is in offline mode.
  flash_attn_interface = get_kernel('kernels-community/flash-attn3', version=1).flash_attn_interface
/workspace/train_gpt.py:1084: UserWarning: Skipping publisher trust check for 'kernels-community/flash-attn3' because Hugging Face Hub is in offline mode.
  flash_attn_interface = get_kernel('kernels-community/flash-attn3', version=1).flash_attn_interface
/workspace/train_gpt.py:1084: UserWarning: Skipping publisher trust check for 'kernels-community/flash-attn3' because Hugging Face Hub is in offline mode.
  flash_attn_interface = get_kernel('kernels-community/flash-attn3', version=1).flash_attn_interface
/workspace/train_gpt.py:1084: UserWarning: Skipping publisher trust check for 'kernels-community/flash-attn3' because Hugging Face Hub is in offline mode.
  flash_attn_interface = get_kernel('kernels-community/flash-attn3', version=1).flash_attn_interface
/workspace/train_gpt.py:1084: UserWarning: Skipping publisher trust check for 'kernels-community/flash-attn3' because Hugging Face Hub is in offline mode.
  flash_attn_interface = get_kernel('kernels-community/flash-attn3', version=1).flash_attn_interface
/workspace/train_gpt.py:1084: UserWarning: Skipping publisher trust check for 'kernels-community/flash-attn3' because Hugging Face Hub is in offline mode.
  flash_attn_interface = get_kernel('kernels-community/flash-attn3', version=1).flash_attn_interface
/workspace/train_gpt.py:1084: UserWarning: Skipping publisher trust check for 'kernels-community/flash-attn3' because Hugging Face Hub is in offline mode.
  flash_attn_interface = get_kernel('kernels-community/flash-attn3', version=1).flash_attn_interface
/workspace/train_gpt.py:1084: UserWarning: Skipping publisher trust check for 'kernels-community/flash-attn3' because Hugging Face Hub is in offline mode.
  flash_attn_interface = get_kernel('kernels-community/flash-attn3', version=1).flash_attn_interface
logs/72c445ad-0854-493a-9b5c-b8d1a96cc47d.txt
Compiling model and warming up kernels (~7 minutes on first execution)
Sampling steps [0, 1, 281, 282, 283, 284, 705, 706, 707, 708, 1128, 1129, 1130, 1131] for warmup
Resetting Model
step:0/1190 val_loss:10.82878304 train_time:64ms step_avg:64.42ms
step:1/1190 train_time:305ms step_avg:304.98ms
step:2/1190 train_time:344ms step_avg:171.99ms
step:3/1190 train_time:419ms step_avg:139.74ms
step:4/1190 train_time:473ms step_avg:118.14ms
step:5/1190 train_time:507ms step_avg:101.40ms
step:6/1190 train_time:553ms step_avg:92.19ms
step:7/1190 train_time:587ms step_avg:83.85ms
step:8/1190 train_time:633ms step_avg:79.16ms
step:9/1190 train_time:668ms step_avg:74.19ms
step:10/1190 train_time:714ms step_avg:71.40ms
step:11/1190 train_time:749ms step_avg:68.11ms
step:12/1190 train_time:796ms step_avg:66.35ms
step:13/1190 train_time:831ms step_avg:63.90ms
step:14/1190 train_time:876ms step_avg:62.60ms
step:15/1190 train_time:912ms step_avg:60.83ms
step:16/1190 train_time:958ms step_avg:59.89ms
step:17/1190 train_time:993ms step_avg:58.43ms
step:18/1190 train_time:1040ms step_avg:57.77ms
step:19/1190 train_time:1075ms step_avg:56.56ms
step:20/1190 train_time:1121ms step_avg:56.05ms
step:21/1190 train_time:1156ms step_avg:55.06ms
step:22/1190 train_time:1202ms step_avg:54.64ms
step:23/1190 train_time:1239ms step_avg:53.86ms
step:24/1190 train_time:1285ms step_avg:53.53ms
step:25/1190 train_time:1320ms step_avg:52.80ms
step:26/1190 train_time:1367ms step_avg:52.59ms
step:27/1190 train_time:1402ms step_avg:51.93ms
step:28/1190 train_time:1448ms step_avg:51.73ms
step:29/1190 train_time:1484ms step_avg:51.16ms
step:30/1190 train_time:1531ms step_avg:51.03ms
step:31/1190 train_time:1565ms step_avg:50.49ms
step:32/1190 train_time:1614ms step_avg:50.45ms
step:33/1190 train_time:1647ms step_avg:49.91ms
step:34/1190 train_time:1693ms step_avg:49.79ms
step:35/1190 train_time:1728ms step_avg:49.38ms
step:36/1190 train_time:1774ms step_avg:49.28ms
step:37/1190 train_time:1809ms step_avg:48.90ms
step:38/1190 train_time:1856ms step_avg:48.83ms
step:39/1190 train_time:1891ms step_avg:48.49ms
step:40/1190 train_time:1937ms step_avg:48.43ms
step:41/1190 train_time:1973ms step_avg:48.11ms
step:42/1190 train_time:2018ms step_avg:48.04ms
step:43/1190 train_time:2054ms step_avg:47.77ms
step:44/1190 train_time:2100ms step_avg:47.73ms
step:45/1190 train_time:2136ms step_avg:47.47ms
step:46/1190 train_time:2182ms step_avg:47.43ms
step:47/1190 train_time:2217ms step_avg:47.17ms
step:48/1190 train_time:2263ms step_avg:47.15ms
step:49/1190 train_time:2299ms step_avg:46.91ms
step:50/1190 train_time:2345ms step_avg:46.91ms
step:51/1190 train_time:2380ms step_avg:46.67ms
step:52/1190 train_time:2426ms step_avg:46.66ms
step:53/1190 train_time:2462ms step_avg:46.45ms
step:54/1190 train_time:2508ms step_avg:46.44ms
step:55/1190 train_time:2544ms step_avg:46.26ms
step:56/1190 train_time:2590ms step_avg:46.25ms
step:57/1190 train_time:2625ms step_avg:46.06ms
step:58/1190 train_time:2671ms step_avg:46.06ms
step:59/1190 train_time:2707ms step_avg:45.88ms
step:60/1190 train_time:2753ms step_avg:45.88ms
step:61/1190 train_time:2788ms step_avg:45.71ms
step:62/1190 train_time:2834ms step_avg:45.70ms
step:63/1190 train_time:2869ms step_avg:45.55ms
step:64/1190 train_time:2915ms step_avg:45.55ms
step:65/1190 train_time:2951ms step_avg:45.40ms
step:66/1190 train_time:2996ms step_avg:45.39ms
step:67/1190 train_time:3033ms step_avg:45.26ms
step:68/1190 train_time:3078ms step_avg:45.26ms
step:69/1190 train_time:3114ms step_avg:45.13ms
step:70/1190 train_time:3160ms step_avg:45.15ms
step:71/1190 train_time:3196ms step_avg:45.01ms
step:72/1190 train_time:3242ms step_avg:45.02ms
step:73/1190 train_time:3277ms step_avg:44.89ms
step:74/1190 train_time:3323ms step_avg:44.91ms
step:75/1190 train_time:3359ms step_avg:44.78ms
step:76/1190 train_time:3405ms step_avg:44.81ms
step:77/1190 train_time:3440ms step_avg:44.68ms
step:78/1190 train_time:3488ms step_avg:44.71ms
step:79/1190 train_time:3522ms step_avg:44.58ms
step:80/1190 train_time:3568ms step_avg:44.60ms
step:81/1190 train_time:3604ms step_avg:44.49ms
step:82/1190 train_time:3650ms step_avg:44.51ms
step:83/1190 train_time:3685ms step_avg:44.40ms
step:84/1190 train_time:3732ms step_avg:44.42ms
step:85/1190 train_time:3767ms step_avg:44.32ms
step:86/1190 train_time:3812ms step_avg:44.33ms
step:87/1190 train_time:3849ms step_avg:44.24ms
step:88/1190 train_time:3894ms step_avg:44.25ms
step:89/1190 train_time:3930ms step_avg:44.15ms
step:90/1190 train_time:3976ms step_avg:44.18ms
step:91/1190 train_time:4011ms step_avg:44.07ms
step:92/1190 train_time:4058ms step_avg:44.10ms
step:93/1190 train_time:4093ms step_avg:44.01ms
step:94/1190 train_time:4139ms step_avg:44.03ms
step:95/1190 train_time:4174ms step_avg:43.94ms
step:96/1190 train_time:4220ms step_avg:43.96ms
step:97/1190 train_time:4255ms step_avg:43.87ms
step:98/1190 train_time:4302ms step_avg:43.90ms
step:99/1190 train_time:4337ms step_avg:43.81ms
step:100/1190 train_time:4384ms step_avg:43.84ms
step:101/1190 train_time:4418ms step_avg:43.75ms
step:102/1190 train_time:4465ms step_avg:43.78ms
step:103/1190 train_time:4500ms step_avg:43.69ms
step:104/1190 train_time:4547ms step_avg:43.72ms
step:105/1190 train_time:4582ms step_avg:43.64ms
step:106/1190 train_time:4629ms step_avg:43.67ms
step:107/1190 train_time:4663ms step_avg:43.58ms
step:108/1190 train_time:4710ms step_avg:43.61ms
step:109/1190 train_time:4745ms step_avg:43.53ms
step:110/1190 train_time:4792ms step_avg:43.56ms
step:111/1190 train_time:4826ms step_avg:43.48ms
step:112/1190 train_time:4873ms step_avg:43.51ms
step:113/1190 train_time:4908ms step_avg:43.43ms
step:114/1190 train_time:4954ms step_avg:43.46ms
step:115/1190 train_time:4989ms step_avg:43.38ms
step:116/1190 train_time:5035ms step_avg:43.40ms
step:117/1190 train_time:5072ms step_avg:43.35ms
step:118/1190 train_time:5117ms step_avg:43.36ms
step:119/1190 train_time:5152ms step_avg:43.30ms
step:120/1190 train_time:5198ms step_avg:43.32ms
step:121/1190 train_time:5234ms step_avg:43.25ms
step:122/1190 train_time:5280ms step_avg:43.28ms
step:123/1190 train_time:5315ms step_avg:43.21ms
step:124/1190 train_time:5362ms step_avg:43.25ms
step:125/1190 train_time:5397ms step_avg:43.18ms
step:126/1190 train_time:5445ms step_avg:43.21ms
step:127/1190 train_time:5480ms step_avg:43.15ms
step:128/1190 train_time:5525ms step_avg:43.17ms
step:129/1190 train_time:5561ms step_avg:43.11ms
step:130/1190 train_time:5607ms step_avg:43.13ms
step:131/1190 train_time:5642ms step_avg:43.07ms
step:132/1190 train_time:5689ms step_avg:43.10ms
step:133/1190 train_time:5724ms step_avg:43.03ms
step:134/1190 train_time:5770ms step_avg:43.06ms
step:135/1190 train_time:5805ms step_avg:43.00ms
step:136/1190 train_time:5852ms step_avg:43.03ms
step:137/1190 train_time:5886ms step_avg:42.97ms
step:138/1190 train_time:5933ms step_avg:42.99ms
step:139/1190 train_time:5968ms step_avg:42.94ms
step:140/1190 train_time:6015ms step_avg:42.96ms
step:141/1190 train_time:6050ms step_avg:42.91ms
step:142/1190 train_time:6096ms step_avg:42.93ms
step:143/1190 train_time:6131ms step_avg:42.87ms
step:144/1190 train_time:6177ms step_avg:42.89ms
step:145/1190 train_time:6212ms step_avg:42.84ms
step:146/1190 train_time:6258ms step_avg:42.86ms
step:147/1190 train_time:6294ms step_avg:42.81ms
step:148/1190 train_time:6339ms step_avg:42.83ms
step:149/1190 train_time:6376ms step_avg:42.79ms
step:150/1190 train_time:6422ms step_avg:42.81ms
step:151/1190 train_time:6458ms step_avg:42.77ms
step:152/1190 train_time:6504ms step_avg:42.79ms
step:153/1190 train_time:6539ms step_avg:42.74ms
step:154/1190 train_time:6586ms step_avg:42.77ms
step:155/1190 train_time:6621ms step_avg:42.72ms
step:156/1190 train_time:6669ms step_avg:42.75ms
step:157/1190 train_time:6703ms step_avg:42.69ms
step:158/1190 train_time:6749ms step_avg:42.72ms
step:159/1190 train_time:6785ms step_avg:42.67ms
step:160/1190 train_time:6830ms step_avg:42.69ms
step:161/1190 train_time:6866ms step_avg:42.65ms
step:162/1190 train_time:6912ms step_avg:42.67ms
step:163/1190 train_time:6948ms step_avg:42.62ms
step:164/1190 train_time:6993ms step_avg:42.64ms
step:165/1190 train_time:7029ms step_avg:42.60ms
step:166/1190 train_time:7075ms step_avg:42.62ms
step:167/1190 train_time:7109ms step_avg:42.57ms
step:168/1190 train_time:7155ms step_avg:42.59ms
step:169/1190 train_time:7192ms step_avg:42.55ms
step:170/1190 train_time:7237ms step_avg:42.57ms
step:171/1190 train_time:7273ms step_avg:42.53ms
step:172/1190 train_time:7318ms step_avg:42.55ms
step:173/1190 train_time:7354ms step_avg:42.51ms
step:174/1190 train_time:7400ms step_avg:42.53ms
step:175/1190 train_time:7436ms step_avg:42.49ms
step:176/1190 train_time:7481ms step_avg:42.51ms
step:177/1190 train_time:7518ms step_avg:42.47ms
step:178/1190 train_time:7563ms step_avg:42.49ms
step:179/1190 train_time:7599ms step_avg:42.45ms
step:180/1190 train_time:7645ms step_avg:42.47ms
step:181/1190 train_time:7680ms step_avg:42.43ms
step:182/1190 train_time:7726ms step_avg:42.45ms
step:183/1190 train_time:7762ms step_avg:42.41ms
step:184/1190 train_time:7809ms step_avg:42.44ms
step:185/1190 train_time:7844ms step_avg:42.40ms
step:186/1190 train_time:7889ms step_avg:42.42ms
step:187/1190 train_time:7926ms step_avg:42.38ms
step:188/1190 train_time:7971ms step_avg:42.40ms
step:189/1190 train_time:8006ms step_avg:42.36ms
step:190/1190 train_time:8052ms step_avg:42.38ms
step:191/1190 train_time:8088ms step_avg:42.34ms
step:192/1190 train_time:8133ms step_avg:42.36ms
step:193/1190 train_time:8169ms step_avg:42.33ms
step:194/1190 train_time:8215ms step_avg:42.34ms
step:195/1190 train_time:8251ms step_avg:42.31ms
step:196/1190 train_time:8297ms step_avg:42.33ms
step:197/1190 train_time:8331ms step_avg:42.29ms
step:198/1190 train_time:8378ms step_avg:42.31ms
step:199/1190 train_time:8413ms step_avg:42.28ms
step:200/1190 train_time:8459ms step_avg:42.30ms
step:201/1190 train_time:8495ms step_avg:42.26ms
step:202/1190 train_time:8540ms step_avg:42.28ms
step:203/1190 train_time:8576ms step_avg:42.25ms
step:204/1190 train_time:8622ms step_avg:42.27ms
step:205/1190 train_time:8658ms step_avg:42.23ms
step:206/1190 train_time:8703ms step_avg:42.25ms
step:207/1190 train_time:8739ms step_avg:42.22ms
step:208/1190 train_time:8786ms step_avg:42.24ms
step:209/1190 train_time:8821ms step_avg:42.21ms
step:210/1190 train_time:8866ms step_avg:42.22ms
step:211/1190 train_time:8902ms step_avg:42.19ms
step:212/1190 train_time:8948ms step_avg:42.21ms
step:213/1190 train_time:8984ms step_avg:42.18ms
step:214/1190 train_time:9031ms step_avg:42.20ms
step:215/1190 train_time:9066ms step_avg:42.17ms
step:216/1190 train_time:9112ms step_avg:42.19ms
step:217/1190 train_time:9147ms step_avg:42.15ms
step:218/1190 train_time:9194ms step_avg:42.17ms
step:219/1190 train_time:9229ms step_avg:42.14ms
step:220/1190 train_time:9275ms step_avg:42.16ms
step:221/1190 train_time:9310ms step_avg:42.12ms
step:222/1190 train_time:9355ms step_avg:42.14ms
step:223/1190 train_time:9392ms step_avg:42.12ms
step:224/1190 train_time:9437ms step_avg:42.13ms
step:225/1190 train_time:9473ms step_avg:42.10ms
step:226/1190 train_time:9519ms step_avg:42.12ms
step:227/1190 train_time:9555ms step_avg:42.09ms
step:228/1190 train_time:9601ms step_avg:42.11ms
step:229/1190 train_time:9636ms step_avg:42.08ms
step:230/1190 train_time:9682ms step_avg:42.10ms
step:231/1190 train_time:9719ms step_avg:42.07ms
step:232/1190 train_time:9765ms step_avg:42.09ms
step:233/1190 train_time:9800ms step_avg:42.06ms
step:234/1190 train_time:9845ms step_avg:42.07ms
step:235/1190 train_time:9881ms step_avg:42.05ms
step:236/1190 train_time:9928ms step_avg:42.07ms
step:237/1190 train_time:9963ms step_avg:42.04ms
step:238/1190 train_time:10010ms step_avg:42.06ms
step:239/1190 train_time:10044ms step_avg:42.02ms
step:240/1190 train_time:10092ms step_avg:42.05ms
step:241/1190 train_time:10126ms step_avg:42.02ms
step:242/1190 train_time:10172ms step_avg:42.03ms
step:243/1190 train_time:10207ms step_avg:42.01ms
step:244/1190 train_time:10253ms step_avg:42.02ms
step:245/1190 train_time:10288ms step_avg:41.99ms
step:246/1190 train_time:10335ms step_avg:42.01ms
step:247/1190 train_time:10370ms step_avg:41.98ms
step:248/1190 train_time:10416ms step_avg:42.00ms
step:249/1190 train_time:10451ms step_avg:41.97ms
step:250/1190 train_time:10497ms step_avg:41.99ms
step:250/1190 val_loss:4.37719345 train_time:10537ms step_avg:42.15ms
step:251/1190 train_time:10565ms step_avg:42.09ms
step:252/1190 train_time:10597ms step_avg:42.05ms
step:253/1190 train_time:10622ms step_avg:41.98ms
step:254/1190 train_time:10664ms step_avg:41.98ms
step:255/1190 train_time:10701ms step_avg:41.97ms
step:256/1190 train_time:10747ms step_avg:41.98ms
step:257/1190 train_time:10785ms step_avg:41.96ms
step:258/1190 train_time:10832ms step_avg:41.98ms
step:259/1190 train_time:10867ms step_avg:41.96ms
step:260/1190 train_time:10914ms step_avg:41.98ms
step:261/1190 train_time:10949ms step_avg:41.95ms
step:262/1190 train_time:10996ms step_avg:41.97ms
step:263/1190 train_time:11031ms step_avg:41.94ms
step:264/1190 train_time:11077ms step_avg:41.96ms
step:265/1190 train_time:11113ms step_avg:41.94ms
step:266/1190 train_time:11158ms step_avg:41.95ms
step:267/1190 train_time:11194ms step_avg:41.92ms
step:268/1190 train_time:11241ms step_avg:41.94ms
step:269/1190 train_time:11276ms step_avg:41.92ms
step:270/1190 train_time:11322ms step_avg:41.93ms
step:271/1190 train_time:11357ms step_avg:41.91ms
step:272/1190 train_time:11404ms step_avg:41.93ms
step:273/1190 train_time:11438ms step_avg:41.90ms
step:274/1190 train_time:11485ms step_avg:41.91ms
step:275/1190 train_time:11519ms step_avg:41.89ms
step:276/1190 train_time:11565ms step_avg:41.90ms
step:277/1190 train_time:11602ms step_avg:41.88ms
step:278/1190 train_time:11647ms step_avg:41.89ms
step:279/1190 train_time:11682ms step_avg:41.87ms
step:280/1190 train_time:11728ms step_avg:41.89ms
step:281/1190 train_time:11763ms step_avg:41.86ms
step:282/1190 train_time:11810ms step_avg:41.88ms
step:283/1190 train_time:11845ms step_avg:41.85ms
step:284/1190 train_time:11892ms step_avg:41.87ms
step:285/1190 train_time:11942ms step_avg:41.90ms
step:286/1190 train_time:12000ms step_avg:41.96ms
step:287/1190 train_time:12047ms step_avg:41.98ms
step:288/1190 train_time:12106ms step_avg:42.03ms
step:289/1190 train_time:12152ms step_avg:42.05ms
step:290/1190 train_time:12210ms step_avg:42.10ms
step:291/1190 train_time:12257ms step_avg:42.12ms
step:292/1190 train_time:12315ms step_avg:42.17ms
step:293/1190 train_time:12361ms step_avg:42.19ms
step:294/1190 train_time:12420ms step_avg:42.24ms
step:295/1190 train_time:12466ms step_avg:42.26ms
step:296/1190 train_time:12523ms step_avg:42.31ms
step:297/1190 train_time:12571ms step_avg:42.33ms
step:298/1190 train_time:12628ms step_avg:42.38ms
step:299/1190 train_time:12675ms step_avg:42.39ms
step:300/1190 train_time:12733ms step_avg:42.44ms
step:301/1190 train_time:12781ms step_avg:42.46ms
step:302/1190 train_time:12838ms step_avg:42.51ms
step:303/1190 train_time:12886ms step_avg:42.53ms
step:304/1190 train_time:12944ms step_avg:42.58ms
step:305/1190 train_time:12992ms step_avg:42.60ms
step:306/1190 train_time:13049ms step_avg:42.64ms
step:307/1190 train_time:13096ms step_avg:42.66ms
step:308/1190 train_time:13154ms step_avg:42.71ms
step:309/1190 train_time:13202ms step_avg:42.72ms
step:310/1190 train_time:13260ms step_avg:42.77ms
step:311/1190 train_time:13307ms step_avg:42.79ms
step:312/1190 train_time:13364ms step_avg:42.83ms
step:313/1190 train_time:13411ms step_avg:42.85ms
step:314/1190 train_time:13468ms step_avg:42.89ms
step:315/1190 train_time:13517ms step_avg:42.91ms
step:316/1190 train_time:13574ms step_avg:42.96ms
step:317/1190 train_time:13622ms step_avg:42.97ms
step:318/1190 train_time:13679ms step_avg:43.02ms
step:319/1190 train_time:13726ms step_avg:43.03ms
step:320/1190 train_time:13784ms step_avg:43.08ms
step:321/1190 train_time:13831ms step_avg:43.09ms
step:322/1190 train_time:13889ms step_avg:43.13ms
step:323/1190 train_time:13936ms step_avg:43.15ms
step:324/1190 train_time:13994ms step_avg:43.19ms
step:325/1190 train_time:14042ms step_avg:43.20ms
step:326/1190 train_time:14100ms step_avg:43.25ms
step:327/1190 train_time:14146ms step_avg:43.26ms
step:328/1190 train_time:14204ms step_avg:43.31ms
step:329/1190 train_time:14252ms step_avg:43.32ms
step:330/1190 train_time:14309ms step_avg:43.36ms
step:331/1190 train_time:14357ms step_avg:43.37ms
step:332/1190 train_time:14414ms step_avg:43.41ms
step:333/1190 train_time:14461ms step_avg:43.43ms
step:334/1190 train_time:14520ms step_avg:43.47ms
step:335/1190 train_time:14566ms step_avg:43.48ms
step:336/1190 train_time:14624ms step_avg:43.52ms
step:337/1190 train_time:14770ms step_avg:43.83ms
step:338/1190 train_time:14806ms step_avg:43.80ms
step:339/1190 train_time:14839ms step_avg:43.77ms
step:340/1190 train_time:14885ms step_avg:43.78ms
step:341/1190 train_time:14931ms step_avg:43.79ms
step:342/1190 train_time:14988ms step_avg:43.83ms
step:343/1190 train_time:15035ms step_avg:43.83ms
step:344/1190 train_time:15092ms step_avg:43.87ms
step:345/1190 train_time:15139ms step_avg:43.88ms
step:346/1190 train_time:15197ms step_avg:43.92ms
step:347/1190 train_time:15243ms step_avg:43.93ms
step:348/1190 train_time:15301ms step_avg:43.97ms
step:349/1190 train_time:15348ms step_avg:43.98ms
step:350/1190 train_time:15405ms step_avg:44.02ms
step:351/1190 train_time:15453ms step_avg:44.02ms
step:352/1190 train_time:15510ms step_avg:44.06ms
step:353/1190 train_time:15558ms step_avg:44.07ms
step:354/1190 train_time:15615ms step_avg:44.11ms
step:355/1190 train_time:15662ms step_avg:44.12ms
step:356/1190 train_time:15720ms step_avg:44.16ms
step:357/1190 train_time:15768ms step_avg:44.17ms
step:358/1190 train_time:15827ms step_avg:44.21ms
step:359/1190 train_time:15874ms step_avg:44.22ms
step:360/1190 train_time:15931ms step_avg:44.25ms
step:361/1190 train_time:15980ms step_avg:44.27ms
step:362/1190 train_time:16037ms step_avg:44.30ms
step:363/1190 train_time:16084ms step_avg:44.31ms
step:364/1190 train_time:16142ms step_avg:44.35ms
step:365/1190 train_time:16190ms step_avg:44.35ms
step:366/1190 train_time:16247ms step_avg:44.39ms
step:367/1190 train_time:16294ms step_avg:44.40ms
step:368/1190 train_time:16352ms step_avg:44.43ms
step:369/1190 train_time:16399ms step_avg:44.44ms
step:370/1190 train_time:16456ms step_avg:44.48ms
step:371/1190 train_time:16503ms step_avg:44.48ms
step:372/1190 train_time:16562ms step_avg:44.52ms
step:373/1190 train_time:16608ms step_avg:44.53ms
step:374/1190 train_time:16667ms step_avg:44.56ms
step:375/1190 train_time:16713ms step_avg:44.57ms
step:376/1190 train_time:16771ms step_avg:44.60ms
step:377/1190 train_time:16818ms step_avg:44.61ms
step:378/1190 train_time:16876ms step_avg:44.64ms
step:379/1190 train_time:16924ms step_avg:44.65ms
step:380/1190 train_time:16981ms step_avg:44.69ms
step:381/1190 train_time:17028ms step_avg:44.69ms
step:382/1190 train_time:17087ms step_avg:44.73ms
step:383/1190 train_time:17134ms step_avg:44.74ms
step:384/1190 train_time:17191ms step_avg:44.77ms
step:385/1190 train_time:17238ms step_avg:44.78ms
step:386/1190 train_time:17296ms step_avg:44.81ms
step:387/1190 train_time:17343ms step_avg:44.81ms
step:388/1190 train_time:17401ms step_avg:44.85ms
step:389/1190 train_time:17448ms step_avg:44.85ms
step:390/1190 train_time:17505ms step_avg:44.88ms
step:391/1190 train_time:17552ms step_avg:44.89ms
step:392/1190 train_time:17608ms step_avg:44.92ms
step:393/1190 train_time:17656ms step_avg:44.93ms
step:394/1190 train_time:17713ms step_avg:44.96ms
step:395/1190 train_time:17761ms step_avg:44.96ms
step:396/1190 train_time:17818ms step_avg:45.00ms
step:397/1190 train_time:17866ms step_avg:45.00ms
step:398/1190 train_time:17923ms step_avg:45.03ms
step:399/1190 train_time:17971ms step_avg:45.04ms
step:400/1190 train_time:18028ms step_avg:45.07ms
step:401/1190 train_time:18076ms step_avg:45.08ms
step:402/1190 train_time:18133ms step_avg:45.11ms
step:403/1190 train_time:18181ms step_avg:45.11ms
step:404/1190 train_time:18239ms step_avg:45.15ms
step:405/1190 train_time:18286ms step_avg:45.15ms
step:406/1190 train_time:18344ms step_avg:45.18ms
step:407/1190 train_time:18391ms step_avg:45.19ms
step:408/1190 train_time:18448ms step_avg:45.22ms
step:409/1190 train_time:18495ms step_avg:45.22ms
step:410/1190 train_time:18552ms step_avg:45.25ms
step:411/1190 train_time:18600ms step_avg:45.26ms
step:412/1190 train_time:18657ms step_avg:45.28ms
step:413/1190 train_time:18705ms step_avg:45.29ms
step:414/1190 train_time:18762ms step_avg:45.32ms
step:415/1190 train_time:18809ms step_avg:45.32ms
step:416/1190 train_time:18865ms step_avg:45.35ms
step:417/1190 train_time:18914ms step_avg:45.36ms
step:418/1190 train_time:18972ms step_avg:45.39ms
step:419/1190 train_time:19018ms step_avg:45.39ms
step:420/1190 train_time:19077ms step_avg:45.42ms
step:421/1190 train_time:19124ms step_avg:45.42ms
step:422/1190 train_time:19182ms step_avg:45.46ms
step:423/1190 train_time:19229ms step_avg:45.46ms
step:424/1190 train_time:19286ms step_avg:45.49ms
step:425/1190 train_time:19333ms step_avg:45.49ms
step:426/1190 train_time:19391ms step_avg:45.52ms
step:427/1190 train_time:19439ms step_avg:45.52ms
step:428/1190 train_time:19496ms step_avg:45.55ms
step:429/1190 train_time:19544ms step_avg:45.56ms
step:430/1190 train_time:19601ms step_avg:45.58ms
step:431/1190 train_time:19648ms step_avg:45.59ms
step:432/1190 train_time:19705ms step_avg:45.61ms
step:433/1190 train_time:19753ms step_avg:45.62ms
step:434/1190 train_time:19810ms step_avg:45.65ms
step:435/1190 train_time:19858ms step_avg:45.65ms
step:436/1190 train_time:19915ms step_avg:45.68ms
step:437/1190 train_time:19963ms step_avg:45.68ms
step:438/1190 train_time:20021ms step_avg:45.71ms
step:439/1190 train_time:20068ms step_avg:45.71ms
step:440/1190 train_time:20125ms step_avg:45.74ms
step:441/1190 train_time:20172ms step_avg:45.74ms
step:442/1190 train_time:20232ms step_avg:45.77ms
step:443/1190 train_time:20277ms step_avg:45.77ms
step:444/1190 train_time:20335ms step_avg:45.80ms
step:445/1190 train_time:20382ms step_avg:45.80ms
step:446/1190 train_time:20441ms step_avg:45.83ms
step:447/1190 train_time:20487ms step_avg:45.83ms
step:448/1190 train_time:20544ms step_avg:45.86ms
step:449/1190 train_time:20591ms step_avg:45.86ms
step:450/1190 train_time:20648ms step_avg:45.88ms
step:451/1190 train_time:20696ms step_avg:45.89ms
step:452/1190 train_time:20753ms step_avg:45.91ms
step:453/1190 train_time:20800ms step_avg:45.92ms
step:454/1190 train_time:20858ms step_avg:45.94ms
step:455/1190 train_time:20905ms step_avg:45.94ms
step:456/1190 train_time:20963ms step_avg:45.97ms
step:457/1190 train_time:21010ms step_avg:45.97ms
step:458/1190 train_time:21066ms step_avg:46.00ms
step:459/1190 train_time:21115ms step_avg:46.00ms
step:460/1190 train_time:21172ms step_avg:46.03ms
step:461/1190 train_time:21220ms step_avg:46.03ms
step:462/1190 train_time:21278ms step_avg:46.06ms
step:463/1190 train_time:21325ms step_avg:46.06ms
step:464/1190 train_time:21383ms step_avg:46.08ms
step:465/1190 train_time:21430ms step_avg:46.09ms
step:466/1190 train_time:21487ms step_avg:46.11ms
step:467/1190 train_time:21536ms step_avg:46.11ms
step:468/1190 train_time:21592ms step_avg:46.14ms
step:469/1190 train_time:21640ms step_avg:46.14ms
step:470/1190 train_time:21698ms step_avg:46.17ms
step:471/1190 train_time:21745ms step_avg:46.17ms
step:472/1190 train_time:21802ms step_avg:46.19ms
step:473/1190 train_time:21849ms step_avg:46.19ms
step:474/1190 train_time:21906ms step_avg:46.22ms
step:475/1190 train_time:21954ms step_avg:46.22ms
step:476/1190 train_time:22011ms step_avg:46.24ms
step:477/1190 train_time:22058ms step_avg:46.24ms
step:478/1190 train_time:22116ms step_avg:46.27ms
step:479/1190 train_time:22163ms step_avg:46.27ms
step:480/1190 train_time:22221ms step_avg:46.29ms
step:481/1190 train_time:22269ms step_avg:46.30ms
step:482/1190 train_time:22326ms step_avg:46.32ms
step:483/1190 train_time:22373ms step_avg:46.32ms
step:484/1190 train_time:22431ms step_avg:46.34ms
step:485/1190 train_time:22478ms step_avg:46.35ms
step:486/1190 train_time:22535ms step_avg:46.37ms
step:487/1190 train_time:22583ms step_avg:46.37ms
step:488/1190 train_time:22641ms step_avg:46.40ms
step:489/1190 train_time:22688ms step_avg:46.40ms
step:490/1190 train_time:22745ms step_avg:46.42ms
step:491/1190 train_time:22792ms step_avg:46.42ms
step:492/1190 train_time:22849ms step_avg:46.44ms
step:493/1190 train_time:22897ms step_avg:46.44ms
step:494/1190 train_time:22954ms step_avg:46.47ms
step:495/1190 train_time:23001ms step_avg:46.47ms
step:496/1190 train_time:23059ms step_avg:46.49ms
step:497/1190 train_time:23106ms step_avg:46.49ms
step:498/1190 train_time:23163ms step_avg:46.51ms
step:499/1190 train_time:23211ms step_avg:46.52ms
step:500/1190 train_time:23269ms step_avg:46.54ms
step:500/1190 val_loss:3.88905025 train_time:23321ms step_avg:46.64ms
step:501/1190 train_time:23350ms step_avg:46.61ms
step:502/1190 train_time:23383ms step_avg:46.58ms
step:503/1190 train_time:23426ms step_avg:46.57ms
step:504/1190 train_time:23487ms step_avg:46.60ms
step:505/1190 train_time:23540ms step_avg:46.61ms
step:506/1190 train_time:23597ms step_avg:46.63ms
step:507/1190 train_time:23645ms step_avg:46.64ms
step:508/1190 train_time:23702ms step_avg:46.66ms
step:509/1190 train_time:23750ms step_avg:46.66ms
step:510/1190 train_time:23807ms step_avg:46.68ms
step:511/1190 train_time:23854ms step_avg:46.68ms
step:512/1190 train_time:23912ms step_avg:46.70ms
step:513/1190 train_time:23959ms step_avg:46.70ms
step:514/1190 train_time:24017ms step_avg:46.73ms
step:515/1190 train_time:24064ms step_avg:46.73ms
step:516/1190 train_time:24121ms step_avg:46.75ms
step:517/1190 train_time:24168ms step_avg:46.75ms
step:518/1190 train_time:24225ms step_avg:46.77ms
step:519/1190 train_time:24272ms step_avg:46.77ms
step:520/1190 train_time:24330ms step_avg:46.79ms
step:521/1190 train_time:24377ms step_avg:46.79ms
step:522/1190 train_time:24435ms step_avg:46.81ms
step:523/1190 train_time:24483ms step_avg:46.81ms
step:524/1190 train_time:24541ms step_avg:46.83ms
step:525/1190 train_time:24588ms step_avg:46.83ms
step:526/1190 train_time:24645ms step_avg:46.85ms
step:527/1190 train_time:24692ms step_avg:46.85ms
step:528/1190 train_time:24750ms step_avg:46.87ms
step:529/1190 train_time:24797ms step_avg:46.88ms
step:530/1190 train_time:24855ms step_avg:46.90ms
step:531/1190 train_time:24902ms step_avg:46.90ms
step:532/1190 train_time:24960ms step_avg:46.92ms
step:533/1190 train_time:25007ms step_avg:46.92ms
step:534/1190 train_time:25064ms step_avg:46.94ms
step:535/1190 train_time:25111ms step_avg:46.94ms
step:536/1190 train_time:25169ms step_avg:46.96ms
step:537/1190 train_time:25216ms step_avg:46.96ms
step:538/1190 train_time:25274ms step_avg:46.98ms
step:539/1190 train_time:25321ms step_avg:46.98ms
step:540/1190 train_time:25379ms step_avg:47.00ms
step:541/1190 train_time:25426ms step_avg:47.00ms
step:542/1190 train_time:25483ms step_avg:47.02ms
step:543/1190 train_time:25531ms step_avg:47.02ms
step:544/1190 train_time:25588ms step_avg:47.04ms
step:545/1190 train_time:25636ms step_avg:47.04ms
step:546/1190 train_time:25694ms step_avg:47.06ms
step:547/1190 train_time:25741ms step_avg:47.06ms
step:548/1190 train_time:25798ms step_avg:47.08ms
step:549/1190 train_time:25846ms step_avg:47.08ms
step:550/1190 train_time:25903ms step_avg:47.10ms
step:551/1190 train_time:25951ms step_avg:47.10ms
step:552/1190 train_time:26008ms step_avg:47.12ms
step:553/1190 train_time:26055ms step_avg:47.12ms
step:554/1190 train_time:26113ms step_avg:47.13ms
step:555/1190 train_time:26160ms step_avg:47.14ms
step:556/1190 train_time:26217ms step_avg:47.15ms
step:557/1190 train_time:26264ms step_avg:47.15ms
step:558/1190 train_time:26322ms step_avg:47.17ms
step:559/1190 train_time:26369ms step_avg:47.17ms
step:560/1190 train_time:26427ms step_avg:47.19ms
step:561/1190 train_time:26474ms step_avg:47.19ms
step:562/1190 train_time:26533ms step_avg:47.21ms
step:563/1190 train_time:26579ms step_avg:47.21ms
step:564/1190 train_time:26636ms step_avg:47.23ms
step:565/1190 train_time:26683ms step_avg:47.23ms
step:566/1190 train_time:26742ms step_avg:47.25ms
step:567/1190 train_time:26788ms step_avg:47.24ms
step:568/1190 train_time:26845ms step_avg:47.26ms
step:569/1190 train_time:26892ms step_avg:47.26ms
step:570/1190 train_time:26949ms step_avg:47.28ms
step:571/1190 train_time:26997ms step_avg:47.28ms
step:572/1190 train_time:27055ms step_avg:47.30ms
step:573/1190 train_time:27102ms step_avg:47.30ms
step:574/1190 train_time:27160ms step_avg:47.32ms
step:575/1190 train_time:27207ms step_avg:47.32ms
step:576/1190 train_time:27263ms step_avg:47.33ms
step:577/1190 train_time:27311ms step_avg:47.33ms
step:578/1190 train_time:27369ms step_avg:47.35ms
step:579/1190 train_time:27417ms step_avg:47.35ms
step:580/1190 train_time:27475ms step_avg:47.37ms
step:581/1190 train_time:27521ms step_avg:47.37ms
step:582/1190 train_time:27579ms step_avg:47.39ms
step:583/1190 train_time:27627ms step_avg:47.39ms
step:584/1190 train_time:27683ms step_avg:47.40ms
step:585/1190 train_time:27731ms step_avg:47.40ms
step:586/1190 train_time:27790ms step_avg:47.42ms
step:587/1190 train_time:27836ms step_avg:47.42ms
step:588/1190 train_time:27894ms step_avg:47.44ms
step:589/1190 train_time:27941ms step_avg:47.44ms
step:590/1190 train_time:27998ms step_avg:47.45ms
step:591/1190 train_time:28045ms step_avg:47.45ms
step:592/1190 train_time:28102ms step_avg:47.47ms
step:593/1190 train_time:28150ms step_avg:47.47ms
step:594/1190 train_time:28207ms step_avg:47.49ms
step:595/1190 train_time:28255ms step_avg:47.49ms
step:596/1190 train_time:28312ms step_avg:47.50ms
step:597/1190 train_time:28362ms step_avg:47.51ms
step:598/1190 train_time:28417ms step_avg:47.52ms
step:599/1190 train_time:28464ms step_avg:47.52ms
step:600/1190 train_time:28521ms step_avg:47.54ms
step:601/1190 train_time:28568ms step_avg:47.53ms
step:602/1190 train_time:28625ms step_avg:47.55ms
step:603/1190 train_time:28673ms step_avg:47.55ms
step:604/1190 train_time:28730ms step_avg:47.57ms
step:605/1190 train_time:28778ms step_avg:47.57ms
step:606/1190 train_time:28835ms step_avg:47.58ms
step:607/1190 train_time:28882ms step_avg:47.58ms
step:608/1190 train_time:28940ms step_avg:47.60ms
step:609/1190 train_time:28987ms step_avg:47.60ms
step:610/1190 train_time:29045ms step_avg:47.61ms
step:611/1190 train_time:29092ms step_avg:47.61ms
step:612/1190 train_time:29151ms step_avg:47.63ms
step:613/1190 train_time:29197ms step_avg:47.63ms
step:614/1190 train_time:29255ms step_avg:47.65ms
step:615/1190 train_time:29301ms step_avg:47.64ms
step:616/1190 train_time:29359ms step_avg:47.66ms
step:617/1190 train_time:29406ms step_avg:47.66ms
step:618/1190 train_time:29464ms step_avg:47.68ms
step:619/1190 train_time:29511ms step_avg:47.68ms
step:620/1190 train_time:29568ms step_avg:47.69ms
step:621/1190 train_time:29616ms step_avg:47.69ms
step:622/1190 train_time:29675ms step_avg:47.71ms
step:623/1190 train_time:29721ms step_avg:47.71ms
step:624/1190 train_time:29779ms step_avg:47.72ms
step:625/1190 train_time:29826ms step_avg:47.72ms
step:626/1190 train_time:29883ms step_avg:47.74ms
step:627/1190 train_time:29930ms step_avg:47.74ms
step:628/1190 train_time:29988ms step_avg:47.75ms
step:629/1190 train_time:30035ms step_avg:47.75ms
step:630/1190 train_time:30092ms step_avg:47.76ms
step:631/1190 train_time:30140ms step_avg:47.76ms
step:632/1190 train_time:30198ms step_avg:47.78ms
step:633/1190 train_time:30244ms step_avg:47.78ms
step:634/1190 train_time:30302ms step_avg:47.79ms
step:635/1190 train_time:30349ms step_avg:47.79ms
step:636/1190 train_time:30406ms step_avg:47.81ms
step:637/1190 train_time:30453ms step_avg:47.81ms
step:638/1190 train_time:30510ms step_avg:47.82ms
step:639/1190 train_time:30558ms step_avg:47.82ms
step:640/1190 train_time:30616ms step_avg:47.84ms
step:641/1190 train_time:30663ms step_avg:47.84ms
step:642/1190 train_time:30721ms step_avg:47.85ms
step:643/1190 train_time:30768ms step_avg:47.85ms
step:644/1190 train_time:30824ms step_avg:47.86ms
step:645/1190 train_time:30872ms step_avg:47.86ms
step:646/1190 train_time:30929ms step_avg:47.88ms
step:647/1190 train_time:30976ms step_avg:47.88ms
step:648/1190 train_time:31034ms step_avg:47.89ms
step:649/1190 train_time:31081ms step_avg:47.89ms
step:650/1190 train_time:31139ms step_avg:47.91ms
step:651/1190 train_time:31186ms step_avg:47.90ms
step:652/1190 train_time:31244ms step_avg:47.92ms
step:653/1190 train_time:31290ms step_avg:47.92ms
step:654/1190 train_time:31389ms step_avg:48.00ms
step:655/1190 train_time:31421ms step_avg:47.97ms
step:656/1190 train_time:31458ms step_avg:47.95ms
step:657/1190 train_time:31501ms step_avg:47.95ms
step:658/1190 train_time:31558ms step_avg:47.96ms
step:659/1190 train_time:31605ms step_avg:47.96ms
step:660/1190 train_time:31665ms step_avg:47.98ms
step:661/1190 train_time:31709ms step_avg:47.97ms
step:662/1190 train_time:31767ms step_avg:47.99ms
step:663/1190 train_time:31813ms step_avg:47.98ms
step:664/1190 train_time:31871ms step_avg:48.00ms
step:665/1190 train_time:31918ms step_avg:48.00ms
step:666/1190 train_time:31976ms step_avg:48.01ms
step:667/1190 train_time:32023ms step_avg:48.01ms
step:668/1190 train_time:32080ms step_avg:48.02ms
step:669/1190 train_time:32128ms step_avg:48.02ms
step:670/1190 train_time:32185ms step_avg:48.04ms
step:671/1190 train_time:32232ms step_avg:48.04ms
step:672/1190 train_time:32289ms step_avg:48.05ms
step:673/1190 train_time:32337ms step_avg:48.05ms
step:674/1190 train_time:32395ms step_avg:48.06ms
step:675/1190 train_time:32442ms step_avg:48.06ms
step:676/1190 train_time:32500ms step_avg:48.08ms
step:677/1190 train_time:32546ms step_avg:48.07ms
step:678/1190 train_time:32604ms step_avg:48.09ms
step:679/1190 train_time:32651ms step_avg:48.09ms
step:680/1190 train_time:32709ms step_avg:48.10ms
step:681/1190 train_time:32755ms step_avg:48.10ms
step:682/1190 train_time:32814ms step_avg:48.11ms
step:683/1190 train_time:32860ms step_avg:48.11ms
step:684/1190 train_time:32918ms step_avg:48.13ms
step:685/1190 train_time:32966ms step_avg:48.13ms
step:686/1190 train_time:33023ms step_avg:48.14ms
step:687/1190 train_time:33070ms step_avg:48.14ms
step:688/1190 train_time:33127ms step_avg:48.15ms
step:689/1190 train_time:33175ms step_avg:48.15ms
step:690/1190 train_time:33232ms step_avg:48.16ms
step:691/1190 train_time:33280ms step_avg:48.16ms
step:692/1190 train_time:33336ms step_avg:48.17ms
step:693/1190 train_time:33384ms step_avg:48.17ms
step:694/1190 train_time:33442ms step_avg:48.19ms
step:695/1190 train_time:33489ms step_avg:48.19ms
step:696/1190 train_time:33546ms step_avg:48.20ms
step:697/1190 train_time:33594ms step_avg:48.20ms
step:698/1190 train_time:33653ms step_avg:48.21ms
step:699/1190 train_time:33699ms step_avg:48.21ms
step:700/1190 train_time:33756ms step_avg:48.22ms
step:701/1190 train_time:33803ms step_avg:48.22ms
step:702/1190 train_time:33861ms step_avg:48.24ms
step:703/1190 train_time:33907ms step_avg:48.23ms
step:704/1190 train_time:33965ms step_avg:48.25ms
step:705/1190 train_time:34012ms step_avg:48.24ms
step:706/1190 train_time:34069ms step_avg:48.26ms
step:707/1190 train_time:34117ms step_avg:48.26ms
step:708/1190 train_time:34175ms step_avg:48.27ms
step:709/1190 train_time:34248ms step_avg:48.31ms
step:710/1190 train_time:34328ms step_avg:48.35ms
step:711/1190 train_time:34399ms step_avg:48.38ms
step:712/1190 train_time:34477ms step_avg:48.42ms
step:713/1190 train_time:34549ms step_avg:48.46ms
step:714/1190 train_time:34629ms step_avg:48.50ms
step:715/1190 train_time:34699ms step_avg:48.53ms
step:716/1190 train_time:34778ms step_avg:48.57ms
step:717/1190 train_time:34850ms step_avg:48.61ms
step:718/1190 train_time:34930ms step_avg:48.65ms
step:719/1190 train_time:35000ms step_avg:48.68ms
step:720/1190 train_time:35079ms step_avg:48.72ms
step:721/1190 train_time:35150ms step_avg:48.75ms
step:722/1190 train_time:35230ms step_avg:48.80ms
step:723/1190 train_time:35300ms step_avg:48.82ms
step:724/1190 train_time:35380ms step_avg:48.87ms
step:725/1190 train_time:35450ms step_avg:48.90ms
step:726/1190 train_time:35529ms step_avg:48.94ms
step:727/1190 train_time:35600ms step_avg:48.97ms
step:728/1190 train_time:35679ms step_avg:49.01ms
step:729/1190 train_time:35750ms step_avg:49.04ms
step:730/1190 train_time:35830ms step_avg:49.08ms
step:731/1190 train_time:35901ms step_avg:49.11ms
step:732/1190 train_time:35980ms step_avg:49.15ms
step:733/1190 train_time:36051ms step_avg:49.18ms
step:734/1190 train_time:36132ms step_avg:49.23ms
step:735/1190 train_time:36202ms step_avg:49.25ms
step:736/1190 train_time:36281ms step_avg:49.29ms
step:737/1190 train_time:36352ms step_avg:49.32ms
step:738/1190 train_time:36431ms step_avg:49.36ms
step:739/1190 train_time:36503ms step_avg:49.39ms
step:740/1190 train_time:36582ms step_avg:49.43ms
step:741/1190 train_time:36652ms step_avg:49.46ms
step:742/1190 train_time:36732ms step_avg:49.50ms
step:743/1190 train_time:36802ms step_avg:49.53ms
step:744/1190 train_time:36881ms step_avg:49.57ms
step:745/1190 train_time:36952ms step_avg:49.60ms
step:746/1190 train_time:37031ms step_avg:49.64ms
step:747/1190 train_time:37102ms step_avg:49.67ms
step:748/1190 train_time:37182ms step_avg:49.71ms
step:749/1190 train_time:37253ms step_avg:49.74ms
step:750/1190 train_time:37333ms step_avg:49.78ms
step:750/1190 val_loss:3.50034928 train_time:37409ms step_avg:49.88ms
step:751/1190 train_time:37437ms step_avg:49.85ms
step:752/1190 train_time:37486ms step_avg:49.85ms
step:753/1190 train_time:37562ms step_avg:49.88ms
step:754/1190 train_time:37645ms step_avg:49.93ms
step:755/1190 train_time:37721ms step_avg:49.96ms
step:756/1190 train_time:37801ms step_avg:50.00ms
step:757/1190 train_time:37872ms step_avg:50.03ms
step:758/1190 train_time:37951ms step_avg:50.07ms
step:759/1190 train_time:38021ms step_avg:50.09ms
step:760/1190 train_time:38100ms step_avg:50.13ms
step:761/1190 train_time:38171ms step_avg:50.16ms
step:762/1190 train_time:38250ms step_avg:50.20ms
step:763/1190 train_time:38320ms step_avg:50.22ms
step:764/1190 train_time:38401ms step_avg:50.26ms
step:765/1190 train_time:38472ms step_avg:50.29ms
step:766/1190 train_time:38552ms step_avg:50.33ms
step:767/1190 train_time:38622ms step_avg:50.36ms
step:768/1190 train_time:38702ms step_avg:50.39ms
step:769/1190 train_time:38772ms step_avg:50.42ms
step:770/1190 train_time:38852ms step_avg:50.46ms
step:771/1190 train_time:38922ms step_avg:50.48ms
step:772/1190 train_time:39001ms step_avg:50.52ms
step:773/1190 train_time:39072ms step_avg:50.55ms
step:774/1190 train_time:39151ms step_avg:50.58ms
step:775/1190 train_time:39222ms step_avg:50.61ms
step:776/1190 train_time:39300ms step_avg:50.64ms
step:777/1190 train_time:39372ms step_avg:50.67ms
step:778/1190 train_time:39451ms step_avg:50.71ms
step:779/1190 train_time:39522ms step_avg:50.73ms
step:780/1190 train_time:39602ms step_avg:50.77ms
step:781/1190 train_time:39672ms step_avg:50.80ms
step:782/1190 train_time:39752ms step_avg:50.83ms
step:783/1190 train_time:39822ms step_avg:50.86ms
step:784/1190 train_time:39902ms step_avg:50.90ms
step:785/1190 train_time:39972ms step_avg:50.92ms
step:786/1190 train_time:40052ms step_avg:50.96ms
step:787/1190 train_time:40123ms step_avg:50.98ms
step:788/1190 train_time:40202ms step_avg:51.02ms
step:789/1190 train_time:40273ms step_avg:51.04ms
step:790/1190 train_time:40352ms step_avg:51.08ms
step:791/1190 train_time:40423ms step_avg:51.10ms
step:792/1190 train_time:40503ms step_avg:51.14ms
step:793/1190 train_time:40574ms step_avg:51.16ms
step:794/1190 train_time:40654ms step_avg:51.20ms
step:795/1190 train_time:40723ms step_avg:51.22ms
step:796/1190 train_time:40803ms step_avg:51.26ms
step:797/1190 train_time:40874ms step_avg:51.28ms
step:798/1190 train_time:40952ms step_avg:51.32ms
step:799/1190 train_time:41023ms step_avg:51.34ms
step:800/1190 train_time:41104ms step_avg:51.38ms
step:801/1190 train_time:41174ms step_avg:51.40ms
step:802/1190 train_time:41253ms step_avg:51.44ms
step:803/1190 train_time:41324ms step_avg:51.46ms
step:804/1190 train_time:41403ms step_avg:51.50ms
step:805/1190 train_time:41474ms step_avg:51.52ms
step:806/1190 train_time:41553ms step_avg:51.55ms
step:807/1190 train_time:41624ms step_avg:51.58ms
step:808/1190 train_time:41703ms step_avg:51.61ms
step:809/1190 train_time:41774ms step_avg:51.64ms
step:810/1190 train_time:41854ms step_avg:51.67ms
step:811/1190 train_time:41924ms step_avg:51.69ms
step:812/1190 train_time:42004ms step_avg:51.73ms
step:813/1190 train_time:42073ms step_avg:51.75ms
step:814/1190 train_time:42153ms step_avg:51.78ms
step:815/1190 train_time:42224ms step_avg:51.81ms
step:816/1190 train_time:42304ms step_avg:51.84ms
step:817/1190 train_time:42374ms step_avg:51.87ms
step:818/1190 train_time:42454ms step_avg:51.90ms
step:819/1190 train_time:42525ms step_avg:51.92ms
step:820/1190 train_time:42606ms step_avg:51.96ms
step:821/1190 train_time:42675ms step_avg:51.98ms
step:822/1190 train_time:42754ms step_avg:52.01ms
step:823/1190 train_time:42826ms step_avg:52.04ms
step:824/1190 train_time:42907ms step_avg:52.07ms
step:825/1190 train_time:42977ms step_avg:52.09ms
step:826/1190 train_time:43057ms step_avg:52.13ms
step:827/1190 train_time:43127ms step_avg:52.15ms
step:828/1190 train_time:43207ms step_avg:52.18ms
step:829/1190 train_time:43278ms step_avg:52.20ms
step:830/1190 train_time:43357ms step_avg:52.24ms
step:831/1190 train_time:43428ms step_avg:52.26ms
step:832/1190 train_time:43507ms step_avg:52.29ms
step:833/1190 train_time:43579ms step_avg:52.32ms
step:834/1190 train_time:43657ms step_avg:52.35ms
step:835/1190 train_time:43728ms step_avg:52.37ms
step:836/1190 train_time:43807ms step_avg:52.40ms
step:837/1190 train_time:43878ms step_avg:52.42ms
step:838/1190 train_time:43958ms step_avg:52.46ms
step:839/1190 train_time:44028ms step_avg:52.48ms
step:840/1190 train_time:44108ms step_avg:52.51ms
step:841/1190 train_time:44178ms step_avg:52.53ms
step:842/1190 train_time:44258ms step_avg:52.56ms
step:843/1190 train_time:44328ms step_avg:52.58ms
step:844/1190 train_time:44408ms step_avg:52.62ms
step:845/1190 train_time:44478ms step_avg:52.64ms
step:846/1190 train_time:44558ms step_avg:52.67ms
step:847/1190 train_time:44629ms step_avg:52.69ms
step:848/1190 train_time:44709ms step_avg:52.72ms
step:849/1190 train_time:44779ms step_avg:52.74ms
step:850/1190 train_time:44858ms step_avg:52.77ms
step:851/1190 train_time:44929ms step_avg:52.80ms
step:852/1190 train_time:45011ms step_avg:52.83ms
step:853/1190 train_time:45079ms step_avg:52.85ms
step:854/1190 train_time:45159ms step_avg:52.88ms
step:855/1190 train_time:45229ms step_avg:52.90ms
step:856/1190 train_time:45309ms step_avg:52.93ms
step:857/1190 train_time:45380ms step_avg:52.95ms
step:858/1190 train_time:45459ms step_avg:52.98ms
step:859/1190 train_time:45530ms step_avg:53.00ms
step:860/1190 train_time:45610ms step_avg:53.03ms
step:861/1190 train_time:45680ms step_avg:53.05ms
step:862/1190 train_time:45760ms step_avg:53.09ms
step:863/1190 train_time:45831ms step_avg:53.11ms
step:864/1190 train_time:45911ms step_avg:53.14ms
step:865/1190 train_time:45980ms step_avg:53.16ms
step:866/1190 train_time:46060ms step_avg:53.19ms
step:867/1190 train_time:46131ms step_avg:53.21ms
step:868/1190 train_time:46211ms step_avg:53.24ms
step:869/1190 train_time:46281ms step_avg:53.26ms
step:870/1190 train_time:46362ms step_avg:53.29ms
step:871/1190 train_time:46433ms step_avg:53.31ms
step:872/1190 train_time:46512ms step_avg:53.34ms
step:873/1190 train_time:46583ms step_avg:53.36ms
step:874/1190 train_time:46663ms step_avg:53.39ms
step:875/1190 train_time:46733ms step_avg:53.41ms
step:876/1190 train_time:46813ms step_avg:53.44ms
step:877/1190 train_time:46883ms step_avg:53.46ms
step:878/1190 train_time:46963ms step_avg:53.49ms
step:879/1190 train_time:47033ms step_avg:53.51ms
step:880/1190 train_time:47113ms step_avg:53.54ms
step:881/1190 train_time:47182ms step_avg:53.56ms
step:882/1190 train_time:47262ms step_avg:53.58ms
step:883/1190 train_time:47332ms step_avg:53.60ms
step:884/1190 train_time:47412ms step_avg:53.63ms
step:885/1190 train_time:47482ms step_avg:53.65ms
step:886/1190 train_time:47709ms step_avg:53.85ms
step:887/1190 train_time:47743ms step_avg:53.83ms
step:888/1190 train_time:47789ms step_avg:53.82ms
step:889/1190 train_time:47858ms step_avg:53.83ms
step:890/1190 train_time:47937ms step_avg:53.86ms
step:891/1190 train_time:48007ms step_avg:53.88ms
step:892/1190 train_time:48088ms step_avg:53.91ms
step:893/1190 train_time:48157ms step_avg:53.93ms
step:894/1190 train_time:48236ms step_avg:53.95ms
step:895/1190 train_time:48306ms step_avg:53.97ms
step:896/1190 train_time:48385ms step_avg:54.00ms
step:897/1190 train_time:48456ms step_avg:54.02ms
step:898/1190 train_time:48535ms step_avg:54.05ms
step:899/1190 train_time:48606ms step_avg:54.07ms
step:900/1190 train_time:48687ms step_avg:54.10ms
step:901/1190 train_time:48759ms step_avg:54.12ms
step:902/1190 train_time:48840ms step_avg:54.15ms
step:903/1190 train_time:48910ms step_avg:54.16ms
step:904/1190 train_time:48990ms step_avg:54.19ms
step:905/1190 train_time:49060ms step_avg:54.21ms
step:906/1190 train_time:49139ms step_avg:54.24ms
step:907/1190 train_time:49210ms step_avg:54.26ms
step:908/1190 train_time:49290ms step_avg:54.28ms
step:909/1190 train_time:49360ms step_avg:54.30ms
step:910/1190 train_time:49439ms step_avg:54.33ms
step:911/1190 train_time:49510ms step_avg:54.35ms
step:912/1190 train_time:49589ms step_avg:54.37ms
step:913/1190 train_time:49661ms step_avg:54.39ms
step:914/1190 train_time:49741ms step_avg:54.42ms
step:915/1190 train_time:49812ms step_avg:54.44ms
step:916/1190 train_time:49891ms step_avg:54.47ms
step:917/1190 train_time:49962ms step_avg:54.48ms
step:918/1190 train_time:50041ms step_avg:54.51ms
step:919/1190 train_time:50112ms step_avg:54.53ms
step:920/1190 train_time:50191ms step_avg:54.56ms
step:921/1190 train_time:50261ms step_avg:54.57ms
step:922/1190 train_time:50342ms step_avg:54.60ms
step:923/1190 train_time:50412ms step_avg:54.62ms
step:924/1190 train_time:50491ms step_avg:54.64ms
step:925/1190 train_time:50561ms step_avg:54.66ms
step:926/1190 train_time:50641ms step_avg:54.69ms
step:927/1190 train_time:50712ms step_avg:54.71ms
step:928/1190 train_time:50790ms step_avg:54.73ms
step:929/1190 train_time:50862ms step_avg:54.75ms
step:930/1190 train_time:50941ms step_avg:54.78ms
step:931/1190 train_time:51012ms step_avg:54.79ms
step:932/1190 train_time:51091ms step_avg:54.82ms
step:933/1190 train_time:51162ms step_avg:54.84ms
step:934/1190 train_time:51242ms step_avg:54.86ms
step:935/1190 train_time:51312ms step_avg:54.88ms
step:936/1190 train_time:51391ms step_avg:54.90ms
step:937/1190 train_time:51462ms step_avg:54.92ms
step:938/1190 train_time:51541ms step_avg:54.95ms
step:939/1190 train_time:51612ms step_avg:54.96ms
step:940/1190 train_time:51692ms step_avg:54.99ms
step:941/1190 train_time:51763ms step_avg:55.01ms
step:942/1190 train_time:51842ms step_avg:55.03ms
step:943/1190 train_time:51914ms step_avg:55.05ms
step:944/1190 train_time:51993ms step_avg:55.08ms
step:945/1190 train_time:52064ms step_avg:55.09ms
step:946/1190 train_time:52143ms step_avg:55.12ms
step:947/1190 train_time:52214ms step_avg:55.14ms
step:948/1190 train_time:52294ms step_avg:55.16ms
step:949/1190 train_time:52363ms step_avg:55.18ms
step:950/1190 train_time:52442ms step_avg:55.20ms
step:951/1190 train_time:52514ms step_avg:55.22ms
step:952/1190 train_time:52594ms step_avg:55.25ms
step:953/1190 train_time:52664ms step_avg:55.26ms
step:954/1190 train_time:52743ms step_avg:55.29ms
step:955/1190 train_time:52814ms step_avg:55.30ms
step:956/1190 train_time:52893ms step_avg:55.33ms
step:957/1190 train_time:52964ms step_avg:55.34ms
step:958/1190 train_time:53043ms step_avg:55.37ms
step:959/1190 train_time:53114ms step_avg:55.38ms
step:960/1190 train_time:53193ms step_avg:55.41ms
step:961/1190 train_time:53264ms step_avg:55.43ms
step:962/1190 train_time:53343ms step_avg:55.45ms
step:963/1190 train_time:53414ms step_avg:55.47ms
step:964/1190 train_time:53492ms step_avg:55.49ms
step:965/1190 train_time:53563ms step_avg:55.51ms
step:966/1190 train_time:53642ms step_avg:55.53ms
step:967/1190 train_time:53713ms step_avg:55.55ms
step:968/1190 train_time:53792ms step_avg:55.57ms
step:969/1190 train_time:53863ms step_avg:55.59ms
step:970/1190 train_time:53942ms step_avg:55.61ms
step:971/1190 train_time:54014ms step_avg:55.63ms
step:972/1190 train_time:54093ms step_avg:55.65ms
step:973/1190 train_time:54164ms step_avg:55.67ms
step:974/1190 train_time:54243ms step_avg:55.69ms
step:975/1190 train_time:54314ms step_avg:55.71ms
step:976/1190 train_time:54394ms step_avg:55.73ms
step:977/1190 train_time:54464ms step_avg:55.75ms
step:978/1190 train_time:54544ms step_avg:55.77ms
step:979/1190 train_time:54615ms step_avg:55.79ms
step:980/1190 train_time:54694ms step_avg:55.81ms
step:981/1190 train_time:54764ms step_avg:55.83ms
step:982/1190 train_time:54845ms step_avg:55.85ms
step:983/1190 train_time:54915ms step_avg:55.86ms
step:984/1190 train_time:54995ms step_avg:55.89ms
step:985/1190 train_time:55065ms step_avg:55.90ms
step:986/1190 train_time:55146ms step_avg:55.93ms
step:987/1190 train_time:55216ms step_avg:55.94ms
step:988/1190 train_time:55295ms step_avg:55.97ms
step:989/1190 train_time:55366ms step_avg:55.98ms
step:990/1190 train_time:55445ms step_avg:56.01ms
step:991/1190 train_time:55516ms step_avg:56.02ms
step:992/1190 train_time:55595ms step_avg:56.04ms
step:993/1190 train_time:55666ms step_avg:56.06ms
step:994/1190 train_time:55746ms step_avg:56.08ms
step:995/1190 train_time:55816ms step_avg:56.10ms
step:996/1190 train_time:55895ms step_avg:56.12ms
step:997/1190 train_time:55966ms step_avg:56.13ms
step:998/1190 train_time:56047ms step_avg:56.16ms
step:999/1190 train_time:56117ms step_avg:56.17ms
step:1000/1190 train_time:56196ms step_avg:56.20ms
step:1000/1190 val_loss:3.34994769 train_time:56272ms step_avg:56.27ms
step:1001/1190 train_time:56301ms step_avg:56.24ms
step:1002/1190 train_time:56350ms step_avg:56.24ms
step:1003/1190 train_time:56427ms step_avg:56.26ms
step:1004/1190 train_time:56509ms step_avg:56.28ms
step:1005/1190 train_time:56582ms step_avg:56.30ms
step:1006/1190 train_time:56661ms step_avg:56.32ms
step:1007/1190 train_time:56733ms step_avg:56.34ms
step:1008/1190 train_time:56810ms step_avg:56.36ms
step:1009/1190 train_time:56880ms step_avg:56.37ms
step:1010/1190 train_time:56960ms step_avg:56.40ms
step:1011/1190 train_time:57030ms step_avg:56.41ms
step:1012/1190 train_time:57109ms step_avg:56.43ms
step:1013/1190 train_time:57179ms step_avg:56.45ms
step:1014/1190 train_time:57260ms step_avg:56.47ms
step:1015/1190 train_time:57330ms step_avg:56.48ms
step:1016/1190 train_time:57411ms step_avg:56.51ms
step:1017/1190 train_time:57481ms step_avg:56.52ms
step:1018/1190 train_time:57561ms step_avg:56.54ms
step:1019/1190 train_time:57633ms step_avg:56.56ms
step:1020/1190 train_time:57713ms step_avg:56.58ms
step:1021/1190 train_time:57783ms step_avg:56.59ms
step:1022/1190 train_time:57863ms step_avg:56.62ms
step:1023/1190 train_time:57933ms step_avg:56.63ms
step:1024/1190 train_time:58011ms step_avg:56.65ms
step:1025/1190 train_time:58083ms step_avg:56.67ms
step:1026/1190 train_time:58162ms step_avg:56.69ms
step:1027/1190 train_time:58233ms step_avg:56.70ms
step:1028/1190 train_time:58312ms step_avg:56.72ms
step:1029/1190 train_time:58382ms step_avg:56.74ms
step:1030/1190 train_time:58463ms step_avg:56.76ms
step:1031/1190 train_time:58534ms step_avg:56.77ms
step:1032/1190 train_time:58612ms step_avg:56.79ms
step:1033/1190 train_time:58683ms step_avg:56.81ms
step:1034/1190 train_time:58763ms step_avg:56.83ms
step:1035/1190 train_time:58835ms step_avg:56.85ms
step:1036/1190 train_time:58914ms step_avg:56.87ms
step:1037/1190 train_time:58985ms step_avg:56.88ms
step:1038/1190 train_time:59064ms step_avg:56.90ms
step:1039/1190 train_time:59135ms step_avg:56.92ms
step:1040/1190 train_time:59214ms step_avg:56.94ms
step:1041/1190 train_time:59286ms step_avg:56.95ms
step:1042/1190 train_time:59366ms step_avg:56.97ms
step:1043/1190 train_time:59436ms step_avg:56.99ms
step:1044/1190 train_time:59514ms step_avg:57.01ms
step:1045/1190 train_time:59585ms step_avg:57.02ms
step:1046/1190 train_time:59665ms step_avg:57.04ms
step:1047/1190 train_time:59736ms step_avg:57.05ms
step:1048/1190 train_time:59815ms step_avg:57.08ms
step:1049/1190 train_time:59886ms step_avg:57.09ms
step:1050/1190 train_time:59965ms step_avg:57.11ms
step:1051/1190 train_time:60036ms step_avg:57.12ms
step:1052/1190 train_time:60115ms step_avg:57.14ms
step:1053/1190 train_time:60186ms step_avg:57.16ms
step:1054/1190 train_time:60266ms step_avg:57.18ms
step:1055/1190 train_time:60337ms step_avg:57.19ms
step:1056/1190 train_time:60418ms step_avg:57.21ms
step:1057/1190 train_time:60488ms step_avg:57.23ms
step:1058/1190 train_time:60567ms step_avg:57.25ms
step:1059/1190 train_time:60637ms step_avg:57.26ms
step:1060/1190 train_time:60717ms step_avg:57.28ms
step:1061/1190 train_time:60787ms step_avg:57.29ms
step:1062/1190 train_time:60867ms step_avg:57.31ms
step:1063/1190 train_time:60938ms step_avg:57.33ms
step:1064/1190 train_time:61017ms step_avg:57.35ms
step:1065/1190 train_time:61087ms step_avg:57.36ms
step:1066/1190 train_time:61166ms step_avg:57.38ms
step:1067/1190 train_time:61238ms step_avg:57.39ms
step:1068/1190 train_time:61318ms step_avg:57.41ms
step:1069/1190 train_time:61388ms step_avg:57.43ms
step:1070/1190 train_time:61467ms step_avg:57.45ms
step:1071/1190 train_time:61538ms step_avg:57.46ms
step:1072/1190 train_time:61618ms step_avg:57.48ms
step:1073/1190 train_time:61688ms step_avg:57.49ms
step:1074/1190 train_time:61768ms step_avg:57.51ms
step:1075/1190 train_time:61838ms step_avg:57.52ms
step:1076/1190 train_time:61917ms step_avg:57.54ms
step:1077/1190 train_time:61988ms step_avg:57.56ms
step:1078/1190 train_time:62067ms step_avg:57.58ms
step:1079/1190 train_time:62138ms step_avg:57.59ms
step:1080/1190 train_time:62219ms step_avg:57.61ms
step:1081/1190 train_time:62288ms step_avg:57.62ms
step:1082/1190 train_time:62367ms step_avg:57.64ms
step:1083/1190 train_time:62438ms step_avg:57.65ms
step:1084/1190 train_time:62518ms step_avg:57.67ms
step:1085/1190 train_time:62589ms step_avg:57.69ms
step:1086/1190 train_time:62669ms step_avg:57.71ms
step:1087/1190 train_time:62740ms step_avg:57.72ms
step:1088/1190 train_time:62820ms step_avg:57.74ms
step:1089/1190 train_time:62889ms step_avg:57.75ms
step:1090/1190 train_time:62968ms step_avg:57.77ms
step:1091/1190 train_time:63039ms step_avg:57.78ms
step:1092/1190 train_time:63119ms step_avg:57.80ms
step:1093/1190 train_time:63190ms step_avg:57.81ms
step:1094/1190 train_time:63269ms step_avg:57.83ms
step:1095/1190 train_time:63340ms step_avg:57.84ms
step:1096/1190 train_time:63419ms step_avg:57.86ms
step:1097/1190 train_time:63490ms step_avg:57.88ms
step:1098/1190 train_time:63649ms step_avg:57.97ms
step:1099/1190 train_time:63723ms step_avg:57.98ms
step:1100/1190 train_time:63788ms step_avg:57.99ms
step:1101/1190 train_time:63857ms step_avg:58.00ms
step:1102/1190 train_time:63937ms step_avg:58.02ms
step:1103/1190 train_time:64006ms step_avg:58.03ms
step:1104/1190 train_time:64086ms step_avg:58.05ms
step:1105/1190 train_time:64156ms step_avg:58.06ms
step:1106/1190 train_time:64234ms step_avg:58.08ms
step:1107/1190 train_time:64305ms step_avg:58.09ms
step:1108/1190 train_time:64384ms step_avg:58.11ms
step:1109/1190 train_time:64454ms step_avg:58.12ms
step:1110/1190 train_time:64532ms step_avg:58.14ms
step:1111/1190 train_time:64605ms step_avg:58.15ms
step:1112/1190 train_time:64686ms step_avg:58.17ms
step:1113/1190 train_time:64759ms step_avg:58.18ms
step:1114/1190 train_time:64838ms step_avg:58.20ms
step:1115/1190 train_time:64910ms step_avg:58.22ms
step:1116/1190 train_time:64988ms step_avg:58.23ms
step:1117/1190 train_time:65059ms step_avg:58.24ms
step:1118/1190 train_time:65139ms step_avg:58.26ms
step:1119/1190 train_time:65209ms step_avg:58.27ms
step:1120/1190 train_time:65289ms step_avg:58.29ms
step:1121/1190 train_time:65363ms step_avg:58.31ms
step:1122/1190 train_time:65440ms step_avg:58.32ms
step:1123/1190 train_time:65509ms step_avg:58.33ms
step:1124/1190 train_time:65589ms step_avg:58.35ms
step:1125/1190 train_time:65663ms step_avg:58.37ms
step:1126/1190 train_time:65743ms step_avg:58.39ms
step:1127/1190 train_time:65809ms step_avg:58.39ms
step:1128/1190 train_time:65892ms step_avg:58.42ms
step:1129/1190 train_time:65959ms step_avg:58.42ms
step:1130/1190 train_time:66040ms step_avg:58.44ms
step:1131/1190 train_time:66111ms step_avg:58.45ms
step:1132/1190 train_time:66193ms step_avg:58.47ms
step:1133/1190 train_time:66264ms step_avg:58.49ms
step:1134/1190 train_time:66344ms step_avg:58.50ms
step:1135/1190 train_time:66415ms step_avg:58.52ms
step:1136/1190 train_time:66494ms step_avg:58.53ms
step:1137/1190 train_time:66565ms step_avg:58.54ms
step:1138/1190 train_time:66645ms step_avg:58.56ms
step:1139/1190 train_time:66716ms step_avg:58.57ms
step:1140/1190 train_time:66796ms step_avg:58.59ms
step:1141/1190 train_time:66867ms step_avg:58.60ms
step:1142/1190 train_time:66947ms step_avg:58.62ms
step:1143/1190 train_time:67018ms step_avg:58.63ms
step:1144/1190 train_time:67099ms step_avg:58.65ms
step:1145/1190 train_time:67170ms step_avg:58.66ms
step:1146/1190 train_time:67250ms step_avg:58.68ms
step:1147/1190 train_time:67320ms step_avg:58.69ms
step:1148/1190 train_time:67400ms step_avg:58.71ms
step:1149/1190 train_time:67470ms step_avg:58.72ms
step:1150/1190 train_time:67550ms step_avg:58.74ms
step:1151/1190 train_time:67620ms step_avg:58.75ms
step:1152/1190 train_time:67701ms step_avg:58.77ms
step:1153/1190 train_time:67772ms step_avg:58.78ms
step:1154/1190 train_time:67853ms step_avg:58.80ms
step:1155/1190 train_time:67922ms step_avg:58.81ms
step:1156/1190 train_time:68004ms step_avg:58.83ms
step:1157/1190 train_time:68075ms step_avg:58.84ms
step:1158/1190 train_time:68154ms step_avg:58.86ms
step:1159/1190 train_time:68226ms step_avg:58.87ms
step:1160/1190 train_time:68306ms step_avg:58.88ms
step:1161/1190 train_time:68377ms step_avg:58.89ms
step:1162/1190 train_time:68458ms step_avg:58.91ms
step:1163/1190 train_time:68528ms step_avg:58.92ms
step:1164/1190 train_time:68607ms step_avg:58.94ms
step:1165/1190 train_time:68678ms step_avg:58.95ms
step:1166/1190 train_time:68760ms step_avg:58.97ms
step:1167/1190 train_time:68830ms step_avg:58.98ms
step:1168/1190 train_time:68910ms step_avg:59.00ms
step:1169/1190 train_time:68981ms step_avg:59.01ms
step:1170/1190 train_time:69061ms step_avg:59.03ms
step:1171/1190 train_time:69132ms step_avg:59.04ms
step:1172/1190 train_time:69211ms step_avg:59.05ms
step:1173/1190 train_time:69282ms step_avg:59.06ms
step:1174/1190 train_time:69363ms step_avg:59.08ms
step:1175/1190 train_time:69434ms step_avg:59.09ms
step:1176/1190 train_time:69515ms step_avg:59.11ms
step:1177/1190 train_time:69585ms step_avg:59.12ms
step:1178/1190 train_time:69665ms step_avg:59.14ms
step:1179/1190 train_time:69736ms step_avg:59.15ms
step:1180/1190 train_time:69816ms step_avg:59.17ms
step:1181/1190 train_time:69886ms step_avg:59.18ms
step:1182/1190 train_time:69966ms step_avg:59.19ms
step:1183/1190 train_time:70037ms step_avg:59.20ms
step:1184/1190 train_time:70117ms step_avg:59.22ms
step:1185/1190 train_time:70188ms step_avg:59.23ms
step:1186/1190 train_time:70267ms step_avg:59.25ms
step:1187/1190 train_time:70339ms step_avg:59.26ms
step:1188/1190 train_time:70419ms step_avg:59.28ms
step:1189/1190 train_time:70490ms step_avg:59.29ms
step:1190/1190 train_time:70569ms step_avg:59.30ms
step:1190/1190 val_loss:3.27845836 train_time:70646ms step_avg:59.37ms
peak memory allocated: 32011 MiB reserved: 42700 MiB
