HARNESS_TRAINING_ENV={"OMP_NUM_THREADS": "1", "MKL_NUM_THREADS": "1", "torch_num_threads": 1, "torch_num_interop_threads": 47}
[Gloo] Rank 0 is connected to 7 peer ranks. Expected number of connected peer ranks is : 7
[Gloo] Rank 1 is connected to 7 peer ranks. Expected number of connected peer ranks is : 7
[Gloo] Rank 2 is connected to 7 peer ranks. Expected number of connected peer ranks is : 7
[Gloo] Rank 4[Gloo] Rank  is connected to 3 is connected to 77 peer ranks.  peer ranks. Expected number of connected peer ranks is : Expected number of connected peer ranks is : 77

[Gloo] Rank 5 is connected to 7 peer ranks. Expected number of connected peer ranks is : 7
[Gloo] Rank [Gloo] Rank 76 is connected to  is connected to 77 peer ranks.  peer ranks. Expected number of connected peer ranks is : 7Expected number of connected peer ranks is : 7

/workspace/train_gpt.py:1084: UserWarning: Skipping publisher trust check for 'kernels-community/flash-attn3' because Hugging Face Hub is in offline mode.
  flash_attn_interface = get_kernel('kernels-community/flash-attn3', version=1).flash_attn_interface
/workspace/train_gpt.py:1084: UserWarning: Skipping publisher trust check for 'kernels-community/flash-attn3' because Hugging Face Hub is in offline mode.
  flash_attn_interface = get_kernel('kernels-community/flash-attn3', version=1).flash_attn_interface
/workspace/train_gpt.py:1084: UserWarning: Skipping publisher trust check for 'kernels-community/flash-attn3' because Hugging Face Hub is in offline mode.
  flash_attn_interface = get_kernel('kernels-community/flash-attn3', version=1).flash_attn_interface
/workspace/train_gpt.py:1084: UserWarning: Skipping publisher trust check for 'kernels-community/flash-attn3' because Hugging Face Hub is in offline mode.
  flash_attn_interface = get_kernel('kernels-community/flash-attn3', version=1).flash_attn_interface
/workspace/train_gpt.py:1084: UserWarning: Skipping publisher trust check for 'kernels-community/flash-attn3' because Hugging Face Hub is in offline mode.
  flash_attn_interface = get_kernel('kernels-community/flash-attn3', version=1).flash_attn_interface
/workspace/train_gpt.py:1084: UserWarning: Skipping publisher trust check for 'kernels-community/flash-attn3' because Hugging Face Hub is in offline mode.
  flash_attn_interface = get_kernel('kernels-community/flash-attn3', version=1).flash_attn_interface
/workspace/train_gpt.py:1084: UserWarning: Skipping publisher trust check for 'kernels-community/flash-attn3' because Hugging Face Hub is in offline mode.
  flash_attn_interface = get_kernel('kernels-community/flash-attn3', version=1).flash_attn_interface
/workspace/train_gpt.py:1084: UserWarning: Skipping publisher trust check for 'kernels-community/flash-attn3' because Hugging Face Hub is in offline mode.
  flash_attn_interface = get_kernel('kernels-community/flash-attn3', version=1).flash_attn_interface
logs/94b1dcaf-40f7-41f7-b057-d9d28df9299b.txt
Compiling model and warming up kernels (~7 minutes on first execution)
Sampling steps [0, 1, 281, 282, 283, 284, 705, 706, 707, 708, 1128, 1129, 1130, 1131] for warmup
Resetting Model
step:0/1190 val_loss:10.82931232 train_time:69ms step_avg:68.82ms
step:1/1190 train_time:426ms step_avg:425.61ms
step:2/1190 train_time:514ms step_avg:256.96ms
step:3/1190 train_time:547ms step_avg:182.19ms
step:4/1190 train_time:581ms step_avg:145.22ms
step:5/1190 train_time:611ms step_avg:122.27ms
step:6/1190 train_time:648ms step_avg:108.05ms
step:7/1190 train_time:683ms step_avg:97.57ms
step:8/1190 train_time:730ms step_avg:91.20ms
step:9/1190 train_time:764ms step_avg:84.88ms
step:10/1190 train_time:811ms step_avg:81.06ms
step:11/1190 train_time:845ms step_avg:76.82ms
step:12/1190 train_time:891ms step_avg:74.26ms
step:13/1190 train_time:927ms step_avg:71.28ms
step:14/1190 train_time:975ms step_avg:69.63ms
step:15/1190 train_time:1009ms step_avg:67.25ms
step:16/1190 train_time:1054ms step_avg:65.90ms
step:17/1190 train_time:1090ms step_avg:64.11ms
step:18/1190 train_time:1137ms step_avg:63.15ms
step:19/1190 train_time:1171ms step_avg:61.65ms
step:20/1190 train_time:1217ms step_avg:60.87ms
step:21/1190 train_time:1253ms step_avg:59.67ms
step:22/1190 train_time:1299ms step_avg:59.04ms
step:23/1190 train_time:1335ms step_avg:58.04ms
step:24/1190 train_time:1383ms step_avg:57.61ms
step:25/1190 train_time:1416ms step_avg:56.65ms
step:26/1190 train_time:1463ms step_avg:56.26ms
step:27/1190 train_time:1499ms step_avg:55.52ms
step:28/1190 train_time:1544ms step_avg:55.16ms
step:29/1190 train_time:1581ms step_avg:54.52ms
step:30/1190 train_time:1626ms step_avg:54.21ms
step:31/1190 train_time:1661ms step_avg:53.59ms
step:32/1190 train_time:1707ms step_avg:53.36ms
step:33/1190 train_time:1744ms step_avg:52.84ms
step:34/1190 train_time:1790ms step_avg:52.64ms
step:35/1190 train_time:1825ms step_avg:52.13ms
step:36/1190 train_time:1870ms step_avg:51.95ms
step:37/1190 train_time:1906ms step_avg:51.52ms
step:38/1190 train_time:1952ms step_avg:51.37ms
step:39/1190 train_time:1988ms step_avg:50.97ms
step:40/1190 train_time:2034ms step_avg:50.84ms
step:41/1190 train_time:2069ms step_avg:50.47ms
step:42/1190 train_time:2114ms step_avg:50.34ms
step:43/1190 train_time:2150ms step_avg:50.00ms
step:44/1190 train_time:2196ms step_avg:49.91ms
step:45/1190 train_time:2232ms step_avg:49.59ms
step:46/1190 train_time:2277ms step_avg:49.51ms
step:47/1190 train_time:2314ms step_avg:49.23ms
step:48/1190 train_time:2360ms step_avg:49.16ms
step:49/1190 train_time:2395ms step_avg:48.88ms
step:50/1190 train_time:2440ms step_avg:48.81ms
step:51/1190 train_time:2477ms step_avg:48.56ms
step:52/1190 train_time:2523ms step_avg:48.53ms
step:53/1190 train_time:2558ms step_avg:48.27ms
step:54/1190 train_time:2605ms step_avg:48.25ms
step:55/1190 train_time:2641ms step_avg:48.01ms
step:56/1190 train_time:2688ms step_avg:48.00ms
step:57/1190 train_time:2722ms step_avg:47.75ms
step:58/1190 train_time:2769ms step_avg:47.73ms
step:59/1190 train_time:2804ms step_avg:47.52ms
step:60/1190 train_time:2851ms step_avg:47.51ms
step:61/1190 train_time:2885ms step_avg:47.30ms
step:62/1190 train_time:2932ms step_avg:47.29ms
step:63/1190 train_time:2966ms step_avg:47.09ms
step:64/1190 train_time:3013ms step_avg:47.08ms
step:65/1190 train_time:3048ms step_avg:46.89ms
step:66/1190 train_time:3095ms step_avg:46.90ms
step:67/1190 train_time:3129ms step_avg:46.70ms
step:68/1190 train_time:3175ms step_avg:46.69ms
step:69/1190 train_time:3211ms step_avg:46.54ms
step:70/1190 train_time:3257ms step_avg:46.52ms
step:71/1190 train_time:3293ms step_avg:46.38ms
step:72/1190 train_time:3339ms step_avg:46.37ms
step:73/1190 train_time:3374ms step_avg:46.22ms
step:74/1190 train_time:3421ms step_avg:46.23ms
step:75/1190 train_time:3455ms step_avg:46.07ms
step:76/1190 train_time:3504ms step_avg:46.11ms
step:77/1190 train_time:3537ms step_avg:45.93ms
step:78/1190 train_time:3583ms step_avg:45.94ms
step:79/1190 train_time:3618ms step_avg:45.80ms
step:80/1190 train_time:3666ms step_avg:45.83ms
step:81/1190 train_time:3701ms step_avg:45.69ms
step:82/1190 train_time:3747ms step_avg:45.69ms
step:83/1190 train_time:3782ms step_avg:45.56ms
step:84/1190 train_time:3829ms step_avg:45.58ms
step:85/1190 train_time:3863ms step_avg:45.45ms
step:86/1190 train_time:3911ms step_avg:45.47ms
step:87/1190 train_time:3945ms step_avg:45.34ms
step:88/1190 train_time:3991ms step_avg:45.35ms
step:89/1190 train_time:4027ms step_avg:45.25ms
step:90/1190 train_time:4073ms step_avg:45.25ms
step:91/1190 train_time:4108ms step_avg:45.14ms
step:92/1190 train_time:4154ms step_avg:45.15ms
step:93/1190 train_time:4189ms step_avg:45.05ms
step:94/1190 train_time:4235ms step_avg:45.06ms
step:95/1190 train_time:4271ms step_avg:44.96ms
step:96/1190 train_time:4317ms step_avg:44.97ms
step:97/1190 train_time:4353ms step_avg:44.88ms
step:98/1190 train_time:4399ms step_avg:44.89ms
step:99/1190 train_time:4435ms step_avg:44.79ms
step:100/1190 train_time:4480ms step_avg:44.80ms
step:101/1190 train_time:4516ms step_avg:44.72ms
step:102/1190 train_time:4563ms step_avg:44.74ms
step:103/1190 train_time:4598ms step_avg:44.64ms
step:104/1190 train_time:4645ms step_avg:44.66ms
step:105/1190 train_time:4679ms step_avg:44.57ms
step:106/1190 train_time:4726ms step_avg:44.59ms
step:107/1190 train_time:4761ms step_avg:44.50ms
step:108/1190 train_time:4808ms step_avg:44.52ms
step:109/1190 train_time:4843ms step_avg:44.43ms
step:110/1190 train_time:4890ms step_avg:44.45ms
step:111/1190 train_time:4925ms step_avg:44.37ms
step:112/1190 train_time:4970ms step_avg:44.38ms
step:113/1190 train_time:5006ms step_avg:44.30ms
step:114/1190 train_time:5052ms step_avg:44.31ms
step:115/1190 train_time:5087ms step_avg:44.24ms
step:116/1190 train_time:5133ms step_avg:44.25ms
step:117/1190 train_time:5169ms step_avg:44.18ms
step:118/1190 train_time:5215ms step_avg:44.19ms
step:119/1190 train_time:5250ms step_avg:44.12ms
step:120/1190 train_time:5296ms step_avg:44.14ms
step:121/1190 train_time:5332ms step_avg:44.06ms
step:122/1190 train_time:5378ms step_avg:44.08ms
step:123/1190 train_time:5414ms step_avg:44.01ms
step:124/1190 train_time:5460ms step_avg:44.03ms
step:125/1190 train_time:5495ms step_avg:43.96ms
step:126/1190 train_time:5543ms step_avg:43.99ms
step:127/1190 train_time:5577ms step_avg:43.92ms
step:128/1190 train_time:5624ms step_avg:43.93ms
step:129/1190 train_time:5660ms step_avg:43.87ms
step:130/1190 train_time:5705ms step_avg:43.89ms
step:131/1190 train_time:5741ms step_avg:43.83ms
step:132/1190 train_time:5787ms step_avg:43.84ms
step:133/1190 train_time:5822ms step_avg:43.78ms
step:134/1190 train_time:5868ms step_avg:43.79ms
step:135/1190 train_time:5904ms step_avg:43.73ms
step:136/1190 train_time:5950ms step_avg:43.75ms
step:137/1190 train_time:5985ms step_avg:43.69ms
step:138/1190 train_time:6032ms step_avg:43.71ms
step:139/1190 train_time:6067ms step_avg:43.64ms
step:140/1190 train_time:6113ms step_avg:43.67ms
step:141/1190 train_time:6148ms step_avg:43.60ms
step:142/1190 train_time:6194ms step_avg:43.62ms
step:143/1190 train_time:6230ms step_avg:43.57ms
step:144/1190 train_time:6275ms step_avg:43.58ms
step:145/1190 train_time:6312ms step_avg:43.53ms
step:146/1190 train_time:6357ms step_avg:43.54ms
step:147/1190 train_time:6393ms step_avg:43.49ms
step:148/1190 train_time:6439ms step_avg:43.51ms
step:149/1190 train_time:6475ms step_avg:43.46ms
step:150/1190 train_time:6521ms step_avg:43.47ms
step:151/1190 train_time:6557ms step_avg:43.42ms
step:152/1190 train_time:6603ms step_avg:43.44ms
step:153/1190 train_time:6639ms step_avg:43.39ms
step:154/1190 train_time:6684ms step_avg:43.40ms
step:155/1190 train_time:6720ms step_avg:43.35ms
step:156/1190 train_time:6766ms step_avg:43.37ms
step:157/1190 train_time:6802ms step_avg:43.32ms
step:158/1190 train_time:6849ms step_avg:43.35ms
step:159/1190 train_time:6883ms step_avg:43.29ms
step:160/1190 train_time:6929ms step_avg:43.31ms
step:161/1190 train_time:6965ms step_avg:43.26ms
step:162/1190 train_time:7010ms step_avg:43.27ms
step:163/1190 train_time:7046ms step_avg:43.23ms
step:164/1190 train_time:7092ms step_avg:43.25ms
step:165/1190 train_time:7127ms step_avg:43.20ms
step:166/1190 train_time:7173ms step_avg:43.21ms
step:167/1190 train_time:7209ms step_avg:43.17ms
step:168/1190 train_time:7255ms step_avg:43.19ms
step:169/1190 train_time:7290ms step_avg:43.14ms
step:170/1190 train_time:7337ms step_avg:43.16ms
step:171/1190 train_time:7371ms step_avg:43.11ms
step:172/1190 train_time:7419ms step_avg:43.13ms
step:173/1190 train_time:7453ms step_avg:43.08ms
step:174/1190 train_time:7499ms step_avg:43.10ms
step:175/1190 train_time:7535ms step_avg:43.06ms
step:176/1190 train_time:7581ms step_avg:43.07ms
step:177/1190 train_time:7616ms step_avg:43.03ms
step:178/1190 train_time:7662ms step_avg:43.05ms
step:179/1190 train_time:7698ms step_avg:43.01ms
step:180/1190 train_time:7745ms step_avg:43.03ms
step:181/1190 train_time:7779ms step_avg:42.98ms
step:182/1190 train_time:7826ms step_avg:43.00ms
step:183/1190 train_time:7861ms step_avg:42.96ms
step:184/1190 train_time:7907ms step_avg:42.97ms
step:185/1190 train_time:7942ms step_avg:42.93ms
step:186/1190 train_time:7989ms step_avg:42.95ms
step:187/1190 train_time:8024ms step_avg:42.91ms
step:188/1190 train_time:8070ms step_avg:42.93ms
step:189/1190 train_time:8105ms step_avg:42.88ms
step:190/1190 train_time:8153ms step_avg:42.91ms
step:191/1190 train_time:8187ms step_avg:42.86ms
step:192/1190 train_time:8233ms step_avg:42.88ms
step:193/1190 train_time:8268ms step_avg:42.84ms
step:194/1190 train_time:8315ms step_avg:42.86ms
step:195/1190 train_time:8350ms step_avg:42.82ms
step:196/1190 train_time:8396ms step_avg:42.84ms
step:197/1190 train_time:8431ms step_avg:42.80ms
step:198/1190 train_time:8480ms step_avg:42.83ms
step:199/1190 train_time:8514ms step_avg:42.78ms
step:200/1190 train_time:8560ms step_avg:42.80ms
step:201/1190 train_time:8595ms step_avg:42.76ms
step:202/1190 train_time:8642ms step_avg:42.78ms
step:203/1190 train_time:8677ms step_avg:42.74ms
step:204/1190 train_time:8723ms step_avg:42.76ms
step:205/1190 train_time:8758ms step_avg:42.72ms
step:206/1190 train_time:8804ms step_avg:42.74ms
step:207/1190 train_time:8840ms step_avg:42.70ms
step:208/1190 train_time:8886ms step_avg:42.72ms
step:209/1190 train_time:8922ms step_avg:42.69ms
step:210/1190 train_time:8968ms step_avg:42.71ms
step:211/1190 train_time:9003ms step_avg:42.67ms
step:212/1190 train_time:9049ms step_avg:42.68ms
step:213/1190 train_time:9084ms step_avg:42.65ms
step:214/1190 train_time:9130ms step_avg:42.66ms
step:215/1190 train_time:9165ms step_avg:42.63ms
step:216/1190 train_time:9212ms step_avg:42.65ms
step:217/1190 train_time:9247ms step_avg:42.61ms
step:218/1190 train_time:9293ms step_avg:42.63ms
step:219/1190 train_time:9329ms step_avg:42.60ms
step:220/1190 train_time:9375ms step_avg:42.62ms
step:221/1190 train_time:9410ms step_avg:42.58ms
step:222/1190 train_time:9456ms step_avg:42.60ms
step:223/1190 train_time:9491ms step_avg:42.56ms
step:224/1190 train_time:9537ms step_avg:42.58ms
step:225/1190 train_time:9572ms step_avg:42.54ms
step:226/1190 train_time:9618ms step_avg:42.56ms
step:227/1190 train_time:9654ms step_avg:42.53ms
step:228/1190 train_time:9700ms step_avg:42.55ms
step:229/1190 train_time:9736ms step_avg:42.51ms
step:230/1190 train_time:9781ms step_avg:42.53ms
step:231/1190 train_time:9817ms step_avg:42.50ms
step:232/1190 train_time:9863ms step_avg:42.51ms
step:233/1190 train_time:9898ms step_avg:42.48ms
step:234/1190 train_time:9945ms step_avg:42.50ms
step:235/1190 train_time:9980ms step_avg:42.47ms
step:236/1190 train_time:10027ms step_avg:42.49ms
step:237/1190 train_time:10062ms step_avg:42.46ms
step:238/1190 train_time:10108ms step_avg:42.47ms
step:239/1190 train_time:10144ms step_avg:42.44ms
step:240/1190 train_time:10189ms step_avg:42.46ms
step:241/1190 train_time:10226ms step_avg:42.43ms
step:242/1190 train_time:10271ms step_avg:42.44ms
step:243/1190 train_time:10306ms step_avg:42.41ms
step:244/1190 train_time:10352ms step_avg:42.43ms
step:245/1190 train_time:10388ms step_avg:42.40ms
step:246/1190 train_time:10433ms step_avg:42.41ms
step:247/1190 train_time:10469ms step_avg:42.38ms
step:248/1190 train_time:10514ms step_avg:42.40ms
step:249/1190 train_time:10551ms step_avg:42.37ms
step:250/1190 train_time:10596ms step_avg:42.39ms
step:250/1190 val_loss:4.38765001 train_time:10636ms step_avg:42.55ms
step:251/1190 train_time:10665ms step_avg:42.49ms
step:252/1190 train_time:10697ms step_avg:42.45ms
step:253/1190 train_time:10722ms step_avg:42.38ms
step:254/1190 train_time:10765ms step_avg:42.38ms
step:255/1190 train_time:10803ms step_avg:42.37ms
step:256/1190 train_time:10852ms step_avg:42.39ms
step:257/1190 train_time:10888ms step_avg:42.36ms
step:258/1190 train_time:10935ms step_avg:42.39ms
step:259/1190 train_time:10970ms step_avg:42.35ms
step:260/1190 train_time:11017ms step_avg:42.37ms
step:261/1190 train_time:11051ms step_avg:42.34ms
step:262/1190 train_time:11097ms step_avg:42.35ms
step:263/1190 train_time:11133ms step_avg:42.33ms
step:264/1190 train_time:11178ms step_avg:42.34ms
step:265/1190 train_time:11214ms step_avg:42.32ms
step:266/1190 train_time:11260ms step_avg:42.33ms
step:267/1190 train_time:11295ms step_avg:42.31ms
step:268/1190 train_time:11341ms step_avg:42.32ms
step:269/1190 train_time:11376ms step_avg:42.29ms
step:270/1190 train_time:11423ms step_avg:42.31ms
step:271/1190 train_time:11458ms step_avg:42.28ms
step:272/1190 train_time:11504ms step_avg:42.29ms
step:273/1190 train_time:11540ms step_avg:42.27ms
step:274/1190 train_time:11585ms step_avg:42.28ms
step:275/1190 train_time:11622ms step_avg:42.26ms
step:276/1190 train_time:11667ms step_avg:42.27ms
step:277/1190 train_time:11703ms step_avg:42.25ms
step:278/1190 train_time:11749ms step_avg:42.26ms
step:279/1190 train_time:11784ms step_avg:42.24ms
step:280/1190 train_time:11830ms step_avg:42.25ms
step:281/1190 train_time:11866ms step_avg:42.23ms
step:282/1190 train_time:11911ms step_avg:42.24ms
step:283/1190 train_time:11947ms step_avg:42.22ms
step:284/1190 train_time:11994ms step_avg:42.23ms
step:285/1190 train_time:12044ms step_avg:42.26ms
step:286/1190 train_time:12102ms step_avg:42.31ms
step:287/1190 train_time:12148ms step_avg:42.33ms
step:288/1190 train_time:12206ms step_avg:42.38ms
step:289/1190 train_time:12253ms step_avg:42.40ms
step:290/1190 train_time:12311ms step_avg:42.45ms
step:291/1190 train_time:12359ms step_avg:42.47ms
step:292/1190 train_time:12417ms step_avg:42.52ms
step:293/1190 train_time:12463ms step_avg:42.54ms
step:294/1190 train_time:12521ms step_avg:42.59ms
step:295/1190 train_time:12569ms step_avg:42.61ms
step:296/1190 train_time:12627ms step_avg:42.66ms
step:297/1190 train_time:12675ms step_avg:42.68ms
step:298/1190 train_time:12733ms step_avg:42.73ms
step:299/1190 train_time:12780ms step_avg:42.74ms
step:300/1190 train_time:12837ms step_avg:42.79ms
step:301/1190 train_time:12884ms step_avg:42.81ms
step:302/1190 train_time:12942ms step_avg:42.85ms
step:303/1190 train_time:12989ms step_avg:42.87ms
step:304/1190 train_time:13046ms step_avg:42.92ms
step:305/1190 train_time:13094ms step_avg:42.93ms
step:306/1190 train_time:13151ms step_avg:42.98ms
step:307/1190 train_time:13199ms step_avg:42.99ms
step:308/1190 train_time:13256ms step_avg:43.04ms
step:309/1190 train_time:13303ms step_avg:43.05ms
step:310/1190 train_time:13360ms step_avg:43.10ms
step:311/1190 train_time:13408ms step_avg:43.11ms
step:312/1190 train_time:13466ms step_avg:43.16ms
step:313/1190 train_time:13513ms step_avg:43.17ms
step:314/1190 train_time:13570ms step_avg:43.22ms
step:315/1190 train_time:13617ms step_avg:43.23ms
step:316/1190 train_time:13675ms step_avg:43.27ms
step:317/1190 train_time:13723ms step_avg:43.29ms
step:318/1190 train_time:13779ms step_avg:43.33ms
step:319/1190 train_time:13827ms step_avg:43.35ms
step:320/1190 train_time:13885ms step_avg:43.39ms
step:321/1190 train_time:13932ms step_avg:43.40ms
step:322/1190 train_time:13989ms step_avg:43.45ms
step:323/1190 train_time:14037ms step_avg:43.46ms
step:324/1190 train_time:14095ms step_avg:43.50ms
step:325/1190 train_time:14142ms step_avg:43.51ms
step:326/1190 train_time:14200ms step_avg:43.56ms
step:327/1190 train_time:14247ms step_avg:43.57ms
step:328/1190 train_time:14305ms step_avg:43.61ms
step:329/1190 train_time:14352ms step_avg:43.62ms
step:330/1190 train_time:14409ms step_avg:43.66ms
step:331/1190 train_time:14457ms step_avg:43.68ms
step:332/1190 train_time:14516ms step_avg:43.72ms
step:333/1190 train_time:14562ms step_avg:43.73ms
step:334/1190 train_time:14621ms step_avg:43.78ms
step:335/1190 train_time:14668ms step_avg:43.78ms
step:336/1190 train_time:14726ms step_avg:43.83ms
step:337/1190 train_time:14774ms step_avg:43.84ms
step:338/1190 train_time:14897ms step_avg:44.07ms
step:339/1190 train_time:14948ms step_avg:44.09ms
step:340/1190 train_time:14996ms step_avg:44.11ms
step:341/1190 train_time:15042ms step_avg:44.11ms
step:342/1190 train_time:15099ms step_avg:44.15ms
step:343/1190 train_time:15146ms step_avg:44.16ms
step:344/1190 train_time:15203ms step_avg:44.20ms
step:345/1190 train_time:15251ms step_avg:44.20ms
step:346/1190 train_time:15308ms step_avg:44.24ms
step:347/1190 train_time:15356ms step_avg:44.25ms
step:348/1190 train_time:15413ms step_avg:44.29ms
step:349/1190 train_time:15460ms step_avg:44.30ms
step:350/1190 train_time:15518ms step_avg:44.34ms
step:351/1190 train_time:15565ms step_avg:44.34ms
step:352/1190 train_time:15622ms step_avg:44.38ms
step:353/1190 train_time:15669ms step_avg:44.39ms
step:354/1190 train_time:15727ms step_avg:44.43ms
step:355/1190 train_time:15774ms step_avg:44.43ms
step:356/1190 train_time:15832ms step_avg:44.47ms
step:357/1190 train_time:15880ms step_avg:44.48ms
step:358/1190 train_time:15937ms step_avg:44.52ms
step:359/1190 train_time:15985ms step_avg:44.53ms
step:360/1190 train_time:16042ms step_avg:44.56ms
step:361/1190 train_time:16090ms step_avg:44.57ms
step:362/1190 train_time:16147ms step_avg:44.61ms
step:363/1190 train_time:16195ms step_avg:44.61ms
step:364/1190 train_time:16254ms step_avg:44.65ms
step:365/1190 train_time:16300ms step_avg:44.66ms
step:366/1190 train_time:16358ms step_avg:44.69ms
step:367/1190 train_time:16405ms step_avg:44.70ms
step:368/1190 train_time:16463ms step_avg:44.74ms
step:369/1190 train_time:16510ms step_avg:44.74ms
step:370/1190 train_time:16568ms step_avg:44.78ms
step:371/1190 train_time:16618ms step_avg:44.79ms
step:372/1190 train_time:16673ms step_avg:44.82ms
step:373/1190 train_time:16720ms step_avg:44.83ms
step:374/1190 train_time:16778ms step_avg:44.86ms
step:375/1190 train_time:16825ms step_avg:44.87ms
step:376/1190 train_time:16882ms step_avg:44.90ms
step:377/1190 train_time:16930ms step_avg:44.91ms
step:378/1190 train_time:16988ms step_avg:44.94ms
step:379/1190 train_time:17035ms step_avg:44.95ms
step:380/1190 train_time:17092ms step_avg:44.98ms
step:381/1190 train_time:17141ms step_avg:44.99ms
step:382/1190 train_time:17198ms step_avg:45.02ms
step:383/1190 train_time:17245ms step_avg:45.03ms
step:384/1190 train_time:17303ms step_avg:45.06ms
step:385/1190 train_time:17351ms step_avg:45.07ms
step:386/1190 train_time:17409ms step_avg:45.10ms
step:387/1190 train_time:17456ms step_avg:45.11ms
step:388/1190 train_time:17515ms step_avg:45.14ms
step:389/1190 train_time:17561ms step_avg:45.14ms
step:390/1190 train_time:17619ms step_avg:45.18ms
step:391/1190 train_time:17667ms step_avg:45.18ms
step:392/1190 train_time:17724ms step_avg:45.22ms
step:393/1190 train_time:17772ms step_avg:45.22ms
step:394/1190 train_time:17830ms step_avg:45.25ms
step:395/1190 train_time:17877ms step_avg:45.26ms
step:396/1190 train_time:17935ms step_avg:45.29ms
step:397/1190 train_time:17981ms step_avg:45.29ms
step:398/1190 train_time:18039ms step_avg:45.32ms
step:399/1190 train_time:18086ms step_avg:45.33ms
step:400/1190 train_time:18144ms step_avg:45.36ms
step:401/1190 train_time:18191ms step_avg:45.36ms
step:402/1190 train_time:18249ms step_avg:45.40ms
step:403/1190 train_time:18297ms step_avg:45.40ms
step:404/1190 train_time:18355ms step_avg:45.43ms
step:405/1190 train_time:18402ms step_avg:45.44ms
step:406/1190 train_time:18459ms step_avg:45.47ms
step:407/1190 train_time:18506ms step_avg:45.47ms
step:408/1190 train_time:18564ms step_avg:45.50ms
step:409/1190 train_time:18611ms step_avg:45.50ms
step:410/1190 train_time:18668ms step_avg:45.53ms
step:411/1190 train_time:18716ms step_avg:45.54ms
step:412/1190 train_time:18773ms step_avg:45.56ms
step:413/1190 train_time:18820ms step_avg:45.57ms
step:414/1190 train_time:18877ms step_avg:45.60ms
step:415/1190 train_time:18924ms step_avg:45.60ms
step:416/1190 train_time:18981ms step_avg:45.63ms
step:417/1190 train_time:19029ms step_avg:45.63ms
step:418/1190 train_time:19086ms step_avg:45.66ms
step:419/1190 train_time:19134ms step_avg:45.67ms
step:420/1190 train_time:19193ms step_avg:45.70ms
step:421/1190 train_time:19239ms step_avg:45.70ms
step:422/1190 train_time:19296ms step_avg:45.73ms
step:423/1190 train_time:19343ms step_avg:45.73ms
step:424/1190 train_time:19401ms step_avg:45.76ms
step:425/1190 train_time:19448ms step_avg:45.76ms
step:426/1190 train_time:19506ms step_avg:45.79ms
step:427/1190 train_time:19553ms step_avg:45.79ms
step:428/1190 train_time:19611ms step_avg:45.82ms
step:429/1190 train_time:19659ms step_avg:45.82ms
step:430/1190 train_time:19716ms step_avg:45.85ms
step:431/1190 train_time:19764ms step_avg:45.86ms
step:432/1190 train_time:19821ms step_avg:45.88ms
step:433/1190 train_time:19868ms step_avg:45.88ms
step:434/1190 train_time:19925ms step_avg:45.91ms
step:435/1190 train_time:19972ms step_avg:45.91ms
step:436/1190 train_time:20030ms step_avg:45.94ms
step:437/1190 train_time:20077ms step_avg:45.94ms
step:438/1190 train_time:20134ms step_avg:45.97ms
step:439/1190 train_time:20183ms step_avg:45.97ms
step:440/1190 train_time:20241ms step_avg:46.00ms
step:441/1190 train_time:20287ms step_avg:46.00ms
step:442/1190 train_time:20345ms step_avg:46.03ms
step:443/1190 train_time:20393ms step_avg:46.03ms
step:444/1190 train_time:20451ms step_avg:46.06ms
step:445/1190 train_time:20498ms step_avg:46.06ms
step:446/1190 train_time:20556ms step_avg:46.09ms
step:447/1190 train_time:20602ms step_avg:46.09ms
step:448/1190 train_time:20661ms step_avg:46.12ms
step:449/1190 train_time:20707ms step_avg:46.12ms
step:450/1190 train_time:20765ms step_avg:46.14ms
step:451/1190 train_time:20812ms step_avg:46.15ms
step:452/1190 train_time:20870ms step_avg:46.17ms
step:453/1190 train_time:20917ms step_avg:46.17ms
step:454/1190 train_time:20974ms step_avg:46.20ms
step:455/1190 train_time:21021ms step_avg:46.20ms
step:456/1190 train_time:21079ms step_avg:46.23ms
step:457/1190 train_time:21126ms step_avg:46.23ms
step:458/1190 train_time:21183ms step_avg:46.25ms
step:459/1190 train_time:21230ms step_avg:46.25ms
step:460/1190 train_time:21289ms step_avg:46.28ms
step:461/1190 train_time:21335ms step_avg:46.28ms
step:462/1190 train_time:21393ms step_avg:46.31ms
step:463/1190 train_time:21440ms step_avg:46.31ms
step:464/1190 train_time:21498ms step_avg:46.33ms
step:465/1190 train_time:21544ms step_avg:46.33ms
step:466/1190 train_time:21601ms step_avg:46.35ms
step:467/1190 train_time:21649ms step_avg:46.36ms
step:468/1190 train_time:21707ms step_avg:46.38ms
step:469/1190 train_time:21754ms step_avg:46.38ms
step:470/1190 train_time:21813ms step_avg:46.41ms
step:471/1190 train_time:21860ms step_avg:46.41ms
step:472/1190 train_time:21917ms step_avg:46.43ms
step:473/1190 train_time:21964ms step_avg:46.44ms
step:474/1190 train_time:22021ms step_avg:46.46ms
step:475/1190 train_time:22069ms step_avg:46.46ms
step:476/1190 train_time:22126ms step_avg:46.48ms
step:477/1190 train_time:22174ms step_avg:46.49ms
step:478/1190 train_time:22232ms step_avg:46.51ms
step:479/1190 train_time:22279ms step_avg:46.51ms
step:480/1190 train_time:22335ms step_avg:46.53ms
step:481/1190 train_time:22383ms step_avg:46.54ms
step:482/1190 train_time:22441ms step_avg:46.56ms
step:483/1190 train_time:22488ms step_avg:46.56ms
step:484/1190 train_time:22546ms step_avg:46.58ms
step:485/1190 train_time:22594ms step_avg:46.58ms
step:486/1190 train_time:22652ms step_avg:46.61ms
step:487/1190 train_time:22698ms step_avg:46.61ms
step:488/1190 train_time:22756ms step_avg:46.63ms
step:489/1190 train_time:22804ms step_avg:46.63ms
step:490/1190 train_time:22861ms step_avg:46.65ms
step:491/1190 train_time:22908ms step_avg:46.66ms
step:492/1190 train_time:22966ms step_avg:46.68ms
step:493/1190 train_time:23013ms step_avg:46.68ms
step:494/1190 train_time:23071ms step_avg:46.70ms
step:495/1190 train_time:23118ms step_avg:46.70ms
step:496/1190 train_time:23176ms step_avg:46.73ms
step:497/1190 train_time:23223ms step_avg:46.73ms
step:498/1190 train_time:23280ms step_avg:46.75ms
step:499/1190 train_time:23327ms step_avg:46.75ms
step:500/1190 train_time:23384ms step_avg:46.77ms
step:500/1190 val_loss:3.87852192 train_time:23437ms step_avg:46.87ms
step:501/1190 train_time:23465ms step_avg:46.84ms
step:502/1190 train_time:23496ms step_avg:46.80ms
step:503/1190 train_time:23541ms step_avg:46.80ms
step:504/1190 train_time:23601ms step_avg:46.83ms
step:505/1190 train_time:23655ms step_avg:46.84ms
step:506/1190 train_time:23713ms step_avg:46.86ms
step:507/1190 train_time:23759ms step_avg:46.86ms
step:508/1190 train_time:23817ms step_avg:46.88ms
step:509/1190 train_time:23864ms step_avg:46.88ms
step:510/1190 train_time:23922ms step_avg:46.91ms
step:511/1190 train_time:23968ms step_avg:46.90ms
step:512/1190 train_time:24026ms step_avg:46.93ms
step:513/1190 train_time:24073ms step_avg:46.93ms
step:514/1190 train_time:24130ms step_avg:46.95ms
step:515/1190 train_time:24177ms step_avg:46.95ms
step:516/1190 train_time:24233ms step_avg:46.96ms
step:517/1190 train_time:24282ms step_avg:46.97ms
step:518/1190 train_time:24338ms step_avg:46.99ms
step:519/1190 train_time:24386ms step_avg:46.99ms
step:520/1190 train_time:24443ms step_avg:47.01ms
step:521/1190 train_time:24491ms step_avg:47.01ms
step:522/1190 train_time:24548ms step_avg:47.03ms
step:523/1190 train_time:24596ms step_avg:47.03ms
step:524/1190 train_time:24654ms step_avg:47.05ms
step:525/1190 train_time:24701ms step_avg:47.05ms
step:526/1190 train_time:24758ms step_avg:47.07ms
step:527/1190 train_time:24806ms step_avg:47.07ms
step:528/1190 train_time:24863ms step_avg:47.09ms
step:529/1190 train_time:24911ms step_avg:47.09ms
step:530/1190 train_time:24968ms step_avg:47.11ms
step:531/1190 train_time:25016ms step_avg:47.11ms
step:532/1190 train_time:25073ms step_avg:47.13ms
step:533/1190 train_time:25120ms step_avg:47.13ms
step:534/1190 train_time:25177ms step_avg:47.15ms
step:535/1190 train_time:25225ms step_avg:47.15ms
step:536/1190 train_time:25283ms step_avg:47.17ms
step:537/1190 train_time:25330ms step_avg:47.17ms
step:538/1190 train_time:25387ms step_avg:47.19ms
step:539/1190 train_time:25434ms step_avg:47.19ms
step:540/1190 train_time:25492ms step_avg:47.21ms
step:541/1190 train_time:25539ms step_avg:47.21ms
step:542/1190 train_time:25596ms step_avg:47.22ms
step:543/1190 train_time:25643ms step_avg:47.23ms
step:544/1190 train_time:25701ms step_avg:47.24ms
step:545/1190 train_time:25749ms step_avg:47.25ms
step:546/1190 train_time:25806ms step_avg:47.26ms
step:547/1190 train_time:25854ms step_avg:47.27ms
step:548/1190 train_time:25910ms step_avg:47.28ms
step:549/1190 train_time:25958ms step_avg:47.28ms
step:550/1190 train_time:26015ms step_avg:47.30ms
step:551/1190 train_time:26063ms step_avg:47.30ms
step:552/1190 train_time:26120ms step_avg:47.32ms
step:553/1190 train_time:26168ms step_avg:47.32ms
step:554/1190 train_time:26227ms step_avg:47.34ms
step:555/1190 train_time:26272ms step_avg:47.34ms
step:556/1190 train_time:26330ms step_avg:47.36ms
step:557/1190 train_time:26377ms step_avg:47.36ms
step:558/1190 train_time:26435ms step_avg:47.37ms
step:559/1190 train_time:26482ms step_avg:47.37ms
step:560/1190 train_time:26541ms step_avg:47.39ms
step:561/1190 train_time:26587ms step_avg:47.39ms
step:562/1190 train_time:26645ms step_avg:47.41ms
step:563/1190 train_time:26692ms step_avg:47.41ms
step:564/1190 train_time:26749ms step_avg:47.43ms
step:565/1190 train_time:26796ms step_avg:47.43ms
step:566/1190 train_time:26853ms step_avg:47.44ms
step:567/1190 train_time:26901ms step_avg:47.44ms
step:568/1190 train_time:26958ms step_avg:47.46ms
step:569/1190 train_time:27006ms step_avg:47.46ms
step:570/1190 train_time:27063ms step_avg:47.48ms
step:571/1190 train_time:27111ms step_avg:47.48ms
step:572/1190 train_time:27169ms step_avg:47.50ms
step:573/1190 train_time:27216ms step_avg:47.50ms
step:574/1190 train_time:27272ms step_avg:47.51ms
step:575/1190 train_time:27320ms step_avg:47.51ms
step:576/1190 train_time:27377ms step_avg:47.53ms
step:577/1190 train_time:27425ms step_avg:47.53ms
step:578/1190 train_time:27483ms step_avg:47.55ms
step:579/1190 train_time:27530ms step_avg:47.55ms
step:580/1190 train_time:27588ms step_avg:47.57ms
step:581/1190 train_time:27635ms step_avg:47.56ms
step:582/1190 train_time:27692ms step_avg:47.58ms
step:583/1190 train_time:27740ms step_avg:47.58ms
step:584/1190 train_time:27797ms step_avg:47.60ms
step:585/1190 train_time:27845ms step_avg:47.60ms
step:586/1190 train_time:27902ms step_avg:47.61ms
step:587/1190 train_time:27950ms step_avg:47.61ms
step:588/1190 train_time:28007ms step_avg:47.63ms
step:589/1190 train_time:28055ms step_avg:47.63ms
step:590/1190 train_time:28111ms step_avg:47.65ms
step:591/1190 train_time:28159ms step_avg:47.65ms
step:592/1190 train_time:28217ms step_avg:47.66ms
step:593/1190 train_time:28263ms step_avg:47.66ms
step:594/1190 train_time:28320ms step_avg:47.68ms
step:595/1190 train_time:28368ms step_avg:47.68ms
step:596/1190 train_time:28426ms step_avg:47.69ms
step:597/1190 train_time:28473ms step_avg:47.69ms
step:598/1190 train_time:28530ms step_avg:47.71ms
step:599/1190 train_time:28578ms step_avg:47.71ms
step:600/1190 train_time:28635ms step_avg:47.73ms
step:601/1190 train_time:28683ms step_avg:47.72ms
step:602/1190 train_time:28741ms step_avg:47.74ms
step:603/1190 train_time:28787ms step_avg:47.74ms
step:604/1190 train_time:28844ms step_avg:47.76ms
step:605/1190 train_time:28892ms step_avg:47.76ms
step:606/1190 train_time:28950ms step_avg:47.77ms
step:607/1190 train_time:28996ms step_avg:47.77ms
step:608/1190 train_time:29054ms step_avg:47.79ms
step:609/1190 train_time:29100ms step_avg:47.78ms
step:610/1190 train_time:29158ms step_avg:47.80ms
step:611/1190 train_time:29206ms step_avg:47.80ms
step:612/1190 train_time:29263ms step_avg:47.81ms
step:613/1190 train_time:29310ms step_avg:47.81ms
step:614/1190 train_time:29367ms step_avg:47.83ms
step:615/1190 train_time:29415ms step_avg:47.83ms
step:616/1190 train_time:29472ms step_avg:47.84ms
step:617/1190 train_time:29519ms step_avg:47.84ms
step:618/1190 train_time:29576ms step_avg:47.86ms
step:619/1190 train_time:29624ms step_avg:47.86ms
step:620/1190 train_time:29682ms step_avg:47.87ms
step:621/1190 train_time:29729ms step_avg:47.87ms
step:622/1190 train_time:29788ms step_avg:47.89ms
step:623/1190 train_time:29835ms step_avg:47.89ms
step:624/1190 train_time:29893ms step_avg:47.91ms
step:625/1190 train_time:29939ms step_avg:47.90ms
step:626/1190 train_time:29996ms step_avg:47.92ms
step:627/1190 train_time:30044ms step_avg:47.92ms
step:628/1190 train_time:30105ms step_avg:47.94ms
step:629/1190 train_time:30149ms step_avg:47.93ms
step:630/1190 train_time:30207ms step_avg:47.95ms
step:631/1190 train_time:30253ms step_avg:47.95ms
step:632/1190 train_time:30310ms step_avg:47.96ms
step:633/1190 train_time:30358ms step_avg:47.96ms
step:634/1190 train_time:30415ms step_avg:47.97ms
step:635/1190 train_time:30462ms step_avg:47.97ms
step:636/1190 train_time:30519ms step_avg:47.99ms
step:637/1190 train_time:30567ms step_avg:47.99ms
step:638/1190 train_time:30624ms step_avg:48.00ms
step:639/1190 train_time:30672ms step_avg:48.00ms
step:640/1190 train_time:30730ms step_avg:48.02ms
step:641/1190 train_time:30777ms step_avg:48.01ms
step:642/1190 train_time:30834ms step_avg:48.03ms
step:643/1190 train_time:30881ms step_avg:48.03ms
step:644/1190 train_time:30939ms step_avg:48.04ms
step:645/1190 train_time:30987ms step_avg:48.04ms
step:646/1190 train_time:31045ms step_avg:48.06ms
step:647/1190 train_time:31092ms step_avg:48.06ms
step:648/1190 train_time:31149ms step_avg:48.07ms
step:649/1190 train_time:31196ms step_avg:48.07ms
step:650/1190 train_time:31254ms step_avg:48.08ms
step:651/1190 train_time:31301ms step_avg:48.08ms
step:652/1190 train_time:31358ms step_avg:48.09ms
step:653/1190 train_time:31405ms step_avg:48.09ms
step:654/1190 train_time:31503ms step_avg:48.17ms
step:655/1190 train_time:31558ms step_avg:48.18ms
step:656/1190 train_time:31616ms step_avg:48.20ms
step:657/1190 train_time:31667ms step_avg:48.20ms
step:658/1190 train_time:31724ms step_avg:48.21ms
step:659/1190 train_time:31770ms step_avg:48.21ms
step:660/1190 train_time:31828ms step_avg:48.22ms
step:661/1190 train_time:31874ms step_avg:48.22ms
step:662/1190 train_time:31931ms step_avg:48.23ms
step:663/1190 train_time:31978ms step_avg:48.23ms
step:664/1190 train_time:32035ms step_avg:48.25ms
step:665/1190 train_time:32082ms step_avg:48.24ms
step:666/1190 train_time:32139ms step_avg:48.26ms
step:667/1190 train_time:32187ms step_avg:48.26ms
step:668/1190 train_time:32245ms step_avg:48.27ms
step:669/1190 train_time:32291ms step_avg:48.27ms
step:670/1190 train_time:32349ms step_avg:48.28ms
step:671/1190 train_time:32396ms step_avg:48.28ms
step:672/1190 train_time:32452ms step_avg:48.29ms
step:673/1190 train_time:32500ms step_avg:48.29ms
step:674/1190 train_time:32558ms step_avg:48.31ms
step:675/1190 train_time:32606ms step_avg:48.30ms
step:676/1190 train_time:32664ms step_avg:48.32ms
step:677/1190 train_time:32710ms step_avg:48.32ms
step:678/1190 train_time:32768ms step_avg:48.33ms
step:679/1190 train_time:32815ms step_avg:48.33ms
step:680/1190 train_time:32872ms step_avg:48.34ms
step:681/1190 train_time:32919ms step_avg:48.34ms
step:682/1190 train_time:32976ms step_avg:48.35ms
step:683/1190 train_time:33024ms step_avg:48.35ms
step:684/1190 train_time:33080ms step_avg:48.36ms
step:685/1190 train_time:33128ms step_avg:48.36ms
step:686/1190 train_time:33185ms step_avg:48.37ms
step:687/1190 train_time:33232ms step_avg:48.37ms
step:688/1190 train_time:33290ms step_avg:48.39ms
step:689/1190 train_time:33336ms step_avg:48.38ms
step:690/1190 train_time:33393ms step_avg:48.40ms
step:691/1190 train_time:33441ms step_avg:48.39ms
step:692/1190 train_time:33498ms step_avg:48.41ms
step:693/1190 train_time:33546ms step_avg:48.41ms
step:694/1190 train_time:33603ms step_avg:48.42ms
step:695/1190 train_time:33651ms step_avg:48.42ms
step:696/1190 train_time:33709ms step_avg:48.43ms
step:697/1190 train_time:33755ms step_avg:48.43ms
step:698/1190 train_time:33812ms step_avg:48.44ms
step:699/1190 train_time:33859ms step_avg:48.44ms
step:700/1190 train_time:33918ms step_avg:48.45ms
step:701/1190 train_time:33964ms step_avg:48.45ms
step:702/1190 train_time:34021ms step_avg:48.46ms
step:703/1190 train_time:34069ms step_avg:48.46ms
step:704/1190 train_time:34126ms step_avg:48.47ms
step:705/1190 train_time:34174ms step_avg:48.47ms
step:706/1190 train_time:34230ms step_avg:48.49ms
step:707/1190 train_time:34279ms step_avg:48.49ms
step:708/1190 train_time:34336ms step_avg:48.50ms
step:709/1190 train_time:34409ms step_avg:48.53ms
step:710/1190 train_time:34489ms step_avg:48.58ms
step:711/1190 train_time:34559ms step_avg:48.61ms
step:712/1190 train_time:34639ms step_avg:48.65ms
step:713/1190 train_time:34710ms step_avg:48.68ms
step:714/1190 train_time:34789ms step_avg:48.72ms
step:715/1190 train_time:34859ms step_avg:48.75ms
step:716/1190 train_time:34939ms step_avg:48.80ms
step:717/1190 train_time:35010ms step_avg:48.83ms
step:718/1190 train_time:35089ms step_avg:48.87ms
step:719/1190 train_time:35160ms step_avg:48.90ms
step:720/1190 train_time:35239ms step_avg:48.94ms
step:721/1190 train_time:35311ms step_avg:48.97ms
step:722/1190 train_time:35390ms step_avg:49.02ms
step:723/1190 train_time:35461ms step_avg:49.05ms
step:724/1190 train_time:35542ms step_avg:49.09ms
step:725/1190 train_time:35612ms step_avg:49.12ms
step:726/1190 train_time:35691ms step_avg:49.16ms
step:727/1190 train_time:35762ms step_avg:49.19ms
step:728/1190 train_time:35840ms step_avg:49.23ms
step:729/1190 train_time:35912ms step_avg:49.26ms
step:730/1190 train_time:35990ms step_avg:49.30ms
step:731/1190 train_time:36061ms step_avg:49.33ms
step:732/1190 train_time:36141ms step_avg:49.37ms
step:733/1190 train_time:36212ms step_avg:49.40ms
step:734/1190 train_time:36292ms step_avg:49.44ms
step:735/1190 train_time:36361ms step_avg:49.47ms
step:736/1190 train_time:36441ms step_avg:49.51ms
step:737/1190 train_time:36512ms step_avg:49.54ms
step:738/1190 train_time:36591ms step_avg:49.58ms
step:739/1190 train_time:36661ms step_avg:49.61ms
step:740/1190 train_time:36741ms step_avg:49.65ms
step:741/1190 train_time:36812ms step_avg:49.68ms
step:742/1190 train_time:36891ms step_avg:49.72ms
step:743/1190 train_time:36962ms step_avg:49.75ms
step:744/1190 train_time:37042ms step_avg:49.79ms
step:745/1190 train_time:37112ms step_avg:49.81ms
step:746/1190 train_time:37191ms step_avg:49.85ms
step:747/1190 train_time:37261ms step_avg:49.88ms
step:748/1190 train_time:37341ms step_avg:49.92ms
step:749/1190 train_time:37412ms step_avg:49.95ms
step:750/1190 train_time:37490ms step_avg:49.99ms
step:750/1190 val_loss:3.50210333 train_time:37568ms step_avg:50.09ms
step:751/1190 train_time:37595ms step_avg:50.06ms
step:752/1190 train_time:37647ms step_avg:50.06ms
step:753/1190 train_time:37722ms step_avg:50.10ms
step:754/1190 train_time:37803ms step_avg:50.14ms
step:755/1190 train_time:37877ms step_avg:50.17ms
step:756/1190 train_time:37957ms step_avg:50.21ms
step:757/1190 train_time:38027ms step_avg:50.23ms
step:758/1190 train_time:38105ms step_avg:50.27ms
step:759/1190 train_time:38176ms step_avg:50.30ms
step:760/1190 train_time:38254ms step_avg:50.33ms
step:761/1190 train_time:38326ms step_avg:50.36ms
step:762/1190 train_time:38404ms step_avg:50.40ms
step:763/1190 train_time:38475ms step_avg:50.43ms
step:764/1190 train_time:38553ms step_avg:50.46ms
step:765/1190 train_time:38625ms step_avg:50.49ms
step:766/1190 train_time:38705ms step_avg:50.53ms
step:767/1190 train_time:38776ms step_avg:50.56ms
step:768/1190 train_time:38857ms step_avg:50.59ms
step:769/1190 train_time:38927ms step_avg:50.62ms
step:770/1190 train_time:39006ms step_avg:50.66ms
step:771/1190 train_time:39077ms step_avg:50.68ms
step:772/1190 train_time:39158ms step_avg:50.72ms
step:773/1190 train_time:39228ms step_avg:50.75ms
step:774/1190 train_time:39307ms step_avg:50.78ms
step:775/1190 train_time:39377ms step_avg:50.81ms
step:776/1190 train_time:39457ms step_avg:50.85ms
step:777/1190 train_time:39528ms step_avg:50.87ms
step:778/1190 train_time:39606ms step_avg:50.91ms
step:779/1190 train_time:39678ms step_avg:50.93ms
step:780/1190 train_time:39758ms step_avg:50.97ms
step:781/1190 train_time:39829ms step_avg:51.00ms
step:782/1190 train_time:39907ms step_avg:51.03ms
step:783/1190 train_time:39979ms step_avg:51.06ms
step:784/1190 train_time:40058ms step_avg:51.09ms
step:785/1190 train_time:40129ms step_avg:51.12ms
step:786/1190 train_time:40208ms step_avg:51.16ms
step:787/1190 train_time:40278ms step_avg:51.18ms
step:788/1190 train_time:40358ms step_avg:51.22ms
step:789/1190 train_time:40429ms step_avg:51.24ms
step:790/1190 train_time:40508ms step_avg:51.28ms
step:791/1190 train_time:40579ms step_avg:51.30ms
step:792/1190 train_time:40658ms step_avg:51.34ms
step:793/1190 train_time:40729ms step_avg:51.36ms
step:794/1190 train_time:40808ms step_avg:51.40ms
step:795/1190 train_time:40880ms step_avg:51.42ms
step:796/1190 train_time:40960ms step_avg:51.46ms
step:797/1190 train_time:41031ms step_avg:51.48ms
step:798/1190 train_time:41109ms step_avg:51.52ms
step:799/1190 train_time:41181ms step_avg:51.54ms
step:800/1190 train_time:41260ms step_avg:51.58ms
step:801/1190 train_time:41331ms step_avg:51.60ms
step:802/1190 train_time:41409ms step_avg:51.63ms
step:803/1190 train_time:41481ms step_avg:51.66ms
step:804/1190 train_time:41559ms step_avg:51.69ms
step:805/1190 train_time:41632ms step_avg:51.72ms
step:806/1190 train_time:41711ms step_avg:51.75ms
step:807/1190 train_time:41782ms step_avg:51.77ms
step:808/1190 train_time:41862ms step_avg:51.81ms
step:809/1190 train_time:41932ms step_avg:51.83ms
step:810/1190 train_time:42010ms step_avg:51.86ms
step:811/1190 train_time:42081ms step_avg:51.89ms
step:812/1190 train_time:42161ms step_avg:51.92ms
step:813/1190 train_time:42232ms step_avg:51.95ms
step:814/1190 train_time:42311ms step_avg:51.98ms
step:815/1190 train_time:42382ms step_avg:52.00ms
step:816/1190 train_time:42465ms step_avg:52.04ms
step:817/1190 train_time:42532ms step_avg:52.06ms
step:818/1190 train_time:42612ms step_avg:52.09ms
step:819/1190 train_time:42682ms step_avg:52.12ms
step:820/1190 train_time:42762ms step_avg:52.15ms
step:821/1190 train_time:42833ms step_avg:52.17ms
step:822/1190 train_time:42913ms step_avg:52.21ms
step:823/1190 train_time:42983ms step_avg:52.23ms
step:824/1190 train_time:43063ms step_avg:52.26ms
step:825/1190 train_time:43135ms step_avg:52.28ms
step:826/1190 train_time:43214ms step_avg:52.32ms
step:827/1190 train_time:43285ms step_avg:52.34ms
step:828/1190 train_time:43365ms step_avg:52.37ms
step:829/1190 train_time:43435ms step_avg:52.39ms
step:830/1190 train_time:43514ms step_avg:52.43ms
step:831/1190 train_time:43585ms step_avg:52.45ms
step:832/1190 train_time:43663ms step_avg:52.48ms
step:833/1190 train_time:43734ms step_avg:52.50ms
step:834/1190 train_time:43814ms step_avg:52.53ms
step:835/1190 train_time:43885ms step_avg:52.56ms
step:836/1190 train_time:43964ms step_avg:52.59ms
step:837/1190 train_time:44034ms step_avg:52.61ms
step:838/1190 train_time:44114ms step_avg:52.64ms
step:839/1190 train_time:44185ms step_avg:52.66ms
step:840/1190 train_time:44264ms step_avg:52.70ms
step:841/1190 train_time:44335ms step_avg:52.72ms
step:842/1190 train_time:44415ms step_avg:52.75ms
step:843/1190 train_time:44485ms step_avg:52.77ms
step:844/1190 train_time:44564ms step_avg:52.80ms
step:845/1190 train_time:44635ms step_avg:52.82ms
step:846/1190 train_time:44714ms step_avg:52.85ms
step:847/1190 train_time:44785ms step_avg:52.87ms
step:848/1190 train_time:44864ms step_avg:52.91ms
step:849/1190 train_time:44935ms step_avg:52.93ms
step:850/1190 train_time:45015ms step_avg:52.96ms
step:851/1190 train_time:45085ms step_avg:52.98ms
step:852/1190 train_time:45164ms step_avg:53.01ms
step:853/1190 train_time:45235ms step_avg:53.03ms
step:854/1190 train_time:45314ms step_avg:53.06ms
step:855/1190 train_time:45385ms step_avg:53.08ms
step:856/1190 train_time:45464ms step_avg:53.11ms
step:857/1190 train_time:45535ms step_avg:53.13ms
step:858/1190 train_time:45614ms step_avg:53.16ms
step:859/1190 train_time:45686ms step_avg:53.18ms
step:860/1190 train_time:45765ms step_avg:53.21ms
step:861/1190 train_time:45836ms step_avg:53.24ms
step:862/1190 train_time:45915ms step_avg:53.27ms
step:863/1190 train_time:45986ms step_avg:53.29ms
step:864/1190 train_time:46065ms step_avg:53.32ms
step:865/1190 train_time:46136ms step_avg:53.34ms
step:866/1190 train_time:46216ms step_avg:53.37ms
step:867/1190 train_time:46286ms step_avg:53.39ms
step:868/1190 train_time:46365ms step_avg:53.42ms
step:869/1190 train_time:46435ms step_avg:53.44ms
step:870/1190 train_time:46515ms step_avg:53.46ms
step:871/1190 train_time:46586ms step_avg:53.49ms
step:872/1190 train_time:46664ms step_avg:53.51ms
step:873/1190 train_time:46736ms step_avg:53.53ms
step:874/1190 train_time:46814ms step_avg:53.56ms
step:875/1190 train_time:46886ms step_avg:53.58ms
step:876/1190 train_time:46965ms step_avg:53.61ms
step:877/1190 train_time:47036ms step_avg:53.63ms
step:878/1190 train_time:47115ms step_avg:53.66ms
step:879/1190 train_time:47187ms step_avg:53.68ms
step:880/1190 train_time:47266ms step_avg:53.71ms
step:881/1190 train_time:47336ms step_avg:53.73ms
step:882/1190 train_time:47415ms step_avg:53.76ms
step:883/1190 train_time:47486ms step_avg:53.78ms
step:884/1190 train_time:47566ms step_avg:53.81ms
step:885/1190 train_time:47636ms step_avg:53.83ms
step:886/1190 train_time:47716ms step_avg:53.86ms
step:887/1190 train_time:47810ms step_avg:53.90ms
step:888/1190 train_time:47867ms step_avg:53.90ms
step:889/1190 train_time:47936ms step_avg:53.92ms
step:890/1190 train_time:48015ms step_avg:53.95ms
step:891/1190 train_time:48086ms step_avg:53.97ms
step:892/1190 train_time:48167ms step_avg:54.00ms
step:893/1190 train_time:48236ms step_avg:54.02ms
step:894/1190 train_time:48315ms step_avg:54.04ms
step:895/1190 train_time:48386ms step_avg:54.06ms
step:896/1190 train_time:48467ms step_avg:54.09ms
step:897/1190 train_time:48536ms step_avg:54.11ms
step:898/1190 train_time:48616ms step_avg:54.14ms
step:899/1190 train_time:48685ms step_avg:54.15ms
step:900/1190 train_time:48766ms step_avg:54.18ms
step:901/1190 train_time:48835ms step_avg:54.20ms
step:902/1190 train_time:48915ms step_avg:54.23ms
step:903/1190 train_time:48986ms step_avg:54.25ms
step:904/1190 train_time:49065ms step_avg:54.28ms
step:905/1190 train_time:49136ms step_avg:54.29ms
step:906/1190 train_time:49215ms step_avg:54.32ms
step:907/1190 train_time:49286ms step_avg:54.34ms
step:908/1190 train_time:49365ms step_avg:54.37ms
step:909/1190 train_time:49436ms step_avg:54.38ms
step:910/1190 train_time:49515ms step_avg:54.41ms
step:911/1190 train_time:49586ms step_avg:54.43ms
step:912/1190 train_time:49664ms step_avg:54.46ms
step:913/1190 train_time:49736ms step_avg:54.48ms
step:914/1190 train_time:49815ms step_avg:54.50ms
step:915/1190 train_time:49886ms step_avg:54.52ms
step:916/1190 train_time:49965ms step_avg:54.55ms
step:917/1190 train_time:50037ms step_avg:54.57ms
step:918/1190 train_time:50115ms step_avg:54.59ms
step:919/1190 train_time:50187ms step_avg:54.61ms
step:920/1190 train_time:50266ms step_avg:54.64ms
step:921/1190 train_time:50336ms step_avg:54.65ms
step:922/1190 train_time:50415ms step_avg:54.68ms
step:923/1190 train_time:50487ms step_avg:54.70ms
step:924/1190 train_time:50566ms step_avg:54.73ms
step:925/1190 train_time:50637ms step_avg:54.74ms
step:926/1190 train_time:50718ms step_avg:54.77ms
step:927/1190 train_time:50787ms step_avg:54.79ms
step:928/1190 train_time:50868ms step_avg:54.81ms
step:929/1190 train_time:50937ms step_avg:54.83ms
step:930/1190 train_time:51016ms step_avg:54.86ms
step:931/1190 train_time:51087ms step_avg:54.87ms
step:932/1190 train_time:51167ms step_avg:54.90ms
step:933/1190 train_time:51238ms step_avg:54.92ms
step:934/1190 train_time:51317ms step_avg:54.94ms
step:935/1190 train_time:51387ms step_avg:54.96ms
step:936/1190 train_time:51467ms step_avg:54.99ms
step:937/1190 train_time:51537ms step_avg:55.00ms
step:938/1190 train_time:51616ms step_avg:55.03ms
step:939/1190 train_time:51687ms step_avg:55.05ms
step:940/1190 train_time:51767ms step_avg:55.07ms
step:941/1190 train_time:51838ms step_avg:55.09ms
step:942/1190 train_time:51917ms step_avg:55.11ms
step:943/1190 train_time:51988ms step_avg:55.13ms
step:944/1190 train_time:52067ms step_avg:55.16ms
step:945/1190 train_time:52137ms step_avg:55.17ms
step:946/1190 train_time:52217ms step_avg:55.20ms
step:947/1190 train_time:52287ms step_avg:55.21ms
step:948/1190 train_time:52367ms step_avg:55.24ms
step:949/1190 train_time:52437ms step_avg:55.25ms
step:950/1190 train_time:52517ms step_avg:55.28ms
step:951/1190 train_time:52587ms step_avg:55.30ms
step:952/1190 train_time:52666ms step_avg:55.32ms
step:953/1190 train_time:52737ms step_avg:55.34ms
step:954/1190 train_time:52815ms step_avg:55.36ms
step:955/1190 train_time:52887ms step_avg:55.38ms
step:956/1190 train_time:52967ms step_avg:55.40ms
step:957/1190 train_time:53037ms step_avg:55.42ms
step:958/1190 train_time:53117ms step_avg:55.45ms
step:959/1190 train_time:53187ms step_avg:55.46ms
step:960/1190 train_time:53266ms step_avg:55.49ms
step:961/1190 train_time:53338ms step_avg:55.50ms
step:962/1190 train_time:53417ms step_avg:55.53ms
step:963/1190 train_time:53489ms step_avg:55.54ms
step:964/1190 train_time:53567ms step_avg:55.57ms
step:965/1190 train_time:53639ms step_avg:55.58ms
step:966/1190 train_time:53720ms step_avg:55.61ms
step:967/1190 train_time:53791ms step_avg:55.63ms
step:968/1190 train_time:53869ms step_avg:55.65ms
step:969/1190 train_time:53940ms step_avg:55.67ms
step:970/1190 train_time:54019ms step_avg:55.69ms
step:971/1190 train_time:54091ms step_avg:55.71ms
step:972/1190 train_time:54171ms step_avg:55.73ms
step:973/1190 train_time:54241ms step_avg:55.75ms
step:974/1190 train_time:54320ms step_avg:55.77ms
step:975/1190 train_time:54390ms step_avg:55.78ms
step:976/1190 train_time:54470ms step_avg:55.81ms
step:977/1190 train_time:54540ms step_avg:55.82ms
step:978/1190 train_time:54619ms step_avg:55.85ms
step:979/1190 train_time:54691ms step_avg:55.86ms
step:980/1190 train_time:54771ms step_avg:55.89ms
step:981/1190 train_time:54841ms step_avg:55.90ms
step:982/1190 train_time:54921ms step_avg:55.93ms
step:983/1190 train_time:54991ms step_avg:55.94ms
step:984/1190 train_time:55071ms step_avg:55.97ms
step:985/1190 train_time:55141ms step_avg:55.98ms
step:986/1190 train_time:55221ms step_avg:56.01ms
step:987/1190 train_time:55291ms step_avg:56.02ms
step:988/1190 train_time:55371ms step_avg:56.04ms
step:989/1190 train_time:55442ms step_avg:56.06ms
step:990/1190 train_time:55521ms step_avg:56.08ms
step:991/1190 train_time:55592ms step_avg:56.10ms
step:992/1190 train_time:55671ms step_avg:56.12ms
step:993/1190 train_time:55743ms step_avg:56.14ms
step:994/1190 train_time:55821ms step_avg:56.16ms
step:995/1190 train_time:55893ms step_avg:56.17ms
step:996/1190 train_time:55972ms step_avg:56.20ms
step:997/1190 train_time:56043ms step_avg:56.21ms
step:998/1190 train_time:56122ms step_avg:56.23ms
step:999/1190 train_time:56195ms step_avg:56.25ms
step:1000/1190 train_time:56273ms step_avg:56.27ms
step:1000/1190 val_loss:3.34786153 train_time:56349ms step_avg:56.35ms
step:1001/1190 train_time:56378ms step_avg:56.32ms
step:1002/1190 train_time:56428ms step_avg:56.32ms
step:1003/1190 train_time:56505ms step_avg:56.34ms
step:1004/1190 train_time:56588ms step_avg:56.36ms
step:1005/1190 train_time:56660ms step_avg:56.38ms
step:1006/1190 train_time:56739ms step_avg:56.40ms
step:1007/1190 train_time:56809ms step_avg:56.41ms
step:1008/1190 train_time:56888ms step_avg:56.44ms
step:1009/1190 train_time:56958ms step_avg:56.45ms
step:1010/1190 train_time:57037ms step_avg:56.47ms
step:1011/1190 train_time:57108ms step_avg:56.49ms
step:1012/1190 train_time:57188ms step_avg:56.51ms
step:1013/1190 train_time:57258ms step_avg:56.52ms
step:1014/1190 train_time:57337ms step_avg:56.55ms
step:1015/1190 train_time:57409ms step_avg:56.56ms
step:1016/1190 train_time:57490ms step_avg:56.58ms
step:1017/1190 train_time:57562ms step_avg:56.60ms
step:1018/1190 train_time:57643ms step_avg:56.62ms
step:1019/1190 train_time:57713ms step_avg:56.64ms
step:1020/1190 train_time:57792ms step_avg:56.66ms
step:1021/1190 train_time:57863ms step_avg:56.67ms
step:1022/1190 train_time:57941ms step_avg:56.69ms
step:1023/1190 train_time:58013ms step_avg:56.71ms
step:1024/1190 train_time:58092ms step_avg:56.73ms
step:1025/1190 train_time:58162ms step_avg:56.74ms
step:1026/1190 train_time:58241ms step_avg:56.76ms
step:1027/1190 train_time:58311ms step_avg:56.78ms
step:1028/1190 train_time:58391ms step_avg:56.80ms
step:1029/1190 train_time:58462ms step_avg:56.81ms
step:1030/1190 train_time:58542ms step_avg:56.84ms
step:1031/1190 train_time:58612ms step_avg:56.85ms
step:1032/1190 train_time:58691ms step_avg:56.87ms
step:1033/1190 train_time:58762ms step_avg:56.88ms
step:1034/1190 train_time:58841ms step_avg:56.91ms
step:1035/1190 train_time:58912ms step_avg:56.92ms
step:1036/1190 train_time:58990ms step_avg:56.94ms
step:1037/1190 train_time:59062ms step_avg:56.95ms
step:1038/1190 train_time:59141ms step_avg:56.98ms
step:1039/1190 train_time:59211ms step_avg:56.99ms
step:1040/1190 train_time:59290ms step_avg:57.01ms
step:1041/1190 train_time:59361ms step_avg:57.02ms
step:1042/1190 train_time:59441ms step_avg:57.04ms
step:1043/1190 train_time:59511ms step_avg:57.06ms
step:1044/1190 train_time:59590ms step_avg:57.08ms
step:1045/1190 train_time:59661ms step_avg:57.09ms
step:1046/1190 train_time:59742ms step_avg:57.11ms
step:1047/1190 train_time:59812ms step_avg:57.13ms
step:1048/1190 train_time:59890ms step_avg:57.15ms
step:1049/1190 train_time:59962ms step_avg:57.16ms
step:1050/1190 train_time:60040ms step_avg:57.18ms
step:1051/1190 train_time:60111ms step_avg:57.19ms
step:1052/1190 train_time:60191ms step_avg:57.22ms
step:1053/1190 train_time:60261ms step_avg:57.23ms
step:1054/1190 train_time:60342ms step_avg:57.25ms
step:1055/1190 train_time:60412ms step_avg:57.26ms
step:1056/1190 train_time:60491ms step_avg:57.28ms
step:1057/1190 train_time:60562ms step_avg:57.30ms
step:1058/1190 train_time:60642ms step_avg:57.32ms
step:1059/1190 train_time:60712ms step_avg:57.33ms
step:1060/1190 train_time:60793ms step_avg:57.35ms
step:1061/1190 train_time:60862ms step_avg:57.36ms
step:1062/1190 train_time:60942ms step_avg:57.38ms
step:1063/1190 train_time:61013ms step_avg:57.40ms
step:1064/1190 train_time:61092ms step_avg:57.42ms
step:1065/1190 train_time:61162ms step_avg:57.43ms
step:1066/1190 train_time:61242ms step_avg:57.45ms
step:1067/1190 train_time:61312ms step_avg:57.46ms
step:1068/1190 train_time:61391ms step_avg:57.48ms
step:1069/1190 train_time:61462ms step_avg:57.49ms
step:1070/1190 train_time:61540ms step_avg:57.51ms
step:1071/1190 train_time:61612ms step_avg:57.53ms
step:1072/1190 train_time:61690ms step_avg:57.55ms
step:1073/1190 train_time:61761ms step_avg:57.56ms
step:1074/1190 train_time:61840ms step_avg:57.58ms
step:1075/1190 train_time:61911ms step_avg:57.59ms
step:1076/1190 train_time:61991ms step_avg:57.61ms
step:1077/1190 train_time:62061ms step_avg:57.62ms
step:1078/1190 train_time:62140ms step_avg:57.64ms
step:1079/1190 train_time:62210ms step_avg:57.66ms
step:1080/1190 train_time:62290ms step_avg:57.68ms
step:1081/1190 train_time:62359ms step_avg:57.69ms
step:1082/1190 train_time:62440ms step_avg:57.71ms
step:1083/1190 train_time:62510ms step_avg:57.72ms
step:1084/1190 train_time:62589ms step_avg:57.74ms
step:1085/1190 train_time:62660ms step_avg:57.75ms
step:1086/1190 train_time:62739ms step_avg:57.77ms
step:1087/1190 train_time:62810ms step_avg:57.78ms
step:1088/1190 train_time:62890ms step_avg:57.80ms
step:1089/1190 train_time:62960ms step_avg:57.81ms
step:1090/1190 train_time:63040ms step_avg:57.83ms
step:1091/1190 train_time:63110ms step_avg:57.85ms
step:1092/1190 train_time:63190ms step_avg:57.87ms
step:1093/1190 train_time:63261ms step_avg:57.88ms
step:1094/1190 train_time:63341ms step_avg:57.90ms
step:1095/1190 train_time:63412ms step_avg:57.91ms
step:1096/1190 train_time:63491ms step_avg:57.93ms
step:1097/1190 train_time:63562ms step_avg:57.94ms
step:1098/1190 train_time:63728ms step_avg:58.04ms
step:1099/1190 train_time:63759ms step_avg:58.02ms
step:1100/1190 train_time:63831ms step_avg:58.03ms
step:1101/1190 train_time:63891ms step_avg:58.03ms
step:1102/1190 train_time:63971ms step_avg:58.05ms
step:1103/1190 train_time:64040ms step_avg:58.06ms
step:1104/1190 train_time:64119ms step_avg:58.08ms
step:1105/1190 train_time:64189ms step_avg:58.09ms
step:1106/1190 train_time:64268ms step_avg:58.11ms
step:1107/1190 train_time:64339ms step_avg:58.12ms
step:1108/1190 train_time:64418ms step_avg:58.14ms
step:1109/1190 train_time:64489ms step_avg:58.15ms
step:1110/1190 train_time:64567ms step_avg:58.17ms
step:1111/1190 train_time:64639ms step_avg:58.18ms
step:1112/1190 train_time:64720ms step_avg:58.20ms
step:1113/1190 train_time:64790ms step_avg:58.21ms
step:1114/1190 train_time:64870ms step_avg:58.23ms
step:1115/1190 train_time:64941ms step_avg:58.24ms
step:1116/1190 train_time:65020ms step_avg:58.26ms
step:1117/1190 train_time:65091ms step_avg:58.27ms
step:1118/1190 train_time:65171ms step_avg:58.29ms
step:1119/1190 train_time:65241ms step_avg:58.30ms
step:1120/1190 train_time:65321ms step_avg:58.32ms
step:1121/1190 train_time:65391ms step_avg:58.33ms
step:1122/1190 train_time:65470ms step_avg:58.35ms
step:1123/1190 train_time:65541ms step_avg:58.36ms
step:1124/1190 train_time:65619ms step_avg:58.38ms
step:1125/1190 train_time:65690ms step_avg:58.39ms
step:1126/1190 train_time:65780ms step_avg:58.42ms
step:1127/1190 train_time:65841ms step_avg:58.42ms
step:1128/1190 train_time:65925ms step_avg:58.44ms
step:1129/1190 train_time:65992ms step_avg:58.45ms
step:1130/1190 train_time:66073ms step_avg:58.47ms
step:1131/1190 train_time:66145ms step_avg:58.48ms
step:1132/1190 train_time:66228ms step_avg:58.51ms
step:1133/1190 train_time:66299ms step_avg:58.52ms
step:1134/1190 train_time:66378ms step_avg:58.53ms
step:1135/1190 train_time:66448ms step_avg:58.54ms
step:1136/1190 train_time:66528ms step_avg:58.56ms
step:1137/1190 train_time:66599ms step_avg:58.57ms
step:1138/1190 train_time:66679ms step_avg:58.59ms
step:1139/1190 train_time:66750ms step_avg:58.60ms
step:1140/1190 train_time:66830ms step_avg:58.62ms
step:1141/1190 train_time:66901ms step_avg:58.63ms
step:1142/1190 train_time:66983ms step_avg:58.65ms
step:1143/1190 train_time:67052ms step_avg:58.66ms
step:1144/1190 train_time:67132ms step_avg:58.68ms
step:1145/1190 train_time:67203ms step_avg:58.69ms
step:1146/1190 train_time:67284ms step_avg:58.71ms
step:1147/1190 train_time:67355ms step_avg:58.72ms
step:1148/1190 train_time:67434ms step_avg:58.74ms
step:1149/1190 train_time:67505ms step_avg:58.75ms
step:1150/1190 train_time:67586ms step_avg:58.77ms
step:1151/1190 train_time:67657ms step_avg:58.78ms
step:1152/1190 train_time:67736ms step_avg:58.80ms
step:1153/1190 train_time:67807ms step_avg:58.81ms
step:1154/1190 train_time:67890ms step_avg:58.83ms
step:1155/1190 train_time:67958ms step_avg:58.84ms
step:1156/1190 train_time:68038ms step_avg:58.86ms
step:1157/1190 train_time:68110ms step_avg:58.87ms
step:1158/1190 train_time:68189ms step_avg:58.89ms
step:1159/1190 train_time:68260ms step_avg:58.90ms
step:1160/1190 train_time:68340ms step_avg:58.91ms
step:1161/1190 train_time:68411ms step_avg:58.92ms
step:1162/1190 train_time:68490ms step_avg:58.94ms
step:1163/1190 train_time:68561ms step_avg:58.95ms
step:1164/1190 train_time:68642ms step_avg:58.97ms
step:1165/1190 train_time:68712ms step_avg:58.98ms
step:1166/1190 train_time:68793ms step_avg:59.00ms
step:1167/1190 train_time:68863ms step_avg:59.01ms
step:1168/1190 train_time:68943ms step_avg:59.03ms
step:1169/1190 train_time:69014ms step_avg:59.04ms
step:1170/1190 train_time:69094ms step_avg:59.06ms
step:1171/1190 train_time:69165ms step_avg:59.06ms
step:1172/1190 train_time:69247ms step_avg:59.08ms
step:1173/1190 train_time:69316ms step_avg:59.09ms
step:1174/1190 train_time:69395ms step_avg:59.11ms
step:1175/1190 train_time:69466ms step_avg:59.12ms
step:1176/1190 train_time:69547ms step_avg:59.14ms
step:1177/1190 train_time:69618ms step_avg:59.15ms
step:1178/1190 train_time:69697ms step_avg:59.17ms
step:1179/1190 train_time:69769ms step_avg:59.18ms
step:1180/1190 train_time:69849ms step_avg:59.19ms
step:1181/1190 train_time:69920ms step_avg:59.20ms
step:1182/1190 train_time:70000ms step_avg:59.22ms
step:1183/1190 train_time:70071ms step_avg:59.23ms
step:1184/1190 train_time:70150ms step_avg:59.25ms
step:1185/1190 train_time:70222ms step_avg:59.26ms
step:1186/1190 train_time:70302ms step_avg:59.28ms
step:1187/1190 train_time:70373ms step_avg:59.29ms
step:1188/1190 train_time:70453ms step_avg:59.30ms
step:1189/1190 train_time:70524ms step_avg:59.31ms
step:1190/1190 train_time:70603ms step_avg:59.33ms
step:1190/1190 val_loss:3.27543712 train_time:70680ms step_avg:59.39ms
peak memory allocated: 31988 MiB reserved: 42700 MiB
