HARNESS_TRAINING_ENV={"OMP_NUM_THREADS": "1", "MKL_NUM_THREADS": "1", "torch_num_threads": 1, "torch_num_interop_threads": 47}
[Gloo] Rank 0 is connected to 7 peer ranks. Expected number of connected peer ranks is : 7
[Gloo] Rank 1 is connected to 7 peer ranks. Expected number of connected peer ranks is : 7
[Gloo] Rank 2 is connected to 7 peer ranks. Expected number of connected peer ranks is : 7
[Gloo] Rank 3 is connected to 7 peer ranks. Expected number of connected peer ranks is : 7
[Gloo] Rank 7 is connected to 7 peer ranks. Expected number of connected peer ranks is : [Gloo] Rank 7
4 is connected to 7 peer ranks. Expected number of connected peer ranks is : 7
[Gloo] Rank 6 is connected to 7 peer ranks. [Gloo] Rank Expected number of connected peer ranks is : 57
 is connected to 7 peer ranks. Expected number of connected peer ranks is : 7
/workspace/train_gpt.py:1084: UserWarning: Skipping publisher trust check for 'kernels-community/flash-attn3' because Hugging Face Hub is in offline mode.
  flash_attn_interface = get_kernel('kernels-community/flash-attn3', version=1).flash_attn_interface
/workspace/train_gpt.py:1084: UserWarning: Skipping publisher trust check for 'kernels-community/flash-attn3' because Hugging Face Hub is in offline mode.
  flash_attn_interface = get_kernel('kernels-community/flash-attn3', version=1).flash_attn_interface
/workspace/train_gpt.py:1084: UserWarning: Skipping publisher trust check for 'kernels-community/flash-attn3' because Hugging Face Hub is in offline mode.
  flash_attn_interface = get_kernel('kernels-community/flash-attn3', version=1).flash_attn_interface
/workspace/train_gpt.py:1084: UserWarning: Skipping publisher trust check for 'kernels-community/flash-attn3' because Hugging Face Hub is in offline mode.
  flash_attn_interface = get_kernel('kernels-community/flash-attn3', version=1).flash_attn_interface
/workspace/train_gpt.py:1084: UserWarning: Skipping publisher trust check for 'kernels-community/flash-attn3' because Hugging Face Hub is in offline mode.
  flash_attn_interface = get_kernel('kernels-community/flash-attn3', version=1).flash_attn_interface
/workspace/train_gpt.py:1084: UserWarning: Skipping publisher trust check for 'kernels-community/flash-attn3' because Hugging Face Hub is in offline mode.
  flash_attn_interface = get_kernel('kernels-community/flash-attn3', version=1).flash_attn_interface
/workspace/train_gpt.py:1084: UserWarning: Skipping publisher trust check for 'kernels-community/flash-attn3' because Hugging Face Hub is in offline mode.
  flash_attn_interface = get_kernel('kernels-community/flash-attn3', version=1).flash_attn_interface
/workspace/train_gpt.py:1084: UserWarning: Skipping publisher trust check for 'kernels-community/flash-attn3' because Hugging Face Hub is in offline mode.
  flash_attn_interface = get_kernel('kernels-community/flash-attn3', version=1).flash_attn_interface
logs/10202ab2-db14-4dad-9a01-ecae52caedf1.txt
Compiling model and warming up kernels (~7 minutes on first execution)
Sampling steps [0, 1, 281, 282, 283, 284, 705, 706, 707, 708, 1128, 1129, 1130, 1131] for warmup
Resetting Model
step:0/1190 val_loss:10.82982254 train_time:59ms step_avg:59.41ms
step:1/1190 train_time:309ms step_avg:309.10ms
step:2/1190 train_time:427ms step_avg:213.64ms
step:3/1190 train_time:460ms step_avg:153.45ms
step:4/1190 train_time:498ms step_avg:124.56ms
step:5/1190 train_time:530ms step_avg:106.02ms
step:6/1190 train_time:565ms step_avg:94.09ms
step:7/1190 train_time:594ms step_avg:84.83ms
step:8/1190 train_time:639ms step_avg:79.90ms
step:9/1190 train_time:674ms step_avg:74.94ms
step:10/1190 train_time:720ms step_avg:72.00ms
step:11/1190 train_time:755ms step_avg:68.66ms
step:12/1190 train_time:802ms step_avg:66.86ms
step:13/1190 train_time:837ms step_avg:64.35ms
step:14/1190 train_time:883ms step_avg:63.07ms
step:15/1190 train_time:918ms step_avg:61.21ms
step:16/1190 train_time:964ms step_avg:60.26ms
step:17/1190 train_time:1000ms step_avg:58.83ms
step:18/1190 train_time:1046ms step_avg:58.13ms
step:19/1190 train_time:1082ms step_avg:56.93ms
step:20/1190 train_time:1127ms step_avg:56.37ms
step:21/1190 train_time:1164ms step_avg:55.41ms
step:22/1190 train_time:1211ms step_avg:55.03ms
step:23/1190 train_time:1245ms step_avg:54.15ms
step:24/1190 train_time:1292ms step_avg:53.85ms
step:25/1190 train_time:1328ms step_avg:53.12ms
step:26/1190 train_time:1374ms step_avg:52.83ms
step:27/1190 train_time:1409ms step_avg:52.19ms
step:28/1190 train_time:1456ms step_avg:52.00ms
step:29/1190 train_time:1491ms step_avg:51.40ms
step:30/1190 train_time:1537ms step_avg:51.22ms
step:31/1190 train_time:1572ms step_avg:50.71ms
step:32/1190 train_time:1618ms step_avg:50.56ms
step:33/1190 train_time:1654ms step_avg:50.11ms
step:34/1190 train_time:1700ms step_avg:50.01ms
step:35/1190 train_time:1735ms step_avg:49.58ms
step:36/1190 train_time:1781ms step_avg:49.47ms
step:37/1190 train_time:1817ms step_avg:49.11ms
step:38/1190 train_time:1862ms step_avg:49.01ms
step:39/1190 train_time:1898ms step_avg:48.68ms
step:40/1190 train_time:1944ms step_avg:48.61ms
step:41/1190 train_time:1980ms step_avg:48.30ms
step:42/1190 train_time:2027ms step_avg:48.26ms
step:43/1190 train_time:2062ms step_avg:47.96ms
step:44/1190 train_time:2108ms step_avg:47.91ms
step:45/1190 train_time:2144ms step_avg:47.64ms
step:46/1190 train_time:2191ms step_avg:47.62ms
step:47/1190 train_time:2226ms step_avg:47.35ms
step:48/1190 train_time:2272ms step_avg:47.33ms
step:49/1190 train_time:2307ms step_avg:47.09ms
step:50/1190 train_time:2355ms step_avg:47.09ms
step:51/1190 train_time:2389ms step_avg:46.84ms
step:52/1190 train_time:2435ms step_avg:46.83ms
step:53/1190 train_time:2471ms step_avg:46.61ms
step:54/1190 train_time:2516ms step_avg:46.60ms
step:55/1190 train_time:2552ms step_avg:46.40ms
step:56/1190 train_time:2598ms step_avg:46.40ms
step:57/1190 train_time:2635ms step_avg:46.22ms
step:58/1190 train_time:2680ms step_avg:46.21ms
step:59/1190 train_time:2716ms step_avg:46.03ms
step:60/1190 train_time:2762ms step_avg:46.03ms
step:61/1190 train_time:2797ms step_avg:45.86ms
step:62/1190 train_time:2844ms step_avg:45.87ms
step:63/1190 train_time:2879ms step_avg:45.71ms
step:64/1190 train_time:2926ms step_avg:45.71ms
step:65/1190 train_time:2961ms step_avg:45.56ms
step:66/1190 train_time:3007ms step_avg:45.57ms
step:67/1190 train_time:3043ms step_avg:45.42ms
step:68/1190 train_time:3090ms step_avg:45.44ms
step:69/1190 train_time:3125ms step_avg:45.29ms
step:70/1190 train_time:3171ms step_avg:45.30ms
step:71/1190 train_time:3207ms step_avg:45.16ms
step:72/1190 train_time:3253ms step_avg:45.18ms
step:73/1190 train_time:3289ms step_avg:45.05ms
step:74/1190 train_time:3335ms step_avg:45.06ms
step:75/1190 train_time:3370ms step_avg:44.93ms
step:76/1190 train_time:3416ms step_avg:44.95ms
step:77/1190 train_time:3451ms step_avg:44.82ms
step:78/1190 train_time:3497ms step_avg:44.84ms
step:79/1190 train_time:3533ms step_avg:44.72ms
step:80/1190 train_time:3578ms step_avg:44.73ms
step:81/1190 train_time:3615ms step_avg:44.62ms
step:82/1190 train_time:3661ms step_avg:44.65ms
step:83/1190 train_time:3696ms step_avg:44.53ms
step:84/1190 train_time:3742ms step_avg:44.54ms
step:85/1190 train_time:3778ms step_avg:44.45ms
step:86/1190 train_time:3824ms step_avg:44.47ms
step:87/1190 train_time:3860ms step_avg:44.36ms
step:88/1190 train_time:3907ms step_avg:44.39ms
step:89/1190 train_time:3942ms step_avg:44.29ms
step:90/1190 train_time:3987ms step_avg:44.30ms
step:91/1190 train_time:4023ms step_avg:44.21ms
step:92/1190 train_time:4069ms step_avg:44.23ms
step:93/1190 train_time:4105ms step_avg:44.14ms
step:94/1190 train_time:4152ms step_avg:44.17ms
step:95/1190 train_time:4187ms step_avg:44.07ms
step:96/1190 train_time:4233ms step_avg:44.09ms
step:97/1190 train_time:4269ms step_avg:44.01ms
step:98/1190 train_time:4315ms step_avg:44.03ms
step:99/1190 train_time:4351ms step_avg:43.95ms
step:100/1190 train_time:4396ms step_avg:43.96ms
step:101/1190 train_time:4432ms step_avg:43.88ms
step:102/1190 train_time:4478ms step_avg:43.90ms
step:103/1190 train_time:4513ms step_avg:43.81ms
step:104/1190 train_time:4559ms step_avg:43.84ms
step:105/1190 train_time:4594ms step_avg:43.76ms
step:106/1190 train_time:4640ms step_avg:43.78ms
step:107/1190 train_time:4676ms step_avg:43.70ms
step:108/1190 train_time:4722ms step_avg:43.72ms
step:109/1190 train_time:4759ms step_avg:43.66ms
step:110/1190 train_time:4804ms step_avg:43.68ms
step:111/1190 train_time:4841ms step_avg:43.61ms
step:112/1190 train_time:4887ms step_avg:43.63ms
step:113/1190 train_time:4922ms step_avg:43.56ms
step:114/1190 train_time:4968ms step_avg:43.58ms
step:115/1190 train_time:5004ms step_avg:43.51ms
step:116/1190 train_time:5050ms step_avg:43.54ms
step:117/1190 train_time:5085ms step_avg:43.46ms
step:118/1190 train_time:5132ms step_avg:43.49ms
step:119/1190 train_time:5167ms step_avg:43.42ms
step:120/1190 train_time:5213ms step_avg:43.44ms
step:121/1190 train_time:5249ms step_avg:43.38ms
step:122/1190 train_time:5294ms step_avg:43.40ms
step:123/1190 train_time:5330ms step_avg:43.33ms
step:124/1190 train_time:5376ms step_avg:43.35ms
step:125/1190 train_time:5411ms step_avg:43.29ms
step:126/1190 train_time:5458ms step_avg:43.32ms
step:127/1190 train_time:5493ms step_avg:43.25ms
step:128/1190 train_time:5540ms step_avg:43.28ms
step:129/1190 train_time:5575ms step_avg:43.21ms
step:130/1190 train_time:5620ms step_avg:43.23ms
step:131/1190 train_time:5657ms step_avg:43.18ms
step:132/1190 train_time:5703ms step_avg:43.20ms
step:133/1190 train_time:5738ms step_avg:43.14ms
step:134/1190 train_time:5784ms step_avg:43.16ms
step:135/1190 train_time:5820ms step_avg:43.11ms
step:136/1190 train_time:5866ms step_avg:43.13ms
step:137/1190 train_time:5901ms step_avg:43.07ms
step:138/1190 train_time:5948ms step_avg:43.10ms
step:139/1190 train_time:5983ms step_avg:43.04ms
step:140/1190 train_time:6028ms step_avg:43.06ms
step:141/1190 train_time:6065ms step_avg:43.02ms
step:142/1190 train_time:6111ms step_avg:43.03ms
step:143/1190 train_time:6147ms step_avg:42.98ms
step:144/1190 train_time:6193ms step_avg:43.01ms
step:145/1190 train_time:6228ms step_avg:42.95ms
step:146/1190 train_time:6276ms step_avg:42.98ms
step:147/1190 train_time:6310ms step_avg:42.93ms
step:148/1190 train_time:6357ms step_avg:42.95ms
step:149/1190 train_time:6392ms step_avg:42.90ms
step:150/1190 train_time:6438ms step_avg:42.92ms
step:151/1190 train_time:6473ms step_avg:42.87ms
step:152/1190 train_time:6519ms step_avg:42.89ms
step:153/1190 train_time:6555ms step_avg:42.84ms
step:154/1190 train_time:6600ms step_avg:42.86ms
step:155/1190 train_time:6637ms step_avg:42.82ms
step:156/1190 train_time:6682ms step_avg:42.84ms
step:157/1190 train_time:6718ms step_avg:42.79ms
step:158/1190 train_time:6764ms step_avg:42.81ms
step:159/1190 train_time:6799ms step_avg:42.76ms
step:160/1190 train_time:6846ms step_avg:42.78ms
step:161/1190 train_time:6881ms step_avg:42.74ms
step:162/1190 train_time:6927ms step_avg:42.76ms
step:163/1190 train_time:6963ms step_avg:42.72ms
step:164/1190 train_time:7009ms step_avg:42.74ms
step:165/1190 train_time:7045ms step_avg:42.69ms
step:166/1190 train_time:7091ms step_avg:42.71ms
step:167/1190 train_time:7126ms step_avg:42.67ms
step:168/1190 train_time:7173ms step_avg:42.69ms
step:169/1190 train_time:7208ms step_avg:42.65ms
step:170/1190 train_time:7255ms step_avg:42.67ms
step:171/1190 train_time:7289ms step_avg:42.63ms
step:172/1190 train_time:7335ms step_avg:42.65ms
step:173/1190 train_time:7371ms step_avg:42.61ms
step:174/1190 train_time:7417ms step_avg:42.63ms
step:175/1190 train_time:7453ms step_avg:42.59ms
step:176/1190 train_time:7498ms step_avg:42.60ms
step:177/1190 train_time:7534ms step_avg:42.56ms
step:178/1190 train_time:7580ms step_avg:42.58ms
step:179/1190 train_time:7616ms step_avg:42.55ms
step:180/1190 train_time:7661ms step_avg:42.56ms
step:181/1190 train_time:7697ms step_avg:42.52ms
step:182/1190 train_time:7743ms step_avg:42.54ms
step:183/1190 train_time:7779ms step_avg:42.51ms
step:184/1190 train_time:7824ms step_avg:42.52ms
step:185/1190 train_time:7860ms step_avg:42.49ms
step:186/1190 train_time:7906ms step_avg:42.51ms
step:187/1190 train_time:7942ms step_avg:42.47ms
step:188/1190 train_time:7988ms step_avg:42.49ms
step:189/1190 train_time:8024ms step_avg:42.45ms
step:190/1190 train_time:8070ms step_avg:42.47ms
step:191/1190 train_time:8106ms step_avg:42.44ms
step:192/1190 train_time:8152ms step_avg:42.46ms
step:193/1190 train_time:8188ms step_avg:42.43ms
step:194/1190 train_time:8234ms step_avg:42.44ms
step:195/1190 train_time:8269ms step_avg:42.41ms
step:196/1190 train_time:8315ms step_avg:42.42ms
step:197/1190 train_time:8351ms step_avg:42.39ms
step:198/1190 train_time:8397ms step_avg:42.41ms
step:199/1190 train_time:8432ms step_avg:42.37ms
step:200/1190 train_time:8478ms step_avg:42.39ms
step:201/1190 train_time:8513ms step_avg:42.35ms
step:202/1190 train_time:8560ms step_avg:42.38ms
step:203/1190 train_time:8595ms step_avg:42.34ms
step:204/1190 train_time:8643ms step_avg:42.37ms
step:205/1190 train_time:8677ms step_avg:42.32ms
step:206/1190 train_time:8722ms step_avg:42.34ms
step:207/1190 train_time:8759ms step_avg:42.31ms
step:208/1190 train_time:8804ms step_avg:42.33ms
step:209/1190 train_time:8840ms step_avg:42.30ms
step:210/1190 train_time:8886ms step_avg:42.32ms
step:211/1190 train_time:8922ms step_avg:42.28ms
step:212/1190 train_time:8968ms step_avg:42.30ms
step:213/1190 train_time:9004ms step_avg:42.27ms
step:214/1190 train_time:9049ms step_avg:42.29ms
step:215/1190 train_time:9085ms step_avg:42.26ms
step:216/1190 train_time:9132ms step_avg:42.28ms
step:217/1190 train_time:9167ms step_avg:42.24ms
step:218/1190 train_time:9212ms step_avg:42.26ms
step:219/1190 train_time:9248ms step_avg:42.23ms
step:220/1190 train_time:9294ms step_avg:42.25ms
step:221/1190 train_time:9330ms step_avg:42.22ms
step:222/1190 train_time:9376ms step_avg:42.23ms
step:223/1190 train_time:9412ms step_avg:42.20ms
step:224/1190 train_time:9458ms step_avg:42.22ms
step:225/1190 train_time:9493ms step_avg:42.19ms
step:226/1190 train_time:9538ms step_avg:42.20ms
step:227/1190 train_time:9574ms step_avg:42.18ms
step:228/1190 train_time:9620ms step_avg:42.19ms
step:229/1190 train_time:9656ms step_avg:42.17ms
step:230/1190 train_time:9701ms step_avg:42.18ms
step:231/1190 train_time:9738ms step_avg:42.15ms
step:232/1190 train_time:9784ms step_avg:42.17ms
step:233/1190 train_time:9819ms step_avg:42.14ms
step:234/1190 train_time:9865ms step_avg:42.16ms
step:235/1190 train_time:9901ms step_avg:42.13ms
step:236/1190 train_time:9947ms step_avg:42.15ms
step:237/1190 train_time:9983ms step_avg:42.12ms
step:238/1190 train_time:10029ms step_avg:42.14ms
step:239/1190 train_time:10065ms step_avg:42.11ms
step:240/1190 train_time:10111ms step_avg:42.13ms
step:241/1190 train_time:10147ms step_avg:42.10ms
step:242/1190 train_time:10193ms step_avg:42.12ms
step:243/1190 train_time:10228ms step_avg:42.09ms
step:244/1190 train_time:10275ms step_avg:42.11ms
step:245/1190 train_time:10310ms step_avg:42.08ms
step:246/1190 train_time:10356ms step_avg:42.10ms
step:247/1190 train_time:10391ms step_avg:42.07ms
step:248/1190 train_time:10437ms step_avg:42.08ms
step:249/1190 train_time:10472ms step_avg:42.06ms
step:250/1190 train_time:10519ms step_avg:42.08ms
step:250/1190 val_loss:4.36946630 train_time:10558ms step_avg:42.23ms
step:251/1190 train_time:10585ms step_avg:42.17ms
step:252/1190 train_time:10617ms step_avg:42.13ms
step:253/1190 train_time:10644ms step_avg:42.07ms
step:254/1190 train_time:10685ms step_avg:42.07ms
step:255/1190 train_time:10724ms step_avg:42.06ms
step:256/1190 train_time:10770ms step_avg:42.07ms
step:257/1190 train_time:10808ms step_avg:42.05ms
step:258/1190 train_time:10854ms step_avg:42.07ms
step:259/1190 train_time:10891ms step_avg:42.05ms
step:260/1190 train_time:10936ms step_avg:42.06ms
step:261/1190 train_time:10971ms step_avg:42.03ms
step:262/1190 train_time:11018ms step_avg:42.05ms
step:263/1190 train_time:11053ms step_avg:42.03ms
step:264/1190 train_time:11099ms step_avg:42.04ms
step:265/1190 train_time:11134ms step_avg:42.02ms
step:266/1190 train_time:11181ms step_avg:42.03ms
step:267/1190 train_time:11216ms step_avg:42.01ms
step:268/1190 train_time:11262ms step_avg:42.02ms
step:269/1190 train_time:11297ms step_avg:42.00ms
step:270/1190 train_time:11343ms step_avg:42.01ms
step:271/1190 train_time:11378ms step_avg:41.99ms
step:272/1190 train_time:11424ms step_avg:42.00ms
step:273/1190 train_time:11459ms step_avg:41.97ms
step:274/1190 train_time:11505ms step_avg:41.99ms
step:275/1190 train_time:11540ms step_avg:41.97ms
step:276/1190 train_time:11587ms step_avg:41.98ms
step:277/1190 train_time:11622ms step_avg:41.96ms
step:278/1190 train_time:11668ms step_avg:41.97ms
step:279/1190 train_time:11705ms step_avg:41.95ms
step:280/1190 train_time:11751ms step_avg:41.97ms
step:281/1190 train_time:11786ms step_avg:41.94ms
step:282/1190 train_time:11832ms step_avg:41.96ms
step:283/1190 train_time:11868ms step_avg:41.94ms
step:284/1190 train_time:11915ms step_avg:41.95ms
step:285/1190 train_time:11965ms step_avg:41.98ms
step:286/1190 train_time:12022ms step_avg:42.04ms
step:287/1190 train_time:12069ms step_avg:42.05ms
step:288/1190 train_time:12126ms step_avg:42.10ms
step:289/1190 train_time:12173ms step_avg:42.12ms
step:290/1190 train_time:12230ms step_avg:42.17ms
step:291/1190 train_time:12278ms step_avg:42.19ms
step:292/1190 train_time:12335ms step_avg:42.24ms
step:293/1190 train_time:12382ms step_avg:42.26ms
step:294/1190 train_time:12440ms step_avg:42.31ms
step:295/1190 train_time:12487ms step_avg:42.33ms
step:296/1190 train_time:12545ms step_avg:42.38ms
step:297/1190 train_time:12592ms step_avg:42.40ms
step:298/1190 train_time:12649ms step_avg:42.44ms
step:299/1190 train_time:12696ms step_avg:42.46ms
step:300/1190 train_time:12755ms step_avg:42.52ms
step:301/1190 train_time:12802ms step_avg:42.53ms
step:302/1190 train_time:12860ms step_avg:42.58ms
step:303/1190 train_time:12908ms step_avg:42.60ms
step:304/1190 train_time:12965ms step_avg:42.65ms
step:305/1190 train_time:13013ms step_avg:42.67ms
step:306/1190 train_time:13070ms step_avg:42.71ms
step:307/1190 train_time:13117ms step_avg:42.73ms
step:308/1190 train_time:13175ms step_avg:42.78ms
step:309/1190 train_time:13223ms step_avg:42.79ms
step:310/1190 train_time:13280ms step_avg:42.84ms
step:311/1190 train_time:13327ms step_avg:42.85ms
step:312/1190 train_time:13385ms step_avg:42.90ms
step:313/1190 train_time:13432ms step_avg:42.91ms
step:314/1190 train_time:13488ms step_avg:42.96ms
step:315/1190 train_time:13537ms step_avg:42.97ms
step:316/1190 train_time:13594ms step_avg:43.02ms
step:317/1190 train_time:13641ms step_avg:43.03ms
step:318/1190 train_time:13699ms step_avg:43.08ms
step:319/1190 train_time:13746ms step_avg:43.09ms
step:320/1190 train_time:13805ms step_avg:43.14ms
step:321/1190 train_time:13851ms step_avg:43.15ms
step:322/1190 train_time:13910ms step_avg:43.20ms
step:323/1190 train_time:13956ms step_avg:43.21ms
step:324/1190 train_time:14014ms step_avg:43.25ms
step:325/1190 train_time:14062ms step_avg:43.27ms
step:326/1190 train_time:14119ms step_avg:43.31ms
step:327/1190 train_time:14167ms step_avg:43.32ms
step:328/1190 train_time:14225ms step_avg:43.37ms
step:329/1190 train_time:14272ms step_avg:43.38ms
step:330/1190 train_time:14329ms step_avg:43.42ms
step:331/1190 train_time:14376ms step_avg:43.43ms
step:332/1190 train_time:14433ms step_avg:43.47ms
step:333/1190 train_time:14481ms step_avg:43.49ms
step:334/1190 train_time:14539ms step_avg:43.53ms
step:335/1190 train_time:14586ms step_avg:43.54ms
step:336/1190 train_time:14644ms step_avg:43.58ms
step:337/1190 train_time:14743ms step_avg:43.75ms
step:338/1190 train_time:14780ms step_avg:43.73ms
step:339/1190 train_time:14810ms step_avg:43.69ms
step:340/1190 train_time:14860ms step_avg:43.71ms
step:341/1190 train_time:14905ms step_avg:43.71ms
step:342/1190 train_time:14963ms step_avg:43.75ms
step:343/1190 train_time:15010ms step_avg:43.76ms
step:344/1190 train_time:15068ms step_avg:43.80ms
step:345/1190 train_time:15115ms step_avg:43.81ms
step:346/1190 train_time:15172ms step_avg:43.85ms
step:347/1190 train_time:15220ms step_avg:43.86ms
step:348/1190 train_time:15277ms step_avg:43.90ms
step:349/1190 train_time:15325ms step_avg:43.91ms
step:350/1190 train_time:15383ms step_avg:43.95ms
step:351/1190 train_time:15430ms step_avg:43.96ms
step:352/1190 train_time:15487ms step_avg:44.00ms
step:353/1190 train_time:15534ms step_avg:44.01ms
step:354/1190 train_time:15590ms step_avg:44.04ms
step:355/1190 train_time:15639ms step_avg:44.05ms
step:356/1190 train_time:15696ms step_avg:44.09ms
step:357/1190 train_time:15744ms step_avg:44.10ms
step:358/1190 train_time:15802ms step_avg:44.14ms
step:359/1190 train_time:15849ms step_avg:44.15ms
step:360/1190 train_time:15907ms step_avg:44.19ms
step:361/1190 train_time:15954ms step_avg:44.19ms
step:362/1190 train_time:16011ms step_avg:44.23ms
step:363/1190 train_time:16059ms step_avg:44.24ms
step:364/1190 train_time:16117ms step_avg:44.28ms
step:365/1190 train_time:16164ms step_avg:44.29ms
step:366/1190 train_time:16223ms step_avg:44.33ms
step:367/1190 train_time:16270ms step_avg:44.33ms
step:368/1190 train_time:16328ms step_avg:44.37ms
step:369/1190 train_time:16375ms step_avg:44.38ms
step:370/1190 train_time:16432ms step_avg:44.41ms
step:371/1190 train_time:16480ms step_avg:44.42ms
step:372/1190 train_time:16537ms step_avg:44.46ms
step:373/1190 train_time:16585ms step_avg:44.46ms
step:374/1190 train_time:16643ms step_avg:44.50ms
step:375/1190 train_time:16691ms step_avg:44.51ms
step:376/1190 train_time:16746ms step_avg:44.54ms
step:377/1190 train_time:16794ms step_avg:44.55ms
step:378/1190 train_time:16851ms step_avg:44.58ms
step:379/1190 train_time:16898ms step_avg:44.59ms
step:380/1190 train_time:16956ms step_avg:44.62ms
step:381/1190 train_time:17003ms step_avg:44.63ms
step:382/1190 train_time:17062ms step_avg:44.66ms
step:383/1190 train_time:17109ms step_avg:44.67ms
step:384/1190 train_time:17166ms step_avg:44.70ms
step:385/1190 train_time:17214ms step_avg:44.71ms
step:386/1190 train_time:17272ms step_avg:44.75ms
step:387/1190 train_time:17319ms step_avg:44.75ms
step:388/1190 train_time:17376ms step_avg:44.78ms
step:389/1190 train_time:17424ms step_avg:44.79ms
step:390/1190 train_time:17481ms step_avg:44.82ms
step:391/1190 train_time:17530ms step_avg:44.83ms
step:392/1190 train_time:17586ms step_avg:44.86ms
step:393/1190 train_time:17635ms step_avg:44.87ms
step:394/1190 train_time:17692ms step_avg:44.90ms
step:395/1190 train_time:17739ms step_avg:44.91ms
step:396/1190 train_time:17796ms step_avg:44.94ms
step:397/1190 train_time:17844ms step_avg:44.95ms
step:398/1190 train_time:17902ms step_avg:44.98ms
step:399/1190 train_time:17949ms step_avg:44.99ms
step:400/1190 train_time:18006ms step_avg:45.02ms
step:401/1190 train_time:18054ms step_avg:45.02ms
step:402/1190 train_time:18111ms step_avg:45.05ms
step:403/1190 train_time:18159ms step_avg:45.06ms
step:404/1190 train_time:18217ms step_avg:45.09ms
step:405/1190 train_time:18265ms step_avg:45.10ms
step:406/1190 train_time:18323ms step_avg:45.13ms
step:407/1190 train_time:18371ms step_avg:45.14ms
step:408/1190 train_time:18430ms step_avg:45.17ms
step:409/1190 train_time:18475ms step_avg:45.17ms
step:410/1190 train_time:18533ms step_avg:45.20ms
step:411/1190 train_time:18580ms step_avg:45.21ms
step:412/1190 train_time:18640ms step_avg:45.24ms
step:413/1190 train_time:18685ms step_avg:45.24ms
step:414/1190 train_time:18744ms step_avg:45.27ms
step:415/1190 train_time:18790ms step_avg:45.28ms
step:416/1190 train_time:18848ms step_avg:45.31ms
step:417/1190 train_time:18895ms step_avg:45.31ms
step:418/1190 train_time:18953ms step_avg:45.34ms
step:419/1190 train_time:19000ms step_avg:45.35ms
step:420/1190 train_time:19058ms step_avg:45.38ms
step:421/1190 train_time:19105ms step_avg:45.38ms
step:422/1190 train_time:19163ms step_avg:45.41ms
step:423/1190 train_time:19210ms step_avg:45.41ms
step:424/1190 train_time:19268ms step_avg:45.44ms
step:425/1190 train_time:19315ms step_avg:45.45ms
step:426/1190 train_time:19373ms step_avg:45.48ms
step:427/1190 train_time:19420ms step_avg:45.48ms
step:428/1190 train_time:19478ms step_avg:45.51ms
step:429/1190 train_time:19525ms step_avg:45.51ms
step:430/1190 train_time:19583ms step_avg:45.54ms
step:431/1190 train_time:19630ms step_avg:45.55ms
step:432/1190 train_time:19687ms step_avg:45.57ms
step:433/1190 train_time:19735ms step_avg:45.58ms
step:434/1190 train_time:19792ms step_avg:45.60ms
step:435/1190 train_time:19840ms step_avg:45.61ms
step:436/1190 train_time:19897ms step_avg:45.64ms
step:437/1190 train_time:19945ms step_avg:45.64ms
step:438/1190 train_time:20002ms step_avg:45.67ms
step:439/1190 train_time:20050ms step_avg:45.67ms
step:440/1190 train_time:20107ms step_avg:45.70ms
step:441/1190 train_time:20155ms step_avg:45.70ms
step:442/1190 train_time:20212ms step_avg:45.73ms
step:443/1190 train_time:20259ms step_avg:45.73ms
step:444/1190 train_time:20317ms step_avg:45.76ms
step:445/1190 train_time:20365ms step_avg:45.76ms
step:446/1190 train_time:20423ms step_avg:45.79ms
step:447/1190 train_time:20471ms step_avg:45.80ms
step:448/1190 train_time:20528ms step_avg:45.82ms
step:449/1190 train_time:20576ms step_avg:45.83ms
step:450/1190 train_time:20633ms step_avg:45.85ms
step:451/1190 train_time:20680ms step_avg:45.85ms
step:452/1190 train_time:20739ms step_avg:45.88ms
step:453/1190 train_time:20785ms step_avg:45.88ms
step:454/1190 train_time:20843ms step_avg:45.91ms
step:455/1190 train_time:20890ms step_avg:45.91ms
step:456/1190 train_time:20948ms step_avg:45.94ms
step:457/1190 train_time:20995ms step_avg:45.94ms
step:458/1190 train_time:21054ms step_avg:45.97ms
step:459/1190 train_time:21100ms step_avg:45.97ms
step:460/1190 train_time:21158ms step_avg:46.00ms
step:461/1190 train_time:21205ms step_avg:46.00ms
step:462/1190 train_time:21263ms step_avg:46.02ms
step:463/1190 train_time:21310ms step_avg:46.03ms
step:464/1190 train_time:21368ms step_avg:46.05ms
step:465/1190 train_time:21415ms step_avg:46.05ms
step:466/1190 train_time:21473ms step_avg:46.08ms
step:467/1190 train_time:21520ms step_avg:46.08ms
step:468/1190 train_time:21578ms step_avg:46.11ms
step:469/1190 train_time:21625ms step_avg:46.11ms
step:470/1190 train_time:21683ms step_avg:46.13ms
step:471/1190 train_time:21730ms step_avg:46.14ms
step:472/1190 train_time:21787ms step_avg:46.16ms
step:473/1190 train_time:21834ms step_avg:46.16ms
step:474/1190 train_time:21892ms step_avg:46.19ms
step:475/1190 train_time:21940ms step_avg:46.19ms
step:476/1190 train_time:21998ms step_avg:46.21ms
step:477/1190 train_time:22045ms step_avg:46.22ms
step:478/1190 train_time:22103ms step_avg:46.24ms
step:479/1190 train_time:22149ms step_avg:46.24ms
step:480/1190 train_time:22207ms step_avg:46.27ms
step:481/1190 train_time:22254ms step_avg:46.27ms
step:482/1190 train_time:22313ms step_avg:46.29ms
step:483/1190 train_time:22361ms step_avg:46.30ms
step:484/1190 train_time:22418ms step_avg:46.32ms
step:485/1190 train_time:22465ms step_avg:46.32ms
step:486/1190 train_time:22523ms step_avg:46.34ms
step:487/1190 train_time:22570ms step_avg:46.35ms
step:488/1190 train_time:22628ms step_avg:46.37ms
step:489/1190 train_time:22675ms step_avg:46.37ms
step:490/1190 train_time:22732ms step_avg:46.39ms
step:491/1190 train_time:22781ms step_avg:46.40ms
step:492/1190 train_time:22838ms step_avg:46.42ms
step:493/1190 train_time:22885ms step_avg:46.42ms
step:494/1190 train_time:22943ms step_avg:46.44ms
step:495/1190 train_time:22990ms step_avg:46.44ms
step:496/1190 train_time:23047ms step_avg:46.47ms
step:497/1190 train_time:23094ms step_avg:46.47ms
step:498/1190 train_time:23151ms step_avg:46.49ms
step:499/1190 train_time:23199ms step_avg:46.49ms
step:500/1190 train_time:23257ms step_avg:46.51ms
step:500/1190 val_loss:3.89497495 train_time:23309ms step_avg:46.62ms
step:501/1190 train_time:23337ms step_avg:46.58ms
step:502/1190 train_time:23367ms step_avg:46.55ms
step:503/1190 train_time:23413ms step_avg:46.55ms
step:504/1190 train_time:23473ms step_avg:46.57ms
step:505/1190 train_time:23526ms step_avg:46.59ms
step:506/1190 train_time:23584ms step_avg:46.61ms
step:507/1190 train_time:23632ms step_avg:46.61ms
step:508/1190 train_time:23689ms step_avg:46.63ms
step:509/1190 train_time:23736ms step_avg:46.63ms
step:510/1190 train_time:23793ms step_avg:46.65ms
step:511/1190 train_time:23841ms step_avg:46.65ms
step:512/1190 train_time:23898ms step_avg:46.68ms
step:513/1190 train_time:23945ms step_avg:46.68ms
step:514/1190 train_time:24002ms step_avg:46.70ms
step:515/1190 train_time:24050ms step_avg:46.70ms
step:516/1190 train_time:24106ms step_avg:46.72ms
step:517/1190 train_time:24154ms step_avg:46.72ms
step:518/1190 train_time:24210ms step_avg:46.74ms
step:519/1190 train_time:24259ms step_avg:46.74ms
step:520/1190 train_time:24316ms step_avg:46.76ms
step:521/1190 train_time:24363ms step_avg:46.76ms
step:522/1190 train_time:24422ms step_avg:46.78ms
step:523/1190 train_time:24469ms step_avg:46.79ms
step:524/1190 train_time:24527ms step_avg:46.81ms
step:525/1190 train_time:24574ms step_avg:46.81ms
step:526/1190 train_time:24632ms step_avg:46.83ms
step:527/1190 train_time:24679ms step_avg:46.83ms
step:528/1190 train_time:24736ms step_avg:46.85ms
step:529/1190 train_time:24784ms step_avg:46.85ms
step:530/1190 train_time:24843ms step_avg:46.87ms
step:531/1190 train_time:24889ms step_avg:46.87ms
step:532/1190 train_time:24947ms step_avg:46.89ms
step:533/1190 train_time:24993ms step_avg:46.89ms
step:534/1190 train_time:25051ms step_avg:46.91ms
step:535/1190 train_time:25098ms step_avg:46.91ms
step:536/1190 train_time:25155ms step_avg:46.93ms
step:537/1190 train_time:25203ms step_avg:46.93ms
step:538/1190 train_time:25260ms step_avg:46.95ms
step:539/1190 train_time:25308ms step_avg:46.95ms
step:540/1190 train_time:25366ms step_avg:46.97ms
step:541/1190 train_time:25412ms step_avg:46.97ms
step:542/1190 train_time:25469ms step_avg:46.99ms
step:543/1190 train_time:25517ms step_avg:46.99ms
step:544/1190 train_time:25574ms step_avg:47.01ms
step:545/1190 train_time:25622ms step_avg:47.01ms
step:546/1190 train_time:25680ms step_avg:47.03ms
step:547/1190 train_time:25727ms step_avg:47.03ms
step:548/1190 train_time:25785ms step_avg:47.05ms
step:549/1190 train_time:25833ms step_avg:47.05ms
step:550/1190 train_time:25890ms step_avg:47.07ms
step:551/1190 train_time:25937ms step_avg:47.07ms
step:552/1190 train_time:25994ms step_avg:47.09ms
step:553/1190 train_time:26042ms step_avg:47.09ms
step:554/1190 train_time:26099ms step_avg:47.11ms
step:555/1190 train_time:26147ms step_avg:47.11ms
step:556/1190 train_time:26205ms step_avg:47.13ms
step:557/1190 train_time:26251ms step_avg:47.13ms
step:558/1190 train_time:26309ms step_avg:47.15ms
step:559/1190 train_time:26356ms step_avg:47.15ms
step:560/1190 train_time:26412ms step_avg:47.17ms
step:561/1190 train_time:26460ms step_avg:47.17ms
step:562/1190 train_time:26517ms step_avg:47.18ms
step:563/1190 train_time:26565ms step_avg:47.18ms
step:564/1190 train_time:26622ms step_avg:47.20ms
step:565/1190 train_time:26670ms step_avg:47.20ms
step:566/1190 train_time:26729ms step_avg:47.22ms
step:567/1190 train_time:26775ms step_avg:47.22ms
step:568/1190 train_time:26833ms step_avg:47.24ms
step:569/1190 train_time:26880ms step_avg:47.24ms
step:570/1190 train_time:26937ms step_avg:47.26ms
step:571/1190 train_time:26985ms step_avg:47.26ms
step:572/1190 train_time:27042ms step_avg:47.28ms
step:573/1190 train_time:27090ms step_avg:47.28ms
step:574/1190 train_time:27147ms step_avg:47.29ms
step:575/1190 train_time:27194ms step_avg:47.29ms
step:576/1190 train_time:27251ms step_avg:47.31ms
step:577/1190 train_time:27299ms step_avg:47.31ms
step:578/1190 train_time:27356ms step_avg:47.33ms
step:579/1190 train_time:27404ms step_avg:47.33ms
step:580/1190 train_time:27462ms step_avg:47.35ms
step:581/1190 train_time:27508ms step_avg:47.35ms
step:582/1190 train_time:27567ms step_avg:47.37ms
step:583/1190 train_time:27613ms step_avg:47.36ms
step:584/1190 train_time:27670ms step_avg:47.38ms
step:585/1190 train_time:27718ms step_avg:47.38ms
step:586/1190 train_time:27775ms step_avg:47.40ms
step:587/1190 train_time:27823ms step_avg:47.40ms
step:588/1190 train_time:27880ms step_avg:47.42ms
step:589/1190 train_time:27927ms step_avg:47.42ms
step:590/1190 train_time:27985ms step_avg:47.43ms
step:591/1190 train_time:28032ms step_avg:47.43ms
step:592/1190 train_time:28090ms step_avg:47.45ms
step:593/1190 train_time:28137ms step_avg:47.45ms
step:594/1190 train_time:28194ms step_avg:47.47ms
step:595/1190 train_time:28242ms step_avg:47.47ms
step:596/1190 train_time:28299ms step_avg:47.48ms
step:597/1190 train_time:28346ms step_avg:47.48ms
step:598/1190 train_time:28404ms step_avg:47.50ms
step:599/1190 train_time:28451ms step_avg:47.50ms
step:600/1190 train_time:28509ms step_avg:47.52ms
step:601/1190 train_time:28556ms step_avg:47.51ms
step:602/1190 train_time:28613ms step_avg:47.53ms
step:603/1190 train_time:28661ms step_avg:47.53ms
step:604/1190 train_time:28718ms step_avg:47.55ms
step:605/1190 train_time:28766ms step_avg:47.55ms
step:606/1190 train_time:28824ms step_avg:47.56ms
step:607/1190 train_time:28871ms step_avg:47.56ms
step:608/1190 train_time:28928ms step_avg:47.58ms
step:609/1190 train_time:28976ms step_avg:47.58ms
step:610/1190 train_time:29033ms step_avg:47.59ms
step:611/1190 train_time:29081ms step_avg:47.60ms
step:612/1190 train_time:29137ms step_avg:47.61ms
step:613/1190 train_time:29185ms step_avg:47.61ms
step:614/1190 train_time:29242ms step_avg:47.63ms
step:615/1190 train_time:29290ms step_avg:47.63ms
step:616/1190 train_time:29348ms step_avg:47.64ms
step:617/1190 train_time:29395ms step_avg:47.64ms
step:618/1190 train_time:29451ms step_avg:47.66ms
step:619/1190 train_time:29500ms step_avg:47.66ms
step:620/1190 train_time:29557ms step_avg:47.67ms
step:621/1190 train_time:29605ms step_avg:47.67ms
step:622/1190 train_time:29662ms step_avg:47.69ms
step:623/1190 train_time:29709ms step_avg:47.69ms
step:624/1190 train_time:29766ms step_avg:47.70ms
step:625/1190 train_time:29815ms step_avg:47.70ms
step:626/1190 train_time:29872ms step_avg:47.72ms
step:627/1190 train_time:29919ms step_avg:47.72ms
step:628/1190 train_time:29977ms step_avg:47.73ms
step:629/1190 train_time:30024ms step_avg:47.73ms
step:630/1190 train_time:30081ms step_avg:47.75ms
step:631/1190 train_time:30129ms step_avg:47.75ms
step:632/1190 train_time:30187ms step_avg:47.76ms
step:633/1190 train_time:30234ms step_avg:47.76ms
step:634/1190 train_time:30291ms step_avg:47.78ms
step:635/1190 train_time:30338ms step_avg:47.78ms
step:636/1190 train_time:30395ms step_avg:47.79ms
step:637/1190 train_time:30443ms step_avg:47.79ms
step:638/1190 train_time:30501ms step_avg:47.81ms
step:639/1190 train_time:30547ms step_avg:47.81ms
step:640/1190 train_time:30606ms step_avg:47.82ms
step:641/1190 train_time:30652ms step_avg:47.82ms
step:642/1190 train_time:30709ms step_avg:47.83ms
step:643/1190 train_time:30756ms step_avg:47.83ms
step:644/1190 train_time:30814ms step_avg:47.85ms
step:645/1190 train_time:30861ms step_avg:47.85ms
step:646/1190 train_time:30918ms step_avg:47.86ms
step:647/1190 train_time:30966ms step_avg:47.86ms
step:648/1190 train_time:31023ms step_avg:47.87ms
step:649/1190 train_time:31071ms step_avg:47.88ms
step:650/1190 train_time:31129ms step_avg:47.89ms
step:651/1190 train_time:31176ms step_avg:47.89ms
step:652/1190 train_time:31233ms step_avg:47.90ms
step:653/1190 train_time:31280ms step_avg:47.90ms
step:654/1190 train_time:31381ms step_avg:47.98ms
step:655/1190 train_time:31413ms step_avg:47.96ms
step:656/1190 train_time:31451ms step_avg:47.94ms
step:657/1190 train_time:31492ms step_avg:47.93ms
step:658/1190 train_time:31549ms step_avg:47.95ms
step:659/1190 train_time:31595ms step_avg:47.94ms
step:660/1190 train_time:31653ms step_avg:47.96ms
step:661/1190 train_time:31702ms step_avg:47.96ms
step:662/1190 train_time:31758ms step_avg:47.97ms
step:663/1190 train_time:31805ms step_avg:47.97ms
step:664/1190 train_time:31862ms step_avg:47.99ms
step:665/1190 train_time:31909ms step_avg:47.98ms
step:666/1190 train_time:31966ms step_avg:48.00ms
step:667/1190 train_time:32014ms step_avg:48.00ms
step:668/1190 train_time:32072ms step_avg:48.01ms
step:669/1190 train_time:32119ms step_avg:48.01ms
step:670/1190 train_time:32176ms step_avg:48.02ms
step:671/1190 train_time:32224ms step_avg:48.02ms
step:672/1190 train_time:32282ms step_avg:48.04ms
step:673/1190 train_time:32329ms step_avg:48.04ms
step:674/1190 train_time:32388ms step_avg:48.05ms
step:675/1190 train_time:32433ms step_avg:48.05ms
step:676/1190 train_time:32491ms step_avg:48.06ms
step:677/1190 train_time:32538ms step_avg:48.06ms
step:678/1190 train_time:32595ms step_avg:48.07ms
step:679/1190 train_time:32642ms step_avg:48.07ms
step:680/1190 train_time:32700ms step_avg:48.09ms
step:681/1190 train_time:32747ms step_avg:48.09ms
step:682/1190 train_time:32805ms step_avg:48.10ms
step:683/1190 train_time:32852ms step_avg:48.10ms
step:684/1190 train_time:32909ms step_avg:48.11ms
step:685/1190 train_time:32957ms step_avg:48.11ms
step:686/1190 train_time:33014ms step_avg:48.13ms
step:687/1190 train_time:33062ms step_avg:48.12ms
step:688/1190 train_time:33119ms step_avg:48.14ms
step:689/1190 train_time:33166ms step_avg:48.14ms
step:690/1190 train_time:33223ms step_avg:48.15ms
step:691/1190 train_time:33271ms step_avg:48.15ms
step:692/1190 train_time:33328ms step_avg:48.16ms
step:693/1190 train_time:33376ms step_avg:48.16ms
step:694/1190 train_time:33432ms step_avg:48.17ms
step:695/1190 train_time:33480ms step_avg:48.17ms
step:696/1190 train_time:33538ms step_avg:48.19ms
step:697/1190 train_time:33585ms step_avg:48.19ms
step:698/1190 train_time:33643ms step_avg:48.20ms
step:699/1190 train_time:33690ms step_avg:48.20ms
step:700/1190 train_time:33747ms step_avg:48.21ms
step:701/1190 train_time:33794ms step_avg:48.21ms
step:702/1190 train_time:33851ms step_avg:48.22ms
step:703/1190 train_time:33898ms step_avg:48.22ms
step:704/1190 train_time:33954ms step_avg:48.23ms
step:705/1190 train_time:34003ms step_avg:48.23ms
step:706/1190 train_time:34061ms step_avg:48.24ms
step:707/1190 train_time:34108ms step_avg:48.24ms
step:708/1190 train_time:34167ms step_avg:48.26ms
step:709/1190 train_time:34240ms step_avg:48.29ms
step:710/1190 train_time:34319ms step_avg:48.34ms
step:711/1190 train_time:34390ms step_avg:48.37ms
step:712/1190 train_time:34468ms step_avg:48.41ms
step:713/1190 train_time:34540ms step_avg:48.44ms
step:714/1190 train_time:34619ms step_avg:48.49ms
step:715/1190 train_time:34690ms step_avg:48.52ms
step:716/1190 train_time:34768ms step_avg:48.56ms
step:717/1190 train_time:34840ms step_avg:48.59ms
step:718/1190 train_time:34919ms step_avg:48.63ms
step:719/1190 train_time:34990ms step_avg:48.66ms
step:720/1190 train_time:35069ms step_avg:48.71ms
step:721/1190 train_time:35140ms step_avg:48.74ms
step:722/1190 train_time:35220ms step_avg:48.78ms
step:723/1190 train_time:35291ms step_avg:48.81ms
step:724/1190 train_time:35370ms step_avg:48.85ms
step:725/1190 train_time:35441ms step_avg:48.88ms
step:726/1190 train_time:35520ms step_avg:48.93ms
step:727/1190 train_time:35593ms step_avg:48.96ms
step:728/1190 train_time:35671ms step_avg:49.00ms
step:729/1190 train_time:35741ms step_avg:49.03ms
step:730/1190 train_time:35822ms step_avg:49.07ms
step:731/1190 train_time:35891ms step_avg:49.10ms
step:732/1190 train_time:35970ms step_avg:49.14ms
step:733/1190 train_time:36041ms step_avg:49.17ms
step:734/1190 train_time:36121ms step_avg:49.21ms
step:735/1190 train_time:36191ms step_avg:49.24ms
step:736/1190 train_time:36269ms step_avg:49.28ms
step:737/1190 train_time:36341ms step_avg:49.31ms
step:738/1190 train_time:36420ms step_avg:49.35ms
step:739/1190 train_time:36492ms step_avg:49.38ms
step:740/1190 train_time:36570ms step_avg:49.42ms
step:741/1190 train_time:36641ms step_avg:49.45ms
step:742/1190 train_time:36721ms step_avg:49.49ms
step:743/1190 train_time:36792ms step_avg:49.52ms
step:744/1190 train_time:36871ms step_avg:49.56ms
step:745/1190 train_time:36942ms step_avg:49.59ms
step:746/1190 train_time:37022ms step_avg:49.63ms
step:747/1190 train_time:37092ms step_avg:49.65ms
step:748/1190 train_time:37171ms step_avg:49.69ms
step:749/1190 train_time:37242ms step_avg:49.72ms
step:750/1190 train_time:37322ms step_avg:49.76ms
step:750/1190 val_loss:3.50265265 train_time:37398ms step_avg:49.86ms
step:751/1190 train_time:37427ms step_avg:49.84ms
step:752/1190 train_time:37477ms step_avg:49.84ms
step:753/1190 train_time:37553ms step_avg:49.87ms
step:754/1190 train_time:37632ms step_avg:49.91ms
step:755/1190 train_time:37705ms step_avg:49.94ms
step:756/1190 train_time:37785ms step_avg:49.98ms
step:757/1190 train_time:37855ms step_avg:50.01ms
step:758/1190 train_time:37935ms step_avg:50.05ms
step:759/1190 train_time:38005ms step_avg:50.07ms
step:760/1190 train_time:38083ms step_avg:50.11ms
step:761/1190 train_time:38155ms step_avg:50.14ms
step:762/1190 train_time:38233ms step_avg:50.17ms
step:763/1190 train_time:38304ms step_avg:50.20ms
step:764/1190 train_time:38383ms step_avg:50.24ms
step:765/1190 train_time:38456ms step_avg:50.27ms
step:766/1190 train_time:38536ms step_avg:50.31ms
step:767/1190 train_time:38608ms step_avg:50.34ms
step:768/1190 train_time:38689ms step_avg:50.38ms
step:769/1190 train_time:38759ms step_avg:50.40ms
step:770/1190 train_time:38838ms step_avg:50.44ms
step:771/1190 train_time:38909ms step_avg:50.47ms
step:772/1190 train_time:38989ms step_avg:50.50ms
step:773/1190 train_time:39059ms step_avg:50.53ms
step:774/1190 train_time:39139ms step_avg:50.57ms
step:775/1190 train_time:39210ms step_avg:50.59ms
step:776/1190 train_time:39289ms step_avg:50.63ms
step:777/1190 train_time:39359ms step_avg:50.66ms
step:778/1190 train_time:39438ms step_avg:50.69ms
step:779/1190 train_time:39509ms step_avg:50.72ms
step:780/1190 train_time:39589ms step_avg:50.76ms
step:781/1190 train_time:39660ms step_avg:50.78ms
step:782/1190 train_time:39740ms step_avg:50.82ms
step:783/1190 train_time:39811ms step_avg:50.84ms
step:784/1190 train_time:39890ms step_avg:50.88ms
step:785/1190 train_time:39960ms step_avg:50.90ms
step:786/1190 train_time:40039ms step_avg:50.94ms
step:787/1190 train_time:40110ms step_avg:50.97ms
step:788/1190 train_time:40190ms step_avg:51.00ms
step:789/1190 train_time:40260ms step_avg:51.03ms
step:790/1190 train_time:40339ms step_avg:51.06ms
step:791/1190 train_time:40410ms step_avg:51.09ms
step:792/1190 train_time:40489ms step_avg:51.12ms
step:793/1190 train_time:40560ms step_avg:51.15ms
step:794/1190 train_time:40640ms step_avg:51.18ms
step:795/1190 train_time:40711ms step_avg:51.21ms
step:796/1190 train_time:40791ms step_avg:51.24ms
step:797/1190 train_time:40861ms step_avg:51.27ms
step:798/1190 train_time:40940ms step_avg:51.30ms
step:799/1190 train_time:41011ms step_avg:51.33ms
step:800/1190 train_time:41090ms step_avg:51.36ms
step:801/1190 train_time:41161ms step_avg:51.39ms
step:802/1190 train_time:41240ms step_avg:51.42ms
step:803/1190 train_time:41311ms step_avg:51.45ms
step:804/1190 train_time:41390ms step_avg:51.48ms
step:805/1190 train_time:41460ms step_avg:51.50ms
step:806/1190 train_time:41541ms step_avg:51.54ms
step:807/1190 train_time:41611ms step_avg:51.56ms
step:808/1190 train_time:41692ms step_avg:51.60ms
step:809/1190 train_time:41762ms step_avg:51.62ms
step:810/1190 train_time:41841ms step_avg:51.66ms
step:811/1190 train_time:41912ms step_avg:51.68ms
step:812/1190 train_time:41991ms step_avg:51.71ms
step:813/1190 train_time:42062ms step_avg:51.74ms
step:814/1190 train_time:42141ms step_avg:51.77ms
step:815/1190 train_time:42212ms step_avg:51.79ms
step:816/1190 train_time:42292ms step_avg:51.83ms
step:817/1190 train_time:42362ms step_avg:51.85ms
step:818/1190 train_time:42442ms step_avg:51.89ms
step:819/1190 train_time:42512ms step_avg:51.91ms
step:820/1190 train_time:42592ms step_avg:51.94ms
step:821/1190 train_time:42662ms step_avg:51.96ms
step:822/1190 train_time:42742ms step_avg:52.00ms
step:823/1190 train_time:42813ms step_avg:52.02ms
step:824/1190 train_time:42893ms step_avg:52.05ms
step:825/1190 train_time:42964ms step_avg:52.08ms
step:826/1190 train_time:43043ms step_avg:52.11ms
step:827/1190 train_time:43114ms step_avg:52.13ms
step:828/1190 train_time:43194ms step_avg:52.17ms
step:829/1190 train_time:43264ms step_avg:52.19ms
step:830/1190 train_time:43343ms step_avg:52.22ms
step:831/1190 train_time:43414ms step_avg:52.24ms
step:832/1190 train_time:43494ms step_avg:52.28ms
step:833/1190 train_time:43564ms step_avg:52.30ms
step:834/1190 train_time:43644ms step_avg:52.33ms
step:835/1190 train_time:43715ms step_avg:52.35ms
step:836/1190 train_time:43795ms step_avg:52.39ms
step:837/1190 train_time:43866ms step_avg:52.41ms
step:838/1190 train_time:43946ms step_avg:52.44ms
step:839/1190 train_time:44016ms step_avg:52.46ms
step:840/1190 train_time:44094ms step_avg:52.49ms
step:841/1190 train_time:44166ms step_avg:52.52ms
step:842/1190 train_time:44244ms step_avg:52.55ms
step:843/1190 train_time:44316ms step_avg:52.57ms
step:844/1190 train_time:44394ms step_avg:52.60ms
step:845/1190 train_time:44466ms step_avg:52.62ms
step:846/1190 train_time:44545ms step_avg:52.65ms
step:847/1190 train_time:44616ms step_avg:52.67ms
step:848/1190 train_time:44694ms step_avg:52.70ms
step:849/1190 train_time:44766ms step_avg:52.73ms
step:850/1190 train_time:44845ms step_avg:52.76ms
step:851/1190 train_time:44916ms step_avg:52.78ms
step:852/1190 train_time:44995ms step_avg:52.81ms
step:853/1190 train_time:45066ms step_avg:52.83ms
step:854/1190 train_time:45144ms step_avg:52.86ms
step:855/1190 train_time:45216ms step_avg:52.88ms
step:856/1190 train_time:45295ms step_avg:52.91ms
step:857/1190 train_time:45366ms step_avg:52.94ms
step:858/1190 train_time:45445ms step_avg:52.97ms
step:859/1190 train_time:45516ms step_avg:52.99ms
step:860/1190 train_time:45595ms step_avg:53.02ms
step:861/1190 train_time:45666ms step_avg:53.04ms
step:862/1190 train_time:45745ms step_avg:53.07ms
step:863/1190 train_time:45816ms step_avg:53.09ms
step:864/1190 train_time:45895ms step_avg:53.12ms
step:865/1190 train_time:45966ms step_avg:53.14ms
step:866/1190 train_time:46046ms step_avg:53.17ms
step:867/1190 train_time:46116ms step_avg:53.19ms
step:868/1190 train_time:46196ms step_avg:53.22ms
step:869/1190 train_time:46266ms step_avg:53.24ms
step:870/1190 train_time:46345ms step_avg:53.27ms
step:871/1190 train_time:46416ms step_avg:53.29ms
step:872/1190 train_time:46496ms step_avg:53.32ms
step:873/1190 train_time:46566ms step_avg:53.34ms
step:874/1190 train_time:46645ms step_avg:53.37ms
step:875/1190 train_time:46716ms step_avg:53.39ms
step:876/1190 train_time:46795ms step_avg:53.42ms
step:877/1190 train_time:46865ms step_avg:53.44ms
step:878/1190 train_time:46944ms step_avg:53.47ms
step:879/1190 train_time:47015ms step_avg:53.49ms
step:880/1190 train_time:47095ms step_avg:53.52ms
step:881/1190 train_time:47165ms step_avg:53.54ms
step:882/1190 train_time:47245ms step_avg:53.57ms
step:883/1190 train_time:47315ms step_avg:53.58ms
step:884/1190 train_time:47394ms step_avg:53.61ms
step:885/1190 train_time:47465ms step_avg:53.63ms
step:886/1190 train_time:47569ms step_avg:53.69ms
step:887/1190 train_time:47616ms step_avg:53.68ms
step:888/1190 train_time:47696ms step_avg:53.71ms
step:889/1190 train_time:47766ms step_avg:53.73ms
step:890/1190 train_time:47846ms step_avg:53.76ms
step:891/1190 train_time:47916ms step_avg:53.78ms
step:892/1190 train_time:47995ms step_avg:53.81ms
step:893/1190 train_time:48066ms step_avg:53.83ms
step:894/1190 train_time:48145ms step_avg:53.85ms
step:895/1190 train_time:48216ms step_avg:53.87ms
step:896/1190 train_time:48294ms step_avg:53.90ms
step:897/1190 train_time:48366ms step_avg:53.92ms
step:898/1190 train_time:48444ms step_avg:53.95ms
step:899/1190 train_time:48516ms step_avg:53.97ms
step:900/1190 train_time:48596ms step_avg:54.00ms
step:901/1190 train_time:48667ms step_avg:54.01ms
step:902/1190 train_time:48746ms step_avg:54.04ms
step:903/1190 train_time:48817ms step_avg:54.06ms
step:904/1190 train_time:48895ms step_avg:54.09ms
step:905/1190 train_time:48967ms step_avg:54.11ms
step:906/1190 train_time:49047ms step_avg:54.14ms
step:907/1190 train_time:49118ms step_avg:54.15ms
step:908/1190 train_time:49198ms step_avg:54.18ms
step:909/1190 train_time:49268ms step_avg:54.20ms
step:910/1190 train_time:49347ms step_avg:54.23ms
step:911/1190 train_time:49417ms step_avg:54.24ms
step:912/1190 train_time:49496ms step_avg:54.27ms
step:913/1190 train_time:49567ms step_avg:54.29ms
step:914/1190 train_time:49647ms step_avg:54.32ms
step:915/1190 train_time:49717ms step_avg:54.34ms
step:916/1190 train_time:49796ms step_avg:54.36ms
step:917/1190 train_time:49868ms step_avg:54.38ms
step:918/1190 train_time:49948ms step_avg:54.41ms
step:919/1190 train_time:50018ms step_avg:54.43ms
step:920/1190 train_time:50097ms step_avg:54.45ms
step:921/1190 train_time:50168ms step_avg:54.47ms
step:922/1190 train_time:50248ms step_avg:54.50ms
step:923/1190 train_time:50318ms step_avg:54.52ms
step:924/1190 train_time:50398ms step_avg:54.54ms
step:925/1190 train_time:50469ms step_avg:54.56ms
step:926/1190 train_time:50549ms step_avg:54.59ms
step:927/1190 train_time:50619ms step_avg:54.61ms
step:928/1190 train_time:50698ms step_avg:54.63ms
step:929/1190 train_time:50769ms step_avg:54.65ms
step:930/1190 train_time:50849ms step_avg:54.68ms
step:931/1190 train_time:50919ms step_avg:54.69ms
step:932/1190 train_time:51000ms step_avg:54.72ms
step:933/1190 train_time:51069ms step_avg:54.74ms
step:934/1190 train_time:51148ms step_avg:54.76ms
step:935/1190 train_time:51219ms step_avg:54.78ms
step:936/1190 train_time:51300ms step_avg:54.81ms
step:937/1190 train_time:51370ms step_avg:54.82ms
step:938/1190 train_time:51450ms step_avg:54.85ms
step:939/1190 train_time:51520ms step_avg:54.87ms
step:940/1190 train_time:51601ms step_avg:54.89ms
step:941/1190 train_time:51671ms step_avg:54.91ms
step:942/1190 train_time:51750ms step_avg:54.94ms
step:943/1190 train_time:51820ms step_avg:54.95ms
step:944/1190 train_time:51899ms step_avg:54.98ms
step:945/1190 train_time:51970ms step_avg:54.99ms
step:946/1190 train_time:52049ms step_avg:55.02ms
step:947/1190 train_time:52120ms step_avg:55.04ms
step:948/1190 train_time:52199ms step_avg:55.06ms
step:949/1190 train_time:52270ms step_avg:55.08ms
step:950/1190 train_time:52349ms step_avg:55.10ms
step:951/1190 train_time:52420ms step_avg:55.12ms
step:952/1190 train_time:52500ms step_avg:55.15ms
step:953/1190 train_time:52570ms step_avg:55.16ms
step:954/1190 train_time:52649ms step_avg:55.19ms
step:955/1190 train_time:52720ms step_avg:55.20ms
step:956/1190 train_time:52799ms step_avg:55.23ms
step:957/1190 train_time:52869ms step_avg:55.25ms
step:958/1190 train_time:52949ms step_avg:55.27ms
step:959/1190 train_time:53019ms step_avg:55.29ms
step:960/1190 train_time:53099ms step_avg:55.31ms
step:961/1190 train_time:53169ms step_avg:55.33ms
step:962/1190 train_time:53249ms step_avg:55.35ms
step:963/1190 train_time:53319ms step_avg:55.37ms
step:964/1190 train_time:53399ms step_avg:55.39ms
step:965/1190 train_time:53470ms step_avg:55.41ms
step:966/1190 train_time:53549ms step_avg:55.43ms
step:967/1190 train_time:53620ms step_avg:55.45ms
step:968/1190 train_time:53700ms step_avg:55.48ms
step:969/1190 train_time:53771ms step_avg:55.49ms
step:970/1190 train_time:53849ms step_avg:55.51ms
step:971/1190 train_time:53921ms step_avg:55.53ms
step:972/1190 train_time:54001ms step_avg:55.56ms
step:973/1190 train_time:54071ms step_avg:55.57ms
step:974/1190 train_time:54150ms step_avg:55.60ms
step:975/1190 train_time:54221ms step_avg:55.61ms
step:976/1190 train_time:54300ms step_avg:55.64ms
step:977/1190 train_time:54371ms step_avg:55.65ms
step:978/1190 train_time:54450ms step_avg:55.67ms
step:979/1190 train_time:54521ms step_avg:55.69ms
step:980/1190 train_time:54600ms step_avg:55.71ms
step:981/1190 train_time:54671ms step_avg:55.73ms
step:982/1190 train_time:54750ms step_avg:55.75ms
step:983/1190 train_time:54821ms step_avg:55.77ms
step:984/1190 train_time:54900ms step_avg:55.79ms
step:985/1190 train_time:54971ms step_avg:55.81ms
step:986/1190 train_time:55051ms step_avg:55.83ms
step:987/1190 train_time:55121ms step_avg:55.85ms
step:988/1190 train_time:55201ms step_avg:55.87ms
step:989/1190 train_time:55272ms step_avg:55.89ms
step:990/1190 train_time:55350ms step_avg:55.91ms
step:991/1190 train_time:55422ms step_avg:55.93ms
step:992/1190 train_time:55502ms step_avg:55.95ms
step:993/1190 train_time:55573ms step_avg:55.96ms
step:994/1190 train_time:55651ms step_avg:55.99ms
step:995/1190 train_time:55723ms step_avg:56.00ms
step:996/1190 train_time:55803ms step_avg:56.03ms
step:997/1190 train_time:55873ms step_avg:56.04ms
step:998/1190 train_time:55952ms step_avg:56.06ms
step:999/1190 train_time:56024ms step_avg:56.08ms
step:1000/1190 train_time:56105ms step_avg:56.10ms
step:1000/1190 val_loss:3.34793019 train_time:56181ms step_avg:56.18ms
step:1001/1190 train_time:56208ms step_avg:56.15ms
step:1002/1190 train_time:56257ms step_avg:56.15ms
step:1003/1190 train_time:56336ms step_avg:56.17ms
step:1004/1190 train_time:56415ms step_avg:56.19ms
step:1005/1190 train_time:56488ms step_avg:56.21ms
step:1006/1190 train_time:56567ms step_avg:56.23ms
step:1007/1190 train_time:56637ms step_avg:56.24ms
step:1008/1190 train_time:56716ms step_avg:56.27ms
step:1009/1190 train_time:56787ms step_avg:56.28ms
step:1010/1190 train_time:56866ms step_avg:56.30ms
step:1011/1190 train_time:56936ms step_avg:56.32ms
step:1012/1190 train_time:57016ms step_avg:56.34ms
step:1013/1190 train_time:57086ms step_avg:56.35ms
step:1014/1190 train_time:57165ms step_avg:56.38ms
step:1015/1190 train_time:57236ms step_avg:56.39ms
step:1016/1190 train_time:57316ms step_avg:56.41ms
step:1017/1190 train_time:57388ms step_avg:56.43ms
step:1018/1190 train_time:57466ms step_avg:56.45ms
step:1019/1190 train_time:57540ms step_avg:56.47ms
step:1020/1190 train_time:57620ms step_avg:56.49ms
step:1021/1190 train_time:57690ms step_avg:56.50ms
step:1022/1190 train_time:57770ms step_avg:56.53ms
step:1023/1190 train_time:57840ms step_avg:56.54ms
step:1024/1190 train_time:57919ms step_avg:56.56ms
step:1025/1190 train_time:57989ms step_avg:56.58ms
step:1026/1190 train_time:58068ms step_avg:56.60ms
step:1027/1190 train_time:58139ms step_avg:56.61ms
step:1028/1190 train_time:58218ms step_avg:56.63ms
step:1029/1190 train_time:58290ms step_avg:56.65ms
step:1030/1190 train_time:58370ms step_avg:56.67ms
step:1031/1190 train_time:58440ms step_avg:56.68ms
step:1032/1190 train_time:58520ms step_avg:56.71ms
step:1033/1190 train_time:58591ms step_avg:56.72ms
step:1034/1190 train_time:58670ms step_avg:56.74ms
step:1035/1190 train_time:58742ms step_avg:56.76ms
step:1036/1190 train_time:58820ms step_avg:56.78ms
step:1037/1190 train_time:58891ms step_avg:56.79ms
step:1038/1190 train_time:58970ms step_avg:56.81ms
step:1039/1190 train_time:59041ms step_avg:56.83ms
step:1040/1190 train_time:59120ms step_avg:56.85ms
step:1041/1190 train_time:59192ms step_avg:56.86ms
step:1042/1190 train_time:59271ms step_avg:56.88ms
step:1043/1190 train_time:59342ms step_avg:56.90ms
step:1044/1190 train_time:59421ms step_avg:56.92ms
step:1045/1190 train_time:59492ms step_avg:56.93ms
step:1046/1190 train_time:59572ms step_avg:56.95ms
step:1047/1190 train_time:59642ms step_avg:56.96ms
step:1048/1190 train_time:59721ms step_avg:56.99ms
step:1049/1190 train_time:59792ms step_avg:57.00ms
step:1050/1190 train_time:59872ms step_avg:57.02ms
step:1051/1190 train_time:59942ms step_avg:57.03ms
step:1052/1190 train_time:60021ms step_avg:57.05ms
step:1053/1190 train_time:60092ms step_avg:57.07ms
step:1054/1190 train_time:60172ms step_avg:57.09ms
step:1055/1190 train_time:60242ms step_avg:57.10ms
step:1056/1190 train_time:60322ms step_avg:57.12ms
step:1057/1190 train_time:60392ms step_avg:57.13ms
step:1058/1190 train_time:60470ms step_avg:57.15ms
step:1059/1190 train_time:60542ms step_avg:57.17ms
step:1060/1190 train_time:60621ms step_avg:57.19ms
step:1061/1190 train_time:60692ms step_avg:57.20ms
step:1062/1190 train_time:60771ms step_avg:57.22ms
step:1063/1190 train_time:60842ms step_avg:57.24ms
step:1064/1190 train_time:60921ms step_avg:57.26ms
step:1065/1190 train_time:60992ms step_avg:57.27ms
step:1066/1190 train_time:61072ms step_avg:57.29ms
step:1067/1190 train_time:61141ms step_avg:57.30ms
step:1068/1190 train_time:61220ms step_avg:57.32ms
step:1069/1190 train_time:61291ms step_avg:57.33ms
step:1070/1190 train_time:61370ms step_avg:57.36ms
step:1071/1190 train_time:61441ms step_avg:57.37ms
step:1072/1190 train_time:61520ms step_avg:57.39ms
step:1073/1190 train_time:61590ms step_avg:57.40ms
step:1074/1190 train_time:61670ms step_avg:57.42ms
step:1075/1190 train_time:61741ms step_avg:57.43ms
step:1076/1190 train_time:61820ms step_avg:57.45ms
step:1077/1190 train_time:61890ms step_avg:57.47ms
step:1078/1190 train_time:61970ms step_avg:57.49ms
step:1079/1190 train_time:62040ms step_avg:57.50ms
step:1080/1190 train_time:62120ms step_avg:57.52ms
step:1081/1190 train_time:62190ms step_avg:57.53ms
step:1082/1190 train_time:62269ms step_avg:57.55ms
step:1083/1190 train_time:62340ms step_avg:57.56ms
step:1084/1190 train_time:62419ms step_avg:57.58ms
step:1085/1190 train_time:62489ms step_avg:57.59ms
step:1086/1190 train_time:62569ms step_avg:57.61ms
step:1087/1190 train_time:62640ms step_avg:57.63ms
step:1088/1190 train_time:62720ms step_avg:57.65ms
step:1089/1190 train_time:62790ms step_avg:57.66ms
step:1090/1190 train_time:62868ms step_avg:57.68ms
step:1091/1190 train_time:62940ms step_avg:57.69ms
step:1092/1190 train_time:63019ms step_avg:57.71ms
step:1093/1190 train_time:63090ms step_avg:57.72ms
step:1094/1190 train_time:63170ms step_avg:57.74ms
step:1095/1190 train_time:63240ms step_avg:57.75ms
step:1096/1190 train_time:63320ms step_avg:57.77ms
step:1097/1190 train_time:63390ms step_avg:57.79ms
step:1098/1190 train_time:63507ms step_avg:57.84ms
step:1099/1190 train_time:63555ms step_avg:57.83ms
step:1100/1190 train_time:63636ms step_avg:57.85ms
step:1101/1190 train_time:63706ms step_avg:57.86ms
step:1102/1190 train_time:63784ms step_avg:57.88ms
step:1103/1190 train_time:63854ms step_avg:57.89ms
step:1104/1190 train_time:63934ms step_avg:57.91ms
step:1105/1190 train_time:64004ms step_avg:57.92ms
step:1106/1190 train_time:64083ms step_avg:57.94ms
step:1107/1190 train_time:64154ms step_avg:57.95ms
step:1108/1190 train_time:64233ms step_avg:57.97ms
step:1109/1190 train_time:64304ms step_avg:57.98ms
step:1110/1190 train_time:64384ms step_avg:58.00ms
step:1111/1190 train_time:64454ms step_avg:58.01ms
step:1112/1190 train_time:64536ms step_avg:58.04ms
step:1113/1190 train_time:64608ms step_avg:58.05ms
step:1114/1190 train_time:64687ms step_avg:58.07ms
step:1115/1190 train_time:64758ms step_avg:58.08ms
step:1116/1190 train_time:64837ms step_avg:58.10ms
step:1117/1190 train_time:64908ms step_avg:58.11ms
step:1118/1190 train_time:64986ms step_avg:58.13ms
step:1119/1190 train_time:65057ms step_avg:58.14ms
step:1120/1190 train_time:65137ms step_avg:58.16ms
step:1121/1190 train_time:65208ms step_avg:58.17ms
step:1122/1190 train_time:65286ms step_avg:58.19ms
step:1123/1190 train_time:65357ms step_avg:58.20ms
step:1124/1190 train_time:65437ms step_avg:58.22ms
step:1125/1190 train_time:65508ms step_avg:58.23ms
step:1126/1190 train_time:65587ms step_avg:58.25ms
step:1127/1190 train_time:65659ms step_avg:58.26ms
step:1128/1190 train_time:65738ms step_avg:58.28ms
step:1129/1190 train_time:65809ms step_avg:58.29ms
step:1130/1190 train_time:65888ms step_avg:58.31ms
step:1131/1190 train_time:65961ms step_avg:58.32ms
step:1132/1190 train_time:66042ms step_avg:58.34ms
step:1133/1190 train_time:66113ms step_avg:58.35ms
step:1134/1190 train_time:66192ms step_avg:58.37ms
step:1135/1190 train_time:66264ms step_avg:58.38ms
step:1136/1190 train_time:66343ms step_avg:58.40ms
step:1137/1190 train_time:66414ms step_avg:58.41ms
step:1138/1190 train_time:66494ms step_avg:58.43ms
step:1139/1190 train_time:66566ms step_avg:58.44ms
step:1140/1190 train_time:66644ms step_avg:58.46ms
step:1141/1190 train_time:66716ms step_avg:58.47ms
step:1142/1190 train_time:66795ms step_avg:58.49ms
step:1143/1190 train_time:66868ms step_avg:58.50ms
step:1144/1190 train_time:66947ms step_avg:58.52ms
step:1145/1190 train_time:67019ms step_avg:58.53ms
step:1146/1190 train_time:67099ms step_avg:58.55ms
step:1147/1190 train_time:67170ms step_avg:58.56ms
step:1148/1190 train_time:67249ms step_avg:58.58ms
step:1149/1190 train_time:67320ms step_avg:58.59ms
step:1150/1190 train_time:67399ms step_avg:58.61ms
step:1151/1190 train_time:67470ms step_avg:58.62ms
step:1152/1190 train_time:67550ms step_avg:58.64ms
step:1153/1190 train_time:67620ms step_avg:58.65ms
step:1154/1190 train_time:67700ms step_avg:58.67ms
step:1155/1190 train_time:67774ms step_avg:58.68ms
step:1156/1190 train_time:67853ms step_avg:58.70ms
step:1157/1190 train_time:67923ms step_avg:58.71ms
step:1158/1190 train_time:68004ms step_avg:58.73ms
step:1159/1190 train_time:68075ms step_avg:58.74ms
step:1160/1190 train_time:68156ms step_avg:58.75ms
step:1161/1190 train_time:68225ms step_avg:58.76ms
step:1162/1190 train_time:68306ms step_avg:58.78ms
step:1163/1190 train_time:68376ms step_avg:58.79ms
step:1164/1190 train_time:68456ms step_avg:58.81ms
step:1165/1190 train_time:68527ms step_avg:58.82ms
step:1166/1190 train_time:68605ms step_avg:58.84ms
step:1167/1190 train_time:68677ms step_avg:58.85ms
step:1168/1190 train_time:68757ms step_avg:58.87ms
step:1169/1190 train_time:68828ms step_avg:58.88ms
step:1170/1190 train_time:68909ms step_avg:58.90ms
step:1171/1190 train_time:68979ms step_avg:58.91ms
step:1172/1190 train_time:69060ms step_avg:58.92ms
step:1173/1190 train_time:69130ms step_avg:58.93ms
step:1174/1190 train_time:69210ms step_avg:58.95ms
step:1175/1190 train_time:69281ms step_avg:58.96ms
step:1176/1190 train_time:69361ms step_avg:58.98ms
step:1177/1190 train_time:69432ms step_avg:58.99ms
step:1178/1190 train_time:69512ms step_avg:59.01ms
step:1179/1190 train_time:69583ms step_avg:59.02ms
step:1180/1190 train_time:69663ms step_avg:59.04ms
step:1181/1190 train_time:69734ms step_avg:59.05ms
step:1182/1190 train_time:69814ms step_avg:59.06ms
step:1183/1190 train_time:69885ms step_avg:59.07ms
step:1184/1190 train_time:69964ms step_avg:59.09ms
step:1185/1190 train_time:70035ms step_avg:59.10ms
step:1186/1190 train_time:70115ms step_avg:59.12ms
step:1187/1190 train_time:70187ms step_avg:59.13ms
step:1188/1190 train_time:70266ms step_avg:59.15ms
step:1189/1190 train_time:70338ms step_avg:59.16ms
step:1190/1190 train_time:70418ms step_avg:59.17ms
step:1190/1190 val_loss:3.27514529 train_time:70493ms step_avg:59.24ms
peak memory allocated: 31988 MiB reserved: 42180 MiB
