HARNESS_TRAINING_ENV={"OMP_NUM_THREADS": "1", "MKL_NUM_THREADS": "1", "torch_num_threads": 1, "torch_num_interop_threads": 47}
[Gloo] Rank 0 is connected to 7 peer ranks. Expected number of connected peer ranks is : 7
[Gloo] Rank 6 is connected to 7 peer ranks. Expected number of connected peer ranks is : 7
[Gloo] Rank 2 is connected to 7 peer ranks. Expected number of connected peer ranks is : 7
[Gloo] Rank 1 is connected to 7 peer ranks. Expected number of connected peer ranks is : 7
[Gloo] Rank 4 is connected to 7 peer ranks. Expected number of connected peer ranks is : 7
[Gloo] Rank 5[Gloo] Rank  is connected to 73 peer ranks.  is connected to Expected number of connected peer ranks is : 77 peer ranks. Expected number of connected peer ranks is : 
7
[Gloo] Rank 7 is connected to 7 peer ranks. Expected number of connected peer ranks is : 7
/workspace/train_gpt.py:1084: UserWarning: Skipping publisher trust check for 'kernels-community/flash-attn3' because Hugging Face Hub is in offline mode.
  flash_attn_interface = get_kernel('kernels-community/flash-attn3', version=1).flash_attn_interface
/workspace/train_gpt.py:1084: UserWarning: Skipping publisher trust check for 'kernels-community/flash-attn3' because Hugging Face Hub is in offline mode.
  flash_attn_interface = get_kernel('kernels-community/flash-attn3', version=1).flash_attn_interface
/workspace/train_gpt.py:1084: UserWarning: Skipping publisher trust check for 'kernels-community/flash-attn3' because Hugging Face Hub is in offline mode.
  flash_attn_interface = get_kernel('kernels-community/flash-attn3', version=1).flash_attn_interface
/workspace/train_gpt.py:1084: UserWarning: Skipping publisher trust check for 'kernels-community/flash-attn3' because Hugging Face Hub is in offline mode.
  flash_attn_interface = get_kernel('kernels-community/flash-attn3', version=1).flash_attn_interface
/workspace/train_gpt.py:1084: UserWarning: Skipping publisher trust check for 'kernels-community/flash-attn3' because Hugging Face Hub is in offline mode.
  flash_attn_interface = get_kernel('kernels-community/flash-attn3', version=1).flash_attn_interface
/workspace/train_gpt.py:1084: UserWarning: Skipping publisher trust check for 'kernels-community/flash-attn3' because Hugging Face Hub is in offline mode.
  flash_attn_interface = get_kernel('kernels-community/flash-attn3', version=1).flash_attn_interface
/workspace/train_gpt.py:1084: UserWarning: Skipping publisher trust check for 'kernels-community/flash-attn3' because Hugging Face Hub is in offline mode.
  flash_attn_interface = get_kernel('kernels-community/flash-attn3', version=1).flash_attn_interface
/workspace/train_gpt.py:1084: UserWarning: Skipping publisher trust check for 'kernels-community/flash-attn3' because Hugging Face Hub is in offline mode.
  flash_attn_interface = get_kernel('kernels-community/flash-attn3', version=1).flash_attn_interface
logs/8ae6842e-aa9c-48bc-ba1c-64e1e33729c4.txt
Compiling model and warming up kernels (~7 minutes on first execution)
Sampling steps [0, 1, 281, 282, 283, 284, 705, 706, 707, 708, 1128, 1129, 1130, 1131] for warmup
Resetting Model
step:0/1190 val_loss:10.83404160 train_time:53ms step_avg:52.79ms
step:1/1190 train_time:322ms step_avg:322.02ms
step:2/1190 train_time:401ms step_avg:200.65ms
step:3/1190 train_time:434ms step_avg:144.68ms
step:4/1190 train_time:469ms step_avg:117.21ms
step:5/1190 train_time:498ms step_avg:99.53ms
step:6/1190 train_time:530ms step_avg:88.41ms
step:7/1190 train_time:565ms step_avg:80.69ms
step:8/1190 train_time:611ms step_avg:76.35ms
step:9/1190 train_time:646ms step_avg:71.76ms
step:10/1190 train_time:693ms step_avg:69.35ms
step:11/1190 train_time:728ms step_avg:66.16ms
step:12/1190 train_time:774ms step_avg:64.53ms
step:13/1190 train_time:809ms step_avg:62.24ms
step:14/1190 train_time:855ms step_avg:61.07ms
step:15/1190 train_time:891ms step_avg:59.37ms
step:16/1190 train_time:938ms step_avg:58.62ms
step:17/1190 train_time:973ms step_avg:57.21ms
step:18/1190 train_time:1020ms step_avg:56.66ms
step:19/1190 train_time:1054ms step_avg:55.48ms
step:20/1190 train_time:1101ms step_avg:55.04ms
step:21/1190 train_time:1136ms step_avg:54.09ms
step:22/1190 train_time:1182ms step_avg:53.73ms
step:23/1190 train_time:1217ms step_avg:52.93ms
step:24/1190 train_time:1263ms step_avg:52.62ms
step:25/1190 train_time:1299ms step_avg:51.97ms
step:26/1190 train_time:1345ms step_avg:51.75ms
step:27/1190 train_time:1382ms step_avg:51.18ms
step:28/1190 train_time:1427ms step_avg:50.97ms
step:29/1190 train_time:1463ms step_avg:50.44ms
step:30/1190 train_time:1508ms step_avg:50.28ms
step:31/1190 train_time:1545ms step_avg:49.82ms
step:32/1190 train_time:1592ms step_avg:49.75ms
step:33/1190 train_time:1627ms step_avg:49.29ms
step:34/1190 train_time:1673ms step_avg:49.21ms
step:35/1190 train_time:1708ms step_avg:48.79ms
step:36/1190 train_time:1754ms step_avg:48.74ms
step:37/1190 train_time:1790ms step_avg:48.37ms
step:38/1190 train_time:1835ms step_avg:48.30ms
step:39/1190 train_time:1872ms step_avg:47.99ms
step:40/1190 train_time:1917ms step_avg:47.91ms
step:41/1190 train_time:1954ms step_avg:47.65ms
step:42/1190 train_time:2000ms step_avg:47.61ms
step:43/1190 train_time:2035ms step_avg:47.33ms
step:44/1190 train_time:2081ms step_avg:47.29ms
step:45/1190 train_time:2117ms step_avg:47.04ms
step:46/1190 train_time:2164ms step_avg:47.04ms
step:47/1190 train_time:2199ms step_avg:46.78ms
step:48/1190 train_time:2245ms step_avg:46.77ms
step:49/1190 train_time:2280ms step_avg:46.54ms
step:50/1190 train_time:2328ms step_avg:46.56ms
step:51/1190 train_time:2362ms step_avg:46.32ms
step:52/1190 train_time:2410ms step_avg:46.34ms
step:53/1190 train_time:2444ms step_avg:46.11ms
step:54/1190 train_time:2490ms step_avg:46.11ms
step:55/1190 train_time:2526ms step_avg:45.93ms
step:56/1190 train_time:2572ms step_avg:45.93ms
step:57/1190 train_time:2607ms step_avg:45.74ms
step:58/1190 train_time:2655ms step_avg:45.77ms
step:59/1190 train_time:2688ms step_avg:45.57ms
step:60/1190 train_time:2735ms step_avg:45.58ms
step:61/1190 train_time:2770ms step_avg:45.41ms
step:62/1190 train_time:2816ms step_avg:45.41ms
step:63/1190 train_time:2852ms step_avg:45.27ms
step:64/1190 train_time:2897ms step_avg:45.27ms
step:65/1190 train_time:2934ms step_avg:45.14ms
step:66/1190 train_time:2979ms step_avg:45.14ms
step:67/1190 train_time:3016ms step_avg:45.01ms
step:68/1190 train_time:3061ms step_avg:45.02ms
step:69/1190 train_time:3097ms step_avg:44.89ms
step:70/1190 train_time:3144ms step_avg:44.92ms
step:71/1190 train_time:3179ms step_avg:44.77ms
step:72/1190 train_time:3225ms step_avg:44.79ms
step:73/1190 train_time:3261ms step_avg:44.67ms
step:74/1190 train_time:3307ms step_avg:44.69ms
step:75/1190 train_time:3342ms step_avg:44.57ms
step:76/1190 train_time:3389ms step_avg:44.59ms
step:77/1190 train_time:3424ms step_avg:44.47ms
step:78/1190 train_time:3471ms step_avg:44.50ms
step:79/1190 train_time:3506ms step_avg:44.38ms
step:80/1190 train_time:3552ms step_avg:44.41ms
step:81/1190 train_time:3587ms step_avg:44.29ms
step:82/1190 train_time:3633ms step_avg:44.31ms
step:83/1190 train_time:3669ms step_avg:44.21ms
step:84/1190 train_time:3715ms step_avg:44.22ms
step:85/1190 train_time:3751ms step_avg:44.13ms
step:86/1190 train_time:3798ms step_avg:44.16ms
step:87/1190 train_time:3833ms step_avg:44.06ms
step:88/1190 train_time:3879ms step_avg:44.08ms
step:89/1190 train_time:3915ms step_avg:43.99ms
step:90/1190 train_time:3961ms step_avg:44.01ms
step:91/1190 train_time:3996ms step_avg:43.92ms
step:92/1190 train_time:4044ms step_avg:43.95ms
step:93/1190 train_time:4078ms step_avg:43.85ms
step:94/1190 train_time:4125ms step_avg:43.89ms
step:95/1190 train_time:4160ms step_avg:43.79ms
step:96/1190 train_time:4207ms step_avg:43.82ms
step:97/1190 train_time:4242ms step_avg:43.74ms
step:98/1190 train_time:4288ms step_avg:43.76ms
step:99/1190 train_time:4323ms step_avg:43.67ms
step:100/1190 train_time:4370ms step_avg:43.70ms
step:101/1190 train_time:4405ms step_avg:43.62ms
step:102/1190 train_time:4452ms step_avg:43.65ms
step:103/1190 train_time:4487ms step_avg:43.56ms
step:104/1190 train_time:4533ms step_avg:43.58ms
step:105/1190 train_time:4568ms step_avg:43.50ms
step:106/1190 train_time:4615ms step_avg:43.54ms
step:107/1190 train_time:4650ms step_avg:43.46ms
step:108/1190 train_time:4696ms step_avg:43.48ms
step:109/1190 train_time:4732ms step_avg:43.41ms
step:110/1190 train_time:4777ms step_avg:43.43ms
step:111/1190 train_time:4813ms step_avg:43.36ms
step:112/1190 train_time:4860ms step_avg:43.39ms
step:113/1190 train_time:4895ms step_avg:43.32ms
step:114/1190 train_time:4940ms step_avg:43.33ms
step:115/1190 train_time:4976ms step_avg:43.27ms
step:116/1190 train_time:5022ms step_avg:43.29ms
step:117/1190 train_time:5058ms step_avg:43.23ms
step:118/1190 train_time:5104ms step_avg:43.25ms
step:119/1190 train_time:5140ms step_avg:43.19ms
step:120/1190 train_time:5186ms step_avg:43.22ms
step:121/1190 train_time:5221ms step_avg:43.15ms
step:122/1190 train_time:5268ms step_avg:43.18ms
step:123/1190 train_time:5303ms step_avg:43.11ms
step:124/1190 train_time:5350ms step_avg:43.15ms
step:125/1190 train_time:5384ms step_avg:43.08ms
step:126/1190 train_time:5431ms step_avg:43.10ms
step:127/1190 train_time:5467ms step_avg:43.05ms
step:128/1190 train_time:5513ms step_avg:43.07ms
step:129/1190 train_time:5549ms step_avg:43.01ms
step:130/1190 train_time:5594ms step_avg:43.03ms
step:131/1190 train_time:5630ms step_avg:42.98ms
step:132/1190 train_time:5676ms step_avg:43.00ms
step:133/1190 train_time:5712ms step_avg:42.95ms
step:134/1190 train_time:5758ms step_avg:42.97ms
step:135/1190 train_time:5795ms step_avg:42.93ms
step:136/1190 train_time:5839ms step_avg:42.94ms
step:137/1190 train_time:5875ms step_avg:42.89ms
step:138/1190 train_time:5920ms step_avg:42.90ms
step:139/1190 train_time:5957ms step_avg:42.86ms
step:140/1190 train_time:6002ms step_avg:42.87ms
step:141/1190 train_time:6039ms step_avg:42.83ms
step:142/1190 train_time:6086ms step_avg:42.86ms
step:143/1190 train_time:6120ms step_avg:42.80ms
step:144/1190 train_time:6166ms step_avg:42.82ms
step:145/1190 train_time:6202ms step_avg:42.77ms
step:146/1190 train_time:6248ms step_avg:42.80ms
step:147/1190 train_time:6283ms step_avg:42.74ms
step:148/1190 train_time:6329ms step_avg:42.77ms
step:149/1190 train_time:6366ms step_avg:42.72ms
step:150/1190 train_time:6411ms step_avg:42.74ms
step:151/1190 train_time:6447ms step_avg:42.69ms
step:152/1190 train_time:6494ms step_avg:42.72ms
step:153/1190 train_time:6528ms step_avg:42.67ms
step:154/1190 train_time:6574ms step_avg:42.69ms
step:155/1190 train_time:6610ms step_avg:42.64ms
step:156/1190 train_time:6657ms step_avg:42.67ms
step:157/1190 train_time:6692ms step_avg:42.62ms
step:158/1190 train_time:6738ms step_avg:42.65ms
step:159/1190 train_time:6773ms step_avg:42.60ms
step:160/1190 train_time:6818ms step_avg:42.62ms
step:161/1190 train_time:6855ms step_avg:42.58ms
step:162/1190 train_time:6901ms step_avg:42.60ms
step:163/1190 train_time:6937ms step_avg:42.56ms
step:164/1190 train_time:6984ms step_avg:42.58ms
step:165/1190 train_time:7019ms step_avg:42.54ms
step:166/1190 train_time:7068ms step_avg:42.58ms
step:167/1190 train_time:7100ms step_avg:42.51ms
step:168/1190 train_time:7146ms step_avg:42.54ms
step:169/1190 train_time:7182ms step_avg:42.50ms
step:170/1190 train_time:7228ms step_avg:42.52ms
step:171/1190 train_time:7264ms step_avg:42.48ms
step:172/1190 train_time:7310ms step_avg:42.50ms
step:173/1190 train_time:7345ms step_avg:42.46ms
step:174/1190 train_time:7392ms step_avg:42.48ms
step:175/1190 train_time:7427ms step_avg:42.44ms
step:176/1190 train_time:7472ms step_avg:42.46ms
step:177/1190 train_time:7509ms step_avg:42.42ms
step:178/1190 train_time:7554ms step_avg:42.44ms
step:179/1190 train_time:7590ms step_avg:42.40ms
step:180/1190 train_time:7635ms step_avg:42.42ms
step:181/1190 train_time:7672ms step_avg:42.39ms
step:182/1190 train_time:7717ms step_avg:42.40ms
step:183/1190 train_time:7753ms step_avg:42.37ms
step:184/1190 train_time:7799ms step_avg:42.39ms
step:185/1190 train_time:7835ms step_avg:42.35ms
step:186/1190 train_time:7880ms step_avg:42.37ms
step:187/1190 train_time:7916ms step_avg:42.33ms
step:188/1190 train_time:7962ms step_avg:42.35ms
step:189/1190 train_time:7998ms step_avg:42.32ms
step:190/1190 train_time:8044ms step_avg:42.34ms
step:191/1190 train_time:8079ms step_avg:42.30ms
step:192/1190 train_time:8126ms step_avg:42.32ms
step:193/1190 train_time:8161ms step_avg:42.29ms
step:194/1190 train_time:8208ms step_avg:42.31ms
step:195/1190 train_time:8243ms step_avg:42.27ms
step:196/1190 train_time:8289ms step_avg:42.29ms
step:197/1190 train_time:8325ms step_avg:42.26ms
step:198/1190 train_time:8371ms step_avg:42.28ms
step:199/1190 train_time:8406ms step_avg:42.24ms
step:200/1190 train_time:8453ms step_avg:42.27ms
step:201/1190 train_time:8487ms step_avg:42.23ms
step:202/1190 train_time:8534ms step_avg:42.25ms
step:203/1190 train_time:8569ms step_avg:42.21ms
step:204/1190 train_time:8615ms step_avg:42.23ms
step:205/1190 train_time:8650ms step_avg:42.20ms
step:206/1190 train_time:8697ms step_avg:42.22ms
step:207/1190 train_time:8733ms step_avg:42.19ms
step:208/1190 train_time:8779ms step_avg:42.20ms
step:209/1190 train_time:8814ms step_avg:42.17ms
step:210/1190 train_time:8859ms step_avg:42.19ms
step:211/1190 train_time:8895ms step_avg:42.16ms
step:212/1190 train_time:8942ms step_avg:42.18ms
step:213/1190 train_time:8977ms step_avg:42.15ms
step:214/1190 train_time:9023ms step_avg:42.16ms
step:215/1190 train_time:9058ms step_avg:42.13ms
step:216/1190 train_time:9106ms step_avg:42.16ms
step:217/1190 train_time:9140ms step_avg:42.12ms
step:218/1190 train_time:9186ms step_avg:42.14ms
step:219/1190 train_time:9222ms step_avg:42.11ms
step:220/1190 train_time:9266ms step_avg:42.12ms
step:221/1190 train_time:9303ms step_avg:42.09ms
step:222/1190 train_time:9348ms step_avg:42.11ms
step:223/1190 train_time:9384ms step_avg:42.08ms
step:224/1190 train_time:9432ms step_avg:42.11ms
step:225/1190 train_time:9466ms step_avg:42.07ms
step:226/1190 train_time:9513ms step_avg:42.09ms
step:227/1190 train_time:9548ms step_avg:42.06ms
step:228/1190 train_time:9594ms step_avg:42.08ms
step:229/1190 train_time:9629ms step_avg:42.05ms
step:230/1190 train_time:9675ms step_avg:42.07ms
step:231/1190 train_time:9710ms step_avg:42.04ms
step:232/1190 train_time:9756ms step_avg:42.05ms
step:233/1190 train_time:9793ms step_avg:42.03ms
step:234/1190 train_time:9838ms step_avg:42.04ms
step:235/1190 train_time:9874ms step_avg:42.02ms
step:236/1190 train_time:9920ms step_avg:42.03ms
step:237/1190 train_time:9955ms step_avg:42.01ms
step:238/1190 train_time:10002ms step_avg:42.02ms
step:239/1190 train_time:10037ms step_avg:42.00ms
step:240/1190 train_time:10084ms step_avg:42.02ms
step:241/1190 train_time:10119ms step_avg:41.99ms
step:242/1190 train_time:10164ms step_avg:42.00ms
step:243/1190 train_time:10200ms step_avg:41.98ms
step:244/1190 train_time:10246ms step_avg:41.99ms
step:245/1190 train_time:10282ms step_avg:41.97ms
step:246/1190 train_time:10328ms step_avg:41.98ms
step:247/1190 train_time:10364ms step_avg:41.96ms
step:248/1190 train_time:10409ms step_avg:41.97ms
step:249/1190 train_time:10445ms step_avg:41.95ms
step:250/1190 train_time:10492ms step_avg:41.97ms
step:250/1190 val_loss:4.38773394 train_time:10531ms step_avg:42.12ms
step:251/1190 train_time:10559ms step_avg:42.07ms
step:252/1190 train_time:10592ms step_avg:42.03ms
step:253/1190 train_time:10619ms step_avg:41.97ms
step:254/1190 train_time:10657ms step_avg:41.96ms
step:255/1190 train_time:10695ms step_avg:41.94ms
step:256/1190 train_time:10742ms step_avg:41.96ms
step:257/1190 train_time:10778ms step_avg:41.94ms
step:258/1190 train_time:10824ms step_avg:41.95ms
step:259/1190 train_time:10860ms step_avg:41.93ms
step:260/1190 train_time:10906ms step_avg:41.95ms
step:261/1190 train_time:10941ms step_avg:41.92ms
step:262/1190 train_time:10987ms step_avg:41.94ms
step:263/1190 train_time:11023ms step_avg:41.91ms
step:264/1190 train_time:11069ms step_avg:41.93ms
step:265/1190 train_time:11104ms step_avg:41.90ms
step:266/1190 train_time:11151ms step_avg:41.92ms
step:267/1190 train_time:11186ms step_avg:41.89ms
step:268/1190 train_time:11231ms step_avg:41.91ms
step:269/1190 train_time:11267ms step_avg:41.88ms
step:270/1190 train_time:11313ms step_avg:41.90ms
step:271/1190 train_time:11349ms step_avg:41.88ms
step:272/1190 train_time:11396ms step_avg:41.90ms
step:273/1190 train_time:11430ms step_avg:41.87ms
step:274/1190 train_time:11476ms step_avg:41.88ms
step:275/1190 train_time:11512ms step_avg:41.86ms
step:276/1190 train_time:11557ms step_avg:41.87ms
step:277/1190 train_time:11593ms step_avg:41.85ms
step:278/1190 train_time:11639ms step_avg:41.87ms
step:279/1190 train_time:11675ms step_avg:41.85ms
step:280/1190 train_time:11721ms step_avg:41.86ms
step:281/1190 train_time:11757ms step_avg:41.84ms
step:282/1190 train_time:11802ms step_avg:41.85ms
step:283/1190 train_time:11838ms step_avg:41.83ms
step:284/1190 train_time:11886ms step_avg:41.85ms
step:285/1190 train_time:11935ms step_avg:41.88ms
step:286/1190 train_time:11992ms step_avg:41.93ms
step:287/1190 train_time:12040ms step_avg:41.95ms
step:288/1190 train_time:12097ms step_avg:42.00ms
step:289/1190 train_time:12145ms step_avg:42.02ms
step:290/1190 train_time:12203ms step_avg:42.08ms
step:291/1190 train_time:12251ms step_avg:42.10ms
step:292/1190 train_time:12308ms step_avg:42.15ms
step:293/1190 train_time:12356ms step_avg:42.17ms
step:294/1190 train_time:12413ms step_avg:42.22ms
step:295/1190 train_time:12462ms step_avg:42.24ms
step:296/1190 train_time:12519ms step_avg:42.29ms
step:297/1190 train_time:12568ms step_avg:42.32ms
step:298/1190 train_time:12625ms step_avg:42.37ms
step:299/1190 train_time:12673ms step_avg:42.38ms
step:300/1190 train_time:12730ms step_avg:42.43ms
step:301/1190 train_time:12777ms step_avg:42.45ms
step:302/1190 train_time:12834ms step_avg:42.50ms
step:303/1190 train_time:12882ms step_avg:42.52ms
step:304/1190 train_time:12940ms step_avg:42.56ms
step:305/1190 train_time:12987ms step_avg:42.58ms
step:306/1190 train_time:13044ms step_avg:42.63ms
step:307/1190 train_time:13092ms step_avg:42.64ms
step:308/1190 train_time:13150ms step_avg:42.69ms
step:309/1190 train_time:13197ms step_avg:42.71ms
step:310/1190 train_time:13255ms step_avg:42.76ms
step:311/1190 train_time:13303ms step_avg:42.77ms
step:312/1190 train_time:13360ms step_avg:42.82ms
step:313/1190 train_time:13408ms step_avg:42.84ms
step:314/1190 train_time:13466ms step_avg:42.88ms
step:315/1190 train_time:13514ms step_avg:42.90ms
step:316/1190 train_time:13571ms step_avg:42.95ms
step:317/1190 train_time:13619ms step_avg:42.96ms
step:318/1190 train_time:13676ms step_avg:43.01ms
step:319/1190 train_time:13724ms step_avg:43.02ms
step:320/1190 train_time:13782ms step_avg:43.07ms
step:321/1190 train_time:13829ms step_avg:43.08ms
step:322/1190 train_time:13887ms step_avg:43.13ms
step:323/1190 train_time:13934ms step_avg:43.14ms
step:324/1190 train_time:13991ms step_avg:43.18ms
step:325/1190 train_time:14038ms step_avg:43.20ms
step:326/1190 train_time:14096ms step_avg:43.24ms
step:327/1190 train_time:14143ms step_avg:43.25ms
step:328/1190 train_time:14202ms step_avg:43.30ms
step:329/1190 train_time:14249ms step_avg:43.31ms
step:330/1190 train_time:14307ms step_avg:43.35ms
step:331/1190 train_time:14354ms step_avg:43.37ms
step:332/1190 train_time:14411ms step_avg:43.41ms
step:333/1190 train_time:14459ms step_avg:43.42ms
step:334/1190 train_time:14516ms step_avg:43.46ms
step:335/1190 train_time:14565ms step_avg:43.48ms
step:336/1190 train_time:14622ms step_avg:43.52ms
step:337/1190 train_time:14733ms step_avg:43.72ms
step:338/1190 train_time:14821ms step_avg:43.85ms
step:339/1190 train_time:14888ms step_avg:43.92ms
step:340/1190 train_time:14923ms step_avg:43.89ms
step:341/1190 train_time:14958ms step_avg:43.86ms
step:342/1190 train_time:15016ms step_avg:43.91ms
step:343/1190 train_time:15063ms step_avg:43.92ms
step:344/1190 train_time:15120ms step_avg:43.95ms
step:345/1190 train_time:15167ms step_avg:43.96ms
step:346/1190 train_time:15225ms step_avg:44.00ms
step:347/1190 train_time:15272ms step_avg:44.01ms
step:348/1190 train_time:15330ms step_avg:44.05ms
step:349/1190 train_time:15376ms step_avg:44.06ms
step:350/1190 train_time:15434ms step_avg:44.10ms
step:351/1190 train_time:15481ms step_avg:44.11ms
step:352/1190 train_time:15538ms step_avg:44.14ms
step:353/1190 train_time:15586ms step_avg:44.15ms
step:354/1190 train_time:15645ms step_avg:44.19ms
step:355/1190 train_time:15691ms step_avg:44.20ms
step:356/1190 train_time:15749ms step_avg:44.24ms
step:357/1190 train_time:15796ms step_avg:44.25ms
step:358/1190 train_time:15854ms step_avg:44.28ms
step:359/1190 train_time:15902ms step_avg:44.30ms
step:360/1190 train_time:15961ms step_avg:44.34ms
step:361/1190 train_time:16008ms step_avg:44.34ms
step:362/1190 train_time:16066ms step_avg:44.38ms
step:363/1190 train_time:16113ms step_avg:44.39ms
step:364/1190 train_time:16173ms step_avg:44.43ms
step:365/1190 train_time:16218ms step_avg:44.43ms
step:366/1190 train_time:16275ms step_avg:44.47ms
step:367/1190 train_time:16323ms step_avg:44.48ms
step:368/1190 train_time:16380ms step_avg:44.51ms
step:369/1190 train_time:16428ms step_avg:44.52ms
step:370/1190 train_time:16485ms step_avg:44.55ms
step:371/1190 train_time:16532ms step_avg:44.56ms
step:372/1190 train_time:16590ms step_avg:44.60ms
step:373/1190 train_time:16637ms step_avg:44.60ms
step:374/1190 train_time:16695ms step_avg:44.64ms
step:375/1190 train_time:16742ms step_avg:44.65ms
step:376/1190 train_time:16801ms step_avg:44.68ms
step:377/1190 train_time:16849ms step_avg:44.69ms
step:378/1190 train_time:16907ms step_avg:44.73ms
step:379/1190 train_time:16953ms step_avg:44.73ms
step:380/1190 train_time:17010ms step_avg:44.76ms
step:381/1190 train_time:17059ms step_avg:44.77ms
step:382/1190 train_time:17116ms step_avg:44.81ms
step:383/1190 train_time:17163ms step_avg:44.81ms
step:384/1190 train_time:17221ms step_avg:44.85ms
step:385/1190 train_time:17268ms step_avg:44.85ms
step:386/1190 train_time:17326ms step_avg:44.89ms
step:387/1190 train_time:17373ms step_avg:44.89ms
step:388/1190 train_time:17430ms step_avg:44.92ms
step:389/1190 train_time:17478ms step_avg:44.93ms
step:390/1190 train_time:17535ms step_avg:44.96ms
step:391/1190 train_time:17583ms step_avg:44.97ms
step:392/1190 train_time:17641ms step_avg:45.00ms
step:393/1190 train_time:17689ms step_avg:45.01ms
step:394/1190 train_time:17747ms step_avg:45.04ms
step:395/1190 train_time:17794ms step_avg:45.05ms
step:396/1190 train_time:17851ms step_avg:45.08ms
step:397/1190 train_time:17899ms step_avg:45.08ms
step:398/1190 train_time:17958ms step_avg:45.12ms
step:399/1190 train_time:18004ms step_avg:45.12ms
step:400/1190 train_time:18062ms step_avg:45.16ms
step:401/1190 train_time:18110ms step_avg:45.16ms
step:402/1190 train_time:18168ms step_avg:45.20ms
step:403/1190 train_time:18214ms step_avg:45.20ms
step:404/1190 train_time:18272ms step_avg:45.23ms
step:405/1190 train_time:18320ms step_avg:45.23ms
step:406/1190 train_time:18377ms step_avg:45.26ms
step:407/1190 train_time:18426ms step_avg:45.27ms
step:408/1190 train_time:18484ms step_avg:45.30ms
step:409/1190 train_time:18530ms step_avg:45.31ms
step:410/1190 train_time:18588ms step_avg:45.34ms
step:411/1190 train_time:18635ms step_avg:45.34ms
step:412/1190 train_time:18692ms step_avg:45.37ms
step:413/1190 train_time:18739ms step_avg:45.37ms
step:414/1190 train_time:18797ms step_avg:45.40ms
step:415/1190 train_time:18846ms step_avg:45.41ms
step:416/1190 train_time:18904ms step_avg:45.44ms
step:417/1190 train_time:18951ms step_avg:45.45ms
step:418/1190 train_time:19009ms step_avg:45.48ms
step:419/1190 train_time:19056ms step_avg:45.48ms
step:420/1190 train_time:19114ms step_avg:45.51ms
step:421/1190 train_time:19162ms step_avg:45.52ms
step:422/1190 train_time:19219ms step_avg:45.54ms
step:423/1190 train_time:19268ms step_avg:45.55ms
step:424/1190 train_time:19326ms step_avg:45.58ms
step:425/1190 train_time:19373ms step_avg:45.58ms
step:426/1190 train_time:19430ms step_avg:45.61ms
step:427/1190 train_time:19477ms step_avg:45.61ms
step:428/1190 train_time:19535ms step_avg:45.64ms
step:429/1190 train_time:19583ms step_avg:45.65ms
step:430/1190 train_time:19640ms step_avg:45.67ms
step:431/1190 train_time:19688ms step_avg:45.68ms
step:432/1190 train_time:19745ms step_avg:45.71ms
step:433/1190 train_time:19792ms step_avg:45.71ms
step:434/1190 train_time:19850ms step_avg:45.74ms
step:435/1190 train_time:19897ms step_avg:45.74ms
step:436/1190 train_time:19955ms step_avg:45.77ms
step:437/1190 train_time:20003ms step_avg:45.77ms
step:438/1190 train_time:20061ms step_avg:45.80ms
step:439/1190 train_time:20109ms step_avg:45.81ms
step:440/1190 train_time:20168ms step_avg:45.84ms
step:441/1190 train_time:20214ms step_avg:45.84ms
step:442/1190 train_time:20273ms step_avg:45.87ms
step:443/1190 train_time:20320ms step_avg:45.87ms
step:444/1190 train_time:20377ms step_avg:45.89ms
step:445/1190 train_time:20424ms step_avg:45.90ms
step:446/1190 train_time:20483ms step_avg:45.93ms
step:447/1190 train_time:20530ms step_avg:45.93ms
step:448/1190 train_time:20587ms step_avg:45.95ms
step:449/1190 train_time:20635ms step_avg:45.96ms
step:450/1190 train_time:20692ms step_avg:45.98ms
step:451/1190 train_time:20739ms step_avg:45.99ms
step:452/1190 train_time:20797ms step_avg:46.01ms
step:453/1190 train_time:20845ms step_avg:46.02ms
step:454/1190 train_time:20903ms step_avg:46.04ms
step:455/1190 train_time:20950ms step_avg:46.04ms
step:456/1190 train_time:21008ms step_avg:46.07ms
step:457/1190 train_time:21055ms step_avg:46.07ms
step:458/1190 train_time:21112ms step_avg:46.10ms
step:459/1190 train_time:21160ms step_avg:46.10ms
step:460/1190 train_time:21218ms step_avg:46.13ms
step:461/1190 train_time:21265ms step_avg:46.13ms
step:462/1190 train_time:21323ms step_avg:46.15ms
step:463/1190 train_time:21371ms step_avg:46.16ms
step:464/1190 train_time:21428ms step_avg:46.18ms
step:465/1190 train_time:21476ms step_avg:46.18ms
step:466/1190 train_time:21533ms step_avg:46.21ms
step:467/1190 train_time:21581ms step_avg:46.21ms
step:468/1190 train_time:21638ms step_avg:46.24ms
step:469/1190 train_time:21686ms step_avg:46.24ms
step:470/1190 train_time:21743ms step_avg:46.26ms
step:471/1190 train_time:21791ms step_avg:46.27ms
step:472/1190 train_time:21848ms step_avg:46.29ms
step:473/1190 train_time:21896ms step_avg:46.29ms
step:474/1190 train_time:21953ms step_avg:46.31ms
step:475/1190 train_time:22001ms step_avg:46.32ms
step:476/1190 train_time:22059ms step_avg:46.34ms
step:477/1190 train_time:22107ms step_avg:46.35ms
step:478/1190 train_time:22165ms step_avg:46.37ms
step:479/1190 train_time:22212ms step_avg:46.37ms
step:480/1190 train_time:22270ms step_avg:46.40ms
step:481/1190 train_time:22317ms step_avg:46.40ms
step:482/1190 train_time:22374ms step_avg:46.42ms
step:483/1190 train_time:22422ms step_avg:46.42ms
step:484/1190 train_time:22480ms step_avg:46.45ms
step:485/1190 train_time:22527ms step_avg:46.45ms
step:486/1190 train_time:22585ms step_avg:46.47ms
step:487/1190 train_time:22632ms step_avg:46.47ms
step:488/1190 train_time:22690ms step_avg:46.50ms
step:489/1190 train_time:22737ms step_avg:46.50ms
step:490/1190 train_time:22795ms step_avg:46.52ms
step:491/1190 train_time:22843ms step_avg:46.52ms
step:492/1190 train_time:22900ms step_avg:46.54ms
step:493/1190 train_time:22948ms step_avg:46.55ms
step:494/1190 train_time:23007ms step_avg:46.57ms
step:495/1190 train_time:23053ms step_avg:46.57ms
step:496/1190 train_time:23111ms step_avg:46.59ms
step:497/1190 train_time:23159ms step_avg:46.60ms
step:498/1190 train_time:23216ms step_avg:46.62ms
step:499/1190 train_time:23264ms step_avg:46.62ms
step:500/1190 train_time:23321ms step_avg:46.64ms
step:500/1190 val_loss:3.87773800 train_time:23374ms step_avg:46.75ms
step:501/1190 train_time:23404ms step_avg:46.71ms
step:502/1190 train_time:23437ms step_avg:46.69ms
step:503/1190 train_time:23478ms step_avg:46.68ms
step:504/1190 train_time:23541ms step_avg:46.71ms
step:505/1190 train_time:23592ms step_avg:46.72ms
step:506/1190 train_time:23650ms step_avg:46.74ms
step:507/1190 train_time:23697ms step_avg:46.74ms
step:508/1190 train_time:23754ms step_avg:46.76ms
step:509/1190 train_time:23802ms step_avg:46.76ms
step:510/1190 train_time:23859ms step_avg:46.78ms
step:511/1190 train_time:23907ms step_avg:46.78ms
step:512/1190 train_time:23965ms step_avg:46.81ms
step:513/1190 train_time:24012ms step_avg:46.81ms
step:514/1190 train_time:24070ms step_avg:46.83ms
step:515/1190 train_time:24116ms step_avg:46.83ms
step:516/1190 train_time:24174ms step_avg:46.85ms
step:517/1190 train_time:24221ms step_avg:46.85ms
step:518/1190 train_time:24278ms step_avg:46.87ms
step:519/1190 train_time:24326ms step_avg:46.87ms
step:520/1190 train_time:24383ms step_avg:46.89ms
step:521/1190 train_time:24431ms step_avg:46.89ms
step:522/1190 train_time:24488ms step_avg:46.91ms
step:523/1190 train_time:24536ms step_avg:46.91ms
step:524/1190 train_time:24593ms step_avg:46.93ms
step:525/1190 train_time:24641ms step_avg:46.94ms
step:526/1190 train_time:24698ms step_avg:46.95ms
step:527/1190 train_time:24746ms step_avg:46.96ms
step:528/1190 train_time:24804ms step_avg:46.98ms
step:529/1190 train_time:24851ms step_avg:46.98ms
step:530/1190 train_time:24909ms step_avg:47.00ms
step:531/1190 train_time:24956ms step_avg:47.00ms
step:532/1190 train_time:25013ms step_avg:47.02ms
step:533/1190 train_time:25061ms step_avg:47.02ms
step:534/1190 train_time:25118ms step_avg:47.04ms
step:535/1190 train_time:25165ms step_avg:47.04ms
step:536/1190 train_time:25222ms step_avg:47.06ms
step:537/1190 train_time:25270ms step_avg:47.06ms
step:538/1190 train_time:25328ms step_avg:47.08ms
step:539/1190 train_time:25375ms step_avg:47.08ms
step:540/1190 train_time:25432ms step_avg:47.10ms
step:541/1190 train_time:25480ms step_avg:47.10ms
step:542/1190 train_time:25537ms step_avg:47.12ms
step:543/1190 train_time:25585ms step_avg:47.12ms
step:544/1190 train_time:25643ms step_avg:47.14ms
step:545/1190 train_time:25690ms step_avg:47.14ms
step:546/1190 train_time:25747ms step_avg:47.16ms
step:547/1190 train_time:25794ms step_avg:47.16ms
step:548/1190 train_time:25852ms step_avg:47.17ms
step:549/1190 train_time:25899ms step_avg:47.17ms
step:550/1190 train_time:25957ms step_avg:47.19ms
step:551/1190 train_time:26004ms step_avg:47.19ms
step:552/1190 train_time:26062ms step_avg:47.21ms
step:553/1190 train_time:26109ms step_avg:47.21ms
step:554/1190 train_time:26167ms step_avg:47.23ms
step:555/1190 train_time:26214ms step_avg:47.23ms
step:556/1190 train_time:26271ms step_avg:47.25ms
step:557/1190 train_time:26318ms step_avg:47.25ms
step:558/1190 train_time:26375ms step_avg:47.27ms
step:559/1190 train_time:26423ms step_avg:47.27ms
step:560/1190 train_time:26481ms step_avg:47.29ms
step:561/1190 train_time:26528ms step_avg:47.29ms
step:562/1190 train_time:26585ms step_avg:47.30ms
step:563/1190 train_time:26633ms step_avg:47.31ms
step:564/1190 train_time:26689ms step_avg:47.32ms
step:565/1190 train_time:26737ms step_avg:47.32ms
step:566/1190 train_time:26794ms step_avg:47.34ms
step:567/1190 train_time:26843ms step_avg:47.34ms
step:568/1190 train_time:26900ms step_avg:47.36ms
step:569/1190 train_time:26948ms step_avg:47.36ms
step:570/1190 train_time:27006ms step_avg:47.38ms
step:571/1190 train_time:27053ms step_avg:47.38ms
step:572/1190 train_time:27111ms step_avg:47.40ms
step:573/1190 train_time:27158ms step_avg:47.40ms
step:574/1190 train_time:27215ms step_avg:47.41ms
step:575/1190 train_time:27262ms step_avg:47.41ms
step:576/1190 train_time:27320ms step_avg:47.43ms
step:577/1190 train_time:27368ms step_avg:47.43ms
step:578/1190 train_time:27425ms step_avg:47.45ms
step:579/1190 train_time:27472ms step_avg:47.45ms
step:580/1190 train_time:27529ms step_avg:47.46ms
step:581/1190 train_time:27577ms step_avg:47.46ms
step:582/1190 train_time:27633ms step_avg:47.48ms
step:583/1190 train_time:27682ms step_avg:47.48ms
step:584/1190 train_time:27738ms step_avg:47.50ms
step:585/1190 train_time:27787ms step_avg:47.50ms
step:586/1190 train_time:27843ms step_avg:47.51ms
step:587/1190 train_time:27892ms step_avg:47.52ms
step:588/1190 train_time:27952ms step_avg:47.54ms
step:589/1190 train_time:27997ms step_avg:47.53ms
step:590/1190 train_time:28055ms step_avg:47.55ms
step:591/1190 train_time:28101ms step_avg:47.55ms
step:592/1190 train_time:28159ms step_avg:47.57ms
step:593/1190 train_time:28207ms step_avg:47.57ms
step:594/1190 train_time:28264ms step_avg:47.58ms
step:595/1190 train_time:28311ms step_avg:47.58ms
step:596/1190 train_time:28370ms step_avg:47.60ms
step:597/1190 train_time:28416ms step_avg:47.60ms
step:598/1190 train_time:28474ms step_avg:47.61ms
step:599/1190 train_time:28521ms step_avg:47.61ms
step:600/1190 train_time:28578ms step_avg:47.63ms
step:601/1190 train_time:28626ms step_avg:47.63ms
step:602/1190 train_time:28683ms step_avg:47.65ms
step:603/1190 train_time:28730ms step_avg:47.65ms
step:604/1190 train_time:28788ms step_avg:47.66ms
step:605/1190 train_time:28835ms step_avg:47.66ms
step:606/1190 train_time:28892ms step_avg:47.68ms
step:607/1190 train_time:28939ms step_avg:47.68ms
step:608/1190 train_time:28997ms step_avg:47.69ms
step:609/1190 train_time:29044ms step_avg:47.69ms
step:610/1190 train_time:29102ms step_avg:47.71ms
step:611/1190 train_time:29149ms step_avg:47.71ms
step:612/1190 train_time:29206ms step_avg:47.72ms
step:613/1190 train_time:29254ms step_avg:47.72ms
step:614/1190 train_time:29311ms step_avg:47.74ms
step:615/1190 train_time:29358ms step_avg:47.74ms
step:616/1190 train_time:29416ms step_avg:47.75ms
step:617/1190 train_time:29463ms step_avg:47.75ms
step:618/1190 train_time:29522ms step_avg:47.77ms
step:619/1190 train_time:29568ms step_avg:47.77ms
step:620/1190 train_time:29626ms step_avg:47.78ms
step:621/1190 train_time:29673ms step_avg:47.78ms
step:622/1190 train_time:29730ms step_avg:47.80ms
step:623/1190 train_time:29778ms step_avg:47.80ms
step:624/1190 train_time:29835ms step_avg:47.81ms
step:625/1190 train_time:29883ms step_avg:47.81ms
step:626/1190 train_time:29940ms step_avg:47.83ms
step:627/1190 train_time:29987ms step_avg:47.83ms
step:628/1190 train_time:30045ms step_avg:47.84ms
step:629/1190 train_time:30092ms step_avg:47.84ms
step:630/1190 train_time:30149ms step_avg:47.86ms
step:631/1190 train_time:30197ms step_avg:47.86ms
step:632/1190 train_time:30255ms step_avg:47.87ms
step:633/1190 train_time:30302ms step_avg:47.87ms
step:634/1190 train_time:30359ms step_avg:47.89ms
step:635/1190 train_time:30407ms step_avg:47.88ms
step:636/1190 train_time:30464ms step_avg:47.90ms
step:637/1190 train_time:30512ms step_avg:47.90ms
step:638/1190 train_time:30570ms step_avg:47.91ms
step:639/1190 train_time:30616ms step_avg:47.91ms
step:640/1190 train_time:30674ms step_avg:47.93ms
step:641/1190 train_time:30721ms step_avg:47.93ms
step:642/1190 train_time:30778ms step_avg:47.94ms
step:643/1190 train_time:30826ms step_avg:47.94ms
step:644/1190 train_time:30884ms step_avg:47.96ms
step:645/1190 train_time:30931ms step_avg:47.96ms
step:646/1190 train_time:30989ms step_avg:47.97ms
step:647/1190 train_time:31036ms step_avg:47.97ms
step:648/1190 train_time:31092ms step_avg:47.98ms
step:649/1190 train_time:31141ms step_avg:47.98ms
step:650/1190 train_time:31198ms step_avg:48.00ms
step:651/1190 train_time:31246ms step_avg:48.00ms
step:652/1190 train_time:31303ms step_avg:48.01ms
step:653/1190 train_time:31350ms step_avg:48.01ms
step:654/1190 train_time:31463ms step_avg:48.11ms
step:655/1190 train_time:31494ms step_avg:48.08ms
step:656/1190 train_time:31531ms step_avg:48.07ms
step:657/1190 train_time:31569ms step_avg:48.05ms
step:658/1190 train_time:31625ms step_avg:48.06ms
step:659/1190 train_time:31671ms step_avg:48.06ms
step:660/1190 train_time:31729ms step_avg:48.07ms
step:661/1190 train_time:31776ms step_avg:48.07ms
step:662/1190 train_time:31833ms step_avg:48.09ms
step:663/1190 train_time:31880ms step_avg:48.08ms
step:664/1190 train_time:31938ms step_avg:48.10ms
step:665/1190 train_time:31985ms step_avg:48.10ms
step:666/1190 train_time:32043ms step_avg:48.11ms
step:667/1190 train_time:32090ms step_avg:48.11ms
step:668/1190 train_time:32147ms step_avg:48.12ms
step:669/1190 train_time:32194ms step_avg:48.12ms
step:670/1190 train_time:32251ms step_avg:48.14ms
step:671/1190 train_time:32299ms step_avg:48.14ms
step:672/1190 train_time:32357ms step_avg:48.15ms
step:673/1190 train_time:32405ms step_avg:48.15ms
step:674/1190 train_time:32462ms step_avg:48.16ms
step:675/1190 train_time:32509ms step_avg:48.16ms
step:676/1190 train_time:32566ms step_avg:48.17ms
step:677/1190 train_time:32614ms step_avg:48.17ms
step:678/1190 train_time:32672ms step_avg:48.19ms
step:679/1190 train_time:32719ms step_avg:48.19ms
step:680/1190 train_time:32778ms step_avg:48.20ms
step:681/1190 train_time:32823ms step_avg:48.20ms
step:682/1190 train_time:32880ms step_avg:48.21ms
step:683/1190 train_time:32928ms step_avg:48.21ms
step:684/1190 train_time:32985ms step_avg:48.22ms
step:685/1190 train_time:33032ms step_avg:48.22ms
step:686/1190 train_time:33090ms step_avg:48.24ms
step:687/1190 train_time:33136ms step_avg:48.23ms
step:688/1190 train_time:33193ms step_avg:48.25ms
step:689/1190 train_time:33240ms step_avg:48.24ms
step:690/1190 train_time:33298ms step_avg:48.26ms
step:691/1190 train_time:33346ms step_avg:48.26ms
step:692/1190 train_time:33403ms step_avg:48.27ms
step:693/1190 train_time:33451ms step_avg:48.27ms
step:694/1190 train_time:33508ms step_avg:48.28ms
step:695/1190 train_time:33556ms step_avg:48.28ms
step:696/1190 train_time:33613ms step_avg:48.29ms
step:697/1190 train_time:33660ms step_avg:48.29ms
step:698/1190 train_time:33717ms step_avg:48.31ms
step:699/1190 train_time:33765ms step_avg:48.30ms
step:700/1190 train_time:33823ms step_avg:48.32ms
step:701/1190 train_time:33870ms step_avg:48.32ms
step:702/1190 train_time:33928ms step_avg:48.33ms
step:703/1190 train_time:33974ms step_avg:48.33ms
step:704/1190 train_time:34032ms step_avg:48.34ms
step:705/1190 train_time:34078ms step_avg:48.34ms
step:706/1190 train_time:34135ms step_avg:48.35ms
step:707/1190 train_time:34183ms step_avg:48.35ms
step:708/1190 train_time:34241ms step_avg:48.36ms
step:709/1190 train_time:34315ms step_avg:48.40ms
step:710/1190 train_time:34394ms step_avg:48.44ms
step:711/1190 train_time:34465ms step_avg:48.47ms
step:712/1190 train_time:34544ms step_avg:48.52ms
step:713/1190 train_time:34615ms step_avg:48.55ms
step:714/1190 train_time:34695ms step_avg:48.59ms
step:715/1190 train_time:34767ms step_avg:48.62ms
step:716/1190 train_time:34846ms step_avg:48.67ms
step:717/1190 train_time:34917ms step_avg:48.70ms
step:718/1190 train_time:34997ms step_avg:48.74ms
step:719/1190 train_time:35067ms step_avg:48.77ms
step:720/1190 train_time:35147ms step_avg:48.81ms
step:721/1190 train_time:35217ms step_avg:48.85ms
step:722/1190 train_time:35298ms step_avg:48.89ms
step:723/1190 train_time:35368ms step_avg:48.92ms
step:724/1190 train_time:35447ms step_avg:48.96ms
step:725/1190 train_time:35518ms step_avg:48.99ms
step:726/1190 train_time:35598ms step_avg:49.03ms
step:727/1190 train_time:35668ms step_avg:49.06ms
step:728/1190 train_time:35747ms step_avg:49.10ms
step:729/1190 train_time:35818ms step_avg:49.13ms
step:730/1190 train_time:35899ms step_avg:49.18ms
step:731/1190 train_time:35969ms step_avg:49.20ms
step:732/1190 train_time:36048ms step_avg:49.25ms
step:733/1190 train_time:36119ms step_avg:49.28ms
step:734/1190 train_time:36199ms step_avg:49.32ms
step:735/1190 train_time:36270ms step_avg:49.35ms
step:736/1190 train_time:36348ms step_avg:49.39ms
step:737/1190 train_time:36420ms step_avg:49.42ms
step:738/1190 train_time:36499ms step_avg:49.46ms
step:739/1190 train_time:36570ms step_avg:49.49ms
step:740/1190 train_time:36649ms step_avg:49.53ms
step:741/1190 train_time:36720ms step_avg:49.55ms
step:742/1190 train_time:36799ms step_avg:49.59ms
step:743/1190 train_time:36870ms step_avg:49.62ms
step:744/1190 train_time:36950ms step_avg:49.66ms
step:745/1190 train_time:37020ms step_avg:49.69ms
step:746/1190 train_time:37099ms step_avg:49.73ms
step:747/1190 train_time:37170ms step_avg:49.76ms
step:748/1190 train_time:37249ms step_avg:49.80ms
step:749/1190 train_time:37320ms step_avg:49.83ms
step:750/1190 train_time:37400ms step_avg:49.87ms
step:750/1190 val_loss:3.50113893 train_time:37476ms step_avg:49.97ms
step:751/1190 train_time:37507ms step_avg:49.94ms
step:752/1190 train_time:37554ms step_avg:49.94ms
step:753/1190 train_time:37631ms step_avg:49.98ms
step:754/1190 train_time:37713ms step_avg:50.02ms
step:755/1190 train_time:37784ms step_avg:50.05ms
step:756/1190 train_time:37864ms step_avg:50.09ms
step:757/1190 train_time:37934ms step_avg:50.11ms
step:758/1190 train_time:38015ms step_avg:50.15ms
step:759/1190 train_time:38084ms step_avg:50.18ms
step:760/1190 train_time:38162ms step_avg:50.21ms
step:761/1190 train_time:38234ms step_avg:50.24ms
step:762/1190 train_time:38314ms step_avg:50.28ms
step:763/1190 train_time:38384ms step_avg:50.31ms
step:764/1190 train_time:38462ms step_avg:50.34ms
step:765/1190 train_time:38535ms step_avg:50.37ms
step:766/1190 train_time:38614ms step_avg:50.41ms
step:767/1190 train_time:38686ms step_avg:50.44ms
step:768/1190 train_time:38766ms step_avg:50.48ms
step:769/1190 train_time:38837ms step_avg:50.50ms
step:770/1190 train_time:38918ms step_avg:50.54ms
step:771/1190 train_time:38987ms step_avg:50.57ms
step:772/1190 train_time:39067ms step_avg:50.60ms
step:773/1190 train_time:39138ms step_avg:50.63ms
step:774/1190 train_time:39217ms step_avg:50.67ms
step:775/1190 train_time:39288ms step_avg:50.69ms
step:776/1190 train_time:39366ms step_avg:50.73ms
step:777/1190 train_time:39438ms step_avg:50.76ms
step:778/1190 train_time:39518ms step_avg:50.79ms
step:779/1190 train_time:39588ms step_avg:50.82ms
step:780/1190 train_time:39668ms step_avg:50.86ms
step:781/1190 train_time:39739ms step_avg:50.88ms
step:782/1190 train_time:39818ms step_avg:50.92ms
step:783/1190 train_time:39889ms step_avg:50.94ms
step:784/1190 train_time:39968ms step_avg:50.98ms
step:785/1190 train_time:40040ms step_avg:51.01ms
step:786/1190 train_time:40119ms step_avg:51.04ms
step:787/1190 train_time:40190ms step_avg:51.07ms
step:788/1190 train_time:40269ms step_avg:51.10ms
step:789/1190 train_time:40340ms step_avg:51.13ms
step:790/1190 train_time:40419ms step_avg:51.16ms
step:791/1190 train_time:40490ms step_avg:51.19ms
step:792/1190 train_time:40569ms step_avg:51.22ms
step:793/1190 train_time:40639ms step_avg:51.25ms
step:794/1190 train_time:40720ms step_avg:51.28ms
step:795/1190 train_time:40791ms step_avg:51.31ms
step:796/1190 train_time:40871ms step_avg:51.35ms
step:797/1190 train_time:40943ms step_avg:51.37ms
step:798/1190 train_time:41021ms step_avg:51.41ms
step:799/1190 train_time:41092ms step_avg:51.43ms
step:800/1190 train_time:41172ms step_avg:51.46ms
step:801/1190 train_time:41242ms step_avg:51.49ms
step:802/1190 train_time:41322ms step_avg:51.52ms
step:803/1190 train_time:41393ms step_avg:51.55ms
step:804/1190 train_time:41472ms step_avg:51.58ms
step:805/1190 train_time:41543ms step_avg:51.61ms
step:806/1190 train_time:41622ms step_avg:51.64ms
step:807/1190 train_time:41693ms step_avg:51.66ms
step:808/1190 train_time:41773ms step_avg:51.70ms
step:809/1190 train_time:41843ms step_avg:51.72ms
step:810/1190 train_time:41922ms step_avg:51.76ms
step:811/1190 train_time:41994ms step_avg:51.78ms
step:812/1190 train_time:42073ms step_avg:51.81ms
step:813/1190 train_time:42143ms step_avg:51.84ms
step:814/1190 train_time:42223ms step_avg:51.87ms
step:815/1190 train_time:42295ms step_avg:51.90ms
step:816/1190 train_time:42374ms step_avg:51.93ms
step:817/1190 train_time:42444ms step_avg:51.95ms
step:818/1190 train_time:42523ms step_avg:51.98ms
step:819/1190 train_time:42595ms step_avg:52.01ms
step:820/1190 train_time:42675ms step_avg:52.04ms
step:821/1190 train_time:42745ms step_avg:52.06ms
step:822/1190 train_time:42825ms step_avg:52.10ms
step:823/1190 train_time:42896ms step_avg:52.12ms
step:824/1190 train_time:42977ms step_avg:52.16ms
step:825/1190 train_time:43047ms step_avg:52.18ms
step:826/1190 train_time:43127ms step_avg:52.21ms
step:827/1190 train_time:43197ms step_avg:52.23ms
step:828/1190 train_time:43275ms step_avg:52.26ms
step:829/1190 train_time:43346ms step_avg:52.29ms
step:830/1190 train_time:43425ms step_avg:52.32ms
step:831/1190 train_time:43497ms step_avg:52.34ms
step:832/1190 train_time:43576ms step_avg:52.37ms
step:833/1190 train_time:43647ms step_avg:52.40ms
step:834/1190 train_time:43725ms step_avg:52.43ms
step:835/1190 train_time:43797ms step_avg:52.45ms
step:836/1190 train_time:43877ms step_avg:52.48ms
step:837/1190 train_time:43947ms step_avg:52.51ms
step:838/1190 train_time:44028ms step_avg:52.54ms
step:839/1190 train_time:44098ms step_avg:52.56ms
step:840/1190 train_time:44178ms step_avg:52.59ms
step:841/1190 train_time:44248ms step_avg:52.61ms
step:842/1190 train_time:44327ms step_avg:52.64ms
step:843/1190 train_time:44399ms step_avg:52.67ms
step:844/1190 train_time:44479ms step_avg:52.70ms
step:845/1190 train_time:44549ms step_avg:52.72ms
step:846/1190 train_time:44629ms step_avg:52.75ms
step:847/1190 train_time:44700ms step_avg:52.77ms
step:848/1190 train_time:44779ms step_avg:52.81ms
step:849/1190 train_time:44850ms step_avg:52.83ms
step:850/1190 train_time:44929ms step_avg:52.86ms
step:851/1190 train_time:45000ms step_avg:52.88ms
step:852/1190 train_time:45079ms step_avg:52.91ms
step:853/1190 train_time:45150ms step_avg:52.93ms
step:854/1190 train_time:45229ms step_avg:52.96ms
step:855/1190 train_time:45300ms step_avg:52.98ms
step:856/1190 train_time:45379ms step_avg:53.01ms
step:857/1190 train_time:45450ms step_avg:53.03ms
step:858/1190 train_time:45529ms step_avg:53.06ms
step:859/1190 train_time:45601ms step_avg:53.09ms
step:860/1190 train_time:45680ms step_avg:53.12ms
step:861/1190 train_time:45751ms step_avg:53.14ms
step:862/1190 train_time:45830ms step_avg:53.17ms
step:863/1190 train_time:45901ms step_avg:53.19ms
step:864/1190 train_time:45980ms step_avg:53.22ms
step:865/1190 train_time:46051ms step_avg:53.24ms
step:866/1190 train_time:46131ms step_avg:53.27ms
step:867/1190 train_time:46201ms step_avg:53.29ms
step:868/1190 train_time:46281ms step_avg:53.32ms
step:869/1190 train_time:46351ms step_avg:53.34ms
step:870/1190 train_time:46431ms step_avg:53.37ms
step:871/1190 train_time:46502ms step_avg:53.39ms
step:872/1190 train_time:46581ms step_avg:53.42ms
step:873/1190 train_time:46651ms step_avg:53.44ms
step:874/1190 train_time:46731ms step_avg:53.47ms
step:875/1190 train_time:46801ms step_avg:53.49ms
step:876/1190 train_time:46880ms step_avg:53.52ms
step:877/1190 train_time:46951ms step_avg:53.54ms
step:878/1190 train_time:47031ms step_avg:53.57ms
step:879/1190 train_time:47101ms step_avg:53.59ms
step:880/1190 train_time:47181ms step_avg:53.61ms
step:881/1190 train_time:47251ms step_avg:53.63ms
step:882/1190 train_time:47332ms step_avg:53.66ms
step:883/1190 train_time:47401ms step_avg:53.68ms
step:884/1190 train_time:47481ms step_avg:53.71ms
step:885/1190 train_time:47551ms step_avg:53.73ms
step:886/1190 train_time:47711ms step_avg:53.85ms
step:887/1190 train_time:47782ms step_avg:53.87ms
step:888/1190 train_time:47851ms step_avg:53.89ms
step:889/1190 train_time:47920ms step_avg:53.90ms
step:890/1190 train_time:47999ms step_avg:53.93ms
step:891/1190 train_time:48069ms step_avg:53.95ms
step:892/1190 train_time:48148ms step_avg:53.98ms
step:893/1190 train_time:48219ms step_avg:54.00ms
step:894/1190 train_time:48297ms step_avg:54.02ms
step:895/1190 train_time:48367ms step_avg:54.04ms
step:896/1190 train_time:48446ms step_avg:54.07ms
step:897/1190 train_time:48517ms step_avg:54.09ms
step:898/1190 train_time:48597ms step_avg:54.12ms
step:899/1190 train_time:48668ms step_avg:54.14ms
step:900/1190 train_time:48748ms step_avg:54.16ms
step:901/1190 train_time:48819ms step_avg:54.18ms
step:902/1190 train_time:48900ms step_avg:54.21ms
step:903/1190 train_time:48970ms step_avg:54.23ms
step:904/1190 train_time:49049ms step_avg:54.26ms
step:905/1190 train_time:49120ms step_avg:54.28ms
step:906/1190 train_time:49199ms step_avg:54.30ms
step:907/1190 train_time:49270ms step_avg:54.32ms
step:908/1190 train_time:49349ms step_avg:54.35ms
step:909/1190 train_time:49419ms step_avg:54.37ms
step:910/1190 train_time:49500ms step_avg:54.40ms
step:911/1190 train_time:49570ms step_avg:54.41ms
step:912/1190 train_time:49649ms step_avg:54.44ms
step:913/1190 train_time:49720ms step_avg:54.46ms
step:914/1190 train_time:49800ms step_avg:54.49ms
step:915/1190 train_time:49871ms step_avg:54.50ms
step:916/1190 train_time:49950ms step_avg:54.53ms
step:917/1190 train_time:50021ms step_avg:54.55ms
step:918/1190 train_time:50101ms step_avg:54.58ms
step:919/1190 train_time:50171ms step_avg:54.59ms
step:920/1190 train_time:50250ms step_avg:54.62ms
step:921/1190 train_time:50321ms step_avg:54.64ms
step:922/1190 train_time:50400ms step_avg:54.66ms
step:923/1190 train_time:50471ms step_avg:54.68ms
step:924/1190 train_time:50550ms step_avg:54.71ms
step:925/1190 train_time:50622ms step_avg:54.73ms
step:926/1190 train_time:50701ms step_avg:54.75ms
step:927/1190 train_time:50772ms step_avg:54.77ms
step:928/1190 train_time:50850ms step_avg:54.79ms
step:929/1190 train_time:50922ms step_avg:54.81ms
step:930/1190 train_time:51002ms step_avg:54.84ms
step:931/1190 train_time:51072ms step_avg:54.86ms
step:932/1190 train_time:51152ms step_avg:54.88ms
step:933/1190 train_time:51222ms step_avg:54.90ms
step:934/1190 train_time:51301ms step_avg:54.93ms
step:935/1190 train_time:51372ms step_avg:54.94ms
step:936/1190 train_time:51450ms step_avg:54.97ms
step:937/1190 train_time:51522ms step_avg:54.99ms
step:938/1190 train_time:51602ms step_avg:55.01ms
step:939/1190 train_time:51672ms step_avg:55.03ms
step:940/1190 train_time:51752ms step_avg:55.06ms
step:941/1190 train_time:51823ms step_avg:55.07ms
step:942/1190 train_time:51902ms step_avg:55.10ms
step:943/1190 train_time:51974ms step_avg:55.12ms
step:944/1190 train_time:52053ms step_avg:55.14ms
step:945/1190 train_time:52124ms step_avg:55.16ms
step:946/1190 train_time:52204ms step_avg:55.18ms
step:947/1190 train_time:52275ms step_avg:55.20ms
step:948/1190 train_time:52354ms step_avg:55.23ms
step:949/1190 train_time:52425ms step_avg:55.24ms
step:950/1190 train_time:52505ms step_avg:55.27ms
step:951/1190 train_time:52576ms step_avg:55.28ms
step:952/1190 train_time:52655ms step_avg:55.31ms
step:953/1190 train_time:52725ms step_avg:55.33ms
step:954/1190 train_time:52805ms step_avg:55.35ms
step:955/1190 train_time:52876ms step_avg:55.37ms
step:956/1190 train_time:52956ms step_avg:55.39ms
step:957/1190 train_time:53027ms step_avg:55.41ms
step:958/1190 train_time:53106ms step_avg:55.43ms
step:959/1190 train_time:53177ms step_avg:55.45ms
step:960/1190 train_time:53256ms step_avg:55.48ms
step:961/1190 train_time:53327ms step_avg:55.49ms
step:962/1190 train_time:53407ms step_avg:55.52ms
step:963/1190 train_time:53478ms step_avg:55.53ms
step:964/1190 train_time:53557ms step_avg:55.56ms
step:965/1190 train_time:53627ms step_avg:55.57ms
step:966/1190 train_time:53705ms step_avg:55.60ms
step:967/1190 train_time:53778ms step_avg:55.61ms
step:968/1190 train_time:53857ms step_avg:55.64ms
step:969/1190 train_time:53928ms step_avg:55.65ms
step:970/1190 train_time:54006ms step_avg:55.68ms
step:971/1190 train_time:54079ms step_avg:55.69ms
step:972/1190 train_time:54158ms step_avg:55.72ms
step:973/1190 train_time:54230ms step_avg:55.73ms
step:974/1190 train_time:54308ms step_avg:55.76ms
step:975/1190 train_time:54379ms step_avg:55.77ms
step:976/1190 train_time:54458ms step_avg:55.80ms
step:977/1190 train_time:54530ms step_avg:55.81ms
step:978/1190 train_time:54608ms step_avg:55.84ms
step:979/1190 train_time:54680ms step_avg:55.85ms
step:980/1190 train_time:54758ms step_avg:55.88ms
step:981/1190 train_time:54831ms step_avg:55.89ms
step:982/1190 train_time:54910ms step_avg:55.92ms
step:983/1190 train_time:54981ms step_avg:55.93ms
step:984/1190 train_time:55061ms step_avg:55.96ms
step:985/1190 train_time:55131ms step_avg:55.97ms
step:986/1190 train_time:55212ms step_avg:56.00ms
step:987/1190 train_time:55281ms step_avg:56.01ms
step:988/1190 train_time:55360ms step_avg:56.03ms
step:989/1190 train_time:55431ms step_avg:56.05ms
step:990/1190 train_time:55510ms step_avg:56.07ms
step:991/1190 train_time:55582ms step_avg:56.09ms
step:992/1190 train_time:55661ms step_avg:56.11ms
step:993/1190 train_time:55732ms step_avg:56.12ms
step:994/1190 train_time:55811ms step_avg:56.15ms
step:995/1190 train_time:55882ms step_avg:56.16ms
step:996/1190 train_time:55961ms step_avg:56.19ms
step:997/1190 train_time:56032ms step_avg:56.20ms
step:998/1190 train_time:56111ms step_avg:56.22ms
step:999/1190 train_time:56183ms step_avg:56.24ms
step:1000/1190 train_time:56261ms step_avg:56.26ms
step:1000/1190 val_loss:3.34805489 train_time:56338ms step_avg:56.34ms
step:1001/1190 train_time:56367ms step_avg:56.31ms
step:1002/1190 train_time:56416ms step_avg:56.30ms
step:1003/1190 train_time:56491ms step_avg:56.32ms
step:1004/1190 train_time:56573ms step_avg:56.35ms
step:1005/1190 train_time:56647ms step_avg:56.36ms
step:1006/1190 train_time:56727ms step_avg:56.39ms
step:1007/1190 train_time:56796ms step_avg:56.40ms
step:1008/1190 train_time:56876ms step_avg:56.42ms
step:1009/1190 train_time:56946ms step_avg:56.44ms
step:1010/1190 train_time:57025ms step_avg:56.46ms
step:1011/1190 train_time:57096ms step_avg:56.47ms
step:1012/1190 train_time:57176ms step_avg:56.50ms
step:1013/1190 train_time:57246ms step_avg:56.51ms
step:1014/1190 train_time:57325ms step_avg:56.53ms
step:1015/1190 train_time:57395ms step_avg:56.55ms
step:1016/1190 train_time:57474ms step_avg:56.57ms
step:1017/1190 train_time:57546ms step_avg:56.58ms
step:1018/1190 train_time:57626ms step_avg:56.61ms
step:1019/1190 train_time:57697ms step_avg:56.62ms
step:1020/1190 train_time:57777ms step_avg:56.64ms
step:1021/1190 train_time:57847ms step_avg:56.66ms
step:1022/1190 train_time:57927ms step_avg:56.68ms
step:1023/1190 train_time:57997ms step_avg:56.69ms
step:1024/1190 train_time:58077ms step_avg:56.72ms
step:1025/1190 train_time:58147ms step_avg:56.73ms
step:1026/1190 train_time:58226ms step_avg:56.75ms
step:1027/1190 train_time:58297ms step_avg:56.76ms
step:1028/1190 train_time:58375ms step_avg:56.78ms
step:1029/1190 train_time:58447ms step_avg:56.80ms
step:1030/1190 train_time:58526ms step_avg:56.82ms
step:1031/1190 train_time:58596ms step_avg:56.83ms
step:1032/1190 train_time:58676ms step_avg:56.86ms
step:1033/1190 train_time:58747ms step_avg:56.87ms
step:1034/1190 train_time:58826ms step_avg:56.89ms
step:1035/1190 train_time:58897ms step_avg:56.91ms
step:1036/1190 train_time:58975ms step_avg:56.93ms
step:1037/1190 train_time:59046ms step_avg:56.94ms
step:1038/1190 train_time:59126ms step_avg:56.96ms
step:1039/1190 train_time:59196ms step_avg:56.97ms
step:1040/1190 train_time:59275ms step_avg:56.99ms
step:1041/1190 train_time:59345ms step_avg:57.01ms
step:1042/1190 train_time:59426ms step_avg:57.03ms
step:1043/1190 train_time:59496ms step_avg:57.04ms
step:1044/1190 train_time:59576ms step_avg:57.06ms
step:1045/1190 train_time:59647ms step_avg:57.08ms
step:1046/1190 train_time:59726ms step_avg:57.10ms
step:1047/1190 train_time:59797ms step_avg:57.11ms
step:1048/1190 train_time:59876ms step_avg:57.13ms
step:1049/1190 train_time:59947ms step_avg:57.15ms
step:1050/1190 train_time:60027ms step_avg:57.17ms
step:1051/1190 train_time:60097ms step_avg:57.18ms
step:1052/1190 train_time:60176ms step_avg:57.20ms
step:1053/1190 train_time:60246ms step_avg:57.21ms
step:1054/1190 train_time:60327ms step_avg:57.24ms
step:1055/1190 train_time:60396ms step_avg:57.25ms
step:1056/1190 train_time:60476ms step_avg:57.27ms
step:1057/1190 train_time:60546ms step_avg:57.28ms
step:1058/1190 train_time:60626ms step_avg:57.30ms
step:1059/1190 train_time:60696ms step_avg:57.31ms
step:1060/1190 train_time:60775ms step_avg:57.34ms
step:1061/1190 train_time:60847ms step_avg:57.35ms
step:1062/1190 train_time:60926ms step_avg:57.37ms
step:1063/1190 train_time:60997ms step_avg:57.38ms
step:1064/1190 train_time:61077ms step_avg:57.40ms
step:1065/1190 train_time:61147ms step_avg:57.42ms
step:1066/1190 train_time:61226ms step_avg:57.44ms
step:1067/1190 train_time:61296ms step_avg:57.45ms
step:1068/1190 train_time:61375ms step_avg:57.47ms
step:1069/1190 train_time:61446ms step_avg:57.48ms
step:1070/1190 train_time:61525ms step_avg:57.50ms
step:1071/1190 train_time:61596ms step_avg:57.51ms
step:1072/1190 train_time:61675ms step_avg:57.53ms
step:1073/1190 train_time:61746ms step_avg:57.55ms
step:1074/1190 train_time:61826ms step_avg:57.57ms
step:1075/1190 train_time:61897ms step_avg:57.58ms
step:1076/1190 train_time:61976ms step_avg:57.60ms
step:1077/1190 train_time:62047ms step_avg:57.61ms
step:1078/1190 train_time:62126ms step_avg:57.63ms
step:1079/1190 train_time:62197ms step_avg:57.64ms
step:1080/1190 train_time:62276ms step_avg:57.66ms
step:1081/1190 train_time:62347ms step_avg:57.68ms
step:1082/1190 train_time:62426ms step_avg:57.70ms
step:1083/1190 train_time:62496ms step_avg:57.71ms
step:1084/1190 train_time:62575ms step_avg:57.73ms
step:1085/1190 train_time:62647ms step_avg:57.74ms
step:1086/1190 train_time:62727ms step_avg:57.76ms
step:1087/1190 train_time:62797ms step_avg:57.77ms
step:1088/1190 train_time:62877ms step_avg:57.79ms
step:1089/1190 train_time:62948ms step_avg:57.80ms
step:1090/1190 train_time:63027ms step_avg:57.82ms
step:1091/1190 train_time:63098ms step_avg:57.83ms
step:1092/1190 train_time:63177ms step_avg:57.85ms
step:1093/1190 train_time:63248ms step_avg:57.87ms
step:1094/1190 train_time:63327ms step_avg:57.89ms
step:1095/1190 train_time:63397ms step_avg:57.90ms
step:1096/1190 train_time:63475ms step_avg:57.92ms
step:1097/1190 train_time:63548ms step_avg:57.93ms
step:1098/1190 train_time:63629ms step_avg:57.95ms
step:1099/1190 train_time:63703ms step_avg:57.96ms
step:1100/1190 train_time:63785ms step_avg:57.99ms
step:1101/1190 train_time:63857ms step_avg:58.00ms
step:1102/1190 train_time:63936ms step_avg:58.02ms
step:1103/1190 train_time:64006ms step_avg:58.03ms
step:1104/1190 train_time:64088ms step_avg:58.05ms
step:1105/1190 train_time:64157ms step_avg:58.06ms
step:1106/1190 train_time:64236ms step_avg:58.08ms
step:1107/1190 train_time:64307ms step_avg:58.09ms
step:1108/1190 train_time:64386ms step_avg:58.11ms
step:1109/1190 train_time:64457ms step_avg:58.12ms
step:1110/1190 train_time:64536ms step_avg:58.14ms
step:1111/1190 train_time:64607ms step_avg:58.15ms
step:1112/1190 train_time:64686ms step_avg:58.17ms
step:1113/1190 train_time:64758ms step_avg:58.18ms
step:1114/1190 train_time:64836ms step_avg:58.20ms
step:1115/1190 train_time:64908ms step_avg:58.21ms
step:1116/1190 train_time:64986ms step_avg:58.23ms
step:1117/1190 train_time:65057ms step_avg:58.24ms
step:1118/1190 train_time:65136ms step_avg:58.26ms
step:1119/1190 train_time:65208ms step_avg:58.27ms
step:1120/1190 train_time:65287ms step_avg:58.29ms
step:1121/1190 train_time:65358ms step_avg:58.30ms
step:1122/1190 train_time:65437ms step_avg:58.32ms
step:1123/1190 train_time:65508ms step_avg:58.33ms
step:1124/1190 train_time:65587ms step_avg:58.35ms
step:1125/1190 train_time:65658ms step_avg:58.36ms
step:1126/1190 train_time:65741ms step_avg:58.38ms
step:1127/1190 train_time:65812ms step_avg:58.40ms
step:1128/1190 train_time:65900ms step_avg:58.42ms
step:1129/1190 train_time:65959ms step_avg:58.42ms
step:1130/1190 train_time:66040ms step_avg:58.44ms
step:1131/1190 train_time:66112ms step_avg:58.45ms
step:1132/1190 train_time:66198ms step_avg:58.48ms
step:1133/1190 train_time:66268ms step_avg:58.49ms
step:1134/1190 train_time:66343ms step_avg:58.50ms
step:1135/1190 train_time:66415ms step_avg:58.52ms
step:1136/1190 train_time:66494ms step_avg:58.53ms
step:1137/1190 train_time:66567ms step_avg:58.55ms
step:1138/1190 train_time:66646ms step_avg:58.56ms
step:1139/1190 train_time:66717ms step_avg:58.57ms
step:1140/1190 train_time:66797ms step_avg:58.59ms
step:1141/1190 train_time:66867ms step_avg:58.60ms
step:1142/1190 train_time:66947ms step_avg:58.62ms
step:1143/1190 train_time:67018ms step_avg:58.63ms
step:1144/1190 train_time:67097ms step_avg:58.65ms
step:1145/1190 train_time:67169ms step_avg:58.66ms
step:1146/1190 train_time:67248ms step_avg:58.68ms
step:1147/1190 train_time:67320ms step_avg:58.69ms
step:1148/1190 train_time:67399ms step_avg:58.71ms
step:1149/1190 train_time:67472ms step_avg:58.72ms
step:1150/1190 train_time:67553ms step_avg:58.74ms
step:1151/1190 train_time:67623ms step_avg:58.75ms
step:1152/1190 train_time:67702ms step_avg:58.77ms
step:1153/1190 train_time:67774ms step_avg:58.78ms
step:1154/1190 train_time:67853ms step_avg:58.80ms
step:1155/1190 train_time:67924ms step_avg:58.81ms
step:1156/1190 train_time:68004ms step_avg:58.83ms
step:1157/1190 train_time:68076ms step_avg:58.84ms
step:1158/1190 train_time:68156ms step_avg:58.86ms
step:1159/1190 train_time:68227ms step_avg:58.87ms
step:1160/1190 train_time:68307ms step_avg:58.89ms
step:1161/1190 train_time:68378ms step_avg:58.90ms
step:1162/1190 train_time:68459ms step_avg:58.91ms
step:1163/1190 train_time:68529ms step_avg:58.92ms
step:1164/1190 train_time:68609ms step_avg:58.94ms
step:1165/1190 train_time:68679ms step_avg:58.95ms
step:1166/1190 train_time:68761ms step_avg:58.97ms
step:1167/1190 train_time:68831ms step_avg:58.98ms
step:1168/1190 train_time:68910ms step_avg:59.00ms
step:1169/1190 train_time:68980ms step_avg:59.01ms
step:1170/1190 train_time:69064ms step_avg:59.03ms
step:1171/1190 train_time:69131ms step_avg:59.04ms
step:1172/1190 train_time:69212ms step_avg:59.05ms
step:1173/1190 train_time:69283ms step_avg:59.06ms
step:1174/1190 train_time:69362ms step_avg:59.08ms
step:1175/1190 train_time:69435ms step_avg:59.09ms
step:1176/1190 train_time:69516ms step_avg:59.11ms
step:1177/1190 train_time:69586ms step_avg:59.12ms
step:1178/1190 train_time:69666ms step_avg:59.14ms
step:1179/1190 train_time:69737ms step_avg:59.15ms
step:1180/1190 train_time:69817ms step_avg:59.17ms
step:1181/1190 train_time:69888ms step_avg:59.18ms
step:1182/1190 train_time:69967ms step_avg:59.19ms
step:1183/1190 train_time:70038ms step_avg:59.20ms
step:1184/1190 train_time:70118ms step_avg:59.22ms
step:1185/1190 train_time:70190ms step_avg:59.23ms
step:1186/1190 train_time:70270ms step_avg:59.25ms
step:1187/1190 train_time:70340ms step_avg:59.26ms
step:1188/1190 train_time:70420ms step_avg:59.28ms
step:1189/1190 train_time:70491ms step_avg:59.29ms
step:1190/1190 train_time:70571ms step_avg:59.30ms
step:1190/1190 val_loss:3.27607536 train_time:70648ms step_avg:59.37ms
peak memory allocated: 32011 MiB reserved: 43660 MiB
