HARNESS_TRAINING_ENV={"OMP_NUM_THREADS": "1", "MKL_NUM_THREADS": "1", "torch_num_threads": 1, "torch_num_interop_threads": 47}
[Gloo] Rank 0 is connected to 7 peer ranks. Expected number of connected peer ranks is : 7
[Gloo] Rank 1 is connected to 7 peer ranks. Expected number of connected peer ranks is : 7
[Gloo] Rank 2 is connected to 7 peer ranks. Expected number of connected peer ranks is : 7
[Gloo] Rank 3 is connected to 7 peer ranks. Expected number of connected peer ranks is : 7
[Gloo] Rank 4 is connected to 7 peer ranks. Expected number of connected peer ranks is : 7
[Gloo] Rank 5 is connected to 7 peer ranks. Expected number of connected peer ranks is : 7
[Gloo] Rank [Gloo] Rank 67 is connected to  is connected to 77 peer ranks.  peer ranks. Expected number of connected peer ranks is : Expected number of connected peer ranks is : 77

/workspace/train_gpt.py:1069: UserWarning: Skipping publisher trust check for 'kernels-community/flash-attn3' because Hugging Face Hub is in offline mode.
  flash_attn_interface = get_kernel('kernels-community/flash-attn3', version=1).flash_attn_interface
/workspace/train_gpt.py:1069: UserWarning: Skipping publisher trust check for 'kernels-community/flash-attn3' because Hugging Face Hub is in offline mode.
  flash_attn_interface = get_kernel('kernels-community/flash-attn3', version=1).flash_attn_interface
/workspace/train_gpt.py:1069: UserWarning: Skipping publisher trust check for 'kernels-community/flash-attn3' because Hugging Face Hub is in offline mode.
  flash_attn_interface = get_kernel('kernels-community/flash-attn3', version=1).flash_attn_interface
/workspace/train_gpt.py:1069: UserWarning: Skipping publisher trust check for 'kernels-community/flash-attn3' because Hugging Face Hub is in offline mode.
  flash_attn_interface = get_kernel('kernels-community/flash-attn3', version=1).flash_attn_interface
/workspace/train_gpt.py:1069: UserWarning: Skipping publisher trust check for 'kernels-community/flash-attn3' because Hugging Face Hub is in offline mode.
  flash_attn_interface = get_kernel('kernels-community/flash-attn3', version=1).flash_attn_interface
/workspace/train_gpt.py:1069: UserWarning: Skipping publisher trust check for 'kernels-community/flash-attn3' because Hugging Face Hub is in offline mode.
  flash_attn_interface = get_kernel('kernels-community/flash-attn3', version=1).flash_attn_interface
/workspace/train_gpt.py:1069: UserWarning: Skipping publisher trust check for 'kernels-community/flash-attn3' because Hugging Face Hub is in offline mode.
  flash_attn_interface = get_kernel('kernels-community/flash-attn3', version=1).flash_attn_interface
/workspace/train_gpt.py:1069: UserWarning: Skipping publisher trust check for 'kernels-community/flash-attn3' because Hugging Face Hub is in offline mode.
  flash_attn_interface = get_kernel('kernels-community/flash-attn3', version=1).flash_attn_interface
logs/74461c39-0df8-4845-ab24-735c89dce457.txt
Compiling model and warming up kernels (~7 minutes on first execution)
Sampling steps [0, 1, 421, 422, 423, 424, 845, 846, 847, 848, 1268, 1269, 1270, 1271] for warmup
Resetting Model
step:0/1285 val_loss:10.82895565 train_time:67ms step_avg:66.97ms
step:1/1285 train_time:294ms step_avg:293.74ms
step:2/1285 train_time:386ms step_avg:192.93ms
step:3/1285 train_time:425ms step_avg:141.70ms
step:4/1285 train_time:467ms step_avg:116.82ms
step:5/1285 train_time:504ms step_avg:100.84ms
step:6/1285 train_time:544ms step_avg:90.66ms
step:7/1285 train_time:579ms step_avg:82.73ms
step:8/1285 train_time:619ms step_avg:77.35ms
step:9/1285 train_time:653ms step_avg:72.56ms
step:10/1285 train_time:692ms step_avg:69.25ms
step:11/1285 train_time:725ms step_avg:65.95ms
step:12/1285 train_time:767ms step_avg:63.91ms
step:13/1285 train_time:801ms step_avg:61.62ms
step:14/1285 train_time:839ms step_avg:59.92ms
step:15/1285 train_time:869ms step_avg:57.95ms
step:16/1285 train_time:906ms step_avg:56.61ms
step:17/1285 train_time:939ms step_avg:55.22ms
step:18/1285 train_time:977ms step_avg:54.30ms
step:19/1285 train_time:1012ms step_avg:53.24ms
step:20/1285 train_time:1047ms step_avg:52.34ms
step:21/1285 train_time:1080ms step_avg:51.45ms
step:22/1285 train_time:1120ms step_avg:50.92ms
step:23/1285 train_time:1155ms step_avg:50.21ms
step:24/1285 train_time:1192ms step_avg:49.68ms
step:25/1285 train_time:1226ms step_avg:49.05ms
step:26/1285 train_time:1263ms step_avg:48.57ms
step:27/1285 train_time:1294ms step_avg:47.92ms
step:28/1285 train_time:1333ms step_avg:47.60ms
step:29/1285 train_time:1364ms step_avg:47.02ms
step:30/1285 train_time:1399ms step_avg:46.63ms
step:31/1285 train_time:1429ms step_avg:46.09ms
step:32/1285 train_time:1463ms step_avg:45.72ms
step:33/1285 train_time:1496ms step_avg:45.33ms
step:34/1285 train_time:1528ms step_avg:44.95ms
step:35/1285 train_time:1559ms step_avg:44.53ms
step:36/1285 train_time:1591ms step_avg:44.18ms
step:37/1285 train_time:1623ms step_avg:43.87ms
step:38/1285 train_time:1657ms step_avg:43.61ms
step:39/1285 train_time:1691ms step_avg:43.37ms
step:40/1285 train_time:1729ms step_avg:43.24ms
step:41/1285 train_time:1762ms step_avg:42.97ms
step:42/1285 train_time:1799ms step_avg:42.82ms
step:43/1285 train_time:1831ms step_avg:42.59ms
step:44/1285 train_time:1868ms step_avg:42.45ms
step:45/1285 train_time:1900ms step_avg:42.23ms
step:46/1285 train_time:1934ms step_avg:42.04ms
step:47/1285 train_time:1965ms step_avg:41.80ms
step:48/1285 train_time:1997ms step_avg:41.60ms
step:49/1285 train_time:2028ms step_avg:41.39ms
step:50/1285 train_time:2064ms step_avg:41.28ms
step:51/1285 train_time:2097ms step_avg:41.13ms
step:52/1285 train_time:2131ms step_avg:40.97ms
step:53/1285 train_time:2161ms step_avg:40.78ms
step:54/1285 train_time:2198ms step_avg:40.71ms
step:55/1285 train_time:2231ms step_avg:40.56ms
step:56/1285 train_time:2267ms step_avg:40.49ms
step:57/1285 train_time:2300ms step_avg:40.34ms
step:58/1285 train_time:2334ms step_avg:40.23ms
step:59/1285 train_time:2363ms step_avg:40.05ms
step:60/1285 train_time:2396ms step_avg:39.94ms
step:61/1285 train_time:2428ms step_avg:39.80ms
step:62/1285 train_time:2464ms step_avg:39.74ms
step:63/1285 train_time:2497ms step_avg:39.63ms
step:64/1285 train_time:2533ms step_avg:39.58ms
step:65/1285 train_time:2566ms step_avg:39.48ms
step:66/1285 train_time:2603ms step_avg:39.43ms
step:67/1285 train_time:2636ms step_avg:39.34ms
step:68/1285 train_time:2672ms step_avg:39.30ms
step:69/1285 train_time:2706ms step_avg:39.22ms
step:70/1285 train_time:2739ms step_avg:39.13ms
step:71/1285 train_time:2768ms step_avg:38.99ms
step:72/1285 train_time:2802ms step_avg:38.92ms
step:73/1285 train_time:2837ms step_avg:38.86ms
step:74/1285 train_time:2874ms step_avg:38.84ms
step:75/1285 train_time:2910ms step_avg:38.80ms
step:76/1285 train_time:2943ms step_avg:38.72ms
step:77/1285 train_time:2975ms step_avg:38.64ms
step:78/1285 train_time:3013ms step_avg:38.63ms
step:79/1285 train_time:3041ms step_avg:38.49ms
step:80/1285 train_time:3082ms step_avg:38.52ms
step:81/1285 train_time:3115ms step_avg:38.46ms
step:82/1285 train_time:3151ms step_avg:38.43ms
step:83/1285 train_time:3183ms step_avg:38.34ms
step:84/1285 train_time:3222ms step_avg:38.35ms
step:85/1285 train_time:3254ms step_avg:38.29ms
step:86/1285 train_time:3291ms step_avg:38.27ms
step:87/1285 train_time:3323ms step_avg:38.20ms
step:88/1285 train_time:3361ms step_avg:38.19ms
step:89/1285 train_time:3393ms step_avg:38.12ms
step:90/1285 train_time:3431ms step_avg:38.12ms
step:91/1285 train_time:3463ms step_avg:38.05ms
step:92/1285 train_time:3497ms step_avg:38.01ms
step:93/1285 train_time:3530ms step_avg:37.96ms
step:94/1285 train_time:3566ms step_avg:37.94ms
step:95/1285 train_time:3598ms step_avg:37.87ms
step:96/1285 train_time:3636ms step_avg:37.88ms
step:97/1285 train_time:3666ms step_avg:37.79ms
step:98/1285 train_time:3699ms step_avg:37.75ms
step:99/1285 train_time:3733ms step_avg:37.70ms
step:100/1285 train_time:3769ms step_avg:37.69ms
step:101/1285 train_time:3797ms step_avg:37.60ms
step:102/1285 train_time:3829ms step_avg:37.54ms
step:103/1285 train_time:3860ms step_avg:37.48ms
step:104/1285 train_time:3894ms step_avg:37.44ms
step:105/1285 train_time:3927ms step_avg:37.40ms
step:106/1285 train_time:3964ms step_avg:37.39ms
step:107/1285 train_time:3996ms step_avg:37.35ms
step:108/1285 train_time:4035ms step_avg:37.36ms
step:109/1285 train_time:4069ms step_avg:37.33ms
step:110/1285 train_time:4108ms step_avg:37.35ms
step:111/1285 train_time:4140ms step_avg:37.30ms
step:112/1285 train_time:4174ms step_avg:37.27ms
step:113/1285 train_time:4207ms step_avg:37.23ms
step:114/1285 train_time:4242ms step_avg:37.21ms
step:115/1285 train_time:4272ms step_avg:37.15ms
step:116/1285 train_time:4307ms step_avg:37.13ms
step:117/1285 train_time:4338ms step_avg:37.07ms
step:118/1285 train_time:4372ms step_avg:37.05ms
step:119/1285 train_time:4403ms step_avg:37.00ms
step:120/1285 train_time:4439ms step_avg:36.99ms
step:121/1285 train_time:4470ms step_avg:36.94ms
step:122/1285 train_time:4507ms step_avg:36.94ms
step:123/1285 train_time:4540ms step_avg:36.91ms
step:124/1285 train_time:4573ms step_avg:36.88ms
step:125/1285 train_time:4605ms step_avg:36.84ms
step:126/1285 train_time:4642ms step_avg:36.84ms
step:127/1285 train_time:4673ms step_avg:36.80ms
step:128/1285 train_time:4710ms step_avg:36.80ms
step:129/1285 train_time:4742ms step_avg:36.76ms
step:130/1285 train_time:4780ms step_avg:36.77ms
step:131/1285 train_time:4815ms step_avg:36.75ms
step:132/1285 train_time:4850ms step_avg:36.74ms
step:133/1285 train_time:4882ms step_avg:36.70ms
step:134/1285 train_time:4917ms step_avg:36.70ms
step:135/1285 train_time:4951ms step_avg:36.68ms
step:136/1285 train_time:4987ms step_avg:36.67ms
step:137/1285 train_time:5020ms step_avg:36.64ms
step:138/1285 train_time:5056ms step_avg:36.64ms
step:139/1285 train_time:5086ms step_avg:36.59ms
step:140/1285 train_time:5122ms step_avg:36.59ms
step:141/1285 train_time:5152ms step_avg:36.54ms
step:142/1285 train_time:5187ms step_avg:36.53ms
step:143/1285 train_time:5219ms step_avg:36.49ms
step:144/1285 train_time:5256ms step_avg:36.50ms
step:145/1285 train_time:5288ms step_avg:36.47ms
step:146/1285 train_time:5324ms step_avg:36.47ms
step:147/1285 train_time:5356ms step_avg:36.44ms
step:148/1285 train_time:5393ms step_avg:36.44ms
step:149/1285 train_time:5424ms step_avg:36.40ms
step:150/1285 train_time:5458ms step_avg:36.39ms
step:151/1285 train_time:5488ms step_avg:36.34ms
step:152/1285 train_time:5517ms step_avg:36.30ms
step:153/1285 train_time:5550ms step_avg:36.27ms
step:154/1285 train_time:5586ms step_avg:36.28ms
step:155/1285 train_time:5618ms step_avg:36.25ms
step:156/1285 train_time:5654ms step_avg:36.24ms
step:157/1285 train_time:5685ms step_avg:36.21ms
step:158/1285 train_time:5723ms step_avg:36.22ms
step:159/1285 train_time:5754ms step_avg:36.19ms
step:160/1285 train_time:5790ms step_avg:36.19ms
step:161/1285 train_time:5825ms step_avg:36.18ms
step:162/1285 train_time:5861ms step_avg:36.18ms
step:163/1285 train_time:5894ms step_avg:36.16ms
step:164/1285 train_time:5931ms step_avg:36.17ms
step:165/1285 train_time:5967ms step_avg:36.16ms
step:166/1285 train_time:6003ms step_avg:36.16ms
step:167/1285 train_time:6035ms step_avg:36.14ms
step:168/1285 train_time:6074ms step_avg:36.15ms
step:169/1285 train_time:6106ms step_avg:36.13ms
step:170/1285 train_time:6143ms step_avg:36.13ms
step:171/1285 train_time:6175ms step_avg:36.11ms
step:172/1285 train_time:6213ms step_avg:36.12ms
step:173/1285 train_time:6245ms step_avg:36.10ms
step:174/1285 train_time:6280ms step_avg:36.09ms
step:175/1285 train_time:6311ms step_avg:36.06ms
step:176/1285 train_time:6348ms step_avg:36.07ms
step:177/1285 train_time:6380ms step_avg:36.05ms
step:178/1285 train_time:6414ms step_avg:36.03ms
step:179/1285 train_time:6447ms step_avg:36.02ms
step:180/1285 train_time:6483ms step_avg:36.02ms
step:181/1285 train_time:6515ms step_avg:36.00ms
step:182/1285 train_time:6551ms step_avg:35.99ms
step:183/1285 train_time:6581ms step_avg:35.96ms
step:184/1285 train_time:6616ms step_avg:35.96ms
step:185/1285 train_time:6649ms step_avg:35.94ms
step:186/1285 train_time:6685ms step_avg:35.94ms
step:187/1285 train_time:6718ms step_avg:35.93ms
step:188/1285 train_time:6755ms step_avg:35.93ms
step:189/1285 train_time:6789ms step_avg:35.92ms
step:190/1285 train_time:6827ms step_avg:35.93ms
step:191/1285 train_time:6859ms step_avg:35.91ms
step:192/1285 train_time:6896ms step_avg:35.92ms
step:193/1285 train_time:6932ms step_avg:35.91ms
step:194/1285 train_time:6969ms step_avg:35.92ms
step:195/1285 train_time:7002ms step_avg:35.91ms
step:196/1285 train_time:7040ms step_avg:35.92ms
step:197/1285 train_time:7073ms step_avg:35.90ms
step:198/1285 train_time:7108ms step_avg:35.90ms
step:199/1285 train_time:7140ms step_avg:35.88ms
step:200/1285 train_time:7176ms step_avg:35.88ms
step:201/1285 train_time:7209ms step_avg:35.86ms
step:202/1285 train_time:7245ms step_avg:35.87ms
step:203/1285 train_time:7278ms step_avg:35.85ms
step:204/1285 train_time:7315ms step_avg:35.86ms
step:205/1285 train_time:7348ms step_avg:35.85ms
step:206/1285 train_time:7384ms step_avg:35.84ms
step:207/1285 train_time:7417ms step_avg:35.83ms
step:208/1285 train_time:7456ms step_avg:35.85ms
step:209/1285 train_time:7489ms step_avg:35.83ms
step:210/1285 train_time:7528ms step_avg:35.85ms
step:211/1285 train_time:7562ms step_avg:35.84ms
step:212/1285 train_time:7597ms step_avg:35.83ms
step:213/1285 train_time:7630ms step_avg:35.82ms
step:214/1285 train_time:7668ms step_avg:35.83ms
step:215/1285 train_time:7702ms step_avg:35.82ms
step:216/1285 train_time:7742ms step_avg:35.84ms
step:217/1285 train_time:7780ms step_avg:35.85ms
step:218/1285 train_time:7819ms step_avg:35.87ms
step:219/1285 train_time:7854ms step_avg:35.86ms
step:220/1285 train_time:7892ms step_avg:35.87ms
step:221/1285 train_time:7926ms step_avg:35.87ms
step:222/1285 train_time:7966ms step_avg:35.88ms
step:223/1285 train_time:7999ms step_avg:35.87ms
step:224/1285 train_time:8037ms step_avg:35.88ms
step:225/1285 train_time:8070ms step_avg:35.87ms
step:226/1285 train_time:8106ms step_avg:35.87ms
step:227/1285 train_time:8139ms step_avg:35.86ms
step:228/1285 train_time:8177ms step_avg:35.87ms
step:229/1285 train_time:8210ms step_avg:35.85ms
step:230/1285 train_time:8249ms step_avg:35.87ms
step:231/1285 train_time:8282ms step_avg:35.85ms
step:232/1285 train_time:8318ms step_avg:35.85ms
step:233/1285 train_time:8352ms step_avg:35.85ms
step:234/1285 train_time:8390ms step_avg:35.85ms
step:235/1285 train_time:8422ms step_avg:35.84ms
step:236/1285 train_time:8462ms step_avg:35.86ms
step:237/1285 train_time:8493ms step_avg:35.83ms
step:238/1285 train_time:8530ms step_avg:35.84ms
step:239/1285 train_time:8565ms step_avg:35.84ms
step:240/1285 train_time:8602ms step_avg:35.84ms
step:241/1285 train_time:8635ms step_avg:35.83ms
step:242/1285 train_time:8672ms step_avg:35.83ms
step:243/1285 train_time:8705ms step_avg:35.82ms
step:244/1285 train_time:8743ms step_avg:35.83ms
step:245/1285 train_time:8775ms step_avg:35.82ms
step:246/1285 train_time:8812ms step_avg:35.82ms
step:247/1285 train_time:8844ms step_avg:35.81ms
step:248/1285 train_time:8882ms step_avg:35.82ms
step:249/1285 train_time:8915ms step_avg:35.80ms
step:250/1285 train_time:8953ms step_avg:35.81ms
step:250/1285 val_loss:4.51819038 train_time:8959ms step_avg:35.84ms
step:251/1285 train_time:8997ms step_avg:35.84ms
step:252/1285 train_time:9037ms step_avg:35.86ms
step:253/1285 train_time:9070ms step_avg:35.85ms
step:254/1285 train_time:9109ms step_avg:35.86ms
step:255/1285 train_time:9140ms step_avg:35.84ms
step:256/1285 train_time:9179ms step_avg:35.85ms
step:257/1285 train_time:9212ms step_avg:35.84ms
step:258/1285 train_time:9248ms step_avg:35.84ms
step:259/1285 train_time:9282ms step_avg:35.84ms
step:260/1285 train_time:9320ms step_avg:35.85ms
step:261/1285 train_time:9355ms step_avg:35.84ms
step:262/1285 train_time:9393ms step_avg:35.85ms
step:263/1285 train_time:9427ms step_avg:35.84ms
step:264/1285 train_time:9464ms step_avg:35.85ms
step:265/1285 train_time:9497ms step_avg:35.84ms
step:266/1285 train_time:9534ms step_avg:35.84ms
step:267/1285 train_time:9567ms step_avg:35.83ms
step:268/1285 train_time:9604ms step_avg:35.83ms
step:269/1285 train_time:9637ms step_avg:35.83ms
step:270/1285 train_time:9674ms step_avg:35.83ms
step:271/1285 train_time:9708ms step_avg:35.82ms
step:272/1285 train_time:9744ms step_avg:35.82ms
step:273/1285 train_time:9773ms step_avg:35.80ms
step:274/1285 train_time:9810ms step_avg:35.80ms
step:275/1285 train_time:9844ms step_avg:35.80ms
step:276/1285 train_time:9882ms step_avg:35.80ms
step:277/1285 train_time:9917ms step_avg:35.80ms
step:278/1285 train_time:9954ms step_avg:35.81ms
step:279/1285 train_time:9986ms step_avg:35.79ms
step:280/1285 train_time:10023ms step_avg:35.80ms
step:281/1285 train_time:10055ms step_avg:35.78ms
step:282/1285 train_time:10092ms step_avg:35.79ms
step:283/1285 train_time:10126ms step_avg:35.78ms
step:284/1285 train_time:10162ms step_avg:35.78ms
step:285/1285 train_time:10196ms step_avg:35.77ms
step:286/1285 train_time:10233ms step_avg:35.78ms
step:287/1285 train_time:10265ms step_avg:35.77ms
step:288/1285 train_time:10299ms step_avg:35.76ms
step:289/1285 train_time:10333ms step_avg:35.75ms
step:290/1285 train_time:10371ms step_avg:35.76ms
step:291/1285 train_time:10404ms step_avg:35.75ms
step:292/1285 train_time:10442ms step_avg:35.76ms
step:293/1285 train_time:10475ms step_avg:35.75ms
step:294/1285 train_time:10510ms step_avg:35.75ms
step:295/1285 train_time:10542ms step_avg:35.73ms
step:296/1285 train_time:10575ms step_avg:35.73ms
step:297/1285 train_time:10607ms step_avg:35.71ms
step:298/1285 train_time:10645ms step_avg:35.72ms
step:299/1285 train_time:10680ms step_avg:35.72ms
step:300/1285 train_time:10717ms step_avg:35.72ms
step:301/1285 train_time:10751ms step_avg:35.72ms
step:302/1285 train_time:10788ms step_avg:35.72ms
step:303/1285 train_time:10825ms step_avg:35.72ms
step:304/1285 train_time:10864ms step_avg:35.74ms
step:305/1285 train_time:10896ms step_avg:35.73ms
step:306/1285 train_time:10936ms step_avg:35.74ms
step:307/1285 train_time:10969ms step_avg:35.73ms
step:308/1285 train_time:11005ms step_avg:35.73ms
step:309/1285 train_time:11039ms step_avg:35.73ms
step:310/1285 train_time:11074ms step_avg:35.72ms
step:311/1285 train_time:11106ms step_avg:35.71ms
step:312/1285 train_time:11142ms step_avg:35.71ms
step:313/1285 train_time:11175ms step_avg:35.70ms
step:314/1285 train_time:11211ms step_avg:35.70ms
step:315/1285 train_time:11244ms step_avg:35.69ms
step:316/1285 train_time:11281ms step_avg:35.70ms
step:317/1285 train_time:11315ms step_avg:35.70ms
step:318/1285 train_time:11353ms step_avg:35.70ms
step:319/1285 train_time:11387ms step_avg:35.70ms
step:320/1285 train_time:11423ms step_avg:35.70ms
step:321/1285 train_time:11456ms step_avg:35.69ms
step:322/1285 train_time:11491ms step_avg:35.69ms
step:323/1285 train_time:11525ms step_avg:35.68ms
step:324/1285 train_time:11563ms step_avg:35.69ms
step:325/1285 train_time:11598ms step_avg:35.69ms
step:326/1285 train_time:11634ms step_avg:35.69ms
step:327/1285 train_time:11665ms step_avg:35.67ms
step:328/1285 train_time:11702ms step_avg:35.68ms
step:329/1285 train_time:11737ms step_avg:35.67ms
step:330/1285 train_time:11773ms step_avg:35.67ms
step:331/1285 train_time:11807ms step_avg:35.67ms
step:332/1285 train_time:11845ms step_avg:35.68ms
step:333/1285 train_time:11879ms step_avg:35.67ms
step:334/1285 train_time:11916ms step_avg:35.68ms
step:335/1285 train_time:11952ms step_avg:35.68ms
step:336/1285 train_time:11990ms step_avg:35.68ms
step:337/1285 train_time:12023ms step_avg:35.68ms
step:338/1285 train_time:12059ms step_avg:35.68ms
step:339/1285 train_time:12091ms step_avg:35.67ms
step:340/1285 train_time:12124ms step_avg:35.66ms
step:341/1285 train_time:12155ms step_avg:35.65ms
step:342/1285 train_time:12192ms step_avg:35.65ms
step:343/1285 train_time:12226ms step_avg:35.64ms
step:344/1285 train_time:12264ms step_avg:35.65ms
step:345/1285 train_time:12297ms step_avg:35.64ms
step:346/1285 train_time:12336ms step_avg:35.65ms
step:347/1285 train_time:12369ms step_avg:35.64ms
step:348/1285 train_time:12404ms step_avg:35.64ms
step:349/1285 train_time:12439ms step_avg:35.64ms
step:350/1285 train_time:12476ms step_avg:35.65ms
step:351/1285 train_time:12510ms step_avg:35.64ms
step:352/1285 train_time:12550ms step_avg:35.65ms
step:353/1285 train_time:12584ms step_avg:35.65ms
step:354/1285 train_time:12624ms step_avg:35.66ms
step:355/1285 train_time:12658ms step_avg:35.66ms
step:356/1285 train_time:12693ms step_avg:35.65ms
step:357/1285 train_time:12725ms step_avg:35.64ms
step:358/1285 train_time:12762ms step_avg:35.65ms
step:359/1285 train_time:12795ms step_avg:35.64ms
step:360/1285 train_time:12834ms step_avg:35.65ms
step:361/1285 train_time:12869ms step_avg:35.65ms
step:362/1285 train_time:12906ms step_avg:35.65ms
step:363/1285 train_time:12942ms step_avg:35.65ms
step:364/1285 train_time:12979ms step_avg:35.66ms
step:365/1285 train_time:13013ms step_avg:35.65ms
step:366/1285 train_time:13053ms step_avg:35.66ms
step:367/1285 train_time:13085ms step_avg:35.65ms
step:368/1285 train_time:13124ms step_avg:35.66ms
step:369/1285 train_time:13158ms step_avg:35.66ms
step:370/1285 train_time:13197ms step_avg:35.67ms
step:371/1285 train_time:13232ms step_avg:35.67ms
step:372/1285 train_time:13270ms step_avg:35.67ms
step:373/1285 train_time:13302ms step_avg:35.66ms
step:374/1285 train_time:13335ms step_avg:35.66ms
step:375/1285 train_time:13367ms step_avg:35.65ms
step:376/1285 train_time:13405ms step_avg:35.65ms
step:377/1285 train_time:13439ms step_avg:35.65ms
step:378/1285 train_time:13476ms step_avg:35.65ms
step:379/1285 train_time:13512ms step_avg:35.65ms
step:380/1285 train_time:13550ms step_avg:35.66ms
step:381/1285 train_time:13584ms step_avg:35.65ms
step:382/1285 train_time:13621ms step_avg:35.66ms
step:383/1285 train_time:13653ms step_avg:35.65ms
step:384/1285 train_time:13686ms step_avg:35.64ms
step:385/1285 train_time:13716ms step_avg:35.63ms
step:386/1285 train_time:13753ms step_avg:35.63ms
step:387/1285 train_time:13786ms step_avg:35.62ms
step:388/1285 train_time:13824ms step_avg:35.63ms
step:389/1285 train_time:13859ms step_avg:35.63ms
step:390/1285 train_time:13894ms step_avg:35.63ms
step:391/1285 train_time:13925ms step_avg:35.61ms
step:392/1285 train_time:13961ms step_avg:35.62ms
step:393/1285 train_time:13994ms step_avg:35.61ms
step:394/1285 train_time:14030ms step_avg:35.61ms
step:395/1285 train_time:14065ms step_avg:35.61ms
step:396/1285 train_time:14102ms step_avg:35.61ms
step:397/1285 train_time:14135ms step_avg:35.60ms
step:398/1285 train_time:14170ms step_avg:35.60ms
step:399/1285 train_time:14203ms step_avg:35.60ms
step:400/1285 train_time:14237ms step_avg:35.59ms
step:401/1285 train_time:14270ms step_avg:35.59ms
step:402/1285 train_time:14307ms step_avg:35.59ms
step:403/1285 train_time:14341ms step_avg:35.59ms
step:404/1285 train_time:14377ms step_avg:35.59ms
step:405/1285 train_time:14409ms step_avg:35.58ms
step:406/1285 train_time:14447ms step_avg:35.58ms
step:407/1285 train_time:14481ms step_avg:35.58ms
step:408/1285 train_time:14518ms step_avg:35.58ms
step:409/1285 train_time:14552ms step_avg:35.58ms
step:410/1285 train_time:14590ms step_avg:35.59ms
step:411/1285 train_time:14624ms step_avg:35.58ms
step:412/1285 train_time:14662ms step_avg:35.59ms
step:413/1285 train_time:14694ms step_avg:35.58ms
step:414/1285 train_time:14730ms step_avg:35.58ms
step:415/1285 train_time:14766ms step_avg:35.58ms
step:416/1285 train_time:14802ms step_avg:35.58ms
step:417/1285 train_time:14835ms step_avg:35.57ms
step:418/1285 train_time:14871ms step_avg:35.58ms
step:419/1285 train_time:14906ms step_avg:35.58ms
step:420/1285 train_time:14942ms step_avg:35.58ms
step:421/1285 train_time:14972ms step_avg:35.56ms
step:422/1285 train_time:15005ms step_avg:35.56ms
step:423/1285 train_time:15037ms step_avg:35.55ms
step:424/1285 train_time:15079ms step_avg:35.56ms
step:425/1285 train_time:15120ms step_avg:35.58ms
step:426/1285 train_time:15181ms step_avg:35.64ms
step:427/1285 train_time:15233ms step_avg:35.67ms
step:428/1285 train_time:15294ms step_avg:35.73ms
step:429/1285 train_time:15346ms step_avg:35.77ms
step:430/1285 train_time:15408ms step_avg:35.83ms
step:431/1285 train_time:15460ms step_avg:35.87ms
step:432/1285 train_time:15521ms step_avg:35.93ms
step:433/1285 train_time:15573ms step_avg:35.97ms
step:434/1285 train_time:15634ms step_avg:36.02ms
step:435/1285 train_time:15688ms step_avg:36.06ms
step:436/1285 train_time:15750ms step_avg:36.12ms
step:437/1285 train_time:15804ms step_avg:36.16ms
step:438/1285 train_time:15868ms step_avg:36.23ms
step:439/1285 train_time:15922ms step_avg:36.27ms
step:440/1285 train_time:15984ms step_avg:36.33ms
step:441/1285 train_time:16037ms step_avg:36.37ms
step:442/1285 train_time:16100ms step_avg:36.42ms
step:443/1285 train_time:16152ms step_avg:36.46ms
step:444/1285 train_time:16214ms step_avg:36.52ms
step:445/1285 train_time:16266ms step_avg:36.55ms
step:446/1285 train_time:16328ms step_avg:36.61ms
step:447/1285 train_time:16380ms step_avg:36.64ms
step:448/1285 train_time:16441ms step_avg:36.70ms
step:449/1285 train_time:16493ms step_avg:36.73ms
step:450/1285 train_time:16555ms step_avg:36.79ms
step:451/1285 train_time:16607ms step_avg:36.82ms
step:452/1285 train_time:16669ms step_avg:36.88ms
step:453/1285 train_time:16722ms step_avg:36.91ms
step:454/1285 train_time:16784ms step_avg:36.97ms
step:455/1285 train_time:16835ms step_avg:37.00ms
step:456/1285 train_time:16899ms step_avg:37.06ms
step:457/1285 train_time:16953ms step_avg:37.10ms
step:458/1285 train_time:17016ms step_avg:37.15ms
step:459/1285 train_time:17069ms step_avg:37.19ms
step:460/1285 train_time:17132ms step_avg:37.24ms
step:461/1285 train_time:17186ms step_avg:37.28ms
step:462/1285 train_time:17248ms step_avg:37.33ms
step:463/1285 train_time:17301ms step_avg:37.37ms
step:464/1285 train_time:17364ms step_avg:37.42ms
step:465/1285 train_time:17415ms step_avg:37.45ms
step:466/1285 train_time:17478ms step_avg:37.51ms
step:467/1285 train_time:17529ms step_avg:37.54ms
step:468/1285 train_time:17594ms step_avg:37.59ms
step:469/1285 train_time:17645ms step_avg:37.62ms
step:470/1285 train_time:17707ms step_avg:37.67ms
step:471/1285 train_time:17760ms step_avg:37.71ms
step:472/1285 train_time:17821ms step_avg:37.76ms
step:473/1285 train_time:17874ms step_avg:37.79ms
step:474/1285 train_time:17937ms step_avg:37.84ms
step:475/1285 train_time:17991ms step_avg:37.87ms
step:476/1285 train_time:18054ms step_avg:37.93ms
step:477/1285 train_time:18247ms step_avg:38.25ms
step:478/1285 train_time:18291ms step_avg:38.27ms
step:479/1285 train_time:18329ms step_avg:38.26ms
step:480/1285 train_time:18375ms step_avg:38.28ms
step:481/1285 train_time:18427ms step_avg:38.31ms
step:482/1285 train_time:18489ms step_avg:38.36ms
step:483/1285 train_time:18540ms step_avg:38.39ms
step:484/1285 train_time:18602ms step_avg:38.43ms
step:485/1285 train_time:18654ms step_avg:38.46ms
step:486/1285 train_time:18715ms step_avg:38.51ms
step:487/1285 train_time:18767ms step_avg:38.54ms
step:488/1285 train_time:18828ms step_avg:38.58ms
step:489/1285 train_time:18880ms step_avg:38.61ms
step:490/1285 train_time:18941ms step_avg:38.65ms
step:491/1285 train_time:18993ms step_avg:38.68ms
step:492/1285 train_time:19055ms step_avg:38.73ms
step:493/1285 train_time:19112ms step_avg:38.77ms
step:494/1285 train_time:19179ms step_avg:38.82ms
step:495/1285 train_time:19235ms step_avg:38.86ms
step:496/1285 train_time:19299ms step_avg:38.91ms
step:497/1285 train_time:19351ms step_avg:38.94ms
step:498/1285 train_time:19415ms step_avg:38.99ms
step:499/1285 train_time:19466ms step_avg:39.01ms
step:500/1285 train_time:19529ms step_avg:39.06ms
step:500/1285 val_loss:4.17273474 train_time:19589ms step_avg:39.18ms
step:501/1285 train_time:19626ms step_avg:39.17ms
step:502/1285 train_time:19665ms step_avg:39.17ms
step:503/1285 train_time:19698ms step_avg:39.16ms
step:504/1285 train_time:19765ms step_avg:39.22ms
step:505/1285 train_time:19820ms step_avg:39.25ms
step:506/1285 train_time:19882ms step_avg:39.29ms
step:507/1285 train_time:19935ms step_avg:39.32ms
step:508/1285 train_time:19996ms step_avg:39.36ms
step:509/1285 train_time:20048ms step_avg:39.39ms
step:510/1285 train_time:20109ms step_avg:39.43ms
step:511/1285 train_time:20161ms step_avg:39.45ms
step:512/1285 train_time:20222ms step_avg:39.50ms
step:513/1285 train_time:20275ms step_avg:39.52ms
step:514/1285 train_time:20336ms step_avg:39.56ms
step:515/1285 train_time:20387ms step_avg:39.59ms
step:516/1285 train_time:20450ms step_avg:39.63ms
step:517/1285 train_time:20505ms step_avg:39.66ms
step:518/1285 train_time:20573ms step_avg:39.72ms
step:519/1285 train_time:20626ms step_avg:39.74ms
step:520/1285 train_time:20688ms step_avg:39.78ms
step:521/1285 train_time:20741ms step_avg:39.81ms
step:522/1285 train_time:20803ms step_avg:39.85ms
step:523/1285 train_time:20856ms step_avg:39.88ms
step:524/1285 train_time:20918ms step_avg:39.92ms
step:525/1285 train_time:20970ms step_avg:39.94ms
step:526/1285 train_time:21032ms step_avg:39.98ms
step:527/1285 train_time:21083ms step_avg:40.01ms
step:528/1285 train_time:21146ms step_avg:40.05ms
step:529/1285 train_time:21198ms step_avg:40.07ms
step:530/1285 train_time:21259ms step_avg:40.11ms
step:531/1285 train_time:21312ms step_avg:40.14ms
step:532/1285 train_time:21373ms step_avg:40.17ms
step:533/1285 train_time:21425ms step_avg:40.20ms
step:534/1285 train_time:21488ms step_avg:40.24ms
step:535/1285 train_time:21542ms step_avg:40.26ms
step:536/1285 train_time:21605ms step_avg:40.31ms
step:537/1285 train_time:21659ms step_avg:40.33ms
step:538/1285 train_time:21721ms step_avg:40.37ms
step:539/1285 train_time:21774ms step_avg:40.40ms
step:540/1285 train_time:21836ms step_avg:40.44ms
step:541/1285 train_time:21889ms step_avg:40.46ms
step:542/1285 train_time:21951ms step_avg:40.50ms
step:543/1285 train_time:22004ms step_avg:40.52ms
step:544/1285 train_time:22065ms step_avg:40.56ms
step:545/1285 train_time:22118ms step_avg:40.58ms
step:546/1285 train_time:22179ms step_avg:40.62ms
step:547/1285 train_time:22231ms step_avg:40.64ms
step:548/1285 train_time:22293ms step_avg:40.68ms
step:549/1285 train_time:22345ms step_avg:40.70ms
step:550/1285 train_time:22408ms step_avg:40.74ms
step:551/1285 train_time:22459ms step_avg:40.76ms
step:552/1285 train_time:22522ms step_avg:40.80ms
step:553/1285 train_time:22575ms step_avg:40.82ms
step:554/1285 train_time:22636ms step_avg:40.86ms
step:555/1285 train_time:22690ms step_avg:40.88ms
step:556/1285 train_time:22753ms step_avg:40.92ms
step:557/1285 train_time:22805ms step_avg:40.94ms
step:558/1285 train_time:22868ms step_avg:40.98ms
step:559/1285 train_time:22920ms step_avg:41.00ms
step:560/1285 train_time:22982ms step_avg:41.04ms
step:561/1285 train_time:23035ms step_avg:41.06ms
step:562/1285 train_time:23095ms step_avg:41.09ms
step:563/1285 train_time:23148ms step_avg:41.11ms
step:564/1285 train_time:23212ms step_avg:41.16ms
step:565/1285 train_time:23262ms step_avg:41.17ms
step:566/1285 train_time:23324ms step_avg:41.21ms
step:567/1285 train_time:23377ms step_avg:41.23ms
step:568/1285 train_time:23439ms step_avg:41.27ms
step:569/1285 train_time:23492ms step_avg:41.29ms
step:570/1285 train_time:23554ms step_avg:41.32ms
step:571/1285 train_time:23607ms step_avg:41.34ms
step:572/1285 train_time:23671ms step_avg:41.38ms
step:573/1285 train_time:23723ms step_avg:41.40ms
step:574/1285 train_time:23786ms step_avg:41.44ms
step:575/1285 train_time:23839ms step_avg:41.46ms
step:576/1285 train_time:23901ms step_avg:41.49ms
step:577/1285 train_time:23954ms step_avg:41.51ms
step:578/1285 train_time:24016ms step_avg:41.55ms
step:579/1285 train_time:24067ms step_avg:41.57ms
step:580/1285 train_time:24129ms step_avg:41.60ms
step:581/1285 train_time:24181ms step_avg:41.62ms
step:582/1285 train_time:24243ms step_avg:41.65ms
step:583/1285 train_time:24296ms step_avg:41.67ms
step:584/1285 train_time:24357ms step_avg:41.71ms
step:585/1285 train_time:24409ms step_avg:41.73ms
step:586/1285 train_time:24472ms step_avg:41.76ms
step:587/1285 train_time:24524ms step_avg:41.78ms
step:588/1285 train_time:24587ms step_avg:41.81ms
step:589/1285 train_time:24640ms step_avg:41.83ms
step:590/1285 train_time:24703ms step_avg:41.87ms
step:591/1285 train_time:24756ms step_avg:41.89ms
step:592/1285 train_time:24819ms step_avg:41.92ms
step:593/1285 train_time:24871ms step_avg:41.94ms
step:594/1285 train_time:24933ms step_avg:41.97ms
step:595/1285 train_time:24986ms step_avg:41.99ms
step:596/1285 train_time:25048ms step_avg:42.03ms
step:597/1285 train_time:25100ms step_avg:42.04ms
step:598/1285 train_time:25162ms step_avg:42.08ms
step:599/1285 train_time:25214ms step_avg:42.09ms
step:600/1285 train_time:25275ms step_avg:42.13ms
step:601/1285 train_time:25329ms step_avg:42.14ms
step:602/1285 train_time:25391ms step_avg:42.18ms
step:603/1285 train_time:25444ms step_avg:42.19ms
step:604/1285 train_time:25505ms step_avg:42.23ms
step:605/1285 train_time:25558ms step_avg:42.25ms
step:606/1285 train_time:25621ms step_avg:42.28ms
step:607/1285 train_time:25674ms step_avg:42.30ms
step:608/1285 train_time:25735ms step_avg:42.33ms
step:609/1285 train_time:25788ms step_avg:42.35ms
step:610/1285 train_time:25850ms step_avg:42.38ms
step:611/1285 train_time:25903ms step_avg:42.39ms
step:612/1285 train_time:25966ms step_avg:42.43ms
step:613/1285 train_time:26017ms step_avg:42.44ms
step:614/1285 train_time:26079ms step_avg:42.47ms
step:615/1285 train_time:26133ms step_avg:42.49ms
step:616/1285 train_time:26194ms step_avg:42.52ms
step:617/1285 train_time:26246ms step_avg:42.54ms
step:618/1285 train_time:26308ms step_avg:42.57ms
step:619/1285 train_time:26361ms step_avg:42.59ms
step:620/1285 train_time:26424ms step_avg:42.62ms
step:621/1285 train_time:26475ms step_avg:42.63ms
step:622/1285 train_time:26538ms step_avg:42.67ms
step:623/1285 train_time:26591ms step_avg:42.68ms
step:624/1285 train_time:26653ms step_avg:42.71ms
step:625/1285 train_time:26705ms step_avg:42.73ms
step:626/1285 train_time:26767ms step_avg:42.76ms
step:627/1285 train_time:26819ms step_avg:42.77ms
step:628/1285 train_time:26882ms step_avg:42.81ms
step:629/1285 train_time:26934ms step_avg:42.82ms
step:630/1285 train_time:26996ms step_avg:42.85ms
step:631/1285 train_time:27049ms step_avg:42.87ms
step:632/1285 train_time:27111ms step_avg:42.90ms
step:633/1285 train_time:27163ms step_avg:42.91ms
step:634/1285 train_time:27225ms step_avg:42.94ms
step:635/1285 train_time:27278ms step_avg:42.96ms
step:636/1285 train_time:27339ms step_avg:42.99ms
step:637/1285 train_time:27392ms step_avg:43.00ms
step:638/1285 train_time:27454ms step_avg:43.03ms
step:639/1285 train_time:27507ms step_avg:43.05ms
step:640/1285 train_time:27570ms step_avg:43.08ms
step:641/1285 train_time:27622ms step_avg:43.09ms
step:642/1285 train_time:27684ms step_avg:43.12ms
step:643/1285 train_time:27737ms step_avg:43.14ms
step:644/1285 train_time:27799ms step_avg:43.17ms
step:645/1285 train_time:27852ms step_avg:43.18ms
step:646/1285 train_time:27914ms step_avg:43.21ms
step:647/1285 train_time:27968ms step_avg:43.23ms
step:648/1285 train_time:28029ms step_avg:43.25ms
step:649/1285 train_time:28081ms step_avg:43.27ms
step:650/1285 train_time:28143ms step_avg:43.30ms
step:651/1285 train_time:28197ms step_avg:43.31ms
step:652/1285 train_time:28259ms step_avg:43.34ms
step:653/1285 train_time:28311ms step_avg:43.36ms
step:654/1285 train_time:28373ms step_avg:43.38ms
step:655/1285 train_time:28425ms step_avg:43.40ms
step:656/1285 train_time:28487ms step_avg:43.43ms
step:657/1285 train_time:28540ms step_avg:43.44ms
step:658/1285 train_time:28602ms step_avg:43.47ms
step:659/1285 train_time:28655ms step_avg:43.48ms
step:660/1285 train_time:28717ms step_avg:43.51ms
step:661/1285 train_time:28770ms step_avg:43.52ms
step:662/1285 train_time:28831ms step_avg:43.55ms
step:663/1285 train_time:28884ms step_avg:43.57ms
step:664/1285 train_time:28945ms step_avg:43.59ms
step:665/1285 train_time:28999ms step_avg:43.61ms
step:666/1285 train_time:29062ms step_avg:43.64ms
step:667/1285 train_time:29114ms step_avg:43.65ms
step:668/1285 train_time:29176ms step_avg:43.68ms
step:669/1285 train_time:29228ms step_avg:43.69ms
step:670/1285 train_time:29290ms step_avg:43.72ms
step:671/1285 train_time:29342ms step_avg:43.73ms
step:672/1285 train_time:29405ms step_avg:43.76ms
step:673/1285 train_time:29458ms step_avg:43.77ms
step:674/1285 train_time:29519ms step_avg:43.80ms
step:675/1285 train_time:29572ms step_avg:43.81ms
step:676/1285 train_time:29634ms step_avg:43.84ms
step:677/1285 train_time:29686ms step_avg:43.85ms
step:678/1285 train_time:29748ms step_avg:43.88ms
step:679/1285 train_time:29800ms step_avg:43.89ms
step:680/1285 train_time:29863ms step_avg:43.92ms
step:681/1285 train_time:29915ms step_avg:43.93ms
step:682/1285 train_time:29977ms step_avg:43.96ms
step:683/1285 train_time:30030ms step_avg:43.97ms
step:684/1285 train_time:30093ms step_avg:44.00ms
step:685/1285 train_time:30145ms step_avg:44.01ms
step:686/1285 train_time:30207ms step_avg:44.03ms
step:687/1285 train_time:30261ms step_avg:44.05ms
step:688/1285 train_time:30320ms step_avg:44.07ms
step:689/1285 train_time:30373ms step_avg:44.08ms
step:690/1285 train_time:30435ms step_avg:44.11ms
step:691/1285 train_time:30487ms step_avg:44.12ms
step:692/1285 train_time:30550ms step_avg:44.15ms
step:693/1285 train_time:30602ms step_avg:44.16ms
step:694/1285 train_time:30666ms step_avg:44.19ms
step:695/1285 train_time:30719ms step_avg:44.20ms
step:696/1285 train_time:30781ms step_avg:44.23ms
step:697/1285 train_time:30833ms step_avg:44.24ms
step:698/1285 train_time:30895ms step_avg:44.26ms
step:699/1285 train_time:30948ms step_avg:44.27ms
step:700/1285 train_time:31010ms step_avg:44.30ms
step:701/1285 train_time:31063ms step_avg:44.31ms
step:702/1285 train_time:31125ms step_avg:44.34ms
step:703/1285 train_time:31177ms step_avg:44.35ms
step:704/1285 train_time:31239ms step_avg:44.37ms
step:705/1285 train_time:31293ms step_avg:44.39ms
step:706/1285 train_time:31354ms step_avg:44.41ms
step:707/1285 train_time:31407ms step_avg:44.42ms
step:708/1285 train_time:31469ms step_avg:44.45ms
step:709/1285 train_time:31521ms step_avg:44.46ms
step:710/1285 train_time:31583ms step_avg:44.48ms
step:711/1285 train_time:31637ms step_avg:44.50ms
step:712/1285 train_time:31699ms step_avg:44.52ms
step:713/1285 train_time:31751ms step_avg:44.53ms
step:714/1285 train_time:31813ms step_avg:44.56ms
step:715/1285 train_time:31865ms step_avg:44.57ms
step:716/1285 train_time:31927ms step_avg:44.59ms
step:717/1285 train_time:31980ms step_avg:44.60ms
step:718/1285 train_time:32043ms step_avg:44.63ms
step:719/1285 train_time:32095ms step_avg:44.64ms
step:720/1285 train_time:32157ms step_avg:44.66ms
step:721/1285 train_time:32209ms step_avg:44.67ms
step:722/1285 train_time:32273ms step_avg:44.70ms
step:723/1285 train_time:32325ms step_avg:44.71ms
step:724/1285 train_time:32387ms step_avg:44.73ms
step:725/1285 train_time:32439ms step_avg:44.74ms
step:726/1285 train_time:32500ms step_avg:44.77ms
step:727/1285 train_time:32553ms step_avg:44.78ms
step:728/1285 train_time:32614ms step_avg:44.80ms
step:729/1285 train_time:32668ms step_avg:44.81ms
step:730/1285 train_time:32730ms step_avg:44.84ms
step:731/1285 train_time:32783ms step_avg:44.85ms
step:732/1285 train_time:32844ms step_avg:44.87ms
step:733/1285 train_time:32897ms step_avg:44.88ms
step:734/1285 train_time:32961ms step_avg:44.91ms
step:735/1285 train_time:33013ms step_avg:44.92ms
step:736/1285 train_time:33075ms step_avg:44.94ms
step:737/1285 train_time:33126ms step_avg:44.95ms
step:738/1285 train_time:33188ms step_avg:44.97ms
step:739/1285 train_time:33241ms step_avg:44.98ms
step:740/1285 train_time:33304ms step_avg:45.01ms
step:741/1285 train_time:33357ms step_avg:45.02ms
step:742/1285 train_time:33418ms step_avg:45.04ms
step:743/1285 train_time:33472ms step_avg:45.05ms
step:744/1285 train_time:33533ms step_avg:45.07ms
step:745/1285 train_time:33585ms step_avg:45.08ms
step:746/1285 train_time:33647ms step_avg:45.10ms
step:747/1285 train_time:33700ms step_avg:45.11ms
step:748/1285 train_time:33764ms step_avg:45.14ms
step:749/1285 train_time:33815ms step_avg:45.15ms
step:750/1285 train_time:33878ms step_avg:45.17ms
step:750/1285 val_loss:3.69234991 train_time:33939ms step_avg:45.25ms
step:751/1285 train_time:33974ms step_avg:45.24ms
step:752/1285 train_time:34014ms step_avg:45.23ms
step:753/1285 train_time:34046ms step_avg:45.21ms
step:754/1285 train_time:34113ms step_avg:45.24ms
step:755/1285 train_time:34168ms step_avg:45.26ms
step:756/1285 train_time:34230ms step_avg:45.28ms
step:757/1285 train_time:34283ms step_avg:45.29ms
step:758/1285 train_time:34344ms step_avg:45.31ms
step:759/1285 train_time:34395ms step_avg:45.32ms
step:760/1285 train_time:34458ms step_avg:45.34ms
step:761/1285 train_time:34509ms step_avg:45.35ms
step:762/1285 train_time:34571ms step_avg:45.37ms
step:763/1285 train_time:34623ms step_avg:45.38ms
step:764/1285 train_time:34683ms step_avg:45.40ms
step:765/1285 train_time:34736ms step_avg:45.41ms
step:766/1285 train_time:34797ms step_avg:45.43ms
step:767/1285 train_time:34853ms step_avg:45.44ms
step:768/1285 train_time:34921ms step_avg:45.47ms
step:769/1285 train_time:34973ms step_avg:45.48ms
step:770/1285 train_time:35037ms step_avg:45.50ms
step:771/1285 train_time:35089ms step_avg:45.51ms
step:772/1285 train_time:35152ms step_avg:45.53ms
step:773/1285 train_time:35205ms step_avg:45.54ms
step:774/1285 train_time:35267ms step_avg:45.56ms
step:775/1285 train_time:35319ms step_avg:45.57ms
step:776/1285 train_time:35380ms step_avg:45.59ms
step:777/1285 train_time:35432ms step_avg:45.60ms
step:778/1285 train_time:35494ms step_avg:45.62ms
step:779/1285 train_time:35546ms step_avg:45.63ms
step:780/1285 train_time:35607ms step_avg:45.65ms
step:781/1285 train_time:35660ms step_avg:45.66ms
step:782/1285 train_time:35722ms step_avg:45.68ms
step:783/1285 train_time:35773ms step_avg:45.69ms
step:784/1285 train_time:35836ms step_avg:45.71ms
step:785/1285 train_time:35889ms step_avg:45.72ms
step:786/1285 train_time:35952ms step_avg:45.74ms
step:787/1285 train_time:36005ms step_avg:45.75ms
step:788/1285 train_time:36067ms step_avg:45.77ms
step:789/1285 train_time:36120ms step_avg:45.78ms
step:790/1285 train_time:36183ms step_avg:45.80ms
step:791/1285 train_time:36236ms step_avg:45.81ms
step:792/1285 train_time:36297ms step_avg:45.83ms
step:793/1285 train_time:36351ms step_avg:45.84ms
step:794/1285 train_time:36477ms step_avg:45.94ms
step:795/1285 train_time:36517ms step_avg:45.93ms
step:796/1285 train_time:36563ms step_avg:45.93ms
step:797/1285 train_time:36600ms step_avg:45.92ms
step:798/1285 train_time:36662ms step_avg:45.94ms
step:799/1285 train_time:36713ms step_avg:45.95ms
step:800/1285 train_time:36774ms step_avg:45.97ms
step:801/1285 train_time:36826ms step_avg:45.98ms
step:802/1285 train_time:36887ms step_avg:45.99ms
step:803/1285 train_time:36940ms step_avg:46.00ms
step:804/1285 train_time:37002ms step_avg:46.02ms
step:805/1285 train_time:37055ms step_avg:46.03ms
step:806/1285 train_time:37117ms step_avg:46.05ms
step:807/1285 train_time:37171ms step_avg:46.06ms
step:808/1285 train_time:37233ms step_avg:46.08ms
step:809/1285 train_time:37285ms step_avg:46.09ms
step:810/1285 train_time:37348ms step_avg:46.11ms
step:811/1285 train_time:37402ms step_avg:46.12ms
step:812/1285 train_time:37465ms step_avg:46.14ms
step:813/1285 train_time:37518ms step_avg:46.15ms
step:814/1285 train_time:37579ms step_avg:46.17ms
step:815/1285 train_time:37631ms step_avg:46.17ms
step:816/1285 train_time:37692ms step_avg:46.19ms
step:817/1285 train_time:37745ms step_avg:46.20ms
step:818/1285 train_time:37807ms step_avg:46.22ms
step:819/1285 train_time:37859ms step_avg:46.23ms
step:820/1285 train_time:37921ms step_avg:46.25ms
step:821/1285 train_time:37974ms step_avg:46.25ms
step:822/1285 train_time:38035ms step_avg:46.27ms
step:823/1285 train_time:38088ms step_avg:46.28ms
step:824/1285 train_time:38150ms step_avg:46.30ms
step:825/1285 train_time:38202ms step_avg:46.31ms
step:826/1285 train_time:38265ms step_avg:46.33ms
step:827/1285 train_time:38318ms step_avg:46.33ms
step:828/1285 train_time:38380ms step_avg:46.35ms
step:829/1285 train_time:38434ms step_avg:46.36ms
step:830/1285 train_time:38495ms step_avg:46.38ms
step:831/1285 train_time:38549ms step_avg:46.39ms
step:832/1285 train_time:38611ms step_avg:46.41ms
step:833/1285 train_time:38663ms step_avg:46.41ms
step:834/1285 train_time:38724ms step_avg:46.43ms
step:835/1285 train_time:38776ms step_avg:46.44ms
step:836/1285 train_time:38838ms step_avg:46.46ms
step:837/1285 train_time:38890ms step_avg:46.46ms
step:838/1285 train_time:38952ms step_avg:46.48ms
step:839/1285 train_time:39004ms step_avg:46.49ms
step:840/1285 train_time:39065ms step_avg:46.51ms
step:841/1285 train_time:39117ms step_avg:46.51ms
step:842/1285 train_time:39179ms step_avg:46.53ms
step:843/1285 train_time:39231ms step_avg:46.54ms
step:844/1285 train_time:39294ms step_avg:46.56ms
step:845/1285 train_time:39347ms step_avg:46.56ms
step:846/1285 train_time:39408ms step_avg:46.58ms
step:847/1285 train_time:39462ms step_avg:46.59ms
step:848/1285 train_time:39525ms step_avg:46.61ms
step:849/1285 train_time:39605ms step_avg:46.65ms
step:850/1285 train_time:39692ms step_avg:46.70ms
step:851/1285 train_time:39770ms step_avg:46.73ms
step:852/1285 train_time:39858ms step_avg:46.78ms
step:853/1285 train_time:39937ms step_avg:46.82ms
step:854/1285 train_time:40024ms step_avg:46.87ms
step:855/1285 train_time:40102ms step_avg:46.90ms
step:856/1285 train_time:40189ms step_avg:46.95ms
step:857/1285 train_time:40266ms step_avg:46.98ms
step:858/1285 train_time:40354ms step_avg:47.03ms
step:859/1285 train_time:40432ms step_avg:47.07ms
step:860/1285 train_time:40520ms step_avg:47.12ms
step:861/1285 train_time:40600ms step_avg:47.16ms
step:862/1285 train_time:40688ms step_avg:47.20ms
step:863/1285 train_time:40766ms step_avg:47.24ms
step:864/1285 train_time:40853ms step_avg:47.28ms
step:865/1285 train_time:40929ms step_avg:47.32ms
step:866/1285 train_time:41016ms step_avg:47.36ms
step:867/1285 train_time:41097ms step_avg:47.40ms
step:868/1285 train_time:41185ms step_avg:47.45ms
step:869/1285 train_time:41263ms step_avg:47.48ms
step:870/1285 train_time:41349ms step_avg:47.53ms
step:871/1285 train_time:41427ms step_avg:47.56ms
step:872/1285 train_time:41514ms step_avg:47.61ms
step:873/1285 train_time:41593ms step_avg:47.64ms
step:874/1285 train_time:41681ms step_avg:47.69ms
step:875/1285 train_time:41759ms step_avg:47.72ms
step:876/1285 train_time:41846ms step_avg:47.77ms
step:877/1285 train_time:41924ms step_avg:47.80ms
step:878/1285 train_time:42011ms step_avg:47.85ms
step:879/1285 train_time:42088ms step_avg:47.88ms
step:880/1285 train_time:42176ms step_avg:47.93ms
step:881/1285 train_time:42254ms step_avg:47.96ms
step:882/1285 train_time:42343ms step_avg:48.01ms
step:883/1285 train_time:42421ms step_avg:48.04ms
step:884/1285 train_time:42508ms step_avg:48.09ms
step:885/1285 train_time:42586ms step_avg:48.12ms
step:886/1285 train_time:42674ms step_avg:48.16ms
step:887/1285 train_time:42752ms step_avg:48.20ms
step:888/1285 train_time:42841ms step_avg:48.24ms
step:889/1285 train_time:42918ms step_avg:48.28ms
step:890/1285 train_time:43006ms step_avg:48.32ms
step:891/1285 train_time:43085ms step_avg:48.36ms
step:892/1285 train_time:43171ms step_avg:48.40ms
step:893/1285 train_time:43249ms step_avg:48.43ms
step:894/1285 train_time:43337ms step_avg:48.48ms
step:895/1285 train_time:43416ms step_avg:48.51ms
step:896/1285 train_time:43504ms step_avg:48.55ms
step:897/1285 train_time:43582ms step_avg:48.59ms
step:898/1285 train_time:43669ms step_avg:48.63ms
step:899/1285 train_time:43747ms step_avg:48.66ms
step:900/1285 train_time:43833ms step_avg:48.70ms
step:901/1285 train_time:43912ms step_avg:48.74ms
step:902/1285 train_time:44000ms step_avg:48.78ms
step:903/1285 train_time:44077ms step_avg:48.81ms
step:904/1285 train_time:44166ms step_avg:48.86ms
step:905/1285 train_time:44244ms step_avg:48.89ms
step:906/1285 train_time:44330ms step_avg:48.93ms
step:907/1285 train_time:44408ms step_avg:48.96ms
step:908/1285 train_time:44495ms step_avg:49.00ms
step:909/1285 train_time:44574ms step_avg:49.04ms
step:910/1285 train_time:44662ms step_avg:49.08ms
step:911/1285 train_time:44740ms step_avg:49.11ms
step:912/1285 train_time:44826ms step_avg:49.15ms
step:913/1285 train_time:44904ms step_avg:49.18ms
step:914/1285 train_time:44991ms step_avg:49.22ms
step:915/1285 train_time:45069ms step_avg:49.26ms
step:916/1285 train_time:45157ms step_avg:49.30ms
step:917/1285 train_time:45236ms step_avg:49.33ms
step:918/1285 train_time:45323ms step_avg:49.37ms
step:919/1285 train_time:45402ms step_avg:49.40ms
step:920/1285 train_time:45488ms step_avg:49.44ms
step:921/1285 train_time:45566ms step_avg:49.47ms
step:922/1285 train_time:45653ms step_avg:49.52ms
step:923/1285 train_time:45731ms step_avg:49.55ms
step:924/1285 train_time:45819ms step_avg:49.59ms
step:925/1285 train_time:45898ms step_avg:49.62ms
step:926/1285 train_time:45985ms step_avg:49.66ms
step:927/1285 train_time:46062ms step_avg:49.69ms
step:928/1285 train_time:46149ms step_avg:49.73ms
step:929/1285 train_time:46227ms step_avg:49.76ms
step:930/1285 train_time:46315ms step_avg:49.80ms
step:931/1285 train_time:46394ms step_avg:49.83ms
step:932/1285 train_time:46483ms step_avg:49.87ms
step:933/1285 train_time:46561ms step_avg:49.90ms
step:934/1285 train_time:46648ms step_avg:49.94ms
step:935/1285 train_time:46725ms step_avg:49.97ms
step:936/1285 train_time:46810ms step_avg:50.01ms
step:937/1285 train_time:46888ms step_avg:50.04ms
step:938/1285 train_time:46977ms step_avg:50.08ms
step:939/1285 train_time:47057ms step_avg:50.11ms
step:940/1285 train_time:47144ms step_avg:50.15ms
step:941/1285 train_time:47222ms step_avg:50.18ms
step:942/1285 train_time:47308ms step_avg:50.22ms
step:943/1285 train_time:47387ms step_avg:50.25ms
step:944/1285 train_time:47475ms step_avg:50.29ms
step:945/1285 train_time:47554ms step_avg:50.32ms
step:946/1285 train_time:47642ms step_avg:50.36ms
step:947/1285 train_time:47719ms step_avg:50.39ms
step:948/1285 train_time:47806ms step_avg:50.43ms
step:949/1285 train_time:47885ms step_avg:50.46ms
step:950/1285 train_time:47971ms step_avg:50.50ms
step:951/1285 train_time:48049ms step_avg:50.53ms
step:952/1285 train_time:48138ms step_avg:50.56ms
step:953/1285 train_time:48217ms step_avg:50.59ms
step:954/1285 train_time:48305ms step_avg:50.63ms
step:955/1285 train_time:48383ms step_avg:50.66ms
step:956/1285 train_time:48470ms step_avg:50.70ms
step:957/1285 train_time:48547ms step_avg:50.73ms
step:958/1285 train_time:48634ms step_avg:50.77ms
step:959/1285 train_time:48714ms step_avg:50.80ms
step:960/1285 train_time:48802ms step_avg:50.84ms
step:961/1285 train_time:48880ms step_avg:50.86ms
step:962/1285 train_time:48967ms step_avg:50.90ms
step:963/1285 train_time:49046ms step_avg:50.93ms
step:964/1285 train_time:49134ms step_avg:50.97ms
step:965/1285 train_time:49211ms step_avg:51.00ms
step:966/1285 train_time:49299ms step_avg:51.03ms
step:967/1285 train_time:49378ms step_avg:51.06ms
step:968/1285 train_time:49465ms step_avg:51.10ms
step:969/1285 train_time:49543ms step_avg:51.13ms
step:970/1285 train_time:49631ms step_avg:51.17ms
step:971/1285 train_time:49707ms step_avg:51.19ms
step:972/1285 train_time:49795ms step_avg:51.23ms
step:973/1285 train_time:49875ms step_avg:51.26ms
step:974/1285 train_time:49962ms step_avg:51.30ms
step:975/1285 train_time:50041ms step_avg:51.32ms
step:976/1285 train_time:50127ms step_avg:51.36ms
step:977/1285 train_time:50205ms step_avg:51.39ms
step:978/1285 train_time:50292ms step_avg:51.42ms
step:979/1285 train_time:50370ms step_avg:51.45ms
step:980/1285 train_time:50458ms step_avg:51.49ms
step:981/1285 train_time:50536ms step_avg:51.52ms
step:982/1285 train_time:50625ms step_avg:51.55ms
step:983/1285 train_time:50703ms step_avg:51.58ms
step:984/1285 train_time:50789ms step_avg:51.61ms
step:985/1285 train_time:50866ms step_avg:51.64ms
step:986/1285 train_time:50955ms step_avg:51.68ms
step:987/1285 train_time:51034ms step_avg:51.71ms
step:988/1285 train_time:51122ms step_avg:51.74ms
step:989/1285 train_time:51200ms step_avg:51.77ms
step:990/1285 train_time:51288ms step_avg:51.81ms
step:991/1285 train_time:51365ms step_avg:51.83ms
step:992/1285 train_time:51452ms step_avg:51.87ms
step:993/1285 train_time:51530ms step_avg:51.89ms
step:994/1285 train_time:51617ms step_avg:51.93ms
step:995/1285 train_time:51698ms step_avg:51.96ms
step:996/1285 train_time:51785ms step_avg:51.99ms
step:997/1285 train_time:51863ms step_avg:52.02ms
step:998/1285 train_time:51950ms step_avg:52.05ms
step:999/1285 train_time:52027ms step_avg:52.08ms
step:1000/1285 train_time:52115ms step_avg:52.11ms
step:1000/1285 val_loss:3.41914153 train_time:52204ms step_avg:52.20ms
step:1001/1285 train_time:52239ms step_avg:52.19ms
step:1002/1285 train_time:52289ms step_avg:52.18ms
step:1003/1285 train_time:52369ms step_avg:52.21ms
step:1004/1285 train_time:52459ms step_avg:52.25ms
step:1005/1285 train_time:52537ms step_avg:52.28ms
step:1006/1285 train_time:52625ms step_avg:52.31ms
step:1007/1285 train_time:52701ms step_avg:52.34ms
step:1008/1285 train_time:52787ms step_avg:52.37ms
step:1009/1285 train_time:52864ms step_avg:52.39ms
step:1010/1285 train_time:52949ms step_avg:52.43ms
step:1011/1285 train_time:53026ms step_avg:52.45ms
step:1012/1285 train_time:53111ms step_avg:52.48ms
step:1013/1285 train_time:53192ms step_avg:52.51ms
step:1014/1285 train_time:53282ms step_avg:52.55ms
step:1015/1285 train_time:53362ms step_avg:52.57ms
step:1016/1285 train_time:53450ms step_avg:52.61ms
step:1017/1285 train_time:53529ms step_avg:52.63ms
step:1018/1285 train_time:53617ms step_avg:52.67ms
step:1019/1285 train_time:53696ms step_avg:52.69ms
step:1020/1285 train_time:53784ms step_avg:52.73ms
step:1021/1285 train_time:53860ms step_avg:52.75ms
step:1022/1285 train_time:53946ms step_avg:52.79ms
step:1023/1285 train_time:54024ms step_avg:52.81ms
step:1024/1285 train_time:54110ms step_avg:52.84ms
step:1025/1285 train_time:54188ms step_avg:52.87ms
step:1026/1285 train_time:54374ms step_avg:53.00ms
step:1027/1285 train_time:54414ms step_avg:52.98ms
step:1028/1285 train_time:54493ms step_avg:53.01ms
step:1029/1285 train_time:54569ms step_avg:53.03ms
step:1030/1285 train_time:54655ms step_avg:53.06ms
step:1031/1285 train_time:54733ms step_avg:53.09ms
step:1032/1285 train_time:54819ms step_avg:53.12ms
step:1033/1285 train_time:54895ms step_avg:53.14ms
step:1034/1285 train_time:54982ms step_avg:53.17ms
step:1035/1285 train_time:55060ms step_avg:53.20ms
step:1036/1285 train_time:55146ms step_avg:53.23ms
step:1037/1285 train_time:55227ms step_avg:53.26ms
step:1038/1285 train_time:55318ms step_avg:53.29ms
step:1039/1285 train_time:55398ms step_avg:53.32ms
step:1040/1285 train_time:55487ms step_avg:53.35ms
step:1041/1285 train_time:55566ms step_avg:53.38ms
step:1042/1285 train_time:55652ms step_avg:53.41ms
step:1043/1285 train_time:55730ms step_avg:53.43ms
step:1044/1285 train_time:55816ms step_avg:53.46ms
step:1045/1285 train_time:55894ms step_avg:53.49ms
step:1046/1285 train_time:55982ms step_avg:53.52ms
step:1047/1285 train_time:56057ms step_avg:53.54ms
step:1048/1285 train_time:56145ms step_avg:53.57ms
step:1049/1285 train_time:56224ms step_avg:53.60ms
step:1050/1285 train_time:56313ms step_avg:53.63ms
step:1051/1285 train_time:56393ms step_avg:53.66ms
step:1052/1285 train_time:56482ms step_avg:53.69ms
step:1053/1285 train_time:56560ms step_avg:53.71ms
step:1054/1285 train_time:56648ms step_avg:53.75ms
step:1055/1285 train_time:56725ms step_avg:53.77ms
step:1056/1285 train_time:56812ms step_avg:53.80ms
step:1057/1285 train_time:56889ms step_avg:53.82ms
step:1058/1285 train_time:56977ms step_avg:53.85ms
step:1059/1285 train_time:57055ms step_avg:53.88ms
step:1060/1285 train_time:57143ms step_avg:53.91ms
step:1061/1285 train_time:57222ms step_avg:53.93ms
step:1062/1285 train_time:57309ms step_avg:53.96ms
step:1063/1285 train_time:57387ms step_avg:53.99ms
step:1064/1285 train_time:57475ms step_avg:54.02ms
step:1065/1285 train_time:57557ms step_avg:54.04ms
step:1066/1285 train_time:57644ms step_avg:54.08ms
step:1067/1285 train_time:57721ms step_avg:54.10ms
step:1068/1285 train_time:57809ms step_avg:54.13ms
step:1069/1285 train_time:57886ms step_avg:54.15ms
step:1070/1285 train_time:57971ms step_avg:54.18ms
step:1071/1285 train_time:58049ms step_avg:54.20ms
step:1072/1285 train_time:58137ms step_avg:54.23ms
step:1073/1285 train_time:58217ms step_avg:54.26ms
step:1074/1285 train_time:58304ms step_avg:54.29ms
step:1075/1285 train_time:58381ms step_avg:54.31ms
step:1076/1285 train_time:58469ms step_avg:54.34ms
step:1077/1285 train_time:58547ms step_avg:54.36ms
step:1078/1285 train_time:58636ms step_avg:54.39ms
step:1079/1285 train_time:58714ms step_avg:54.42ms
step:1080/1285 train_time:58803ms step_avg:54.45ms
step:1081/1285 train_time:58880ms step_avg:54.47ms
step:1082/1285 train_time:58967ms step_avg:54.50ms
step:1083/1285 train_time:59045ms step_avg:54.52ms
step:1084/1285 train_time:59131ms step_avg:54.55ms
step:1085/1285 train_time:59210ms step_avg:54.57ms
step:1086/1285 train_time:59299ms step_avg:54.60ms
step:1087/1285 train_time:59377ms step_avg:54.62ms
step:1088/1285 train_time:59465ms step_avg:54.66ms
step:1089/1285 train_time:59543ms step_avg:54.68ms
step:1090/1285 train_time:59629ms step_avg:54.71ms
step:1091/1285 train_time:59707ms step_avg:54.73ms
step:1092/1285 train_time:59795ms step_avg:54.76ms
step:1093/1285 train_time:59873ms step_avg:54.78ms
step:1094/1285 train_time:59960ms step_avg:54.81ms
step:1095/1285 train_time:60038ms step_avg:54.83ms
step:1096/1285 train_time:60125ms step_avg:54.86ms
step:1097/1285 train_time:60203ms step_avg:54.88ms
step:1098/1285 train_time:60290ms step_avg:54.91ms
step:1099/1285 train_time:60367ms step_avg:54.93ms
step:1100/1285 train_time:60455ms step_avg:54.96ms
step:1101/1285 train_time:60535ms step_avg:54.98ms
step:1102/1285 train_time:60623ms step_avg:55.01ms
step:1103/1285 train_time:60702ms step_avg:55.03ms
step:1104/1285 train_time:60788ms step_avg:55.06ms
step:1105/1285 train_time:60866ms step_avg:55.08ms
step:1106/1285 train_time:60952ms step_avg:55.11ms
step:1107/1285 train_time:61030ms step_avg:55.13ms
step:1108/1285 train_time:61119ms step_avg:55.16ms
step:1109/1285 train_time:61199ms step_avg:55.18ms
step:1110/1285 train_time:61286ms step_avg:55.21ms
step:1111/1285 train_time:61364ms step_avg:55.23ms
step:1112/1285 train_time:61449ms step_avg:55.26ms
step:1113/1285 train_time:61528ms step_avg:55.28ms
step:1114/1285 train_time:61617ms step_avg:55.31ms
step:1115/1285 train_time:61696ms step_avg:55.33ms
step:1116/1285 train_time:61783ms step_avg:55.36ms
step:1117/1285 train_time:61862ms step_avg:55.38ms
step:1118/1285 train_time:61948ms step_avg:55.41ms
step:1119/1285 train_time:62025ms step_avg:55.43ms
step:1120/1285 train_time:62113ms step_avg:55.46ms
step:1121/1285 train_time:62191ms step_avg:55.48ms
step:1122/1285 train_time:62279ms step_avg:55.51ms
step:1123/1285 train_time:62356ms step_avg:55.53ms
step:1124/1285 train_time:62444ms step_avg:55.56ms
step:1125/1285 train_time:62523ms step_avg:55.58ms
step:1126/1285 train_time:62611ms step_avg:55.60ms
step:1127/1285 train_time:62687ms step_avg:55.62ms
step:1128/1285 train_time:62774ms step_avg:55.65ms
step:1129/1285 train_time:62853ms step_avg:55.67ms
step:1130/1285 train_time:62940ms step_avg:55.70ms
step:1131/1285 train_time:63018ms step_avg:55.72ms
step:1132/1285 train_time:63106ms step_avg:55.75ms
step:1133/1285 train_time:63184ms step_avg:55.77ms
step:1134/1285 train_time:63270ms step_avg:55.79ms
step:1135/1285 train_time:63348ms step_avg:55.81ms
step:1136/1285 train_time:63435ms step_avg:55.84ms
step:1137/1285 train_time:63516ms step_avg:55.86ms
step:1138/1285 train_time:63604ms step_avg:55.89ms
step:1139/1285 train_time:63682ms step_avg:55.91ms
step:1140/1285 train_time:63769ms step_avg:55.94ms
step:1141/1285 train_time:63847ms step_avg:55.96ms
step:1142/1285 train_time:63935ms step_avg:55.98ms
step:1143/1285 train_time:64014ms step_avg:56.01ms
step:1144/1285 train_time:64102ms step_avg:56.03ms
step:1145/1285 train_time:64180ms step_avg:56.05ms
step:1146/1285 train_time:64268ms step_avg:56.08ms
step:1147/1285 train_time:64345ms step_avg:56.10ms
step:1148/1285 train_time:64432ms step_avg:56.13ms
step:1149/1285 train_time:64511ms step_avg:56.15ms
step:1150/1285 train_time:64598ms step_avg:56.17ms
step:1151/1285 train_time:64677ms step_avg:56.19ms
step:1152/1285 train_time:64765ms step_avg:56.22ms
step:1153/1285 train_time:64843ms step_avg:56.24ms
step:1154/1285 train_time:64930ms step_avg:56.27ms
step:1155/1285 train_time:65007ms step_avg:56.28ms
step:1156/1285 train_time:65096ms step_avg:56.31ms
step:1157/1285 train_time:65174ms step_avg:56.33ms
step:1158/1285 train_time:65262ms step_avg:56.36ms
step:1159/1285 train_time:65340ms step_avg:56.38ms
step:1160/1285 train_time:65427ms step_avg:56.40ms
step:1161/1285 train_time:65505ms step_avg:56.42ms
step:1162/1285 train_time:65592ms step_avg:56.45ms
step:1163/1285 train_time:65669ms step_avg:56.47ms
step:1164/1285 train_time:65758ms step_avg:56.49ms
step:1165/1285 train_time:65837ms step_avg:56.51ms
step:1166/1285 train_time:65924ms step_avg:56.54ms
step:1167/1285 train_time:66001ms step_avg:56.56ms
step:1168/1285 train_time:66088ms step_avg:56.58ms
step:1169/1285 train_time:66166ms step_avg:56.60ms
step:1170/1285 train_time:66253ms step_avg:56.63ms
step:1171/1285 train_time:66332ms step_avg:56.65ms
step:1172/1285 train_time:66420ms step_avg:56.67ms
step:1173/1285 train_time:66499ms step_avg:56.69ms
step:1174/1285 train_time:66587ms step_avg:56.72ms
step:1175/1285 train_time:66664ms step_avg:56.74ms
step:1176/1285 train_time:66751ms step_avg:56.76ms
step:1177/1285 train_time:66829ms step_avg:56.78ms
step:1178/1285 train_time:66916ms step_avg:56.80ms
step:1179/1285 train_time:66996ms step_avg:56.82ms
step:1180/1285 train_time:67082ms step_avg:56.85ms
step:1181/1285 train_time:67161ms step_avg:56.87ms
step:1182/1285 train_time:67248ms step_avg:56.89ms
step:1183/1285 train_time:67326ms step_avg:56.91ms
step:1184/1285 train_time:67412ms step_avg:56.94ms
step:1185/1285 train_time:67490ms step_avg:56.95ms
step:1186/1285 train_time:67578ms step_avg:56.98ms
step:1187/1285 train_time:67658ms step_avg:57.00ms
step:1188/1285 train_time:67745ms step_avg:57.02ms
step:1189/1285 train_time:67824ms step_avg:57.04ms
step:1190/1285 train_time:67910ms step_avg:57.07ms
step:1191/1285 train_time:67988ms step_avg:57.08ms
step:1192/1285 train_time:68075ms step_avg:57.11ms
step:1193/1285 train_time:68155ms step_avg:57.13ms
step:1194/1285 train_time:68243ms step_avg:57.16ms
step:1195/1285 train_time:68321ms step_avg:57.17ms
step:1196/1285 train_time:68409ms step_avg:57.20ms
step:1197/1285 train_time:68485ms step_avg:57.21ms
step:1198/1285 train_time:68571ms step_avg:57.24ms
step:1199/1285 train_time:68650ms step_avg:57.26ms
step:1200/1285 train_time:68738ms step_avg:57.28ms
step:1201/1285 train_time:68816ms step_avg:57.30ms
step:1202/1285 train_time:68905ms step_avg:57.33ms
step:1203/1285 train_time:68982ms step_avg:57.34ms
step:1204/1285 train_time:69069ms step_avg:57.37ms
step:1205/1285 train_time:69147ms step_avg:57.38ms
step:1206/1285 train_time:69235ms step_avg:57.41ms
step:1207/1285 train_time:69315ms step_avg:57.43ms
step:1208/1285 train_time:69402ms step_avg:57.45ms
step:1209/1285 train_time:69480ms step_avg:57.47ms
step:1210/1285 train_time:69568ms step_avg:57.49ms
step:1211/1285 train_time:69646ms step_avg:57.51ms
step:1212/1285 train_time:69732ms step_avg:57.53ms
step:1213/1285 train_time:69810ms step_avg:57.55ms
step:1214/1285 train_time:69898ms step_avg:57.58ms
step:1215/1285 train_time:69977ms step_avg:57.59ms
step:1216/1285 train_time:70065ms step_avg:57.62ms
step:1217/1285 train_time:70141ms step_avg:57.63ms
step:1218/1285 train_time:70228ms step_avg:57.66ms
step:1219/1285 train_time:70307ms step_avg:57.68ms
step:1220/1285 train_time:70395ms step_avg:57.70ms
step:1221/1285 train_time:70474ms step_avg:57.72ms
step:1222/1285 train_time:70561ms step_avg:57.74ms
step:1223/1285 train_time:70640ms step_avg:57.76ms
step:1224/1285 train_time:70726ms step_avg:57.78ms
step:1225/1285 train_time:70804ms step_avg:57.80ms
step:1226/1285 train_time:70890ms step_avg:57.82ms
step:1227/1285 train_time:70968ms step_avg:57.84ms
step:1228/1285 train_time:71056ms step_avg:57.86ms
step:1229/1285 train_time:71135ms step_avg:57.88ms
step:1230/1285 train_time:71223ms step_avg:57.91ms
step:1231/1285 train_time:71301ms step_avg:57.92ms
step:1232/1285 train_time:71388ms step_avg:57.94ms
step:1233/1285 train_time:71466ms step_avg:57.96ms
step:1234/1285 train_time:71553ms step_avg:57.98ms
step:1235/1285 train_time:71632ms step_avg:58.00ms
step:1236/1285 train_time:71720ms step_avg:58.03ms
step:1237/1285 train_time:71798ms step_avg:58.04ms
step:1238/1285 train_time:71937ms step_avg:58.11ms
step:1239/1285 train_time:71981ms step_avg:58.10ms
step:1240/1285 train_time:72057ms step_avg:58.11ms
step:1241/1285 train_time:72136ms step_avg:58.13ms
step:1242/1285 train_time:72223ms step_avg:58.15ms
step:1243/1285 train_time:72301ms step_avg:58.17ms
step:1244/1285 train_time:72388ms step_avg:58.19ms
step:1245/1285 train_time:72466ms step_avg:58.21ms
step:1246/1285 train_time:72551ms step_avg:58.23ms
step:1247/1285 train_time:72629ms step_avg:58.24ms
step:1248/1285 train_time:72718ms step_avg:58.27ms
step:1249/1285 train_time:72798ms step_avg:58.29ms
step:1250/1285 train_time:72886ms step_avg:58.31ms
step:1250/1285 val_loss:3.29601669 train_time:72974ms step_avg:58.38ms
step:1251/1285 train_time:73012ms step_avg:58.36ms
step:1252/1285 train_time:73059ms step_avg:58.35ms
step:1253/1285 train_time:73144ms step_avg:58.38ms
step:1254/1285 train_time:73232ms step_avg:58.40ms
step:1255/1285 train_time:73309ms step_avg:58.41ms
step:1256/1285 train_time:73394ms step_avg:58.43ms
step:1257/1285 train_time:73472ms step_avg:58.45ms
step:1258/1285 train_time:73558ms step_avg:58.47ms
step:1259/1285 train_time:73635ms step_avg:58.49ms
step:1260/1285 train_time:73721ms step_avg:58.51ms
step:1261/1285 train_time:73799ms step_avg:58.52ms
step:1262/1285 train_time:73885ms step_avg:58.55ms
step:1263/1285 train_time:73964ms step_avg:58.56ms
step:1264/1285 train_time:74055ms step_avg:58.59ms
step:1265/1285 train_time:74135ms step_avg:58.60ms
step:1266/1285 train_time:74224ms step_avg:58.63ms
step:1267/1285 train_time:74303ms step_avg:58.64ms
step:1268/1285 train_time:74390ms step_avg:58.67ms
step:1269/1285 train_time:74468ms step_avg:58.68ms
step:1270/1285 train_time:74556ms step_avg:58.71ms
step:1271/1285 train_time:74633ms step_avg:58.72ms
step:1272/1285 train_time:74723ms step_avg:58.74ms
step:1273/1285 train_time:74801ms step_avg:58.76ms
step:1274/1285 train_time:74889ms step_avg:58.78ms
step:1275/1285 train_time:74968ms step_avg:58.80ms
step:1276/1285 train_time:75057ms step_avg:58.82ms
step:1277/1285 train_time:75137ms step_avg:58.84ms
step:1278/1285 train_time:75224ms step_avg:58.86ms
step:1279/1285 train_time:75334ms step_avg:58.90ms
step:1280/1285 train_time:75407ms step_avg:58.91ms
step:1281/1285 train_time:75490ms step_avg:58.93ms
step:1282/1285 train_time:75588ms step_avg:58.96ms
step:1283/1285 train_time:75672ms step_avg:58.98ms
step:1284/1285 train_time:75743ms step_avg:58.99ms
step:1285/1285 train_time:75821ms step_avg:59.00ms
step:1285/1285 val_loss:3.27939439 train_time:75909ms step_avg:59.07ms
peak memory allocated: 32129 MiB reserved: 39272 MiB
