HARNESS_TRAINING_ENV={"OMP_NUM_THREADS": "1", "MKL_NUM_THREADS": "1", "torch_num_threads": 1, "torch_num_interop_threads": 47}
[Gloo] Rank 2[Gloo] Rank  is connected to 07 is connected to  peer ranks. 7Expected number of connected peer ranks is :  peer ranks. Expected number of connected peer ranks is : 77

[Gloo] Rank 1 is connected to 7 peer ranks. Expected number of connected peer ranks is : 7
[Gloo] Rank 4 is connected to 7 peer ranks. Expected number of connected peer ranks is : 7
[Gloo] Rank 5 is connected to 7 peer ranks. Expected number of connected peer ranks is : 7[Gloo] Rank 
3 is connected to 7 peer ranks. Expected number of connected peer ranks is : 7
[Gloo] Rank 7[Gloo] Rank  is connected to 67 is connected to 7 peer ranks.  peer ranks. Expected number of connected peer ranks is : Expected number of connected peer ranks is : 77

/workspace/train_gpt.py:1069: UserWarning: Skipping publisher trust check for 'kernels-community/flash-attn3' because Hugging Face Hub is in offline mode.
  flash_attn_interface = get_kernel('kernels-community/flash-attn3', version=1).flash_attn_interface
/workspace/train_gpt.py:1069: UserWarning: Skipping publisher trust check for 'kernels-community/flash-attn3' because Hugging Face Hub is in offline mode.
  flash_attn_interface = get_kernel('kernels-community/flash-attn3', version=1).flash_attn_interface
/workspace/train_gpt.py:1069: UserWarning: Skipping publisher trust check for 'kernels-community/flash-attn3' because Hugging Face Hub is in offline mode.
  flash_attn_interface = get_kernel('kernels-community/flash-attn3', version=1).flash_attn_interface
/workspace/train_gpt.py:1069: UserWarning: Skipping publisher trust check for 'kernels-community/flash-attn3' because Hugging Face Hub is in offline mode.
  flash_attn_interface = get_kernel('kernels-community/flash-attn3', version=1).flash_attn_interface
/workspace/train_gpt.py:1069: UserWarning: Skipping publisher trust check for 'kernels-community/flash-attn3' because Hugging Face Hub is in offline mode.
  flash_attn_interface = get_kernel('kernels-community/flash-attn3', version=1).flash_attn_interface
/workspace/train_gpt.py:1069: UserWarning: Skipping publisher trust check for 'kernels-community/flash-attn3' because Hugging Face Hub is in offline mode.
  flash_attn_interface = get_kernel('kernels-community/flash-attn3', version=1).flash_attn_interface
/workspace/train_gpt.py:1069: UserWarning: Skipping publisher trust check for 'kernels-community/flash-attn3' because Hugging Face Hub is in offline mode.
  flash_attn_interface = get_kernel('kernels-community/flash-attn3', version=1).flash_attn_interface
/workspace/train_gpt.py:1069: UserWarning: Skipping publisher trust check for 'kernels-community/flash-attn3' because Hugging Face Hub is in offline mode.
  flash_attn_interface = get_kernel('kernels-community/flash-attn3', version=1).flash_attn_interface
logs/e625561c-667e-47ff-b313-b8f005f47083.txt
Compiling model and warming up kernels (~7 minutes on first execution)
Sampling steps [0, 1, 421, 422, 423, 424, 845, 846, 847, 848, 1268, 1269, 1270, 1271] for warmup
Resetting Model
step:0/1285 val_loss:10.83168030 train_time:55ms step_avg:55.19ms
step:1/1285 train_time:259ms step_avg:258.79ms
step:2/1285 train_time:431ms step_avg:215.74ms
step:3/1285 train_time:472ms step_avg:157.37ms
step:4/1285 train_time:520ms step_avg:130.04ms
step:5/1285 train_time:559ms step_avg:111.73ms
step:6/1285 train_time:600ms step_avg:100.03ms
step:7/1285 train_time:634ms step_avg:90.63ms
step:8/1285 train_time:673ms step_avg:84.07ms
step:9/1285 train_time:705ms step_avg:78.34ms
step:10/1285 train_time:743ms step_avg:74.34ms
step:11/1285 train_time:778ms step_avg:70.68ms
step:12/1285 train_time:815ms step_avg:67.88ms
step:13/1285 train_time:846ms step_avg:65.05ms
step:14/1285 train_time:881ms step_avg:62.93ms
step:15/1285 train_time:915ms step_avg:60.98ms
step:16/1285 train_time:951ms step_avg:59.46ms
step:17/1285 train_time:983ms step_avg:57.83ms
step:18/1285 train_time:1019ms step_avg:56.62ms
step:19/1285 train_time:1053ms step_avg:55.45ms
step:20/1285 train_time:1089ms step_avg:54.47ms
step:21/1285 train_time:1121ms step_avg:53.36ms
step:22/1285 train_time:1155ms step_avg:52.49ms
step:23/1285 train_time:1187ms step_avg:51.59ms
step:24/1285 train_time:1220ms step_avg:50.82ms
step:25/1285 train_time:1251ms step_avg:50.02ms
step:26/1285 train_time:1286ms step_avg:49.46ms
step:27/1285 train_time:1317ms step_avg:48.78ms
step:28/1285 train_time:1355ms step_avg:48.40ms
step:29/1285 train_time:1388ms step_avg:47.87ms
step:30/1285 train_time:1427ms step_avg:47.56ms
step:31/1285 train_time:1459ms step_avg:47.08ms
step:32/1285 train_time:1499ms step_avg:46.83ms
step:33/1285 train_time:1527ms step_avg:46.29ms
step:34/1285 train_time:1566ms step_avg:46.06ms
step:35/1285 train_time:1599ms step_avg:45.68ms
step:36/1285 train_time:1636ms step_avg:45.44ms
step:37/1285 train_time:1666ms step_avg:45.04ms
step:38/1285 train_time:1703ms step_avg:44.82ms
step:39/1285 train_time:1737ms step_avg:44.55ms
step:40/1285 train_time:1776ms step_avg:44.39ms
step:41/1285 train_time:1812ms step_avg:44.19ms
step:42/1285 train_time:1851ms step_avg:44.07ms
step:43/1285 train_time:1882ms step_avg:43.76ms
step:44/1285 train_time:1918ms step_avg:43.59ms
step:45/1285 train_time:1952ms step_avg:43.37ms
step:46/1285 train_time:1989ms step_avg:43.24ms
step:47/1285 train_time:2022ms step_avg:43.03ms
step:48/1285 train_time:2060ms step_avg:42.91ms
step:49/1285 train_time:2095ms step_avg:42.75ms
step:50/1285 train_time:2133ms step_avg:42.66ms
step:51/1285 train_time:2165ms step_avg:42.46ms
step:52/1285 train_time:2203ms step_avg:42.37ms
step:53/1285 train_time:2237ms step_avg:42.21ms
step:54/1285 train_time:2273ms step_avg:42.10ms
step:55/1285 train_time:2304ms step_avg:41.88ms
step:56/1285 train_time:2340ms step_avg:41.79ms
step:57/1285 train_time:2373ms step_avg:41.63ms
step:58/1285 train_time:2410ms step_avg:41.56ms
step:59/1285 train_time:2442ms step_avg:41.39ms
step:60/1285 train_time:2477ms step_avg:41.29ms
step:61/1285 train_time:2511ms step_avg:41.16ms
step:62/1285 train_time:2547ms step_avg:41.08ms
step:63/1285 train_time:2578ms step_avg:40.92ms
step:64/1285 train_time:2614ms step_avg:40.85ms
step:65/1285 train_time:2648ms step_avg:40.73ms
step:66/1285 train_time:2683ms step_avg:40.64ms
step:67/1285 train_time:2712ms step_avg:40.48ms
step:68/1285 train_time:2748ms step_avg:40.41ms
step:69/1285 train_time:2779ms step_avg:40.27ms
step:70/1285 train_time:2815ms step_avg:40.22ms
step:71/1285 train_time:2849ms step_avg:40.12ms
step:72/1285 train_time:2885ms step_avg:40.07ms
step:73/1285 train_time:2916ms step_avg:39.94ms
step:74/1285 train_time:2952ms step_avg:39.90ms
step:75/1285 train_time:2985ms step_avg:39.80ms
step:76/1285 train_time:3023ms step_avg:39.77ms
step:77/1285 train_time:3057ms step_avg:39.71ms
step:78/1285 train_time:3093ms step_avg:39.66ms
step:79/1285 train_time:3125ms step_avg:39.56ms
step:80/1285 train_time:3163ms step_avg:39.53ms
step:81/1285 train_time:3194ms step_avg:39.43ms
step:82/1285 train_time:3230ms step_avg:39.39ms
step:83/1285 train_time:3263ms step_avg:39.31ms
step:84/1285 train_time:3300ms step_avg:39.28ms
step:85/1285 train_time:3333ms step_avg:39.21ms
step:86/1285 train_time:3368ms step_avg:39.17ms
step:87/1285 train_time:3401ms step_avg:39.09ms
step:88/1285 train_time:3440ms step_avg:39.09ms
step:89/1285 train_time:3476ms step_avg:39.06ms
step:90/1285 train_time:3512ms step_avg:39.02ms
step:91/1285 train_time:3546ms step_avg:38.96ms
step:92/1285 train_time:3582ms step_avg:38.94ms
step:93/1285 train_time:3615ms step_avg:38.87ms
step:94/1285 train_time:3653ms step_avg:38.86ms
step:95/1285 train_time:3687ms step_avg:38.81ms
step:96/1285 train_time:3725ms step_avg:38.80ms
step:97/1285 train_time:3760ms step_avg:38.77ms
step:98/1285 train_time:3795ms step_avg:38.73ms
step:99/1285 train_time:3827ms step_avg:38.66ms
step:100/1285 train_time:3863ms step_avg:38.63ms
step:101/1285 train_time:3895ms step_avg:38.56ms
step:102/1285 train_time:3930ms step_avg:38.53ms
step:103/1285 train_time:3963ms step_avg:38.48ms
step:104/1285 train_time:3999ms step_avg:38.45ms
step:105/1285 train_time:4031ms step_avg:38.39ms
step:106/1285 train_time:4069ms step_avg:38.39ms
step:107/1285 train_time:4102ms step_avg:38.33ms
step:108/1285 train_time:4134ms step_avg:38.28ms
step:109/1285 train_time:4169ms step_avg:38.24ms
step:110/1285 train_time:4203ms step_avg:38.21ms
step:111/1285 train_time:4236ms step_avg:38.16ms
step:112/1285 train_time:4272ms step_avg:38.15ms
step:113/1285 train_time:4305ms step_avg:38.10ms
step:114/1285 train_time:4342ms step_avg:38.09ms
step:115/1285 train_time:4376ms step_avg:38.05ms
step:116/1285 train_time:4413ms step_avg:38.04ms
step:117/1285 train_time:4445ms step_avg:37.99ms
step:118/1285 train_time:4478ms step_avg:37.95ms
step:119/1285 train_time:4511ms step_avg:37.91ms
step:120/1285 train_time:4547ms step_avg:37.89ms
step:121/1285 train_time:4582ms step_avg:37.86ms
step:122/1285 train_time:4619ms step_avg:37.86ms
step:123/1285 train_time:4651ms step_avg:37.82ms
step:124/1285 train_time:4689ms step_avg:37.81ms
step:125/1285 train_time:4722ms step_avg:37.78ms
step:126/1285 train_time:4758ms step_avg:37.76ms
step:127/1285 train_time:4790ms step_avg:37.71ms
step:128/1285 train_time:4826ms step_avg:37.70ms
step:129/1285 train_time:4858ms step_avg:37.66ms
step:130/1285 train_time:4894ms step_avg:37.65ms
step:131/1285 train_time:4925ms step_avg:37.60ms
step:132/1285 train_time:4963ms step_avg:37.60ms
step:133/1285 train_time:4993ms step_avg:37.55ms
step:134/1285 train_time:5029ms step_avg:37.53ms
step:135/1285 train_time:5062ms step_avg:37.50ms
step:136/1285 train_time:5098ms step_avg:37.48ms
step:137/1285 train_time:5131ms step_avg:37.45ms
step:138/1285 train_time:5169ms step_avg:37.46ms
step:139/1285 train_time:5200ms step_avg:37.41ms
step:140/1285 train_time:5236ms step_avg:37.40ms
step:141/1285 train_time:5271ms step_avg:37.38ms
step:142/1285 train_time:5309ms step_avg:37.39ms
step:143/1285 train_time:5339ms step_avg:37.34ms
step:144/1285 train_time:5376ms step_avg:37.33ms
step:145/1285 train_time:5410ms step_avg:37.31ms
step:146/1285 train_time:5450ms step_avg:37.33ms
step:147/1285 train_time:5486ms step_avg:37.32ms
step:148/1285 train_time:5524ms step_avg:37.32ms
step:149/1285 train_time:5557ms step_avg:37.29ms
step:150/1285 train_time:5594ms step_avg:37.29ms
step:151/1285 train_time:5626ms step_avg:37.26ms
step:152/1285 train_time:5661ms step_avg:37.24ms
step:153/1285 train_time:5692ms step_avg:37.21ms
step:154/1285 train_time:5729ms step_avg:37.20ms
step:155/1285 train_time:5761ms step_avg:37.17ms
step:156/1285 train_time:5796ms step_avg:37.16ms
step:157/1285 train_time:5827ms step_avg:37.12ms
step:158/1285 train_time:5863ms step_avg:37.11ms
step:159/1285 train_time:5894ms step_avg:37.07ms
step:160/1285 train_time:5930ms step_avg:37.06ms
step:161/1285 train_time:5962ms step_avg:37.03ms
step:162/1285 train_time:5996ms step_avg:37.02ms
step:163/1285 train_time:6028ms step_avg:36.98ms
step:164/1285 train_time:6067ms step_avg:36.99ms
step:165/1285 train_time:6099ms step_avg:36.96ms
step:166/1285 train_time:6135ms step_avg:36.96ms
step:167/1285 train_time:6169ms step_avg:36.94ms
step:168/1285 train_time:6203ms step_avg:36.92ms
step:169/1285 train_time:6234ms step_avg:36.89ms
step:170/1285 train_time:6270ms step_avg:36.88ms
step:171/1285 train_time:6303ms step_avg:36.86ms
step:172/1285 train_time:6338ms step_avg:36.85ms
step:173/1285 train_time:6371ms step_avg:36.82ms
step:174/1285 train_time:6405ms step_avg:36.81ms
step:175/1285 train_time:6437ms step_avg:36.78ms
step:176/1285 train_time:6471ms step_avg:36.77ms
step:177/1285 train_time:6504ms step_avg:36.75ms
step:178/1285 train_time:6539ms step_avg:36.74ms
step:179/1285 train_time:6572ms step_avg:36.72ms
step:180/1285 train_time:6608ms step_avg:36.71ms
step:181/1285 train_time:6641ms step_avg:36.69ms
step:182/1285 train_time:6676ms step_avg:36.68ms
step:183/1285 train_time:6709ms step_avg:36.66ms
step:184/1285 train_time:6746ms step_avg:36.66ms
step:185/1285 train_time:6779ms step_avg:36.64ms
step:186/1285 train_time:6814ms step_avg:36.63ms
step:187/1285 train_time:6844ms step_avg:36.60ms
step:188/1285 train_time:6878ms step_avg:36.59ms
step:189/1285 train_time:6912ms step_avg:36.57ms
step:190/1285 train_time:6945ms step_avg:36.55ms
step:191/1285 train_time:6978ms step_avg:36.54ms
step:192/1285 train_time:7015ms step_avg:36.53ms
step:193/1285 train_time:7047ms step_avg:36.51ms
step:194/1285 train_time:7082ms step_avg:36.51ms
step:195/1285 train_time:7114ms step_avg:36.48ms
step:196/1285 train_time:7151ms step_avg:36.49ms
step:197/1285 train_time:7184ms step_avg:36.47ms
step:198/1285 train_time:7220ms step_avg:36.46ms
step:199/1285 train_time:7253ms step_avg:36.45ms
step:200/1285 train_time:7292ms step_avg:36.46ms
step:201/1285 train_time:7326ms step_avg:36.45ms
step:202/1285 train_time:7363ms step_avg:36.45ms
step:203/1285 train_time:7397ms step_avg:36.44ms
step:204/1285 train_time:7436ms step_avg:36.45ms
step:205/1285 train_time:7473ms step_avg:36.45ms
step:206/1285 train_time:7510ms step_avg:36.46ms
step:207/1285 train_time:7543ms step_avg:36.44ms
step:208/1285 train_time:7581ms step_avg:36.45ms
step:209/1285 train_time:7613ms step_avg:36.43ms
step:210/1285 train_time:7650ms step_avg:36.43ms
step:211/1285 train_time:7685ms step_avg:36.42ms
step:212/1285 train_time:7720ms step_avg:36.42ms
step:213/1285 train_time:7753ms step_avg:36.40ms
step:214/1285 train_time:7788ms step_avg:36.39ms
step:215/1285 train_time:7822ms step_avg:36.38ms
step:216/1285 train_time:7858ms step_avg:36.38ms
step:217/1285 train_time:7893ms step_avg:36.37ms
step:218/1285 train_time:7930ms step_avg:36.38ms
step:219/1285 train_time:7960ms step_avg:36.35ms
step:220/1285 train_time:7996ms step_avg:36.34ms
step:221/1285 train_time:8027ms step_avg:36.32ms
step:222/1285 train_time:8063ms step_avg:36.32ms
step:223/1285 train_time:8097ms step_avg:36.31ms
step:224/1285 train_time:8133ms step_avg:36.31ms
step:225/1285 train_time:8165ms step_avg:36.29ms
step:226/1285 train_time:8200ms step_avg:36.28ms
step:227/1285 train_time:8232ms step_avg:36.27ms
step:228/1285 train_time:8266ms step_avg:36.26ms
step:229/1285 train_time:8298ms step_avg:36.24ms
step:230/1285 train_time:8331ms step_avg:36.22ms
step:231/1285 train_time:8362ms step_avg:36.20ms
step:232/1285 train_time:8400ms step_avg:36.21ms
step:233/1285 train_time:8433ms step_avg:36.19ms
step:234/1285 train_time:8466ms step_avg:36.18ms
step:235/1285 train_time:8498ms step_avg:36.16ms
step:236/1285 train_time:8531ms step_avg:36.15ms
step:237/1285 train_time:8560ms step_avg:36.12ms
step:238/1285 train_time:8597ms step_avg:36.12ms
step:239/1285 train_time:8629ms step_avg:36.10ms
step:240/1285 train_time:8661ms step_avg:36.09ms
step:241/1285 train_time:8693ms step_avg:36.07ms
step:242/1285 train_time:8729ms step_avg:36.07ms
step:243/1285 train_time:8762ms step_avg:36.06ms
step:244/1285 train_time:8796ms step_avg:36.05ms
step:245/1285 train_time:8830ms step_avg:36.04ms
step:246/1285 train_time:8865ms step_avg:36.04ms
step:247/1285 train_time:8898ms step_avg:36.03ms
step:248/1285 train_time:8931ms step_avg:36.01ms
step:249/1285 train_time:8963ms step_avg:36.00ms
step:250/1285 train_time:8999ms step_avg:36.00ms
step:250/1285 val_loss:4.51399517 train_time:9006ms step_avg:36.02ms
step:251/1285 train_time:9042ms step_avg:36.02ms
step:252/1285 train_time:9079ms step_avg:36.03ms
step:253/1285 train_time:9112ms step_avg:36.01ms
step:254/1285 train_time:9147ms step_avg:36.01ms
step:255/1285 train_time:9179ms step_avg:36.00ms
step:256/1285 train_time:9216ms step_avg:36.00ms
step:257/1285 train_time:9247ms step_avg:35.98ms
step:258/1285 train_time:9282ms step_avg:35.98ms
step:259/1285 train_time:9314ms step_avg:35.96ms
step:260/1285 train_time:9352ms step_avg:35.97ms
step:261/1285 train_time:9385ms step_avg:35.96ms
step:262/1285 train_time:9420ms step_avg:35.95ms
step:263/1285 train_time:9450ms step_avg:35.93ms
step:264/1285 train_time:9487ms step_avg:35.93ms
step:265/1285 train_time:9518ms step_avg:35.92ms
step:266/1285 train_time:9554ms step_avg:35.92ms
step:267/1285 train_time:9586ms step_avg:35.90ms
step:268/1285 train_time:9621ms step_avg:35.90ms
step:269/1285 train_time:9654ms step_avg:35.89ms
step:270/1285 train_time:9691ms step_avg:35.89ms
step:271/1285 train_time:9722ms step_avg:35.88ms
step:272/1285 train_time:9759ms step_avg:35.88ms
step:273/1285 train_time:9792ms step_avg:35.87ms
step:274/1285 train_time:9829ms step_avg:35.87ms
step:275/1285 train_time:9862ms step_avg:35.86ms
step:276/1285 train_time:9898ms step_avg:35.86ms
step:277/1285 train_time:9932ms step_avg:35.85ms
step:278/1285 train_time:9970ms step_avg:35.86ms
step:279/1285 train_time:10001ms step_avg:35.85ms
step:280/1285 train_time:10037ms step_avg:35.85ms
step:281/1285 train_time:10069ms step_avg:35.83ms
step:282/1285 train_time:10104ms step_avg:35.83ms
step:283/1285 train_time:10138ms step_avg:35.82ms
step:284/1285 train_time:10173ms step_avg:35.82ms
step:285/1285 train_time:10205ms step_avg:35.81ms
step:286/1285 train_time:10240ms step_avg:35.80ms
step:287/1285 train_time:10273ms step_avg:35.80ms
step:288/1285 train_time:10310ms step_avg:35.80ms
step:289/1285 train_time:10343ms step_avg:35.79ms
step:290/1285 train_time:10378ms step_avg:35.79ms
step:291/1285 train_time:10410ms step_avg:35.77ms
step:292/1285 train_time:10445ms step_avg:35.77ms
step:293/1285 train_time:10477ms step_avg:35.76ms
step:294/1285 train_time:10513ms step_avg:35.76ms
step:295/1285 train_time:10548ms step_avg:35.76ms
step:296/1285 train_time:10584ms step_avg:35.76ms
step:297/1285 train_time:10617ms step_avg:35.75ms
step:298/1285 train_time:10651ms step_avg:35.74ms
step:299/1285 train_time:10685ms step_avg:35.74ms
step:300/1285 train_time:10721ms step_avg:35.74ms
step:301/1285 train_time:10752ms step_avg:35.72ms
step:302/1285 train_time:10787ms step_avg:35.72ms
step:303/1285 train_time:10820ms step_avg:35.71ms
step:304/1285 train_time:10857ms step_avg:35.71ms
step:305/1285 train_time:10889ms step_avg:35.70ms
step:306/1285 train_time:10924ms step_avg:35.70ms
step:307/1285 train_time:10954ms step_avg:35.68ms
step:308/1285 train_time:10990ms step_avg:35.68ms
step:309/1285 train_time:11023ms step_avg:35.67ms
step:310/1285 train_time:11059ms step_avg:35.67ms
step:311/1285 train_time:11092ms step_avg:35.67ms
step:312/1285 train_time:11128ms step_avg:35.67ms
step:313/1285 train_time:11161ms step_avg:35.66ms
step:314/1285 train_time:11197ms step_avg:35.66ms
step:315/1285 train_time:11230ms step_avg:35.65ms
step:316/1285 train_time:11265ms step_avg:35.65ms
step:317/1285 train_time:11297ms step_avg:35.64ms
step:318/1285 train_time:11335ms step_avg:35.65ms
step:319/1285 train_time:11369ms step_avg:35.64ms
step:320/1285 train_time:11410ms step_avg:35.66ms
step:321/1285 train_time:11444ms step_avg:35.65ms
step:322/1285 train_time:11481ms step_avg:35.66ms
step:323/1285 train_time:11512ms step_avg:35.64ms
step:324/1285 train_time:11547ms step_avg:35.64ms
step:325/1285 train_time:11578ms step_avg:35.63ms
step:326/1285 train_time:11614ms step_avg:35.63ms
step:327/1285 train_time:11646ms step_avg:35.62ms
step:328/1285 train_time:11684ms step_avg:35.62ms
step:329/1285 train_time:11717ms step_avg:35.61ms
step:330/1285 train_time:11754ms step_avg:35.62ms
step:331/1285 train_time:11788ms step_avg:35.61ms
step:332/1285 train_time:11824ms step_avg:35.62ms
step:333/1285 train_time:11857ms step_avg:35.61ms
step:334/1285 train_time:11894ms step_avg:35.61ms
step:335/1285 train_time:11925ms step_avg:35.60ms
step:336/1285 train_time:11961ms step_avg:35.60ms
step:337/1285 train_time:11995ms step_avg:35.59ms
step:338/1285 train_time:12033ms step_avg:35.60ms
step:339/1285 train_time:12067ms step_avg:35.60ms
step:340/1285 train_time:12104ms step_avg:35.60ms
step:341/1285 train_time:12138ms step_avg:35.59ms
step:342/1285 train_time:12175ms step_avg:35.60ms
step:343/1285 train_time:12207ms step_avg:35.59ms
step:344/1285 train_time:12244ms step_avg:35.59ms
step:345/1285 train_time:12279ms step_avg:35.59ms
step:346/1285 train_time:12316ms step_avg:35.60ms
step:347/1285 train_time:12349ms step_avg:35.59ms
step:348/1285 train_time:12386ms step_avg:35.59ms
step:349/1285 train_time:12418ms step_avg:35.58ms
step:350/1285 train_time:12456ms step_avg:35.59ms
step:351/1285 train_time:12488ms step_avg:35.58ms
step:352/1285 train_time:12525ms step_avg:35.58ms
step:353/1285 train_time:12557ms step_avg:35.57ms
step:354/1285 train_time:12591ms step_avg:35.57ms
step:355/1285 train_time:12624ms step_avg:35.56ms
step:356/1285 train_time:12661ms step_avg:35.56ms
step:357/1285 train_time:12694ms step_avg:35.56ms
step:358/1285 train_time:12729ms step_avg:35.55ms
step:359/1285 train_time:12760ms step_avg:35.54ms
step:360/1285 train_time:12799ms step_avg:35.55ms
step:361/1285 train_time:12833ms step_avg:35.55ms
step:362/1285 train_time:12871ms step_avg:35.56ms
step:363/1285 train_time:12905ms step_avg:35.55ms
step:364/1285 train_time:12942ms step_avg:35.56ms
step:365/1285 train_time:12975ms step_avg:35.55ms
step:366/1285 train_time:13011ms step_avg:35.55ms
step:367/1285 train_time:13045ms step_avg:35.55ms
step:368/1285 train_time:13085ms step_avg:35.56ms
step:369/1285 train_time:13118ms step_avg:35.55ms
step:370/1285 train_time:13156ms step_avg:35.56ms
step:371/1285 train_time:13186ms step_avg:35.54ms
step:372/1285 train_time:13222ms step_avg:35.54ms
step:373/1285 train_time:13254ms step_avg:35.53ms
step:374/1285 train_time:13293ms step_avg:35.54ms
step:375/1285 train_time:13327ms step_avg:35.54ms
step:376/1285 train_time:13365ms step_avg:35.55ms
step:377/1285 train_time:13399ms step_avg:35.54ms
step:378/1285 train_time:13437ms step_avg:35.55ms
step:379/1285 train_time:13471ms step_avg:35.54ms
step:380/1285 train_time:13509ms step_avg:35.55ms
step:381/1285 train_time:13542ms step_avg:35.54ms
step:382/1285 train_time:13580ms step_avg:35.55ms
step:383/1285 train_time:13613ms step_avg:35.54ms
step:384/1285 train_time:13651ms step_avg:35.55ms
step:385/1285 train_time:13687ms step_avg:35.55ms
step:386/1285 train_time:13725ms step_avg:35.56ms
step:387/1285 train_time:13759ms step_avg:35.55ms
step:388/1285 train_time:13798ms step_avg:35.56ms
step:389/1285 train_time:13832ms step_avg:35.56ms
step:390/1285 train_time:13868ms step_avg:35.56ms
step:391/1285 train_time:13902ms step_avg:35.55ms
step:392/1285 train_time:13940ms step_avg:35.56ms
step:393/1285 train_time:13973ms step_avg:35.56ms
step:394/1285 train_time:14011ms step_avg:35.56ms
step:395/1285 train_time:14044ms step_avg:35.55ms
step:396/1285 train_time:14083ms step_avg:35.56ms
step:397/1285 train_time:14116ms step_avg:35.56ms
step:398/1285 train_time:14153ms step_avg:35.56ms
step:399/1285 train_time:14187ms step_avg:35.56ms
step:400/1285 train_time:14223ms step_avg:35.56ms
step:401/1285 train_time:14255ms step_avg:35.55ms
step:402/1285 train_time:14293ms step_avg:35.55ms
step:403/1285 train_time:14325ms step_avg:35.55ms
step:404/1285 train_time:14367ms step_avg:35.56ms
step:405/1285 train_time:14402ms step_avg:35.56ms
step:406/1285 train_time:14440ms step_avg:35.57ms
step:407/1285 train_time:14476ms step_avg:35.57ms
step:408/1285 train_time:14514ms step_avg:35.57ms
step:409/1285 train_time:14550ms step_avg:35.58ms
step:410/1285 train_time:14588ms step_avg:35.58ms
step:411/1285 train_time:14620ms step_avg:35.57ms
step:412/1285 train_time:14657ms step_avg:35.58ms
step:413/1285 train_time:14690ms step_avg:35.57ms
step:414/1285 train_time:14727ms step_avg:35.57ms
step:415/1285 train_time:14759ms step_avg:35.56ms
step:416/1285 train_time:14797ms step_avg:35.57ms
step:417/1285 train_time:14830ms step_avg:35.56ms
step:418/1285 train_time:14867ms step_avg:35.57ms
step:419/1285 train_time:14901ms step_avg:35.56ms
step:420/1285 train_time:14939ms step_avg:35.57ms
step:421/1285 train_time:14971ms step_avg:35.56ms
step:422/1285 train_time:15010ms step_avg:35.57ms
step:423/1285 train_time:15045ms step_avg:35.57ms
step:424/1285 train_time:15089ms step_avg:35.59ms
step:425/1285 train_time:15125ms step_avg:35.59ms
step:426/1285 train_time:15166ms step_avg:35.60ms
step:427/1285 train_time:15218ms step_avg:35.64ms
step:428/1285 train_time:15279ms step_avg:35.70ms
step:429/1285 train_time:15332ms step_avg:35.74ms
step:430/1285 train_time:15394ms step_avg:35.80ms
step:431/1285 train_time:15445ms step_avg:35.84ms
step:432/1285 train_time:15508ms step_avg:35.90ms
step:433/1285 train_time:15559ms step_avg:35.93ms
step:434/1285 train_time:15621ms step_avg:35.99ms
step:435/1285 train_time:15673ms step_avg:36.03ms
step:436/1285 train_time:15736ms step_avg:36.09ms
step:437/1285 train_time:15790ms step_avg:36.13ms
step:438/1285 train_time:15853ms step_avg:36.19ms
step:439/1285 train_time:15907ms step_avg:36.24ms
step:440/1285 train_time:15972ms step_avg:36.30ms
step:441/1285 train_time:16025ms step_avg:36.34ms
step:442/1285 train_time:16087ms step_avg:36.40ms
step:443/1285 train_time:16139ms step_avg:36.43ms
step:444/1285 train_time:16201ms step_avg:36.49ms
step:445/1285 train_time:16254ms step_avg:36.53ms
step:446/1285 train_time:16316ms step_avg:36.58ms
step:447/1285 train_time:16368ms step_avg:36.62ms
step:448/1285 train_time:16430ms step_avg:36.67ms
step:449/1285 train_time:16482ms step_avg:36.71ms
step:450/1285 train_time:16544ms step_avg:36.76ms
step:451/1285 train_time:16596ms step_avg:36.80ms
step:452/1285 train_time:16658ms step_avg:36.85ms
step:453/1285 train_time:16710ms step_avg:36.89ms
step:454/1285 train_time:16773ms step_avg:36.95ms
step:455/1285 train_time:16827ms step_avg:36.98ms
step:456/1285 train_time:16891ms step_avg:37.04ms
step:457/1285 train_time:16945ms step_avg:37.08ms
step:458/1285 train_time:17007ms step_avg:37.13ms
step:459/1285 train_time:17060ms step_avg:37.17ms
step:460/1285 train_time:17122ms step_avg:37.22ms
step:461/1285 train_time:17175ms step_avg:37.26ms
step:462/1285 train_time:17237ms step_avg:37.31ms
step:463/1285 train_time:17290ms step_avg:37.34ms
step:464/1285 train_time:17352ms step_avg:37.40ms
step:465/1285 train_time:17404ms step_avg:37.43ms
step:466/1285 train_time:17466ms step_avg:37.48ms
step:467/1285 train_time:17518ms step_avg:37.51ms
step:468/1285 train_time:17580ms step_avg:37.56ms
step:469/1285 train_time:17633ms step_avg:37.60ms
step:470/1285 train_time:17695ms step_avg:37.65ms
step:471/1285 train_time:17747ms step_avg:37.68ms
step:472/1285 train_time:17810ms step_avg:37.73ms
step:473/1285 train_time:17863ms step_avg:37.77ms
step:474/1285 train_time:17927ms step_avg:37.82ms
step:475/1285 train_time:17980ms step_avg:37.85ms
step:476/1285 train_time:18041ms step_avg:37.90ms
step:477/1285 train_time:18096ms step_avg:37.94ms
step:478/1285 train_time:18234ms step_avg:38.15ms
step:479/1285 train_time:18323ms step_avg:38.25ms
step:480/1285 train_time:18367ms step_avg:38.27ms
step:481/1285 train_time:18407ms step_avg:38.27ms
step:482/1285 train_time:18461ms step_avg:38.30ms
step:483/1285 train_time:18513ms step_avg:38.33ms
step:484/1285 train_time:18574ms step_avg:38.38ms
step:485/1285 train_time:18626ms step_avg:38.40ms
step:486/1285 train_time:18688ms step_avg:38.45ms
step:487/1285 train_time:18740ms step_avg:38.48ms
step:488/1285 train_time:18801ms step_avg:38.53ms
step:489/1285 train_time:18853ms step_avg:38.55ms
step:490/1285 train_time:18915ms step_avg:38.60ms
step:491/1285 train_time:18967ms step_avg:38.63ms
step:492/1285 train_time:19028ms step_avg:38.68ms
step:493/1285 train_time:19080ms step_avg:38.70ms
step:494/1285 train_time:19146ms step_avg:38.76ms
step:495/1285 train_time:19201ms step_avg:38.79ms
step:496/1285 train_time:19265ms step_avg:38.84ms
step:497/1285 train_time:19318ms step_avg:38.87ms
step:498/1285 train_time:19380ms step_avg:38.92ms
step:499/1285 train_time:19433ms step_avg:38.94ms
step:500/1285 train_time:19495ms step_avg:38.99ms
step:500/1285 val_loss:4.20758390 train_time:19556ms step_avg:39.11ms
step:501/1285 train_time:19594ms step_avg:39.11ms
step:502/1285 train_time:19632ms step_avg:39.11ms
step:503/1285 train_time:19675ms step_avg:39.12ms
step:504/1285 train_time:19740ms step_avg:39.17ms
step:505/1285 train_time:19793ms step_avg:39.19ms
step:506/1285 train_time:19856ms step_avg:39.24ms
step:507/1285 train_time:19908ms step_avg:39.27ms
step:508/1285 train_time:19970ms step_avg:39.31ms
step:509/1285 train_time:20023ms step_avg:39.34ms
step:510/1285 train_time:20085ms step_avg:39.38ms
step:511/1285 train_time:20136ms step_avg:39.41ms
step:512/1285 train_time:20198ms step_avg:39.45ms
step:513/1285 train_time:20249ms step_avg:39.47ms
step:514/1285 train_time:20312ms step_avg:39.52ms
step:515/1285 train_time:20363ms step_avg:39.54ms
step:516/1285 train_time:20425ms step_avg:39.58ms
step:517/1285 train_time:20478ms step_avg:39.61ms
step:518/1285 train_time:20541ms step_avg:39.65ms
step:519/1285 train_time:20595ms step_avg:39.68ms
step:520/1285 train_time:20659ms step_avg:39.73ms
step:521/1285 train_time:20713ms step_avg:39.76ms
step:522/1285 train_time:20775ms step_avg:39.80ms
step:523/1285 train_time:20829ms step_avg:39.83ms
step:524/1285 train_time:20892ms step_avg:39.87ms
step:525/1285 train_time:20944ms step_avg:39.89ms
step:526/1285 train_time:21007ms step_avg:39.94ms
step:527/1285 train_time:21058ms step_avg:39.96ms
step:528/1285 train_time:21120ms step_avg:40.00ms
step:529/1285 train_time:21172ms step_avg:40.02ms
step:530/1285 train_time:21235ms step_avg:40.07ms
step:531/1285 train_time:21287ms step_avg:40.09ms
step:532/1285 train_time:21348ms step_avg:40.13ms
step:533/1285 train_time:21400ms step_avg:40.15ms
step:534/1285 train_time:21463ms step_avg:40.19ms
step:535/1285 train_time:21515ms step_avg:40.21ms
step:536/1285 train_time:21576ms step_avg:40.25ms
step:537/1285 train_time:21630ms step_avg:40.28ms
step:538/1285 train_time:21693ms step_avg:40.32ms
step:539/1285 train_time:21745ms step_avg:40.34ms
step:540/1285 train_time:21809ms step_avg:40.39ms
step:541/1285 train_time:21861ms step_avg:40.41ms
step:542/1285 train_time:21925ms step_avg:40.45ms
step:543/1285 train_time:21978ms step_avg:40.47ms
step:544/1285 train_time:22040ms step_avg:40.51ms
step:545/1285 train_time:22092ms step_avg:40.54ms
step:546/1285 train_time:22154ms step_avg:40.58ms
step:547/1285 train_time:22207ms step_avg:40.60ms
step:548/1285 train_time:22268ms step_avg:40.64ms
step:549/1285 train_time:22321ms step_avg:40.66ms
step:550/1285 train_time:22383ms step_avg:40.70ms
step:551/1285 train_time:22435ms step_avg:40.72ms
step:552/1285 train_time:22496ms step_avg:40.75ms
step:553/1285 train_time:22550ms step_avg:40.78ms
step:554/1285 train_time:22613ms step_avg:40.82ms
step:555/1285 train_time:22666ms step_avg:40.84ms
step:556/1285 train_time:22729ms step_avg:40.88ms
step:557/1285 train_time:22782ms step_avg:40.90ms
step:558/1285 train_time:22845ms step_avg:40.94ms
step:559/1285 train_time:22899ms step_avg:40.96ms
step:560/1285 train_time:22961ms step_avg:41.00ms
step:561/1285 train_time:23014ms step_avg:41.02ms
step:562/1285 train_time:23076ms step_avg:41.06ms
step:563/1285 train_time:23128ms step_avg:41.08ms
step:564/1285 train_time:23191ms step_avg:41.12ms
step:565/1285 train_time:23243ms step_avg:41.14ms
step:566/1285 train_time:23304ms step_avg:41.17ms
step:567/1285 train_time:23357ms step_avg:41.19ms
step:568/1285 train_time:23418ms step_avg:41.23ms
step:569/1285 train_time:23472ms step_avg:41.25ms
step:570/1285 train_time:23536ms step_avg:41.29ms
step:571/1285 train_time:23588ms step_avg:41.31ms
step:572/1285 train_time:23650ms step_avg:41.35ms
step:573/1285 train_time:23704ms step_avg:41.37ms
step:574/1285 train_time:23766ms step_avg:41.40ms
step:575/1285 train_time:23819ms step_avg:41.42ms
step:576/1285 train_time:23882ms step_avg:41.46ms
step:577/1285 train_time:23935ms step_avg:41.48ms
step:578/1285 train_time:23997ms step_avg:41.52ms
step:579/1285 train_time:24050ms step_avg:41.54ms
step:580/1285 train_time:24112ms step_avg:41.57ms
step:581/1285 train_time:24164ms step_avg:41.59ms
step:582/1285 train_time:24226ms step_avg:41.63ms
step:583/1285 train_time:24278ms step_avg:41.64ms
step:584/1285 train_time:24341ms step_avg:41.68ms
step:585/1285 train_time:24394ms step_avg:41.70ms
step:586/1285 train_time:24455ms step_avg:41.73ms
step:587/1285 train_time:24507ms step_avg:41.75ms
step:588/1285 train_time:24569ms step_avg:41.78ms
step:589/1285 train_time:24623ms step_avg:41.80ms
step:590/1285 train_time:24686ms step_avg:41.84ms
step:591/1285 train_time:24739ms step_avg:41.86ms
step:592/1285 train_time:24803ms step_avg:41.90ms
step:593/1285 train_time:24855ms step_avg:41.91ms
step:594/1285 train_time:24916ms step_avg:41.95ms
step:595/1285 train_time:24970ms step_avg:41.97ms
step:596/1285 train_time:25033ms step_avg:42.00ms
step:597/1285 train_time:25085ms step_avg:42.02ms
step:598/1285 train_time:25148ms step_avg:42.05ms
step:599/1285 train_time:25200ms step_avg:42.07ms
step:600/1285 train_time:25263ms step_avg:42.10ms
step:601/1285 train_time:25316ms step_avg:42.12ms
step:602/1285 train_time:25378ms step_avg:42.16ms
step:603/1285 train_time:25431ms step_avg:42.17ms
step:604/1285 train_time:25493ms step_avg:42.21ms
step:605/1285 train_time:25546ms step_avg:42.22ms
step:606/1285 train_time:25609ms step_avg:42.26ms
step:607/1285 train_time:25662ms step_avg:42.28ms
step:608/1285 train_time:25724ms step_avg:42.31ms
step:609/1285 train_time:25776ms step_avg:42.33ms
step:610/1285 train_time:25838ms step_avg:42.36ms
step:611/1285 train_time:25891ms step_avg:42.38ms
step:612/1285 train_time:25953ms step_avg:42.41ms
step:613/1285 train_time:26006ms step_avg:42.42ms
step:614/1285 train_time:26068ms step_avg:42.46ms
step:615/1285 train_time:26121ms step_avg:42.47ms
step:616/1285 train_time:26183ms step_avg:42.51ms
step:617/1285 train_time:26236ms step_avg:42.52ms
step:618/1285 train_time:26298ms step_avg:42.55ms
step:619/1285 train_time:26351ms step_avg:42.57ms
step:620/1285 train_time:26413ms step_avg:42.60ms
step:621/1285 train_time:26466ms step_avg:42.62ms
step:622/1285 train_time:26529ms step_avg:42.65ms
step:623/1285 train_time:26580ms step_avg:42.67ms
step:624/1285 train_time:26643ms step_avg:42.70ms
step:625/1285 train_time:26696ms step_avg:42.71ms
step:626/1285 train_time:26758ms step_avg:42.74ms
step:627/1285 train_time:26811ms step_avg:42.76ms
step:628/1285 train_time:26873ms step_avg:42.79ms
step:629/1285 train_time:26926ms step_avg:42.81ms
step:630/1285 train_time:26988ms step_avg:42.84ms
step:631/1285 train_time:27041ms step_avg:42.85ms
step:632/1285 train_time:27103ms step_avg:42.89ms
step:633/1285 train_time:27157ms step_avg:42.90ms
step:634/1285 train_time:27219ms step_avg:42.93ms
step:635/1285 train_time:27272ms step_avg:42.95ms
step:636/1285 train_time:27334ms step_avg:42.98ms
step:637/1285 train_time:27388ms step_avg:42.99ms
step:638/1285 train_time:27450ms step_avg:43.02ms
step:639/1285 train_time:27502ms step_avg:43.04ms
step:640/1285 train_time:27565ms step_avg:43.07ms
step:641/1285 train_time:27619ms step_avg:43.09ms
step:642/1285 train_time:27681ms step_avg:43.12ms
step:643/1285 train_time:27734ms step_avg:43.13ms
step:644/1285 train_time:27796ms step_avg:43.16ms
step:645/1285 train_time:27849ms step_avg:43.18ms
step:646/1285 train_time:27911ms step_avg:43.21ms
step:647/1285 train_time:27963ms step_avg:43.22ms
step:648/1285 train_time:28025ms step_avg:43.25ms
step:649/1285 train_time:28078ms step_avg:43.26ms
step:650/1285 train_time:28140ms step_avg:43.29ms
step:651/1285 train_time:28193ms step_avg:43.31ms
step:652/1285 train_time:28255ms step_avg:43.34ms
step:653/1285 train_time:28307ms step_avg:43.35ms
step:654/1285 train_time:28370ms step_avg:43.38ms
step:655/1285 train_time:28423ms step_avg:43.39ms
step:656/1285 train_time:28485ms step_avg:43.42ms
step:657/1285 train_time:28539ms step_avg:43.44ms
step:658/1285 train_time:28600ms step_avg:43.47ms
step:659/1285 train_time:28652ms step_avg:43.48ms
step:660/1285 train_time:28715ms step_avg:43.51ms
step:661/1285 train_time:28768ms step_avg:43.52ms
step:662/1285 train_time:28832ms step_avg:43.55ms
step:663/1285 train_time:28884ms step_avg:43.57ms
step:664/1285 train_time:28946ms step_avg:43.59ms
step:665/1285 train_time:28998ms step_avg:43.61ms
step:666/1285 train_time:29061ms step_avg:43.63ms
step:667/1285 train_time:29113ms step_avg:43.65ms
step:668/1285 train_time:29175ms step_avg:43.68ms
step:669/1285 train_time:29229ms step_avg:43.69ms
step:670/1285 train_time:29291ms step_avg:43.72ms
step:671/1285 train_time:29344ms step_avg:43.73ms
step:672/1285 train_time:29406ms step_avg:43.76ms
step:673/1285 train_time:29460ms step_avg:43.77ms
step:674/1285 train_time:29522ms step_avg:43.80ms
step:675/1285 train_time:29574ms step_avg:43.81ms
step:676/1285 train_time:29636ms step_avg:43.84ms
step:677/1285 train_time:29688ms step_avg:43.85ms
step:678/1285 train_time:29751ms step_avg:43.88ms
step:679/1285 train_time:29803ms step_avg:43.89ms
step:680/1285 train_time:29866ms step_avg:43.92ms
step:681/1285 train_time:29918ms step_avg:43.93ms
step:682/1285 train_time:29980ms step_avg:43.96ms
step:683/1285 train_time:30033ms step_avg:43.97ms
step:684/1285 train_time:30095ms step_avg:44.00ms
step:685/1285 train_time:30147ms step_avg:44.01ms
step:686/1285 train_time:30210ms step_avg:44.04ms
step:687/1285 train_time:30262ms step_avg:44.05ms
step:688/1285 train_time:30325ms step_avg:44.08ms
step:689/1285 train_time:30377ms step_avg:44.09ms
step:690/1285 train_time:30440ms step_avg:44.12ms
step:691/1285 train_time:30492ms step_avg:44.13ms
step:692/1285 train_time:30554ms step_avg:44.15ms
step:693/1285 train_time:30607ms step_avg:44.17ms
step:694/1285 train_time:30670ms step_avg:44.19ms
step:695/1285 train_time:30722ms step_avg:44.20ms
step:696/1285 train_time:30785ms step_avg:44.23ms
step:697/1285 train_time:30838ms step_avg:44.24ms
step:698/1285 train_time:30899ms step_avg:44.27ms
step:699/1285 train_time:30952ms step_avg:44.28ms
step:700/1285 train_time:31013ms step_avg:44.30ms
step:701/1285 train_time:31067ms step_avg:44.32ms
step:702/1285 train_time:31131ms step_avg:44.35ms
step:703/1285 train_time:31182ms step_avg:44.36ms
step:704/1285 train_time:31244ms step_avg:44.38ms
step:705/1285 train_time:31297ms step_avg:44.39ms
step:706/1285 train_time:31360ms step_avg:44.42ms
step:707/1285 train_time:31413ms step_avg:44.43ms
step:708/1285 train_time:31475ms step_avg:44.46ms
step:709/1285 train_time:31528ms step_avg:44.47ms
step:710/1285 train_time:31590ms step_avg:44.49ms
step:711/1285 train_time:31643ms step_avg:44.51ms
step:712/1285 train_time:31706ms step_avg:44.53ms
step:713/1285 train_time:31759ms step_avg:44.54ms
step:714/1285 train_time:31821ms step_avg:44.57ms
step:715/1285 train_time:31874ms step_avg:44.58ms
step:716/1285 train_time:31936ms step_avg:44.60ms
step:717/1285 train_time:31987ms step_avg:44.61ms
step:718/1285 train_time:32050ms step_avg:44.64ms
step:719/1285 train_time:32103ms step_avg:44.65ms
step:720/1285 train_time:32165ms step_avg:44.67ms
step:721/1285 train_time:32218ms step_avg:44.68ms
step:722/1285 train_time:32280ms step_avg:44.71ms
step:723/1285 train_time:32333ms step_avg:44.72ms
step:724/1285 train_time:32395ms step_avg:44.74ms
step:725/1285 train_time:32448ms step_avg:44.76ms
step:726/1285 train_time:32511ms step_avg:44.78ms
step:727/1285 train_time:32563ms step_avg:44.79ms
step:728/1285 train_time:32626ms step_avg:44.82ms
step:729/1285 train_time:32680ms step_avg:44.83ms
step:730/1285 train_time:32742ms step_avg:44.85ms
step:731/1285 train_time:32795ms step_avg:44.86ms
step:732/1285 train_time:32857ms step_avg:44.89ms
step:733/1285 train_time:32909ms step_avg:44.90ms
step:734/1285 train_time:32971ms step_avg:44.92ms
step:735/1285 train_time:33025ms step_avg:44.93ms
step:736/1285 train_time:33087ms step_avg:44.95ms
step:737/1285 train_time:33139ms step_avg:44.97ms
step:738/1285 train_time:33201ms step_avg:44.99ms
step:739/1285 train_time:33254ms step_avg:45.00ms
step:740/1285 train_time:33319ms step_avg:45.03ms
step:741/1285 train_time:33370ms step_avg:45.03ms
step:742/1285 train_time:33432ms step_avg:45.06ms
step:743/1285 train_time:33484ms step_avg:45.07ms
step:744/1285 train_time:33548ms step_avg:45.09ms
step:745/1285 train_time:33599ms step_avg:45.10ms
step:746/1285 train_time:33662ms step_avg:45.12ms
step:747/1285 train_time:33715ms step_avg:45.13ms
step:748/1285 train_time:33777ms step_avg:45.16ms
step:749/1285 train_time:33830ms step_avg:45.17ms
step:750/1285 train_time:33892ms step_avg:45.19ms
step:750/1285 val_loss:3.69545770 train_time:33953ms step_avg:45.27ms
step:751/1285 train_time:33989ms step_avg:45.26ms
step:752/1285 train_time:34030ms step_avg:45.25ms
step:753/1285 train_time:34074ms step_avg:45.25ms
step:754/1285 train_time:34137ms step_avg:45.28ms
step:755/1285 train_time:34191ms step_avg:45.29ms
step:756/1285 train_time:34252ms step_avg:45.31ms
step:757/1285 train_time:34304ms step_avg:45.32ms
step:758/1285 train_time:34366ms step_avg:45.34ms
step:759/1285 train_time:34418ms step_avg:45.35ms
step:760/1285 train_time:34479ms step_avg:45.37ms
step:761/1285 train_time:34531ms step_avg:45.38ms
step:762/1285 train_time:34593ms step_avg:45.40ms
step:763/1285 train_time:34645ms step_avg:45.41ms
step:764/1285 train_time:34707ms step_avg:45.43ms
step:765/1285 train_time:34760ms step_avg:45.44ms
step:766/1285 train_time:34821ms step_avg:45.46ms
step:767/1285 train_time:34873ms step_avg:45.47ms
step:768/1285 train_time:34936ms step_avg:45.49ms
step:769/1285 train_time:34991ms step_avg:45.50ms
step:770/1285 train_time:35054ms step_avg:45.53ms
step:771/1285 train_time:35109ms step_avg:45.54ms
step:772/1285 train_time:35172ms step_avg:45.56ms
step:773/1285 train_time:35224ms step_avg:45.57ms
step:774/1285 train_time:35286ms step_avg:45.59ms
step:775/1285 train_time:35339ms step_avg:45.60ms
step:776/1285 train_time:35402ms step_avg:45.62ms
step:777/1285 train_time:35454ms step_avg:45.63ms
step:778/1285 train_time:35516ms step_avg:45.65ms
step:779/1285 train_time:35569ms step_avg:45.66ms
step:780/1285 train_time:35630ms step_avg:45.68ms
step:781/1285 train_time:35682ms step_avg:45.69ms
step:782/1285 train_time:35744ms step_avg:45.71ms
step:783/1285 train_time:35795ms step_avg:45.72ms
step:784/1285 train_time:35858ms step_avg:45.74ms
step:785/1285 train_time:35910ms step_avg:45.75ms
step:786/1285 train_time:35973ms step_avg:45.77ms
step:787/1285 train_time:36026ms step_avg:45.78ms
step:788/1285 train_time:36088ms step_avg:45.80ms
step:789/1285 train_time:36142ms step_avg:45.81ms
step:790/1285 train_time:36205ms step_avg:45.83ms
step:791/1285 train_time:36258ms step_avg:45.84ms
step:792/1285 train_time:36321ms step_avg:45.86ms
step:793/1285 train_time:36373ms step_avg:45.87ms
step:794/1285 train_time:36516ms step_avg:45.99ms
step:795/1285 train_time:36557ms step_avg:45.98ms
step:796/1285 train_time:36605ms step_avg:45.99ms
step:797/1285 train_time:36644ms step_avg:45.98ms
step:798/1285 train_time:36704ms step_avg:46.00ms
step:799/1285 train_time:36756ms step_avg:46.00ms
step:800/1285 train_time:36817ms step_avg:46.02ms
step:801/1285 train_time:36869ms step_avg:46.03ms
step:802/1285 train_time:36930ms step_avg:46.05ms
step:803/1285 train_time:36982ms step_avg:46.05ms
step:804/1285 train_time:37044ms step_avg:46.07ms
step:805/1285 train_time:37096ms step_avg:46.08ms
step:806/1285 train_time:37157ms step_avg:46.10ms
step:807/1285 train_time:37210ms step_avg:46.11ms
step:808/1285 train_time:37273ms step_avg:46.13ms
step:809/1285 train_time:37325ms step_avg:46.14ms
step:810/1285 train_time:37390ms step_avg:46.16ms
step:811/1285 train_time:37447ms step_avg:46.17ms
step:812/1285 train_time:37512ms step_avg:46.20ms
step:813/1285 train_time:37565ms step_avg:46.21ms
step:814/1285 train_time:37628ms step_avg:46.23ms
step:815/1285 train_time:37680ms step_avg:46.23ms
step:816/1285 train_time:37741ms step_avg:46.25ms
step:817/1285 train_time:37794ms step_avg:46.26ms
step:818/1285 train_time:37857ms step_avg:46.28ms
step:819/1285 train_time:37908ms step_avg:46.29ms
step:820/1285 train_time:37969ms step_avg:46.30ms
step:821/1285 train_time:38021ms step_avg:46.31ms
step:822/1285 train_time:38083ms step_avg:46.33ms
step:823/1285 train_time:38135ms step_avg:46.34ms
step:824/1285 train_time:38197ms step_avg:46.36ms
step:825/1285 train_time:38250ms step_avg:46.36ms
step:826/1285 train_time:38313ms step_avg:46.38ms
step:827/1285 train_time:38367ms step_avg:46.39ms
step:828/1285 train_time:38431ms step_avg:46.41ms
step:829/1285 train_time:38485ms step_avg:46.42ms
step:830/1285 train_time:38547ms step_avg:46.44ms
step:831/1285 train_time:38601ms step_avg:46.45ms
step:832/1285 train_time:38664ms step_avg:46.47ms
step:833/1285 train_time:38717ms step_avg:46.48ms
step:834/1285 train_time:38778ms step_avg:46.50ms
step:835/1285 train_time:38830ms step_avg:46.50ms
step:836/1285 train_time:38892ms step_avg:46.52ms
step:837/1285 train_time:38944ms step_avg:46.53ms
step:838/1285 train_time:39006ms step_avg:46.55ms
step:839/1285 train_time:39059ms step_avg:46.55ms
step:840/1285 train_time:39121ms step_avg:46.57ms
step:841/1285 train_time:39172ms step_avg:46.58ms
step:842/1285 train_time:39233ms step_avg:46.60ms
step:843/1285 train_time:39286ms step_avg:46.60ms
step:844/1285 train_time:39350ms step_avg:46.62ms
step:845/1285 train_time:39403ms step_avg:46.63ms
step:846/1285 train_time:39467ms step_avg:46.65ms
step:847/1285 train_time:39520ms step_avg:46.66ms
step:848/1285 train_time:39584ms step_avg:46.68ms
step:849/1285 train_time:39666ms step_avg:46.72ms
step:850/1285 train_time:39755ms step_avg:46.77ms
step:851/1285 train_time:39832ms step_avg:46.81ms
step:852/1285 train_time:39917ms step_avg:46.85ms
step:853/1285 train_time:39995ms step_avg:46.89ms
step:854/1285 train_time:40082ms step_avg:46.93ms
step:855/1285 train_time:40159ms step_avg:46.97ms
step:856/1285 train_time:40249ms step_avg:47.02ms
step:857/1285 train_time:40327ms step_avg:47.06ms
step:858/1285 train_time:40414ms step_avg:47.10ms
step:859/1285 train_time:40494ms step_avg:47.14ms
step:860/1285 train_time:40581ms step_avg:47.19ms
step:861/1285 train_time:40659ms step_avg:47.22ms
step:862/1285 train_time:40749ms step_avg:47.27ms
step:863/1285 train_time:40829ms step_avg:47.31ms
step:864/1285 train_time:40915ms step_avg:47.36ms
step:865/1285 train_time:40993ms step_avg:47.39ms
step:866/1285 train_time:41079ms step_avg:47.44ms
step:867/1285 train_time:41156ms step_avg:47.47ms
step:868/1285 train_time:41243ms step_avg:47.52ms
step:869/1285 train_time:41321ms step_avg:47.55ms
step:870/1285 train_time:41410ms step_avg:47.60ms
step:871/1285 train_time:41490ms step_avg:47.63ms
step:872/1285 train_time:41578ms step_avg:47.68ms
step:873/1285 train_time:41656ms step_avg:47.72ms
step:874/1285 train_time:41742ms step_avg:47.76ms
step:875/1285 train_time:41822ms step_avg:47.80ms
step:876/1285 train_time:41910ms step_avg:47.84ms
step:877/1285 train_time:41989ms step_avg:47.88ms
step:878/1285 train_time:42076ms step_avg:47.92ms
step:879/1285 train_time:42154ms step_avg:47.96ms
step:880/1285 train_time:42240ms step_avg:48.00ms
step:881/1285 train_time:42318ms step_avg:48.03ms
step:882/1285 train_time:42406ms step_avg:48.08ms
step:883/1285 train_time:42487ms step_avg:48.12ms
step:884/1285 train_time:42576ms step_avg:48.16ms
step:885/1285 train_time:42653ms step_avg:48.20ms
step:886/1285 train_time:42741ms step_avg:48.24ms
step:887/1285 train_time:42818ms step_avg:48.27ms
step:888/1285 train_time:42907ms step_avg:48.32ms
step:889/1285 train_time:42987ms step_avg:48.35ms
step:890/1285 train_time:43075ms step_avg:48.40ms
step:891/1285 train_time:43152ms step_avg:48.43ms
step:892/1285 train_time:43239ms step_avg:48.47ms
step:893/1285 train_time:43315ms step_avg:48.51ms
step:894/1285 train_time:43403ms step_avg:48.55ms
step:895/1285 train_time:43483ms step_avg:48.58ms
step:896/1285 train_time:43572ms step_avg:48.63ms
step:897/1285 train_time:43652ms step_avg:48.66ms
step:898/1285 train_time:43740ms step_avg:48.71ms
step:899/1285 train_time:43817ms step_avg:48.74ms
step:900/1285 train_time:43904ms step_avg:48.78ms
step:901/1285 train_time:43985ms step_avg:48.82ms
step:902/1285 train_time:44073ms step_avg:48.86ms
step:903/1285 train_time:44152ms step_avg:48.89ms
step:904/1285 train_time:44238ms step_avg:48.94ms
step:905/1285 train_time:44315ms step_avg:48.97ms
step:906/1285 train_time:44402ms step_avg:49.01ms
step:907/1285 train_time:44480ms step_avg:49.04ms
step:908/1285 train_time:44570ms step_avg:49.09ms
step:909/1285 train_time:44650ms step_avg:49.12ms
step:910/1285 train_time:44737ms step_avg:49.16ms
step:911/1285 train_time:44814ms step_avg:49.19ms
step:912/1285 train_time:44901ms step_avg:49.23ms
step:913/1285 train_time:44979ms step_avg:49.27ms
step:914/1285 train_time:45069ms step_avg:49.31ms
step:915/1285 train_time:45148ms step_avg:49.34ms
step:916/1285 train_time:45234ms step_avg:49.38ms
step:917/1285 train_time:45313ms step_avg:49.41ms
step:918/1285 train_time:45399ms step_avg:49.45ms
step:919/1285 train_time:45477ms step_avg:49.49ms
step:920/1285 train_time:45565ms step_avg:49.53ms
step:921/1285 train_time:45647ms step_avg:49.56ms
step:922/1285 train_time:45735ms step_avg:49.60ms
step:923/1285 train_time:45813ms step_avg:49.63ms
step:924/1285 train_time:45899ms step_avg:49.67ms
step:925/1285 train_time:45977ms step_avg:49.71ms
step:926/1285 train_time:46066ms step_avg:49.75ms
step:927/1285 train_time:46147ms step_avg:49.78ms
step:928/1285 train_time:46234ms step_avg:49.82ms
step:929/1285 train_time:46312ms step_avg:49.85ms
step:930/1285 train_time:46398ms step_avg:49.89ms
step:931/1285 train_time:46475ms step_avg:49.92ms
step:932/1285 train_time:46563ms step_avg:49.96ms
step:933/1285 train_time:46643ms step_avg:49.99ms
step:934/1285 train_time:46732ms step_avg:50.03ms
step:935/1285 train_time:46810ms step_avg:50.06ms
step:936/1285 train_time:46897ms step_avg:50.10ms
step:937/1285 train_time:46975ms step_avg:50.13ms
step:938/1285 train_time:47063ms step_avg:50.17ms
step:939/1285 train_time:47142ms step_avg:50.20ms
step:940/1285 train_time:47231ms step_avg:50.25ms
step:941/1285 train_time:47310ms step_avg:50.28ms
step:942/1285 train_time:47397ms step_avg:50.31ms
step:943/1285 train_time:47475ms step_avg:50.34ms
step:944/1285 train_time:47561ms step_avg:50.38ms
step:945/1285 train_time:47640ms step_avg:50.41ms
step:946/1285 train_time:47728ms step_avg:50.45ms
step:947/1285 train_time:47805ms step_avg:50.48ms
step:948/1285 train_time:47895ms step_avg:50.52ms
step:949/1285 train_time:47972ms step_avg:50.55ms
step:950/1285 train_time:48060ms step_avg:50.59ms
step:951/1285 train_time:48138ms step_avg:50.62ms
step:952/1285 train_time:48226ms step_avg:50.66ms
step:953/1285 train_time:48306ms step_avg:50.69ms
step:954/1285 train_time:48393ms step_avg:50.73ms
step:955/1285 train_time:48472ms step_avg:50.76ms
step:956/1285 train_time:48558ms step_avg:50.79ms
step:957/1285 train_time:48636ms step_avg:50.82ms
step:958/1285 train_time:48724ms step_avg:50.86ms
step:959/1285 train_time:48801ms step_avg:50.89ms
step:960/1285 train_time:48890ms step_avg:50.93ms
step:961/1285 train_time:48968ms step_avg:50.96ms
step:962/1285 train_time:49055ms step_avg:50.99ms
step:963/1285 train_time:49134ms step_avg:51.02ms
step:964/1285 train_time:49223ms step_avg:51.06ms
step:965/1285 train_time:49299ms step_avg:51.09ms
step:966/1285 train_time:49389ms step_avg:51.13ms
step:967/1285 train_time:49467ms step_avg:51.15ms
step:968/1285 train_time:49554ms step_avg:51.19ms
step:969/1285 train_time:49631ms step_avg:51.22ms
step:970/1285 train_time:49719ms step_avg:51.26ms
step:971/1285 train_time:49795ms step_avg:51.28ms
step:972/1285 train_time:49882ms step_avg:51.32ms
step:973/1285 train_time:49961ms step_avg:51.35ms
step:974/1285 train_time:50050ms step_avg:51.39ms
step:975/1285 train_time:50129ms step_avg:51.41ms
step:976/1285 train_time:50217ms step_avg:51.45ms
step:977/1285 train_time:50295ms step_avg:51.48ms
step:978/1285 train_time:50382ms step_avg:51.52ms
step:979/1285 train_time:50461ms step_avg:51.54ms
step:980/1285 train_time:50550ms step_avg:51.58ms
step:981/1285 train_time:50627ms step_avg:51.61ms
step:982/1285 train_time:50715ms step_avg:51.64ms
step:983/1285 train_time:50793ms step_avg:51.67ms
step:984/1285 train_time:50881ms step_avg:51.71ms
step:985/1285 train_time:50958ms step_avg:51.73ms
step:986/1285 train_time:51048ms step_avg:51.77ms
step:987/1285 train_time:51128ms step_avg:51.80ms
step:988/1285 train_time:51215ms step_avg:51.84ms
step:989/1285 train_time:51292ms step_avg:51.86ms
step:990/1285 train_time:51379ms step_avg:51.90ms
step:991/1285 train_time:51457ms step_avg:51.92ms
step:992/1285 train_time:51546ms step_avg:51.96ms
step:993/1285 train_time:51625ms step_avg:51.99ms
step:994/1285 train_time:51713ms step_avg:52.03ms
step:995/1285 train_time:51790ms step_avg:52.05ms
step:996/1285 train_time:51878ms step_avg:52.09ms
step:997/1285 train_time:51955ms step_avg:52.11ms
step:998/1285 train_time:52043ms step_avg:52.15ms
step:999/1285 train_time:52123ms step_avg:52.17ms
step:1000/1285 train_time:52212ms step_avg:52.21ms
step:1000/1285 val_loss:3.41901374 train_time:52298ms step_avg:52.30ms
step:1001/1285 train_time:52335ms step_avg:52.28ms
step:1002/1285 train_time:52377ms step_avg:52.27ms
step:1003/1285 train_time:52458ms step_avg:52.30ms
step:1004/1285 train_time:52550ms step_avg:52.34ms
step:1005/1285 train_time:52628ms step_avg:52.37ms
step:1006/1285 train_time:52715ms step_avg:52.40ms
step:1007/1285 train_time:52791ms step_avg:52.42ms
step:1008/1285 train_time:52878ms step_avg:52.46ms
step:1009/1285 train_time:52954ms step_avg:52.48ms
step:1010/1285 train_time:53040ms step_avg:52.51ms
step:1011/1285 train_time:53118ms step_avg:52.54ms
step:1012/1285 train_time:53208ms step_avg:52.58ms
step:1013/1285 train_time:53292ms step_avg:52.61ms
step:1014/1285 train_time:53380ms step_avg:52.64ms
step:1015/1285 train_time:53459ms step_avg:52.67ms
step:1016/1285 train_time:53548ms step_avg:52.70ms
step:1017/1285 train_time:53627ms step_avg:52.73ms
step:1018/1285 train_time:53714ms step_avg:52.76ms
step:1019/1285 train_time:53790ms step_avg:52.79ms
step:1020/1285 train_time:53877ms step_avg:52.82ms
step:1021/1285 train_time:53953ms step_avg:52.84ms
step:1022/1285 train_time:54041ms step_avg:52.88ms
step:1023/1285 train_time:54119ms step_avg:52.90ms
step:1024/1285 train_time:54207ms step_avg:52.94ms
step:1025/1285 train_time:54288ms step_avg:52.96ms
step:1026/1285 train_time:54412ms step_avg:53.03ms
step:1027/1285 train_time:54456ms step_avg:53.02ms
step:1028/1285 train_time:54544ms step_avg:53.06ms
step:1029/1285 train_time:54622ms step_avg:53.08ms
step:1030/1285 train_time:54710ms step_avg:53.12ms
step:1031/1285 train_time:54788ms step_avg:53.14ms
step:1032/1285 train_time:54875ms step_avg:53.17ms
step:1033/1285 train_time:54951ms step_avg:53.20ms
step:1034/1285 train_time:55038ms step_avg:53.23ms
step:1035/1285 train_time:55114ms step_avg:53.25ms
step:1036/1285 train_time:55203ms step_avg:53.28ms
step:1037/1285 train_time:55284ms step_avg:53.31ms
step:1038/1285 train_time:55373ms step_avg:53.35ms
step:1039/1285 train_time:55450ms step_avg:53.37ms
step:1040/1285 train_time:55537ms step_avg:53.40ms
step:1041/1285 train_time:55616ms step_avg:53.43ms
step:1042/1285 train_time:55705ms step_avg:53.46ms
step:1043/1285 train_time:55784ms step_avg:53.48ms
step:1044/1285 train_time:55871ms step_avg:53.52ms
step:1045/1285 train_time:55948ms step_avg:53.54ms
step:1046/1285 train_time:56034ms step_avg:53.57ms
step:1047/1285 train_time:56111ms step_avg:53.59ms
step:1048/1285 train_time:56198ms step_avg:53.62ms
step:1049/1285 train_time:56277ms step_avg:53.65ms
step:1050/1285 train_time:56367ms step_avg:53.68ms
step:1051/1285 train_time:56445ms step_avg:53.71ms
step:1052/1285 train_time:56532ms step_avg:53.74ms
step:1053/1285 train_time:56609ms step_avg:53.76ms
step:1054/1285 train_time:56698ms step_avg:53.79ms
step:1055/1285 train_time:56776ms step_avg:53.82ms
step:1056/1285 train_time:56864ms step_avg:53.85ms
step:1057/1285 train_time:56942ms step_avg:53.87ms
step:1058/1285 train_time:57029ms step_avg:53.90ms
step:1059/1285 train_time:57107ms step_avg:53.93ms
step:1060/1285 train_time:57194ms step_avg:53.96ms
step:1061/1285 train_time:57273ms step_avg:53.98ms
step:1062/1285 train_time:57360ms step_avg:54.01ms
step:1063/1285 train_time:57438ms step_avg:54.03ms
step:1064/1285 train_time:57527ms step_avg:54.07ms
step:1065/1285 train_time:57606ms step_avg:54.09ms
step:1066/1285 train_time:57695ms step_avg:54.12ms
step:1067/1285 train_time:57774ms step_avg:54.15ms
step:1068/1285 train_time:57861ms step_avg:54.18ms
step:1069/1285 train_time:57941ms step_avg:54.20ms
step:1070/1285 train_time:58029ms step_avg:54.23ms
step:1071/1285 train_time:58107ms step_avg:54.26ms
step:1072/1285 train_time:58193ms step_avg:54.28ms
step:1073/1285 train_time:58271ms step_avg:54.31ms
step:1074/1285 train_time:58358ms step_avg:54.34ms
step:1075/1285 train_time:58435ms step_avg:54.36ms
step:1076/1285 train_time:58524ms step_avg:54.39ms
step:1077/1285 train_time:58603ms step_avg:54.41ms
step:1078/1285 train_time:58692ms step_avg:54.45ms
step:1079/1285 train_time:58770ms step_avg:54.47ms
step:1080/1285 train_time:58857ms step_avg:54.50ms
step:1081/1285 train_time:58934ms step_avg:54.52ms
step:1082/1285 train_time:59022ms step_avg:54.55ms
step:1083/1285 train_time:59102ms step_avg:54.57ms
step:1084/1285 train_time:59190ms step_avg:54.60ms
step:1085/1285 train_time:59268ms step_avg:54.63ms
step:1086/1285 train_time:59355ms step_avg:54.65ms
step:1087/1285 train_time:59432ms step_avg:54.68ms
step:1088/1285 train_time:59520ms step_avg:54.71ms
step:1089/1285 train_time:59599ms step_avg:54.73ms
step:1090/1285 train_time:59688ms step_avg:54.76ms
step:1091/1285 train_time:59766ms step_avg:54.78ms
step:1092/1285 train_time:59853ms step_avg:54.81ms
step:1093/1285 train_time:59933ms step_avg:54.83ms
step:1094/1285 train_time:60017ms step_avg:54.86ms
step:1095/1285 train_time:60096ms step_avg:54.88ms
step:1096/1285 train_time:60187ms step_avg:54.91ms
step:1097/1285 train_time:60265ms step_avg:54.94ms
step:1098/1285 train_time:60352ms step_avg:54.97ms
step:1099/1285 train_time:60429ms step_avg:54.99ms
step:1100/1285 train_time:60516ms step_avg:55.01ms
step:1101/1285 train_time:60596ms step_avg:55.04ms
step:1102/1285 train_time:60685ms step_avg:55.07ms
step:1103/1285 train_time:60763ms step_avg:55.09ms
step:1104/1285 train_time:60851ms step_avg:55.12ms
step:1105/1285 train_time:60929ms step_avg:55.14ms
step:1106/1285 train_time:61015ms step_avg:55.17ms
step:1107/1285 train_time:61093ms step_avg:55.19ms
step:1108/1285 train_time:61182ms step_avg:55.22ms
step:1109/1285 train_time:61262ms step_avg:55.24ms
step:1110/1285 train_time:61348ms step_avg:55.27ms
step:1111/1285 train_time:61427ms step_avg:55.29ms
step:1112/1285 train_time:61514ms step_avg:55.32ms
step:1113/1285 train_time:61592ms step_avg:55.34ms
step:1114/1285 train_time:61680ms step_avg:55.37ms
step:1115/1285 train_time:61759ms step_avg:55.39ms
step:1116/1285 train_time:61847ms step_avg:55.42ms
step:1117/1285 train_time:61927ms step_avg:55.44ms
step:1118/1285 train_time:62014ms step_avg:55.47ms
step:1119/1285 train_time:62092ms step_avg:55.49ms
step:1120/1285 train_time:62179ms step_avg:55.52ms
step:1121/1285 train_time:62257ms step_avg:55.54ms
step:1122/1285 train_time:62345ms step_avg:55.57ms
step:1123/1285 train_time:62425ms step_avg:55.59ms
step:1124/1285 train_time:62511ms step_avg:55.62ms
step:1125/1285 train_time:62591ms step_avg:55.64ms
step:1126/1285 train_time:62678ms step_avg:55.66ms
step:1127/1285 train_time:62755ms step_avg:55.68ms
step:1128/1285 train_time:62843ms step_avg:55.71ms
step:1129/1285 train_time:62924ms step_avg:55.73ms
step:1130/1285 train_time:63011ms step_avg:55.76ms
step:1131/1285 train_time:63089ms step_avg:55.78ms
step:1132/1285 train_time:63176ms step_avg:55.81ms
step:1133/1285 train_time:63253ms step_avg:55.83ms
step:1134/1285 train_time:63342ms step_avg:55.86ms
step:1135/1285 train_time:63422ms step_avg:55.88ms
step:1136/1285 train_time:63510ms step_avg:55.91ms
step:1137/1285 train_time:63588ms step_avg:55.93ms
step:1138/1285 train_time:63676ms step_avg:55.95ms
step:1139/1285 train_time:63753ms step_avg:55.97ms
step:1140/1285 train_time:63841ms step_avg:56.00ms
step:1141/1285 train_time:63919ms step_avg:56.02ms
step:1142/1285 train_time:64008ms step_avg:56.05ms
step:1143/1285 train_time:64087ms step_avg:56.07ms
step:1144/1285 train_time:64175ms step_avg:56.10ms
step:1145/1285 train_time:64252ms step_avg:56.12ms
step:1146/1285 train_time:64338ms step_avg:56.14ms
step:1147/1285 train_time:64417ms step_avg:56.16ms
step:1148/1285 train_time:64505ms step_avg:56.19ms
step:1149/1285 train_time:64583ms step_avg:56.21ms
step:1150/1285 train_time:64670ms step_avg:56.23ms
step:1151/1285 train_time:64749ms step_avg:56.25ms
step:1152/1285 train_time:64835ms step_avg:56.28ms
step:1153/1285 train_time:64913ms step_avg:56.30ms
step:1154/1285 train_time:65002ms step_avg:56.33ms
step:1155/1285 train_time:65082ms step_avg:56.35ms
step:1156/1285 train_time:65169ms step_avg:56.37ms
step:1157/1285 train_time:65248ms step_avg:56.39ms
step:1158/1285 train_time:65333ms step_avg:56.42ms
step:1159/1285 train_time:65411ms step_avg:56.44ms
step:1160/1285 train_time:65499ms step_avg:56.46ms
step:1161/1285 train_time:65577ms step_avg:56.48ms
step:1162/1285 train_time:65666ms step_avg:56.51ms
step:1163/1285 train_time:65744ms step_avg:56.53ms
step:1164/1285 train_time:65831ms step_avg:56.56ms
step:1165/1285 train_time:65910ms step_avg:56.57ms
step:1166/1285 train_time:65996ms step_avg:56.60ms
step:1167/1285 train_time:66074ms step_avg:56.62ms
step:1168/1285 train_time:66163ms step_avg:56.65ms
step:1169/1285 train_time:66242ms step_avg:56.67ms
step:1170/1285 train_time:66330ms step_avg:56.69ms
step:1171/1285 train_time:66408ms step_avg:56.71ms
step:1172/1285 train_time:66495ms step_avg:56.74ms
step:1173/1285 train_time:66573ms step_avg:56.75ms
step:1174/1285 train_time:66660ms step_avg:56.78ms
step:1175/1285 train_time:66740ms step_avg:56.80ms
step:1176/1285 train_time:66827ms step_avg:56.83ms
step:1177/1285 train_time:66907ms step_avg:56.85ms
step:1178/1285 train_time:66994ms step_avg:56.87ms
step:1179/1285 train_time:67072ms step_avg:56.89ms
step:1180/1285 train_time:67159ms step_avg:56.91ms
step:1181/1285 train_time:67236ms step_avg:56.93ms
step:1182/1285 train_time:67323ms step_avg:56.96ms
step:1183/1285 train_time:67404ms step_avg:56.98ms
step:1184/1285 train_time:67491ms step_avg:57.00ms
step:1185/1285 train_time:67570ms step_avg:57.02ms
step:1186/1285 train_time:67656ms step_avg:57.05ms
step:1187/1285 train_time:67733ms step_avg:57.06ms
step:1188/1285 train_time:67822ms step_avg:57.09ms
step:1189/1285 train_time:67901ms step_avg:57.11ms
step:1190/1285 train_time:67989ms step_avg:57.13ms
step:1191/1285 train_time:68068ms step_avg:57.15ms
step:1192/1285 train_time:68154ms step_avg:57.18ms
step:1193/1285 train_time:68232ms step_avg:57.19ms
step:1194/1285 train_time:68321ms step_avg:57.22ms
step:1195/1285 train_time:68400ms step_avg:57.24ms
step:1196/1285 train_time:68487ms step_avg:57.26ms
step:1197/1285 train_time:68566ms step_avg:57.28ms
step:1198/1285 train_time:68653ms step_avg:57.31ms
step:1199/1285 train_time:68732ms step_avg:57.32ms
step:1200/1285 train_time:68819ms step_avg:57.35ms
step:1201/1285 train_time:68895ms step_avg:57.36ms
step:1202/1285 train_time:68986ms step_avg:57.39ms
step:1203/1285 train_time:69065ms step_avg:57.41ms
step:1204/1285 train_time:69152ms step_avg:57.44ms
step:1205/1285 train_time:69230ms step_avg:57.45ms
step:1206/1285 train_time:69315ms step_avg:57.48ms
step:1207/1285 train_time:69395ms step_avg:57.49ms
step:1208/1285 train_time:69484ms step_avg:57.52ms
step:1209/1285 train_time:69563ms step_avg:57.54ms
step:1210/1285 train_time:69650ms step_avg:57.56ms
step:1211/1285 train_time:69728ms step_avg:57.58ms
step:1212/1285 train_time:69815ms step_avg:57.60ms
step:1213/1285 train_time:69894ms step_avg:57.62ms
step:1214/1285 train_time:69982ms step_avg:57.65ms
step:1215/1285 train_time:70062ms step_avg:57.66ms
step:1216/1285 train_time:70150ms step_avg:57.69ms
step:1217/1285 train_time:70228ms step_avg:57.71ms
step:1218/1285 train_time:70315ms step_avg:57.73ms
step:1219/1285 train_time:70392ms step_avg:57.75ms
step:1220/1285 train_time:70480ms step_avg:57.77ms
step:1221/1285 train_time:70559ms step_avg:57.79ms
step:1222/1285 train_time:70647ms step_avg:57.81ms
step:1223/1285 train_time:70726ms step_avg:57.83ms
step:1224/1285 train_time:70813ms step_avg:57.85ms
step:1225/1285 train_time:70890ms step_avg:57.87ms
step:1226/1285 train_time:70977ms step_avg:57.89ms
step:1227/1285 train_time:71055ms step_avg:57.91ms
step:1228/1285 train_time:71144ms step_avg:57.93ms
step:1229/1285 train_time:71223ms step_avg:57.95ms
step:1230/1285 train_time:71310ms step_avg:57.98ms
step:1231/1285 train_time:71388ms step_avg:57.99ms
step:1232/1285 train_time:71475ms step_avg:58.02ms
step:1233/1285 train_time:71553ms step_avg:58.03ms
step:1234/1285 train_time:71641ms step_avg:58.06ms
step:1235/1285 train_time:71718ms step_avg:58.07ms
step:1236/1285 train_time:71807ms step_avg:58.10ms
step:1237/1285 train_time:71887ms step_avg:58.11ms
step:1238/1285 train_time:72012ms step_avg:58.17ms
step:1239/1285 train_time:72054ms step_avg:58.16ms
step:1240/1285 train_time:72140ms step_avg:58.18ms
step:1241/1285 train_time:72218ms step_avg:58.19ms
step:1242/1285 train_time:72306ms step_avg:58.22ms
step:1243/1285 train_time:72385ms step_avg:58.23ms
step:1244/1285 train_time:72472ms step_avg:58.26ms
step:1245/1285 train_time:72550ms step_avg:58.27ms
step:1246/1285 train_time:72637ms step_avg:58.30ms
step:1247/1285 train_time:72716ms step_avg:58.31ms
step:1248/1285 train_time:72805ms step_avg:58.34ms
step:1249/1285 train_time:72884ms step_avg:58.35ms
step:1250/1285 train_time:72972ms step_avg:58.38ms
step:1250/1285 val_loss:3.29505348 train_time:73059ms step_avg:58.45ms
step:1251/1285 train_time:73094ms step_avg:58.43ms
step:1252/1285 train_time:73144ms step_avg:58.42ms
step:1253/1285 train_time:73228ms step_avg:58.44ms
step:1254/1285 train_time:73316ms step_avg:58.47ms
step:1255/1285 train_time:73392ms step_avg:58.48ms
step:1256/1285 train_time:73478ms step_avg:58.50ms
step:1257/1285 train_time:73555ms step_avg:58.52ms
step:1258/1285 train_time:73642ms step_avg:58.54ms
step:1259/1285 train_time:73719ms step_avg:58.55ms
step:1260/1285 train_time:73806ms step_avg:58.58ms
step:1261/1285 train_time:73883ms step_avg:58.59ms
step:1262/1285 train_time:73969ms step_avg:58.61ms
step:1263/1285 train_time:74049ms step_avg:58.63ms
step:1264/1285 train_time:74140ms step_avg:58.66ms
step:1265/1285 train_time:74223ms step_avg:58.67ms
step:1266/1285 train_time:74312ms step_avg:58.70ms
step:1267/1285 train_time:74389ms step_avg:58.71ms
step:1268/1285 train_time:74476ms step_avg:58.73ms
step:1269/1285 train_time:74553ms step_avg:58.75ms
step:1270/1285 train_time:74641ms step_avg:58.77ms
step:1271/1285 train_time:74719ms step_avg:58.79ms
step:1272/1285 train_time:74812ms step_avg:58.81ms
step:1273/1285 train_time:74887ms step_avg:58.83ms
step:1274/1285 train_time:74977ms step_avg:58.85ms
step:1275/1285 train_time:75052ms step_avg:58.86ms
step:1276/1285 train_time:75157ms step_avg:58.90ms
step:1277/1285 train_time:75233ms step_avg:58.91ms
step:1278/1285 train_time:75311ms step_avg:58.93ms
step:1279/1285 train_time:75388ms step_avg:58.94ms
step:1280/1285 train_time:75475ms step_avg:58.96ms
step:1281/1285 train_time:75552ms step_avg:58.98ms
step:1282/1285 train_time:75640ms step_avg:59.00ms
step:1283/1285 train_time:75718ms step_avg:59.02ms
step:1284/1285 train_time:75806ms step_avg:59.04ms
step:1285/1285 train_time:75884ms step_avg:59.05ms
step:1285/1285 val_loss:3.27874017 train_time:75973ms step_avg:59.12ms
peak memory allocated: 32105 MiB reserved: 39272 MiB
