HARNESS_TRAINING_ENV={"OMP_NUM_THREADS": "1", "MKL_NUM_THREADS": "1", "torch_num_threads": 1, "torch_num_interop_threads": 47}
[Gloo] Rank 0 is connected to 7 peer ranks. Expected number of connected peer ranks is : 7
[Gloo] Rank 1 is connected to 7 peer ranks. Expected number of connected peer ranks is : 7
[Gloo] Rank 2 is connected to 7 peer ranks. Expected number of connected peer ranks is : 7
[Gloo] Rank 4 is connected to 7 peer ranks. Expected number of connected peer ranks is : 7
[Gloo] Rank [Gloo] Rank 35 is connected to  is connected to 7 peer ranks. 7 peer ranks. Expected number of connected peer ranks is : 7Expected number of connected peer ranks is : 
7
[Gloo] Rank 6 is connected to 7 peer ranks. Expected number of connected peer ranks is : 7
[Gloo] Rank 7 is connected to 7 peer ranks. Expected number of connected peer ranks is : 7
/workspace/train_gpt.py:1069: UserWarning: Skipping publisher trust check for 'kernels-community/flash-attn3' because Hugging Face Hub is in offline mode.
  flash_attn_interface = get_kernel('kernels-community/flash-attn3', version=1).flash_attn_interface
/workspace/train_gpt.py:1069: UserWarning: Skipping publisher trust check for 'kernels-community/flash-attn3' because Hugging Face Hub is in offline mode.
  flash_attn_interface = get_kernel('kernels-community/flash-attn3', version=1).flash_attn_interface
/workspace/train_gpt.py:1069: UserWarning: Skipping publisher trust check for 'kernels-community/flash-attn3' because Hugging Face Hub is in offline mode.
  flash_attn_interface = get_kernel('kernels-community/flash-attn3', version=1).flash_attn_interface
/workspace/train_gpt.py:1069: UserWarning: Skipping publisher trust check for 'kernels-community/flash-attn3' because Hugging Face Hub is in offline mode.
  flash_attn_interface = get_kernel('kernels-community/flash-attn3', version=1).flash_attn_interface
/workspace/train_gpt.py:1069: UserWarning: Skipping publisher trust check for 'kernels-community/flash-attn3' because Hugging Face Hub is in offline mode.
  flash_attn_interface = get_kernel('kernels-community/flash-attn3', version=1).flash_attn_interface
/workspace/train_gpt.py:1069: UserWarning: Skipping publisher trust check for 'kernels-community/flash-attn3' because Hugging Face Hub is in offline mode.
  flash_attn_interface = get_kernel('kernels-community/flash-attn3', version=1).flash_attn_interface
/workspace/train_gpt.py:1069: UserWarning: Skipping publisher trust check for 'kernels-community/flash-attn3' because Hugging Face Hub is in offline mode.
  flash_attn_interface = get_kernel('kernels-community/flash-attn3', version=1).flash_attn_interface
/workspace/train_gpt.py:1069: UserWarning: Skipping publisher trust check for 'kernels-community/flash-attn3' because Hugging Face Hub is in offline mode.
  flash_attn_interface = get_kernel('kernels-community/flash-attn3', version=1).flash_attn_interface
logs/584701a1-bb90-431f-b4c1-26cfdc01836e.txt
Compiling model and warming up kernels (~7 minutes on first execution)
Sampling steps [0, 1, 421, 422, 423, 424, 845, 846, 847, 848, 1268, 1269, 1270, 1271] for warmup
Resetting Model
step:0/1285 val_loss:10.82934761 train_time:65ms step_avg:65.20ms
step:1/1285 train_time:243ms step_avg:242.55ms
step:2/1285 train_time:343ms step_avg:171.41ms
step:3/1285 train_time:382ms step_avg:127.33ms
step:4/1285 train_time:445ms step_avg:111.14ms
step:5/1285 train_time:482ms step_avg:96.48ms
step:6/1285 train_time:525ms step_avg:87.43ms
step:7/1285 train_time:561ms step_avg:80.12ms
step:8/1285 train_time:600ms step_avg:74.99ms
step:9/1285 train_time:633ms step_avg:70.38ms
step:10/1285 train_time:671ms step_avg:67.11ms
step:11/1285 train_time:704ms step_avg:64.04ms
step:12/1285 train_time:745ms step_avg:62.11ms
step:13/1285 train_time:776ms step_avg:59.69ms
step:14/1285 train_time:814ms step_avg:58.14ms
step:15/1285 train_time:845ms step_avg:56.30ms
step:16/1285 train_time:880ms step_avg:55.03ms
step:17/1285 train_time:910ms step_avg:53.51ms
step:18/1285 train_time:948ms step_avg:52.68ms
step:19/1285 train_time:979ms step_avg:51.53ms
step:20/1285 train_time:1015ms step_avg:50.76ms
step:21/1285 train_time:1047ms step_avg:49.85ms
step:22/1285 train_time:1084ms step_avg:49.29ms
step:23/1285 train_time:1116ms step_avg:48.51ms
step:24/1285 train_time:1151ms step_avg:47.96ms
step:25/1285 train_time:1182ms step_avg:47.29ms
step:26/1285 train_time:1218ms step_avg:46.85ms
step:27/1285 train_time:1250ms step_avg:46.29ms
step:28/1285 train_time:1287ms step_avg:45.98ms
step:29/1285 train_time:1323ms step_avg:45.60ms
step:30/1285 train_time:1360ms step_avg:45.34ms
step:31/1285 train_time:1391ms step_avg:44.88ms
step:32/1285 train_time:1426ms step_avg:44.57ms
step:33/1285 train_time:1456ms step_avg:44.14ms
step:34/1285 train_time:1492ms step_avg:43.87ms
step:35/1285 train_time:1522ms step_avg:43.47ms
step:36/1285 train_time:1559ms step_avg:43.30ms
step:37/1285 train_time:1589ms step_avg:42.95ms
step:38/1285 train_time:1626ms step_avg:42.78ms
step:39/1285 train_time:1657ms step_avg:42.49ms
step:40/1285 train_time:1696ms step_avg:42.39ms
step:41/1285 train_time:1729ms step_avg:42.18ms
step:42/1285 train_time:1772ms step_avg:42.18ms
step:43/1285 train_time:1806ms step_avg:42.01ms
step:44/1285 train_time:1846ms step_avg:41.96ms
step:45/1285 train_time:1877ms step_avg:41.72ms
step:46/1285 train_time:1914ms step_avg:41.62ms
step:47/1285 train_time:1948ms step_avg:41.44ms
step:48/1285 train_time:1986ms step_avg:41.37ms
step:49/1285 train_time:2017ms step_avg:41.16ms
step:50/1285 train_time:2053ms step_avg:41.05ms
step:51/1285 train_time:2084ms step_avg:40.86ms
step:52/1285 train_time:2121ms step_avg:40.79ms
step:53/1285 train_time:2152ms step_avg:40.60ms
step:54/1285 train_time:2186ms step_avg:40.48ms
step:55/1285 train_time:2217ms step_avg:40.30ms
step:56/1285 train_time:2253ms step_avg:40.23ms
step:57/1285 train_time:2285ms step_avg:40.09ms
step:58/1285 train_time:2318ms step_avg:39.97ms
step:59/1285 train_time:2348ms step_avg:39.79ms
step:60/1285 train_time:2384ms step_avg:39.73ms
step:61/1285 train_time:2415ms step_avg:39.58ms
step:62/1285 train_time:2452ms step_avg:39.55ms
step:63/1285 train_time:2483ms step_avg:39.42ms
step:64/1285 train_time:2521ms step_avg:39.38ms
step:65/1285 train_time:2551ms step_avg:39.25ms
step:66/1285 train_time:2588ms step_avg:39.21ms
step:67/1285 train_time:2619ms step_avg:39.09ms
step:68/1285 train_time:2654ms step_avg:39.03ms
step:69/1285 train_time:2682ms step_avg:38.87ms
step:70/1285 train_time:2719ms step_avg:38.85ms
step:71/1285 train_time:2752ms step_avg:38.75ms
step:72/1285 train_time:2790ms step_avg:38.75ms
step:73/1285 train_time:2821ms step_avg:38.64ms
step:74/1285 train_time:2859ms step_avg:38.63ms
step:75/1285 train_time:2892ms step_avg:38.55ms
step:76/1285 train_time:2927ms step_avg:38.52ms
step:77/1285 train_time:2958ms step_avg:38.42ms
step:78/1285 train_time:2993ms step_avg:38.38ms
step:79/1285 train_time:3022ms step_avg:38.25ms
step:80/1285 train_time:3057ms step_avg:38.21ms
step:81/1285 train_time:3090ms step_avg:38.14ms
step:82/1285 train_time:3126ms step_avg:38.13ms
step:83/1285 train_time:3160ms step_avg:38.07ms
step:84/1285 train_time:3195ms step_avg:38.04ms
step:85/1285 train_time:3225ms step_avg:37.94ms
step:86/1285 train_time:3262ms step_avg:37.93ms
step:87/1285 train_time:3292ms step_avg:37.84ms
step:88/1285 train_time:3329ms step_avg:37.83ms
step:89/1285 train_time:3360ms step_avg:37.75ms
step:90/1285 train_time:3398ms step_avg:37.75ms
step:91/1285 train_time:3429ms step_avg:37.68ms
step:92/1285 train_time:3467ms step_avg:37.68ms
step:93/1285 train_time:3494ms step_avg:37.58ms
step:94/1285 train_time:3530ms step_avg:37.56ms
step:95/1285 train_time:3562ms step_avg:37.50ms
step:96/1285 train_time:3596ms step_avg:37.46ms
step:97/1285 train_time:3624ms step_avg:37.36ms
step:98/1285 train_time:3660ms step_avg:37.35ms
step:99/1285 train_time:3690ms step_avg:37.27ms
step:100/1285 train_time:3727ms step_avg:37.27ms
step:101/1285 train_time:3763ms step_avg:37.26ms
step:102/1285 train_time:3799ms step_avg:37.24ms
step:103/1285 train_time:3827ms step_avg:37.16ms
step:104/1285 train_time:3863ms step_avg:37.14ms
step:105/1285 train_time:3890ms step_avg:37.04ms
step:106/1285 train_time:3926ms step_avg:37.04ms
step:107/1285 train_time:3956ms step_avg:36.97ms
step:108/1285 train_time:3992ms step_avg:36.96ms
step:109/1285 train_time:4024ms step_avg:36.92ms
step:110/1285 train_time:4062ms step_avg:36.92ms
step:111/1285 train_time:4093ms step_avg:36.87ms
step:112/1285 train_time:4129ms step_avg:36.86ms
step:113/1285 train_time:4162ms step_avg:36.83ms
step:114/1285 train_time:4199ms step_avg:36.83ms
step:115/1285 train_time:4233ms step_avg:36.81ms
step:116/1285 train_time:4271ms step_avg:36.82ms
step:117/1285 train_time:4299ms step_avg:36.74ms
step:118/1285 train_time:4335ms step_avg:36.74ms
step:119/1285 train_time:4367ms step_avg:36.70ms
step:120/1285 train_time:4401ms step_avg:36.68ms
step:121/1285 train_time:4431ms step_avg:36.62ms
step:122/1285 train_time:4469ms step_avg:36.63ms
step:123/1285 train_time:4503ms step_avg:36.61ms
step:124/1285 train_time:4539ms step_avg:36.61ms
step:125/1285 train_time:4568ms step_avg:36.55ms
step:126/1285 train_time:4604ms step_avg:36.54ms
step:127/1285 train_time:4636ms step_avg:36.50ms
step:128/1285 train_time:4674ms step_avg:36.52ms
step:129/1285 train_time:4705ms step_avg:36.47ms
step:130/1285 train_time:4743ms step_avg:36.49ms
step:131/1285 train_time:4773ms step_avg:36.44ms
step:132/1285 train_time:4812ms step_avg:36.46ms
step:133/1285 train_time:4840ms step_avg:36.39ms
step:134/1285 train_time:4882ms step_avg:36.43ms
step:135/1285 train_time:4913ms step_avg:36.39ms
step:136/1285 train_time:4949ms step_avg:36.39ms
step:137/1285 train_time:4978ms step_avg:36.33ms
step:138/1285 train_time:5017ms step_avg:36.35ms
step:139/1285 train_time:5049ms step_avg:36.33ms
step:140/1285 train_time:5087ms step_avg:36.33ms
step:141/1285 train_time:5117ms step_avg:36.29ms
step:142/1285 train_time:5154ms step_avg:36.30ms
step:143/1285 train_time:5185ms step_avg:36.26ms
step:144/1285 train_time:5220ms step_avg:36.25ms
step:145/1285 train_time:5249ms step_avg:36.20ms
step:146/1285 train_time:5285ms step_avg:36.20ms
step:147/1285 train_time:5311ms step_avg:36.13ms
step:148/1285 train_time:5351ms step_avg:36.16ms
step:149/1285 train_time:5384ms step_avg:36.13ms
step:150/1285 train_time:5421ms step_avg:36.14ms
step:151/1285 train_time:5450ms step_avg:36.09ms
step:152/1285 train_time:5487ms step_avg:36.10ms
step:153/1285 train_time:5517ms step_avg:36.06ms
step:154/1285 train_time:5552ms step_avg:36.05ms
step:155/1285 train_time:5581ms step_avg:36.01ms
step:156/1285 train_time:5618ms step_avg:36.01ms
step:157/1285 train_time:5648ms step_avg:35.98ms
step:158/1285 train_time:5690ms step_avg:36.02ms
step:159/1285 train_time:5724ms step_avg:36.00ms
step:160/1285 train_time:5764ms step_avg:36.03ms
step:161/1285 train_time:5794ms step_avg:35.99ms
step:162/1285 train_time:5833ms step_avg:36.01ms
step:163/1285 train_time:5867ms step_avg:35.99ms
step:164/1285 train_time:5902ms step_avg:35.99ms
step:165/1285 train_time:5935ms step_avg:35.97ms
step:166/1285 train_time:5971ms step_avg:35.97ms
step:167/1285 train_time:6001ms step_avg:35.93ms
step:168/1285 train_time:6037ms step_avg:35.93ms
step:169/1285 train_time:6068ms step_avg:35.90ms
step:170/1285 train_time:6103ms step_avg:35.90ms
step:171/1285 train_time:6131ms step_avg:35.85ms
step:172/1285 train_time:6169ms step_avg:35.87ms
step:173/1285 train_time:6202ms step_avg:35.85ms
step:174/1285 train_time:6240ms step_avg:35.86ms
step:175/1285 train_time:6273ms step_avg:35.84ms
step:176/1285 train_time:6308ms step_avg:35.84ms
step:177/1285 train_time:6338ms step_avg:35.81ms
step:178/1285 train_time:6373ms step_avg:35.80ms
step:179/1285 train_time:6403ms step_avg:35.77ms
step:180/1285 train_time:6439ms step_avg:35.77ms
step:181/1285 train_time:6470ms step_avg:35.74ms
step:182/1285 train_time:6508ms step_avg:35.76ms
step:183/1285 train_time:6540ms step_avg:35.74ms
step:184/1285 train_time:6577ms step_avg:35.74ms
step:185/1285 train_time:6607ms step_avg:35.72ms
step:186/1285 train_time:6645ms step_avg:35.72ms
step:187/1285 train_time:6676ms step_avg:35.70ms
step:188/1285 train_time:6711ms step_avg:35.70ms
step:189/1285 train_time:6742ms step_avg:35.67ms
step:190/1285 train_time:6779ms step_avg:35.68ms
step:191/1285 train_time:6811ms step_avg:35.66ms
step:192/1285 train_time:6847ms step_avg:35.66ms
step:193/1285 train_time:6880ms step_avg:35.65ms
step:194/1285 train_time:6914ms step_avg:35.64ms
step:195/1285 train_time:6944ms step_avg:35.61ms
step:196/1285 train_time:6986ms step_avg:35.64ms
step:197/1285 train_time:7017ms step_avg:35.62ms
step:198/1285 train_time:7054ms step_avg:35.63ms
step:199/1285 train_time:7088ms step_avg:35.62ms
step:200/1285 train_time:7129ms step_avg:35.64ms
step:201/1285 train_time:7160ms step_avg:35.62ms
step:202/1285 train_time:7198ms step_avg:35.63ms
step:203/1285 train_time:7231ms step_avg:35.62ms
step:204/1285 train_time:7267ms step_avg:35.62ms
step:205/1285 train_time:7299ms step_avg:35.61ms
step:206/1285 train_time:7335ms step_avg:35.61ms
step:207/1285 train_time:7366ms step_avg:35.58ms
step:208/1285 train_time:7404ms step_avg:35.59ms
step:209/1285 train_time:7435ms step_avg:35.58ms
step:210/1285 train_time:7472ms step_avg:35.58ms
step:211/1285 train_time:7503ms step_avg:35.56ms
step:212/1285 train_time:7536ms step_avg:35.55ms
step:213/1285 train_time:7567ms step_avg:35.53ms
step:214/1285 train_time:7606ms step_avg:35.54ms
step:215/1285 train_time:7638ms step_avg:35.52ms
step:216/1285 train_time:7676ms step_avg:35.53ms
step:217/1285 train_time:7708ms step_avg:35.52ms
step:218/1285 train_time:7748ms step_avg:35.54ms
step:219/1285 train_time:7782ms step_avg:35.54ms
step:220/1285 train_time:7818ms step_avg:35.54ms
step:221/1285 train_time:7849ms step_avg:35.52ms
step:222/1285 train_time:7884ms step_avg:35.51ms
step:223/1285 train_time:7916ms step_avg:35.50ms
step:224/1285 train_time:7951ms step_avg:35.49ms
step:225/1285 train_time:7983ms step_avg:35.48ms
step:226/1285 train_time:8017ms step_avg:35.48ms
step:227/1285 train_time:8051ms step_avg:35.47ms
step:228/1285 train_time:8093ms step_avg:35.49ms
step:229/1285 train_time:8129ms step_avg:35.50ms
step:230/1285 train_time:8166ms step_avg:35.50ms
step:231/1285 train_time:8200ms step_avg:35.50ms
step:232/1285 train_time:8236ms step_avg:35.50ms
step:233/1285 train_time:8267ms step_avg:35.48ms
step:234/1285 train_time:8304ms step_avg:35.49ms
step:235/1285 train_time:8338ms step_avg:35.48ms
step:236/1285 train_time:8374ms step_avg:35.48ms
step:237/1285 train_time:8408ms step_avg:35.48ms
step:238/1285 train_time:8444ms step_avg:35.48ms
step:239/1285 train_time:8473ms step_avg:35.45ms
step:240/1285 train_time:8508ms step_avg:35.45ms
step:241/1285 train_time:8542ms step_avg:35.44ms
step:242/1285 train_time:8576ms step_avg:35.44ms
step:243/1285 train_time:8610ms step_avg:35.43ms
step:244/1285 train_time:8646ms step_avg:35.43ms
step:245/1285 train_time:8677ms step_avg:35.41ms
step:246/1285 train_time:8713ms step_avg:35.42ms
step:247/1285 train_time:8746ms step_avg:35.41ms
step:248/1285 train_time:8782ms step_avg:35.41ms
step:249/1285 train_time:8814ms step_avg:35.40ms
step:250/1285 train_time:8850ms step_avg:35.40ms
step:250/1285 val_loss:4.52444983 train_time:8870ms step_avg:35.48ms
step:251/1285 train_time:8904ms step_avg:35.48ms
step:252/1285 train_time:8942ms step_avg:35.48ms
step:253/1285 train_time:8975ms step_avg:35.47ms
step:254/1285 train_time:9010ms step_avg:35.47ms
step:255/1285 train_time:9041ms step_avg:35.45ms
step:256/1285 train_time:9072ms step_avg:35.44ms
step:257/1285 train_time:9104ms step_avg:35.42ms
step:258/1285 train_time:9141ms step_avg:35.43ms
step:259/1285 train_time:9170ms step_avg:35.40ms
step:260/1285 train_time:9205ms step_avg:35.40ms
step:261/1285 train_time:9236ms step_avg:35.39ms
step:262/1285 train_time:9270ms step_avg:35.38ms
step:263/1285 train_time:9301ms step_avg:35.37ms
step:264/1285 train_time:9338ms step_avg:35.37ms
step:265/1285 train_time:9367ms step_avg:35.35ms
step:266/1285 train_time:9403ms step_avg:35.35ms
step:267/1285 train_time:9433ms step_avg:35.33ms
step:268/1285 train_time:9468ms step_avg:35.33ms
step:269/1285 train_time:9498ms step_avg:35.31ms
step:270/1285 train_time:9533ms step_avg:35.31ms
step:271/1285 train_time:9563ms step_avg:35.29ms
step:272/1285 train_time:9596ms step_avg:35.28ms
step:273/1285 train_time:9626ms step_avg:35.26ms
step:274/1285 train_time:9661ms step_avg:35.26ms
step:275/1285 train_time:9691ms step_avg:35.24ms
step:276/1285 train_time:9725ms step_avg:35.24ms
step:277/1285 train_time:9753ms step_avg:35.21ms
step:278/1285 train_time:9790ms step_avg:35.22ms
step:279/1285 train_time:9816ms step_avg:35.18ms
step:280/1285 train_time:9853ms step_avg:35.19ms
step:281/1285 train_time:9883ms step_avg:35.17ms
step:282/1285 train_time:9918ms step_avg:35.17ms
step:283/1285 train_time:9945ms step_avg:35.14ms
step:284/1285 train_time:9983ms step_avg:35.15ms
step:285/1285 train_time:10017ms step_avg:35.15ms
step:286/1285 train_time:10054ms step_avg:35.15ms
step:287/1285 train_time:10087ms step_avg:35.15ms
step:288/1285 train_time:10124ms step_avg:35.15ms
step:289/1285 train_time:10155ms step_avg:35.14ms
step:290/1285 train_time:10191ms step_avg:35.14ms
step:291/1285 train_time:10222ms step_avg:35.13ms
step:292/1285 train_time:10259ms step_avg:35.13ms
step:293/1285 train_time:10291ms step_avg:35.12ms
step:294/1285 train_time:10325ms step_avg:35.12ms
step:295/1285 train_time:10358ms step_avg:35.11ms
step:296/1285 train_time:10396ms step_avg:35.12ms
step:297/1285 train_time:10428ms step_avg:35.11ms
step:298/1285 train_time:10463ms step_avg:35.11ms
step:299/1285 train_time:10494ms step_avg:35.10ms
step:300/1285 train_time:10531ms step_avg:35.10ms
step:301/1285 train_time:10563ms step_avg:35.09ms
step:302/1285 train_time:10600ms step_avg:35.10ms
step:303/1285 train_time:10630ms step_avg:35.08ms
step:304/1285 train_time:10665ms step_avg:35.08ms
step:305/1285 train_time:10696ms step_avg:35.07ms
step:306/1285 train_time:10736ms step_avg:35.09ms
step:307/1285 train_time:10767ms step_avg:35.07ms
step:308/1285 train_time:10803ms step_avg:35.08ms
step:309/1285 train_time:10836ms step_avg:35.07ms
step:310/1285 train_time:10868ms step_avg:35.06ms
step:311/1285 train_time:10901ms step_avg:35.05ms
step:312/1285 train_time:10938ms step_avg:35.06ms
step:313/1285 train_time:10968ms step_avg:35.04ms
step:314/1285 train_time:11008ms step_avg:35.06ms
step:315/1285 train_time:11042ms step_avg:35.05ms
step:316/1285 train_time:11076ms step_avg:35.05ms
step:317/1285 train_time:11108ms step_avg:35.04ms
step:318/1285 train_time:11142ms step_avg:35.04ms
step:319/1285 train_time:11176ms step_avg:35.03ms
step:320/1285 train_time:11211ms step_avg:35.03ms
step:321/1285 train_time:11239ms step_avg:35.01ms
step:322/1285 train_time:11273ms step_avg:35.01ms
step:323/1285 train_time:11301ms step_avg:34.99ms
step:324/1285 train_time:11339ms step_avg:35.00ms
step:325/1285 train_time:11370ms step_avg:34.98ms
step:326/1285 train_time:11405ms step_avg:34.99ms
step:327/1285 train_time:11431ms step_avg:34.96ms
step:328/1285 train_time:11465ms step_avg:34.96ms
step:329/1285 train_time:11499ms step_avg:34.95ms
step:330/1285 train_time:11536ms step_avg:34.96ms
step:331/1285 train_time:11567ms step_avg:34.95ms
step:332/1285 train_time:11601ms step_avg:34.94ms
step:333/1285 train_time:11632ms step_avg:34.93ms
step:334/1285 train_time:11664ms step_avg:34.92ms
step:335/1285 train_time:11696ms step_avg:34.91ms
step:336/1285 train_time:11735ms step_avg:34.92ms
step:337/1285 train_time:11768ms step_avg:34.92ms
step:338/1285 train_time:11803ms step_avg:34.92ms
step:339/1285 train_time:11833ms step_avg:34.91ms
step:340/1285 train_time:11868ms step_avg:34.91ms
step:341/1285 train_time:11899ms step_avg:34.89ms
step:342/1285 train_time:11934ms step_avg:34.89ms
step:343/1285 train_time:11963ms step_avg:34.88ms
step:344/1285 train_time:11998ms step_avg:34.88ms
step:345/1285 train_time:12031ms step_avg:34.87ms
step:346/1285 train_time:12066ms step_avg:34.87ms
step:347/1285 train_time:12097ms step_avg:34.86ms
step:348/1285 train_time:12130ms step_avg:34.86ms
step:349/1285 train_time:12157ms step_avg:34.83ms
step:350/1285 train_time:12191ms step_avg:34.83ms
step:351/1285 train_time:12221ms step_avg:34.82ms
step:352/1285 train_time:12256ms step_avg:34.82ms
step:353/1285 train_time:12288ms step_avg:34.81ms
step:354/1285 train_time:12325ms step_avg:34.82ms
step:355/1285 train_time:12356ms step_avg:34.81ms
step:356/1285 train_time:12391ms step_avg:34.81ms
step:357/1285 train_time:12421ms step_avg:34.79ms
step:358/1285 train_time:12454ms step_avg:34.79ms
step:359/1285 train_time:12486ms step_avg:34.78ms
step:360/1285 train_time:12520ms step_avg:34.78ms
step:361/1285 train_time:12550ms step_avg:34.77ms
step:362/1285 train_time:12585ms step_avg:34.76ms
step:363/1285 train_time:12618ms step_avg:34.76ms
step:364/1285 train_time:12652ms step_avg:34.76ms
step:365/1285 train_time:12682ms step_avg:34.75ms
step:366/1285 train_time:12718ms step_avg:34.75ms
step:367/1285 train_time:12746ms step_avg:34.73ms
step:368/1285 train_time:12781ms step_avg:34.73ms
step:369/1285 train_time:12815ms step_avg:34.73ms
step:370/1285 train_time:12849ms step_avg:34.73ms
step:371/1285 train_time:12881ms step_avg:34.72ms
step:372/1285 train_time:12918ms step_avg:34.73ms
step:373/1285 train_time:12948ms step_avg:34.71ms
step:374/1285 train_time:12994ms step_avg:34.74ms
step:375/1285 train_time:13022ms step_avg:34.73ms
step:376/1285 train_time:13057ms step_avg:34.73ms
step:377/1285 train_time:13085ms step_avg:34.71ms
step:378/1285 train_time:13120ms step_avg:34.71ms
step:379/1285 train_time:13151ms step_avg:34.70ms
step:380/1285 train_time:13186ms step_avg:34.70ms
step:381/1285 train_time:13218ms step_avg:34.69ms
step:382/1285 train_time:13253ms step_avg:34.69ms
step:383/1285 train_time:13285ms step_avg:34.69ms
step:384/1285 train_time:13320ms step_avg:34.69ms
step:385/1285 train_time:13351ms step_avg:34.68ms
step:386/1285 train_time:13385ms step_avg:34.68ms
step:387/1285 train_time:13416ms step_avg:34.67ms
step:388/1285 train_time:13452ms step_avg:34.67ms
step:389/1285 train_time:13481ms step_avg:34.66ms
step:390/1285 train_time:13520ms step_avg:34.67ms
step:391/1285 train_time:13551ms step_avg:34.66ms
step:392/1285 train_time:13586ms step_avg:34.66ms
step:393/1285 train_time:13618ms step_avg:34.65ms
step:394/1285 train_time:13654ms step_avg:34.65ms
step:395/1285 train_time:13686ms step_avg:34.65ms
step:396/1285 train_time:13723ms step_avg:34.65ms
step:397/1285 train_time:13752ms step_avg:34.64ms
step:398/1285 train_time:13788ms step_avg:34.64ms
step:399/1285 train_time:13824ms step_avg:34.65ms
step:400/1285 train_time:13861ms step_avg:34.65ms
step:401/1285 train_time:13893ms step_avg:34.65ms
step:402/1285 train_time:13931ms step_avg:34.65ms
step:403/1285 train_time:13965ms step_avg:34.65ms
step:404/1285 train_time:14001ms step_avg:34.66ms
step:405/1285 train_time:14031ms step_avg:34.64ms
step:406/1285 train_time:14067ms step_avg:34.65ms
step:407/1285 train_time:14098ms step_avg:34.64ms
step:408/1285 train_time:14133ms step_avg:34.64ms
step:409/1285 train_time:14166ms step_avg:34.63ms
step:410/1285 train_time:14202ms step_avg:34.64ms
step:411/1285 train_time:14234ms step_avg:34.63ms
step:412/1285 train_time:14268ms step_avg:34.63ms
step:413/1285 train_time:14297ms step_avg:34.62ms
step:414/1285 train_time:14333ms step_avg:34.62ms
step:415/1285 train_time:14367ms step_avg:34.62ms
step:416/1285 train_time:14404ms step_avg:34.62ms
step:417/1285 train_time:14436ms step_avg:34.62ms
step:418/1285 train_time:14471ms step_avg:34.62ms
step:419/1285 train_time:14501ms step_avg:34.61ms
step:420/1285 train_time:14537ms step_avg:34.61ms
step:421/1285 train_time:14568ms step_avg:34.60ms
step:422/1285 train_time:14603ms step_avg:34.60ms
step:423/1285 train_time:14636ms step_avg:34.60ms
step:424/1285 train_time:14675ms step_avg:34.61ms
step:425/1285 train_time:14707ms step_avg:34.61ms
step:426/1285 train_time:14757ms step_avg:34.64ms
step:427/1285 train_time:14809ms step_avg:34.68ms
step:428/1285 train_time:14872ms step_avg:34.75ms
step:429/1285 train_time:14925ms step_avg:34.79ms
step:430/1285 train_time:14987ms step_avg:34.85ms
step:431/1285 train_time:15041ms step_avg:34.90ms
step:432/1285 train_time:15102ms step_avg:34.96ms
step:433/1285 train_time:15155ms step_avg:35.00ms
step:434/1285 train_time:15217ms step_avg:35.06ms
step:435/1285 train_time:15270ms step_avg:35.10ms
step:436/1285 train_time:15333ms step_avg:35.17ms
step:437/1285 train_time:15386ms step_avg:35.21ms
step:438/1285 train_time:15448ms step_avg:35.27ms
step:439/1285 train_time:15501ms step_avg:35.31ms
step:440/1285 train_time:15564ms step_avg:35.37ms
step:441/1285 train_time:15617ms step_avg:35.41ms
step:442/1285 train_time:15680ms step_avg:35.48ms
step:443/1285 train_time:15734ms step_avg:35.52ms
step:444/1285 train_time:15794ms step_avg:35.57ms
step:445/1285 train_time:15847ms step_avg:35.61ms
step:446/1285 train_time:15909ms step_avg:35.67ms
step:447/1285 train_time:15963ms step_avg:35.71ms
step:448/1285 train_time:16025ms step_avg:35.77ms
step:449/1285 train_time:16079ms step_avg:35.81ms
step:450/1285 train_time:16141ms step_avg:35.87ms
step:451/1285 train_time:16194ms step_avg:35.91ms
step:452/1285 train_time:16256ms step_avg:35.96ms
step:453/1285 train_time:16308ms step_avg:36.00ms
step:454/1285 train_time:16372ms step_avg:36.06ms
step:455/1285 train_time:16425ms step_avg:36.10ms
step:456/1285 train_time:16487ms step_avg:36.16ms
step:457/1285 train_time:16540ms step_avg:36.19ms
step:458/1285 train_time:16602ms step_avg:36.25ms
step:459/1285 train_time:16655ms step_avg:36.29ms
step:460/1285 train_time:16718ms step_avg:36.34ms
step:461/1285 train_time:16770ms step_avg:36.38ms
step:462/1285 train_time:16831ms step_avg:36.43ms
step:463/1285 train_time:16884ms step_avg:36.47ms
step:464/1285 train_time:16945ms step_avg:36.52ms
step:465/1285 train_time:16998ms step_avg:36.56ms
step:466/1285 train_time:17060ms step_avg:36.61ms
step:467/1285 train_time:17112ms step_avg:36.64ms
step:468/1285 train_time:17177ms step_avg:36.70ms
step:469/1285 train_time:17228ms step_avg:36.73ms
step:470/1285 train_time:17291ms step_avg:36.79ms
step:471/1285 train_time:17344ms step_avg:36.82ms
step:472/1285 train_time:17406ms step_avg:36.88ms
step:473/1285 train_time:17459ms step_avg:36.91ms
step:474/1285 train_time:17520ms step_avg:36.96ms
step:475/1285 train_time:17574ms step_avg:37.00ms
step:476/1285 train_time:17636ms step_avg:37.05ms
step:477/1285 train_time:17820ms step_avg:37.36ms
step:478/1285 train_time:17865ms step_avg:37.37ms
step:479/1285 train_time:17904ms step_avg:37.38ms
step:480/1285 train_time:17949ms step_avg:37.39ms
step:481/1285 train_time:18000ms step_avg:37.42ms
step:482/1285 train_time:18061ms step_avg:37.47ms
step:483/1285 train_time:18113ms step_avg:37.50ms
step:484/1285 train_time:18175ms step_avg:37.55ms
step:485/1285 train_time:18226ms step_avg:37.58ms
step:486/1285 train_time:18287ms step_avg:37.63ms
step:487/1285 train_time:18339ms step_avg:37.66ms
step:488/1285 train_time:18401ms step_avg:37.71ms
step:489/1285 train_time:18453ms step_avg:37.74ms
step:490/1285 train_time:18515ms step_avg:37.78ms
step:491/1285 train_time:18566ms step_avg:37.81ms
step:492/1285 train_time:18627ms step_avg:37.86ms
step:493/1285 train_time:18683ms step_avg:37.90ms
step:494/1285 train_time:18749ms step_avg:37.95ms
step:495/1285 train_time:18804ms step_avg:37.99ms
step:496/1285 train_time:18867ms step_avg:38.04ms
step:497/1285 train_time:18920ms step_avg:38.07ms
step:498/1285 train_time:18983ms step_avg:38.12ms
step:499/1285 train_time:19036ms step_avg:38.15ms
step:500/1285 train_time:19098ms step_avg:38.20ms
step:500/1285 val_loss:4.18469238 train_time:19158ms step_avg:38.32ms
step:501/1285 train_time:19193ms step_avg:38.31ms
step:502/1285 train_time:19232ms step_avg:38.31ms
step:503/1285 train_time:19275ms step_avg:38.32ms
step:504/1285 train_time:19338ms step_avg:38.37ms
step:505/1285 train_time:19391ms step_avg:38.40ms
step:506/1285 train_time:19452ms step_avg:38.44ms
step:507/1285 train_time:19505ms step_avg:38.47ms
step:508/1285 train_time:19566ms step_avg:38.52ms
step:509/1285 train_time:19619ms step_avg:38.54ms
step:510/1285 train_time:19682ms step_avg:38.59ms
step:511/1285 train_time:19734ms step_avg:38.62ms
step:512/1285 train_time:19796ms step_avg:38.66ms
step:513/1285 train_time:19848ms step_avg:38.69ms
step:514/1285 train_time:19909ms step_avg:38.73ms
step:515/1285 train_time:19961ms step_avg:38.76ms
step:516/1285 train_time:20022ms step_avg:38.80ms
step:517/1285 train_time:20074ms step_avg:38.83ms
step:518/1285 train_time:20140ms step_avg:38.88ms
step:519/1285 train_time:20193ms step_avg:38.91ms
step:520/1285 train_time:20257ms step_avg:38.96ms
step:521/1285 train_time:20310ms step_avg:38.98ms
step:522/1285 train_time:20373ms step_avg:39.03ms
step:523/1285 train_time:20425ms step_avg:39.05ms
step:524/1285 train_time:20488ms step_avg:39.10ms
step:525/1285 train_time:20540ms step_avg:39.12ms
step:526/1285 train_time:20602ms step_avg:39.17ms
step:527/1285 train_time:20655ms step_avg:39.19ms
step:528/1285 train_time:20716ms step_avg:39.24ms
step:529/1285 train_time:20768ms step_avg:39.26ms
step:530/1285 train_time:20829ms step_avg:39.30ms
step:531/1285 train_time:20882ms step_avg:39.33ms
step:532/1285 train_time:20945ms step_avg:39.37ms
step:533/1285 train_time:20995ms step_avg:39.39ms
step:534/1285 train_time:21057ms step_avg:39.43ms
step:535/1285 train_time:21110ms step_avg:39.46ms
step:536/1285 train_time:21173ms step_avg:39.50ms
step:537/1285 train_time:21226ms step_avg:39.53ms
step:538/1285 train_time:21289ms step_avg:39.57ms
step:539/1285 train_time:21342ms step_avg:39.60ms
step:540/1285 train_time:21404ms step_avg:39.64ms
step:541/1285 train_time:21458ms step_avg:39.66ms
step:542/1285 train_time:21519ms step_avg:39.70ms
step:543/1285 train_time:21572ms step_avg:39.73ms
step:544/1285 train_time:21634ms step_avg:39.77ms
step:545/1285 train_time:21686ms step_avg:39.79ms
step:546/1285 train_time:21748ms step_avg:39.83ms
step:547/1285 train_time:21800ms step_avg:39.85ms
step:548/1285 train_time:21862ms step_avg:39.89ms
step:549/1285 train_time:21915ms step_avg:39.92ms
step:550/1285 train_time:21976ms step_avg:39.96ms
step:551/1285 train_time:22028ms step_avg:39.98ms
step:552/1285 train_time:22090ms step_avg:40.02ms
step:553/1285 train_time:22143ms step_avg:40.04ms
step:554/1285 train_time:22205ms step_avg:40.08ms
step:555/1285 train_time:22258ms step_avg:40.10ms
step:556/1285 train_time:22321ms step_avg:40.15ms
step:557/1285 train_time:22373ms step_avg:40.17ms
step:558/1285 train_time:22435ms step_avg:40.21ms
step:559/1285 train_time:22488ms step_avg:40.23ms
step:560/1285 train_time:22552ms step_avg:40.27ms
step:561/1285 train_time:22603ms step_avg:40.29ms
step:562/1285 train_time:22666ms step_avg:40.33ms
step:563/1285 train_time:22717ms step_avg:40.35ms
step:564/1285 train_time:22780ms step_avg:40.39ms
step:565/1285 train_time:22831ms step_avg:40.41ms
step:566/1285 train_time:22894ms step_avg:40.45ms
step:567/1285 train_time:22947ms step_avg:40.47ms
step:568/1285 train_time:23008ms step_avg:40.51ms
step:569/1285 train_time:23062ms step_avg:40.53ms
step:570/1285 train_time:23123ms step_avg:40.57ms
step:571/1285 train_time:23176ms step_avg:40.59ms
step:572/1285 train_time:23237ms step_avg:40.62ms
step:573/1285 train_time:23290ms step_avg:40.65ms
step:574/1285 train_time:23353ms step_avg:40.69ms
step:575/1285 train_time:23407ms step_avg:40.71ms
step:576/1285 train_time:23468ms step_avg:40.74ms
step:577/1285 train_time:23521ms step_avg:40.76ms
step:578/1285 train_time:23583ms step_avg:40.80ms
step:579/1285 train_time:23635ms step_avg:40.82ms
step:580/1285 train_time:23697ms step_avg:40.86ms
step:581/1285 train_time:23749ms step_avg:40.88ms
step:582/1285 train_time:23811ms step_avg:40.91ms
step:583/1285 train_time:23864ms step_avg:40.93ms
step:584/1285 train_time:23925ms step_avg:40.97ms
step:585/1285 train_time:23977ms step_avg:40.99ms
step:586/1285 train_time:24040ms step_avg:41.02ms
step:587/1285 train_time:24093ms step_avg:41.04ms
step:588/1285 train_time:24156ms step_avg:41.08ms
step:589/1285 train_time:24208ms step_avg:41.10ms
step:590/1285 train_time:24269ms step_avg:41.13ms
step:591/1285 train_time:24323ms step_avg:41.16ms
step:592/1285 train_time:24385ms step_avg:41.19ms
step:593/1285 train_time:24437ms step_avg:41.21ms
step:594/1285 train_time:24498ms step_avg:41.24ms
step:595/1285 train_time:24551ms step_avg:41.26ms
step:596/1285 train_time:24615ms step_avg:41.30ms
step:597/1285 train_time:24666ms step_avg:41.32ms
step:598/1285 train_time:24727ms step_avg:41.35ms
step:599/1285 train_time:24780ms step_avg:41.37ms
step:600/1285 train_time:24842ms step_avg:41.40ms
step:601/1285 train_time:24895ms step_avg:41.42ms
step:602/1285 train_time:24957ms step_avg:41.46ms
step:603/1285 train_time:25009ms step_avg:41.47ms
step:604/1285 train_time:25072ms step_avg:41.51ms
step:605/1285 train_time:25124ms step_avg:41.53ms
step:606/1285 train_time:25185ms step_avg:41.56ms
step:607/1285 train_time:25239ms step_avg:41.58ms
step:608/1285 train_time:25300ms step_avg:41.61ms
step:609/1285 train_time:25354ms step_avg:41.63ms
step:610/1285 train_time:25416ms step_avg:41.67ms
step:611/1285 train_time:25468ms step_avg:41.68ms
step:612/1285 train_time:25531ms step_avg:41.72ms
step:613/1285 train_time:25583ms step_avg:41.73ms
step:614/1285 train_time:25645ms step_avg:41.77ms
step:615/1285 train_time:25696ms step_avg:41.78ms
step:616/1285 train_time:25759ms step_avg:41.82ms
step:617/1285 train_time:25811ms step_avg:41.83ms
step:618/1285 train_time:25873ms step_avg:41.87ms
step:619/1285 train_time:25925ms step_avg:41.88ms
step:620/1285 train_time:25986ms step_avg:41.91ms
step:621/1285 train_time:26038ms step_avg:41.93ms
step:622/1285 train_time:26100ms step_avg:41.96ms
step:623/1285 train_time:26153ms step_avg:41.98ms
step:624/1285 train_time:26215ms step_avg:42.01ms
step:625/1285 train_time:26267ms step_avg:42.03ms
step:626/1285 train_time:26329ms step_avg:42.06ms
step:627/1285 train_time:26384ms step_avg:42.08ms
step:628/1285 train_time:26445ms step_avg:42.11ms
step:629/1285 train_time:26498ms step_avg:42.13ms
step:630/1285 train_time:26560ms step_avg:42.16ms
step:631/1285 train_time:26613ms step_avg:42.18ms
step:632/1285 train_time:26675ms step_avg:42.21ms
step:633/1285 train_time:26727ms step_avg:42.22ms
step:634/1285 train_time:26789ms step_avg:42.25ms
step:635/1285 train_time:26841ms step_avg:42.27ms
step:636/1285 train_time:26902ms step_avg:42.30ms
step:637/1285 train_time:26955ms step_avg:42.32ms
step:638/1285 train_time:27016ms step_avg:42.35ms
step:639/1285 train_time:27069ms step_avg:42.36ms
step:640/1285 train_time:27131ms step_avg:42.39ms
step:641/1285 train_time:27184ms step_avg:42.41ms
step:642/1285 train_time:27246ms step_avg:42.44ms
step:643/1285 train_time:27299ms step_avg:42.46ms
step:644/1285 train_time:27361ms step_avg:42.49ms
step:645/1285 train_time:27413ms step_avg:42.50ms
step:646/1285 train_time:27476ms step_avg:42.53ms
step:647/1285 train_time:27527ms step_avg:42.55ms
step:648/1285 train_time:27590ms step_avg:42.58ms
step:649/1285 train_time:27643ms step_avg:42.59ms
step:650/1285 train_time:27706ms step_avg:42.62ms
step:651/1285 train_time:27758ms step_avg:42.64ms
step:652/1285 train_time:27820ms step_avg:42.67ms
step:653/1285 train_time:27872ms step_avg:42.68ms
step:654/1285 train_time:27934ms step_avg:42.71ms
step:655/1285 train_time:27986ms step_avg:42.73ms
step:656/1285 train_time:28049ms step_avg:42.76ms
step:657/1285 train_time:28101ms step_avg:42.77ms
step:658/1285 train_time:28163ms step_avg:42.80ms
step:659/1285 train_time:28216ms step_avg:42.82ms
step:660/1285 train_time:28277ms step_avg:42.84ms
step:661/1285 train_time:28330ms step_avg:42.86ms
step:662/1285 train_time:28391ms step_avg:42.89ms
step:663/1285 train_time:28444ms step_avg:42.90ms
step:664/1285 train_time:28505ms step_avg:42.93ms
step:665/1285 train_time:28559ms step_avg:42.95ms
step:666/1285 train_time:28620ms step_avg:42.97ms
step:667/1285 train_time:28673ms step_avg:42.99ms
step:668/1285 train_time:28735ms step_avg:43.02ms
step:669/1285 train_time:28788ms step_avg:43.03ms
step:670/1285 train_time:28851ms step_avg:43.06ms
step:671/1285 train_time:28903ms step_avg:43.07ms
step:672/1285 train_time:28965ms step_avg:43.10ms
step:673/1285 train_time:29017ms step_avg:43.12ms
step:674/1285 train_time:29079ms step_avg:43.14ms
step:675/1285 train_time:29132ms step_avg:43.16ms
step:676/1285 train_time:29194ms step_avg:43.19ms
step:677/1285 train_time:29246ms step_avg:43.20ms
step:678/1285 train_time:29309ms step_avg:43.23ms
step:679/1285 train_time:29362ms step_avg:43.24ms
step:680/1285 train_time:29424ms step_avg:43.27ms
step:681/1285 train_time:29476ms step_avg:43.28ms
step:682/1285 train_time:29537ms step_avg:43.31ms
step:683/1285 train_time:29590ms step_avg:43.32ms
step:684/1285 train_time:29652ms step_avg:43.35ms
step:685/1285 train_time:29706ms step_avg:43.37ms
step:686/1285 train_time:29768ms step_avg:43.39ms
step:687/1285 train_time:29822ms step_avg:43.41ms
step:688/1285 train_time:29882ms step_avg:43.43ms
step:689/1285 train_time:29935ms step_avg:43.45ms
step:690/1285 train_time:29997ms step_avg:43.47ms
step:691/1285 train_time:30049ms step_avg:43.49ms
step:692/1285 train_time:30111ms step_avg:43.51ms
step:693/1285 train_time:30164ms step_avg:43.53ms
step:694/1285 train_time:30226ms step_avg:43.55ms
step:695/1285 train_time:30278ms step_avg:43.57ms
step:696/1285 train_time:30340ms step_avg:43.59ms
step:697/1285 train_time:30393ms step_avg:43.61ms
step:698/1285 train_time:30455ms step_avg:43.63ms
step:699/1285 train_time:30508ms step_avg:43.65ms
step:700/1285 train_time:30570ms step_avg:43.67ms
step:701/1285 train_time:30623ms step_avg:43.68ms
step:702/1285 train_time:30685ms step_avg:43.71ms
step:703/1285 train_time:30737ms step_avg:43.72ms
step:704/1285 train_time:30799ms step_avg:43.75ms
step:705/1285 train_time:30851ms step_avg:43.76ms
step:706/1285 train_time:30913ms step_avg:43.79ms
step:707/1285 train_time:30965ms step_avg:43.80ms
step:708/1285 train_time:31027ms step_avg:43.82ms
step:709/1285 train_time:31080ms step_avg:43.84ms
step:710/1285 train_time:31141ms step_avg:43.86ms
step:711/1285 train_time:31194ms step_avg:43.87ms
step:712/1285 train_time:31256ms step_avg:43.90ms
step:713/1285 train_time:31308ms step_avg:43.91ms
step:714/1285 train_time:31370ms step_avg:43.94ms
step:715/1285 train_time:31423ms step_avg:43.95ms
step:716/1285 train_time:31483ms step_avg:43.97ms
step:717/1285 train_time:31535ms step_avg:43.98ms
step:718/1285 train_time:31599ms step_avg:44.01ms
step:719/1285 train_time:31651ms step_avg:44.02ms
step:720/1285 train_time:31713ms step_avg:44.05ms
step:721/1285 train_time:31765ms step_avg:44.06ms
step:722/1285 train_time:31827ms step_avg:44.08ms
step:723/1285 train_time:31879ms step_avg:44.09ms
step:724/1285 train_time:31942ms step_avg:44.12ms
step:725/1285 train_time:31994ms step_avg:44.13ms
step:726/1285 train_time:32057ms step_avg:44.16ms
step:727/1285 train_time:32109ms step_avg:44.17ms
step:728/1285 train_time:32171ms step_avg:44.19ms
step:729/1285 train_time:32223ms step_avg:44.20ms
step:730/1285 train_time:32285ms step_avg:44.23ms
step:731/1285 train_time:32337ms step_avg:44.24ms
step:732/1285 train_time:32399ms step_avg:44.26ms
step:733/1285 train_time:32451ms step_avg:44.27ms
step:734/1285 train_time:32513ms step_avg:44.30ms
step:735/1285 train_time:32566ms step_avg:44.31ms
step:736/1285 train_time:32629ms step_avg:44.33ms
step:737/1285 train_time:32681ms step_avg:44.34ms
step:738/1285 train_time:32743ms step_avg:44.37ms
step:739/1285 train_time:32796ms step_avg:44.38ms
step:740/1285 train_time:32857ms step_avg:44.40ms
step:741/1285 train_time:32910ms step_avg:44.41ms
step:742/1285 train_time:32972ms step_avg:44.44ms
step:743/1285 train_time:33025ms step_avg:44.45ms
step:744/1285 train_time:33088ms step_avg:44.47ms
step:745/1285 train_time:33140ms step_avg:44.48ms
step:746/1285 train_time:33201ms step_avg:44.51ms
step:747/1285 train_time:33254ms step_avg:44.52ms
step:748/1285 train_time:33316ms step_avg:44.54ms
step:749/1285 train_time:33368ms step_avg:44.55ms
step:750/1285 train_time:33430ms step_avg:44.57ms
step:750/1285 val_loss:3.68623018 train_time:33492ms step_avg:44.66ms
step:751/1285 train_time:33530ms step_avg:44.65ms
step:752/1285 train_time:33568ms step_avg:44.64ms
step:753/1285 train_time:33601ms step_avg:44.62ms
step:754/1285 train_time:33666ms step_avg:44.65ms
step:755/1285 train_time:33721ms step_avg:44.66ms
step:756/1285 train_time:33784ms step_avg:44.69ms
step:757/1285 train_time:33837ms step_avg:44.70ms
step:758/1285 train_time:33899ms step_avg:44.72ms
step:759/1285 train_time:33951ms step_avg:44.73ms
step:760/1285 train_time:34013ms step_avg:44.75ms
step:761/1285 train_time:34065ms step_avg:44.76ms
step:762/1285 train_time:34126ms step_avg:44.78ms
step:763/1285 train_time:34178ms step_avg:44.79ms
step:764/1285 train_time:34239ms step_avg:44.82ms
step:765/1285 train_time:34291ms step_avg:44.82ms
step:766/1285 train_time:34353ms step_avg:44.85ms
step:767/1285 train_time:34406ms step_avg:44.86ms
step:768/1285 train_time:34470ms step_avg:44.88ms
step:769/1285 train_time:34523ms step_avg:44.89ms
step:770/1285 train_time:34585ms step_avg:44.92ms
step:771/1285 train_time:34639ms step_avg:44.93ms
step:772/1285 train_time:34702ms step_avg:44.95ms
step:773/1285 train_time:34754ms step_avg:44.96ms
step:774/1285 train_time:34816ms step_avg:44.98ms
step:775/1285 train_time:34869ms step_avg:44.99ms
step:776/1285 train_time:34931ms step_avg:45.01ms
step:777/1285 train_time:34983ms step_avg:45.02ms
step:778/1285 train_time:35046ms step_avg:45.05ms
step:779/1285 train_time:35098ms step_avg:45.05ms
step:780/1285 train_time:35159ms step_avg:45.08ms
step:781/1285 train_time:35211ms step_avg:45.08ms
step:782/1285 train_time:35273ms step_avg:45.11ms
step:783/1285 train_time:35325ms step_avg:45.11ms
step:784/1285 train_time:35386ms step_avg:45.14ms
step:785/1285 train_time:35439ms step_avg:45.15ms
step:786/1285 train_time:35503ms step_avg:45.17ms
step:787/1285 train_time:35555ms step_avg:45.18ms
step:788/1285 train_time:35618ms step_avg:45.20ms
step:789/1285 train_time:35671ms step_avg:45.21ms
step:790/1285 train_time:35734ms step_avg:45.23ms
step:791/1285 train_time:35786ms step_avg:45.24ms
step:792/1285 train_time:35848ms step_avg:45.26ms
step:793/1285 train_time:35901ms step_avg:45.27ms
step:794/1285 train_time:36055ms step_avg:45.41ms
step:795/1285 train_time:36142ms step_avg:45.46ms
step:796/1285 train_time:36187ms step_avg:45.46ms
step:797/1285 train_time:36228ms step_avg:45.46ms
step:798/1285 train_time:36272ms step_avg:45.45ms
step:799/1285 train_time:36324ms step_avg:45.46ms
step:800/1285 train_time:36384ms step_avg:45.48ms
step:801/1285 train_time:36436ms step_avg:45.49ms
step:802/1285 train_time:36497ms step_avg:45.51ms
step:803/1285 train_time:36549ms step_avg:45.52ms
step:804/1285 train_time:36610ms step_avg:45.53ms
step:805/1285 train_time:36662ms step_avg:45.54ms
step:806/1285 train_time:36724ms step_avg:45.56ms
step:807/1285 train_time:36775ms step_avg:45.57ms
step:808/1285 train_time:36836ms step_avg:45.59ms
step:809/1285 train_time:36889ms step_avg:45.60ms
step:810/1285 train_time:36950ms step_avg:45.62ms
step:811/1285 train_time:37007ms step_avg:45.63ms
step:812/1285 train_time:37071ms step_avg:45.65ms
step:813/1285 train_time:37126ms step_avg:45.67ms
step:814/1285 train_time:37187ms step_avg:45.68ms
step:815/1285 train_time:37241ms step_avg:45.69ms
step:816/1285 train_time:37303ms step_avg:45.71ms
step:817/1285 train_time:37355ms step_avg:45.72ms
step:818/1285 train_time:37417ms step_avg:45.74ms
step:819/1285 train_time:37469ms step_avg:45.75ms
step:820/1285 train_time:37530ms step_avg:45.77ms
step:821/1285 train_time:37582ms step_avg:45.78ms
step:822/1285 train_time:37644ms step_avg:45.80ms
step:823/1285 train_time:37696ms step_avg:45.80ms
step:824/1285 train_time:37757ms step_avg:45.82ms
step:825/1285 train_time:37809ms step_avg:45.83ms
step:826/1285 train_time:37870ms step_avg:45.85ms
step:827/1285 train_time:37924ms step_avg:45.86ms
step:828/1285 train_time:37985ms step_avg:45.88ms
step:829/1285 train_time:38039ms step_avg:45.88ms
step:830/1285 train_time:38102ms step_avg:45.91ms
step:831/1285 train_time:38154ms step_avg:45.91ms
step:832/1285 train_time:38218ms step_avg:45.93ms
step:833/1285 train_time:38270ms step_avg:45.94ms
step:834/1285 train_time:38332ms step_avg:45.96ms
step:835/1285 train_time:38385ms step_avg:45.97ms
step:836/1285 train_time:38447ms step_avg:45.99ms
step:837/1285 train_time:38499ms step_avg:46.00ms
step:838/1285 train_time:38562ms step_avg:46.02ms
step:839/1285 train_time:38613ms step_avg:46.02ms
step:840/1285 train_time:38675ms step_avg:46.04ms
step:841/1285 train_time:38727ms step_avg:46.05ms
step:842/1285 train_time:38788ms step_avg:46.07ms
step:843/1285 train_time:38840ms step_avg:46.07ms
step:844/1285 train_time:38903ms step_avg:46.09ms
step:845/1285 train_time:38955ms step_avg:46.10ms
step:846/1285 train_time:39019ms step_avg:46.12ms
step:847/1285 train_time:39071ms step_avg:46.13ms
step:848/1285 train_time:39136ms step_avg:46.15ms
step:849/1285 train_time:39218ms step_avg:46.19ms
step:850/1285 train_time:39306ms step_avg:46.24ms
step:851/1285 train_time:39383ms step_avg:46.28ms
step:852/1285 train_time:39469ms step_avg:46.32ms
step:853/1285 train_time:39546ms step_avg:46.36ms
step:854/1285 train_time:39633ms step_avg:46.41ms
step:855/1285 train_time:39710ms step_avg:46.44ms
step:856/1285 train_time:39798ms step_avg:46.49ms
step:857/1285 train_time:39877ms step_avg:46.53ms
step:858/1285 train_time:39964ms step_avg:46.58ms
step:859/1285 train_time:40043ms step_avg:46.62ms
step:860/1285 train_time:40129ms step_avg:46.66ms
step:861/1285 train_time:40208ms step_avg:46.70ms
step:862/1285 train_time:40296ms step_avg:46.75ms
step:863/1285 train_time:40375ms step_avg:46.78ms
step:864/1285 train_time:40462ms step_avg:46.83ms
step:865/1285 train_time:40541ms step_avg:46.87ms
step:866/1285 train_time:40628ms step_avg:46.91ms
step:867/1285 train_time:40704ms step_avg:46.95ms
step:868/1285 train_time:40791ms step_avg:46.99ms
step:869/1285 train_time:40869ms step_avg:47.03ms
step:870/1285 train_time:40957ms step_avg:47.08ms
step:871/1285 train_time:41038ms step_avg:47.12ms
step:872/1285 train_time:41125ms step_avg:47.16ms
step:873/1285 train_time:41204ms step_avg:47.20ms
step:874/1285 train_time:41289ms step_avg:47.24ms
step:875/1285 train_time:41367ms step_avg:47.28ms
step:876/1285 train_time:41454ms step_avg:47.32ms
step:877/1285 train_time:41535ms step_avg:47.36ms
step:878/1285 train_time:41623ms step_avg:47.41ms
step:879/1285 train_time:41701ms step_avg:47.44ms
step:880/1285 train_time:41787ms step_avg:47.48ms
step:881/1285 train_time:41864ms step_avg:47.52ms
step:882/1285 train_time:41951ms step_avg:47.56ms
step:883/1285 train_time:42030ms step_avg:47.60ms
step:884/1285 train_time:42119ms step_avg:47.65ms
step:885/1285 train_time:42197ms step_avg:47.68ms
step:886/1285 train_time:42286ms step_avg:47.73ms
step:887/1285 train_time:42363ms step_avg:47.76ms
step:888/1285 train_time:42450ms step_avg:47.80ms
step:889/1285 train_time:42528ms step_avg:47.84ms
step:890/1285 train_time:42615ms step_avg:47.88ms
step:891/1285 train_time:42694ms step_avg:47.92ms
step:892/1285 train_time:42781ms step_avg:47.96ms
step:893/1285 train_time:42858ms step_avg:47.99ms
step:894/1285 train_time:42947ms step_avg:48.04ms
step:895/1285 train_time:43025ms step_avg:48.07ms
step:896/1285 train_time:43111ms step_avg:48.12ms
step:897/1285 train_time:43189ms step_avg:48.15ms
step:898/1285 train_time:43279ms step_avg:48.20ms
step:899/1285 train_time:43358ms step_avg:48.23ms
step:900/1285 train_time:43445ms step_avg:48.27ms
step:901/1285 train_time:43523ms step_avg:48.31ms
step:902/1285 train_time:43611ms step_avg:48.35ms
step:903/1285 train_time:43688ms step_avg:48.38ms
step:904/1285 train_time:43775ms step_avg:48.42ms
step:905/1285 train_time:43855ms step_avg:48.46ms
step:906/1285 train_time:43943ms step_avg:48.50ms
step:907/1285 train_time:44021ms step_avg:48.53ms
step:908/1285 train_time:44108ms step_avg:48.58ms
step:909/1285 train_time:44186ms step_avg:48.61ms
step:910/1285 train_time:44272ms step_avg:48.65ms
step:911/1285 train_time:44350ms step_avg:48.68ms
step:912/1285 train_time:44439ms step_avg:48.73ms
step:913/1285 train_time:44517ms step_avg:48.76ms
step:914/1285 train_time:44605ms step_avg:48.80ms
step:915/1285 train_time:44682ms step_avg:48.83ms
step:916/1285 train_time:44769ms step_avg:48.87ms
step:917/1285 train_time:44847ms step_avg:48.91ms
step:918/1285 train_time:44936ms step_avg:48.95ms
step:919/1285 train_time:45013ms step_avg:48.98ms
step:920/1285 train_time:45102ms step_avg:49.02ms
step:921/1285 train_time:45180ms step_avg:49.06ms
step:922/1285 train_time:45267ms step_avg:49.10ms
step:923/1285 train_time:45345ms step_avg:49.13ms
step:924/1285 train_time:45431ms step_avg:49.17ms
step:925/1285 train_time:45509ms step_avg:49.20ms
step:926/1285 train_time:45597ms step_avg:49.24ms
step:927/1285 train_time:45676ms step_avg:49.27ms
step:928/1285 train_time:45763ms step_avg:49.31ms
step:929/1285 train_time:45842ms step_avg:49.35ms
step:930/1285 train_time:45929ms step_avg:49.39ms
step:931/1285 train_time:46006ms step_avg:49.42ms
step:932/1285 train_time:46092ms step_avg:49.46ms
step:933/1285 train_time:46170ms step_avg:49.49ms
step:934/1285 train_time:46259ms step_avg:49.53ms
step:935/1285 train_time:46338ms step_avg:49.56ms
step:936/1285 train_time:46425ms step_avg:49.60ms
step:937/1285 train_time:46502ms step_avg:49.63ms
step:938/1285 train_time:46590ms step_avg:49.67ms
step:939/1285 train_time:46667ms step_avg:49.70ms
step:940/1285 train_time:46755ms step_avg:49.74ms
step:941/1285 train_time:46835ms step_avg:49.77ms
step:942/1285 train_time:46924ms step_avg:49.81ms
step:943/1285 train_time:47001ms step_avg:49.84ms
step:944/1285 train_time:47087ms step_avg:49.88ms
step:945/1285 train_time:47166ms step_avg:49.91ms
step:946/1285 train_time:47252ms step_avg:49.95ms
step:947/1285 train_time:47330ms step_avg:49.98ms
step:948/1285 train_time:47419ms step_avg:50.02ms
step:949/1285 train_time:47498ms step_avg:50.05ms
step:950/1285 train_time:47585ms step_avg:50.09ms
step:951/1285 train_time:47662ms step_avg:50.12ms
step:952/1285 train_time:47749ms step_avg:50.16ms
step:953/1285 train_time:47828ms step_avg:50.19ms
step:954/1285 train_time:47915ms step_avg:50.23ms
step:955/1285 train_time:47994ms step_avg:50.26ms
step:956/1285 train_time:48082ms step_avg:50.30ms
step:957/1285 train_time:48161ms step_avg:50.32ms
step:958/1285 train_time:48247ms step_avg:50.36ms
step:959/1285 train_time:48325ms step_avg:50.39ms
step:960/1285 train_time:48412ms step_avg:50.43ms
step:961/1285 train_time:48489ms step_avg:50.46ms
step:962/1285 train_time:48579ms step_avg:50.50ms
step:963/1285 train_time:48658ms step_avg:50.53ms
step:964/1285 train_time:48746ms step_avg:50.57ms
step:965/1285 train_time:48824ms step_avg:50.60ms
step:966/1285 train_time:48910ms step_avg:50.63ms
step:967/1285 train_time:48987ms step_avg:50.66ms
step:968/1285 train_time:49075ms step_avg:50.70ms
step:969/1285 train_time:49155ms step_avg:50.73ms
step:970/1285 train_time:49242ms step_avg:50.77ms
step:971/1285 train_time:49321ms step_avg:50.79ms
step:972/1285 train_time:49408ms step_avg:50.83ms
step:973/1285 train_time:49486ms step_avg:50.86ms
step:974/1285 train_time:49572ms step_avg:50.90ms
step:975/1285 train_time:49650ms step_avg:50.92ms
step:976/1285 train_time:49738ms step_avg:50.96ms
step:977/1285 train_time:49817ms step_avg:50.99ms
step:978/1285 train_time:49905ms step_avg:51.03ms
step:979/1285 train_time:49982ms step_avg:51.05ms
step:980/1285 train_time:50069ms step_avg:51.09ms
step:981/1285 train_time:50146ms step_avg:51.12ms
step:982/1285 train_time:50234ms step_avg:51.15ms
step:983/1285 train_time:50310ms step_avg:51.18ms
step:984/1285 train_time:50398ms step_avg:51.22ms
step:985/1285 train_time:50478ms step_avg:51.25ms
step:986/1285 train_time:50565ms step_avg:51.28ms
step:987/1285 train_time:50643ms step_avg:51.31ms
step:988/1285 train_time:50730ms step_avg:51.35ms
step:989/1285 train_time:50807ms step_avg:51.37ms
step:990/1285 train_time:50895ms step_avg:51.41ms
step:991/1285 train_time:50974ms step_avg:51.44ms
step:992/1285 train_time:51063ms step_avg:51.48ms
step:993/1285 train_time:51140ms step_avg:51.50ms
step:994/1285 train_time:51229ms step_avg:51.54ms
step:995/1285 train_time:51306ms step_avg:51.56ms
step:996/1285 train_time:51390ms step_avg:51.60ms
step:997/1285 train_time:51470ms step_avg:51.62ms
step:998/1285 train_time:51558ms step_avg:51.66ms
step:999/1285 train_time:51638ms step_avg:51.69ms
step:1000/1285 train_time:51725ms step_avg:51.72ms
step:1000/1285 val_loss:3.42040873 train_time:51812ms step_avg:51.81ms
step:1001/1285 train_time:51850ms step_avg:51.80ms
step:1002/1285 train_time:51893ms step_avg:51.79ms
step:1003/1285 train_time:51974ms step_avg:51.82ms
step:1004/1285 train_time:52066ms step_avg:51.86ms
step:1005/1285 train_time:52146ms step_avg:51.89ms
step:1006/1285 train_time:52233ms step_avg:51.92ms
step:1007/1285 train_time:52310ms step_avg:51.95ms
step:1008/1285 train_time:52397ms step_avg:51.98ms
step:1009/1285 train_time:52473ms step_avg:52.01ms
step:1010/1285 train_time:52559ms step_avg:52.04ms
step:1011/1285 train_time:52635ms step_avg:52.06ms
step:1012/1285 train_time:52723ms step_avg:52.10ms
step:1013/1285 train_time:52804ms step_avg:52.13ms
step:1014/1285 train_time:52893ms step_avg:52.16ms
step:1015/1285 train_time:52971ms step_avg:52.19ms
step:1016/1285 train_time:53060ms step_avg:52.22ms
step:1017/1285 train_time:53138ms step_avg:52.25ms
step:1018/1285 train_time:53224ms step_avg:52.28ms
step:1019/1285 train_time:53303ms step_avg:52.31ms
step:1020/1285 train_time:53391ms step_avg:52.34ms
step:1021/1285 train_time:53469ms step_avg:52.37ms
step:1022/1285 train_time:53555ms step_avg:52.40ms
step:1023/1285 train_time:53632ms step_avg:52.43ms
step:1024/1285 train_time:53718ms step_avg:52.46ms
step:1025/1285 train_time:53798ms step_avg:52.49ms
step:1026/1285 train_time:53938ms step_avg:52.57ms
step:1027/1285 train_time:53980ms step_avg:52.56ms
step:1028/1285 train_time:54087ms step_avg:52.61ms
step:1029/1285 train_time:54161ms step_avg:52.63ms
step:1030/1285 train_time:54249ms step_avg:52.67ms
step:1031/1285 train_time:54326ms step_avg:52.69ms
step:1032/1285 train_time:54413ms step_avg:52.73ms
step:1033/1285 train_time:54489ms step_avg:52.75ms
step:1034/1285 train_time:54575ms step_avg:52.78ms
step:1035/1285 train_time:54652ms step_avg:52.80ms
step:1036/1285 train_time:54738ms step_avg:52.84ms
step:1037/1285 train_time:54816ms step_avg:52.86ms
step:1038/1285 train_time:54905ms step_avg:52.90ms
step:1039/1285 train_time:54989ms step_avg:52.92ms
step:1040/1285 train_time:55077ms step_avg:52.96ms
step:1041/1285 train_time:55155ms step_avg:52.98ms
step:1042/1285 train_time:55241ms step_avg:53.01ms
step:1043/1285 train_time:55317ms step_avg:53.04ms
step:1044/1285 train_time:55405ms step_avg:53.07ms
step:1045/1285 train_time:55482ms step_avg:53.09ms
step:1046/1285 train_time:55571ms step_avg:53.13ms
step:1047/1285 train_time:55648ms step_avg:53.15ms
step:1048/1285 train_time:55735ms step_avg:53.18ms
step:1049/1285 train_time:55813ms step_avg:53.21ms
step:1050/1285 train_time:55900ms step_avg:53.24ms
step:1051/1285 train_time:55980ms step_avg:53.26ms
step:1052/1285 train_time:56069ms step_avg:53.30ms
step:1053/1285 train_time:56148ms step_avg:53.32ms
step:1054/1285 train_time:56235ms step_avg:53.35ms
step:1055/1285 train_time:56311ms step_avg:53.38ms
step:1056/1285 train_time:56399ms step_avg:53.41ms
step:1057/1285 train_time:56475ms step_avg:53.43ms
step:1058/1285 train_time:56562ms step_avg:53.46ms
step:1059/1285 train_time:56639ms step_avg:53.48ms
step:1060/1285 train_time:56727ms step_avg:53.52ms
step:1061/1285 train_time:56805ms step_avg:53.54ms
step:1062/1285 train_time:56895ms step_avg:53.57ms
step:1063/1285 train_time:56972ms step_avg:53.60ms
step:1064/1285 train_time:57061ms step_avg:53.63ms
step:1065/1285 train_time:57139ms step_avg:53.65ms
step:1066/1285 train_time:57226ms step_avg:53.68ms
step:1067/1285 train_time:57303ms step_avg:53.71ms
step:1068/1285 train_time:57392ms step_avg:53.74ms
step:1069/1285 train_time:57471ms step_avg:53.76ms
step:1070/1285 train_time:57557ms step_avg:53.79ms
step:1071/1285 train_time:57633ms step_avg:53.81ms
step:1072/1285 train_time:57720ms step_avg:53.84ms
step:1073/1285 train_time:57797ms step_avg:53.86ms
step:1074/1285 train_time:57886ms step_avg:53.90ms
step:1075/1285 train_time:57966ms step_avg:53.92ms
step:1076/1285 train_time:58053ms step_avg:53.95ms
step:1077/1285 train_time:58132ms step_avg:53.98ms
step:1078/1285 train_time:58218ms step_avg:54.01ms
step:1079/1285 train_time:58296ms step_avg:54.03ms
step:1080/1285 train_time:58385ms step_avg:54.06ms
step:1081/1285 train_time:58464ms step_avg:54.08ms
step:1082/1285 train_time:58552ms step_avg:54.11ms
step:1083/1285 train_time:58629ms step_avg:54.14ms
step:1084/1285 train_time:58716ms step_avg:54.17ms
step:1085/1285 train_time:58794ms step_avg:54.19ms
step:1086/1285 train_time:58881ms step_avg:54.22ms
step:1087/1285 train_time:58959ms step_avg:54.24ms
step:1088/1285 train_time:59048ms step_avg:54.27ms
step:1089/1285 train_time:59126ms step_avg:54.29ms
step:1090/1285 train_time:59214ms step_avg:54.32ms
step:1091/1285 train_time:59292ms step_avg:54.35ms
step:1092/1285 train_time:59380ms step_avg:54.38ms
step:1093/1285 train_time:59457ms step_avg:54.40ms
step:1094/1285 train_time:59543ms step_avg:54.43ms
step:1095/1285 train_time:59621ms step_avg:54.45ms
step:1096/1285 train_time:59711ms step_avg:54.48ms
step:1097/1285 train_time:59789ms step_avg:54.50ms
step:1098/1285 train_time:59876ms step_avg:54.53ms
step:1099/1285 train_time:59954ms step_avg:54.55ms
step:1100/1285 train_time:60041ms step_avg:54.58ms
step:1101/1285 train_time:60119ms step_avg:54.60ms
step:1102/1285 train_time:60208ms step_avg:54.63ms
step:1103/1285 train_time:60287ms step_avg:54.66ms
step:1104/1285 train_time:60375ms step_avg:54.69ms
step:1105/1285 train_time:60453ms step_avg:54.71ms
step:1106/1285 train_time:60538ms step_avg:54.74ms
step:1107/1285 train_time:60616ms step_avg:54.76ms
step:1108/1285 train_time:60704ms step_avg:54.79ms
step:1109/1285 train_time:60781ms step_avg:54.81ms
step:1110/1285 train_time:60869ms step_avg:54.84ms
step:1111/1285 train_time:60948ms step_avg:54.86ms
step:1112/1285 train_time:61035ms step_avg:54.89ms
step:1113/1285 train_time:61114ms step_avg:54.91ms
step:1114/1285 train_time:61200ms step_avg:54.94ms
step:1115/1285 train_time:61278ms step_avg:54.96ms
step:1116/1285 train_time:61366ms step_avg:54.99ms
step:1117/1285 train_time:61445ms step_avg:55.01ms
step:1118/1285 train_time:61533ms step_avg:55.04ms
step:1119/1285 train_time:61611ms step_avg:55.06ms
step:1120/1285 train_time:61697ms step_avg:55.09ms
step:1121/1285 train_time:61775ms step_avg:55.11ms
step:1122/1285 train_time:61861ms step_avg:55.14ms
step:1123/1285 train_time:61939ms step_avg:55.15ms
step:1124/1285 train_time:62026ms step_avg:55.18ms
step:1125/1285 train_time:62106ms step_avg:55.21ms
step:1126/1285 train_time:62194ms step_avg:55.23ms
step:1127/1285 train_time:62272ms step_avg:55.25ms
step:1128/1285 train_time:62358ms step_avg:55.28ms
step:1129/1285 train_time:62436ms step_avg:55.30ms
step:1130/1285 train_time:62523ms step_avg:55.33ms
step:1131/1285 train_time:62600ms step_avg:55.35ms
step:1132/1285 train_time:62689ms step_avg:55.38ms
step:1133/1285 train_time:62768ms step_avg:55.40ms
step:1134/1285 train_time:62855ms step_avg:55.43ms
step:1135/1285 train_time:62931ms step_avg:55.45ms
step:1136/1285 train_time:63019ms step_avg:55.47ms
step:1137/1285 train_time:63097ms step_avg:55.49ms
step:1138/1285 train_time:63184ms step_avg:55.52ms
step:1139/1285 train_time:63263ms step_avg:55.54ms
step:1140/1285 train_time:63352ms step_avg:55.57ms
step:1141/1285 train_time:63429ms step_avg:55.59ms
step:1142/1285 train_time:63516ms step_avg:55.62ms
step:1143/1285 train_time:63594ms step_avg:55.64ms
step:1144/1285 train_time:63681ms step_avg:55.66ms
step:1145/1285 train_time:63758ms step_avg:55.68ms
step:1146/1285 train_time:63846ms step_avg:55.71ms
step:1147/1285 train_time:63924ms step_avg:55.73ms
step:1148/1285 train_time:64012ms step_avg:55.76ms
step:1149/1285 train_time:64090ms step_avg:55.78ms
step:1150/1285 train_time:64177ms step_avg:55.81ms
step:1151/1285 train_time:64256ms step_avg:55.83ms
step:1152/1285 train_time:64342ms step_avg:55.85ms
step:1153/1285 train_time:64419ms step_avg:55.87ms
step:1154/1285 train_time:64509ms step_avg:55.90ms
step:1155/1285 train_time:64587ms step_avg:55.92ms
step:1156/1285 train_time:64674ms step_avg:55.95ms
step:1157/1285 train_time:64752ms step_avg:55.97ms
step:1158/1285 train_time:64838ms step_avg:55.99ms
step:1159/1285 train_time:64916ms step_avg:56.01ms
step:1160/1285 train_time:65004ms step_avg:56.04ms
step:1161/1285 train_time:65081ms step_avg:56.06ms
step:1162/1285 train_time:65172ms step_avg:56.09ms
step:1163/1285 train_time:65249ms step_avg:56.10ms
step:1164/1285 train_time:65337ms step_avg:56.13ms
step:1165/1285 train_time:65414ms step_avg:56.15ms
step:1166/1285 train_time:65499ms step_avg:56.17ms
step:1167/1285 train_time:65577ms step_avg:56.19ms
step:1168/1285 train_time:65664ms step_avg:56.22ms
step:1169/1285 train_time:65744ms step_avg:56.24ms
step:1170/1285 train_time:65833ms step_avg:56.27ms
step:1171/1285 train_time:65909ms step_avg:56.28ms
step:1172/1285 train_time:65997ms step_avg:56.31ms
step:1173/1285 train_time:66074ms step_avg:56.33ms
step:1174/1285 train_time:66160ms step_avg:56.35ms
step:1175/1285 train_time:66238ms step_avg:56.37ms
step:1176/1285 train_time:66326ms step_avg:56.40ms
step:1177/1285 train_time:66405ms step_avg:56.42ms
step:1178/1285 train_time:66493ms step_avg:56.45ms
step:1179/1285 train_time:66571ms step_avg:56.46ms
step:1180/1285 train_time:66658ms step_avg:56.49ms
step:1181/1285 train_time:66735ms step_avg:56.51ms
step:1182/1285 train_time:66823ms step_avg:56.53ms
step:1183/1285 train_time:66900ms step_avg:56.55ms
step:1184/1285 train_time:66988ms step_avg:56.58ms
step:1185/1285 train_time:67067ms step_avg:56.60ms
step:1186/1285 train_time:67155ms step_avg:56.62ms
step:1187/1285 train_time:67232ms step_avg:56.64ms
step:1188/1285 train_time:67319ms step_avg:56.67ms
step:1189/1285 train_time:67396ms step_avg:56.68ms
step:1190/1285 train_time:67484ms step_avg:56.71ms
step:1191/1285 train_time:67564ms step_avg:56.73ms
step:1192/1285 train_time:67652ms step_avg:56.75ms
step:1193/1285 train_time:67730ms step_avg:56.77ms
step:1194/1285 train_time:67818ms step_avg:56.80ms
step:1195/1285 train_time:67895ms step_avg:56.82ms
step:1196/1285 train_time:67982ms step_avg:56.84ms
step:1197/1285 train_time:68059ms step_avg:56.86ms
step:1198/1285 train_time:68149ms step_avg:56.89ms
step:1199/1285 train_time:68226ms step_avg:56.90ms
step:1200/1285 train_time:68314ms step_avg:56.93ms
step:1201/1285 train_time:68391ms step_avg:56.94ms
step:1202/1285 train_time:68478ms step_avg:56.97ms
step:1203/1285 train_time:68557ms step_avg:56.99ms
step:1204/1285 train_time:68644ms step_avg:57.01ms
step:1205/1285 train_time:68721ms step_avg:57.03ms
step:1206/1285 train_time:68808ms step_avg:57.05ms
step:1207/1285 train_time:68887ms step_avg:57.07ms
step:1208/1285 train_time:68974ms step_avg:57.10ms
step:1209/1285 train_time:69052ms step_avg:57.11ms
step:1210/1285 train_time:69138ms step_avg:57.14ms
step:1211/1285 train_time:69217ms step_avg:57.16ms
step:1212/1285 train_time:69305ms step_avg:57.18ms
step:1213/1285 train_time:69385ms step_avg:57.20ms
step:1214/1285 train_time:69472ms step_avg:57.23ms
step:1215/1285 train_time:69550ms step_avg:57.24ms
step:1216/1285 train_time:69637ms step_avg:57.27ms
step:1217/1285 train_time:69715ms step_avg:57.28ms
step:1218/1285 train_time:69802ms step_avg:57.31ms
step:1219/1285 train_time:69879ms step_avg:57.33ms
step:1220/1285 train_time:69967ms step_avg:57.35ms
step:1221/1285 train_time:70045ms step_avg:57.37ms
step:1222/1285 train_time:70134ms step_avg:57.39ms
step:1223/1285 train_time:70212ms step_avg:57.41ms
step:1224/1285 train_time:70298ms step_avg:57.43ms
step:1225/1285 train_time:70376ms step_avg:57.45ms
step:1226/1285 train_time:70464ms step_avg:57.47ms
step:1227/1285 train_time:70541ms step_avg:57.49ms
step:1228/1285 train_time:70627ms step_avg:57.51ms
step:1229/1285 train_time:70707ms step_avg:57.53ms
step:1230/1285 train_time:70794ms step_avg:57.56ms
step:1231/1285 train_time:70871ms step_avg:57.57ms
step:1232/1285 train_time:70959ms step_avg:57.60ms
step:1233/1285 train_time:71036ms step_avg:57.61ms
step:1234/1285 train_time:71122ms step_avg:57.64ms
step:1235/1285 train_time:71200ms step_avg:57.65ms
step:1236/1285 train_time:71290ms step_avg:57.68ms
step:1237/1285 train_time:71367ms step_avg:57.69ms
step:1238/1285 train_time:71554ms step_avg:57.80ms
step:1239/1285 train_time:71594ms step_avg:57.78ms
step:1240/1285 train_time:71720ms step_avg:57.84ms
step:1241/1285 train_time:71796ms step_avg:57.85ms
step:1242/1285 train_time:71882ms step_avg:57.88ms
step:1243/1285 train_time:71958ms step_avg:57.89ms
step:1244/1285 train_time:72044ms step_avg:57.91ms
step:1245/1285 train_time:72121ms step_avg:57.93ms
step:1246/1285 train_time:72207ms step_avg:57.95ms
step:1247/1285 train_time:72285ms step_avg:57.97ms
step:1248/1285 train_time:72372ms step_avg:57.99ms
step:1249/1285 train_time:72449ms step_avg:58.01ms
step:1250/1285 train_time:72540ms step_avg:58.03ms
step:1250/1285 val_loss:3.29699993 train_time:72632ms step_avg:58.11ms
step:1251/1285 train_time:72673ms step_avg:58.09ms
step:1252/1285 train_time:72716ms step_avg:58.08ms
step:1253/1285 train_time:72798ms step_avg:58.10ms
step:1254/1285 train_time:72887ms step_avg:58.12ms
step:1255/1285 train_time:72965ms step_avg:58.14ms
step:1256/1285 train_time:73053ms step_avg:58.16ms
step:1257/1285 train_time:73130ms step_avg:58.18ms
step:1258/1285 train_time:73215ms step_avg:58.20ms
step:1259/1285 train_time:73292ms step_avg:58.21ms
step:1260/1285 train_time:73378ms step_avg:58.24ms
step:1261/1285 train_time:73454ms step_avg:58.25ms
step:1262/1285 train_time:73540ms step_avg:58.27ms
step:1263/1285 train_time:73618ms step_avg:58.29ms
step:1264/1285 train_time:73707ms step_avg:58.31ms
step:1265/1285 train_time:73789ms step_avg:58.33ms
step:1266/1285 train_time:73876ms step_avg:58.35ms
step:1267/1285 train_time:73954ms step_avg:58.37ms
step:1268/1285 train_time:74041ms step_avg:58.39ms
step:1269/1285 train_time:74118ms step_avg:58.41ms
step:1270/1285 train_time:74206ms step_avg:58.43ms
step:1271/1285 train_time:74286ms step_avg:58.45ms
step:1272/1285 train_time:74376ms step_avg:58.47ms
step:1273/1285 train_time:74453ms step_avg:58.49ms
step:1274/1285 train_time:74540ms step_avg:58.51ms
step:1275/1285 train_time:74618ms step_avg:58.52ms
step:1276/1285 train_time:74708ms step_avg:58.55ms
step:1277/1285 train_time:74788ms step_avg:58.57ms
step:1278/1285 train_time:74877ms step_avg:58.59ms
step:1279/1285 train_time:74954ms step_avg:58.60ms
step:1280/1285 train_time:75045ms step_avg:58.63ms
step:1281/1285 train_time:75118ms step_avg:58.64ms
step:1282/1285 train_time:75207ms step_avg:58.66ms
step:1283/1285 train_time:75286ms step_avg:58.68ms
step:1284/1285 train_time:75373ms step_avg:58.70ms
step:1285/1285 train_time:75451ms step_avg:58.72ms
step:1285/1285 val_loss:3.28023505 train_time:75538ms step_avg:58.78ms
peak memory allocated: 32150 MiB reserved: 39272 MiB
