HARNESS_TRAINING_ENV={"OMP_NUM_THREADS": "1", "MKL_NUM_THREADS": "1", "torch_num_threads": 1, "torch_num_interop_threads": 47}
[Gloo] Rank 0 is connected to 7 peer ranks. Expected number of connected peer ranks is : 7
[Gloo] Rank 2 is connected to 7 peer ranks. Expected number of connected peer ranks is : 7
[Gloo] Rank 1 is connected to 7 peer ranks. Expected number of connected peer ranks is : 7
[Gloo] Rank 3 is connected to 7 peer ranks. Expected number of connected peer ranks is : 7
[Gloo] Rank 4 is connected to 7 peer ranks. Expected number of connected peer ranks is : 7
[Gloo] Rank 6 is connected to 7[Gloo] Rank 5 is connected to  peer ranks. Expected number of connected peer ranks is : 77 peer ranks. Expected number of connected peer ranks is : 
7
[Gloo] Rank 7 is connected to 7 peer ranks. Expected number of connected peer ranks is : 7
/workspace/train_gpt.py:1069: UserWarning: Skipping publisher trust check for 'kernels-community/flash-attn3' because Hugging Face Hub is in offline mode.
  flash_attn_interface = get_kernel('kernels-community/flash-attn3', version=1).flash_attn_interface
/workspace/train_gpt.py:1069: UserWarning: Skipping publisher trust check for 'kernels-community/flash-attn3' because Hugging Face Hub is in offline mode.
  flash_attn_interface = get_kernel('kernels-community/flash-attn3', version=1).flash_attn_interface
/workspace/train_gpt.py:1069: UserWarning: Skipping publisher trust check for 'kernels-community/flash-attn3' because Hugging Face Hub is in offline mode.
  flash_attn_interface = get_kernel('kernels-community/flash-attn3', version=1).flash_attn_interface
/workspace/train_gpt.py:1069: UserWarning: Skipping publisher trust check for 'kernels-community/flash-attn3' because Hugging Face Hub is in offline mode.
  flash_attn_interface = get_kernel('kernels-community/flash-attn3', version=1).flash_attn_interface
/workspace/train_gpt.py:1069: UserWarning: Skipping publisher trust check for 'kernels-community/flash-attn3' because Hugging Face Hub is in offline mode.
  flash_attn_interface = get_kernel('kernels-community/flash-attn3', version=1).flash_attn_interface
/workspace/train_gpt.py:1069: UserWarning: Skipping publisher trust check for 'kernels-community/flash-attn3' because Hugging Face Hub is in offline mode.
  flash_attn_interface = get_kernel('kernels-community/flash-attn3', version=1).flash_attn_interface
/workspace/train_gpt.py:1069: UserWarning: Skipping publisher trust check for 'kernels-community/flash-attn3' because Hugging Face Hub is in offline mode.
  flash_attn_interface = get_kernel('kernels-community/flash-attn3', version=1).flash_attn_interface
/workspace/train_gpt.py:1069: UserWarning: Skipping publisher trust check for 'kernels-community/flash-attn3' because Hugging Face Hub is in offline mode.
  flash_attn_interface = get_kernel('kernels-community/flash-attn3', version=1).flash_attn_interface
logs/3d7a124d-76e8-4f18-86d0-50f2014655fc.txt
Compiling model and warming up kernels (~7 minutes on first execution)
Sampling steps [0, 1, 421, 422, 423, 424, 845, 846, 847, 848, 1268, 1269, 1270, 1271] for warmup
Resetting Model
step:0/1285 val_loss:10.83146477 train_time:52ms step_avg:52.15ms
step:1/1285 train_time:265ms step_avg:265.02ms
step:2/1285 train_time:338ms step_avg:168.94ms
step:3/1285 train_time:378ms step_avg:125.96ms
step:4/1285 train_time:422ms step_avg:105.54ms
step:5/1285 train_time:461ms step_avg:92.13ms
step:6/1285 train_time:504ms step_avg:84.01ms
step:7/1285 train_time:542ms step_avg:77.46ms
step:8/1285 train_time:583ms step_avg:72.82ms
step:9/1285 train_time:617ms step_avg:68.58ms
step:10/1285 train_time:657ms step_avg:65.66ms
step:11/1285 train_time:691ms step_avg:62.86ms
step:12/1285 train_time:727ms step_avg:60.57ms
step:13/1285 train_time:761ms step_avg:58.51ms
step:14/1285 train_time:797ms step_avg:56.90ms
step:15/1285 train_time:828ms step_avg:55.21ms
step:16/1285 train_time:866ms step_avg:54.11ms
step:17/1285 train_time:900ms step_avg:52.95ms
step:18/1285 train_time:937ms step_avg:52.08ms
step:19/1285 train_time:972ms step_avg:51.15ms
step:20/1285 train_time:1010ms step_avg:50.49ms
step:21/1285 train_time:1047ms step_avg:49.85ms
step:22/1285 train_time:1084ms step_avg:49.28ms
step:23/1285 train_time:1117ms step_avg:48.58ms
step:24/1285 train_time:1153ms step_avg:48.04ms
step:25/1285 train_time:1186ms step_avg:47.43ms
step:26/1285 train_time:1223ms step_avg:47.04ms
step:27/1285 train_time:1257ms step_avg:46.54ms
step:28/1285 train_time:1295ms step_avg:46.24ms
step:29/1285 train_time:1327ms step_avg:45.75ms
step:30/1285 train_time:1364ms step_avg:45.46ms
step:31/1285 train_time:1396ms step_avg:45.04ms
step:32/1285 train_time:1435ms step_avg:44.86ms
step:33/1285 train_time:1469ms step_avg:44.52ms
step:34/1285 train_time:1507ms step_avg:44.32ms
step:35/1285 train_time:1540ms step_avg:43.99ms
step:36/1285 train_time:1574ms step_avg:43.73ms
step:37/1285 train_time:1608ms step_avg:43.47ms
step:38/1285 train_time:1645ms step_avg:43.28ms
step:39/1285 train_time:1678ms step_avg:43.03ms
step:40/1285 train_time:1716ms step_avg:42.89ms
step:41/1285 train_time:1748ms step_avg:42.64ms
step:42/1285 train_time:1786ms step_avg:42.52ms
step:43/1285 train_time:1819ms step_avg:42.29ms
step:44/1285 train_time:1853ms step_avg:42.12ms
step:45/1285 train_time:1886ms step_avg:41.92ms
step:46/1285 train_time:1924ms step_avg:41.83ms
step:47/1285 train_time:1957ms step_avg:41.64ms
step:48/1285 train_time:1995ms step_avg:41.56ms
step:49/1285 train_time:2028ms step_avg:41.39ms
step:50/1285 train_time:2067ms step_avg:41.34ms
step:51/1285 train_time:2101ms step_avg:41.19ms
step:52/1285 train_time:2136ms step_avg:41.09ms
step:53/1285 train_time:2169ms step_avg:40.93ms
step:54/1285 train_time:2205ms step_avg:40.83ms
step:55/1285 train_time:2238ms step_avg:40.69ms
step:56/1285 train_time:2277ms step_avg:40.67ms
step:57/1285 train_time:2310ms step_avg:40.53ms
step:58/1285 train_time:2349ms step_avg:40.49ms
step:59/1285 train_time:2381ms step_avg:40.35ms
step:60/1285 train_time:2415ms step_avg:40.25ms
step:61/1285 train_time:2449ms step_avg:40.14ms
step:62/1285 train_time:2482ms step_avg:40.03ms
step:63/1285 train_time:2515ms step_avg:39.91ms
step:64/1285 train_time:2553ms step_avg:39.89ms
step:65/1285 train_time:2586ms step_avg:39.78ms
step:66/1285 train_time:2621ms step_avg:39.72ms
step:67/1285 train_time:2656ms step_avg:39.64ms
step:68/1285 train_time:2694ms step_avg:39.62ms
step:69/1285 train_time:2728ms step_avg:39.54ms
step:70/1285 train_time:2768ms step_avg:39.54ms
step:71/1285 train_time:2800ms step_avg:39.43ms
step:72/1285 train_time:2835ms step_avg:39.37ms
step:73/1285 train_time:2867ms step_avg:39.28ms
step:74/1285 train_time:2904ms step_avg:39.24ms
step:75/1285 train_time:2936ms step_avg:39.15ms
step:76/1285 train_time:2974ms step_avg:39.13ms
step:77/1285 train_time:3007ms step_avg:39.05ms
step:78/1285 train_time:3049ms step_avg:39.09ms
step:79/1285 train_time:3082ms step_avg:39.01ms
step:80/1285 train_time:3119ms step_avg:38.98ms
step:81/1285 train_time:3155ms step_avg:38.95ms
step:82/1285 train_time:3192ms step_avg:38.93ms
step:83/1285 train_time:3225ms step_avg:38.86ms
step:84/1285 train_time:3261ms step_avg:38.83ms
step:85/1285 train_time:3294ms step_avg:38.76ms
step:86/1285 train_time:3331ms step_avg:38.73ms
step:87/1285 train_time:3362ms step_avg:38.64ms
step:88/1285 train_time:3398ms step_avg:38.61ms
step:89/1285 train_time:3430ms step_avg:38.54ms
step:90/1285 train_time:3466ms step_avg:38.51ms
step:91/1285 train_time:3497ms step_avg:38.42ms
step:92/1285 train_time:3533ms step_avg:38.41ms
step:93/1285 train_time:3568ms step_avg:38.36ms
step:94/1285 train_time:3604ms step_avg:38.34ms
step:95/1285 train_time:3635ms step_avg:38.26ms
step:96/1285 train_time:3673ms step_avg:38.26ms
step:97/1285 train_time:3706ms step_avg:38.21ms
step:98/1285 train_time:3746ms step_avg:38.22ms
step:99/1285 train_time:3778ms step_avg:38.16ms
step:100/1285 train_time:3815ms step_avg:38.15ms
step:101/1285 train_time:3849ms step_avg:38.11ms
step:102/1285 train_time:3885ms step_avg:38.09ms
step:103/1285 train_time:3916ms step_avg:38.02ms
step:104/1285 train_time:3952ms step_avg:38.00ms
step:105/1285 train_time:3984ms step_avg:37.94ms
step:106/1285 train_time:4020ms step_avg:37.93ms
step:107/1285 train_time:4055ms step_avg:37.90ms
step:108/1285 train_time:4089ms step_avg:37.86ms
step:109/1285 train_time:4120ms step_avg:37.80ms
step:110/1285 train_time:4157ms step_avg:37.79ms
step:111/1285 train_time:4190ms step_avg:37.74ms
step:112/1285 train_time:4225ms step_avg:37.73ms
step:113/1285 train_time:4262ms step_avg:37.71ms
step:114/1285 train_time:4300ms step_avg:37.72ms
step:115/1285 train_time:4334ms step_avg:37.68ms
step:116/1285 train_time:4371ms step_avg:37.68ms
step:117/1285 train_time:4404ms step_avg:37.64ms
step:118/1285 train_time:4439ms step_avg:37.62ms
step:119/1285 train_time:4472ms step_avg:37.58ms
step:120/1285 train_time:4510ms step_avg:37.58ms
step:121/1285 train_time:4544ms step_avg:37.55ms
step:122/1285 train_time:4582ms step_avg:37.56ms
step:123/1285 train_time:4617ms step_avg:37.54ms
step:124/1285 train_time:4655ms step_avg:37.54ms
step:125/1285 train_time:4688ms step_avg:37.50ms
step:126/1285 train_time:4724ms step_avg:37.49ms
step:127/1285 train_time:4758ms step_avg:37.46ms
step:128/1285 train_time:4793ms step_avg:37.44ms
step:129/1285 train_time:4825ms step_avg:37.41ms
step:130/1285 train_time:4864ms step_avg:37.41ms
step:131/1285 train_time:4895ms step_avg:37.37ms
step:132/1285 train_time:4933ms step_avg:37.37ms
step:133/1285 train_time:4965ms step_avg:37.33ms
step:134/1285 train_time:5000ms step_avg:37.31ms
step:135/1285 train_time:5030ms step_avg:37.26ms
step:136/1285 train_time:5069ms step_avg:37.27ms
step:137/1285 train_time:5101ms step_avg:37.23ms
step:138/1285 train_time:5132ms step_avg:37.19ms
step:139/1285 train_time:5166ms step_avg:37.17ms
step:140/1285 train_time:5204ms step_avg:37.17ms
step:141/1285 train_time:5237ms step_avg:37.14ms
step:142/1285 train_time:5275ms step_avg:37.15ms
step:143/1285 train_time:5305ms step_avg:37.10ms
step:144/1285 train_time:5339ms step_avg:37.08ms
step:145/1285 train_time:5372ms step_avg:37.05ms
step:146/1285 train_time:5408ms step_avg:37.04ms
step:147/1285 train_time:5439ms step_avg:37.00ms
step:148/1285 train_time:5476ms step_avg:37.00ms
step:149/1285 train_time:5511ms step_avg:36.99ms
step:150/1285 train_time:5551ms step_avg:37.00ms
step:151/1285 train_time:5585ms step_avg:36.99ms
step:152/1285 train_time:5624ms step_avg:37.00ms
step:153/1285 train_time:5655ms step_avg:36.96ms
step:154/1285 train_time:5692ms step_avg:36.96ms
step:155/1285 train_time:5723ms step_avg:36.93ms
step:156/1285 train_time:5759ms step_avg:36.91ms
step:157/1285 train_time:5789ms step_avg:36.87ms
step:158/1285 train_time:5826ms step_avg:36.87ms
step:159/1285 train_time:5859ms step_avg:36.85ms
step:160/1285 train_time:5896ms step_avg:36.85ms
step:161/1285 train_time:5930ms step_avg:36.83ms
step:162/1285 train_time:5968ms step_avg:36.84ms
step:163/1285 train_time:6003ms step_avg:36.83ms
step:164/1285 train_time:6040ms step_avg:36.83ms
step:165/1285 train_time:6074ms step_avg:36.81ms
step:166/1285 train_time:6109ms step_avg:36.80ms
step:167/1285 train_time:6142ms step_avg:36.78ms
step:168/1285 train_time:6178ms step_avg:36.78ms
step:169/1285 train_time:6211ms step_avg:36.75ms
step:170/1285 train_time:6245ms step_avg:36.74ms
step:171/1285 train_time:6280ms step_avg:36.73ms
step:172/1285 train_time:6318ms step_avg:36.73ms
step:173/1285 train_time:6351ms step_avg:36.71ms
step:174/1285 train_time:6389ms step_avg:36.72ms
step:175/1285 train_time:6421ms step_avg:36.69ms
step:176/1285 train_time:6458ms step_avg:36.69ms
step:177/1285 train_time:6491ms step_avg:36.67ms
step:178/1285 train_time:6524ms step_avg:36.65ms
step:179/1285 train_time:6555ms step_avg:36.62ms
step:180/1285 train_time:6591ms step_avg:36.62ms
step:181/1285 train_time:6623ms step_avg:36.59ms
step:182/1285 train_time:6659ms step_avg:36.59ms
step:183/1285 train_time:6691ms step_avg:36.56ms
step:184/1285 train_time:6728ms step_avg:36.56ms
step:185/1285 train_time:6763ms step_avg:36.56ms
step:186/1285 train_time:6800ms step_avg:36.56ms
step:187/1285 train_time:6832ms step_avg:36.54ms
step:188/1285 train_time:6867ms step_avg:36.53ms
step:189/1285 train_time:6897ms step_avg:36.49ms
step:190/1285 train_time:6933ms step_avg:36.49ms
step:191/1285 train_time:6967ms step_avg:36.48ms
step:192/1285 train_time:7005ms step_avg:36.48ms
step:193/1285 train_time:7043ms step_avg:36.49ms
step:194/1285 train_time:7076ms step_avg:36.48ms
step:195/1285 train_time:7109ms step_avg:36.46ms
step:196/1285 train_time:7148ms step_avg:36.47ms
step:197/1285 train_time:7179ms step_avg:36.44ms
step:198/1285 train_time:7215ms step_avg:36.44ms
step:199/1285 train_time:7249ms step_avg:36.43ms
step:200/1285 train_time:7286ms step_avg:36.43ms
step:201/1285 train_time:7318ms step_avg:36.41ms
step:202/1285 train_time:7355ms step_avg:36.41ms
step:203/1285 train_time:7389ms step_avg:36.40ms
step:204/1285 train_time:7425ms step_avg:36.40ms
step:205/1285 train_time:7457ms step_avg:36.38ms
step:206/1285 train_time:7499ms step_avg:36.40ms
step:207/1285 train_time:7533ms step_avg:36.39ms
step:208/1285 train_time:7571ms step_avg:36.40ms
step:209/1285 train_time:7603ms step_avg:36.38ms
step:210/1285 train_time:7641ms step_avg:36.39ms
step:211/1285 train_time:7675ms step_avg:36.37ms
step:212/1285 train_time:7711ms step_avg:36.37ms
step:213/1285 train_time:7744ms step_avg:36.36ms
step:214/1285 train_time:7781ms step_avg:36.36ms
step:215/1285 train_time:7813ms step_avg:36.34ms
step:216/1285 train_time:7849ms step_avg:36.34ms
step:217/1285 train_time:7882ms step_avg:36.32ms
step:218/1285 train_time:7918ms step_avg:36.32ms
step:219/1285 train_time:7952ms step_avg:36.31ms
step:220/1285 train_time:7989ms step_avg:36.32ms
step:221/1285 train_time:8021ms step_avg:36.29ms
step:222/1285 train_time:8058ms step_avg:36.30ms
step:223/1285 train_time:8090ms step_avg:36.28ms
step:224/1285 train_time:8127ms step_avg:36.28ms
step:225/1285 train_time:8161ms step_avg:36.27ms
step:226/1285 train_time:8199ms step_avg:36.28ms
step:227/1285 train_time:8232ms step_avg:36.26ms
step:228/1285 train_time:8269ms step_avg:36.27ms
step:229/1285 train_time:8301ms step_avg:36.25ms
step:230/1285 train_time:8338ms step_avg:36.25ms
step:231/1285 train_time:8371ms step_avg:36.24ms
step:232/1285 train_time:8407ms step_avg:36.24ms
step:233/1285 train_time:8438ms step_avg:36.22ms
step:234/1285 train_time:8475ms step_avg:36.22ms
step:235/1285 train_time:8509ms step_avg:36.21ms
step:236/1285 train_time:8546ms step_avg:36.21ms
step:237/1285 train_time:8577ms step_avg:36.19ms
step:238/1285 train_time:8617ms step_avg:36.21ms
step:239/1285 train_time:8650ms step_avg:36.19ms
step:240/1285 train_time:8689ms step_avg:36.21ms
step:241/1285 train_time:8723ms step_avg:36.19ms
step:242/1285 train_time:8756ms step_avg:36.18ms
step:243/1285 train_time:8788ms step_avg:36.17ms
step:244/1285 train_time:8826ms step_avg:36.17ms
step:245/1285 train_time:8858ms step_avg:36.15ms
step:246/1285 train_time:8896ms step_avg:36.16ms
step:247/1285 train_time:8930ms step_avg:36.15ms
step:248/1285 train_time:8966ms step_avg:36.15ms
step:249/1285 train_time:8997ms step_avg:36.13ms
step:250/1285 train_time:9034ms step_avg:36.14ms
step:250/1285 val_loss:4.50827169 train_time:9041ms step_avg:36.16ms
step:251/1285 train_time:9079ms step_avg:36.17ms
step:252/1285 train_time:9117ms step_avg:36.18ms
step:253/1285 train_time:9148ms step_avg:36.16ms
step:254/1285 train_time:9186ms step_avg:36.16ms
step:255/1285 train_time:9220ms step_avg:36.16ms
step:256/1285 train_time:9258ms step_avg:36.16ms
step:257/1285 train_time:9290ms step_avg:36.15ms
step:258/1285 train_time:9325ms step_avg:36.14ms
step:259/1285 train_time:9357ms step_avg:36.13ms
step:260/1285 train_time:9394ms step_avg:36.13ms
step:261/1285 train_time:9426ms step_avg:36.12ms
step:262/1285 train_time:9462ms step_avg:36.11ms
step:263/1285 train_time:9494ms step_avg:36.10ms
step:264/1285 train_time:9530ms step_avg:36.10ms
step:265/1285 train_time:9564ms step_avg:36.09ms
step:266/1285 train_time:9601ms step_avg:36.09ms
step:267/1285 train_time:9634ms step_avg:36.08ms
step:268/1285 train_time:9670ms step_avg:36.08ms
step:269/1285 train_time:9704ms step_avg:36.07ms
step:270/1285 train_time:9739ms step_avg:36.07ms
step:271/1285 train_time:9772ms step_avg:36.06ms
step:272/1285 train_time:9808ms step_avg:36.06ms
step:273/1285 train_time:9842ms step_avg:36.05ms
step:274/1285 train_time:9878ms step_avg:36.05ms
step:275/1285 train_time:9913ms step_avg:36.05ms
step:276/1285 train_time:9953ms step_avg:36.06ms
step:277/1285 train_time:9989ms step_avg:36.06ms
step:278/1285 train_time:10027ms step_avg:36.07ms
step:279/1285 train_time:10062ms step_avg:36.06ms
step:280/1285 train_time:10105ms step_avg:36.09ms
step:281/1285 train_time:10138ms step_avg:36.08ms
step:282/1285 train_time:10174ms step_avg:36.08ms
step:283/1285 train_time:10206ms step_avg:36.06ms
step:284/1285 train_time:10241ms step_avg:36.06ms
step:285/1285 train_time:10274ms step_avg:36.05ms
step:286/1285 train_time:10311ms step_avg:36.05ms
step:287/1285 train_time:10343ms step_avg:36.04ms
step:288/1285 train_time:10379ms step_avg:36.04ms
step:289/1285 train_time:10411ms step_avg:36.02ms
step:290/1285 train_time:10447ms step_avg:36.02ms
step:291/1285 train_time:10479ms step_avg:36.01ms
step:292/1285 train_time:10514ms step_avg:36.01ms
step:293/1285 train_time:10548ms step_avg:36.00ms
step:294/1285 train_time:10583ms step_avg:36.00ms
step:295/1285 train_time:10615ms step_avg:35.98ms
step:296/1285 train_time:10650ms step_avg:35.98ms
step:297/1285 train_time:10682ms step_avg:35.97ms
step:298/1285 train_time:10720ms step_avg:35.97ms
step:299/1285 train_time:10751ms step_avg:35.96ms
step:300/1285 train_time:10787ms step_avg:35.96ms
step:301/1285 train_time:10818ms step_avg:35.94ms
step:302/1285 train_time:10852ms step_avg:35.93ms
step:303/1285 train_time:10885ms step_avg:35.92ms
step:304/1285 train_time:10921ms step_avg:35.92ms
step:305/1285 train_time:10952ms step_avg:35.91ms
step:306/1285 train_time:10989ms step_avg:35.91ms
step:307/1285 train_time:11020ms step_avg:35.90ms
step:308/1285 train_time:11055ms step_avg:35.89ms
step:309/1285 train_time:11089ms step_avg:35.89ms
step:310/1285 train_time:11126ms step_avg:35.89ms
step:311/1285 train_time:11158ms step_avg:35.88ms
step:312/1285 train_time:11191ms step_avg:35.87ms
step:313/1285 train_time:11222ms step_avg:35.85ms
step:314/1285 train_time:11259ms step_avg:35.86ms
step:315/1285 train_time:11292ms step_avg:35.85ms
step:316/1285 train_time:11328ms step_avg:35.85ms
step:317/1285 train_time:11363ms step_avg:35.84ms
step:318/1285 train_time:11399ms step_avg:35.85ms
step:319/1285 train_time:11429ms step_avg:35.83ms
step:320/1285 train_time:11463ms step_avg:35.82ms
step:321/1285 train_time:11496ms step_avg:35.81ms
step:322/1285 train_time:11531ms step_avg:35.81ms
step:323/1285 train_time:11564ms step_avg:35.80ms
step:324/1285 train_time:11599ms step_avg:35.80ms
step:325/1285 train_time:11631ms step_avg:35.79ms
step:326/1285 train_time:11668ms step_avg:35.79ms
step:327/1285 train_time:11703ms step_avg:35.79ms
step:328/1285 train_time:11740ms step_avg:35.79ms
step:329/1285 train_time:11771ms step_avg:35.78ms
step:330/1285 train_time:11807ms step_avg:35.78ms
step:331/1285 train_time:11840ms step_avg:35.77ms
step:332/1285 train_time:11874ms step_avg:35.76ms
step:333/1285 train_time:11906ms step_avg:35.75ms
step:334/1285 train_time:11944ms step_avg:35.76ms
step:335/1285 train_time:11976ms step_avg:35.75ms
step:336/1285 train_time:12013ms step_avg:35.75ms
step:337/1285 train_time:12048ms step_avg:35.75ms
step:338/1285 train_time:12088ms step_avg:35.76ms
step:339/1285 train_time:12122ms step_avg:35.76ms
step:340/1285 train_time:12159ms step_avg:35.76ms
step:341/1285 train_time:12191ms step_avg:35.75ms
step:342/1285 train_time:12228ms step_avg:35.75ms
step:343/1285 train_time:12261ms step_avg:35.75ms
step:344/1285 train_time:12298ms step_avg:35.75ms
step:345/1285 train_time:12332ms step_avg:35.75ms
step:346/1285 train_time:12372ms step_avg:35.76ms
step:347/1285 train_time:12404ms step_avg:35.75ms
step:348/1285 train_time:12443ms step_avg:35.76ms
step:349/1285 train_time:12477ms step_avg:35.75ms
step:350/1285 train_time:12517ms step_avg:35.76ms
step:351/1285 train_time:12550ms step_avg:35.76ms
step:352/1285 train_time:12588ms step_avg:35.76ms
step:353/1285 train_time:12622ms step_avg:35.76ms
step:354/1285 train_time:12660ms step_avg:35.76ms
step:355/1285 train_time:12695ms step_avg:35.76ms
step:356/1285 train_time:12732ms step_avg:35.76ms
step:357/1285 train_time:12763ms step_avg:35.75ms
step:358/1285 train_time:12800ms step_avg:35.76ms
step:359/1285 train_time:12831ms step_avg:35.74ms
step:360/1285 train_time:12868ms step_avg:35.75ms
step:361/1285 train_time:12901ms step_avg:35.74ms
step:362/1285 train_time:12942ms step_avg:35.75ms
step:363/1285 train_time:12974ms step_avg:35.74ms
step:364/1285 train_time:13012ms step_avg:35.75ms
step:365/1285 train_time:13042ms step_avg:35.73ms
step:366/1285 train_time:13079ms step_avg:35.73ms
step:367/1285 train_time:13111ms step_avg:35.72ms
step:368/1285 train_time:13147ms step_avg:35.72ms
step:369/1285 train_time:13179ms step_avg:35.72ms
step:370/1285 train_time:13217ms step_avg:35.72ms
step:371/1285 train_time:13248ms step_avg:35.71ms
step:372/1285 train_time:13284ms step_avg:35.71ms
step:373/1285 train_time:13316ms step_avg:35.70ms
step:374/1285 train_time:13353ms step_avg:35.70ms
step:375/1285 train_time:13385ms step_avg:35.69ms
step:376/1285 train_time:13419ms step_avg:35.69ms
step:377/1285 train_time:13453ms step_avg:35.68ms
step:378/1285 train_time:13488ms step_avg:35.68ms
step:379/1285 train_time:13520ms step_avg:35.67ms
step:380/1285 train_time:13556ms step_avg:35.67ms
step:381/1285 train_time:13590ms step_avg:35.67ms
step:382/1285 train_time:13626ms step_avg:35.67ms
step:383/1285 train_time:13656ms step_avg:35.65ms
step:384/1285 train_time:13691ms step_avg:35.65ms
step:385/1285 train_time:13724ms step_avg:35.65ms
step:386/1285 train_time:13757ms step_avg:35.64ms
step:387/1285 train_time:13791ms step_avg:35.64ms
step:388/1285 train_time:13827ms step_avg:35.64ms
step:389/1285 train_time:13859ms step_avg:35.63ms
step:390/1285 train_time:13895ms step_avg:35.63ms
step:391/1285 train_time:13926ms step_avg:35.62ms
step:392/1285 train_time:13964ms step_avg:35.62ms
step:393/1285 train_time:13997ms step_avg:35.61ms
step:394/1285 train_time:14034ms step_avg:35.62ms
step:395/1285 train_time:14068ms step_avg:35.61ms
step:396/1285 train_time:14104ms step_avg:35.62ms
step:397/1285 train_time:14134ms step_avg:35.60ms
step:398/1285 train_time:14171ms step_avg:35.61ms
step:399/1285 train_time:14203ms step_avg:35.60ms
step:400/1285 train_time:14240ms step_avg:35.60ms
step:401/1285 train_time:14272ms step_avg:35.59ms
step:402/1285 train_time:14311ms step_avg:35.60ms
step:403/1285 train_time:14345ms step_avg:35.60ms
step:404/1285 train_time:14383ms step_avg:35.60ms
step:405/1285 train_time:14416ms step_avg:35.60ms
step:406/1285 train_time:14453ms step_avg:35.60ms
step:407/1285 train_time:14486ms step_avg:35.59ms
step:408/1285 train_time:14525ms step_avg:35.60ms
step:409/1285 train_time:14556ms step_avg:35.59ms
step:410/1285 train_time:14594ms step_avg:35.60ms
step:411/1285 train_time:14625ms step_avg:35.58ms
step:412/1285 train_time:14661ms step_avg:35.59ms
step:413/1285 train_time:14694ms step_avg:35.58ms
step:414/1285 train_time:14730ms step_avg:35.58ms
step:415/1285 train_time:14760ms step_avg:35.57ms
step:416/1285 train_time:14795ms step_avg:35.56ms
step:417/1285 train_time:14827ms step_avg:35.56ms
step:418/1285 train_time:14862ms step_avg:35.56ms
step:419/1285 train_time:14895ms step_avg:35.55ms
step:420/1285 train_time:14935ms step_avg:35.56ms
step:421/1285 train_time:14967ms step_avg:35.55ms
step:422/1285 train_time:15002ms step_avg:35.55ms
step:423/1285 train_time:15036ms step_avg:35.54ms
step:424/1285 train_time:15077ms step_avg:35.56ms
step:425/1285 train_time:15113ms step_avg:35.56ms
step:426/1285 train_time:15157ms step_avg:35.58ms
step:427/1285 train_time:15209ms step_avg:35.62ms
step:428/1285 train_time:15270ms step_avg:35.68ms
step:429/1285 train_time:15323ms step_avg:35.72ms
step:430/1285 train_time:15384ms step_avg:35.78ms
step:431/1285 train_time:15436ms step_avg:35.82ms
step:432/1285 train_time:15499ms step_avg:35.88ms
step:433/1285 train_time:15551ms step_avg:35.91ms
step:434/1285 train_time:15613ms step_avg:35.98ms
step:435/1285 train_time:15667ms step_avg:36.02ms
step:436/1285 train_time:15729ms step_avg:36.08ms
step:437/1285 train_time:15782ms step_avg:36.12ms
step:438/1285 train_time:15845ms step_avg:36.18ms
step:439/1285 train_time:15900ms step_avg:36.22ms
step:440/1285 train_time:15962ms step_avg:36.28ms
step:441/1285 train_time:16015ms step_avg:36.32ms
step:442/1285 train_time:16077ms step_avg:36.37ms
step:443/1285 train_time:16130ms step_avg:36.41ms
step:444/1285 train_time:16193ms step_avg:36.47ms
step:445/1285 train_time:16245ms step_avg:36.51ms
step:446/1285 train_time:16307ms step_avg:36.56ms
step:447/1285 train_time:16359ms step_avg:36.60ms
step:448/1285 train_time:16421ms step_avg:36.65ms
step:449/1285 train_time:16473ms step_avg:36.69ms
step:450/1285 train_time:16535ms step_avg:36.74ms
step:451/1285 train_time:16589ms step_avg:36.78ms
step:452/1285 train_time:16651ms step_avg:36.84ms
step:453/1285 train_time:16705ms step_avg:36.88ms
step:454/1285 train_time:16767ms step_avg:36.93ms
step:455/1285 train_time:16820ms step_avg:36.97ms
step:456/1285 train_time:16883ms step_avg:37.02ms
step:457/1285 train_time:16936ms step_avg:37.06ms
step:458/1285 train_time:16999ms step_avg:37.12ms
step:459/1285 train_time:17051ms step_avg:37.15ms
step:460/1285 train_time:17113ms step_avg:37.20ms
step:461/1285 train_time:17166ms step_avg:37.24ms
step:462/1285 train_time:17227ms step_avg:37.29ms
step:463/1285 train_time:17280ms step_avg:37.32ms
step:464/1285 train_time:17342ms step_avg:37.37ms
step:465/1285 train_time:17395ms step_avg:37.41ms
step:466/1285 train_time:17457ms step_avg:37.46ms
step:467/1285 train_time:17509ms step_avg:37.49ms
step:468/1285 train_time:17571ms step_avg:37.54ms
step:469/1285 train_time:17624ms step_avg:37.58ms
step:470/1285 train_time:17686ms step_avg:37.63ms
step:471/1285 train_time:17740ms step_avg:37.66ms
step:472/1285 train_time:17803ms step_avg:37.72ms
step:473/1285 train_time:17854ms step_avg:37.75ms
step:474/1285 train_time:17917ms step_avg:37.80ms
step:475/1285 train_time:17971ms step_avg:37.83ms
step:476/1285 train_time:18033ms step_avg:37.88ms
step:477/1285 train_time:18149ms step_avg:38.05ms
step:478/1285 train_time:18194ms step_avg:38.06ms
step:479/1285 train_time:18236ms step_avg:38.07ms
step:480/1285 train_time:18282ms step_avg:38.09ms
step:481/1285 train_time:18330ms step_avg:38.11ms
step:482/1285 train_time:18392ms step_avg:38.16ms
step:483/1285 train_time:18444ms step_avg:38.19ms
step:484/1285 train_time:18507ms step_avg:38.24ms
step:485/1285 train_time:18558ms step_avg:38.26ms
step:486/1285 train_time:18620ms step_avg:38.31ms
step:487/1285 train_time:18674ms step_avg:38.34ms
step:488/1285 train_time:18736ms step_avg:38.39ms
step:489/1285 train_time:18790ms step_avg:38.42ms
step:490/1285 train_time:18853ms step_avg:38.47ms
step:491/1285 train_time:18906ms step_avg:38.51ms
step:492/1285 train_time:18968ms step_avg:38.55ms
step:493/1285 train_time:19022ms step_avg:38.58ms
step:494/1285 train_time:19085ms step_avg:38.63ms
step:495/1285 train_time:19138ms step_avg:38.66ms
step:496/1285 train_time:19203ms step_avg:38.72ms
step:497/1285 train_time:19253ms step_avg:38.74ms
step:498/1285 train_time:19315ms step_avg:38.79ms
step:499/1285 train_time:19368ms step_avg:38.81ms
step:500/1285 train_time:19430ms step_avg:38.86ms
step:500/1285 val_loss:4.14468002 train_time:19490ms step_avg:38.98ms
step:501/1285 train_time:19528ms step_avg:38.98ms
step:502/1285 train_time:19565ms step_avg:38.97ms
step:503/1285 train_time:19612ms step_avg:38.99ms
step:504/1285 train_time:19674ms step_avg:39.04ms
step:505/1285 train_time:19727ms step_avg:39.06ms
step:506/1285 train_time:19789ms step_avg:39.11ms
step:507/1285 train_time:19842ms step_avg:39.14ms
step:508/1285 train_time:19904ms step_avg:39.18ms
step:509/1285 train_time:19956ms step_avg:39.21ms
step:510/1285 train_time:20017ms step_avg:39.25ms
step:511/1285 train_time:20070ms step_avg:39.28ms
step:512/1285 train_time:20132ms step_avg:39.32ms
step:513/1285 train_time:20184ms step_avg:39.34ms
step:514/1285 train_time:20245ms step_avg:39.39ms
step:515/1285 train_time:20297ms step_avg:39.41ms
step:516/1285 train_time:20359ms step_avg:39.46ms
step:517/1285 train_time:20411ms step_avg:39.48ms
step:518/1285 train_time:20475ms step_avg:39.53ms
step:519/1285 train_time:20530ms step_avg:39.56ms
step:520/1285 train_time:20594ms step_avg:39.60ms
step:521/1285 train_time:20647ms step_avg:39.63ms
step:522/1285 train_time:20710ms step_avg:39.67ms
step:523/1285 train_time:20763ms step_avg:39.70ms
step:524/1285 train_time:20824ms step_avg:39.74ms
step:525/1285 train_time:20878ms step_avg:39.77ms
step:526/1285 train_time:20940ms step_avg:39.81ms
step:527/1285 train_time:20992ms step_avg:39.83ms
step:528/1285 train_time:21054ms step_avg:39.87ms
step:529/1285 train_time:21105ms step_avg:39.90ms
step:530/1285 train_time:21167ms step_avg:39.94ms
step:531/1285 train_time:21219ms step_avg:39.96ms
step:532/1285 train_time:21280ms step_avg:40.00ms
step:533/1285 train_time:21332ms step_avg:40.02ms
step:534/1285 train_time:21395ms step_avg:40.07ms
step:535/1285 train_time:21447ms step_avg:40.09ms
step:536/1285 train_time:21509ms step_avg:40.13ms
step:537/1285 train_time:21563ms step_avg:40.15ms
step:538/1285 train_time:21625ms step_avg:40.20ms
step:539/1285 train_time:21680ms step_avg:40.22ms
step:540/1285 train_time:21742ms step_avg:40.26ms
step:541/1285 train_time:21794ms step_avg:40.29ms
step:542/1285 train_time:21856ms step_avg:40.33ms
step:543/1285 train_time:21910ms step_avg:40.35ms
step:544/1285 train_time:21972ms step_avg:40.39ms
step:545/1285 train_time:22024ms step_avg:40.41ms
step:546/1285 train_time:22086ms step_avg:40.45ms
step:547/1285 train_time:22138ms step_avg:40.47ms
step:548/1285 train_time:22200ms step_avg:40.51ms
step:549/1285 train_time:22251ms step_avg:40.53ms
step:550/1285 train_time:22313ms step_avg:40.57ms
step:551/1285 train_time:22366ms step_avg:40.59ms
step:552/1285 train_time:22428ms step_avg:40.63ms
step:553/1285 train_time:22480ms step_avg:40.65ms
step:554/1285 train_time:22543ms step_avg:40.69ms
step:555/1285 train_time:22596ms step_avg:40.71ms
step:556/1285 train_time:22658ms step_avg:40.75ms
step:557/1285 train_time:22711ms step_avg:40.77ms
step:558/1285 train_time:22773ms step_avg:40.81ms
step:559/1285 train_time:22825ms step_avg:40.83ms
step:560/1285 train_time:22888ms step_avg:40.87ms
step:561/1285 train_time:22941ms step_avg:40.89ms
step:562/1285 train_time:23003ms step_avg:40.93ms
step:563/1285 train_time:23056ms step_avg:40.95ms
step:564/1285 train_time:23118ms step_avg:40.99ms
step:565/1285 train_time:23170ms step_avg:41.01ms
step:566/1285 train_time:23232ms step_avg:41.05ms
step:567/1285 train_time:23284ms step_avg:41.07ms
step:568/1285 train_time:23347ms step_avg:41.10ms
step:569/1285 train_time:23398ms step_avg:41.12ms
step:570/1285 train_time:23460ms step_avg:41.16ms
step:571/1285 train_time:23513ms step_avg:41.18ms
step:572/1285 train_time:23575ms step_avg:41.22ms
step:573/1285 train_time:23628ms step_avg:41.24ms
step:574/1285 train_time:23692ms step_avg:41.28ms
step:575/1285 train_time:23744ms step_avg:41.29ms
step:576/1285 train_time:23806ms step_avg:41.33ms
step:577/1285 train_time:23859ms step_avg:41.35ms
step:578/1285 train_time:23921ms step_avg:41.39ms
step:579/1285 train_time:23974ms step_avg:41.41ms
step:580/1285 train_time:24036ms step_avg:41.44ms
step:581/1285 train_time:24089ms step_avg:41.46ms
step:582/1285 train_time:24151ms step_avg:41.50ms
step:583/1285 train_time:24203ms step_avg:41.52ms
step:584/1285 train_time:24265ms step_avg:41.55ms
step:585/1285 train_time:24317ms step_avg:41.57ms
step:586/1285 train_time:24379ms step_avg:41.60ms
step:587/1285 train_time:24432ms step_avg:41.62ms
step:588/1285 train_time:24494ms step_avg:41.66ms
step:589/1285 train_time:24546ms step_avg:41.67ms
step:590/1285 train_time:24608ms step_avg:41.71ms
step:591/1285 train_time:24660ms step_avg:41.73ms
step:592/1285 train_time:24723ms step_avg:41.76ms
step:593/1285 train_time:24777ms step_avg:41.78ms
step:594/1285 train_time:24840ms step_avg:41.82ms
step:595/1285 train_time:24892ms step_avg:41.84ms
step:596/1285 train_time:24955ms step_avg:41.87ms
step:597/1285 train_time:25007ms step_avg:41.89ms
step:598/1285 train_time:25069ms step_avg:41.92ms
step:599/1285 train_time:25122ms step_avg:41.94ms
step:600/1285 train_time:25185ms step_avg:41.98ms
step:601/1285 train_time:25237ms step_avg:41.99ms
step:602/1285 train_time:25299ms step_avg:42.03ms
step:603/1285 train_time:25351ms step_avg:42.04ms
step:604/1285 train_time:25413ms step_avg:42.07ms
step:605/1285 train_time:25466ms step_avg:42.09ms
step:606/1285 train_time:25527ms step_avg:42.12ms
step:607/1285 train_time:25580ms step_avg:42.14ms
step:608/1285 train_time:25642ms step_avg:42.18ms
step:609/1285 train_time:25695ms step_avg:42.19ms
step:610/1285 train_time:25757ms step_avg:42.22ms
step:611/1285 train_time:25811ms step_avg:42.24ms
step:612/1285 train_time:25872ms step_avg:42.28ms
step:613/1285 train_time:25925ms step_avg:42.29ms
step:614/1285 train_time:25988ms step_avg:42.33ms
step:615/1285 train_time:26040ms step_avg:42.34ms
step:616/1285 train_time:26103ms step_avg:42.37ms
step:617/1285 train_time:26155ms step_avg:42.39ms
step:618/1285 train_time:26216ms step_avg:42.42ms
step:619/1285 train_time:26269ms step_avg:42.44ms
step:620/1285 train_time:26331ms step_avg:42.47ms
step:621/1285 train_time:26383ms step_avg:42.48ms
step:622/1285 train_time:26445ms step_avg:42.52ms
step:623/1285 train_time:26499ms step_avg:42.53ms
step:624/1285 train_time:26560ms step_avg:42.56ms
step:625/1285 train_time:26614ms step_avg:42.58ms
step:626/1285 train_time:26675ms step_avg:42.61ms
step:627/1285 train_time:26728ms step_avg:42.63ms
step:628/1285 train_time:26790ms step_avg:42.66ms
step:629/1285 train_time:26842ms step_avg:42.67ms
step:630/1285 train_time:26907ms step_avg:42.71ms
step:631/1285 train_time:26958ms step_avg:42.72ms
step:632/1285 train_time:27020ms step_avg:42.75ms
step:633/1285 train_time:27073ms step_avg:42.77ms
step:634/1285 train_time:27135ms step_avg:42.80ms
step:635/1285 train_time:27188ms step_avg:42.82ms
step:636/1285 train_time:27250ms step_avg:42.85ms
step:637/1285 train_time:27302ms step_avg:42.86ms
step:638/1285 train_time:27363ms step_avg:42.89ms
step:639/1285 train_time:27417ms step_avg:42.91ms
step:640/1285 train_time:27478ms step_avg:42.93ms
step:641/1285 train_time:27531ms step_avg:42.95ms
step:642/1285 train_time:27593ms step_avg:42.98ms
step:643/1285 train_time:27646ms step_avg:42.99ms
step:644/1285 train_time:27708ms step_avg:43.02ms
step:645/1285 train_time:27760ms step_avg:43.04ms
step:646/1285 train_time:27822ms step_avg:43.07ms
step:647/1285 train_time:27874ms step_avg:43.08ms
step:648/1285 train_time:27936ms step_avg:43.11ms
step:649/1285 train_time:27988ms step_avg:43.13ms
step:650/1285 train_time:28051ms step_avg:43.15ms
step:651/1285 train_time:28104ms step_avg:43.17ms
step:652/1285 train_time:28166ms step_avg:43.20ms
step:653/1285 train_time:28219ms step_avg:43.21ms
step:654/1285 train_time:28281ms step_avg:43.24ms
step:655/1285 train_time:28334ms step_avg:43.26ms
step:656/1285 train_time:28395ms step_avg:43.29ms
step:657/1285 train_time:28449ms step_avg:43.30ms
step:658/1285 train_time:28511ms step_avg:43.33ms
step:659/1285 train_time:28562ms step_avg:43.34ms
step:660/1285 train_time:28625ms step_avg:43.37ms
step:661/1285 train_time:28678ms step_avg:43.39ms
step:662/1285 train_time:28740ms step_avg:43.41ms
step:663/1285 train_time:28793ms step_avg:43.43ms
step:664/1285 train_time:28855ms step_avg:43.46ms
step:665/1285 train_time:28907ms step_avg:43.47ms
step:666/1285 train_time:28969ms step_avg:43.50ms
step:667/1285 train_time:29021ms step_avg:43.51ms
step:668/1285 train_time:29084ms step_avg:43.54ms
step:669/1285 train_time:29137ms step_avg:43.55ms
step:670/1285 train_time:29199ms step_avg:43.58ms
step:671/1285 train_time:29251ms step_avg:43.59ms
step:672/1285 train_time:29313ms step_avg:43.62ms
step:673/1285 train_time:29365ms step_avg:43.63ms
step:674/1285 train_time:29427ms step_avg:43.66ms
step:675/1285 train_time:29479ms step_avg:43.67ms
step:676/1285 train_time:29541ms step_avg:43.70ms
step:677/1285 train_time:29594ms step_avg:43.71ms
step:678/1285 train_time:29656ms step_avg:43.74ms
step:679/1285 train_time:29709ms step_avg:43.75ms
step:680/1285 train_time:29772ms step_avg:43.78ms
step:681/1285 train_time:29824ms step_avg:43.79ms
step:682/1285 train_time:29886ms step_avg:43.82ms
step:683/1285 train_time:29939ms step_avg:43.83ms
step:684/1285 train_time:30001ms step_avg:43.86ms
step:685/1285 train_time:30053ms step_avg:43.87ms
step:686/1285 train_time:30115ms step_avg:43.90ms
step:687/1285 train_time:30166ms step_avg:43.91ms
step:688/1285 train_time:30229ms step_avg:43.94ms
step:689/1285 train_time:30281ms step_avg:43.95ms
step:690/1285 train_time:30344ms step_avg:43.98ms
step:691/1285 train_time:30397ms step_avg:43.99ms
step:692/1285 train_time:30459ms step_avg:44.02ms
step:693/1285 train_time:30510ms step_avg:44.03ms
step:694/1285 train_time:30572ms step_avg:44.05ms
step:695/1285 train_time:30624ms step_avg:44.06ms
step:696/1285 train_time:30687ms step_avg:44.09ms
step:697/1285 train_time:30740ms step_avg:44.10ms
step:698/1285 train_time:30802ms step_avg:44.13ms
step:699/1285 train_time:30854ms step_avg:44.14ms
step:700/1285 train_time:30916ms step_avg:44.17ms
step:701/1285 train_time:30969ms step_avg:44.18ms
step:702/1285 train_time:31032ms step_avg:44.20ms
step:703/1285 train_time:31083ms step_avg:44.22ms
step:704/1285 train_time:31146ms step_avg:44.24ms
step:705/1285 train_time:31198ms step_avg:44.25ms
step:706/1285 train_time:31260ms step_avg:44.28ms
step:707/1285 train_time:31312ms step_avg:44.29ms
step:708/1285 train_time:31375ms step_avg:44.31ms
step:709/1285 train_time:31426ms step_avg:44.33ms
step:710/1285 train_time:31488ms step_avg:44.35ms
step:711/1285 train_time:31541ms step_avg:44.36ms
step:712/1285 train_time:31603ms step_avg:44.39ms
step:713/1285 train_time:31656ms step_avg:44.40ms
step:714/1285 train_time:31718ms step_avg:44.42ms
step:715/1285 train_time:31771ms step_avg:44.43ms
step:716/1285 train_time:31833ms step_avg:44.46ms
step:717/1285 train_time:31885ms step_avg:44.47ms
step:718/1285 train_time:31948ms step_avg:44.50ms
step:719/1285 train_time:32000ms step_avg:44.51ms
step:720/1285 train_time:32063ms step_avg:44.53ms
step:721/1285 train_time:32114ms step_avg:44.54ms
step:722/1285 train_time:32176ms step_avg:44.56ms
step:723/1285 train_time:32228ms step_avg:44.57ms
step:724/1285 train_time:32290ms step_avg:44.60ms
step:725/1285 train_time:32342ms step_avg:44.61ms
step:726/1285 train_time:32404ms step_avg:44.63ms
step:727/1285 train_time:32457ms step_avg:44.64ms
step:728/1285 train_time:32519ms step_avg:44.67ms
step:729/1285 train_time:32571ms step_avg:44.68ms
step:730/1285 train_time:32634ms step_avg:44.70ms
step:731/1285 train_time:32686ms step_avg:44.71ms
step:732/1285 train_time:32749ms step_avg:44.74ms
step:733/1285 train_time:32801ms step_avg:44.75ms
step:734/1285 train_time:32864ms step_avg:44.77ms
step:735/1285 train_time:32917ms step_avg:44.79ms
step:736/1285 train_time:32979ms step_avg:44.81ms
step:737/1285 train_time:33032ms step_avg:44.82ms
step:738/1285 train_time:33094ms step_avg:44.84ms
step:739/1285 train_time:33146ms step_avg:44.85ms
step:740/1285 train_time:33207ms step_avg:44.87ms
step:741/1285 train_time:33259ms step_avg:44.88ms
step:742/1285 train_time:33322ms step_avg:44.91ms
step:743/1285 train_time:33374ms step_avg:44.92ms
step:744/1285 train_time:33435ms step_avg:44.94ms
step:745/1285 train_time:33487ms step_avg:44.95ms
step:746/1285 train_time:33550ms step_avg:44.97ms
step:747/1285 train_time:33602ms step_avg:44.98ms
step:748/1285 train_time:33664ms step_avg:45.01ms
step:749/1285 train_time:33717ms step_avg:45.02ms
step:750/1285 train_time:33778ms step_avg:45.04ms
step:750/1285 val_loss:3.68117094 train_time:33839ms step_avg:45.12ms
step:751/1285 train_time:33878ms step_avg:45.11ms
step:752/1285 train_time:33919ms step_avg:45.11ms
step:753/1285 train_time:33957ms step_avg:45.10ms
step:754/1285 train_time:34020ms step_avg:45.12ms
step:755/1285 train_time:34072ms step_avg:45.13ms
step:756/1285 train_time:34136ms step_avg:45.15ms
step:757/1285 train_time:34187ms step_avg:45.16ms
step:758/1285 train_time:34248ms step_avg:45.18ms
step:759/1285 train_time:34301ms step_avg:45.19ms
step:760/1285 train_time:34361ms step_avg:45.21ms
step:761/1285 train_time:34414ms step_avg:45.22ms
step:762/1285 train_time:34475ms step_avg:45.24ms
step:763/1285 train_time:34526ms step_avg:45.25ms
step:764/1285 train_time:34587ms step_avg:45.27ms
step:765/1285 train_time:34641ms step_avg:45.28ms
step:766/1285 train_time:34701ms step_avg:45.30ms
step:767/1285 train_time:34754ms step_avg:45.31ms
step:768/1285 train_time:34816ms step_avg:45.33ms
step:769/1285 train_time:34871ms step_avg:45.35ms
step:770/1285 train_time:34935ms step_avg:45.37ms
step:771/1285 train_time:34988ms step_avg:45.38ms
step:772/1285 train_time:35050ms step_avg:45.40ms
step:773/1285 train_time:35103ms step_avg:45.41ms
step:774/1285 train_time:35165ms step_avg:45.43ms
step:775/1285 train_time:35218ms step_avg:45.44ms
step:776/1285 train_time:35279ms step_avg:45.46ms
step:777/1285 train_time:35332ms step_avg:45.47ms
step:778/1285 train_time:35394ms step_avg:45.49ms
step:779/1285 train_time:35445ms step_avg:45.50ms
step:780/1285 train_time:35506ms step_avg:45.52ms
step:781/1285 train_time:35559ms step_avg:45.53ms
step:782/1285 train_time:35620ms step_avg:45.55ms
step:783/1285 train_time:35673ms step_avg:45.56ms
step:784/1285 train_time:35734ms step_avg:45.58ms
step:785/1285 train_time:35786ms step_avg:45.59ms
step:786/1285 train_time:35849ms step_avg:45.61ms
step:787/1285 train_time:35902ms step_avg:45.62ms
step:788/1285 train_time:35965ms step_avg:45.64ms
step:789/1285 train_time:36018ms step_avg:45.65ms
step:790/1285 train_time:36080ms step_avg:45.67ms
step:791/1285 train_time:36133ms step_avg:45.68ms
step:792/1285 train_time:36195ms step_avg:45.70ms
step:793/1285 train_time:36247ms step_avg:45.71ms
step:794/1285 train_time:36432ms step_avg:45.88ms
step:795/1285 train_time:36471ms step_avg:45.88ms
step:796/1285 train_time:36517ms step_avg:45.88ms
step:797/1285 train_time:36557ms step_avg:45.87ms
step:798/1285 train_time:36619ms step_avg:45.89ms
step:799/1285 train_time:36669ms step_avg:45.89ms
step:800/1285 train_time:36730ms step_avg:45.91ms
step:801/1285 train_time:36782ms step_avg:45.92ms
step:802/1285 train_time:36843ms step_avg:45.94ms
step:803/1285 train_time:36895ms step_avg:45.95ms
step:804/1285 train_time:36956ms step_avg:45.97ms
step:805/1285 train_time:37007ms step_avg:45.97ms
step:806/1285 train_time:37069ms step_avg:45.99ms
step:807/1285 train_time:37121ms step_avg:46.00ms
step:808/1285 train_time:37182ms step_avg:46.02ms
step:809/1285 train_time:37235ms step_avg:46.03ms
step:810/1285 train_time:37299ms step_avg:46.05ms
step:811/1285 train_time:37356ms step_avg:46.06ms
step:812/1285 train_time:37419ms step_avg:46.08ms
step:813/1285 train_time:37473ms step_avg:46.09ms
step:814/1285 train_time:37534ms step_avg:46.11ms
step:815/1285 train_time:37587ms step_avg:46.12ms
step:816/1285 train_time:37649ms step_avg:46.14ms
step:817/1285 train_time:37700ms step_avg:46.14ms
step:818/1285 train_time:37762ms step_avg:46.16ms
step:819/1285 train_time:37814ms step_avg:46.17ms
step:820/1285 train_time:37876ms step_avg:46.19ms
step:821/1285 train_time:37928ms step_avg:46.20ms
step:822/1285 train_time:37988ms step_avg:46.21ms
step:823/1285 train_time:38041ms step_avg:46.22ms
step:824/1285 train_time:38102ms step_avg:46.24ms
step:825/1285 train_time:38153ms step_avg:46.25ms
step:826/1285 train_time:38215ms step_avg:46.26ms
step:827/1285 train_time:38267ms step_avg:46.27ms
step:828/1285 train_time:38331ms step_avg:46.29ms
step:829/1285 train_time:38384ms step_avg:46.30ms
step:830/1285 train_time:38447ms step_avg:46.32ms
step:831/1285 train_time:38501ms step_avg:46.33ms
step:832/1285 train_time:38564ms step_avg:46.35ms
step:833/1285 train_time:38617ms step_avg:46.36ms
step:834/1285 train_time:38677ms step_avg:46.38ms
step:835/1285 train_time:38730ms step_avg:46.38ms
step:836/1285 train_time:38792ms step_avg:46.40ms
step:837/1285 train_time:38844ms step_avg:46.41ms
step:838/1285 train_time:38906ms step_avg:46.43ms
step:839/1285 train_time:38958ms step_avg:46.43ms
step:840/1285 train_time:39019ms step_avg:46.45ms
step:841/1285 train_time:39072ms step_avg:46.46ms
step:842/1285 train_time:39133ms step_avg:46.48ms
step:843/1285 train_time:39185ms step_avg:46.48ms
step:844/1285 train_time:39247ms step_avg:46.50ms
step:845/1285 train_time:39301ms step_avg:46.51ms
step:846/1285 train_time:39364ms step_avg:46.53ms
step:847/1285 train_time:39417ms step_avg:46.54ms
step:848/1285 train_time:39481ms step_avg:46.56ms
step:849/1285 train_time:39562ms step_avg:46.60ms
step:850/1285 train_time:39649ms step_avg:46.65ms
step:851/1285 train_time:39727ms step_avg:46.68ms
step:852/1285 train_time:39814ms step_avg:46.73ms
step:853/1285 train_time:39892ms step_avg:46.77ms
step:854/1285 train_time:39979ms step_avg:46.81ms
step:855/1285 train_time:40056ms step_avg:46.85ms
step:856/1285 train_time:40143ms step_avg:46.90ms
step:857/1285 train_time:40220ms step_avg:46.93ms
step:858/1285 train_time:40309ms step_avg:46.98ms
step:859/1285 train_time:40388ms step_avg:47.02ms
step:860/1285 train_time:40476ms step_avg:47.07ms
step:861/1285 train_time:40553ms step_avg:47.10ms
step:862/1285 train_time:40642ms step_avg:47.15ms
step:863/1285 train_time:40718ms step_avg:47.18ms
step:864/1285 train_time:40806ms step_avg:47.23ms
step:865/1285 train_time:40885ms step_avg:47.27ms
step:866/1285 train_time:40973ms step_avg:47.31ms
step:867/1285 train_time:41051ms step_avg:47.35ms
step:868/1285 train_time:41139ms step_avg:47.40ms
step:869/1285 train_time:41216ms step_avg:47.43ms
step:870/1285 train_time:41303ms step_avg:47.47ms
step:871/1285 train_time:41382ms step_avg:47.51ms
step:872/1285 train_time:41470ms step_avg:47.56ms
step:873/1285 train_time:41549ms step_avg:47.59ms
step:874/1285 train_time:41638ms step_avg:47.64ms
step:875/1285 train_time:41715ms step_avg:47.67ms
step:876/1285 train_time:41801ms step_avg:47.72ms
step:877/1285 train_time:41879ms step_avg:47.75ms
step:878/1285 train_time:41967ms step_avg:47.80ms
step:879/1285 train_time:42048ms step_avg:47.84ms
step:880/1285 train_time:42135ms step_avg:47.88ms
step:881/1285 train_time:42212ms step_avg:47.91ms
step:882/1285 train_time:42299ms step_avg:47.96ms
step:883/1285 train_time:42378ms step_avg:47.99ms
step:884/1285 train_time:42464ms step_avg:48.04ms
step:885/1285 train_time:42543ms step_avg:48.07ms
step:886/1285 train_time:42633ms step_avg:48.12ms
step:887/1285 train_time:42710ms step_avg:48.15ms
step:888/1285 train_time:42798ms step_avg:48.20ms
step:889/1285 train_time:42876ms step_avg:48.23ms
step:890/1285 train_time:42962ms step_avg:48.27ms
step:891/1285 train_time:43040ms step_avg:48.31ms
step:892/1285 train_time:43128ms step_avg:48.35ms
step:893/1285 train_time:43206ms step_avg:48.38ms
step:894/1285 train_time:43294ms step_avg:48.43ms
step:895/1285 train_time:43372ms step_avg:48.46ms
step:896/1285 train_time:43459ms step_avg:48.50ms
step:897/1285 train_time:43537ms step_avg:48.54ms
step:898/1285 train_time:43625ms step_avg:48.58ms
step:899/1285 train_time:43704ms step_avg:48.61ms
step:900/1285 train_time:43792ms step_avg:48.66ms
step:901/1285 train_time:43870ms step_avg:48.69ms
step:902/1285 train_time:43958ms step_avg:48.73ms
step:903/1285 train_time:44035ms step_avg:48.77ms
step:904/1285 train_time:44120ms step_avg:48.81ms
step:905/1285 train_time:44199ms step_avg:48.84ms
step:906/1285 train_time:44288ms step_avg:48.88ms
step:907/1285 train_time:44367ms step_avg:48.92ms
step:908/1285 train_time:44455ms step_avg:48.96ms
step:909/1285 train_time:44532ms step_avg:48.99ms
step:910/1285 train_time:44619ms step_avg:49.03ms
step:911/1285 train_time:44696ms step_avg:49.06ms
step:912/1285 train_time:44785ms step_avg:49.11ms
step:913/1285 train_time:44864ms step_avg:49.14ms
step:914/1285 train_time:44952ms step_avg:49.18ms
step:915/1285 train_time:45030ms step_avg:49.21ms
step:916/1285 train_time:45117ms step_avg:49.25ms
step:917/1285 train_time:45194ms step_avg:49.28ms
step:918/1285 train_time:45283ms step_avg:49.33ms
step:919/1285 train_time:45359ms step_avg:49.36ms
step:920/1285 train_time:45448ms step_avg:49.40ms
step:921/1285 train_time:45527ms step_avg:49.43ms
step:922/1285 train_time:45614ms step_avg:49.47ms
step:923/1285 train_time:45692ms step_avg:49.50ms
step:924/1285 train_time:45779ms step_avg:49.54ms
step:925/1285 train_time:45857ms step_avg:49.57ms
step:926/1285 train_time:45945ms step_avg:49.62ms
step:927/1285 train_time:46024ms step_avg:49.65ms
step:928/1285 train_time:46112ms step_avg:49.69ms
step:929/1285 train_time:46190ms step_avg:49.72ms
step:930/1285 train_time:46277ms step_avg:49.76ms
step:931/1285 train_time:46355ms step_avg:49.79ms
step:932/1285 train_time:46442ms step_avg:49.83ms
step:933/1285 train_time:46519ms step_avg:49.86ms
step:934/1285 train_time:46608ms step_avg:49.90ms
step:935/1285 train_time:46687ms step_avg:49.93ms
step:936/1285 train_time:46775ms step_avg:49.97ms
step:937/1285 train_time:46853ms step_avg:50.00ms
step:938/1285 train_time:46940ms step_avg:50.04ms
step:939/1285 train_time:47017ms step_avg:50.07ms
step:940/1285 train_time:47105ms step_avg:50.11ms
step:941/1285 train_time:47186ms step_avg:50.14ms
step:942/1285 train_time:47274ms step_avg:50.19ms
step:943/1285 train_time:47352ms step_avg:50.21ms
step:944/1285 train_time:47440ms step_avg:50.25ms
step:945/1285 train_time:47517ms step_avg:50.28ms
step:946/1285 train_time:47604ms step_avg:50.32ms
step:947/1285 train_time:47684ms step_avg:50.35ms
step:948/1285 train_time:47772ms step_avg:50.39ms
step:949/1285 train_time:47851ms step_avg:50.42ms
step:950/1285 train_time:47939ms step_avg:50.46ms
step:951/1285 train_time:48015ms step_avg:50.49ms
step:952/1285 train_time:48102ms step_avg:50.53ms
step:953/1285 train_time:48182ms step_avg:50.56ms
step:954/1285 train_time:48270ms step_avg:50.60ms
step:955/1285 train_time:48349ms step_avg:50.63ms
step:956/1285 train_time:48437ms step_avg:50.67ms
step:957/1285 train_time:48514ms step_avg:50.69ms
step:958/1285 train_time:48601ms step_avg:50.73ms
step:959/1285 train_time:48679ms step_avg:50.76ms
step:960/1285 train_time:48768ms step_avg:50.80ms
step:961/1285 train_time:48846ms step_avg:50.83ms
step:962/1285 train_time:48934ms step_avg:50.87ms
step:963/1285 train_time:49012ms step_avg:50.89ms
step:964/1285 train_time:49099ms step_avg:50.93ms
step:965/1285 train_time:49177ms step_avg:50.96ms
step:966/1285 train_time:49264ms step_avg:51.00ms
step:967/1285 train_time:49344ms step_avg:51.03ms
step:968/1285 train_time:49431ms step_avg:51.07ms
step:969/1285 train_time:49508ms step_avg:51.09ms
step:970/1285 train_time:49596ms step_avg:51.13ms
step:971/1285 train_time:49674ms step_avg:51.16ms
step:972/1285 train_time:49761ms step_avg:51.19ms
step:973/1285 train_time:49839ms step_avg:51.22ms
step:974/1285 train_time:49927ms step_avg:51.26ms
step:975/1285 train_time:50005ms step_avg:51.29ms
step:976/1285 train_time:50093ms step_avg:51.32ms
step:977/1285 train_time:50171ms step_avg:51.35ms
step:978/1285 train_time:50258ms step_avg:51.39ms
step:979/1285 train_time:50341ms step_avg:51.42ms
step:980/1285 train_time:50423ms step_avg:51.45ms
step:981/1285 train_time:50500ms step_avg:51.48ms
step:982/1285 train_time:50589ms step_avg:51.52ms
step:983/1285 train_time:50667ms step_avg:51.54ms
step:984/1285 train_time:50755ms step_avg:51.58ms
step:985/1285 train_time:50833ms step_avg:51.61ms
step:986/1285 train_time:50919ms step_avg:51.64ms
step:987/1285 train_time:50996ms step_avg:51.67ms
step:988/1285 train_time:51084ms step_avg:51.70ms
step:989/1285 train_time:51163ms step_avg:51.73ms
step:990/1285 train_time:51251ms step_avg:51.77ms
step:991/1285 train_time:51330ms step_avg:51.80ms
step:992/1285 train_time:51416ms step_avg:51.83ms
step:993/1285 train_time:51495ms step_avg:51.86ms
step:994/1285 train_time:51581ms step_avg:51.89ms
step:995/1285 train_time:51659ms step_avg:51.92ms
step:996/1285 train_time:51747ms step_avg:51.95ms
step:997/1285 train_time:51825ms step_avg:51.98ms
step:998/1285 train_time:51912ms step_avg:52.02ms
step:999/1285 train_time:51990ms step_avg:52.04ms
step:1000/1285 train_time:52078ms step_avg:52.08ms
step:1000/1285 val_loss:3.41552424 train_time:52165ms step_avg:52.17ms
step:1001/1285 train_time:52207ms step_avg:52.15ms
step:1002/1285 train_time:52248ms step_avg:52.14ms
step:1003/1285 train_time:52325ms step_avg:52.17ms
step:1004/1285 train_time:52419ms step_avg:52.21ms
step:1005/1285 train_time:52499ms step_avg:52.24ms
step:1006/1285 train_time:52587ms step_avg:52.27ms
step:1007/1285 train_time:52664ms step_avg:52.30ms
step:1008/1285 train_time:52749ms step_avg:52.33ms
step:1009/1285 train_time:52826ms step_avg:52.35ms
step:1010/1285 train_time:52912ms step_avg:52.39ms
step:1011/1285 train_time:52989ms step_avg:52.41ms
step:1012/1285 train_time:53078ms step_avg:52.45ms
step:1013/1285 train_time:53162ms step_avg:52.48ms
step:1014/1285 train_time:53249ms step_avg:52.51ms
step:1015/1285 train_time:53327ms step_avg:52.54ms
step:1016/1285 train_time:53416ms step_avg:52.58ms
step:1017/1285 train_time:53496ms step_avg:52.60ms
step:1018/1285 train_time:53584ms step_avg:52.64ms
step:1019/1285 train_time:53661ms step_avg:52.66ms
step:1020/1285 train_time:53749ms step_avg:52.70ms
step:1021/1285 train_time:53825ms step_avg:52.72ms
step:1022/1285 train_time:53912ms step_avg:52.75ms
step:1023/1285 train_time:53988ms step_avg:52.77ms
step:1024/1285 train_time:54078ms step_avg:52.81ms
step:1025/1285 train_time:54157ms step_avg:52.84ms
step:1026/1285 train_time:54322ms step_avg:52.95ms
step:1027/1285 train_time:54396ms step_avg:52.97ms
step:1028/1285 train_time:54517ms step_avg:53.03ms
step:1029/1285 train_time:54594ms step_avg:53.06ms
step:1030/1285 train_time:54681ms step_avg:53.09ms
step:1031/1285 train_time:54757ms step_avg:53.11ms
step:1032/1285 train_time:54844ms step_avg:53.14ms
step:1033/1285 train_time:54920ms step_avg:53.17ms
step:1034/1285 train_time:55006ms step_avg:53.20ms
step:1035/1285 train_time:55083ms step_avg:53.22ms
step:1036/1285 train_time:55169ms step_avg:53.25ms
step:1037/1285 train_time:55245ms step_avg:53.27ms
step:1038/1285 train_time:55337ms step_avg:53.31ms
step:1039/1285 train_time:55423ms step_avg:53.34ms
step:1040/1285 train_time:55509ms step_avg:53.37ms
step:1041/1285 train_time:55588ms step_avg:53.40ms
step:1042/1285 train_time:55674ms step_avg:53.43ms
step:1043/1285 train_time:55753ms step_avg:53.45ms
step:1044/1285 train_time:55841ms step_avg:53.49ms
step:1045/1285 train_time:55917ms step_avg:53.51ms
step:1046/1285 train_time:56004ms step_avg:53.54ms
step:1047/1285 train_time:56081ms step_avg:53.56ms
step:1048/1285 train_time:56168ms step_avg:53.60ms
step:1049/1285 train_time:56246ms step_avg:53.62ms
step:1050/1285 train_time:56333ms step_avg:53.65ms
step:1051/1285 train_time:56415ms step_avg:53.68ms
step:1052/1285 train_time:56503ms step_avg:53.71ms
step:1053/1285 train_time:56582ms step_avg:53.73ms
step:1054/1285 train_time:56669ms step_avg:53.77ms
step:1055/1285 train_time:56746ms step_avg:53.79ms
step:1056/1285 train_time:56833ms step_avg:53.82ms
step:1057/1285 train_time:56911ms step_avg:53.84ms
step:1058/1285 train_time:57001ms step_avg:53.88ms
step:1059/1285 train_time:57078ms step_avg:53.90ms
step:1060/1285 train_time:57166ms step_avg:53.93ms
step:1061/1285 train_time:57242ms step_avg:53.95ms
step:1062/1285 train_time:57329ms step_avg:53.98ms
step:1063/1285 train_time:57408ms step_avg:54.01ms
step:1064/1285 train_time:57498ms step_avg:54.04ms
step:1065/1285 train_time:57577ms step_avg:54.06ms
step:1066/1285 train_time:57666ms step_avg:54.10ms
step:1067/1285 train_time:57743ms step_avg:54.12ms
step:1068/1285 train_time:57828ms step_avg:54.15ms
step:1069/1285 train_time:57905ms step_avg:54.17ms
step:1070/1285 train_time:57994ms step_avg:54.20ms
step:1071/1285 train_time:58070ms step_avg:54.22ms
step:1072/1285 train_time:58159ms step_avg:54.25ms
step:1073/1285 train_time:58236ms step_avg:54.27ms
step:1074/1285 train_time:58325ms step_avg:54.31ms
step:1075/1285 train_time:58403ms step_avg:54.33ms
step:1076/1285 train_time:58490ms step_avg:54.36ms
step:1077/1285 train_time:58568ms step_avg:54.38ms
step:1078/1285 train_time:58656ms step_avg:54.41ms
step:1079/1285 train_time:58736ms step_avg:54.44ms
step:1080/1285 train_time:58823ms step_avg:54.47ms
step:1081/1285 train_time:58901ms step_avg:54.49ms
step:1082/1285 train_time:58988ms step_avg:54.52ms
step:1083/1285 train_time:59066ms step_avg:54.54ms
step:1084/1285 train_time:59153ms step_avg:54.57ms
step:1085/1285 train_time:59228ms step_avg:54.59ms
step:1086/1285 train_time:59317ms step_avg:54.62ms
step:1087/1285 train_time:59396ms step_avg:54.64ms
step:1088/1285 train_time:59484ms step_avg:54.67ms
step:1089/1285 train_time:59562ms step_avg:54.69ms
step:1090/1285 train_time:59649ms step_avg:54.72ms
step:1091/1285 train_time:59726ms step_avg:54.74ms
step:1092/1285 train_time:59815ms step_avg:54.78ms
step:1093/1285 train_time:59893ms step_avg:54.80ms
step:1094/1285 train_time:59980ms step_avg:54.83ms
step:1095/1285 train_time:60058ms step_avg:54.85ms
step:1096/1285 train_time:60145ms step_avg:54.88ms
step:1097/1285 train_time:60222ms step_avg:54.90ms
step:1098/1285 train_time:60309ms step_avg:54.93ms
step:1099/1285 train_time:60387ms step_avg:54.95ms
step:1100/1285 train_time:60476ms step_avg:54.98ms
step:1101/1285 train_time:60554ms step_avg:55.00ms
step:1102/1285 train_time:60641ms step_avg:55.03ms
step:1103/1285 train_time:60720ms step_avg:55.05ms
step:1104/1285 train_time:60807ms step_avg:55.08ms
step:1105/1285 train_time:60885ms step_avg:55.10ms
step:1106/1285 train_time:60971ms step_avg:55.13ms
step:1107/1285 train_time:61048ms step_avg:55.15ms
step:1108/1285 train_time:61137ms step_avg:55.18ms
step:1109/1285 train_time:61216ms step_avg:55.20ms
step:1110/1285 train_time:61304ms step_avg:55.23ms
step:1111/1285 train_time:61382ms step_avg:55.25ms
step:1112/1285 train_time:61469ms step_avg:55.28ms
step:1113/1285 train_time:61546ms step_avg:55.30ms
step:1114/1285 train_time:61635ms step_avg:55.33ms
step:1115/1285 train_time:61713ms step_avg:55.35ms
step:1116/1285 train_time:61802ms step_avg:55.38ms
step:1117/1285 train_time:61880ms step_avg:55.40ms
step:1118/1285 train_time:61968ms step_avg:55.43ms
step:1119/1285 train_time:62045ms step_avg:55.45ms
step:1120/1285 train_time:62132ms step_avg:55.47ms
step:1121/1285 train_time:62209ms step_avg:55.49ms
step:1122/1285 train_time:62299ms step_avg:55.52ms
step:1123/1285 train_time:62377ms step_avg:55.54ms
step:1124/1285 train_time:62467ms step_avg:55.58ms
step:1125/1285 train_time:62543ms step_avg:55.59ms
step:1126/1285 train_time:62630ms step_avg:55.62ms
step:1127/1285 train_time:62707ms step_avg:55.64ms
step:1128/1285 train_time:62796ms step_avg:55.67ms
step:1129/1285 train_time:62875ms step_avg:55.69ms
step:1130/1285 train_time:62963ms step_avg:55.72ms
step:1131/1285 train_time:63040ms step_avg:55.74ms
step:1132/1285 train_time:63128ms step_avg:55.77ms
step:1133/1285 train_time:63205ms step_avg:55.79ms
step:1134/1285 train_time:63291ms step_avg:55.81ms
step:1135/1285 train_time:63370ms step_avg:55.83ms
step:1136/1285 train_time:63458ms step_avg:55.86ms
step:1137/1285 train_time:63537ms step_avg:55.88ms
step:1138/1285 train_time:63624ms step_avg:55.91ms
step:1139/1285 train_time:63702ms step_avg:55.93ms
step:1140/1285 train_time:63789ms step_avg:55.96ms
step:1141/1285 train_time:63866ms step_avg:55.97ms
step:1142/1285 train_time:63952ms step_avg:56.00ms
step:1143/1285 train_time:64031ms step_avg:56.02ms
step:1144/1285 train_time:64120ms step_avg:56.05ms
step:1145/1285 train_time:64198ms step_avg:56.07ms
step:1146/1285 train_time:64286ms step_avg:56.10ms
step:1147/1285 train_time:64363ms step_avg:56.11ms
step:1148/1285 train_time:64450ms step_avg:56.14ms
step:1149/1285 train_time:64528ms step_avg:56.16ms
step:1150/1285 train_time:64615ms step_avg:56.19ms
step:1151/1285 train_time:64696ms step_avg:56.21ms
step:1152/1285 train_time:64784ms step_avg:56.24ms
step:1153/1285 train_time:64862ms step_avg:56.25ms
step:1154/1285 train_time:64949ms step_avg:56.28ms
step:1155/1285 train_time:65026ms step_avg:56.30ms
step:1156/1285 train_time:65113ms step_avg:56.33ms
step:1157/1285 train_time:65191ms step_avg:56.35ms
step:1158/1285 train_time:65279ms step_avg:56.37ms
step:1159/1285 train_time:65359ms step_avg:56.39ms
step:1160/1285 train_time:65447ms step_avg:56.42ms
step:1161/1285 train_time:65523ms step_avg:56.44ms
step:1162/1285 train_time:65610ms step_avg:56.46ms
step:1163/1285 train_time:65687ms step_avg:56.48ms
step:1164/1285 train_time:65776ms step_avg:56.51ms
step:1165/1285 train_time:65855ms step_avg:56.53ms
step:1166/1285 train_time:65942ms step_avg:56.55ms
step:1167/1285 train_time:66020ms step_avg:56.57ms
step:1168/1285 train_time:66108ms step_avg:56.60ms
step:1169/1285 train_time:66184ms step_avg:56.62ms
step:1170/1285 train_time:66271ms step_avg:56.64ms
step:1171/1285 train_time:66348ms step_avg:56.66ms
step:1172/1285 train_time:66437ms step_avg:56.69ms
step:1173/1285 train_time:66516ms step_avg:56.71ms
step:1174/1285 train_time:66604ms step_avg:56.73ms
step:1175/1285 train_time:66682ms step_avg:56.75ms
step:1176/1285 train_time:66768ms step_avg:56.78ms
step:1177/1285 train_time:66846ms step_avg:56.79ms
step:1178/1285 train_time:66932ms step_avg:56.82ms
step:1179/1285 train_time:67011ms step_avg:56.84ms
step:1180/1285 train_time:67102ms step_avg:56.87ms
step:1181/1285 train_time:67180ms step_avg:56.88ms
step:1182/1285 train_time:67268ms step_avg:56.91ms
step:1183/1285 train_time:67345ms step_avg:56.93ms
step:1184/1285 train_time:67431ms step_avg:56.95ms
step:1185/1285 train_time:67508ms step_avg:56.97ms
step:1186/1285 train_time:67597ms step_avg:57.00ms
step:1187/1285 train_time:67676ms step_avg:57.01ms
step:1188/1285 train_time:67763ms step_avg:57.04ms
step:1189/1285 train_time:67841ms step_avg:57.06ms
step:1190/1285 train_time:67928ms step_avg:57.08ms
step:1191/1285 train_time:68006ms step_avg:57.10ms
step:1192/1285 train_time:68096ms step_avg:57.13ms
step:1193/1285 train_time:68175ms step_avg:57.15ms
step:1194/1285 train_time:68263ms step_avg:57.17ms
step:1195/1285 train_time:68339ms step_avg:57.19ms
step:1196/1285 train_time:68427ms step_avg:57.21ms
step:1197/1285 train_time:68505ms step_avg:57.23ms
step:1198/1285 train_time:68592ms step_avg:57.26ms
step:1199/1285 train_time:68669ms step_avg:57.27ms
step:1200/1285 train_time:68758ms step_avg:57.30ms
step:1201/1285 train_time:68835ms step_avg:57.32ms
step:1202/1285 train_time:68923ms step_avg:57.34ms
step:1203/1285 train_time:69001ms step_avg:57.36ms
step:1204/1285 train_time:69088ms step_avg:57.38ms
step:1205/1285 train_time:69167ms step_avg:57.40ms
step:1206/1285 train_time:69252ms step_avg:57.42ms
step:1207/1285 train_time:69331ms step_avg:57.44ms
step:1208/1285 train_time:69418ms step_avg:57.47ms
step:1209/1285 train_time:69497ms step_avg:57.48ms
step:1210/1285 train_time:69584ms step_avg:57.51ms
step:1211/1285 train_time:69663ms step_avg:57.52ms
step:1212/1285 train_time:69749ms step_avg:57.55ms
step:1213/1285 train_time:69827ms step_avg:57.57ms
step:1214/1285 train_time:69914ms step_avg:57.59ms
step:1215/1285 train_time:69994ms step_avg:57.61ms
step:1216/1285 train_time:70081ms step_avg:57.63ms
step:1217/1285 train_time:70159ms step_avg:57.65ms
step:1218/1285 train_time:70248ms step_avg:57.67ms
step:1219/1285 train_time:70324ms step_avg:57.69ms
step:1220/1285 train_time:70411ms step_avg:57.71ms
step:1221/1285 train_time:70487ms step_avg:57.73ms
step:1222/1285 train_time:70576ms step_avg:57.75ms
step:1223/1285 train_time:70655ms step_avg:57.77ms
step:1224/1285 train_time:70743ms step_avg:57.80ms
step:1225/1285 train_time:70821ms step_avg:57.81ms
step:1226/1285 train_time:70908ms step_avg:57.84ms
step:1227/1285 train_time:70985ms step_avg:57.85ms
step:1228/1285 train_time:71073ms step_avg:57.88ms
step:1229/1285 train_time:71152ms step_avg:57.89ms
step:1230/1285 train_time:71239ms step_avg:57.92ms
step:1231/1285 train_time:71318ms step_avg:57.93ms
step:1232/1285 train_time:71406ms step_avg:57.96ms
step:1233/1285 train_time:71483ms step_avg:57.97ms
step:1234/1285 train_time:71570ms step_avg:58.00ms
step:1235/1285 train_time:71647ms step_avg:58.01ms
step:1236/1285 train_time:71734ms step_avg:58.04ms
step:1237/1285 train_time:71815ms step_avg:58.06ms
step:1238/1285 train_time:71942ms step_avg:58.11ms
step:1239/1285 train_time:71983ms step_avg:58.10ms
step:1240/1285 train_time:72068ms step_avg:58.12ms
step:1241/1285 train_time:72145ms step_avg:58.13ms
step:1242/1285 train_time:72231ms step_avg:58.16ms
step:1243/1285 train_time:72309ms step_avg:58.17ms
step:1244/1285 train_time:72398ms step_avg:58.20ms
step:1245/1285 train_time:72478ms step_avg:58.22ms
step:1246/1285 train_time:72565ms step_avg:58.24ms
step:1247/1285 train_time:72642ms step_avg:58.25ms
step:1248/1285 train_time:72728ms step_avg:58.28ms
step:1249/1285 train_time:72805ms step_avg:58.29ms
step:1250/1285 train_time:72893ms step_avg:58.31ms
step:1250/1285 val_loss:3.29388690 train_time:72982ms step_avg:58.39ms
step:1251/1285 train_time:73020ms step_avg:58.37ms
step:1252/1285 train_time:73063ms step_avg:58.36ms
step:1253/1285 train_time:73143ms step_avg:58.37ms
step:1254/1285 train_time:73234ms step_avg:58.40ms
step:1255/1285 train_time:73313ms step_avg:58.42ms
step:1256/1285 train_time:73402ms step_avg:58.44ms
step:1257/1285 train_time:73477ms step_avg:58.45ms
step:1258/1285 train_time:73564ms step_avg:58.48ms
step:1259/1285 train_time:73641ms step_avg:58.49ms
step:1260/1285 train_time:73728ms step_avg:58.51ms
step:1261/1285 train_time:73804ms step_avg:58.53ms
step:1262/1285 train_time:73895ms step_avg:58.55ms
step:1263/1285 train_time:73977ms step_avg:58.57ms
step:1264/1285 train_time:74066ms step_avg:58.60ms
step:1265/1285 train_time:74146ms step_avg:58.61ms
step:1266/1285 train_time:74235ms step_avg:58.64ms
step:1267/1285 train_time:74313ms step_avg:58.65ms
step:1268/1285 train_time:74400ms step_avg:58.67ms
step:1269/1285 train_time:74476ms step_avg:58.69ms
step:1270/1285 train_time:74571ms step_avg:58.72ms
step:1271/1285 train_time:74642ms step_avg:58.73ms
step:1272/1285 train_time:74770ms step_avg:58.78ms
step:1273/1285 train_time:74866ms step_avg:58.81ms
step:1274/1285 train_time:74971ms step_avg:58.85ms
step:1275/1285 train_time:75061ms step_avg:58.87ms
step:1276/1285 train_time:75162ms step_avg:58.90ms
step:1277/1285 train_time:75218ms step_avg:58.90ms
step:1278/1285 train_time:75306ms step_avg:58.93ms
step:1279/1285 train_time:75383ms step_avg:58.94ms
step:1280/1285 train_time:75470ms step_avg:58.96ms
step:1281/1285 train_time:75546ms step_avg:58.97ms
step:1282/1285 train_time:75634ms step_avg:59.00ms
step:1283/1285 train_time:75710ms step_avg:59.01ms
step:1284/1285 train_time:75797ms step_avg:59.03ms
step:1285/1285 train_time:75875ms step_avg:59.05ms
step:1285/1285 val_loss:3.27826405 train_time:75964ms step_avg:59.12ms
peak memory allocated: 32105 MiB reserved: 39272 MiB
