HARNESS_TRAINING_ENV={"OMP_NUM_THREADS": "1", "MKL_NUM_THREADS": "1", "torch_num_threads": 1, "torch_num_interop_threads": 47}
[Gloo] Rank 0 is connected to 7 peer ranks. Expected number of connected peer ranks is : 7
[Gloo] Rank 1 is connected to 7 peer ranks. Expected number of connected peer ranks is : 7
[Gloo] Rank 6 is connected to 7 peer ranks. Expected number of connected peer ranks is : [Gloo] Rank 7
2 is connected to 7 peer ranks. Expected number of connected peer ranks is : 7
[Gloo] Rank 3 is connected to 7 peer ranks. Expected number of connected peer ranks is : 7
[Gloo] Rank 4 is connected to 7 peer ranks. Expected number of connected peer ranks is : 7
[Gloo] Rank 5 is connected to 7[Gloo] Rank 7 peer ranks. Expected number of connected peer ranks is :  is connected to 77
 peer ranks. Expected number of connected peer ranks is : 7
/workspace/train_gpt.py:1069: UserWarning: Skipping publisher trust check for 'kernels-community/flash-attn3' because Hugging Face Hub is in offline mode.
  flash_attn_interface = get_kernel('kernels-community/flash-attn3', version=1).flash_attn_interface
/workspace/train_gpt.py:1069: UserWarning: Skipping publisher trust check for 'kernels-community/flash-attn3' because Hugging Face Hub is in offline mode.
  flash_attn_interface = get_kernel('kernels-community/flash-attn3', version=1).flash_attn_interface
/workspace/train_gpt.py:1069: UserWarning: Skipping publisher trust check for 'kernels-community/flash-attn3' because Hugging Face Hub is in offline mode.
  flash_attn_interface = get_kernel('kernels-community/flash-attn3', version=1).flash_attn_interface
/workspace/train_gpt.py:1069: UserWarning: Skipping publisher trust check for 'kernels-community/flash-attn3' because Hugging Face Hub is in offline mode.
  flash_attn_interface = get_kernel('kernels-community/flash-attn3', version=1).flash_attn_interface
/workspace/train_gpt.py:1069: UserWarning: Skipping publisher trust check for 'kernels-community/flash-attn3' because Hugging Face Hub is in offline mode.
  flash_attn_interface = get_kernel('kernels-community/flash-attn3', version=1).flash_attn_interface
/workspace/train_gpt.py:1069: UserWarning: Skipping publisher trust check for 'kernels-community/flash-attn3' because Hugging Face Hub is in offline mode.
  flash_attn_interface = get_kernel('kernels-community/flash-attn3', version=1).flash_attn_interface
/workspace/train_gpt.py:1069: UserWarning: Skipping publisher trust check for 'kernels-community/flash-attn3' because Hugging Face Hub is in offline mode.
  flash_attn_interface = get_kernel('kernels-community/flash-attn3', version=1).flash_attn_interface
/workspace/train_gpt.py:1069: UserWarning: Skipping publisher trust check for 'kernels-community/flash-attn3' because Hugging Face Hub is in offline mode.
  flash_attn_interface = get_kernel('kernels-community/flash-attn3', version=1).flash_attn_interface
logs/0e0006a2-2eba-43d5-ac7e-ea11c72f17fb.txt
Compiling model and warming up kernels (~7 minutes on first execution)
Sampling steps [0, 1, 421, 422, 423, 424, 845, 846, 847, 848, 1268, 1269, 1270, 1271] for warmup
Resetting Model
step:0/1285 val_loss:10.83400440 train_time:60ms step_avg:60.48ms
step:1/1285 train_time:264ms step_avg:263.51ms
step:2/1285 train_time:310ms step_avg:155.13ms
step:3/1285 train_time:386ms step_avg:128.81ms
step:4/1285 train_time:429ms step_avg:107.15ms
step:5/1285 train_time:466ms step_avg:93.11ms
step:6/1285 train_time:508ms step_avg:84.64ms
step:7/1285 train_time:544ms step_avg:77.66ms
step:8/1285 train_time:585ms step_avg:73.08ms
step:9/1285 train_time:618ms step_avg:68.66ms
step:10/1285 train_time:656ms step_avg:65.63ms
step:11/1285 train_time:690ms step_avg:62.72ms
step:12/1285 train_time:728ms step_avg:60.67ms
step:13/1285 train_time:760ms step_avg:58.43ms
step:14/1285 train_time:796ms step_avg:56.86ms
step:15/1285 train_time:828ms step_avg:55.20ms
step:16/1285 train_time:865ms step_avg:54.07ms
step:17/1285 train_time:897ms step_avg:52.74ms
step:18/1285 train_time:934ms step_avg:51.91ms
step:19/1285 train_time:969ms step_avg:50.98ms
step:20/1285 train_time:1003ms step_avg:50.16ms
step:21/1285 train_time:1037ms step_avg:49.39ms
step:22/1285 train_time:1073ms step_avg:48.77ms
step:23/1285 train_time:1105ms step_avg:48.04ms
step:24/1285 train_time:1141ms step_avg:47.53ms
step:25/1285 train_time:1171ms step_avg:46.84ms
step:26/1285 train_time:1209ms step_avg:46.50ms
step:27/1285 train_time:1243ms step_avg:46.04ms
step:28/1285 train_time:1283ms step_avg:45.82ms
step:29/1285 train_time:1316ms step_avg:45.36ms
step:30/1285 train_time:1352ms step_avg:45.07ms
step:31/1285 train_time:1385ms step_avg:44.69ms
step:32/1285 train_time:1423ms step_avg:44.46ms
step:33/1285 train_time:1454ms step_avg:44.06ms
step:34/1285 train_time:1491ms step_avg:43.85ms
step:35/1285 train_time:1522ms step_avg:43.49ms
step:36/1285 train_time:1560ms step_avg:43.33ms
step:37/1285 train_time:1594ms step_avg:43.08ms
step:38/1285 train_time:1629ms step_avg:42.86ms
step:39/1285 train_time:1660ms step_avg:42.56ms
step:40/1285 train_time:1696ms step_avg:42.39ms
step:41/1285 train_time:1726ms step_avg:42.09ms
step:42/1285 train_time:1759ms step_avg:41.88ms
step:43/1285 train_time:1791ms step_avg:41.64ms
step:44/1285 train_time:1830ms step_avg:41.59ms
step:45/1285 train_time:1862ms step_avg:41.37ms
step:46/1285 train_time:1899ms step_avg:41.29ms
step:47/1285 train_time:1933ms step_avg:41.12ms
step:48/1285 train_time:1970ms step_avg:41.04ms
step:49/1285 train_time:2003ms step_avg:40.87ms
step:50/1285 train_time:2038ms step_avg:40.75ms
step:51/1285 train_time:2070ms step_avg:40.59ms
step:52/1285 train_time:2104ms step_avg:40.46ms
step:53/1285 train_time:2137ms step_avg:40.32ms
step:54/1285 train_time:2171ms step_avg:40.21ms
step:55/1285 train_time:2203ms step_avg:40.05ms
step:56/1285 train_time:2239ms step_avg:39.98ms
step:57/1285 train_time:2270ms step_avg:39.82ms
step:58/1285 train_time:2305ms step_avg:39.74ms
step:59/1285 train_time:2337ms step_avg:39.60ms
step:60/1285 train_time:2373ms step_avg:39.55ms
step:61/1285 train_time:2406ms step_avg:39.44ms
step:62/1285 train_time:2443ms step_avg:39.40ms
step:63/1285 train_time:2474ms step_avg:39.27ms
step:64/1285 train_time:2511ms step_avg:39.23ms
step:65/1285 train_time:2543ms step_avg:39.12ms
step:66/1285 train_time:2580ms step_avg:39.09ms
step:67/1285 train_time:2616ms step_avg:39.04ms
step:68/1285 train_time:2651ms step_avg:38.99ms
step:69/1285 train_time:2683ms step_avg:38.88ms
step:70/1285 train_time:2718ms step_avg:38.83ms
step:71/1285 train_time:2749ms step_avg:38.72ms
step:72/1285 train_time:2782ms step_avg:38.64ms
step:73/1285 train_time:2813ms step_avg:38.54ms
step:74/1285 train_time:2846ms step_avg:38.45ms
step:75/1285 train_time:2878ms step_avg:38.38ms
step:76/1285 train_time:2915ms step_avg:38.35ms
step:77/1285 train_time:2950ms step_avg:38.32ms
step:78/1285 train_time:2987ms step_avg:38.30ms
step:79/1285 train_time:3019ms step_avg:38.22ms
step:80/1285 train_time:3057ms step_avg:38.21ms
step:81/1285 train_time:3089ms step_avg:38.13ms
step:82/1285 train_time:3124ms step_avg:38.10ms
step:83/1285 train_time:3155ms step_avg:38.02ms
step:84/1285 train_time:3192ms step_avg:37.99ms
step:85/1285 train_time:3226ms step_avg:37.96ms
step:86/1285 train_time:3267ms step_avg:37.99ms
step:87/1285 train_time:3300ms step_avg:37.93ms
step:88/1285 train_time:3334ms step_avg:37.89ms
step:89/1285 train_time:3364ms step_avg:37.80ms
step:90/1285 train_time:3400ms step_avg:37.78ms
step:91/1285 train_time:3433ms step_avg:37.73ms
step:92/1285 train_time:3469ms step_avg:37.71ms
step:93/1285 train_time:3501ms step_avg:37.65ms
step:94/1285 train_time:3538ms step_avg:37.63ms
step:95/1285 train_time:3568ms step_avg:37.56ms
step:96/1285 train_time:3602ms step_avg:37.52ms
step:97/1285 train_time:3636ms step_avg:37.49ms
step:98/1285 train_time:3670ms step_avg:37.45ms
step:99/1285 train_time:3703ms step_avg:37.40ms
step:100/1285 train_time:3736ms step_avg:37.36ms
step:101/1285 train_time:3767ms step_avg:37.29ms
step:102/1285 train_time:3805ms step_avg:37.30ms
step:103/1285 train_time:3835ms step_avg:37.24ms
step:104/1285 train_time:3869ms step_avg:37.21ms
step:105/1285 train_time:3900ms step_avg:37.14ms
step:106/1285 train_time:3933ms step_avg:37.10ms
step:107/1285 train_time:3964ms step_avg:37.04ms
step:108/1285 train_time:3995ms step_avg:36.99ms
step:109/1285 train_time:4025ms step_avg:36.93ms
step:110/1285 train_time:4060ms step_avg:36.91ms
step:111/1285 train_time:4089ms step_avg:36.84ms
step:112/1285 train_time:4122ms step_avg:36.80ms
step:113/1285 train_time:4151ms step_avg:36.74ms
step:114/1285 train_time:4187ms step_avg:36.73ms
step:115/1285 train_time:4216ms step_avg:36.66ms
step:116/1285 train_time:4250ms step_avg:36.63ms
step:117/1285 train_time:4280ms step_avg:36.58ms
step:118/1285 train_time:4315ms step_avg:36.57ms
step:119/1285 train_time:4349ms step_avg:36.54ms
step:120/1285 train_time:4385ms step_avg:36.55ms
step:121/1285 train_time:4418ms step_avg:36.51ms
step:122/1285 train_time:4454ms step_avg:36.51ms
step:123/1285 train_time:4486ms step_avg:36.47ms
step:124/1285 train_time:4522ms step_avg:36.47ms
step:125/1285 train_time:4555ms step_avg:36.44ms
step:126/1285 train_time:4590ms step_avg:36.43ms
step:127/1285 train_time:4625ms step_avg:36.41ms
step:128/1285 train_time:4661ms step_avg:36.42ms
step:129/1285 train_time:4694ms step_avg:36.39ms
step:130/1285 train_time:4731ms step_avg:36.39ms
step:131/1285 train_time:4765ms step_avg:36.37ms
step:132/1285 train_time:4803ms step_avg:36.38ms
step:133/1285 train_time:4835ms step_avg:36.35ms
step:134/1285 train_time:4872ms step_avg:36.36ms
step:135/1285 train_time:4904ms step_avg:36.32ms
step:136/1285 train_time:4941ms step_avg:36.33ms
step:137/1285 train_time:4972ms step_avg:36.29ms
step:138/1285 train_time:5007ms step_avg:36.28ms
step:139/1285 train_time:5041ms step_avg:36.27ms
step:140/1285 train_time:5076ms step_avg:36.26ms
step:141/1285 train_time:5107ms step_avg:36.22ms
step:142/1285 train_time:5143ms step_avg:36.22ms
step:143/1285 train_time:5174ms step_avg:36.18ms
step:144/1285 train_time:5209ms step_avg:36.17ms
step:145/1285 train_time:5242ms step_avg:36.15ms
step:146/1285 train_time:5280ms step_avg:36.17ms
step:147/1285 train_time:5311ms step_avg:36.13ms
step:148/1285 train_time:5347ms step_avg:36.13ms
step:149/1285 train_time:5379ms step_avg:36.10ms
step:150/1285 train_time:5413ms step_avg:36.09ms
step:151/1285 train_time:5445ms step_avg:36.06ms
step:152/1285 train_time:5483ms step_avg:36.07ms
step:153/1285 train_time:5514ms step_avg:36.04ms
step:154/1285 train_time:5548ms step_avg:36.03ms
step:155/1285 train_time:5581ms step_avg:36.00ms
step:156/1285 train_time:5616ms step_avg:36.00ms
step:157/1285 train_time:5649ms step_avg:35.98ms
step:158/1285 train_time:5687ms step_avg:35.99ms
step:159/1285 train_time:5719ms step_avg:35.97ms
step:160/1285 train_time:5755ms step_avg:35.97ms
step:161/1285 train_time:5787ms step_avg:35.94ms
step:162/1285 train_time:5821ms step_avg:35.93ms
step:163/1285 train_time:5854ms step_avg:35.91ms
step:164/1285 train_time:5890ms step_avg:35.91ms
step:165/1285 train_time:5923ms step_avg:35.90ms
step:166/1285 train_time:5960ms step_avg:35.90ms
step:167/1285 train_time:5994ms step_avg:35.89ms
step:168/1285 train_time:6029ms step_avg:35.89ms
step:169/1285 train_time:6061ms step_avg:35.87ms
step:170/1285 train_time:6095ms step_avg:35.85ms
step:171/1285 train_time:6128ms step_avg:35.84ms
step:172/1285 train_time:6161ms step_avg:35.82ms
step:173/1285 train_time:6192ms step_avg:35.79ms
step:174/1285 train_time:6226ms step_avg:35.78ms
step:175/1285 train_time:6258ms step_avg:35.76ms
step:176/1285 train_time:6293ms step_avg:35.76ms
step:177/1285 train_time:6322ms step_avg:35.72ms
step:178/1285 train_time:6360ms step_avg:35.73ms
step:179/1285 train_time:6393ms step_avg:35.72ms
step:180/1285 train_time:6429ms step_avg:35.72ms
step:181/1285 train_time:6459ms step_avg:35.69ms
step:182/1285 train_time:6495ms step_avg:35.69ms
step:183/1285 train_time:6526ms step_avg:35.66ms
step:184/1285 train_time:6561ms step_avg:35.66ms
step:185/1285 train_time:6592ms step_avg:35.63ms
step:186/1285 train_time:6629ms step_avg:35.64ms
step:187/1285 train_time:6661ms step_avg:35.62ms
step:188/1285 train_time:6693ms step_avg:35.60ms
step:189/1285 train_time:6726ms step_avg:35.59ms
step:190/1285 train_time:6760ms step_avg:35.58ms
step:191/1285 train_time:6791ms step_avg:35.55ms
step:192/1285 train_time:6826ms step_avg:35.55ms
step:193/1285 train_time:6855ms step_avg:35.52ms
step:194/1285 train_time:6892ms step_avg:35.53ms
step:195/1285 train_time:6924ms step_avg:35.51ms
step:196/1285 train_time:6961ms step_avg:35.51ms
step:197/1285 train_time:6991ms step_avg:35.49ms
step:198/1285 train_time:7026ms step_avg:35.49ms
step:199/1285 train_time:7060ms step_avg:35.48ms
step:200/1285 train_time:7094ms step_avg:35.47ms
step:201/1285 train_time:7124ms step_avg:35.44ms
step:202/1285 train_time:7158ms step_avg:35.43ms
step:203/1285 train_time:7192ms step_avg:35.43ms
step:204/1285 train_time:7227ms step_avg:35.43ms
step:205/1285 train_time:7262ms step_avg:35.42ms
step:206/1285 train_time:7297ms step_avg:35.42ms
step:207/1285 train_time:7331ms step_avg:35.41ms
step:208/1285 train_time:7366ms step_avg:35.42ms
step:209/1285 train_time:7398ms step_avg:35.40ms
step:210/1285 train_time:7438ms step_avg:35.42ms
step:211/1285 train_time:7472ms step_avg:35.41ms
step:212/1285 train_time:7506ms step_avg:35.41ms
step:213/1285 train_time:7539ms step_avg:35.40ms
step:214/1285 train_time:7575ms step_avg:35.40ms
step:215/1285 train_time:7607ms step_avg:35.38ms
step:216/1285 train_time:7642ms step_avg:35.38ms
step:217/1285 train_time:7675ms step_avg:35.37ms
step:218/1285 train_time:7710ms step_avg:35.37ms
step:219/1285 train_time:7741ms step_avg:35.35ms
step:220/1285 train_time:7779ms step_avg:35.36ms
step:221/1285 train_time:7812ms step_avg:35.35ms
step:222/1285 train_time:7846ms step_avg:35.34ms
step:223/1285 train_time:7879ms step_avg:35.33ms
step:224/1285 train_time:7915ms step_avg:35.34ms
step:225/1285 train_time:7947ms step_avg:35.32ms
step:226/1285 train_time:7981ms step_avg:35.32ms
step:227/1285 train_time:8013ms step_avg:35.30ms
step:228/1285 train_time:8047ms step_avg:35.29ms
step:229/1285 train_time:8079ms step_avg:35.28ms
step:230/1285 train_time:8116ms step_avg:35.29ms
step:231/1285 train_time:8148ms step_avg:35.27ms
step:232/1285 train_time:8186ms step_avg:35.29ms
step:233/1285 train_time:8218ms step_avg:35.27ms
step:234/1285 train_time:8252ms step_avg:35.26ms
step:235/1285 train_time:8286ms step_avg:35.26ms
step:236/1285 train_time:8321ms step_avg:35.26ms
step:237/1285 train_time:8348ms step_avg:35.23ms
step:238/1285 train_time:8386ms step_avg:35.23ms
step:239/1285 train_time:8418ms step_avg:35.22ms
step:240/1285 train_time:8452ms step_avg:35.22ms
step:241/1285 train_time:8485ms step_avg:35.21ms
step:242/1285 train_time:8521ms step_avg:35.21ms
step:243/1285 train_time:8556ms step_avg:35.21ms
step:244/1285 train_time:8591ms step_avg:35.21ms
step:245/1285 train_time:8621ms step_avg:35.19ms
step:246/1285 train_time:8652ms step_avg:35.17ms
step:247/1285 train_time:8687ms step_avg:35.17ms
step:248/1285 train_time:8721ms step_avg:35.16ms
step:249/1285 train_time:8752ms step_avg:35.15ms
step:250/1285 train_time:8785ms step_avg:35.14ms
step:250/1285 val_loss:4.49726582 train_time:8794ms step_avg:35.18ms
step:251/1285 train_time:8830ms step_avg:35.18ms
step:252/1285 train_time:8867ms step_avg:35.19ms
step:253/1285 train_time:8898ms step_avg:35.17ms
step:254/1285 train_time:8936ms step_avg:35.18ms
step:255/1285 train_time:8972ms step_avg:35.18ms
step:256/1285 train_time:9005ms step_avg:35.18ms
step:257/1285 train_time:9035ms step_avg:35.16ms
step:258/1285 train_time:9073ms step_avg:35.17ms
step:259/1285 train_time:9107ms step_avg:35.16ms
step:260/1285 train_time:9140ms step_avg:35.16ms
step:261/1285 train_time:9173ms step_avg:35.15ms
step:262/1285 train_time:9208ms step_avg:35.15ms
step:263/1285 train_time:9241ms step_avg:35.14ms
step:264/1285 train_time:9274ms step_avg:35.13ms
step:265/1285 train_time:9303ms step_avg:35.11ms
step:266/1285 train_time:9339ms step_avg:35.11ms
step:267/1285 train_time:9370ms step_avg:35.10ms
step:268/1285 train_time:9406ms step_avg:35.10ms
step:269/1285 train_time:9438ms step_avg:35.08ms
step:270/1285 train_time:9473ms step_avg:35.08ms
step:271/1285 train_time:9505ms step_avg:35.07ms
step:272/1285 train_time:9538ms step_avg:35.06ms
step:273/1285 train_time:9569ms step_avg:35.05ms
step:274/1285 train_time:9607ms step_avg:35.06ms
step:275/1285 train_time:9638ms step_avg:35.05ms
step:276/1285 train_time:9675ms step_avg:35.05ms
step:277/1285 train_time:9709ms step_avg:35.05ms
step:278/1285 train_time:9745ms step_avg:35.05ms
step:279/1285 train_time:9777ms step_avg:35.04ms
step:280/1285 train_time:9814ms step_avg:35.05ms
step:281/1285 train_time:9846ms step_avg:35.04ms
step:282/1285 train_time:9880ms step_avg:35.04ms
step:283/1285 train_time:9910ms step_avg:35.02ms
step:284/1285 train_time:9944ms step_avg:35.01ms
step:285/1285 train_time:9975ms step_avg:35.00ms
step:286/1285 train_time:10013ms step_avg:35.01ms
step:287/1285 train_time:10047ms step_avg:35.01ms
step:288/1285 train_time:10083ms step_avg:35.01ms
step:289/1285 train_time:10114ms step_avg:35.00ms
step:290/1285 train_time:10146ms step_avg:34.98ms
step:291/1285 train_time:10180ms step_avg:34.98ms
step:292/1285 train_time:10215ms step_avg:34.98ms
step:293/1285 train_time:10247ms step_avg:34.97ms
step:294/1285 train_time:10282ms step_avg:34.97ms
step:295/1285 train_time:10312ms step_avg:34.96ms
step:296/1285 train_time:10348ms step_avg:34.96ms
step:297/1285 train_time:10380ms step_avg:34.95ms
step:298/1285 train_time:10417ms step_avg:34.96ms
step:299/1285 train_time:10447ms step_avg:34.94ms
step:300/1285 train_time:10483ms step_avg:34.94ms
step:301/1285 train_time:10514ms step_avg:34.93ms
step:302/1285 train_time:10550ms step_avg:34.93ms
step:303/1285 train_time:10584ms step_avg:34.93ms
step:304/1285 train_time:10619ms step_avg:34.93ms
step:305/1285 train_time:10653ms step_avg:34.93ms
step:306/1285 train_time:10689ms step_avg:34.93ms
step:307/1285 train_time:10720ms step_avg:34.92ms
step:308/1285 train_time:10756ms step_avg:34.92ms
step:309/1285 train_time:10786ms step_avg:34.91ms
step:310/1285 train_time:10824ms step_avg:34.92ms
step:311/1285 train_time:10857ms step_avg:34.91ms
step:312/1285 train_time:10893ms step_avg:34.91ms
step:313/1285 train_time:10924ms step_avg:34.90ms
step:314/1285 train_time:10955ms step_avg:34.89ms
step:315/1285 train_time:10988ms step_avg:34.88ms
step:316/1285 train_time:11024ms step_avg:34.88ms
step:317/1285 train_time:11054ms step_avg:34.87ms
step:318/1285 train_time:11088ms step_avg:34.87ms
step:319/1285 train_time:11119ms step_avg:34.86ms
step:320/1285 train_time:11153ms step_avg:34.85ms
step:321/1285 train_time:11184ms step_avg:34.84ms
step:322/1285 train_time:11218ms step_avg:34.84ms
step:323/1285 train_time:11250ms step_avg:34.83ms
step:324/1285 train_time:11285ms step_avg:34.83ms
step:325/1285 train_time:11315ms step_avg:34.82ms
step:326/1285 train_time:11350ms step_avg:34.82ms
step:327/1285 train_time:11384ms step_avg:34.81ms
step:328/1285 train_time:11417ms step_avg:34.81ms
step:329/1285 train_time:11453ms step_avg:34.81ms
step:330/1285 train_time:11488ms step_avg:34.81ms
step:331/1285 train_time:11521ms step_avg:34.81ms
step:332/1285 train_time:11557ms step_avg:34.81ms
step:333/1285 train_time:11589ms step_avg:34.80ms
step:334/1285 train_time:11626ms step_avg:34.81ms
step:335/1285 train_time:11655ms step_avg:34.79ms
step:336/1285 train_time:11689ms step_avg:34.79ms
step:337/1285 train_time:11721ms step_avg:34.78ms
step:338/1285 train_time:11754ms step_avg:34.77ms
step:339/1285 train_time:11786ms step_avg:34.77ms
step:340/1285 train_time:11822ms step_avg:34.77ms
step:341/1285 train_time:11853ms step_avg:34.76ms
step:342/1285 train_time:11890ms step_avg:34.77ms
step:343/1285 train_time:11921ms step_avg:34.76ms
step:344/1285 train_time:11958ms step_avg:34.76ms
step:345/1285 train_time:11991ms step_avg:34.76ms
step:346/1285 train_time:12027ms step_avg:34.76ms
step:347/1285 train_time:12058ms step_avg:34.75ms
step:348/1285 train_time:12093ms step_avg:34.75ms
step:349/1285 train_time:12125ms step_avg:34.74ms
step:350/1285 train_time:12160ms step_avg:34.74ms
step:351/1285 train_time:12194ms step_avg:34.74ms
step:352/1285 train_time:12227ms step_avg:34.74ms
step:353/1285 train_time:12258ms step_avg:34.73ms
step:354/1285 train_time:12293ms step_avg:34.73ms
step:355/1285 train_time:12328ms step_avg:34.73ms
step:356/1285 train_time:12362ms step_avg:34.72ms
step:357/1285 train_time:12395ms step_avg:34.72ms
step:358/1285 train_time:12431ms step_avg:34.72ms
step:359/1285 train_time:12461ms step_avg:34.71ms
step:360/1285 train_time:12497ms step_avg:34.71ms
step:361/1285 train_time:12528ms step_avg:34.70ms
step:362/1285 train_time:12564ms step_avg:34.71ms
step:363/1285 train_time:12598ms step_avg:34.71ms
step:364/1285 train_time:12635ms step_avg:34.71ms
step:365/1285 train_time:12670ms step_avg:34.71ms
step:366/1285 train_time:12706ms step_avg:34.72ms
step:367/1285 train_time:12737ms step_avg:34.70ms
step:368/1285 train_time:12772ms step_avg:34.71ms
step:369/1285 train_time:12805ms step_avg:34.70ms
step:370/1285 train_time:12841ms step_avg:34.71ms
step:371/1285 train_time:12872ms step_avg:34.70ms
step:372/1285 train_time:12907ms step_avg:34.70ms
step:373/1285 train_time:12938ms step_avg:34.69ms
step:374/1285 train_time:12975ms step_avg:34.69ms
step:375/1285 train_time:13007ms step_avg:34.68ms
step:376/1285 train_time:13043ms step_avg:34.69ms
step:377/1285 train_time:13073ms step_avg:34.68ms
step:378/1285 train_time:13108ms step_avg:34.68ms
step:379/1285 train_time:13140ms step_avg:34.67ms
step:380/1285 train_time:13173ms step_avg:34.67ms
step:381/1285 train_time:13204ms step_avg:34.66ms
step:382/1285 train_time:13241ms step_avg:34.66ms
step:383/1285 train_time:13271ms step_avg:34.65ms
step:384/1285 train_time:13305ms step_avg:34.65ms
step:385/1285 train_time:13336ms step_avg:34.64ms
step:386/1285 train_time:13370ms step_avg:34.64ms
step:387/1285 train_time:13402ms step_avg:34.63ms
step:388/1285 train_time:13437ms step_avg:34.63ms
step:389/1285 train_time:13467ms step_avg:34.62ms
step:390/1285 train_time:13504ms step_avg:34.63ms
step:391/1285 train_time:13536ms step_avg:34.62ms
step:392/1285 train_time:13570ms step_avg:34.62ms
step:393/1285 train_time:13602ms step_avg:34.61ms
step:394/1285 train_time:13638ms step_avg:34.61ms
step:395/1285 train_time:13672ms step_avg:34.61ms
step:396/1285 train_time:13708ms step_avg:34.62ms
step:397/1285 train_time:13741ms step_avg:34.61ms
step:398/1285 train_time:13775ms step_avg:34.61ms
step:399/1285 train_time:13810ms step_avg:34.61ms
step:400/1285 train_time:13844ms step_avg:34.61ms
step:401/1285 train_time:13874ms step_avg:34.60ms
step:402/1285 train_time:13910ms step_avg:34.60ms
step:403/1285 train_time:13943ms step_avg:34.60ms
step:404/1285 train_time:13977ms step_avg:34.60ms
step:405/1285 train_time:14010ms step_avg:34.59ms
step:406/1285 train_time:14044ms step_avg:34.59ms
step:407/1285 train_time:14075ms step_avg:34.58ms
step:408/1285 train_time:14111ms step_avg:34.59ms
step:409/1285 train_time:14144ms step_avg:34.58ms
step:410/1285 train_time:14179ms step_avg:34.58ms
step:411/1285 train_time:14211ms step_avg:34.58ms
step:412/1285 train_time:14248ms step_avg:34.58ms
step:413/1285 train_time:14280ms step_avg:34.58ms
step:414/1285 train_time:14313ms step_avg:34.57ms
step:415/1285 train_time:14347ms step_avg:34.57ms
step:416/1285 train_time:14380ms step_avg:34.57ms
step:417/1285 train_time:14410ms step_avg:34.56ms
step:418/1285 train_time:14445ms step_avg:34.56ms
step:419/1285 train_time:14477ms step_avg:34.55ms
step:420/1285 train_time:14512ms step_avg:34.55ms
step:421/1285 train_time:14544ms step_avg:34.55ms
step:422/1285 train_time:14579ms step_avg:34.55ms
step:423/1285 train_time:14611ms step_avg:34.54ms
step:424/1285 train_time:14649ms step_avg:34.55ms
step:425/1285 train_time:14683ms step_avg:34.55ms
step:426/1285 train_time:14743ms step_avg:34.61ms
step:427/1285 train_time:14795ms step_avg:34.65ms
step:428/1285 train_time:14857ms step_avg:34.71ms
step:429/1285 train_time:14909ms step_avg:34.75ms
step:430/1285 train_time:14971ms step_avg:34.82ms
step:431/1285 train_time:15024ms step_avg:34.86ms
step:432/1285 train_time:15085ms step_avg:34.92ms
step:433/1285 train_time:15138ms step_avg:34.96ms
step:434/1285 train_time:15200ms step_avg:35.02ms
step:435/1285 train_time:15253ms step_avg:35.06ms
step:436/1285 train_time:15314ms step_avg:35.12ms
step:437/1285 train_time:15368ms step_avg:35.17ms
step:438/1285 train_time:15431ms step_avg:35.23ms
step:439/1285 train_time:15484ms step_avg:35.27ms
step:440/1285 train_time:15546ms step_avg:35.33ms
step:441/1285 train_time:15600ms step_avg:35.37ms
step:442/1285 train_time:15662ms step_avg:35.43ms
step:443/1285 train_time:15714ms step_avg:35.47ms
step:444/1285 train_time:15776ms step_avg:35.53ms
step:445/1285 train_time:15829ms step_avg:35.57ms
step:446/1285 train_time:15890ms step_avg:35.63ms
step:447/1285 train_time:15942ms step_avg:35.67ms
step:448/1285 train_time:16004ms step_avg:35.72ms
step:449/1285 train_time:16057ms step_avg:35.76ms
step:450/1285 train_time:16118ms step_avg:35.82ms
step:451/1285 train_time:16171ms step_avg:35.86ms
step:452/1285 train_time:16233ms step_avg:35.91ms
step:453/1285 train_time:16286ms step_avg:35.95ms
step:454/1285 train_time:16349ms step_avg:36.01ms
step:455/1285 train_time:16401ms step_avg:36.05ms
step:456/1285 train_time:16464ms step_avg:36.11ms
step:457/1285 train_time:16517ms step_avg:36.14ms
step:458/1285 train_time:16579ms step_avg:36.20ms
step:459/1285 train_time:16631ms step_avg:36.23ms
step:460/1285 train_time:16694ms step_avg:36.29ms
step:461/1285 train_time:16747ms step_avg:36.33ms
step:462/1285 train_time:16809ms step_avg:36.38ms
step:463/1285 train_time:16862ms step_avg:36.42ms
step:464/1285 train_time:16924ms step_avg:36.47ms
step:465/1285 train_time:16976ms step_avg:36.51ms
step:466/1285 train_time:17037ms step_avg:36.56ms
step:467/1285 train_time:17090ms step_avg:36.60ms
step:468/1285 train_time:17153ms step_avg:36.65ms
step:469/1285 train_time:17206ms step_avg:36.69ms
step:470/1285 train_time:17268ms step_avg:36.74ms
step:471/1285 train_time:17321ms step_avg:36.77ms
step:472/1285 train_time:17383ms step_avg:36.83ms
step:473/1285 train_time:17435ms step_avg:36.86ms
step:474/1285 train_time:17497ms step_avg:36.91ms
step:475/1285 train_time:17551ms step_avg:36.95ms
step:476/1285 train_time:17613ms step_avg:37.00ms
step:477/1285 train_time:17781ms step_avg:37.28ms
step:478/1285 train_time:17827ms step_avg:37.30ms
step:479/1285 train_time:17867ms step_avg:37.30ms
step:480/1285 train_time:17910ms step_avg:37.31ms
step:481/1285 train_time:17961ms step_avg:37.34ms
step:482/1285 train_time:18022ms step_avg:37.39ms
step:483/1285 train_time:18074ms step_avg:37.42ms
step:484/1285 train_time:18136ms step_avg:37.47ms
step:485/1285 train_time:18187ms step_avg:37.50ms
step:486/1285 train_time:18248ms step_avg:37.55ms
step:487/1285 train_time:18300ms step_avg:37.58ms
step:488/1285 train_time:18362ms step_avg:37.63ms
step:489/1285 train_time:18414ms step_avg:37.66ms
step:490/1285 train_time:18475ms step_avg:37.70ms
step:491/1285 train_time:18528ms step_avg:37.73ms
step:492/1285 train_time:18589ms step_avg:37.78ms
step:493/1285 train_time:18642ms step_avg:37.81ms
step:494/1285 train_time:18708ms step_avg:37.87ms
step:495/1285 train_time:18762ms step_avg:37.90ms
step:496/1285 train_time:18825ms step_avg:37.95ms
step:497/1285 train_time:18879ms step_avg:37.99ms
step:498/1285 train_time:18941ms step_avg:38.03ms
step:499/1285 train_time:18993ms step_avg:38.06ms
step:500/1285 train_time:19056ms step_avg:38.11ms
step:500/1285 val_loss:4.13788462 train_time:19116ms step_avg:38.23ms
step:501/1285 train_time:19152ms step_avg:38.23ms
step:502/1285 train_time:19190ms step_avg:38.23ms
step:503/1285 train_time:19235ms step_avg:38.24ms
step:504/1285 train_time:19299ms step_avg:38.29ms
step:505/1285 train_time:19351ms step_avg:38.32ms
step:506/1285 train_time:19414ms step_avg:38.37ms
step:507/1285 train_time:19467ms step_avg:38.40ms
step:508/1285 train_time:19529ms step_avg:38.44ms
step:509/1285 train_time:19582ms step_avg:38.47ms
step:510/1285 train_time:19644ms step_avg:38.52ms
step:511/1285 train_time:19696ms step_avg:38.54ms
step:512/1285 train_time:19758ms step_avg:38.59ms
step:513/1285 train_time:19809ms step_avg:38.61ms
step:514/1285 train_time:19871ms step_avg:38.66ms
step:515/1285 train_time:19923ms step_avg:38.69ms
step:516/1285 train_time:19986ms step_avg:38.73ms
step:517/1285 train_time:20038ms step_avg:38.76ms
step:518/1285 train_time:20102ms step_avg:38.81ms
step:519/1285 train_time:20158ms step_avg:38.84ms
step:520/1285 train_time:20221ms step_avg:38.89ms
step:521/1285 train_time:20274ms step_avg:38.91ms
step:522/1285 train_time:20338ms step_avg:38.96ms
step:523/1285 train_time:20390ms step_avg:38.99ms
step:524/1285 train_time:20452ms step_avg:39.03ms
step:525/1285 train_time:20506ms step_avg:39.06ms
step:526/1285 train_time:20568ms step_avg:39.10ms
step:527/1285 train_time:20620ms step_avg:39.13ms
step:528/1285 train_time:20682ms step_avg:39.17ms
step:529/1285 train_time:20734ms step_avg:39.19ms
step:530/1285 train_time:20796ms step_avg:39.24ms
step:531/1285 train_time:20848ms step_avg:39.26ms
step:532/1285 train_time:20910ms step_avg:39.30ms
step:533/1285 train_time:20963ms step_avg:39.33ms
step:534/1285 train_time:21025ms step_avg:39.37ms
step:535/1285 train_time:21079ms step_avg:39.40ms
step:536/1285 train_time:21141ms step_avg:39.44ms
step:537/1285 train_time:21193ms step_avg:39.47ms
step:538/1285 train_time:21255ms step_avg:39.51ms
step:539/1285 train_time:21309ms step_avg:39.53ms
step:540/1285 train_time:21370ms step_avg:39.57ms
step:541/1285 train_time:21425ms step_avg:39.60ms
step:542/1285 train_time:21487ms step_avg:39.64ms
step:543/1285 train_time:21540ms step_avg:39.67ms
step:544/1285 train_time:21602ms step_avg:39.71ms
step:545/1285 train_time:21655ms step_avg:39.73ms
step:546/1285 train_time:21717ms step_avg:39.78ms
step:547/1285 train_time:21769ms step_avg:39.80ms
step:548/1285 train_time:21833ms step_avg:39.84ms
step:549/1285 train_time:21884ms step_avg:39.86ms
step:550/1285 train_time:21947ms step_avg:39.90ms
step:551/1285 train_time:22000ms step_avg:39.93ms
step:552/1285 train_time:22061ms step_avg:39.97ms
step:553/1285 train_time:22114ms step_avg:39.99ms
step:554/1285 train_time:22177ms step_avg:40.03ms
step:555/1285 train_time:22229ms step_avg:40.05ms
step:556/1285 train_time:22292ms step_avg:40.09ms
step:557/1285 train_time:22345ms step_avg:40.12ms
step:558/1285 train_time:22408ms step_avg:40.16ms
step:559/1285 train_time:22461ms step_avg:40.18ms
step:560/1285 train_time:22523ms step_avg:40.22ms
step:561/1285 train_time:22576ms step_avg:40.24ms
step:562/1285 train_time:22640ms step_avg:40.28ms
step:563/1285 train_time:22691ms step_avg:40.30ms
step:564/1285 train_time:22752ms step_avg:40.34ms
step:565/1285 train_time:22805ms step_avg:40.36ms
step:566/1285 train_time:22867ms step_avg:40.40ms
step:567/1285 train_time:22919ms step_avg:40.42ms
step:568/1285 train_time:22981ms step_avg:40.46ms
step:569/1285 train_time:23034ms step_avg:40.48ms
step:570/1285 train_time:23096ms step_avg:40.52ms
step:571/1285 train_time:23149ms step_avg:40.54ms
step:572/1285 train_time:23212ms step_avg:40.58ms
step:573/1285 train_time:23265ms step_avg:40.60ms
step:574/1285 train_time:23328ms step_avg:40.64ms
step:575/1285 train_time:23381ms step_avg:40.66ms
step:576/1285 train_time:23444ms step_avg:40.70ms
step:577/1285 train_time:23496ms step_avg:40.72ms
step:578/1285 train_time:23559ms step_avg:40.76ms
step:579/1285 train_time:23611ms step_avg:40.78ms
step:580/1285 train_time:23673ms step_avg:40.82ms
step:581/1285 train_time:23726ms step_avg:40.84ms
step:582/1285 train_time:23788ms step_avg:40.87ms
step:583/1285 train_time:23841ms step_avg:40.89ms
step:584/1285 train_time:23903ms step_avg:40.93ms
step:585/1285 train_time:23955ms step_avg:40.95ms
step:586/1285 train_time:24017ms step_avg:40.98ms
step:587/1285 train_time:24070ms step_avg:41.01ms
step:588/1285 train_time:24132ms step_avg:41.04ms
step:589/1285 train_time:24185ms step_avg:41.06ms
step:590/1285 train_time:24248ms step_avg:41.10ms
step:591/1285 train_time:24300ms step_avg:41.12ms
step:592/1285 train_time:24362ms step_avg:41.15ms
step:593/1285 train_time:24414ms step_avg:41.17ms
step:594/1285 train_time:24478ms step_avg:41.21ms
step:595/1285 train_time:24530ms step_avg:41.23ms
step:596/1285 train_time:24593ms step_avg:41.26ms
step:597/1285 train_time:24645ms step_avg:41.28ms
step:598/1285 train_time:24707ms step_avg:41.32ms
step:599/1285 train_time:24759ms step_avg:41.33ms
step:600/1285 train_time:24821ms step_avg:41.37ms
step:601/1285 train_time:24874ms step_avg:41.39ms
step:602/1285 train_time:24936ms step_avg:41.42ms
step:603/1285 train_time:24989ms step_avg:41.44ms
step:604/1285 train_time:25051ms step_avg:41.47ms
step:605/1285 train_time:25104ms step_avg:41.49ms
step:606/1285 train_time:25166ms step_avg:41.53ms
step:607/1285 train_time:25219ms step_avg:41.55ms
step:608/1285 train_time:25280ms step_avg:41.58ms
step:609/1285 train_time:25334ms step_avg:41.60ms
step:610/1285 train_time:25396ms step_avg:41.63ms
step:611/1285 train_time:25450ms step_avg:41.65ms
step:612/1285 train_time:25512ms step_avg:41.69ms
step:613/1285 train_time:25566ms step_avg:41.71ms
step:614/1285 train_time:25628ms step_avg:41.74ms
step:615/1285 train_time:25681ms step_avg:41.76ms
step:616/1285 train_time:25743ms step_avg:41.79ms
step:617/1285 train_time:25796ms step_avg:41.81ms
step:618/1285 train_time:25858ms step_avg:41.84ms
step:619/1285 train_time:25910ms step_avg:41.86ms
step:620/1285 train_time:25972ms step_avg:41.89ms
step:621/1285 train_time:26025ms step_avg:41.91ms
step:622/1285 train_time:26087ms step_avg:41.94ms
step:623/1285 train_time:26141ms step_avg:41.96ms
step:624/1285 train_time:26202ms step_avg:41.99ms
step:625/1285 train_time:26256ms step_avg:42.01ms
step:626/1285 train_time:26318ms step_avg:42.04ms
step:627/1285 train_time:26371ms step_avg:42.06ms
step:628/1285 train_time:26433ms step_avg:42.09ms
step:629/1285 train_time:26486ms step_avg:42.11ms
step:630/1285 train_time:26549ms step_avg:42.14ms
step:631/1285 train_time:26603ms step_avg:42.16ms
step:632/1285 train_time:26664ms step_avg:42.19ms
step:633/1285 train_time:26716ms step_avg:42.21ms
step:634/1285 train_time:26779ms step_avg:42.24ms
step:635/1285 train_time:26831ms step_avg:42.25ms
step:636/1285 train_time:26893ms step_avg:42.28ms
step:637/1285 train_time:26946ms step_avg:42.30ms
step:638/1285 train_time:27007ms step_avg:42.33ms
step:639/1285 train_time:27060ms step_avg:42.35ms
step:640/1285 train_time:27122ms step_avg:42.38ms
step:641/1285 train_time:27175ms step_avg:42.40ms
step:642/1285 train_time:27237ms step_avg:42.43ms
step:643/1285 train_time:27290ms step_avg:42.44ms
step:644/1285 train_time:27352ms step_avg:42.47ms
step:645/1285 train_time:27406ms step_avg:42.49ms
step:646/1285 train_time:27468ms step_avg:42.52ms
step:647/1285 train_time:27520ms step_avg:42.53ms
step:648/1285 train_time:27583ms step_avg:42.57ms
step:649/1285 train_time:27635ms step_avg:42.58ms
step:650/1285 train_time:27697ms step_avg:42.61ms
step:651/1285 train_time:27749ms step_avg:42.63ms
step:652/1285 train_time:27814ms step_avg:42.66ms
step:653/1285 train_time:27865ms step_avg:42.67ms
step:654/1285 train_time:27928ms step_avg:42.70ms
step:655/1285 train_time:27980ms step_avg:42.72ms
step:656/1285 train_time:28043ms step_avg:42.75ms
step:657/1285 train_time:28094ms step_avg:42.76ms
step:658/1285 train_time:28157ms step_avg:42.79ms
step:659/1285 train_time:28209ms step_avg:42.81ms
step:660/1285 train_time:28271ms step_avg:42.84ms
step:661/1285 train_time:28325ms step_avg:42.85ms
step:662/1285 train_time:28387ms step_avg:42.88ms
step:663/1285 train_time:28439ms step_avg:42.89ms
step:664/1285 train_time:28502ms step_avg:42.92ms
step:665/1285 train_time:28554ms step_avg:42.94ms
step:666/1285 train_time:28615ms step_avg:42.97ms
step:667/1285 train_time:28669ms step_avg:42.98ms
step:668/1285 train_time:28731ms step_avg:43.01ms
step:669/1285 train_time:28785ms step_avg:43.03ms
step:670/1285 train_time:28847ms step_avg:43.06ms
step:671/1285 train_time:28900ms step_avg:43.07ms
step:672/1285 train_time:28961ms step_avg:43.10ms
step:673/1285 train_time:29014ms step_avg:43.11ms
step:674/1285 train_time:29077ms step_avg:43.14ms
step:675/1285 train_time:29130ms step_avg:43.16ms
step:676/1285 train_time:29192ms step_avg:43.18ms
step:677/1285 train_time:29245ms step_avg:43.20ms
step:678/1285 train_time:29307ms step_avg:43.23ms
step:679/1285 train_time:29360ms step_avg:43.24ms
step:680/1285 train_time:29422ms step_avg:43.27ms
step:681/1285 train_time:29475ms step_avg:43.28ms
step:682/1285 train_time:29537ms step_avg:43.31ms
step:683/1285 train_time:29590ms step_avg:43.32ms
step:684/1285 train_time:29651ms step_avg:43.35ms
step:685/1285 train_time:29705ms step_avg:43.37ms
step:686/1285 train_time:29767ms step_avg:43.39ms
step:687/1285 train_time:29819ms step_avg:43.40ms
step:688/1285 train_time:29881ms step_avg:43.43ms
step:689/1285 train_time:29933ms step_avg:43.44ms
step:690/1285 train_time:29995ms step_avg:43.47ms
step:691/1285 train_time:30047ms step_avg:43.48ms
step:692/1285 train_time:30111ms step_avg:43.51ms
step:693/1285 train_time:30164ms step_avg:43.53ms
step:694/1285 train_time:30227ms step_avg:43.55ms
step:695/1285 train_time:30283ms step_avg:43.57ms
step:696/1285 train_time:30342ms step_avg:43.59ms
step:697/1285 train_time:30395ms step_avg:43.61ms
step:698/1285 train_time:30457ms step_avg:43.64ms
step:699/1285 train_time:30511ms step_avg:43.65ms
step:700/1285 train_time:30573ms step_avg:43.68ms
step:701/1285 train_time:30626ms step_avg:43.69ms
step:702/1285 train_time:30688ms step_avg:43.72ms
step:703/1285 train_time:30741ms step_avg:43.73ms
step:704/1285 train_time:30802ms step_avg:43.75ms
step:705/1285 train_time:30855ms step_avg:43.77ms
step:706/1285 train_time:30917ms step_avg:43.79ms
step:707/1285 train_time:30969ms step_avg:43.80ms
step:708/1285 train_time:31032ms step_avg:43.83ms
step:709/1285 train_time:31085ms step_avg:43.84ms
step:710/1285 train_time:31148ms step_avg:43.87ms
step:711/1285 train_time:31201ms step_avg:43.88ms
step:712/1285 train_time:31262ms step_avg:43.91ms
step:713/1285 train_time:31314ms step_avg:43.92ms
step:714/1285 train_time:31376ms step_avg:43.94ms
step:715/1285 train_time:31429ms step_avg:43.96ms
step:716/1285 train_time:31490ms step_avg:43.98ms
step:717/1285 train_time:31544ms step_avg:43.99ms
step:718/1285 train_time:31607ms step_avg:44.02ms
step:719/1285 train_time:31659ms step_avg:44.03ms
step:720/1285 train_time:31721ms step_avg:44.06ms
step:721/1285 train_time:31774ms step_avg:44.07ms
step:722/1285 train_time:31837ms step_avg:44.10ms
step:723/1285 train_time:31890ms step_avg:44.11ms
step:724/1285 train_time:31951ms step_avg:44.13ms
step:725/1285 train_time:32004ms step_avg:44.14ms
step:726/1285 train_time:32066ms step_avg:44.17ms
step:727/1285 train_time:32119ms step_avg:44.18ms
step:728/1285 train_time:32182ms step_avg:44.21ms
step:729/1285 train_time:32234ms step_avg:44.22ms
step:730/1285 train_time:32295ms step_avg:44.24ms
step:731/1285 train_time:32348ms step_avg:44.25ms
step:732/1285 train_time:32410ms step_avg:44.28ms
step:733/1285 train_time:32463ms step_avg:44.29ms
step:734/1285 train_time:32526ms step_avg:44.31ms
step:735/1285 train_time:32578ms step_avg:44.32ms
step:736/1285 train_time:32640ms step_avg:44.35ms
step:737/1285 train_time:32692ms step_avg:44.36ms
step:738/1285 train_time:32755ms step_avg:44.38ms
step:739/1285 train_time:32808ms step_avg:44.39ms
step:740/1285 train_time:32870ms step_avg:44.42ms
step:741/1285 train_time:32923ms step_avg:44.43ms
step:742/1285 train_time:32985ms step_avg:44.45ms
step:743/1285 train_time:33039ms step_avg:44.47ms
step:744/1285 train_time:33099ms step_avg:44.49ms
step:745/1285 train_time:33152ms step_avg:44.50ms
step:746/1285 train_time:33215ms step_avg:44.52ms
step:747/1285 train_time:33268ms step_avg:44.54ms
step:748/1285 train_time:33330ms step_avg:44.56ms
step:749/1285 train_time:33383ms step_avg:44.57ms
step:750/1285 train_time:33446ms step_avg:44.59ms
step:750/1285 val_loss:3.70753217 train_time:33507ms step_avg:44.68ms
step:751/1285 train_time:33542ms step_avg:44.66ms
step:752/1285 train_time:33582ms step_avg:44.66ms
step:753/1285 train_time:33617ms step_avg:44.64ms
step:754/1285 train_time:33682ms step_avg:44.67ms
step:755/1285 train_time:33735ms step_avg:44.68ms
step:756/1285 train_time:33798ms step_avg:44.71ms
step:757/1285 train_time:33851ms step_avg:44.72ms
step:758/1285 train_time:33911ms step_avg:44.74ms
step:759/1285 train_time:33963ms step_avg:44.75ms
step:760/1285 train_time:34025ms step_avg:44.77ms
step:761/1285 train_time:34077ms step_avg:44.78ms
step:762/1285 train_time:34138ms step_avg:44.80ms
step:763/1285 train_time:34190ms step_avg:44.81ms
step:764/1285 train_time:34250ms step_avg:44.83ms
step:765/1285 train_time:34303ms step_avg:44.84ms
step:766/1285 train_time:34363ms step_avg:44.86ms
step:767/1285 train_time:34417ms step_avg:44.87ms
step:768/1285 train_time:34481ms step_avg:44.90ms
step:769/1285 train_time:34535ms step_avg:44.91ms
step:770/1285 train_time:34598ms step_avg:44.93ms
step:771/1285 train_time:34650ms step_avg:44.94ms
step:772/1285 train_time:34713ms step_avg:44.97ms
step:773/1285 train_time:34766ms step_avg:44.98ms
step:774/1285 train_time:34829ms step_avg:45.00ms
step:775/1285 train_time:34882ms step_avg:45.01ms
step:776/1285 train_time:34943ms step_avg:45.03ms
step:777/1285 train_time:34996ms step_avg:45.04ms
step:778/1285 train_time:35057ms step_avg:45.06ms
step:779/1285 train_time:35109ms step_avg:45.07ms
step:780/1285 train_time:35170ms step_avg:45.09ms
step:781/1285 train_time:35223ms step_avg:45.10ms
step:782/1285 train_time:35284ms step_avg:45.12ms
step:783/1285 train_time:35337ms step_avg:45.13ms
step:784/1285 train_time:35399ms step_avg:45.15ms
step:785/1285 train_time:35452ms step_avg:45.16ms
step:786/1285 train_time:35514ms step_avg:45.18ms
step:787/1285 train_time:35568ms step_avg:45.19ms
step:788/1285 train_time:35630ms step_avg:45.22ms
step:789/1285 train_time:35683ms step_avg:45.23ms
step:790/1285 train_time:35746ms step_avg:45.25ms
step:791/1285 train_time:35798ms step_avg:45.26ms
step:792/1285 train_time:35860ms step_avg:45.28ms
step:793/1285 train_time:35914ms step_avg:45.29ms
step:794/1285 train_time:36103ms step_avg:45.47ms
step:795/1285 train_time:36144ms step_avg:45.46ms
step:796/1285 train_time:36189ms step_avg:45.46ms
step:797/1285 train_time:36229ms step_avg:45.46ms
step:798/1285 train_time:36291ms step_avg:45.48ms
step:799/1285 train_time:36343ms step_avg:45.49ms
step:800/1285 train_time:36406ms step_avg:45.51ms
step:801/1285 train_time:36456ms step_avg:45.51ms
step:802/1285 train_time:36518ms step_avg:45.53ms
step:803/1285 train_time:36569ms step_avg:45.54ms
step:804/1285 train_time:36630ms step_avg:45.56ms
step:805/1285 train_time:36683ms step_avg:45.57ms
step:806/1285 train_time:36744ms step_avg:45.59ms
step:807/1285 train_time:36796ms step_avg:45.60ms
step:808/1285 train_time:36857ms step_avg:45.62ms
step:809/1285 train_time:36909ms step_avg:45.62ms
step:810/1285 train_time:36977ms step_avg:45.65ms
step:811/1285 train_time:37032ms step_avg:45.66ms
step:812/1285 train_time:37097ms step_avg:45.69ms
step:813/1285 train_time:37149ms step_avg:45.69ms
step:814/1285 train_time:37212ms step_avg:45.71ms
step:815/1285 train_time:37265ms step_avg:45.72ms
step:816/1285 train_time:37328ms step_avg:45.74ms
step:817/1285 train_time:37382ms step_avg:45.75ms
step:818/1285 train_time:37443ms step_avg:45.77ms
step:819/1285 train_time:37495ms step_avg:45.78ms
step:820/1285 train_time:37556ms step_avg:45.80ms
step:821/1285 train_time:37608ms step_avg:45.81ms
step:822/1285 train_time:37670ms step_avg:45.83ms
step:823/1285 train_time:37723ms step_avg:45.84ms
step:824/1285 train_time:37785ms step_avg:45.86ms
step:825/1285 train_time:37837ms step_avg:45.86ms
step:826/1285 train_time:37899ms step_avg:45.88ms
step:827/1285 train_time:37953ms step_avg:45.89ms
step:828/1285 train_time:38016ms step_avg:45.91ms
step:829/1285 train_time:38069ms step_avg:45.92ms
step:830/1285 train_time:38131ms step_avg:45.94ms
step:831/1285 train_time:38185ms step_avg:45.95ms
step:832/1285 train_time:38247ms step_avg:45.97ms
step:833/1285 train_time:38301ms step_avg:45.98ms
step:834/1285 train_time:38363ms step_avg:46.00ms
step:835/1285 train_time:38416ms step_avg:46.01ms
step:836/1285 train_time:38478ms step_avg:46.03ms
step:837/1285 train_time:38529ms step_avg:46.03ms
step:838/1285 train_time:38591ms step_avg:46.05ms
step:839/1285 train_time:38643ms step_avg:46.06ms
step:840/1285 train_time:38705ms step_avg:46.08ms
step:841/1285 train_time:38757ms step_avg:46.08ms
step:842/1285 train_time:38820ms step_avg:46.10ms
step:843/1285 train_time:38871ms step_avg:46.11ms
step:844/1285 train_time:38934ms step_avg:46.13ms
step:845/1285 train_time:38987ms step_avg:46.14ms
step:846/1285 train_time:39050ms step_avg:46.16ms
step:847/1285 train_time:39103ms step_avg:46.17ms
step:848/1285 train_time:39167ms step_avg:46.19ms
step:849/1285 train_time:39249ms step_avg:46.23ms
step:850/1285 train_time:39338ms step_avg:46.28ms
step:851/1285 train_time:39417ms step_avg:46.32ms
step:852/1285 train_time:39503ms step_avg:46.37ms
step:853/1285 train_time:39580ms step_avg:46.40ms
step:854/1285 train_time:39667ms step_avg:46.45ms
step:855/1285 train_time:39747ms step_avg:46.49ms
step:856/1285 train_time:39834ms step_avg:46.54ms
step:857/1285 train_time:39914ms step_avg:46.57ms
step:858/1285 train_time:40002ms step_avg:46.62ms
step:859/1285 train_time:40080ms step_avg:46.66ms
step:860/1285 train_time:40168ms step_avg:46.71ms
step:861/1285 train_time:40248ms step_avg:46.75ms
step:862/1285 train_time:40336ms step_avg:46.79ms
step:863/1285 train_time:40415ms step_avg:46.83ms
step:864/1285 train_time:40502ms step_avg:46.88ms
step:865/1285 train_time:40579ms step_avg:46.91ms
step:866/1285 train_time:40666ms step_avg:46.96ms
step:867/1285 train_time:40744ms step_avg:46.99ms
step:868/1285 train_time:40832ms step_avg:47.04ms
step:869/1285 train_time:40912ms step_avg:47.08ms
step:870/1285 train_time:41000ms step_avg:47.13ms
step:871/1285 train_time:41079ms step_avg:47.16ms
step:872/1285 train_time:41165ms step_avg:47.21ms
step:873/1285 train_time:41245ms step_avg:47.25ms
step:874/1285 train_time:41334ms step_avg:47.29ms
step:875/1285 train_time:41414ms step_avg:47.33ms
step:876/1285 train_time:41501ms step_avg:47.38ms
step:877/1285 train_time:41578ms step_avg:47.41ms
step:878/1285 train_time:41665ms step_avg:47.45ms
step:879/1285 train_time:41743ms step_avg:47.49ms
step:880/1285 train_time:41830ms step_avg:47.53ms
step:881/1285 train_time:41910ms step_avg:47.57ms
step:882/1285 train_time:41999ms step_avg:47.62ms
step:883/1285 train_time:42075ms step_avg:47.65ms
step:884/1285 train_time:42163ms step_avg:47.70ms
step:885/1285 train_time:42240ms step_avg:47.73ms
step:886/1285 train_time:42329ms step_avg:47.78ms
step:887/1285 train_time:42410ms step_avg:47.81ms
step:888/1285 train_time:42497ms step_avg:47.86ms
step:889/1285 train_time:42575ms step_avg:47.89ms
step:890/1285 train_time:42661ms step_avg:47.93ms
step:891/1285 train_time:42740ms step_avg:47.97ms
step:892/1285 train_time:42827ms step_avg:48.01ms
step:893/1285 train_time:42907ms step_avg:48.05ms
step:894/1285 train_time:42994ms step_avg:48.09ms
step:895/1285 train_time:43075ms step_avg:48.13ms
step:896/1285 train_time:43163ms step_avg:48.17ms
step:897/1285 train_time:43240ms step_avg:48.20ms
step:898/1285 train_time:43328ms step_avg:48.25ms
step:899/1285 train_time:43407ms step_avg:48.28ms
step:900/1285 train_time:43494ms step_avg:48.33ms
step:901/1285 train_time:43574ms step_avg:48.36ms
step:902/1285 train_time:43662ms step_avg:48.41ms
step:903/1285 train_time:43740ms step_avg:48.44ms
step:904/1285 train_time:43826ms step_avg:48.48ms
step:905/1285 train_time:43905ms step_avg:48.51ms
step:906/1285 train_time:43992ms step_avg:48.56ms
step:907/1285 train_time:44073ms step_avg:48.59ms
step:908/1285 train_time:44161ms step_avg:48.64ms
step:909/1285 train_time:44240ms step_avg:48.67ms
step:910/1285 train_time:44327ms step_avg:48.71ms
step:911/1285 train_time:44405ms step_avg:48.74ms
step:912/1285 train_time:44492ms step_avg:48.78ms
step:913/1285 train_time:44571ms step_avg:48.82ms
step:914/1285 train_time:44659ms step_avg:48.86ms
step:915/1285 train_time:44737ms step_avg:48.89ms
step:916/1285 train_time:44823ms step_avg:48.93ms
step:917/1285 train_time:44901ms step_avg:48.97ms
step:918/1285 train_time:44989ms step_avg:49.01ms
step:919/1285 train_time:45069ms step_avg:49.04ms
step:920/1285 train_time:45158ms step_avg:49.08ms
step:921/1285 train_time:45236ms step_avg:49.12ms
step:922/1285 train_time:45323ms step_avg:49.16ms
step:923/1285 train_time:45401ms step_avg:49.19ms
step:924/1285 train_time:45487ms step_avg:49.23ms
step:925/1285 train_time:45567ms step_avg:49.26ms
step:926/1285 train_time:45656ms step_avg:49.30ms
step:927/1285 train_time:45734ms step_avg:49.34ms
step:928/1285 train_time:45821ms step_avg:49.38ms
step:929/1285 train_time:45898ms step_avg:49.41ms
step:930/1285 train_time:45984ms step_avg:49.45ms
step:931/1285 train_time:46063ms step_avg:49.48ms
step:932/1285 train_time:46151ms step_avg:49.52ms
step:933/1285 train_time:46232ms step_avg:49.55ms
step:934/1285 train_time:46321ms step_avg:49.59ms
step:935/1285 train_time:46398ms step_avg:49.62ms
step:936/1285 train_time:46484ms step_avg:49.66ms
step:937/1285 train_time:46561ms step_avg:49.69ms
step:938/1285 train_time:46650ms step_avg:49.73ms
step:939/1285 train_time:46730ms step_avg:49.77ms
step:940/1285 train_time:46817ms step_avg:49.81ms
step:941/1285 train_time:46896ms step_avg:49.84ms
step:942/1285 train_time:46983ms step_avg:49.88ms
step:943/1285 train_time:47060ms step_avg:49.90ms
step:944/1285 train_time:47148ms step_avg:49.94ms
step:945/1285 train_time:47228ms step_avg:49.98ms
step:946/1285 train_time:47318ms step_avg:50.02ms
step:947/1285 train_time:47394ms step_avg:50.05ms
step:948/1285 train_time:47481ms step_avg:50.09ms
step:949/1285 train_time:47559ms step_avg:50.12ms
step:950/1285 train_time:47647ms step_avg:50.15ms
step:951/1285 train_time:47725ms step_avg:50.18ms
step:952/1285 train_time:47813ms step_avg:50.22ms
step:953/1285 train_time:47891ms step_avg:50.25ms
step:954/1285 train_time:47979ms step_avg:50.29ms
step:955/1285 train_time:48057ms step_avg:50.32ms
step:956/1285 train_time:48145ms step_avg:50.36ms
step:957/1285 train_time:48222ms step_avg:50.39ms
step:958/1285 train_time:48310ms step_avg:50.43ms
step:959/1285 train_time:48390ms step_avg:50.46ms
step:960/1285 train_time:48478ms step_avg:50.50ms
step:961/1285 train_time:48556ms step_avg:50.53ms
step:962/1285 train_time:48643ms step_avg:50.56ms
step:963/1285 train_time:48721ms step_avg:50.59ms
step:964/1285 train_time:48808ms step_avg:50.63ms
step:965/1285 train_time:48887ms step_avg:50.66ms
step:966/1285 train_time:48975ms step_avg:50.70ms
step:967/1285 train_time:49054ms step_avg:50.73ms
step:968/1285 train_time:49142ms step_avg:50.77ms
step:969/1285 train_time:49219ms step_avg:50.79ms
step:970/1285 train_time:49306ms step_avg:50.83ms
step:971/1285 train_time:49384ms step_avg:50.86ms
step:972/1285 train_time:49471ms step_avg:50.90ms
step:973/1285 train_time:49551ms step_avg:50.93ms
step:974/1285 train_time:49639ms step_avg:50.96ms
step:975/1285 train_time:49717ms step_avg:50.99ms
step:976/1285 train_time:49805ms step_avg:51.03ms
step:977/1285 train_time:49882ms step_avg:51.06ms
step:978/1285 train_time:49970ms step_avg:51.09ms
step:979/1285 train_time:50049ms step_avg:51.12ms
step:980/1285 train_time:50137ms step_avg:51.16ms
step:981/1285 train_time:50214ms step_avg:51.19ms
step:982/1285 train_time:50301ms step_avg:51.22ms
step:983/1285 train_time:50379ms step_avg:51.25ms
step:984/1285 train_time:50467ms step_avg:51.29ms
step:985/1285 train_time:50545ms step_avg:51.31ms
step:986/1285 train_time:50633ms step_avg:51.35ms
step:987/1285 train_time:50712ms step_avg:51.38ms
step:988/1285 train_time:50799ms step_avg:51.42ms
step:989/1285 train_time:50878ms step_avg:51.44ms
step:990/1285 train_time:50964ms step_avg:51.48ms
step:991/1285 train_time:51042ms step_avg:51.51ms
step:992/1285 train_time:51130ms step_avg:51.54ms
step:993/1285 train_time:51209ms step_avg:51.57ms
step:994/1285 train_time:51297ms step_avg:51.61ms
step:995/1285 train_time:51374ms step_avg:51.63ms
step:996/1285 train_time:51461ms step_avg:51.67ms
step:997/1285 train_time:51540ms step_avg:51.69ms
step:998/1285 train_time:51627ms step_avg:51.73ms
step:999/1285 train_time:51705ms step_avg:51.76ms
step:1000/1285 train_time:51792ms step_avg:51.79ms
step:1000/1285 val_loss:3.41721463 train_time:51881ms step_avg:51.88ms
step:1001/1285 train_time:51917ms step_avg:51.87ms
step:1002/1285 train_time:51966ms step_avg:51.86ms
step:1003/1285 train_time:52050ms step_avg:51.89ms
step:1004/1285 train_time:52138ms step_avg:51.93ms
step:1005/1285 train_time:52215ms step_avg:51.95ms
step:1006/1285 train_time:52302ms step_avg:51.99ms
step:1007/1285 train_time:52379ms step_avg:52.02ms
step:1008/1285 train_time:52465ms step_avg:52.05ms
step:1009/1285 train_time:52541ms step_avg:52.07ms
step:1010/1285 train_time:52627ms step_avg:52.11ms
step:1011/1285 train_time:52705ms step_avg:52.13ms
step:1012/1285 train_time:52791ms step_avg:52.16ms
step:1013/1285 train_time:52873ms step_avg:52.19ms
step:1014/1285 train_time:52963ms step_avg:52.23ms
step:1015/1285 train_time:53043ms step_avg:52.26ms
step:1016/1285 train_time:53133ms step_avg:52.30ms
step:1017/1285 train_time:53212ms step_avg:52.32ms
step:1018/1285 train_time:53299ms step_avg:52.36ms
step:1019/1285 train_time:53377ms step_avg:52.38ms
step:1020/1285 train_time:53464ms step_avg:52.42ms
step:1021/1285 train_time:53540ms step_avg:52.44ms
step:1022/1285 train_time:53626ms step_avg:52.47ms
step:1023/1285 train_time:53703ms step_avg:52.50ms
step:1024/1285 train_time:53790ms step_avg:52.53ms
step:1025/1285 train_time:53871ms step_avg:52.56ms
step:1026/1285 train_time:53994ms step_avg:52.63ms
step:1027/1285 train_time:54038ms step_avg:52.62ms
step:1028/1285 train_time:54126ms step_avg:52.65ms
step:1029/1285 train_time:54205ms step_avg:52.68ms
step:1030/1285 train_time:54293ms step_avg:52.71ms
step:1031/1285 train_time:54371ms step_avg:52.74ms
step:1032/1285 train_time:54459ms step_avg:52.77ms
step:1033/1285 train_time:54536ms step_avg:52.79ms
step:1034/1285 train_time:54621ms step_avg:52.83ms
step:1035/1285 train_time:54699ms step_avg:52.85ms
step:1036/1285 train_time:54785ms step_avg:52.88ms
step:1037/1285 train_time:54864ms step_avg:52.91ms
step:1038/1285 train_time:54952ms step_avg:52.94ms
step:1039/1285 train_time:55032ms step_avg:52.97ms
step:1040/1285 train_time:55120ms step_avg:53.00ms
step:1041/1285 train_time:55199ms step_avg:53.02ms
step:1042/1285 train_time:55285ms step_avg:53.06ms
step:1043/1285 train_time:55363ms step_avg:53.08ms
step:1044/1285 train_time:55451ms step_avg:53.11ms
step:1045/1285 train_time:55529ms step_avg:53.14ms
step:1046/1285 train_time:55617ms step_avg:53.17ms
step:1047/1285 train_time:55696ms step_avg:53.20ms
step:1048/1285 train_time:55782ms step_avg:53.23ms
step:1049/1285 train_time:55860ms step_avg:53.25ms
step:1050/1285 train_time:55948ms step_avg:53.28ms
step:1051/1285 train_time:56025ms step_avg:53.31ms
step:1052/1285 train_time:56112ms step_avg:53.34ms
step:1053/1285 train_time:56191ms step_avg:53.36ms
step:1054/1285 train_time:56279ms step_avg:53.40ms
step:1055/1285 train_time:56359ms step_avg:53.42ms
step:1056/1285 train_time:56444ms step_avg:53.45ms
step:1057/1285 train_time:56520ms step_avg:53.47ms
step:1058/1285 train_time:56609ms step_avg:53.51ms
step:1059/1285 train_time:56688ms step_avg:53.53ms
step:1060/1285 train_time:56776ms step_avg:53.56ms
step:1061/1285 train_time:56854ms step_avg:53.59ms
step:1062/1285 train_time:56941ms step_avg:53.62ms
step:1063/1285 train_time:57019ms step_avg:53.64ms
step:1064/1285 train_time:57106ms step_avg:53.67ms
step:1065/1285 train_time:57185ms step_avg:53.69ms
step:1066/1285 train_time:57273ms step_avg:53.73ms
step:1067/1285 train_time:57352ms step_avg:53.75ms
step:1068/1285 train_time:57438ms step_avg:53.78ms
step:1069/1285 train_time:57517ms step_avg:53.80ms
step:1070/1285 train_time:57603ms step_avg:53.83ms
step:1071/1285 train_time:57680ms step_avg:53.86ms
step:1072/1285 train_time:57767ms step_avg:53.89ms
step:1073/1285 train_time:57845ms step_avg:53.91ms
step:1074/1285 train_time:57931ms step_avg:53.94ms
step:1075/1285 train_time:58011ms step_avg:53.96ms
step:1076/1285 train_time:58098ms step_avg:53.99ms
step:1077/1285 train_time:58176ms step_avg:54.02ms
step:1078/1285 train_time:58264ms step_avg:54.05ms
step:1079/1285 train_time:58341ms step_avg:54.07ms
step:1080/1285 train_time:58429ms step_avg:54.10ms
step:1081/1285 train_time:58509ms step_avg:54.13ms
step:1082/1285 train_time:58597ms step_avg:54.16ms
step:1083/1285 train_time:58675ms step_avg:54.18ms
step:1084/1285 train_time:58762ms step_avg:54.21ms
step:1085/1285 train_time:58840ms step_avg:54.23ms
step:1086/1285 train_time:58927ms step_avg:54.26ms
step:1087/1285 train_time:59006ms step_avg:54.28ms
step:1088/1285 train_time:59093ms step_avg:54.31ms
step:1089/1285 train_time:59172ms step_avg:54.34ms
step:1090/1285 train_time:59260ms step_avg:54.37ms
step:1091/1285 train_time:59337ms step_avg:54.39ms
step:1092/1285 train_time:59424ms step_avg:54.42ms
step:1093/1285 train_time:59502ms step_avg:54.44ms
step:1094/1285 train_time:59590ms step_avg:54.47ms
step:1095/1285 train_time:59670ms step_avg:54.49ms
step:1096/1285 train_time:59757ms step_avg:54.52ms
step:1097/1285 train_time:59834ms step_avg:54.54ms
step:1098/1285 train_time:59922ms step_avg:54.57ms
step:1099/1285 train_time:59999ms step_avg:54.59ms
step:1100/1285 train_time:60086ms step_avg:54.62ms
step:1101/1285 train_time:60163ms step_avg:54.64ms
step:1102/1285 train_time:60252ms step_avg:54.67ms
step:1103/1285 train_time:60331ms step_avg:54.70ms
step:1104/1285 train_time:60420ms step_avg:54.73ms
step:1105/1285 train_time:60496ms step_avg:54.75ms
step:1106/1285 train_time:60582ms step_avg:54.78ms
step:1107/1285 train_time:60660ms step_avg:54.80ms
step:1108/1285 train_time:60747ms step_avg:54.83ms
step:1109/1285 train_time:60826ms step_avg:54.85ms
step:1110/1285 train_time:60912ms step_avg:54.88ms
step:1111/1285 train_time:60990ms step_avg:54.90ms
step:1112/1285 train_time:61079ms step_avg:54.93ms
step:1113/1285 train_time:61157ms step_avg:54.95ms
step:1114/1285 train_time:61244ms step_avg:54.98ms
step:1115/1285 train_time:61321ms step_avg:55.00ms
step:1116/1285 train_time:61409ms step_avg:55.03ms
step:1117/1285 train_time:61489ms step_avg:55.05ms
step:1118/1285 train_time:61576ms step_avg:55.08ms
step:1119/1285 train_time:61654ms step_avg:55.10ms
step:1120/1285 train_time:61742ms step_avg:55.13ms
step:1121/1285 train_time:61820ms step_avg:55.15ms
step:1122/1285 train_time:61906ms step_avg:55.17ms
step:1123/1285 train_time:61985ms step_avg:55.20ms
step:1124/1285 train_time:62072ms step_avg:55.22ms
step:1125/1285 train_time:62151ms step_avg:55.24ms
step:1126/1285 train_time:62240ms step_avg:55.28ms
step:1127/1285 train_time:62317ms step_avg:55.29ms
step:1128/1285 train_time:62404ms step_avg:55.32ms
step:1129/1285 train_time:62481ms step_avg:55.34ms
step:1130/1285 train_time:62569ms step_avg:55.37ms
step:1131/1285 train_time:62648ms step_avg:55.39ms
step:1132/1285 train_time:62736ms step_avg:55.42ms
step:1133/1285 train_time:62813ms step_avg:55.44ms
step:1134/1285 train_time:62900ms step_avg:55.47ms
step:1135/1285 train_time:62978ms step_avg:55.49ms
step:1136/1285 train_time:63065ms step_avg:55.52ms
step:1137/1285 train_time:63143ms step_avg:55.53ms
step:1138/1285 train_time:63232ms step_avg:55.56ms
step:1139/1285 train_time:63311ms step_avg:55.58ms
step:1140/1285 train_time:63399ms step_avg:55.61ms
step:1141/1285 train_time:63476ms step_avg:55.63ms
step:1142/1285 train_time:63562ms step_avg:55.66ms
step:1143/1285 train_time:63640ms step_avg:55.68ms
step:1144/1285 train_time:63728ms step_avg:55.71ms
step:1145/1285 train_time:63807ms step_avg:55.73ms
step:1146/1285 train_time:63895ms step_avg:55.75ms
step:1147/1285 train_time:63973ms step_avg:55.77ms
step:1148/1285 train_time:64060ms step_avg:55.80ms
step:1149/1285 train_time:64137ms step_avg:55.82ms
step:1150/1285 train_time:64224ms step_avg:55.85ms
step:1151/1285 train_time:64302ms step_avg:55.87ms
step:1152/1285 train_time:64390ms step_avg:55.89ms
step:1153/1285 train_time:64469ms step_avg:55.91ms
step:1154/1285 train_time:64557ms step_avg:55.94ms
step:1155/1285 train_time:64634ms step_avg:55.96ms
step:1156/1285 train_time:64722ms step_avg:55.99ms
step:1157/1285 train_time:64800ms step_avg:56.01ms
step:1158/1285 train_time:64886ms step_avg:56.03ms
step:1159/1285 train_time:64964ms step_avg:56.05ms
step:1160/1285 train_time:65053ms step_avg:56.08ms
step:1161/1285 train_time:65130ms step_avg:56.10ms
step:1162/1285 train_time:65219ms step_avg:56.13ms
step:1163/1285 train_time:65297ms step_avg:56.15ms
step:1164/1285 train_time:65384ms step_avg:56.17ms
step:1165/1285 train_time:65462ms step_avg:56.19ms
step:1166/1285 train_time:65549ms step_avg:56.22ms
step:1167/1285 train_time:65626ms step_avg:56.23ms
step:1168/1285 train_time:65713ms step_avg:56.26ms
step:1169/1285 train_time:65792ms step_avg:56.28ms
step:1170/1285 train_time:65879ms step_avg:56.31ms
step:1171/1285 train_time:65956ms step_avg:56.32ms
step:1172/1285 train_time:66044ms step_avg:56.35ms
step:1173/1285 train_time:66121ms step_avg:56.37ms
step:1174/1285 train_time:66210ms step_avg:56.40ms
step:1175/1285 train_time:66290ms step_avg:56.42ms
step:1176/1285 train_time:66377ms step_avg:56.44ms
step:1177/1285 train_time:66456ms step_avg:56.46ms
step:1178/1285 train_time:66543ms step_avg:56.49ms
step:1179/1285 train_time:66619ms step_avg:56.51ms
step:1180/1285 train_time:66706ms step_avg:56.53ms
step:1181/1285 train_time:66783ms step_avg:56.55ms
step:1182/1285 train_time:66871ms step_avg:56.57ms
step:1183/1285 train_time:66950ms step_avg:56.59ms
step:1184/1285 train_time:67038ms step_avg:56.62ms
step:1185/1285 train_time:67116ms step_avg:56.64ms
step:1186/1285 train_time:67204ms step_avg:56.66ms
step:1187/1285 train_time:67283ms step_avg:56.68ms
step:1188/1285 train_time:67369ms step_avg:56.71ms
step:1189/1285 train_time:67448ms step_avg:56.73ms
step:1190/1285 train_time:67536ms step_avg:56.75ms
step:1191/1285 train_time:67614ms step_avg:56.77ms
step:1192/1285 train_time:67701ms step_avg:56.80ms
step:1193/1285 train_time:67778ms step_avg:56.81ms
step:1194/1285 train_time:67865ms step_avg:56.84ms
step:1195/1285 train_time:67942ms step_avg:56.86ms
step:1196/1285 train_time:68030ms step_avg:56.88ms
step:1197/1285 train_time:68111ms step_avg:56.90ms
step:1198/1285 train_time:68198ms step_avg:56.93ms
step:1199/1285 train_time:68276ms step_avg:56.94ms
step:1200/1285 train_time:68365ms step_avg:56.97ms
step:1201/1285 train_time:68442ms step_avg:56.99ms
step:1202/1285 train_time:68529ms step_avg:57.01ms
step:1203/1285 train_time:68611ms step_avg:57.03ms
step:1204/1285 train_time:68698ms step_avg:57.06ms
step:1205/1285 train_time:68776ms step_avg:57.08ms
step:1206/1285 train_time:68863ms step_avg:57.10ms
step:1207/1285 train_time:68939ms step_avg:57.12ms
step:1208/1285 train_time:69027ms step_avg:57.14ms
step:1209/1285 train_time:69106ms step_avg:57.16ms
step:1210/1285 train_time:69193ms step_avg:57.18ms
step:1211/1285 train_time:69271ms step_avg:57.20ms
step:1212/1285 train_time:69360ms step_avg:57.23ms
step:1213/1285 train_time:69438ms step_avg:57.25ms
step:1214/1285 train_time:69525ms step_avg:57.27ms
step:1215/1285 train_time:69602ms step_avg:57.29ms
step:1216/1285 train_time:69691ms step_avg:57.31ms
step:1217/1285 train_time:69770ms step_avg:57.33ms
step:1218/1285 train_time:69858ms step_avg:57.35ms
step:1219/1285 train_time:69935ms step_avg:57.37ms
step:1220/1285 train_time:70022ms step_avg:57.40ms
step:1221/1285 train_time:70099ms step_avg:57.41ms
step:1222/1285 train_time:70187ms step_avg:57.44ms
step:1223/1285 train_time:70264ms step_avg:57.45ms
step:1224/1285 train_time:70351ms step_avg:57.48ms
step:1225/1285 train_time:70432ms step_avg:57.50ms
step:1226/1285 train_time:70519ms step_avg:57.52ms
step:1227/1285 train_time:70597ms step_avg:57.54ms
step:1228/1285 train_time:70685ms step_avg:57.56ms
step:1229/1285 train_time:70761ms step_avg:57.58ms
step:1230/1285 train_time:70849ms step_avg:57.60ms
step:1231/1285 train_time:70928ms step_avg:57.62ms
step:1232/1285 train_time:71016ms step_avg:57.64ms
step:1233/1285 train_time:71095ms step_avg:57.66ms
step:1234/1285 train_time:71183ms step_avg:57.68ms
step:1235/1285 train_time:71261ms step_avg:57.70ms
step:1236/1285 train_time:71346ms step_avg:57.72ms
step:1237/1285 train_time:71424ms step_avg:57.74ms
step:1238/1285 train_time:71581ms step_avg:57.82ms
step:1239/1285 train_time:71621ms step_avg:57.81ms
step:1240/1285 train_time:71730ms step_avg:57.85ms
step:1241/1285 train_time:71805ms step_avg:57.86ms
step:1242/1285 train_time:71891ms step_avg:57.88ms
step:1243/1285 train_time:71969ms step_avg:57.90ms
step:1244/1285 train_time:72056ms step_avg:57.92ms
step:1245/1285 train_time:72132ms step_avg:57.94ms
step:1246/1285 train_time:72218ms step_avg:57.96ms
step:1247/1285 train_time:72297ms step_avg:57.98ms
step:1248/1285 train_time:72382ms step_avg:58.00ms
step:1249/1285 train_time:72459ms step_avg:58.01ms
step:1250/1285 train_time:72553ms step_avg:58.04ms
step:1250/1285 val_loss:3.29466701 train_time:72647ms step_avg:58.12ms
step:1251/1285 train_time:72684ms step_avg:58.10ms
step:1252/1285 train_time:72728ms step_avg:58.09ms
step:1253/1285 train_time:72808ms step_avg:58.11ms
step:1254/1285 train_time:72899ms step_avg:58.13ms
step:1255/1285 train_time:72978ms step_avg:58.15ms
step:1256/1285 train_time:73064ms step_avg:58.17ms
step:1257/1285 train_time:73142ms step_avg:58.19ms
step:1258/1285 train_time:73228ms step_avg:58.21ms
step:1259/1285 train_time:73306ms step_avg:58.23ms
step:1260/1285 train_time:73392ms step_avg:58.25ms
step:1261/1285 train_time:73469ms step_avg:58.26ms
step:1262/1285 train_time:73557ms step_avg:58.29ms
step:1263/1285 train_time:73638ms step_avg:58.30ms
step:1264/1285 train_time:73728ms step_avg:58.33ms
step:1265/1285 train_time:73808ms step_avg:58.35ms
step:1266/1285 train_time:73896ms step_avg:58.37ms
step:1267/1285 train_time:73973ms step_avg:58.38ms
step:1268/1285 train_time:74061ms step_avg:58.41ms
step:1269/1285 train_time:74140ms step_avg:58.42ms
step:1270/1285 train_time:74227ms step_avg:58.45ms
step:1271/1285 train_time:74307ms step_avg:58.46ms
step:1272/1285 train_time:74398ms step_avg:58.49ms
step:1273/1285 train_time:74475ms step_avg:58.50ms
step:1274/1285 train_time:74563ms step_avg:58.53ms
step:1275/1285 train_time:74644ms step_avg:58.54ms
step:1276/1285 train_time:74734ms step_avg:58.57ms
step:1277/1285 train_time:74812ms step_avg:58.58ms
step:1278/1285 train_time:74938ms step_avg:58.64ms
step:1279/1285 train_time:75033ms step_avg:58.67ms
step:1280/1285 train_time:75120ms step_avg:58.69ms
step:1281/1285 train_time:75184ms step_avg:58.69ms
step:1282/1285 train_time:75242ms step_avg:58.69ms
step:1283/1285 train_time:75313ms step_avg:58.70ms
step:1284/1285 train_time:75400ms step_avg:58.72ms
step:1285/1285 train_time:75478ms step_avg:58.74ms
step:1285/1285 val_loss:3.27809978 train_time:75568ms step_avg:58.81ms
peak memory allocated: 32129 MiB reserved: 39272 MiB
