HARNESS_TRAINING_ENV={"OMP_NUM_THREADS": "1", "MKL_NUM_THREADS": "1", "torch_num_threads": 1, "torch_num_interop_threads": 47}
[Gloo] Rank 0 is connected to 7 peer ranks. Expected number of connected peer ranks is : 7
[Gloo] Rank 1 is connected to 7 peer ranks. Expected number of connected peer ranks is : 7
[Gloo] Rank 2 is connected to 7 peer ranks. Expected number of connected peer ranks is : 7
[Gloo] Rank 3 is connected to 7 peer ranks. Expected number of connected peer ranks is : 7
[Gloo] Rank 4 is connected to 7 peer ranks. Expected number of connected peer ranks is : 7
[Gloo] Rank 6 is connected to 7 peer ranks. Expected number of connected peer ranks is : 7
[Gloo] Rank 5[Gloo] Rank  is connected to 77 is connected to  peer ranks. 7Expected number of connected peer ranks is : 7 peer ranks. 
Expected number of connected peer ranks is : 7
/workspace/train_gpt.py:1069: UserWarning: Skipping publisher trust check for 'kernels-community/flash-attn3' because Hugging Face Hub is in offline mode.
  flash_attn_interface = get_kernel('kernels-community/flash-attn3', version=1).flash_attn_interface
/workspace/train_gpt.py:1069: UserWarning: Skipping publisher trust check for 'kernels-community/flash-attn3' because Hugging Face Hub is in offline mode.
  flash_attn_interface = get_kernel('kernels-community/flash-attn3', version=1).flash_attn_interface
/workspace/train_gpt.py:1069: UserWarning: Skipping publisher trust check for 'kernels-community/flash-attn3' because Hugging Face Hub is in offline mode.
  flash_attn_interface = get_kernel('kernels-community/flash-attn3', version=1).flash_attn_interface
/workspace/train_gpt.py:1069: UserWarning: Skipping publisher trust check for 'kernels-community/flash-attn3' because Hugging Face Hub is in offline mode.
  flash_attn_interface = get_kernel('kernels-community/flash-attn3', version=1).flash_attn_interface
/workspace/train_gpt.py:1069: UserWarning: Skipping publisher trust check for 'kernels-community/flash-attn3' because Hugging Face Hub is in offline mode.
  flash_attn_interface = get_kernel('kernels-community/flash-attn3', version=1).flash_attn_interface
/workspace/train_gpt.py:1069: UserWarning: Skipping publisher trust check for 'kernels-community/flash-attn3' because Hugging Face Hub is in offline mode.
  flash_attn_interface = get_kernel('kernels-community/flash-attn3', version=1).flash_attn_interface
/workspace/train_gpt.py:1069: UserWarning: Skipping publisher trust check for 'kernels-community/flash-attn3' because Hugging Face Hub is in offline mode.
  flash_attn_interface = get_kernel('kernels-community/flash-attn3', version=1).flash_attn_interface
/workspace/train_gpt.py:1069: UserWarning: Skipping publisher trust check for 'kernels-community/flash-attn3' because Hugging Face Hub is in offline mode.
  flash_attn_interface = get_kernel('kernels-community/flash-attn3', version=1).flash_attn_interface
logs/932ffe0b-3665-4a36-8015-79e8c47200cd.txt
Compiling model and warming up kernels (~7 minutes on first execution)
Sampling steps [0, 1, 421, 422, 423, 424, 845, 846, 847, 848, 1268, 1269, 1270, 1271] for warmup
Resetting Model
step:0/1285 val_loss:10.82656479 train_time:69ms step_avg:69.42ms
step:1/1285 train_time:295ms step_avg:294.97ms
step:2/1285 train_time:382ms step_avg:191.20ms
step:3/1285 train_time:423ms step_avg:140.87ms
step:4/1285 train_time:465ms step_avg:116.32ms
step:5/1285 train_time:504ms step_avg:100.70ms
step:6/1285 train_time:543ms step_avg:90.57ms
step:7/1285 train_time:579ms step_avg:82.78ms
step:8/1285 train_time:621ms step_avg:77.59ms
step:9/1285 train_time:657ms step_avg:73.05ms
step:10/1285 train_time:701ms step_avg:70.08ms
step:11/1285 train_time:734ms step_avg:66.74ms
step:12/1285 train_time:769ms step_avg:64.11ms
step:13/1285 train_time:803ms step_avg:61.80ms
step:14/1285 train_time:839ms step_avg:59.93ms
step:15/1285 train_time:872ms step_avg:58.13ms
step:16/1285 train_time:911ms step_avg:56.93ms
step:17/1285 train_time:944ms step_avg:55.53ms
step:18/1285 train_time:982ms step_avg:54.56ms
step:19/1285 train_time:1014ms step_avg:53.37ms
step:20/1285 train_time:1055ms step_avg:52.74ms
step:21/1285 train_time:1088ms step_avg:51.81ms
step:22/1285 train_time:1123ms step_avg:51.03ms
step:23/1285 train_time:1154ms step_avg:50.15ms
step:24/1285 train_time:1190ms step_avg:49.59ms
step:25/1285 train_time:1223ms step_avg:48.94ms
step:26/1285 train_time:1260ms step_avg:48.47ms
step:27/1285 train_time:1292ms step_avg:47.85ms
step:28/1285 train_time:1328ms step_avg:47.41ms
step:29/1285 train_time:1358ms step_avg:46.83ms
step:30/1285 train_time:1394ms step_avg:46.47ms
step:31/1285 train_time:1426ms step_avg:46.00ms
step:32/1285 train_time:1461ms step_avg:45.67ms
step:33/1285 train_time:1495ms step_avg:45.30ms
step:34/1285 train_time:1529ms step_avg:44.96ms
step:35/1285 train_time:1560ms step_avg:44.58ms
step:36/1285 train_time:1596ms step_avg:44.34ms
step:37/1285 train_time:1627ms step_avg:43.96ms
step:38/1285 train_time:1663ms step_avg:43.75ms
step:39/1285 train_time:1695ms step_avg:43.46ms
step:40/1285 train_time:1730ms step_avg:43.25ms
step:41/1285 train_time:1763ms step_avg:43.00ms
step:42/1285 train_time:1800ms step_avg:42.85ms
step:43/1285 train_time:1831ms step_avg:42.58ms
step:44/1285 train_time:1866ms step_avg:42.42ms
step:45/1285 train_time:1900ms step_avg:42.23ms
step:46/1285 train_time:1936ms step_avg:42.08ms
step:47/1285 train_time:1968ms step_avg:41.87ms
step:48/1285 train_time:2004ms step_avg:41.75ms
step:49/1285 train_time:2036ms step_avg:41.55ms
step:50/1285 train_time:2070ms step_avg:41.39ms
step:51/1285 train_time:2101ms step_avg:41.19ms
step:52/1285 train_time:2136ms step_avg:41.07ms
step:53/1285 train_time:2167ms step_avg:40.88ms
step:54/1285 train_time:2200ms step_avg:40.73ms
step:55/1285 train_time:2229ms step_avg:40.53ms
step:56/1285 train_time:2264ms step_avg:40.43ms
step:57/1285 train_time:2296ms step_avg:40.28ms
step:58/1285 train_time:2331ms step_avg:40.18ms
step:59/1285 train_time:2361ms step_avg:40.03ms
step:60/1285 train_time:2396ms step_avg:39.93ms
step:61/1285 train_time:2426ms step_avg:39.76ms
step:62/1285 train_time:2463ms step_avg:39.73ms
step:63/1285 train_time:2497ms step_avg:39.63ms
step:64/1285 train_time:2530ms step_avg:39.53ms
step:65/1285 train_time:2563ms step_avg:39.42ms
step:66/1285 train_time:2598ms step_avg:39.37ms
step:67/1285 train_time:2629ms step_avg:39.24ms
step:68/1285 train_time:2669ms step_avg:39.24ms
step:69/1285 train_time:2701ms step_avg:39.15ms
step:70/1285 train_time:2739ms step_avg:39.13ms
step:71/1285 train_time:2770ms step_avg:39.01ms
step:72/1285 train_time:2805ms step_avg:38.96ms
step:73/1285 train_time:2836ms step_avg:38.85ms
step:74/1285 train_time:2872ms step_avg:38.81ms
step:75/1285 train_time:2905ms step_avg:38.74ms
step:76/1285 train_time:2941ms step_avg:38.69ms
step:77/1285 train_time:2972ms step_avg:38.59ms
step:78/1285 train_time:3007ms step_avg:38.56ms
step:79/1285 train_time:3037ms step_avg:38.45ms
step:80/1285 train_time:3073ms step_avg:38.41ms
step:81/1285 train_time:3105ms step_avg:38.33ms
step:82/1285 train_time:3139ms step_avg:38.29ms
step:83/1285 train_time:3173ms step_avg:38.22ms
step:84/1285 train_time:3208ms step_avg:38.19ms
step:85/1285 train_time:3239ms step_avg:38.10ms
step:86/1285 train_time:3275ms step_avg:38.08ms
step:87/1285 train_time:3305ms step_avg:37.98ms
step:88/1285 train_time:3339ms step_avg:37.94ms
step:89/1285 train_time:3371ms step_avg:37.88ms
step:90/1285 train_time:3407ms step_avg:37.86ms
step:91/1285 train_time:3440ms step_avg:37.80ms
step:92/1285 train_time:3476ms step_avg:37.78ms
step:93/1285 train_time:3508ms step_avg:37.72ms
step:94/1285 train_time:3544ms step_avg:37.70ms
step:95/1285 train_time:3576ms step_avg:37.64ms
step:96/1285 train_time:3613ms step_avg:37.64ms
step:97/1285 train_time:3643ms step_avg:37.55ms
step:98/1285 train_time:3678ms step_avg:37.53ms
step:99/1285 train_time:3710ms step_avg:37.47ms
step:100/1285 train_time:3746ms step_avg:37.46ms
step:101/1285 train_time:3776ms step_avg:37.39ms
step:102/1285 train_time:3812ms step_avg:37.37ms
step:103/1285 train_time:3844ms step_avg:37.32ms
step:104/1285 train_time:3879ms step_avg:37.30ms
step:105/1285 train_time:3910ms step_avg:37.24ms
step:106/1285 train_time:3947ms step_avg:37.23ms
step:107/1285 train_time:3981ms step_avg:37.20ms
step:108/1285 train_time:4014ms step_avg:37.17ms
step:109/1285 train_time:4046ms step_avg:37.11ms
step:110/1285 train_time:4081ms step_avg:37.10ms
step:111/1285 train_time:4114ms step_avg:37.06ms
step:112/1285 train_time:4148ms step_avg:37.04ms
step:113/1285 train_time:4180ms step_avg:36.99ms
step:114/1285 train_time:4214ms step_avg:36.97ms
step:115/1285 train_time:4245ms step_avg:36.91ms
step:116/1285 train_time:4281ms step_avg:36.90ms
step:117/1285 train_time:4313ms step_avg:36.87ms
step:118/1285 train_time:4350ms step_avg:36.86ms
step:119/1285 train_time:4380ms step_avg:36.81ms
step:120/1285 train_time:4415ms step_avg:36.79ms
step:121/1285 train_time:4446ms step_avg:36.74ms
step:122/1285 train_time:4479ms step_avg:36.71ms
step:123/1285 train_time:4510ms step_avg:36.67ms
step:124/1285 train_time:4547ms step_avg:36.67ms
step:125/1285 train_time:4580ms step_avg:36.64ms
step:126/1285 train_time:4617ms step_avg:36.64ms
step:127/1285 train_time:4648ms step_avg:36.60ms
step:128/1285 train_time:4685ms step_avg:36.60ms
step:129/1285 train_time:4718ms step_avg:36.57ms
step:130/1285 train_time:4754ms step_avg:36.57ms
step:131/1285 train_time:4786ms step_avg:36.53ms
step:132/1285 train_time:4822ms step_avg:36.53ms
step:133/1285 train_time:4856ms step_avg:36.51ms
step:134/1285 train_time:4893ms step_avg:36.52ms
step:135/1285 train_time:4925ms step_avg:36.48ms
step:136/1285 train_time:4961ms step_avg:36.48ms
step:137/1285 train_time:4995ms step_avg:36.46ms
step:138/1285 train_time:5032ms step_avg:36.46ms
step:139/1285 train_time:5064ms step_avg:36.43ms
step:140/1285 train_time:5099ms step_avg:36.42ms
step:141/1285 train_time:5130ms step_avg:36.38ms
step:142/1285 train_time:5164ms step_avg:36.37ms
step:143/1285 train_time:5191ms step_avg:36.30ms
step:144/1285 train_time:5229ms step_avg:36.31ms
step:145/1285 train_time:5259ms step_avg:36.27ms
step:146/1285 train_time:5294ms step_avg:36.26ms
step:147/1285 train_time:5328ms step_avg:36.25ms
step:148/1285 train_time:5365ms step_avg:36.25ms
step:149/1285 train_time:5397ms step_avg:36.22ms
step:150/1285 train_time:5435ms step_avg:36.23ms
step:151/1285 train_time:5466ms step_avg:36.20ms
step:152/1285 train_time:5502ms step_avg:36.20ms
step:153/1285 train_time:5533ms step_avg:36.16ms
step:154/1285 train_time:5568ms step_avg:36.16ms
step:155/1285 train_time:5602ms step_avg:36.14ms
step:156/1285 train_time:5643ms step_avg:36.17ms
step:157/1285 train_time:5675ms step_avg:36.14ms
step:158/1285 train_time:5712ms step_avg:36.15ms
step:159/1285 train_time:5744ms step_avg:36.12ms
step:160/1285 train_time:5779ms step_avg:36.12ms
step:161/1285 train_time:5811ms step_avg:36.10ms
step:162/1285 train_time:5849ms step_avg:36.10ms
step:163/1285 train_time:5880ms step_avg:36.07ms
step:164/1285 train_time:5918ms step_avg:36.08ms
step:165/1285 train_time:5950ms step_avg:36.06ms
step:166/1285 train_time:5985ms step_avg:36.06ms
step:167/1285 train_time:6018ms step_avg:36.03ms
step:168/1285 train_time:6056ms step_avg:36.04ms
step:169/1285 train_time:6088ms step_avg:36.03ms
step:170/1285 train_time:6124ms step_avg:36.03ms
step:171/1285 train_time:6154ms step_avg:35.99ms
step:172/1285 train_time:6191ms step_avg:35.99ms
step:173/1285 train_time:6224ms step_avg:35.97ms
step:174/1285 train_time:6260ms step_avg:35.98ms
step:175/1285 train_time:6293ms step_avg:35.96ms
step:176/1285 train_time:6329ms step_avg:35.96ms
step:177/1285 train_time:6359ms step_avg:35.92ms
step:178/1285 train_time:6395ms step_avg:35.93ms
step:179/1285 train_time:6427ms step_avg:35.91ms
step:180/1285 train_time:6464ms step_avg:35.91ms
step:181/1285 train_time:6496ms step_avg:35.89ms
step:182/1285 train_time:6532ms step_avg:35.89ms
step:183/1285 train_time:6563ms step_avg:35.87ms
step:184/1285 train_time:6601ms step_avg:35.88ms
step:185/1285 train_time:6635ms step_avg:35.86ms
step:186/1285 train_time:6674ms step_avg:35.88ms
step:187/1285 train_time:6706ms step_avg:35.86ms
step:188/1285 train_time:6742ms step_avg:35.86ms
step:189/1285 train_time:6773ms step_avg:35.84ms
step:190/1285 train_time:6808ms step_avg:35.83ms
step:191/1285 train_time:6842ms step_avg:35.82ms
step:192/1285 train_time:6876ms step_avg:35.81ms
step:193/1285 train_time:6906ms step_avg:35.78ms
step:194/1285 train_time:6943ms step_avg:35.79ms
step:195/1285 train_time:6973ms step_avg:35.76ms
step:196/1285 train_time:7009ms step_avg:35.76ms
step:197/1285 train_time:7040ms step_avg:35.74ms
step:198/1285 train_time:7077ms step_avg:35.74ms
step:199/1285 train_time:7110ms step_avg:35.73ms
step:200/1285 train_time:7148ms step_avg:35.74ms
step:201/1285 train_time:7179ms step_avg:35.71ms
step:202/1285 train_time:7213ms step_avg:35.71ms
step:203/1285 train_time:7242ms step_avg:35.68ms
step:204/1285 train_time:7277ms step_avg:35.67ms
step:205/1285 train_time:7306ms step_avg:35.64ms
step:206/1285 train_time:7343ms step_avg:35.65ms
step:207/1285 train_time:7374ms step_avg:35.62ms
step:208/1285 train_time:7411ms step_avg:35.63ms
step:209/1285 train_time:7443ms step_avg:35.61ms
step:210/1285 train_time:7478ms step_avg:35.61ms
step:211/1285 train_time:7511ms step_avg:35.60ms
step:212/1285 train_time:7550ms step_avg:35.61ms
step:213/1285 train_time:7583ms step_avg:35.60ms
step:214/1285 train_time:7619ms step_avg:35.60ms
step:215/1285 train_time:7649ms step_avg:35.58ms
step:216/1285 train_time:7687ms step_avg:35.59ms
step:217/1285 train_time:7717ms step_avg:35.56ms
step:218/1285 train_time:7753ms step_avg:35.57ms
step:219/1285 train_time:7785ms step_avg:35.55ms
step:220/1285 train_time:7822ms step_avg:35.55ms
step:221/1285 train_time:7854ms step_avg:35.54ms
step:222/1285 train_time:7890ms step_avg:35.54ms
step:223/1285 train_time:7923ms step_avg:35.53ms
step:224/1285 train_time:7958ms step_avg:35.53ms
step:225/1285 train_time:7989ms step_avg:35.51ms
step:226/1285 train_time:8024ms step_avg:35.50ms
step:227/1285 train_time:8057ms step_avg:35.49ms
step:228/1285 train_time:8094ms step_avg:35.50ms
step:229/1285 train_time:8127ms step_avg:35.49ms
step:230/1285 train_time:8160ms step_avg:35.48ms
step:231/1285 train_time:8191ms step_avg:35.46ms
step:232/1285 train_time:8227ms step_avg:35.46ms
step:233/1285 train_time:8255ms step_avg:35.43ms
step:234/1285 train_time:8290ms step_avg:35.43ms
step:235/1285 train_time:8321ms step_avg:35.41ms
step:236/1285 train_time:8357ms step_avg:35.41ms
step:237/1285 train_time:8391ms step_avg:35.40ms
step:238/1285 train_time:8427ms step_avg:35.41ms
step:239/1285 train_time:8457ms step_avg:35.39ms
step:240/1285 train_time:8493ms step_avg:35.39ms
step:241/1285 train_time:8524ms step_avg:35.37ms
step:242/1285 train_time:8560ms step_avg:35.37ms
step:243/1285 train_time:8593ms step_avg:35.36ms
step:244/1285 train_time:8629ms step_avg:35.36ms
step:245/1285 train_time:8661ms step_avg:35.35ms
step:246/1285 train_time:8697ms step_avg:35.36ms
step:247/1285 train_time:8729ms step_avg:35.34ms
step:248/1285 train_time:8766ms step_avg:35.35ms
step:249/1285 train_time:8797ms step_avg:35.33ms
step:250/1285 train_time:8834ms step_avg:35.33ms
step:250/1285 val_loss:4.51282120 train_time:8853ms step_avg:35.41ms
step:251/1285 train_time:8888ms step_avg:35.41ms
step:252/1285 train_time:8922ms step_avg:35.40ms
step:253/1285 train_time:8952ms step_avg:35.38ms
step:254/1285 train_time:8991ms step_avg:35.40ms
step:255/1285 train_time:9022ms step_avg:35.38ms
step:256/1285 train_time:9057ms step_avg:35.38ms
step:257/1285 train_time:9090ms step_avg:35.37ms
step:258/1285 train_time:9123ms step_avg:35.36ms
step:259/1285 train_time:9155ms step_avg:35.35ms
step:260/1285 train_time:9191ms step_avg:35.35ms
step:261/1285 train_time:9222ms step_avg:35.33ms
step:262/1285 train_time:9260ms step_avg:35.34ms
step:263/1285 train_time:9290ms step_avg:35.32ms
step:264/1285 train_time:9326ms step_avg:35.33ms
step:265/1285 train_time:9357ms step_avg:35.31ms
step:266/1285 train_time:9391ms step_avg:35.30ms
step:267/1285 train_time:9422ms step_avg:35.29ms
step:268/1285 train_time:9457ms step_avg:35.29ms
step:269/1285 train_time:9488ms step_avg:35.27ms
step:270/1285 train_time:9522ms step_avg:35.27ms
step:271/1285 train_time:9555ms step_avg:35.26ms
step:272/1285 train_time:9589ms step_avg:35.25ms
step:273/1285 train_time:9619ms step_avg:35.23ms
step:274/1285 train_time:9655ms step_avg:35.24ms
step:275/1285 train_time:9686ms step_avg:35.22ms
step:276/1285 train_time:9723ms step_avg:35.23ms
step:277/1285 train_time:9758ms step_avg:35.23ms
step:278/1285 train_time:9795ms step_avg:35.23ms
step:279/1285 train_time:9828ms step_avg:35.23ms
step:280/1285 train_time:9865ms step_avg:35.23ms
step:281/1285 train_time:9896ms step_avg:35.22ms
step:282/1285 train_time:9931ms step_avg:35.22ms
step:283/1285 train_time:9963ms step_avg:35.20ms
step:284/1285 train_time:9997ms step_avg:35.20ms
step:285/1285 train_time:10029ms step_avg:35.19ms
step:286/1285 train_time:10065ms step_avg:35.19ms
step:287/1285 train_time:10099ms step_avg:35.19ms
step:288/1285 train_time:10135ms step_avg:35.19ms
step:289/1285 train_time:10165ms step_avg:35.17ms
step:290/1285 train_time:10203ms step_avg:35.18ms
step:291/1285 train_time:10236ms step_avg:35.17ms
step:292/1285 train_time:10272ms step_avg:35.18ms
step:293/1285 train_time:10306ms step_avg:35.17ms
step:294/1285 train_time:10342ms step_avg:35.18ms
step:295/1285 train_time:10375ms step_avg:35.17ms
step:296/1285 train_time:10411ms step_avg:35.17ms
step:297/1285 train_time:10443ms step_avg:35.16ms
step:298/1285 train_time:10480ms step_avg:35.17ms
step:299/1285 train_time:10512ms step_avg:35.16ms
step:300/1285 train_time:10548ms step_avg:35.16ms
step:301/1285 train_time:10580ms step_avg:35.15ms
step:302/1285 train_time:10616ms step_avg:35.15ms
step:303/1285 train_time:10647ms step_avg:35.14ms
step:304/1285 train_time:10683ms step_avg:35.14ms
step:305/1285 train_time:10714ms step_avg:35.13ms
step:306/1285 train_time:10754ms step_avg:35.14ms
step:307/1285 train_time:10785ms step_avg:35.13ms
step:308/1285 train_time:10822ms step_avg:35.14ms
step:309/1285 train_time:10854ms step_avg:35.13ms
step:310/1285 train_time:10889ms step_avg:35.13ms
step:311/1285 train_time:10923ms step_avg:35.12ms
step:312/1285 train_time:10958ms step_avg:35.12ms
step:313/1285 train_time:10987ms step_avg:35.10ms
step:314/1285 train_time:11021ms step_avg:35.10ms
step:315/1285 train_time:11053ms step_avg:35.09ms
step:316/1285 train_time:11089ms step_avg:35.09ms
step:317/1285 train_time:11122ms step_avg:35.09ms
step:318/1285 train_time:11156ms step_avg:35.08ms
step:319/1285 train_time:11189ms step_avg:35.07ms
step:320/1285 train_time:11224ms step_avg:35.07ms
step:321/1285 train_time:11255ms step_avg:35.06ms
step:322/1285 train_time:11290ms step_avg:35.06ms
step:323/1285 train_time:11324ms step_avg:35.06ms
step:324/1285 train_time:11361ms step_avg:35.07ms
step:325/1285 train_time:11394ms step_avg:35.06ms
step:326/1285 train_time:11429ms step_avg:35.06ms
step:327/1285 train_time:11465ms step_avg:35.06ms
step:328/1285 train_time:11501ms step_avg:35.06ms
step:329/1285 train_time:11531ms step_avg:35.05ms
step:330/1285 train_time:11569ms step_avg:35.06ms
step:331/1285 train_time:11601ms step_avg:35.05ms
step:332/1285 train_time:11637ms step_avg:35.05ms
step:333/1285 train_time:11669ms step_avg:35.04ms
step:334/1285 train_time:11704ms step_avg:35.04ms
step:335/1285 train_time:11738ms step_avg:35.04ms
step:336/1285 train_time:11773ms step_avg:35.04ms
step:337/1285 train_time:11804ms step_avg:35.03ms
step:338/1285 train_time:11840ms step_avg:35.03ms
step:339/1285 train_time:11870ms step_avg:35.02ms
step:340/1285 train_time:11906ms step_avg:35.02ms
step:341/1285 train_time:11937ms step_avg:35.01ms
step:342/1285 train_time:11974ms step_avg:35.01ms
step:343/1285 train_time:12006ms step_avg:35.00ms
step:344/1285 train_time:12043ms step_avg:35.01ms
step:345/1285 train_time:12074ms step_avg:35.00ms
step:346/1285 train_time:12109ms step_avg:35.00ms
step:347/1285 train_time:12141ms step_avg:34.99ms
step:348/1285 train_time:12176ms step_avg:34.99ms
step:349/1285 train_time:12208ms step_avg:34.98ms
step:350/1285 train_time:12243ms step_avg:34.98ms
step:351/1285 train_time:12273ms step_avg:34.97ms
step:352/1285 train_time:12310ms step_avg:34.97ms
step:353/1285 train_time:12343ms step_avg:34.97ms
step:354/1285 train_time:12378ms step_avg:34.97ms
step:355/1285 train_time:12410ms step_avg:34.96ms
step:356/1285 train_time:12445ms step_avg:34.96ms
step:357/1285 train_time:12479ms step_avg:34.95ms
step:358/1285 train_time:12515ms step_avg:34.96ms
step:359/1285 train_time:12545ms step_avg:34.94ms
step:360/1285 train_time:12578ms step_avg:34.94ms
step:361/1285 train_time:12614ms step_avg:34.94ms
step:362/1285 train_time:12648ms step_avg:34.94ms
step:363/1285 train_time:12678ms step_avg:34.93ms
step:364/1285 train_time:12712ms step_avg:34.92ms
step:365/1285 train_time:12743ms step_avg:34.91ms
step:366/1285 train_time:12779ms step_avg:34.92ms
step:367/1285 train_time:12810ms step_avg:34.90ms
step:368/1285 train_time:12846ms step_avg:34.91ms
step:369/1285 train_time:12877ms step_avg:34.90ms
step:370/1285 train_time:12914ms step_avg:34.90ms
step:371/1285 train_time:12946ms step_avg:34.89ms
step:372/1285 train_time:12980ms step_avg:34.89ms
step:373/1285 train_time:13010ms step_avg:34.88ms
step:374/1285 train_time:13045ms step_avg:34.88ms
step:375/1285 train_time:13076ms step_avg:34.87ms
step:376/1285 train_time:13111ms step_avg:34.87ms
step:377/1285 train_time:13143ms step_avg:34.86ms
step:378/1285 train_time:13177ms step_avg:34.86ms
step:379/1285 train_time:13208ms step_avg:34.85ms
step:380/1285 train_time:13244ms step_avg:34.85ms
step:381/1285 train_time:13275ms step_avg:34.84ms
step:382/1285 train_time:13311ms step_avg:34.85ms
step:383/1285 train_time:13344ms step_avg:34.84ms
step:384/1285 train_time:13381ms step_avg:34.85ms
step:385/1285 train_time:13414ms step_avg:34.84ms
step:386/1285 train_time:13454ms step_avg:34.85ms
step:387/1285 train_time:13485ms step_avg:34.84ms
step:388/1285 train_time:13519ms step_avg:34.84ms
step:389/1285 train_time:13551ms step_avg:34.84ms
step:390/1285 train_time:13585ms step_avg:34.83ms
step:391/1285 train_time:13619ms step_avg:34.83ms
step:392/1285 train_time:13657ms step_avg:34.84ms
step:393/1285 train_time:13688ms step_avg:34.83ms
step:394/1285 train_time:13724ms step_avg:34.83ms
step:395/1285 train_time:13760ms step_avg:34.83ms
step:396/1285 train_time:13794ms step_avg:34.83ms
step:397/1285 train_time:13826ms step_avg:34.83ms
step:398/1285 train_time:13863ms step_avg:34.83ms
step:399/1285 train_time:13894ms step_avg:34.82ms
step:400/1285 train_time:13925ms step_avg:34.81ms
step:401/1285 train_time:13958ms step_avg:34.81ms
step:402/1285 train_time:13994ms step_avg:34.81ms
step:403/1285 train_time:14028ms step_avg:34.81ms
step:404/1285 train_time:14064ms step_avg:34.81ms
step:405/1285 train_time:14097ms step_avg:34.81ms
step:406/1285 train_time:14131ms step_avg:34.81ms
step:407/1285 train_time:14164ms step_avg:34.80ms
step:408/1285 train_time:14204ms step_avg:34.81ms
step:409/1285 train_time:14234ms step_avg:34.80ms
step:410/1285 train_time:14271ms step_avg:34.81ms
step:411/1285 train_time:14304ms step_avg:34.80ms
step:412/1285 train_time:14340ms step_avg:34.81ms
step:413/1285 train_time:14371ms step_avg:34.80ms
step:414/1285 train_time:14406ms step_avg:34.80ms
step:415/1285 train_time:14442ms step_avg:34.80ms
step:416/1285 train_time:14481ms step_avg:34.81ms
step:417/1285 train_time:14511ms step_avg:34.80ms
step:418/1285 train_time:14547ms step_avg:34.80ms
step:419/1285 train_time:14580ms step_avg:34.80ms
step:420/1285 train_time:14615ms step_avg:34.80ms
step:421/1285 train_time:14648ms step_avg:34.79ms
step:422/1285 train_time:14685ms step_avg:34.80ms
step:423/1285 train_time:14718ms step_avg:34.79ms
step:424/1285 train_time:14755ms step_avg:34.80ms
step:425/1285 train_time:14790ms step_avg:34.80ms
step:426/1285 train_time:14840ms step_avg:34.83ms
step:427/1285 train_time:14892ms step_avg:34.88ms
step:428/1285 train_time:14953ms step_avg:34.94ms
step:429/1285 train_time:15005ms step_avg:34.98ms
step:430/1285 train_time:15067ms step_avg:35.04ms
step:431/1285 train_time:15118ms step_avg:35.08ms
step:432/1285 train_time:15180ms step_avg:35.14ms
step:433/1285 train_time:15231ms step_avg:35.18ms
step:434/1285 train_time:15293ms step_avg:35.24ms
step:435/1285 train_time:15345ms step_avg:35.28ms
step:436/1285 train_time:15408ms step_avg:35.34ms
step:437/1285 train_time:15462ms step_avg:35.38ms
step:438/1285 train_time:15524ms step_avg:35.44ms
step:439/1285 train_time:15578ms step_avg:35.49ms
step:440/1285 train_time:15641ms step_avg:35.55ms
step:441/1285 train_time:15694ms step_avg:35.59ms
step:442/1285 train_time:15756ms step_avg:35.65ms
step:443/1285 train_time:15809ms step_avg:35.69ms
step:444/1285 train_time:15872ms step_avg:35.75ms
step:445/1285 train_time:15924ms step_avg:35.78ms
step:446/1285 train_time:15985ms step_avg:35.84ms
step:447/1285 train_time:16038ms step_avg:35.88ms
step:448/1285 train_time:16100ms step_avg:35.94ms
step:449/1285 train_time:16152ms step_avg:35.97ms
step:450/1285 train_time:16213ms step_avg:36.03ms
step:451/1285 train_time:16266ms step_avg:36.07ms
step:452/1285 train_time:16327ms step_avg:36.12ms
step:453/1285 train_time:16380ms step_avg:36.16ms
step:454/1285 train_time:16442ms step_avg:36.21ms
step:455/1285 train_time:16496ms step_avg:36.25ms
step:456/1285 train_time:16559ms step_avg:36.31ms
step:457/1285 train_time:16611ms step_avg:36.35ms
step:458/1285 train_time:16674ms step_avg:36.41ms
step:459/1285 train_time:16727ms step_avg:36.44ms
step:460/1285 train_time:16790ms step_avg:36.50ms
step:461/1285 train_time:16842ms step_avg:36.53ms
step:462/1285 train_time:16904ms step_avg:36.59ms
step:463/1285 train_time:16956ms step_avg:36.62ms
step:464/1285 train_time:17019ms step_avg:36.68ms
step:465/1285 train_time:17072ms step_avg:36.71ms
step:466/1285 train_time:17133ms step_avg:36.77ms
step:467/1285 train_time:17185ms step_avg:36.80ms
step:468/1285 train_time:17248ms step_avg:36.85ms
step:469/1285 train_time:17300ms step_avg:36.89ms
step:470/1285 train_time:17362ms step_avg:36.94ms
step:471/1285 train_time:17414ms step_avg:36.97ms
step:472/1285 train_time:17477ms step_avg:37.03ms
step:473/1285 train_time:17530ms step_avg:37.06ms
step:474/1285 train_time:17592ms step_avg:37.11ms
step:475/1285 train_time:17646ms step_avg:37.15ms
step:476/1285 train_time:17708ms step_avg:37.20ms
step:477/1285 train_time:17885ms step_avg:37.50ms
step:478/1285 train_time:17929ms step_avg:37.51ms
step:479/1285 train_time:17968ms step_avg:37.51ms
step:480/1285 train_time:18013ms step_avg:37.53ms
step:481/1285 train_time:18063ms step_avg:37.55ms
step:482/1285 train_time:18124ms step_avg:37.60ms
step:483/1285 train_time:18176ms step_avg:37.63ms
step:484/1285 train_time:18236ms step_avg:37.68ms
step:485/1285 train_time:18288ms step_avg:37.71ms
step:486/1285 train_time:18350ms step_avg:37.76ms
step:487/1285 train_time:18402ms step_avg:37.79ms
step:488/1285 train_time:18464ms step_avg:37.84ms
step:489/1285 train_time:18516ms step_avg:37.87ms
step:490/1285 train_time:18577ms step_avg:37.91ms
step:491/1285 train_time:18628ms step_avg:37.94ms
step:492/1285 train_time:18691ms step_avg:37.99ms
step:493/1285 train_time:18745ms step_avg:38.02ms
step:494/1285 train_time:18809ms step_avg:38.08ms
step:495/1285 train_time:18863ms step_avg:38.11ms
step:496/1285 train_time:18926ms step_avg:38.16ms
step:497/1285 train_time:18980ms step_avg:38.19ms
step:498/1285 train_time:19042ms step_avg:38.24ms
step:499/1285 train_time:19094ms step_avg:38.26ms
step:500/1285 train_time:19157ms step_avg:38.31ms
step:500/1285 val_loss:4.14790726 train_time:19217ms step_avg:38.43ms
step:501/1285 train_time:19254ms step_avg:38.43ms
step:502/1285 train_time:19294ms step_avg:38.43ms
step:503/1285 train_time:19326ms step_avg:38.42ms
step:504/1285 train_time:19391ms step_avg:38.47ms
step:505/1285 train_time:19447ms step_avg:38.51ms
step:506/1285 train_time:19510ms step_avg:38.56ms
step:507/1285 train_time:19562ms step_avg:38.58ms
step:508/1285 train_time:19625ms step_avg:38.63ms
step:509/1285 train_time:19675ms step_avg:38.66ms
step:510/1285 train_time:19737ms step_avg:38.70ms
step:511/1285 train_time:19788ms step_avg:38.72ms
step:512/1285 train_time:19850ms step_avg:38.77ms
step:513/1285 train_time:19902ms step_avg:38.80ms
step:514/1285 train_time:19965ms step_avg:38.84ms
step:515/1285 train_time:20017ms step_avg:38.87ms
step:516/1285 train_time:20078ms step_avg:38.91ms
step:517/1285 train_time:20135ms step_avg:38.95ms
step:518/1285 train_time:20200ms step_avg:39.00ms
step:519/1285 train_time:20253ms step_avg:39.02ms
step:520/1285 train_time:20316ms step_avg:39.07ms
step:521/1285 train_time:20368ms step_avg:39.09ms
step:522/1285 train_time:20431ms step_avg:39.14ms
step:523/1285 train_time:20484ms step_avg:39.17ms
step:524/1285 train_time:20546ms step_avg:39.21ms
step:525/1285 train_time:20598ms step_avg:39.23ms
step:526/1285 train_time:20660ms step_avg:39.28ms
step:527/1285 train_time:20711ms step_avg:39.30ms
step:528/1285 train_time:20773ms step_avg:39.34ms
step:529/1285 train_time:20825ms step_avg:39.37ms
step:530/1285 train_time:20887ms step_avg:39.41ms
step:531/1285 train_time:20939ms step_avg:39.43ms
step:532/1285 train_time:21002ms step_avg:39.48ms
step:533/1285 train_time:21055ms step_avg:39.50ms
step:534/1285 train_time:21118ms step_avg:39.55ms
step:535/1285 train_time:21172ms step_avg:39.57ms
step:536/1285 train_time:21234ms step_avg:39.62ms
step:537/1285 train_time:21289ms step_avg:39.64ms
step:538/1285 train_time:21352ms step_avg:39.69ms
step:539/1285 train_time:21406ms step_avg:39.71ms
step:540/1285 train_time:21468ms step_avg:39.76ms
step:541/1285 train_time:21521ms step_avg:39.78ms
step:542/1285 train_time:21583ms step_avg:39.82ms
step:543/1285 train_time:21635ms step_avg:39.84ms
step:544/1285 train_time:21697ms step_avg:39.88ms
step:545/1285 train_time:21750ms step_avg:39.91ms
step:546/1285 train_time:21811ms step_avg:39.95ms
step:547/1285 train_time:21864ms step_avg:39.97ms
step:548/1285 train_time:21926ms step_avg:40.01ms
step:549/1285 train_time:21978ms step_avg:40.03ms
step:550/1285 train_time:22040ms step_avg:40.07ms
step:551/1285 train_time:22093ms step_avg:40.10ms
step:552/1285 train_time:22156ms step_avg:40.14ms
step:553/1285 train_time:22210ms step_avg:40.16ms
step:554/1285 train_time:22272ms step_avg:40.20ms
step:555/1285 train_time:22327ms step_avg:40.23ms
step:556/1285 train_time:22389ms step_avg:40.27ms
step:557/1285 train_time:22443ms step_avg:40.29ms
step:558/1285 train_time:22504ms step_avg:40.33ms
step:559/1285 train_time:22558ms step_avg:40.35ms
step:560/1285 train_time:22619ms step_avg:40.39ms
step:561/1285 train_time:22671ms step_avg:40.41ms
step:562/1285 train_time:22733ms step_avg:40.45ms
step:563/1285 train_time:22785ms step_avg:40.47ms
step:564/1285 train_time:22848ms step_avg:40.51ms
step:565/1285 train_time:22900ms step_avg:40.53ms
step:566/1285 train_time:22963ms step_avg:40.57ms
step:567/1285 train_time:23016ms step_avg:40.59ms
step:568/1285 train_time:23078ms step_avg:40.63ms
step:569/1285 train_time:23130ms step_avg:40.65ms
step:570/1285 train_time:23193ms step_avg:40.69ms
step:571/1285 train_time:23247ms step_avg:40.71ms
step:572/1285 train_time:23309ms step_avg:40.75ms
step:573/1285 train_time:23362ms step_avg:40.77ms
step:574/1285 train_time:23424ms step_avg:40.81ms
step:575/1285 train_time:23477ms step_avg:40.83ms
step:576/1285 train_time:23539ms step_avg:40.87ms
step:577/1285 train_time:23592ms step_avg:40.89ms
step:578/1285 train_time:23654ms step_avg:40.92ms
step:579/1285 train_time:23707ms step_avg:40.95ms
step:580/1285 train_time:23769ms step_avg:40.98ms
step:581/1285 train_time:23823ms step_avg:41.00ms
step:582/1285 train_time:23884ms step_avg:41.04ms
step:583/1285 train_time:23937ms step_avg:41.06ms
step:584/1285 train_time:23999ms step_avg:41.09ms
step:585/1285 train_time:24051ms step_avg:41.11ms
step:586/1285 train_time:24114ms step_avg:41.15ms
step:587/1285 train_time:24168ms step_avg:41.17ms
step:588/1285 train_time:24229ms step_avg:41.21ms
step:589/1285 train_time:24283ms step_avg:41.23ms
step:590/1285 train_time:24346ms step_avg:41.26ms
step:591/1285 train_time:24398ms step_avg:41.28ms
step:592/1285 train_time:24461ms step_avg:41.32ms
step:593/1285 train_time:24513ms step_avg:41.34ms
step:594/1285 train_time:24575ms step_avg:41.37ms
step:595/1285 train_time:24628ms step_avg:41.39ms
step:596/1285 train_time:24691ms step_avg:41.43ms
step:597/1285 train_time:24744ms step_avg:41.45ms
step:598/1285 train_time:24806ms step_avg:41.48ms
step:599/1285 train_time:24858ms step_avg:41.50ms
step:600/1285 train_time:24919ms step_avg:41.53ms
step:601/1285 train_time:24971ms step_avg:41.55ms
step:602/1285 train_time:25033ms step_avg:41.58ms
step:603/1285 train_time:25087ms step_avg:41.60ms
step:604/1285 train_time:25149ms step_avg:41.64ms
step:605/1285 train_time:25202ms step_avg:41.66ms
step:606/1285 train_time:25264ms step_avg:41.69ms
step:607/1285 train_time:25318ms step_avg:41.71ms
step:608/1285 train_time:25380ms step_avg:41.74ms
step:609/1285 train_time:25433ms step_avg:41.76ms
step:610/1285 train_time:25495ms step_avg:41.80ms
step:611/1285 train_time:25548ms step_avg:41.81ms
step:612/1285 train_time:25610ms step_avg:41.85ms
step:613/1285 train_time:25664ms step_avg:41.87ms
step:614/1285 train_time:25727ms step_avg:41.90ms
step:615/1285 train_time:25779ms step_avg:41.92ms
step:616/1285 train_time:25841ms step_avg:41.95ms
step:617/1285 train_time:25893ms step_avg:41.97ms
step:618/1285 train_time:25956ms step_avg:42.00ms
step:619/1285 train_time:26008ms step_avg:42.02ms
step:620/1285 train_time:26070ms step_avg:42.05ms
step:621/1285 train_time:26123ms step_avg:42.07ms
step:622/1285 train_time:26186ms step_avg:42.10ms
step:623/1285 train_time:26240ms step_avg:42.12ms
step:624/1285 train_time:26302ms step_avg:42.15ms
step:625/1285 train_time:26355ms step_avg:42.17ms
step:626/1285 train_time:26417ms step_avg:42.20ms
step:627/1285 train_time:26470ms step_avg:42.22ms
step:628/1285 train_time:26532ms step_avg:42.25ms
step:629/1285 train_time:26585ms step_avg:42.27ms
step:630/1285 train_time:26648ms step_avg:42.30ms
step:631/1285 train_time:26701ms step_avg:42.32ms
step:632/1285 train_time:26763ms step_avg:42.35ms
step:633/1285 train_time:26816ms step_avg:42.36ms
step:634/1285 train_time:26878ms step_avg:42.39ms
step:635/1285 train_time:26930ms step_avg:42.41ms
step:636/1285 train_time:26991ms step_avg:42.44ms
step:637/1285 train_time:27045ms step_avg:42.46ms
step:638/1285 train_time:27107ms step_avg:42.49ms
step:639/1285 train_time:27160ms step_avg:42.50ms
step:640/1285 train_time:27221ms step_avg:42.53ms
step:641/1285 train_time:27274ms step_avg:42.55ms
step:642/1285 train_time:27338ms step_avg:42.58ms
step:643/1285 train_time:27390ms step_avg:42.60ms
step:644/1285 train_time:27451ms step_avg:42.63ms
step:645/1285 train_time:27505ms step_avg:42.64ms
step:646/1285 train_time:27568ms step_avg:42.67ms
step:647/1285 train_time:27620ms step_avg:42.69ms
step:648/1285 train_time:27682ms step_avg:42.72ms
step:649/1285 train_time:27735ms step_avg:42.74ms
step:650/1285 train_time:27797ms step_avg:42.76ms
step:651/1285 train_time:27850ms step_avg:42.78ms
step:652/1285 train_time:27912ms step_avg:42.81ms
step:653/1285 train_time:27965ms step_avg:42.83ms
step:654/1285 train_time:28027ms step_avg:42.85ms
step:655/1285 train_time:28080ms step_avg:42.87ms
step:656/1285 train_time:28142ms step_avg:42.90ms
step:657/1285 train_time:28194ms step_avg:42.91ms
step:658/1285 train_time:28256ms step_avg:42.94ms
step:659/1285 train_time:28310ms step_avg:42.96ms
step:660/1285 train_time:28372ms step_avg:42.99ms
step:661/1285 train_time:28426ms step_avg:43.00ms
step:662/1285 train_time:28488ms step_avg:43.03ms
step:663/1285 train_time:28541ms step_avg:43.05ms
step:664/1285 train_time:28602ms step_avg:43.08ms
step:665/1285 train_time:28656ms step_avg:43.09ms
step:666/1285 train_time:28719ms step_avg:43.12ms
step:667/1285 train_time:28770ms step_avg:43.13ms
step:668/1285 train_time:28832ms step_avg:43.16ms
step:669/1285 train_time:28885ms step_avg:43.18ms
step:670/1285 train_time:28947ms step_avg:43.20ms
step:671/1285 train_time:29000ms step_avg:43.22ms
step:672/1285 train_time:29062ms step_avg:43.25ms
step:673/1285 train_time:29115ms step_avg:43.26ms
step:674/1285 train_time:29177ms step_avg:43.29ms
step:675/1285 train_time:29229ms step_avg:43.30ms
step:676/1285 train_time:29292ms step_avg:43.33ms
step:677/1285 train_time:29345ms step_avg:43.35ms
step:678/1285 train_time:29407ms step_avg:43.37ms
step:679/1285 train_time:29461ms step_avg:43.39ms
step:680/1285 train_time:29522ms step_avg:43.41ms
step:681/1285 train_time:29575ms step_avg:43.43ms
step:682/1285 train_time:29636ms step_avg:43.45ms
step:683/1285 train_time:29690ms step_avg:43.47ms
step:684/1285 train_time:29752ms step_avg:43.50ms
step:685/1285 train_time:29804ms step_avg:43.51ms
step:686/1285 train_time:29867ms step_avg:43.54ms
step:687/1285 train_time:29920ms step_avg:43.55ms
step:688/1285 train_time:29982ms step_avg:43.58ms
step:689/1285 train_time:30034ms step_avg:43.59ms
step:690/1285 train_time:30097ms step_avg:43.62ms
step:691/1285 train_time:30149ms step_avg:43.63ms
step:692/1285 train_time:30212ms step_avg:43.66ms
step:693/1285 train_time:30265ms step_avg:43.67ms
step:694/1285 train_time:30327ms step_avg:43.70ms
step:695/1285 train_time:30381ms step_avg:43.71ms
step:696/1285 train_time:30442ms step_avg:43.74ms
step:697/1285 train_time:30496ms step_avg:43.75ms
step:698/1285 train_time:30559ms step_avg:43.78ms
step:699/1285 train_time:30611ms step_avg:43.79ms
step:700/1285 train_time:30673ms step_avg:43.82ms
step:701/1285 train_time:30726ms step_avg:43.83ms
step:702/1285 train_time:30789ms step_avg:43.86ms
step:703/1285 train_time:30842ms step_avg:43.87ms
step:704/1285 train_time:30903ms step_avg:43.90ms
step:705/1285 train_time:30957ms step_avg:43.91ms
step:706/1285 train_time:31019ms step_avg:43.94ms
step:707/1285 train_time:31072ms step_avg:43.95ms
step:708/1285 train_time:31134ms step_avg:43.98ms
step:709/1285 train_time:31188ms step_avg:43.99ms
step:710/1285 train_time:31250ms step_avg:44.01ms
step:711/1285 train_time:31304ms step_avg:44.03ms
step:712/1285 train_time:31365ms step_avg:44.05ms
step:713/1285 train_time:31418ms step_avg:44.06ms
step:714/1285 train_time:31480ms step_avg:44.09ms
step:715/1285 train_time:31532ms step_avg:44.10ms
step:716/1285 train_time:31594ms step_avg:44.13ms
step:717/1285 train_time:31646ms step_avg:44.14ms
step:718/1285 train_time:31709ms step_avg:44.16ms
step:719/1285 train_time:31762ms step_avg:44.17ms
step:720/1285 train_time:31823ms step_avg:44.20ms
step:721/1285 train_time:31877ms step_avg:44.21ms
step:722/1285 train_time:31939ms step_avg:44.24ms
step:723/1285 train_time:31991ms step_avg:44.25ms
step:724/1285 train_time:32056ms step_avg:44.28ms
step:725/1285 train_time:32107ms step_avg:44.29ms
step:726/1285 train_time:32169ms step_avg:44.31ms
step:727/1285 train_time:32222ms step_avg:44.32ms
step:728/1285 train_time:32284ms step_avg:44.35ms
step:729/1285 train_time:32338ms step_avg:44.36ms
step:730/1285 train_time:32400ms step_avg:44.38ms
step:731/1285 train_time:32453ms step_avg:44.39ms
step:732/1285 train_time:32514ms step_avg:44.42ms
step:733/1285 train_time:32567ms step_avg:44.43ms
step:734/1285 train_time:32629ms step_avg:44.45ms
step:735/1285 train_time:32682ms step_avg:44.46ms
step:736/1285 train_time:32743ms step_avg:44.49ms
step:737/1285 train_time:32796ms step_avg:44.50ms
step:738/1285 train_time:32858ms step_avg:44.52ms
step:739/1285 train_time:32911ms step_avg:44.54ms
step:740/1285 train_time:32974ms step_avg:44.56ms
step:741/1285 train_time:33027ms step_avg:44.57ms
step:742/1285 train_time:33088ms step_avg:44.59ms
step:743/1285 train_time:33141ms step_avg:44.60ms
step:744/1285 train_time:33203ms step_avg:44.63ms
step:745/1285 train_time:33256ms step_avg:44.64ms
step:746/1285 train_time:33319ms step_avg:44.66ms
step:747/1285 train_time:33372ms step_avg:44.67ms
step:748/1285 train_time:33434ms step_avg:44.70ms
step:749/1285 train_time:33486ms step_avg:44.71ms
step:750/1285 train_time:33550ms step_avg:44.73ms
step:750/1285 val_loss:3.67931628 train_time:33611ms step_avg:44.81ms
step:751/1285 train_time:33645ms step_avg:44.80ms
step:752/1285 train_time:33683ms step_avg:44.79ms
step:753/1285 train_time:33720ms step_avg:44.78ms
step:754/1285 train_time:33785ms step_avg:44.81ms
step:755/1285 train_time:33840ms step_avg:44.82ms
step:756/1285 train_time:33903ms step_avg:44.85ms
step:757/1285 train_time:33956ms step_avg:44.86ms
step:758/1285 train_time:34017ms step_avg:44.88ms
step:759/1285 train_time:34070ms step_avg:44.89ms
step:760/1285 train_time:34131ms step_avg:44.91ms
step:761/1285 train_time:34182ms step_avg:44.92ms
step:762/1285 train_time:34244ms step_avg:44.94ms
step:763/1285 train_time:34296ms step_avg:44.95ms
step:764/1285 train_time:34357ms step_avg:44.97ms
step:765/1285 train_time:34409ms step_avg:44.98ms
step:766/1285 train_time:34470ms step_avg:45.00ms
step:767/1285 train_time:34525ms step_avg:45.01ms
step:768/1285 train_time:34589ms step_avg:45.04ms
step:769/1285 train_time:34644ms step_avg:45.05ms
step:770/1285 train_time:34708ms step_avg:45.07ms
step:771/1285 train_time:34761ms step_avg:45.09ms
step:772/1285 train_time:34823ms step_avg:45.11ms
step:773/1285 train_time:34875ms step_avg:45.12ms
step:774/1285 train_time:34937ms step_avg:45.14ms
step:775/1285 train_time:34990ms step_avg:45.15ms
step:776/1285 train_time:35051ms step_avg:45.17ms
step:777/1285 train_time:35103ms step_avg:45.18ms
step:778/1285 train_time:35166ms step_avg:45.20ms
step:779/1285 train_time:35217ms step_avg:45.21ms
step:780/1285 train_time:35279ms step_avg:45.23ms
step:781/1285 train_time:35332ms step_avg:45.24ms
step:782/1285 train_time:35393ms step_avg:45.26ms
step:783/1285 train_time:35445ms step_avg:45.27ms
step:784/1285 train_time:35507ms step_avg:45.29ms
step:785/1285 train_time:35560ms step_avg:45.30ms
step:786/1285 train_time:35623ms step_avg:45.32ms
step:787/1285 train_time:35675ms step_avg:45.33ms
step:788/1285 train_time:35738ms step_avg:45.35ms
step:789/1285 train_time:35792ms step_avg:45.36ms
step:790/1285 train_time:35855ms step_avg:45.39ms
step:791/1285 train_time:35908ms step_avg:45.40ms
step:792/1285 train_time:35970ms step_avg:45.42ms
step:793/1285 train_time:36022ms step_avg:45.43ms
step:794/1285 train_time:36086ms step_avg:45.45ms
step:795/1285 train_time:36136ms step_avg:45.45ms
step:796/1285 train_time:36269ms step_avg:45.56ms
step:797/1285 train_time:36320ms step_avg:45.57ms
step:798/1285 train_time:36382ms step_avg:45.59ms
step:799/1285 train_time:36433ms step_avg:45.60ms
step:800/1285 train_time:36494ms step_avg:45.62ms
step:801/1285 train_time:36546ms step_avg:45.63ms
step:802/1285 train_time:36608ms step_avg:45.65ms
step:803/1285 train_time:36659ms step_avg:45.65ms
step:804/1285 train_time:36720ms step_avg:45.67ms
step:805/1285 train_time:36772ms step_avg:45.68ms
step:806/1285 train_time:36834ms step_avg:45.70ms
step:807/1285 train_time:36886ms step_avg:45.71ms
step:808/1285 train_time:36947ms step_avg:45.73ms
step:809/1285 train_time:36999ms step_avg:45.73ms
step:810/1285 train_time:37061ms step_avg:45.75ms
step:811/1285 train_time:37118ms step_avg:45.77ms
step:812/1285 train_time:37183ms step_avg:45.79ms
step:813/1285 train_time:37238ms step_avg:45.80ms
step:814/1285 train_time:37301ms step_avg:45.82ms
step:815/1285 train_time:37354ms step_avg:45.83ms
step:816/1285 train_time:37416ms step_avg:45.85ms
step:817/1285 train_time:37469ms step_avg:45.86ms
step:818/1285 train_time:37530ms step_avg:45.88ms
step:819/1285 train_time:37582ms step_avg:45.89ms
step:820/1285 train_time:37644ms step_avg:45.91ms
step:821/1285 train_time:37695ms step_avg:45.91ms
step:822/1285 train_time:37758ms step_avg:45.93ms
step:823/1285 train_time:37809ms step_avg:45.94ms
step:824/1285 train_time:37870ms step_avg:45.96ms
step:825/1285 train_time:37923ms step_avg:45.97ms
step:826/1285 train_time:37985ms step_avg:45.99ms
step:827/1285 train_time:38037ms step_avg:45.99ms
step:828/1285 train_time:38100ms step_avg:46.01ms
step:829/1285 train_time:38154ms step_avg:46.02ms
step:830/1285 train_time:38217ms step_avg:46.04ms
step:831/1285 train_time:38271ms step_avg:46.05ms
step:832/1285 train_time:38333ms step_avg:46.07ms
step:833/1285 train_time:38385ms step_avg:46.08ms
step:834/1285 train_time:38448ms step_avg:46.10ms
step:835/1285 train_time:38499ms step_avg:46.11ms
step:836/1285 train_time:38562ms step_avg:46.13ms
step:837/1285 train_time:38613ms step_avg:46.13ms
step:838/1285 train_time:38675ms step_avg:46.15ms
step:839/1285 train_time:38728ms step_avg:46.16ms
step:840/1285 train_time:38790ms step_avg:46.18ms
step:841/1285 train_time:38842ms step_avg:46.19ms
step:842/1285 train_time:38902ms step_avg:46.20ms
step:843/1285 train_time:38955ms step_avg:46.21ms
step:844/1285 train_time:39016ms step_avg:46.23ms
step:845/1285 train_time:39071ms step_avg:46.24ms
step:846/1285 train_time:39133ms step_avg:46.26ms
step:847/1285 train_time:39186ms step_avg:46.26ms
step:848/1285 train_time:39251ms step_avg:46.29ms
step:849/1285 train_time:39330ms step_avg:46.33ms
step:850/1285 train_time:39417ms step_avg:46.37ms
step:851/1285 train_time:39495ms step_avg:46.41ms
step:852/1285 train_time:39583ms step_avg:46.46ms
step:853/1285 train_time:39662ms step_avg:46.50ms
step:854/1285 train_time:39749ms step_avg:46.54ms
step:855/1285 train_time:39826ms step_avg:46.58ms
step:856/1285 train_time:39911ms step_avg:46.62ms
step:857/1285 train_time:39988ms step_avg:46.66ms
step:858/1285 train_time:40076ms step_avg:46.71ms
step:859/1285 train_time:40157ms step_avg:46.75ms
step:860/1285 train_time:40246ms step_avg:46.80ms
step:861/1285 train_time:40324ms step_avg:46.83ms
step:862/1285 train_time:40410ms step_avg:46.88ms
step:863/1285 train_time:40488ms step_avg:46.92ms
step:864/1285 train_time:40575ms step_avg:46.96ms
step:865/1285 train_time:40655ms step_avg:47.00ms
step:866/1285 train_time:40742ms step_avg:47.05ms
step:867/1285 train_time:40821ms step_avg:47.08ms
step:868/1285 train_time:40908ms step_avg:47.13ms
step:869/1285 train_time:40985ms step_avg:47.16ms
step:870/1285 train_time:41072ms step_avg:47.21ms
step:871/1285 train_time:41150ms step_avg:47.25ms
step:872/1285 train_time:41238ms step_avg:47.29ms
step:873/1285 train_time:41318ms step_avg:47.33ms
step:874/1285 train_time:41406ms step_avg:47.38ms
step:875/1285 train_time:41484ms step_avg:47.41ms
step:876/1285 train_time:41571ms step_avg:47.46ms
step:877/1285 train_time:41648ms step_avg:47.49ms
step:878/1285 train_time:41735ms step_avg:47.53ms
step:879/1285 train_time:41812ms step_avg:47.57ms
step:880/1285 train_time:41900ms step_avg:47.61ms
step:881/1285 train_time:41978ms step_avg:47.65ms
step:882/1285 train_time:42066ms step_avg:47.69ms
step:883/1285 train_time:42144ms step_avg:47.73ms
step:884/1285 train_time:42231ms step_avg:47.77ms
step:885/1285 train_time:42309ms step_avg:47.81ms
step:886/1285 train_time:42398ms step_avg:47.85ms
step:887/1285 train_time:42477ms step_avg:47.89ms
step:888/1285 train_time:42566ms step_avg:47.93ms
step:889/1285 train_time:42643ms step_avg:47.97ms
step:890/1285 train_time:42731ms step_avg:48.01ms
step:891/1285 train_time:42808ms step_avg:48.04ms
step:892/1285 train_time:42895ms step_avg:48.09ms
step:893/1285 train_time:42972ms step_avg:48.12ms
step:894/1285 train_time:43062ms step_avg:48.17ms
step:895/1285 train_time:43140ms step_avg:48.20ms
step:896/1285 train_time:43229ms step_avg:48.25ms
step:897/1285 train_time:43305ms step_avg:48.28ms
step:898/1285 train_time:43392ms step_avg:48.32ms
step:899/1285 train_time:43470ms step_avg:48.35ms
step:900/1285 train_time:43558ms step_avg:48.40ms
step:901/1285 train_time:43639ms step_avg:48.43ms
step:902/1285 train_time:43726ms step_avg:48.48ms
step:903/1285 train_time:43803ms step_avg:48.51ms
step:904/1285 train_time:43889ms step_avg:48.55ms
step:905/1285 train_time:43968ms step_avg:48.58ms
step:906/1285 train_time:44054ms step_avg:48.62ms
step:907/1285 train_time:44134ms step_avg:48.66ms
step:908/1285 train_time:44222ms step_avg:48.70ms
step:909/1285 train_time:44299ms step_avg:48.73ms
step:910/1285 train_time:44388ms step_avg:48.78ms
step:911/1285 train_time:44465ms step_avg:48.81ms
step:912/1285 train_time:44552ms step_avg:48.85ms
step:913/1285 train_time:44630ms step_avg:48.88ms
step:914/1285 train_time:44719ms step_avg:48.93ms
step:915/1285 train_time:44798ms step_avg:48.96ms
step:916/1285 train_time:44885ms step_avg:49.00ms
step:917/1285 train_time:44962ms step_avg:49.03ms
step:918/1285 train_time:45049ms step_avg:49.07ms
step:919/1285 train_time:45127ms step_avg:49.10ms
step:920/1285 train_time:45214ms step_avg:49.15ms
step:921/1285 train_time:45292ms step_avg:49.18ms
step:922/1285 train_time:45379ms step_avg:49.22ms
step:923/1285 train_time:45458ms step_avg:49.25ms
step:924/1285 train_time:45545ms step_avg:49.29ms
step:925/1285 train_time:45624ms step_avg:49.32ms
step:926/1285 train_time:45711ms step_avg:49.36ms
step:927/1285 train_time:45789ms step_avg:49.40ms
step:928/1285 train_time:45877ms step_avg:49.44ms
step:929/1285 train_time:45955ms step_avg:49.47ms
step:930/1285 train_time:46042ms step_avg:49.51ms
step:931/1285 train_time:46120ms step_avg:49.54ms
step:932/1285 train_time:46207ms step_avg:49.58ms
step:933/1285 train_time:46283ms step_avg:49.61ms
step:934/1285 train_time:46372ms step_avg:49.65ms
step:935/1285 train_time:46451ms step_avg:49.68ms
step:936/1285 train_time:46538ms step_avg:49.72ms
step:937/1285 train_time:46618ms step_avg:49.75ms
step:938/1285 train_time:46706ms step_avg:49.79ms
step:939/1285 train_time:46783ms step_avg:49.82ms
step:940/1285 train_time:46871ms step_avg:49.86ms
step:941/1285 train_time:46949ms step_avg:49.89ms
step:942/1285 train_time:47037ms step_avg:49.93ms
step:943/1285 train_time:47116ms step_avg:49.96ms
step:944/1285 train_time:47202ms step_avg:50.00ms
step:945/1285 train_time:47282ms step_avg:50.03ms
step:946/1285 train_time:47369ms step_avg:50.07ms
step:947/1285 train_time:47446ms step_avg:50.10ms
step:948/1285 train_time:47534ms step_avg:50.14ms
step:949/1285 train_time:47611ms step_avg:50.17ms
step:950/1285 train_time:47699ms step_avg:50.21ms
step:951/1285 train_time:47779ms step_avg:50.24ms
step:952/1285 train_time:47866ms step_avg:50.28ms
step:953/1285 train_time:47944ms step_avg:50.31ms
step:954/1285 train_time:48031ms step_avg:50.35ms
step:955/1285 train_time:48109ms step_avg:50.38ms
step:956/1285 train_time:48196ms step_avg:50.41ms
step:957/1285 train_time:48274ms step_avg:50.44ms
step:958/1285 train_time:48362ms step_avg:50.48ms
step:959/1285 train_time:48441ms step_avg:50.51ms
step:960/1285 train_time:48528ms step_avg:50.55ms
step:961/1285 train_time:48605ms step_avg:50.58ms
step:962/1285 train_time:48692ms step_avg:50.62ms
step:963/1285 train_time:48769ms step_avg:50.64ms
step:964/1285 train_time:48859ms step_avg:50.68ms
step:965/1285 train_time:48938ms step_avg:50.71ms
step:966/1285 train_time:49025ms step_avg:50.75ms
step:967/1285 train_time:49103ms step_avg:50.78ms
step:968/1285 train_time:49190ms step_avg:50.82ms
step:969/1285 train_time:49267ms step_avg:50.84ms
step:970/1285 train_time:49354ms step_avg:50.88ms
step:971/1285 train_time:49432ms step_avg:50.91ms
step:972/1285 train_time:49520ms step_avg:50.95ms
step:973/1285 train_time:49600ms step_avg:50.98ms
step:974/1285 train_time:49687ms step_avg:51.01ms
step:975/1285 train_time:49764ms step_avg:51.04ms
step:976/1285 train_time:49852ms step_avg:51.08ms
step:977/1285 train_time:49930ms step_avg:51.10ms
step:978/1285 train_time:50018ms step_avg:51.14ms
step:979/1285 train_time:50097ms step_avg:51.17ms
step:980/1285 train_time:50185ms step_avg:51.21ms
step:981/1285 train_time:50262ms step_avg:51.24ms
step:982/1285 train_time:50350ms step_avg:51.27ms
step:983/1285 train_time:50428ms step_avg:51.30ms
step:984/1285 train_time:50515ms step_avg:51.34ms
step:985/1285 train_time:50594ms step_avg:51.36ms
step:986/1285 train_time:50680ms step_avg:51.40ms
step:987/1285 train_time:50759ms step_avg:51.43ms
step:988/1285 train_time:50846ms step_avg:51.46ms
step:989/1285 train_time:50925ms step_avg:51.49ms
step:990/1285 train_time:51012ms step_avg:51.53ms
step:991/1285 train_time:51089ms step_avg:51.55ms
step:992/1285 train_time:51177ms step_avg:51.59ms
step:993/1285 train_time:51256ms step_avg:51.62ms
step:994/1285 train_time:51344ms step_avg:51.65ms
step:995/1285 train_time:51421ms step_avg:51.68ms
step:996/1285 train_time:51508ms step_avg:51.72ms
step:997/1285 train_time:51586ms step_avg:51.74ms
step:998/1285 train_time:51672ms step_avg:51.78ms
step:999/1285 train_time:51751ms step_avg:51.80ms
step:1000/1285 train_time:51839ms step_avg:51.84ms
step:1000/1285 val_loss:3.41391015 train_time:51927ms step_avg:51.93ms
step:1001/1285 train_time:51965ms step_avg:51.91ms
step:1002/1285 train_time:52012ms step_avg:51.91ms
step:1003/1285 train_time:52096ms step_avg:51.94ms
step:1004/1285 train_time:52183ms step_avg:51.98ms
step:1005/1285 train_time:52261ms step_avg:52.00ms
step:1006/1285 train_time:52349ms step_avg:52.04ms
step:1007/1285 train_time:52426ms step_avg:52.06ms
step:1008/1285 train_time:52512ms step_avg:52.10ms
step:1009/1285 train_time:52589ms step_avg:52.12ms
step:1010/1285 train_time:52675ms step_avg:52.15ms
step:1011/1285 train_time:52752ms step_avg:52.18ms
step:1012/1285 train_time:52839ms step_avg:52.21ms
step:1013/1285 train_time:52918ms step_avg:52.24ms
step:1014/1285 train_time:53009ms step_avg:52.28ms
step:1015/1285 train_time:53089ms step_avg:52.30ms
step:1016/1285 train_time:53179ms step_avg:52.34ms
step:1017/1285 train_time:53258ms step_avg:52.37ms
step:1018/1285 train_time:53345ms step_avg:52.40ms
step:1019/1285 train_time:53423ms step_avg:52.43ms
step:1020/1285 train_time:53509ms step_avg:52.46ms
step:1021/1285 train_time:53585ms step_avg:52.48ms
step:1022/1285 train_time:53673ms step_avg:52.52ms
step:1023/1285 train_time:53749ms step_avg:52.54ms
step:1024/1285 train_time:53835ms step_avg:52.57ms
step:1025/1285 train_time:53914ms step_avg:52.60ms
step:1026/1285 train_time:54042ms step_avg:52.67ms
step:1027/1285 train_time:54083ms step_avg:52.66ms
step:1028/1285 train_time:54169ms step_avg:52.69ms
step:1029/1285 train_time:54248ms step_avg:52.72ms
step:1030/1285 train_time:54338ms step_avg:52.76ms
step:1031/1285 train_time:54415ms step_avg:52.78ms
step:1032/1285 train_time:54503ms step_avg:52.81ms
step:1033/1285 train_time:54579ms step_avg:52.84ms
step:1034/1285 train_time:54666ms step_avg:52.87ms
step:1035/1285 train_time:54743ms step_avg:52.89ms
step:1036/1285 train_time:54830ms step_avg:52.92ms
step:1037/1285 train_time:54907ms step_avg:52.95ms
step:1038/1285 train_time:54994ms step_avg:52.98ms
step:1039/1285 train_time:55074ms step_avg:53.01ms
step:1040/1285 train_time:55161ms step_avg:53.04ms
step:1041/1285 train_time:55241ms step_avg:53.06ms
step:1042/1285 train_time:55328ms step_avg:53.10ms
step:1043/1285 train_time:55406ms step_avg:53.12ms
step:1044/1285 train_time:55492ms step_avg:53.15ms
step:1045/1285 train_time:55572ms step_avg:53.18ms
step:1046/1285 train_time:55658ms step_avg:53.21ms
step:1047/1285 train_time:55736ms step_avg:53.23ms
step:1048/1285 train_time:55824ms step_avg:53.27ms
step:1049/1285 train_time:55901ms step_avg:53.29ms
step:1050/1285 train_time:55988ms step_avg:53.32ms
step:1051/1285 train_time:56067ms step_avg:53.35ms
step:1052/1285 train_time:56155ms step_avg:53.38ms
step:1053/1285 train_time:56235ms step_avg:53.40ms
step:1054/1285 train_time:56323ms step_avg:53.44ms
step:1055/1285 train_time:56401ms step_avg:53.46ms
step:1056/1285 train_time:56487ms step_avg:53.49ms
step:1057/1285 train_time:56565ms step_avg:53.51ms
step:1058/1285 train_time:56652ms step_avg:53.55ms
step:1059/1285 train_time:56730ms step_avg:53.57ms
step:1060/1285 train_time:56819ms step_avg:53.60ms
step:1061/1285 train_time:56897ms step_avg:53.63ms
step:1062/1285 train_time:56984ms step_avg:53.66ms
step:1063/1285 train_time:57062ms step_avg:53.68ms
step:1064/1285 train_time:57149ms step_avg:53.71ms
step:1065/1285 train_time:57227ms step_avg:53.73ms
step:1066/1285 train_time:57316ms step_avg:53.77ms
step:1067/1285 train_time:57395ms step_avg:53.79ms
step:1068/1285 train_time:57483ms step_avg:53.82ms
step:1069/1285 train_time:57560ms step_avg:53.84ms
step:1070/1285 train_time:57647ms step_avg:53.88ms
step:1071/1285 train_time:57724ms step_avg:53.90ms
step:1072/1285 train_time:57811ms step_avg:53.93ms
step:1073/1285 train_time:57888ms step_avg:53.95ms
step:1074/1285 train_time:57975ms step_avg:53.98ms
step:1075/1285 train_time:58055ms step_avg:54.00ms
step:1076/1285 train_time:58142ms step_avg:54.03ms
step:1077/1285 train_time:58221ms step_avg:54.06ms
step:1078/1285 train_time:58308ms step_avg:54.09ms
step:1079/1285 train_time:58385ms step_avg:54.11ms
step:1080/1285 train_time:58474ms step_avg:54.14ms
step:1081/1285 train_time:58554ms step_avg:54.17ms
step:1082/1285 train_time:58642ms step_avg:54.20ms
step:1083/1285 train_time:58719ms step_avg:54.22ms
step:1084/1285 train_time:58807ms step_avg:54.25ms
step:1085/1285 train_time:58885ms step_avg:54.27ms
step:1086/1285 train_time:58972ms step_avg:54.30ms
step:1087/1285 train_time:59052ms step_avg:54.33ms
step:1088/1285 train_time:59140ms step_avg:54.36ms
step:1089/1285 train_time:59218ms step_avg:54.38ms
step:1090/1285 train_time:59306ms step_avg:54.41ms
step:1091/1285 train_time:59383ms step_avg:54.43ms
step:1092/1285 train_time:59470ms step_avg:54.46ms
step:1093/1285 train_time:59549ms step_avg:54.48ms
step:1094/1285 train_time:59637ms step_avg:54.51ms
step:1095/1285 train_time:59715ms step_avg:54.53ms
step:1096/1285 train_time:59803ms step_avg:54.56ms
step:1097/1285 train_time:59879ms step_avg:54.58ms
step:1098/1285 train_time:59966ms step_avg:54.61ms
step:1099/1285 train_time:60044ms step_avg:54.64ms
step:1100/1285 train_time:60131ms step_avg:54.66ms
step:1101/1285 train_time:60208ms step_avg:54.68ms
step:1102/1285 train_time:60295ms step_avg:54.71ms
step:1103/1285 train_time:60374ms step_avg:54.74ms
step:1104/1285 train_time:60462ms step_avg:54.77ms
step:1105/1285 train_time:60541ms step_avg:54.79ms
step:1106/1285 train_time:60628ms step_avg:54.82ms
step:1107/1285 train_time:60705ms step_avg:54.84ms
step:1108/1285 train_time:60792ms step_avg:54.87ms
step:1109/1285 train_time:60872ms step_avg:54.89ms
step:1110/1285 train_time:60959ms step_avg:54.92ms
step:1111/1285 train_time:61037ms step_avg:54.94ms
step:1112/1285 train_time:61125ms step_avg:54.97ms
step:1113/1285 train_time:61202ms step_avg:54.99ms
step:1114/1285 train_time:61289ms step_avg:55.02ms
step:1115/1285 train_time:61366ms step_avg:55.04ms
step:1116/1285 train_time:61455ms step_avg:55.07ms
step:1117/1285 train_time:61535ms step_avg:55.09ms
step:1118/1285 train_time:61623ms step_avg:55.12ms
step:1119/1285 train_time:61700ms step_avg:55.14ms
step:1120/1285 train_time:61787ms step_avg:55.17ms
step:1121/1285 train_time:61864ms step_avg:55.19ms
step:1122/1285 train_time:61952ms step_avg:55.22ms
step:1123/1285 train_time:62031ms step_avg:55.24ms
step:1124/1285 train_time:62119ms step_avg:55.27ms
step:1125/1285 train_time:62197ms step_avg:55.29ms
step:1126/1285 train_time:62284ms step_avg:55.31ms
step:1127/1285 train_time:62361ms step_avg:55.33ms
step:1128/1285 train_time:62448ms step_avg:55.36ms
step:1129/1285 train_time:62527ms step_avg:55.38ms
step:1130/1285 train_time:62615ms step_avg:55.41ms
step:1131/1285 train_time:62694ms step_avg:55.43ms
step:1132/1285 train_time:62781ms step_avg:55.46ms
step:1133/1285 train_time:62858ms step_avg:55.48ms
step:1134/1285 train_time:62947ms step_avg:55.51ms
step:1135/1285 train_time:63024ms step_avg:55.53ms
step:1136/1285 train_time:63110ms step_avg:55.55ms
step:1137/1285 train_time:63188ms step_avg:55.57ms
step:1138/1285 train_time:63276ms step_avg:55.60ms
step:1139/1285 train_time:63354ms step_avg:55.62ms
step:1140/1285 train_time:63442ms step_avg:55.65ms
step:1141/1285 train_time:63521ms step_avg:55.67ms
step:1142/1285 train_time:63606ms step_avg:55.70ms
step:1143/1285 train_time:63684ms step_avg:55.72ms
step:1144/1285 train_time:63771ms step_avg:55.74ms
step:1145/1285 train_time:63849ms step_avg:55.76ms
step:1146/1285 train_time:63936ms step_avg:55.79ms
step:1147/1285 train_time:64016ms step_avg:55.81ms
step:1148/1285 train_time:64103ms step_avg:55.84ms
step:1149/1285 train_time:64180ms step_avg:55.86ms
step:1150/1285 train_time:64268ms step_avg:55.89ms
step:1151/1285 train_time:64346ms step_avg:55.90ms
step:1152/1285 train_time:64434ms step_avg:55.93ms
step:1153/1285 train_time:64514ms step_avg:55.95ms
step:1154/1285 train_time:64600ms step_avg:55.98ms
step:1155/1285 train_time:64678ms step_avg:56.00ms
step:1156/1285 train_time:64766ms step_avg:56.03ms
step:1157/1285 train_time:64843ms step_avg:56.04ms
step:1158/1285 train_time:64930ms step_avg:56.07ms
step:1159/1285 train_time:65007ms step_avg:56.09ms
step:1160/1285 train_time:65095ms step_avg:56.12ms
step:1161/1285 train_time:65174ms step_avg:56.14ms
step:1162/1285 train_time:65262ms step_avg:56.16ms
step:1163/1285 train_time:65341ms step_avg:56.18ms
step:1164/1285 train_time:65428ms step_avg:56.21ms
step:1165/1285 train_time:65505ms step_avg:56.23ms
step:1166/1285 train_time:65591ms step_avg:56.25ms
step:1167/1285 train_time:65670ms step_avg:56.27ms
step:1168/1285 train_time:65758ms step_avg:56.30ms
step:1169/1285 train_time:65837ms step_avg:56.32ms
step:1170/1285 train_time:65924ms step_avg:56.35ms
step:1171/1285 train_time:66000ms step_avg:56.36ms
step:1172/1285 train_time:66088ms step_avg:56.39ms
step:1173/1285 train_time:66166ms step_avg:56.41ms
step:1174/1285 train_time:66252ms step_avg:56.43ms
step:1175/1285 train_time:66331ms step_avg:56.45ms
step:1176/1285 train_time:66420ms step_avg:56.48ms
step:1177/1285 train_time:66497ms step_avg:56.50ms
step:1178/1285 train_time:66584ms step_avg:56.52ms
step:1179/1285 train_time:66661ms step_avg:56.54ms
step:1180/1285 train_time:66748ms step_avg:56.57ms
step:1181/1285 train_time:66826ms step_avg:56.58ms
step:1182/1285 train_time:66914ms step_avg:56.61ms
step:1183/1285 train_time:66993ms step_avg:56.63ms
step:1184/1285 train_time:67081ms step_avg:56.66ms
step:1185/1285 train_time:67158ms step_avg:56.67ms
step:1186/1285 train_time:67245ms step_avg:56.70ms
step:1187/1285 train_time:67323ms step_avg:56.72ms
step:1188/1285 train_time:67410ms step_avg:56.74ms
step:1189/1285 train_time:67487ms step_avg:56.76ms
step:1190/1285 train_time:67575ms step_avg:56.79ms
step:1191/1285 train_time:67652ms step_avg:56.80ms
step:1192/1285 train_time:67740ms step_avg:56.83ms
step:1193/1285 train_time:67819ms step_avg:56.85ms
step:1194/1285 train_time:67907ms step_avg:56.87ms
step:1195/1285 train_time:67984ms step_avg:56.89ms
step:1196/1285 train_time:68069ms step_avg:56.91ms
step:1197/1285 train_time:68148ms step_avg:56.93ms
step:1198/1285 train_time:68235ms step_avg:56.96ms
step:1199/1285 train_time:68314ms step_avg:56.98ms
step:1200/1285 train_time:68403ms step_avg:57.00ms
step:1201/1285 train_time:68480ms step_avg:57.02ms
step:1202/1285 train_time:68567ms step_avg:57.04ms
step:1203/1285 train_time:68644ms step_avg:57.06ms
step:1204/1285 train_time:68731ms step_avg:57.09ms
step:1205/1285 train_time:68810ms step_avg:57.10ms
step:1206/1285 train_time:68897ms step_avg:57.13ms
step:1207/1285 train_time:68975ms step_avg:57.15ms
step:1208/1285 train_time:69064ms step_avg:57.17ms
step:1209/1285 train_time:69143ms step_avg:57.19ms
step:1210/1285 train_time:69228ms step_avg:57.21ms
step:1211/1285 train_time:69306ms step_avg:57.23ms
step:1212/1285 train_time:69393ms step_avg:57.25ms
step:1213/1285 train_time:69474ms step_avg:57.27ms
step:1214/1285 train_time:69561ms step_avg:57.30ms
step:1215/1285 train_time:69640ms step_avg:57.32ms
step:1216/1285 train_time:69727ms step_avg:57.34ms
step:1217/1285 train_time:69804ms step_avg:57.36ms
step:1218/1285 train_time:69890ms step_avg:57.38ms
step:1219/1285 train_time:69969ms step_avg:57.40ms
step:1220/1285 train_time:70056ms step_avg:57.42ms
step:1221/1285 train_time:70135ms step_avg:57.44ms
step:1222/1285 train_time:70223ms step_avg:57.47ms
step:1223/1285 train_time:70301ms step_avg:57.48ms
step:1224/1285 train_time:70388ms step_avg:57.51ms
step:1225/1285 train_time:70467ms step_avg:57.52ms
step:1226/1285 train_time:70556ms step_avg:57.55ms
step:1227/1285 train_time:70635ms step_avg:57.57ms
step:1228/1285 train_time:70724ms step_avg:57.59ms
step:1229/1285 train_time:70800ms step_avg:57.61ms
step:1230/1285 train_time:70887ms step_avg:57.63ms
step:1231/1285 train_time:70964ms step_avg:57.65ms
step:1232/1285 train_time:71052ms step_avg:57.67ms
step:1233/1285 train_time:71130ms step_avg:57.69ms
step:1234/1285 train_time:71219ms step_avg:57.71ms
step:1235/1285 train_time:71297ms step_avg:57.73ms
step:1236/1285 train_time:71384ms step_avg:57.75ms
step:1237/1285 train_time:71462ms step_avg:57.77ms
step:1238/1285 train_time:71660ms step_avg:57.88ms
step:1239/1285 train_time:71701ms step_avg:57.87ms
step:1240/1285 train_time:71778ms step_avg:57.89ms
step:1241/1285 train_time:71854ms step_avg:57.90ms
step:1242/1285 train_time:71940ms step_avg:57.92ms
step:1243/1285 train_time:72016ms step_avg:57.94ms
step:1244/1285 train_time:72104ms step_avg:57.96ms
step:1245/1285 train_time:72180ms step_avg:57.98ms
step:1246/1285 train_time:72267ms step_avg:58.00ms
step:1247/1285 train_time:72344ms step_avg:58.01ms
step:1248/1285 train_time:72429ms step_avg:58.04ms
step:1249/1285 train_time:72510ms step_avg:58.05ms
step:1250/1285 train_time:72603ms step_avg:58.08ms
step:1250/1285 val_loss:3.29188561 train_time:72694ms step_avg:58.15ms
step:1251/1285 train_time:72730ms step_avg:58.14ms
step:1252/1285 train_time:72781ms step_avg:58.13ms
step:1253/1285 train_time:72864ms step_avg:58.15ms
step:1254/1285 train_time:72953ms step_avg:58.18ms
step:1255/1285 train_time:73030ms step_avg:58.19ms
step:1256/1285 train_time:73118ms step_avg:58.22ms
step:1257/1285 train_time:73193ms step_avg:58.23ms
step:1258/1285 train_time:73279ms step_avg:58.25ms
step:1259/1285 train_time:73362ms step_avg:58.27ms
step:1260/1285 train_time:73472ms step_avg:58.31ms
step:1261/1285 train_time:73552ms step_avg:58.33ms
step:1262/1285 train_time:73639ms step_avg:58.35ms
step:1263/1285 train_time:73685ms step_avg:58.34ms
step:1264/1285 train_time:73774ms step_avg:58.37ms
step:1265/1285 train_time:73854ms step_avg:58.38ms
step:1266/1285 train_time:73941ms step_avg:58.40ms
step:1267/1285 train_time:74019ms step_avg:58.42ms
step:1268/1285 train_time:74108ms step_avg:58.44ms
step:1269/1285 train_time:74185ms step_avg:58.46ms
step:1270/1285 train_time:74273ms step_avg:58.48ms
step:1271/1285 train_time:74353ms step_avg:58.50ms
step:1272/1285 train_time:74442ms step_avg:58.52ms
step:1273/1285 train_time:74519ms step_avg:58.54ms
step:1274/1285 train_time:74608ms step_avg:58.56ms
step:1275/1285 train_time:74686ms step_avg:58.58ms
step:1276/1285 train_time:74776ms step_avg:58.60ms
step:1277/1285 train_time:74855ms step_avg:58.62ms
step:1278/1285 train_time:74942ms step_avg:58.64ms
step:1279/1285 train_time:75022ms step_avg:58.66ms
step:1280/1285 train_time:75109ms step_avg:58.68ms
step:1281/1285 train_time:75187ms step_avg:58.69ms
step:1282/1285 train_time:75277ms step_avg:58.72ms
step:1283/1285 train_time:75354ms step_avg:58.73ms
step:1284/1285 train_time:75440ms step_avg:58.75ms
step:1285/1285 train_time:75517ms step_avg:58.77ms
step:1285/1285 val_loss:3.27543926 train_time:75606ms step_avg:58.84ms
peak memory allocated: 32150 MiB reserved: 39272 MiB
