HARNESS_TRAINING_ENV={"OMP_NUM_THREADS": "1", "MKL_NUM_THREADS": "1", "torch_num_threads": 1, "torch_num_interop_threads": 47}
[Gloo] Rank 3 is connected to 7 peer ranks. Expected number of connected peer ranks is : 7
[Gloo] Rank 0 is connected to 7 peer ranks. Expected number of connected peer ranks is : 7
[Gloo] Rank 1 is connected to 7 peer ranks. Expected number of connected peer ranks is : 7
[Gloo] Rank 7 is connected to 7 peer ranks. Expected number of connected peer ranks is : 7
[Gloo] Rank 2 is connected to 7 peer ranks. Expected number of connected peer ranks is : 7
[Gloo] Rank [Gloo] Rank 65 is connected to  is connected to [Gloo] Rank 774 is connected to  peer ranks.  peer ranks. 7Expected number of connected peer ranks is :  peer ranks. Expected number of connected peer ranks is : 7Expected number of connected peer ranks is : 7

7
/workspace/train_gpt.py:1069: UserWarning: Skipping publisher trust check for 'kernels-community/flash-attn3' because Hugging Face Hub is in offline mode.
  flash_attn_interface = get_kernel('kernels-community/flash-attn3', version=1).flash_attn_interface
/workspace/train_gpt.py:1069: UserWarning: Skipping publisher trust check for 'kernels-community/flash-attn3' because Hugging Face Hub is in offline mode.
  flash_attn_interface = get_kernel('kernels-community/flash-attn3', version=1).flash_attn_interface
/workspace/train_gpt.py:1069: UserWarning: Skipping publisher trust check for 'kernels-community/flash-attn3' because Hugging Face Hub is in offline mode.
  flash_attn_interface = get_kernel('kernels-community/flash-attn3', version=1).flash_attn_interface
/workspace/train_gpt.py:1069: UserWarning: Skipping publisher trust check for 'kernels-community/flash-attn3' because Hugging Face Hub is in offline mode.
  flash_attn_interface = get_kernel('kernels-community/flash-attn3', version=1).flash_attn_interface
/workspace/train_gpt.py:1069: UserWarning: Skipping publisher trust check for 'kernels-community/flash-attn3' because Hugging Face Hub is in offline mode.
  flash_attn_interface = get_kernel('kernels-community/flash-attn3', version=1).flash_attn_interface
/workspace/train_gpt.py:1069: UserWarning: Skipping publisher trust check for 'kernels-community/flash-attn3' because Hugging Face Hub is in offline mode.
  flash_attn_interface = get_kernel('kernels-community/flash-attn3', version=1).flash_attn_interface
/workspace/train_gpt.py:1069: UserWarning: Skipping publisher trust check for 'kernels-community/flash-attn3' because Hugging Face Hub is in offline mode.
  flash_attn_interface = get_kernel('kernels-community/flash-attn3', version=1).flash_attn_interface
/workspace/train_gpt.py:1069: UserWarning: Skipping publisher trust check for 'kernels-community/flash-attn3' because Hugging Face Hub is in offline mode.
  flash_attn_interface = get_kernel('kernels-community/flash-attn3', version=1).flash_attn_interface
logs/02a59ed7-ab32-4b00-961a-d47c4f7dee03.txt
Compiling model and warming up kernels (~7 minutes on first execution)
Sampling steps [0, 1, 421, 422, 423, 424, 845, 846, 847, 848, 1268, 1269, 1270, 1271] for warmup
Resetting Model
step:0/1285 val_loss:10.82912827 train_time:55ms step_avg:54.72ms
step:1/1285 train_time:390ms step_avg:390.00ms
step:2/1285 train_time:438ms step_avg:219.04ms
step:3/1285 train_time:475ms step_avg:158.31ms
step:4/1285 train_time:517ms step_avg:129.18ms
step:5/1285 train_time:554ms step_avg:110.85ms
step:6/1285 train_time:594ms step_avg:99.00ms
step:7/1285 train_time:629ms step_avg:89.83ms
step:8/1285 train_time:670ms step_avg:83.70ms
step:9/1285 train_time:701ms step_avg:77.89ms
step:10/1285 train_time:740ms step_avg:74.05ms
step:11/1285 train_time:774ms step_avg:70.39ms
step:12/1285 train_time:810ms step_avg:67.53ms
step:13/1285 train_time:844ms step_avg:64.91ms
step:14/1285 train_time:880ms step_avg:62.86ms
step:15/1285 train_time:913ms step_avg:60.89ms
step:16/1285 train_time:951ms step_avg:59.46ms
step:17/1285 train_time:984ms step_avg:57.90ms
step:18/1285 train_time:1021ms step_avg:56.71ms
step:19/1285 train_time:1054ms step_avg:55.46ms
step:20/1285 train_time:1085ms step_avg:54.25ms
step:21/1285 train_time:1116ms step_avg:53.17ms
step:22/1285 train_time:1155ms step_avg:52.52ms
step:23/1285 train_time:1186ms step_avg:51.54ms
step:24/1285 train_time:1219ms step_avg:50.81ms
step:25/1285 train_time:1253ms step_avg:50.12ms
step:26/1285 train_time:1289ms step_avg:49.59ms
step:27/1285 train_time:1321ms step_avg:48.93ms
step:28/1285 train_time:1359ms step_avg:48.54ms
step:29/1285 train_time:1392ms step_avg:48.01ms
step:30/1285 train_time:1429ms step_avg:47.62ms
step:31/1285 train_time:1461ms step_avg:47.12ms
step:32/1285 train_time:1495ms step_avg:46.71ms
step:33/1285 train_time:1526ms step_avg:46.24ms
step:34/1285 train_time:1563ms step_avg:45.97ms
step:35/1285 train_time:1594ms step_avg:45.55ms
step:36/1285 train_time:1630ms step_avg:45.27ms
step:37/1285 train_time:1662ms step_avg:44.92ms
step:38/1285 train_time:1701ms step_avg:44.76ms
step:39/1285 train_time:1734ms step_avg:44.45ms
step:40/1285 train_time:1771ms step_avg:44.28ms
step:41/1285 train_time:1802ms step_avg:43.96ms
step:42/1285 train_time:1836ms step_avg:43.71ms
step:43/1285 train_time:1868ms step_avg:43.44ms
step:44/1285 train_time:1901ms step_avg:43.20ms
step:45/1285 train_time:1933ms step_avg:42.95ms
step:46/1285 train_time:1969ms step_avg:42.80ms
step:47/1285 train_time:2002ms step_avg:42.61ms
step:48/1285 train_time:2037ms step_avg:42.44ms
step:49/1285 train_time:2071ms step_avg:42.26ms
step:50/1285 train_time:2109ms step_avg:42.17ms
step:51/1285 train_time:2140ms step_avg:41.96ms
step:52/1285 train_time:2178ms step_avg:41.89ms
step:53/1285 train_time:2209ms step_avg:41.68ms
step:54/1285 train_time:2244ms step_avg:41.56ms
step:55/1285 train_time:2276ms step_avg:41.39ms
step:56/1285 train_time:2312ms step_avg:41.29ms
step:57/1285 train_time:2344ms step_avg:41.11ms
step:58/1285 train_time:2383ms step_avg:41.08ms
step:59/1285 train_time:2415ms step_avg:40.93ms
step:60/1285 train_time:2450ms step_avg:40.83ms
step:61/1285 train_time:2481ms step_avg:40.67ms
step:62/1285 train_time:2514ms step_avg:40.55ms
step:63/1285 train_time:2546ms step_avg:40.41ms
step:64/1285 train_time:2582ms step_avg:40.34ms
step:65/1285 train_time:2614ms step_avg:40.21ms
step:66/1285 train_time:2650ms step_avg:40.15ms
step:67/1285 train_time:2681ms step_avg:40.02ms
step:68/1285 train_time:2718ms step_avg:39.97ms
step:69/1285 train_time:2751ms step_avg:39.87ms
step:70/1285 train_time:2786ms step_avg:39.79ms
step:71/1285 train_time:2815ms step_avg:39.64ms
step:72/1285 train_time:2849ms step_avg:39.57ms
step:73/1285 train_time:2883ms step_avg:39.49ms
step:74/1285 train_time:2920ms step_avg:39.46ms
step:75/1285 train_time:2952ms step_avg:39.37ms
step:76/1285 train_time:2991ms step_avg:39.35ms
step:77/1285 train_time:3022ms step_avg:39.25ms
step:78/1285 train_time:3057ms step_avg:39.19ms
step:79/1285 train_time:3092ms step_avg:39.13ms
step:80/1285 train_time:3128ms step_avg:39.11ms
step:81/1285 train_time:3162ms step_avg:39.03ms
step:82/1285 train_time:3199ms step_avg:39.01ms
step:83/1285 train_time:3230ms step_avg:38.91ms
step:84/1285 train_time:3266ms step_avg:38.88ms
step:85/1285 train_time:3298ms step_avg:38.80ms
step:86/1285 train_time:3336ms step_avg:38.79ms
step:87/1285 train_time:3370ms step_avg:38.74ms
step:88/1285 train_time:3410ms step_avg:38.74ms
step:89/1285 train_time:3444ms step_avg:38.69ms
step:90/1285 train_time:3478ms step_avg:38.64ms
step:91/1285 train_time:3510ms step_avg:38.58ms
step:92/1285 train_time:3546ms step_avg:38.54ms
step:93/1285 train_time:3579ms step_avg:38.48ms
step:94/1285 train_time:3617ms step_avg:38.48ms
step:95/1285 train_time:3649ms step_avg:38.41ms
step:96/1285 train_time:3686ms step_avg:38.40ms
step:97/1285 train_time:3718ms step_avg:38.33ms
step:98/1285 train_time:3753ms step_avg:38.29ms
step:99/1285 train_time:3784ms step_avg:38.22ms
step:100/1285 train_time:3816ms step_avg:38.16ms
step:101/1285 train_time:3848ms step_avg:38.10ms
step:102/1285 train_time:3883ms step_avg:38.07ms
step:103/1285 train_time:3916ms step_avg:38.02ms
step:104/1285 train_time:3951ms step_avg:37.99ms
step:105/1285 train_time:3984ms step_avg:37.94ms
step:106/1285 train_time:4019ms step_avg:37.92ms
step:107/1285 train_time:4053ms step_avg:37.88ms
step:108/1285 train_time:4090ms step_avg:37.87ms
step:109/1285 train_time:4123ms step_avg:37.82ms
step:110/1285 train_time:4160ms step_avg:37.81ms
step:111/1285 train_time:4192ms step_avg:37.77ms
step:112/1285 train_time:4230ms step_avg:37.77ms
step:113/1285 train_time:4264ms step_avg:37.73ms
step:114/1285 train_time:4298ms step_avg:37.71ms
step:115/1285 train_time:4331ms step_avg:37.66ms
step:116/1285 train_time:4363ms step_avg:37.61ms
step:117/1285 train_time:4394ms step_avg:37.56ms
step:118/1285 train_time:4430ms step_avg:37.54ms
step:119/1285 train_time:4463ms step_avg:37.51ms
step:120/1285 train_time:4501ms step_avg:37.51ms
step:121/1285 train_time:4534ms step_avg:37.47ms
step:122/1285 train_time:4571ms step_avg:37.47ms
step:123/1285 train_time:4605ms step_avg:37.44ms
step:124/1285 train_time:4642ms step_avg:37.44ms
step:125/1285 train_time:4675ms step_avg:37.40ms
step:126/1285 train_time:4709ms step_avg:37.37ms
step:127/1285 train_time:4739ms step_avg:37.32ms
step:128/1285 train_time:4775ms step_avg:37.30ms
step:129/1285 train_time:4807ms step_avg:37.26ms
step:130/1285 train_time:4843ms step_avg:37.25ms
step:131/1285 train_time:4875ms step_avg:37.21ms
step:132/1285 train_time:4911ms step_avg:37.20ms
step:133/1285 train_time:4943ms step_avg:37.17ms
step:134/1285 train_time:4977ms step_avg:37.14ms
step:135/1285 train_time:5008ms step_avg:37.10ms
step:136/1285 train_time:5042ms step_avg:37.07ms
step:137/1285 train_time:5075ms step_avg:37.04ms
step:138/1285 train_time:5108ms step_avg:37.01ms
step:139/1285 train_time:5139ms step_avg:36.97ms
step:140/1285 train_time:5172ms step_avg:36.95ms
step:141/1285 train_time:5204ms step_avg:36.91ms
step:142/1285 train_time:5244ms step_avg:36.93ms
step:143/1285 train_time:5277ms step_avg:36.90ms
step:144/1285 train_time:5311ms step_avg:36.88ms
step:145/1285 train_time:5343ms step_avg:36.85ms
step:146/1285 train_time:5378ms step_avg:36.83ms
step:147/1285 train_time:5410ms step_avg:36.80ms
step:148/1285 train_time:5445ms step_avg:36.79ms
step:149/1285 train_time:5475ms step_avg:36.75ms
step:150/1285 train_time:5511ms step_avg:36.74ms
step:151/1285 train_time:5544ms step_avg:36.71ms
step:152/1285 train_time:5579ms step_avg:36.71ms
step:153/1285 train_time:5609ms step_avg:36.66ms
step:154/1285 train_time:5646ms step_avg:36.66ms
step:155/1285 train_time:5678ms step_avg:36.63ms
step:156/1285 train_time:5713ms step_avg:36.62ms
step:157/1285 train_time:5743ms step_avg:36.58ms
step:158/1285 train_time:5782ms step_avg:36.60ms
step:159/1285 train_time:5817ms step_avg:36.58ms
step:160/1285 train_time:5854ms step_avg:36.59ms
step:161/1285 train_time:5888ms step_avg:36.57ms
step:162/1285 train_time:5924ms step_avg:36.57ms
step:163/1285 train_time:5958ms step_avg:36.55ms
step:164/1285 train_time:5991ms step_avg:36.53ms
step:165/1285 train_time:6025ms step_avg:36.52ms
step:166/1285 train_time:6063ms step_avg:36.52ms
step:167/1285 train_time:6097ms step_avg:36.51ms
step:168/1285 train_time:6133ms step_avg:36.51ms
step:169/1285 train_time:6167ms step_avg:36.49ms
step:170/1285 train_time:6203ms step_avg:36.49ms
step:171/1285 train_time:6231ms step_avg:36.44ms
step:172/1285 train_time:6269ms step_avg:36.45ms
step:173/1285 train_time:6303ms step_avg:36.43ms
step:174/1285 train_time:6338ms step_avg:36.43ms
step:175/1285 train_time:6372ms step_avg:36.41ms
step:176/1285 train_time:6410ms step_avg:36.42ms
step:177/1285 train_time:6442ms step_avg:36.39ms
step:178/1285 train_time:6477ms step_avg:36.39ms
step:179/1285 train_time:6509ms step_avg:36.36ms
step:180/1285 train_time:6545ms step_avg:36.36ms
step:181/1285 train_time:6576ms step_avg:36.33ms
step:182/1285 train_time:6613ms step_avg:36.33ms
step:183/1285 train_time:6646ms step_avg:36.32ms
step:184/1285 train_time:6681ms step_avg:36.31ms
step:185/1285 train_time:6714ms step_avg:36.29ms
step:186/1285 train_time:6752ms step_avg:36.30ms
step:187/1285 train_time:6783ms step_avg:36.27ms
step:188/1285 train_time:6818ms step_avg:36.27ms
step:189/1285 train_time:6849ms step_avg:36.24ms
step:190/1285 train_time:6888ms step_avg:36.25ms
step:191/1285 train_time:6918ms step_avg:36.22ms
step:192/1285 train_time:6954ms step_avg:36.22ms
step:193/1285 train_time:6985ms step_avg:36.19ms
step:194/1285 train_time:7022ms step_avg:36.20ms
step:195/1285 train_time:7055ms step_avg:36.18ms
step:196/1285 train_time:7090ms step_avg:36.17ms
step:197/1285 train_time:7120ms step_avg:36.14ms
step:198/1285 train_time:7156ms step_avg:36.14ms
step:199/1285 train_time:7188ms step_avg:36.12ms
step:200/1285 train_time:7225ms step_avg:36.13ms
step:201/1285 train_time:7256ms step_avg:36.10ms
step:202/1285 train_time:7295ms step_avg:36.12ms
step:203/1285 train_time:7327ms step_avg:36.09ms
step:204/1285 train_time:7363ms step_avg:36.09ms
step:205/1285 train_time:7395ms step_avg:36.07ms
step:206/1285 train_time:7432ms step_avg:36.08ms
step:207/1285 train_time:7464ms step_avg:36.06ms
step:208/1285 train_time:7499ms step_avg:36.05ms
step:209/1285 train_time:7530ms step_avg:36.03ms
step:210/1285 train_time:7567ms step_avg:36.04ms
step:211/1285 train_time:7600ms step_avg:36.02ms
step:212/1285 train_time:7635ms step_avg:36.01ms
step:213/1285 train_time:7668ms step_avg:36.00ms
step:214/1285 train_time:7705ms step_avg:36.01ms
step:215/1285 train_time:7735ms step_avg:35.98ms
step:216/1285 train_time:7765ms step_avg:35.95ms
step:217/1285 train_time:7798ms step_avg:35.93ms
step:218/1285 train_time:7832ms step_avg:35.93ms
step:219/1285 train_time:7862ms step_avg:35.90ms
step:220/1285 train_time:7896ms step_avg:35.89ms
step:221/1285 train_time:7930ms step_avg:35.88ms
step:222/1285 train_time:7963ms step_avg:35.87ms
step:223/1285 train_time:7995ms step_avg:35.85ms
step:224/1285 train_time:8031ms step_avg:35.85ms
step:225/1285 train_time:8068ms step_avg:35.86ms
step:226/1285 train_time:8106ms step_avg:35.87ms
step:227/1285 train_time:8136ms step_avg:35.84ms
step:228/1285 train_time:8171ms step_avg:35.84ms
step:229/1285 train_time:8205ms step_avg:35.83ms
step:230/1285 train_time:8242ms step_avg:35.84ms
step:231/1285 train_time:8274ms step_avg:35.82ms
step:232/1285 train_time:8309ms step_avg:35.82ms
step:233/1285 train_time:8343ms step_avg:35.81ms
step:234/1285 train_time:8382ms step_avg:35.82ms
step:235/1285 train_time:8415ms step_avg:35.81ms
step:236/1285 train_time:8449ms step_avg:35.80ms
step:237/1285 train_time:8481ms step_avg:35.78ms
step:238/1285 train_time:8515ms step_avg:35.78ms
step:239/1285 train_time:8546ms step_avg:35.76ms
step:240/1285 train_time:8582ms step_avg:35.76ms
step:241/1285 train_time:8614ms step_avg:35.74ms
step:242/1285 train_time:8648ms step_avg:35.74ms
step:243/1285 train_time:8681ms step_avg:35.73ms
step:244/1285 train_time:8719ms step_avg:35.73ms
step:245/1285 train_time:8750ms step_avg:35.72ms
step:246/1285 train_time:8788ms step_avg:35.72ms
step:247/1285 train_time:8823ms step_avg:35.72ms
step:248/1285 train_time:8860ms step_avg:35.73ms
step:249/1285 train_time:8893ms step_avg:35.71ms
step:250/1285 train_time:8931ms step_avg:35.72ms
step:250/1285 val_loss:4.52308321 train_time:8937ms step_avg:35.75ms
step:251/1285 train_time:8972ms step_avg:35.75ms
step:252/1285 train_time:9009ms step_avg:35.75ms
step:253/1285 train_time:9040ms step_avg:35.73ms
step:254/1285 train_time:9078ms step_avg:35.74ms
step:255/1285 train_time:9111ms step_avg:35.73ms
step:256/1285 train_time:9145ms step_avg:35.72ms
step:257/1285 train_time:9178ms step_avg:35.71ms
step:258/1285 train_time:9214ms step_avg:35.71ms
step:259/1285 train_time:9247ms step_avg:35.70ms
step:260/1285 train_time:9284ms step_avg:35.71ms
step:261/1285 train_time:9318ms step_avg:35.70ms
step:262/1285 train_time:9355ms step_avg:35.71ms
step:263/1285 train_time:9387ms step_avg:35.69ms
step:264/1285 train_time:9423ms step_avg:35.69ms
step:265/1285 train_time:9457ms step_avg:35.69ms
step:266/1285 train_time:9495ms step_avg:35.69ms
step:267/1285 train_time:9527ms step_avg:35.68ms
step:268/1285 train_time:9563ms step_avg:35.68ms
step:269/1285 train_time:9596ms step_avg:35.67ms
step:270/1285 train_time:9632ms step_avg:35.68ms
step:271/1285 train_time:9665ms step_avg:35.66ms
step:272/1285 train_time:9703ms step_avg:35.67ms
step:273/1285 train_time:9735ms step_avg:35.66ms
step:274/1285 train_time:9773ms step_avg:35.67ms
step:275/1285 train_time:9805ms step_avg:35.66ms
step:276/1285 train_time:9842ms step_avg:35.66ms
step:277/1285 train_time:9875ms step_avg:35.65ms
step:278/1285 train_time:9913ms step_avg:35.66ms
step:279/1285 train_time:9941ms step_avg:35.63ms
step:280/1285 train_time:9976ms step_avg:35.63ms
step:281/1285 train_time:10008ms step_avg:35.61ms
step:282/1285 train_time:10044ms step_avg:35.62ms
step:283/1285 train_time:10078ms step_avg:35.61ms
step:284/1285 train_time:10113ms step_avg:35.61ms
step:285/1285 train_time:10145ms step_avg:35.60ms
step:286/1285 train_time:10180ms step_avg:35.60ms
step:287/1285 train_time:10212ms step_avg:35.58ms
step:288/1285 train_time:10249ms step_avg:35.59ms
step:289/1285 train_time:10280ms step_avg:35.57ms
step:290/1285 train_time:10314ms step_avg:35.56ms
step:291/1285 train_time:10346ms step_avg:35.55ms
step:292/1285 train_time:10382ms step_avg:35.56ms
step:293/1285 train_time:10416ms step_avg:35.55ms
step:294/1285 train_time:10449ms step_avg:35.54ms
step:295/1285 train_time:10481ms step_avg:35.53ms
step:296/1285 train_time:10517ms step_avg:35.53ms
step:297/1285 train_time:10549ms step_avg:35.52ms
step:298/1285 train_time:10585ms step_avg:35.52ms
step:299/1285 train_time:10617ms step_avg:35.51ms
step:300/1285 train_time:10655ms step_avg:35.52ms
step:301/1285 train_time:10688ms step_avg:35.51ms
step:302/1285 train_time:10725ms step_avg:35.51ms
step:303/1285 train_time:10755ms step_avg:35.49ms
step:304/1285 train_time:10790ms step_avg:35.49ms
step:305/1285 train_time:10820ms step_avg:35.48ms
step:306/1285 train_time:10857ms step_avg:35.48ms
step:307/1285 train_time:10889ms step_avg:35.47ms
step:308/1285 train_time:10928ms step_avg:35.48ms
step:309/1285 train_time:10961ms step_avg:35.47ms
step:310/1285 train_time:10996ms step_avg:35.47ms
step:311/1285 train_time:11028ms step_avg:35.46ms
step:312/1285 train_time:11066ms step_avg:35.47ms
step:313/1285 train_time:11100ms step_avg:35.46ms
step:314/1285 train_time:11137ms step_avg:35.47ms
step:315/1285 train_time:11173ms step_avg:35.47ms
step:316/1285 train_time:11211ms step_avg:35.48ms
step:317/1285 train_time:11244ms step_avg:35.47ms
step:318/1285 train_time:11284ms step_avg:35.48ms
step:319/1285 train_time:11316ms step_avg:35.47ms
step:320/1285 train_time:11352ms step_avg:35.47ms
step:321/1285 train_time:11387ms step_avg:35.47ms
step:322/1285 train_time:11427ms step_avg:35.49ms
step:323/1285 train_time:11460ms step_avg:35.48ms
step:324/1285 train_time:11497ms step_avg:35.48ms
step:325/1285 train_time:11529ms step_avg:35.47ms
step:326/1285 train_time:11565ms step_avg:35.48ms
step:327/1285 train_time:11600ms step_avg:35.47ms
step:328/1285 train_time:11637ms step_avg:35.48ms
step:329/1285 train_time:11671ms step_avg:35.48ms
step:330/1285 train_time:11709ms step_avg:35.48ms
step:331/1285 train_time:11741ms step_avg:35.47ms
step:332/1285 train_time:11776ms step_avg:35.47ms
step:333/1285 train_time:11808ms step_avg:35.46ms
step:334/1285 train_time:11846ms step_avg:35.47ms
step:335/1285 train_time:11881ms step_avg:35.47ms
step:336/1285 train_time:11917ms step_avg:35.47ms
step:337/1285 train_time:11949ms step_avg:35.46ms
step:338/1285 train_time:11983ms step_avg:35.45ms
step:339/1285 train_time:12016ms step_avg:35.44ms
step:340/1285 train_time:12055ms step_avg:35.46ms
step:341/1285 train_time:12087ms step_avg:35.45ms
step:342/1285 train_time:12122ms step_avg:35.44ms
step:343/1285 train_time:12154ms step_avg:35.44ms
step:344/1285 train_time:12191ms step_avg:35.44ms
step:345/1285 train_time:12224ms step_avg:35.43ms
step:346/1285 train_time:12261ms step_avg:35.44ms
step:347/1285 train_time:12293ms step_avg:35.43ms
step:348/1285 train_time:12329ms step_avg:35.43ms
step:349/1285 train_time:12360ms step_avg:35.42ms
step:350/1285 train_time:12396ms step_avg:35.42ms
step:351/1285 train_time:12430ms step_avg:35.41ms
step:352/1285 train_time:12465ms step_avg:35.41ms
step:353/1285 train_time:12497ms step_avg:35.40ms
step:354/1285 train_time:12534ms step_avg:35.41ms
step:355/1285 train_time:12565ms step_avg:35.39ms
step:356/1285 train_time:12601ms step_avg:35.40ms
step:357/1285 train_time:12633ms step_avg:35.39ms
step:358/1285 train_time:12670ms step_avg:35.39ms
step:359/1285 train_time:12701ms step_avg:35.38ms
step:360/1285 train_time:12737ms step_avg:35.38ms
step:361/1285 train_time:12769ms step_avg:35.37ms
step:362/1285 train_time:12808ms step_avg:35.38ms
step:363/1285 train_time:12840ms step_avg:35.37ms
step:364/1285 train_time:12874ms step_avg:35.37ms
step:365/1285 train_time:12906ms step_avg:35.36ms
step:366/1285 train_time:12942ms step_avg:35.36ms
step:367/1285 train_time:12974ms step_avg:35.35ms
step:368/1285 train_time:13009ms step_avg:35.35ms
step:369/1285 train_time:13040ms step_avg:35.34ms
step:370/1285 train_time:13077ms step_avg:35.34ms
step:371/1285 train_time:13111ms step_avg:35.34ms
step:372/1285 train_time:13149ms step_avg:35.35ms
step:373/1285 train_time:13184ms step_avg:35.35ms
step:374/1285 train_time:13221ms step_avg:35.35ms
step:375/1285 train_time:13253ms step_avg:35.34ms
step:376/1285 train_time:13290ms step_avg:35.35ms
step:377/1285 train_time:13320ms step_avg:35.33ms
step:378/1285 train_time:13353ms step_avg:35.33ms
step:379/1285 train_time:13387ms step_avg:35.32ms
step:380/1285 train_time:13422ms step_avg:35.32ms
step:381/1285 train_time:13456ms step_avg:35.32ms
step:382/1285 train_time:13489ms step_avg:35.31ms
step:383/1285 train_time:13518ms step_avg:35.30ms
step:384/1285 train_time:13552ms step_avg:35.29ms
step:385/1285 train_time:13584ms step_avg:35.28ms
step:386/1285 train_time:13617ms step_avg:35.28ms
step:387/1285 train_time:13647ms step_avg:35.26ms
step:388/1285 train_time:13682ms step_avg:35.26ms
step:389/1285 train_time:13714ms step_avg:35.26ms
step:390/1285 train_time:13749ms step_avg:35.25ms
step:391/1285 train_time:13780ms step_avg:35.24ms
step:392/1285 train_time:13816ms step_avg:35.24ms
step:393/1285 train_time:13847ms step_avg:35.23ms
step:394/1285 train_time:13882ms step_avg:35.23ms
step:395/1285 train_time:13917ms step_avg:35.23ms
step:396/1285 train_time:13953ms step_avg:35.24ms
step:397/1285 train_time:13984ms step_avg:35.22ms
step:398/1285 train_time:14021ms step_avg:35.23ms
step:399/1285 train_time:14055ms step_avg:35.22ms
step:400/1285 train_time:14090ms step_avg:35.22ms
step:401/1285 train_time:14122ms step_avg:35.22ms
step:402/1285 train_time:14158ms step_avg:35.22ms
step:403/1285 train_time:14191ms step_avg:35.21ms
step:404/1285 train_time:14224ms step_avg:35.21ms
step:405/1285 train_time:14255ms step_avg:35.20ms
step:406/1285 train_time:14292ms step_avg:35.20ms
step:407/1285 train_time:14325ms step_avg:35.20ms
step:408/1285 train_time:14359ms step_avg:35.19ms
step:409/1285 train_time:14390ms step_avg:35.18ms
step:410/1285 train_time:14427ms step_avg:35.19ms
step:411/1285 train_time:14459ms step_avg:35.18ms
step:412/1285 train_time:14496ms step_avg:35.19ms
step:413/1285 train_time:14526ms step_avg:35.17ms
step:414/1285 train_time:14560ms step_avg:35.17ms
step:415/1285 train_time:14592ms step_avg:35.16ms
step:416/1285 train_time:14628ms step_avg:35.16ms
step:417/1285 train_time:14658ms step_avg:35.15ms
step:418/1285 train_time:14693ms step_avg:35.15ms
step:419/1285 train_time:14726ms step_avg:35.15ms
step:420/1285 train_time:14761ms step_avg:35.15ms
step:421/1285 train_time:14794ms step_avg:35.14ms
step:422/1285 train_time:14831ms step_avg:35.15ms
step:423/1285 train_time:14862ms step_avg:35.14ms
step:424/1285 train_time:14902ms step_avg:35.15ms
step:425/1285 train_time:14937ms step_avg:35.15ms
step:426/1285 train_time:14990ms step_avg:35.19ms
step:427/1285 train_time:15042ms step_avg:35.23ms
step:428/1285 train_time:15103ms step_avg:35.29ms
step:429/1285 train_time:15156ms step_avg:35.33ms
step:430/1285 train_time:15218ms step_avg:35.39ms
step:431/1285 train_time:15271ms step_avg:35.43ms
step:432/1285 train_time:15334ms step_avg:35.49ms
step:433/1285 train_time:15386ms step_avg:35.53ms
step:434/1285 train_time:15449ms step_avg:35.60ms
step:435/1285 train_time:15503ms step_avg:35.64ms
step:436/1285 train_time:15565ms step_avg:35.70ms
step:437/1285 train_time:15618ms step_avg:35.74ms
step:438/1285 train_time:15680ms step_avg:35.80ms
step:439/1285 train_time:15734ms step_avg:35.84ms
step:440/1285 train_time:15796ms step_avg:35.90ms
step:441/1285 train_time:15850ms step_avg:35.94ms
step:442/1285 train_time:15912ms step_avg:36.00ms
step:443/1285 train_time:15964ms step_avg:36.04ms
step:444/1285 train_time:16026ms step_avg:36.09ms
step:445/1285 train_time:16078ms step_avg:36.13ms
step:446/1285 train_time:16139ms step_avg:36.19ms
step:447/1285 train_time:16193ms step_avg:36.22ms
step:448/1285 train_time:16255ms step_avg:36.28ms
step:449/1285 train_time:16307ms step_avg:36.32ms
step:450/1285 train_time:16370ms step_avg:36.38ms
step:451/1285 train_time:16423ms step_avg:36.42ms
step:452/1285 train_time:16485ms step_avg:36.47ms
step:453/1285 train_time:16538ms step_avg:36.51ms
step:454/1285 train_time:16601ms step_avg:36.57ms
step:455/1285 train_time:16654ms step_avg:36.60ms
step:456/1285 train_time:16717ms step_avg:36.66ms
step:457/1285 train_time:16769ms step_avg:36.69ms
step:458/1285 train_time:16832ms step_avg:36.75ms
step:459/1285 train_time:16884ms step_avg:36.79ms
step:460/1285 train_time:16947ms step_avg:36.84ms
step:461/1285 train_time:16999ms step_avg:36.87ms
step:462/1285 train_time:17061ms step_avg:36.93ms
step:463/1285 train_time:17114ms step_avg:36.96ms
step:464/1285 train_time:17176ms step_avg:37.02ms
step:465/1285 train_time:17228ms step_avg:37.05ms
step:466/1285 train_time:17290ms step_avg:37.10ms
step:467/1285 train_time:17343ms step_avg:37.14ms
step:468/1285 train_time:17405ms step_avg:37.19ms
step:469/1285 train_time:17458ms step_avg:37.22ms
step:470/1285 train_time:17520ms step_avg:37.28ms
step:471/1285 train_time:17573ms step_avg:37.31ms
step:472/1285 train_time:17636ms step_avg:37.37ms
step:473/1285 train_time:17689ms step_avg:37.40ms
step:474/1285 train_time:17752ms step_avg:37.45ms
step:475/1285 train_time:17805ms step_avg:37.48ms
step:476/1285 train_time:17868ms step_avg:37.54ms
step:477/1285 train_time:17984ms step_avg:37.70ms
step:478/1285 train_time:18030ms step_avg:37.72ms
step:479/1285 train_time:18071ms step_avg:37.73ms
step:480/1285 train_time:18114ms step_avg:37.74ms
step:481/1285 train_time:18164ms step_avg:37.76ms
step:482/1285 train_time:18226ms step_avg:37.81ms
step:483/1285 train_time:18278ms step_avg:37.84ms
step:484/1285 train_time:18339ms step_avg:37.89ms
step:485/1285 train_time:18392ms step_avg:37.92ms
step:486/1285 train_time:18454ms step_avg:37.97ms
step:487/1285 train_time:18507ms step_avg:38.00ms
step:488/1285 train_time:18569ms step_avg:38.05ms
step:489/1285 train_time:18623ms step_avg:38.08ms
step:490/1285 train_time:18685ms step_avg:38.13ms
step:491/1285 train_time:18738ms step_avg:38.16ms
step:492/1285 train_time:18801ms step_avg:38.21ms
step:493/1285 train_time:18854ms step_avg:38.24ms
step:494/1285 train_time:18918ms step_avg:38.30ms
step:495/1285 train_time:18971ms step_avg:38.32ms
step:496/1285 train_time:19033ms step_avg:38.37ms
step:497/1285 train_time:19085ms step_avg:38.40ms
step:498/1285 train_time:19147ms step_avg:38.45ms
step:499/1285 train_time:19200ms step_avg:38.48ms
step:500/1285 train_time:19262ms step_avg:38.52ms
step:500/1285 val_loss:4.18029308 train_time:19322ms step_avg:38.64ms
step:501/1285 train_time:19358ms step_avg:38.64ms
step:502/1285 train_time:19397ms step_avg:38.64ms
step:503/1285 train_time:19439ms step_avg:38.65ms
step:504/1285 train_time:19503ms step_avg:38.70ms
step:505/1285 train_time:19557ms step_avg:38.73ms
step:506/1285 train_time:19619ms step_avg:38.77ms
step:507/1285 train_time:19670ms step_avg:38.80ms
step:508/1285 train_time:19732ms step_avg:38.84ms
step:509/1285 train_time:19785ms step_avg:38.87ms
step:510/1285 train_time:19847ms step_avg:38.92ms
step:511/1285 train_time:19898ms step_avg:38.94ms
step:512/1285 train_time:19960ms step_avg:38.98ms
step:513/1285 train_time:20012ms step_avg:39.01ms
step:514/1285 train_time:20073ms step_avg:39.05ms
step:515/1285 train_time:20126ms step_avg:39.08ms
step:516/1285 train_time:20187ms step_avg:39.12ms
step:517/1285 train_time:20238ms step_avg:39.15ms
step:518/1285 train_time:20302ms step_avg:39.19ms
step:519/1285 train_time:20356ms step_avg:39.22ms
step:520/1285 train_time:20421ms step_avg:39.27ms
step:521/1285 train_time:20474ms step_avg:39.30ms
step:522/1285 train_time:20538ms step_avg:39.34ms
step:523/1285 train_time:20591ms step_avg:39.37ms
step:524/1285 train_time:20654ms step_avg:39.42ms
step:525/1285 train_time:20706ms step_avg:39.44ms
step:526/1285 train_time:20768ms step_avg:39.48ms
step:527/1285 train_time:20821ms step_avg:39.51ms
step:528/1285 train_time:20882ms step_avg:39.55ms
step:529/1285 train_time:20934ms step_avg:39.57ms
step:530/1285 train_time:20996ms step_avg:39.61ms
step:531/1285 train_time:21048ms step_avg:39.64ms
step:532/1285 train_time:21110ms step_avg:39.68ms
step:533/1285 train_time:21162ms step_avg:39.70ms
step:534/1285 train_time:21224ms step_avg:39.75ms
step:535/1285 train_time:21275ms step_avg:39.77ms
step:536/1285 train_time:21339ms step_avg:39.81ms
step:537/1285 train_time:21393ms step_avg:39.84ms
step:538/1285 train_time:21456ms step_avg:39.88ms
step:539/1285 train_time:21507ms step_avg:39.90ms
step:540/1285 train_time:21570ms step_avg:39.95ms
step:541/1285 train_time:21623ms step_avg:39.97ms
step:542/1285 train_time:21686ms step_avg:40.01ms
step:543/1285 train_time:21739ms step_avg:40.03ms
step:544/1285 train_time:21801ms step_avg:40.08ms
step:545/1285 train_time:21853ms step_avg:40.10ms
step:546/1285 train_time:21916ms step_avg:40.14ms
step:547/1285 train_time:21969ms step_avg:40.16ms
step:548/1285 train_time:22031ms step_avg:40.20ms
step:549/1285 train_time:22082ms step_avg:40.22ms
step:550/1285 train_time:22144ms step_avg:40.26ms
step:551/1285 train_time:22196ms step_avg:40.28ms
step:552/1285 train_time:22257ms step_avg:40.32ms
step:553/1285 train_time:22310ms step_avg:40.34ms
step:554/1285 train_time:22374ms step_avg:40.39ms
step:555/1285 train_time:22427ms step_avg:40.41ms
step:556/1285 train_time:22488ms step_avg:40.45ms
step:557/1285 train_time:22542ms step_avg:40.47ms
step:558/1285 train_time:22605ms step_avg:40.51ms
step:559/1285 train_time:22657ms step_avg:40.53ms
step:560/1285 train_time:22720ms step_avg:40.57ms
step:561/1285 train_time:22772ms step_avg:40.59ms
step:562/1285 train_time:22835ms step_avg:40.63ms
step:563/1285 train_time:22887ms step_avg:40.65ms
step:564/1285 train_time:22949ms step_avg:40.69ms
step:565/1285 train_time:23002ms step_avg:40.71ms
step:566/1285 train_time:23064ms step_avg:40.75ms
step:567/1285 train_time:23117ms step_avg:40.77ms
step:568/1285 train_time:23178ms step_avg:40.81ms
step:569/1285 train_time:23231ms step_avg:40.83ms
step:570/1285 train_time:23293ms step_avg:40.87ms
step:571/1285 train_time:23346ms step_avg:40.89ms
step:572/1285 train_time:23407ms step_avg:40.92ms
step:573/1285 train_time:23461ms step_avg:40.94ms
step:574/1285 train_time:23523ms step_avg:40.98ms
step:575/1285 train_time:23576ms step_avg:41.00ms
step:576/1285 train_time:23639ms step_avg:41.04ms
step:577/1285 train_time:23690ms step_avg:41.06ms
step:578/1285 train_time:23753ms step_avg:41.09ms
step:579/1285 train_time:23805ms step_avg:41.11ms
step:580/1285 train_time:23867ms step_avg:41.15ms
step:581/1285 train_time:23920ms step_avg:41.17ms
step:582/1285 train_time:23982ms step_avg:41.21ms
step:583/1285 train_time:24034ms step_avg:41.23ms
step:584/1285 train_time:24097ms step_avg:41.26ms
step:585/1285 train_time:24148ms step_avg:41.28ms
step:586/1285 train_time:24211ms step_avg:41.32ms
step:587/1285 train_time:24264ms step_avg:41.33ms
step:588/1285 train_time:24326ms step_avg:41.37ms
step:589/1285 train_time:24378ms step_avg:41.39ms
step:590/1285 train_time:24442ms step_avg:41.43ms
step:591/1285 train_time:24493ms step_avg:41.44ms
step:592/1285 train_time:24555ms step_avg:41.48ms
step:593/1285 train_time:24608ms step_avg:41.50ms
step:594/1285 train_time:24670ms step_avg:41.53ms
step:595/1285 train_time:24723ms step_avg:41.55ms
step:596/1285 train_time:24785ms step_avg:41.59ms
step:597/1285 train_time:24838ms step_avg:41.60ms
step:598/1285 train_time:24900ms step_avg:41.64ms
step:599/1285 train_time:24952ms step_avg:41.66ms
step:600/1285 train_time:25014ms step_avg:41.69ms
step:601/1285 train_time:25067ms step_avg:41.71ms
step:602/1285 train_time:25128ms step_avg:41.74ms
step:603/1285 train_time:25182ms step_avg:41.76ms
step:604/1285 train_time:25243ms step_avg:41.79ms
step:605/1285 train_time:25296ms step_avg:41.81ms
step:606/1285 train_time:25358ms step_avg:41.85ms
step:607/1285 train_time:25410ms step_avg:41.86ms
step:608/1285 train_time:25471ms step_avg:41.89ms
step:609/1285 train_time:25526ms step_avg:41.91ms
step:610/1285 train_time:25588ms step_avg:41.95ms
step:611/1285 train_time:25641ms step_avg:41.97ms
step:612/1285 train_time:25703ms step_avg:42.00ms
step:613/1285 train_time:25756ms step_avg:42.02ms
step:614/1285 train_time:25817ms step_avg:42.05ms
step:615/1285 train_time:25870ms step_avg:42.06ms
step:616/1285 train_time:25933ms step_avg:42.10ms
step:617/1285 train_time:25985ms step_avg:42.11ms
step:618/1285 train_time:26048ms step_avg:42.15ms
step:619/1285 train_time:26100ms step_avg:42.17ms
step:620/1285 train_time:26162ms step_avg:42.20ms
step:621/1285 train_time:26214ms step_avg:42.21ms
step:622/1285 train_time:26276ms step_avg:42.24ms
step:623/1285 train_time:26330ms step_avg:42.26ms
step:624/1285 train_time:26391ms step_avg:42.29ms
step:625/1285 train_time:26443ms step_avg:42.31ms
step:626/1285 train_time:26506ms step_avg:42.34ms
step:627/1285 train_time:26559ms step_avg:42.36ms
step:628/1285 train_time:26621ms step_avg:42.39ms
step:629/1285 train_time:26674ms step_avg:42.41ms
step:630/1285 train_time:26737ms step_avg:42.44ms
step:631/1285 train_time:26789ms step_avg:42.46ms
step:632/1285 train_time:26851ms step_avg:42.49ms
step:633/1285 train_time:26903ms step_avg:42.50ms
step:634/1285 train_time:26965ms step_avg:42.53ms
step:635/1285 train_time:27018ms step_avg:42.55ms
step:636/1285 train_time:27080ms step_avg:42.58ms
step:637/1285 train_time:27134ms step_avg:42.60ms
step:638/1285 train_time:27196ms step_avg:42.63ms
step:639/1285 train_time:27249ms step_avg:42.64ms
step:640/1285 train_time:27311ms step_avg:42.67ms
step:641/1285 train_time:27364ms step_avg:42.69ms
step:642/1285 train_time:27425ms step_avg:42.72ms
step:643/1285 train_time:27478ms step_avg:42.73ms
step:644/1285 train_time:27539ms step_avg:42.76ms
step:645/1285 train_time:27592ms step_avg:42.78ms
step:646/1285 train_time:27655ms step_avg:42.81ms
step:647/1285 train_time:27707ms step_avg:42.82ms
step:648/1285 train_time:27768ms step_avg:42.85ms
step:649/1285 train_time:27821ms step_avg:42.87ms
step:650/1285 train_time:27884ms step_avg:42.90ms
step:651/1285 train_time:27937ms step_avg:42.91ms
step:652/1285 train_time:28000ms step_avg:42.94ms
step:653/1285 train_time:28052ms step_avg:42.96ms
step:654/1285 train_time:28114ms step_avg:42.99ms
step:655/1285 train_time:28168ms step_avg:43.00ms
step:656/1285 train_time:28230ms step_avg:43.03ms
step:657/1285 train_time:28282ms step_avg:43.05ms
step:658/1285 train_time:28345ms step_avg:43.08ms
step:659/1285 train_time:28397ms step_avg:43.09ms
step:660/1285 train_time:28459ms step_avg:43.12ms
step:661/1285 train_time:28511ms step_avg:43.13ms
step:662/1285 train_time:28573ms step_avg:43.16ms
step:663/1285 train_time:28626ms step_avg:43.18ms
step:664/1285 train_time:28687ms step_avg:43.20ms
step:665/1285 train_time:28739ms step_avg:43.22ms
step:666/1285 train_time:28802ms step_avg:43.25ms
step:667/1285 train_time:28854ms step_avg:43.26ms
step:668/1285 train_time:28917ms step_avg:43.29ms
step:669/1285 train_time:28969ms step_avg:43.30ms
step:670/1285 train_time:29031ms step_avg:43.33ms
step:671/1285 train_time:29084ms step_avg:43.34ms
step:672/1285 train_time:29144ms step_avg:43.37ms
step:673/1285 train_time:29197ms step_avg:43.38ms
step:674/1285 train_time:29259ms step_avg:43.41ms
step:675/1285 train_time:29311ms step_avg:43.42ms
step:676/1285 train_time:29374ms step_avg:43.45ms
step:677/1285 train_time:29426ms step_avg:43.47ms
step:678/1285 train_time:29488ms step_avg:43.49ms
step:679/1285 train_time:29541ms step_avg:43.51ms
step:680/1285 train_time:29603ms step_avg:43.53ms
step:681/1285 train_time:29655ms step_avg:43.55ms
step:682/1285 train_time:29717ms step_avg:43.57ms
step:683/1285 train_time:29769ms step_avg:43.59ms
step:684/1285 train_time:29832ms step_avg:43.61ms
step:685/1285 train_time:29884ms step_avg:43.63ms
step:686/1285 train_time:29946ms step_avg:43.65ms
step:687/1285 train_time:29999ms step_avg:43.67ms
step:688/1285 train_time:30061ms step_avg:43.69ms
step:689/1285 train_time:30112ms step_avg:43.70ms
step:690/1285 train_time:30176ms step_avg:43.73ms
step:691/1285 train_time:30228ms step_avg:43.75ms
step:692/1285 train_time:30291ms step_avg:43.77ms
step:693/1285 train_time:30343ms step_avg:43.79ms
step:694/1285 train_time:30405ms step_avg:43.81ms
step:695/1285 train_time:30457ms step_avg:43.82ms
step:696/1285 train_time:30520ms step_avg:43.85ms
step:697/1285 train_time:30572ms step_avg:43.86ms
step:698/1285 train_time:30634ms step_avg:43.89ms
step:699/1285 train_time:30687ms step_avg:43.90ms
step:700/1285 train_time:30748ms step_avg:43.93ms
step:701/1285 train_time:30801ms step_avg:43.94ms
step:702/1285 train_time:30863ms step_avg:43.96ms
step:703/1285 train_time:30916ms step_avg:43.98ms
step:704/1285 train_time:30978ms step_avg:44.00ms
step:705/1285 train_time:31031ms step_avg:44.01ms
step:706/1285 train_time:31093ms step_avg:44.04ms
step:707/1285 train_time:31146ms step_avg:44.05ms
step:708/1285 train_time:31207ms step_avg:44.08ms
step:709/1285 train_time:31260ms step_avg:44.09ms
step:710/1285 train_time:31323ms step_avg:44.12ms
step:711/1285 train_time:31375ms step_avg:44.13ms
step:712/1285 train_time:31437ms step_avg:44.15ms
step:713/1285 train_time:31490ms step_avg:44.17ms
step:714/1285 train_time:31552ms step_avg:44.19ms
step:715/1285 train_time:31604ms step_avg:44.20ms
step:716/1285 train_time:31666ms step_avg:44.23ms
step:717/1285 train_time:31719ms step_avg:44.24ms
step:718/1285 train_time:31781ms step_avg:44.26ms
step:719/1285 train_time:31833ms step_avg:44.27ms
step:720/1285 train_time:31895ms step_avg:44.30ms
step:721/1285 train_time:31948ms step_avg:44.31ms
step:722/1285 train_time:32010ms step_avg:44.34ms
step:723/1285 train_time:32062ms step_avg:44.35ms
step:724/1285 train_time:32124ms step_avg:44.37ms
step:725/1285 train_time:32177ms step_avg:44.38ms
step:726/1285 train_time:32239ms step_avg:44.41ms
step:727/1285 train_time:32293ms step_avg:44.42ms
step:728/1285 train_time:32355ms step_avg:44.44ms
step:729/1285 train_time:32407ms step_avg:44.45ms
step:730/1285 train_time:32468ms step_avg:44.48ms
step:731/1285 train_time:32522ms step_avg:44.49ms
step:732/1285 train_time:32583ms step_avg:44.51ms
step:733/1285 train_time:32636ms step_avg:44.52ms
step:734/1285 train_time:32698ms step_avg:44.55ms
step:735/1285 train_time:32750ms step_avg:44.56ms
step:736/1285 train_time:32812ms step_avg:44.58ms
step:737/1285 train_time:32865ms step_avg:44.59ms
step:738/1285 train_time:32927ms step_avg:44.62ms
step:739/1285 train_time:32980ms step_avg:44.63ms
step:740/1285 train_time:33042ms step_avg:44.65ms
step:741/1285 train_time:33094ms step_avg:44.66ms
step:742/1285 train_time:33155ms step_avg:44.68ms
step:743/1285 train_time:33209ms step_avg:44.70ms
step:744/1285 train_time:33271ms step_avg:44.72ms
step:745/1285 train_time:33325ms step_avg:44.73ms
step:746/1285 train_time:33386ms step_avg:44.75ms
step:747/1285 train_time:33439ms step_avg:44.76ms
step:748/1285 train_time:33501ms step_avg:44.79ms
step:749/1285 train_time:33554ms step_avg:44.80ms
step:750/1285 train_time:33616ms step_avg:44.82ms
step:750/1285 val_loss:3.70831132 train_time:33677ms step_avg:44.90ms
step:751/1285 train_time:33713ms step_avg:44.89ms
step:752/1285 train_time:33752ms step_avg:44.88ms
step:753/1285 train_time:33785ms step_avg:44.87ms
step:754/1285 train_time:33853ms step_avg:44.90ms
step:755/1285 train_time:33906ms step_avg:44.91ms
step:756/1285 train_time:33969ms step_avg:44.93ms
step:757/1285 train_time:34022ms step_avg:44.94ms
step:758/1285 train_time:34083ms step_avg:44.96ms
step:759/1285 train_time:34135ms step_avg:44.97ms
step:760/1285 train_time:34197ms step_avg:45.00ms
step:761/1285 train_time:34249ms step_avg:45.01ms
step:762/1285 train_time:34311ms step_avg:45.03ms
step:763/1285 train_time:34362ms step_avg:45.04ms
step:764/1285 train_time:34425ms step_avg:45.06ms
step:765/1285 train_time:34476ms step_avg:45.07ms
step:766/1285 train_time:34538ms step_avg:45.09ms
step:767/1285 train_time:34591ms step_avg:45.10ms
step:768/1285 train_time:34655ms step_avg:45.12ms
step:769/1285 train_time:34709ms step_avg:45.14ms
step:770/1285 train_time:34771ms step_avg:45.16ms
step:771/1285 train_time:34825ms step_avg:45.17ms
step:772/1285 train_time:34888ms step_avg:45.19ms
step:773/1285 train_time:34940ms step_avg:45.20ms
step:774/1285 train_time:35002ms step_avg:45.22ms
step:775/1285 train_time:35055ms step_avg:45.23ms
step:776/1285 train_time:35117ms step_avg:45.25ms
step:777/1285 train_time:35170ms step_avg:45.26ms
step:778/1285 train_time:35232ms step_avg:45.29ms
step:779/1285 train_time:35283ms step_avg:45.29ms
step:780/1285 train_time:35345ms step_avg:45.31ms
step:781/1285 train_time:35397ms step_avg:45.32ms
step:782/1285 train_time:35458ms step_avg:45.34ms
step:783/1285 train_time:35510ms step_avg:45.35ms
step:784/1285 train_time:35572ms step_avg:45.37ms
step:785/1285 train_time:35624ms step_avg:45.38ms
step:786/1285 train_time:35687ms step_avg:45.40ms
step:787/1285 train_time:35741ms step_avg:45.41ms
step:788/1285 train_time:35804ms step_avg:45.44ms
step:789/1285 train_time:35857ms step_avg:45.45ms
step:790/1285 train_time:35919ms step_avg:45.47ms
step:791/1285 train_time:35972ms step_avg:45.48ms
step:792/1285 train_time:36034ms step_avg:45.50ms
step:793/1285 train_time:36086ms step_avg:45.51ms
step:794/1285 train_time:36282ms step_avg:45.70ms
step:795/1285 train_time:36320ms step_avg:45.69ms
step:796/1285 train_time:36365ms step_avg:45.68ms
step:797/1285 train_time:36406ms step_avg:45.68ms
step:798/1285 train_time:36469ms step_avg:45.70ms
step:799/1285 train_time:36522ms step_avg:45.71ms
step:800/1285 train_time:36582ms step_avg:45.73ms
step:801/1285 train_time:36633ms step_avg:45.73ms
step:802/1285 train_time:36694ms step_avg:45.75ms
step:803/1285 train_time:36745ms step_avg:45.76ms
step:804/1285 train_time:36806ms step_avg:45.78ms
step:805/1285 train_time:36858ms step_avg:45.79ms
step:806/1285 train_time:36920ms step_avg:45.81ms
step:807/1285 train_time:36972ms step_avg:45.81ms
step:808/1285 train_time:37034ms step_avg:45.83ms
step:809/1285 train_time:37085ms step_avg:45.84ms
step:810/1285 train_time:37150ms step_avg:45.86ms
step:811/1285 train_time:37206ms step_avg:45.88ms
step:812/1285 train_time:37270ms step_avg:45.90ms
step:813/1285 train_time:37325ms step_avg:45.91ms
step:814/1285 train_time:37387ms step_avg:45.93ms
step:815/1285 train_time:37439ms step_avg:45.94ms
step:816/1285 train_time:37500ms step_avg:45.96ms
step:817/1285 train_time:37553ms step_avg:45.96ms
step:818/1285 train_time:37614ms step_avg:45.98ms
step:819/1285 train_time:37667ms step_avg:45.99ms
step:820/1285 train_time:37728ms step_avg:46.01ms
step:821/1285 train_time:37780ms step_avg:46.02ms
step:822/1285 train_time:37841ms step_avg:46.04ms
step:823/1285 train_time:37893ms step_avg:46.04ms
step:824/1285 train_time:37955ms step_avg:46.06ms
step:825/1285 train_time:38006ms step_avg:46.07ms
step:826/1285 train_time:38068ms step_avg:46.09ms
step:827/1285 train_time:38120ms step_avg:46.09ms
step:828/1285 train_time:38184ms step_avg:46.12ms
step:829/1285 train_time:38237ms step_avg:46.12ms
step:830/1285 train_time:38300ms step_avg:46.14ms
step:831/1285 train_time:38354ms step_avg:46.15ms
step:832/1285 train_time:38416ms step_avg:46.17ms
step:833/1285 train_time:38470ms step_avg:46.18ms
step:834/1285 train_time:38532ms step_avg:46.20ms
step:835/1285 train_time:38585ms step_avg:46.21ms
step:836/1285 train_time:38647ms step_avg:46.23ms
step:837/1285 train_time:38698ms step_avg:46.23ms
step:838/1285 train_time:38761ms step_avg:46.25ms
step:839/1285 train_time:38812ms step_avg:46.26ms
step:840/1285 train_time:38873ms step_avg:46.28ms
step:841/1285 train_time:38925ms step_avg:46.28ms
step:842/1285 train_time:38986ms step_avg:46.30ms
step:843/1285 train_time:39039ms step_avg:46.31ms
step:844/1285 train_time:39101ms step_avg:46.33ms
step:845/1285 train_time:39154ms step_avg:46.34ms
step:846/1285 train_time:39216ms step_avg:46.35ms
step:847/1285 train_time:39268ms step_avg:46.36ms
step:848/1285 train_time:39332ms step_avg:46.38ms
step:849/1285 train_time:39413ms step_avg:46.42ms
step:850/1285 train_time:39500ms step_avg:46.47ms
step:851/1285 train_time:39579ms step_avg:46.51ms
step:852/1285 train_time:39667ms step_avg:46.56ms
step:853/1285 train_time:39745ms step_avg:46.59ms
step:854/1285 train_time:39832ms step_avg:46.64ms
step:855/1285 train_time:39909ms step_avg:46.68ms
step:856/1285 train_time:39995ms step_avg:46.72ms
step:857/1285 train_time:40073ms step_avg:46.76ms
step:858/1285 train_time:40161ms step_avg:46.81ms
step:859/1285 train_time:40241ms step_avg:46.85ms
step:860/1285 train_time:40329ms step_avg:46.89ms
step:861/1285 train_time:40407ms step_avg:46.93ms
step:862/1285 train_time:40493ms step_avg:46.98ms
step:863/1285 train_time:40572ms step_avg:47.01ms
step:864/1285 train_time:40659ms step_avg:47.06ms
step:865/1285 train_time:40736ms step_avg:47.09ms
step:866/1285 train_time:40824ms step_avg:47.14ms
step:867/1285 train_time:40904ms step_avg:47.18ms
step:868/1285 train_time:40992ms step_avg:47.23ms
step:869/1285 train_time:41070ms step_avg:47.26ms
step:870/1285 train_time:41157ms step_avg:47.31ms
step:871/1285 train_time:41235ms step_avg:47.34ms
step:872/1285 train_time:41323ms step_avg:47.39ms
step:873/1285 train_time:41403ms step_avg:47.43ms
step:874/1285 train_time:41491ms step_avg:47.47ms
step:875/1285 train_time:41569ms step_avg:47.51ms
step:876/1285 train_time:41656ms step_avg:47.55ms
step:877/1285 train_time:41733ms step_avg:47.59ms
step:878/1285 train_time:41821ms step_avg:47.63ms
step:879/1285 train_time:41899ms step_avg:47.67ms
step:880/1285 train_time:41987ms step_avg:47.71ms
step:881/1285 train_time:42066ms step_avg:47.75ms
step:882/1285 train_time:42153ms step_avg:47.79ms
step:883/1285 train_time:42230ms step_avg:47.83ms
step:884/1285 train_time:42317ms step_avg:47.87ms
step:885/1285 train_time:42395ms step_avg:47.90ms
step:886/1285 train_time:42484ms step_avg:47.95ms
step:887/1285 train_time:42564ms step_avg:47.99ms
step:888/1285 train_time:42651ms step_avg:48.03ms
step:889/1285 train_time:42729ms step_avg:48.06ms
step:890/1285 train_time:42816ms step_avg:48.11ms
step:891/1285 train_time:42893ms step_avg:48.14ms
step:892/1285 train_time:42980ms step_avg:48.18ms
step:893/1285 train_time:43057ms step_avg:48.22ms
step:894/1285 train_time:43146ms step_avg:48.26ms
step:895/1285 train_time:43225ms step_avg:48.30ms
step:896/1285 train_time:43313ms step_avg:48.34ms
step:897/1285 train_time:43390ms step_avg:48.37ms
step:898/1285 train_time:43479ms step_avg:48.42ms
step:899/1285 train_time:43556ms step_avg:48.45ms
step:900/1285 train_time:43643ms step_avg:48.49ms
step:901/1285 train_time:43722ms step_avg:48.53ms
step:902/1285 train_time:43810ms step_avg:48.57ms
step:903/1285 train_time:43887ms step_avg:48.60ms
step:904/1285 train_time:43974ms step_avg:48.64ms
step:905/1285 train_time:44053ms step_avg:48.68ms
step:906/1285 train_time:44140ms step_avg:48.72ms
step:907/1285 train_time:44217ms step_avg:48.75ms
step:908/1285 train_time:44305ms step_avg:48.79ms
step:909/1285 train_time:44385ms step_avg:48.83ms
step:910/1285 train_time:44472ms step_avg:48.87ms
step:911/1285 train_time:44550ms step_avg:48.90ms
step:912/1285 train_time:44636ms step_avg:48.94ms
step:913/1285 train_time:44713ms step_avg:48.97ms
step:914/1285 train_time:44800ms step_avg:49.02ms
step:915/1285 train_time:44879ms step_avg:49.05ms
step:916/1285 train_time:44968ms step_avg:49.09ms
step:917/1285 train_time:45048ms step_avg:49.13ms
step:918/1285 train_time:45133ms step_avg:49.16ms
step:919/1285 train_time:45210ms step_avg:49.20ms
step:920/1285 train_time:45299ms step_avg:49.24ms
step:921/1285 train_time:45376ms step_avg:49.27ms
step:922/1285 train_time:45465ms step_avg:49.31ms
step:923/1285 train_time:45544ms step_avg:49.34ms
step:924/1285 train_time:45631ms step_avg:49.38ms
step:925/1285 train_time:45709ms step_avg:49.41ms
step:926/1285 train_time:45795ms step_avg:49.46ms
step:927/1285 train_time:45872ms step_avg:49.48ms
step:928/1285 train_time:45961ms step_avg:49.53ms
step:929/1285 train_time:46040ms step_avg:49.56ms
step:930/1285 train_time:46129ms step_avg:49.60ms
step:931/1285 train_time:46207ms step_avg:49.63ms
step:932/1285 train_time:46294ms step_avg:49.67ms
step:933/1285 train_time:46371ms step_avg:49.70ms
step:934/1285 train_time:46458ms step_avg:49.74ms
step:935/1285 train_time:46536ms step_avg:49.77ms
step:936/1285 train_time:46623ms step_avg:49.81ms
step:937/1285 train_time:46703ms step_avg:49.84ms
step:938/1285 train_time:46791ms step_avg:49.88ms
step:939/1285 train_time:46868ms step_avg:49.91ms
step:940/1285 train_time:46955ms step_avg:49.95ms
step:941/1285 train_time:47032ms step_avg:49.98ms
step:942/1285 train_time:47118ms step_avg:50.02ms
step:943/1285 train_time:47197ms step_avg:50.05ms
step:944/1285 train_time:47287ms step_avg:50.09ms
step:945/1285 train_time:47366ms step_avg:50.12ms
step:946/1285 train_time:47453ms step_avg:50.16ms
step:947/1285 train_time:47531ms step_avg:50.19ms
step:948/1285 train_time:47618ms step_avg:50.23ms
step:949/1285 train_time:47695ms step_avg:50.26ms
step:950/1285 train_time:47783ms step_avg:50.30ms
step:951/1285 train_time:47861ms step_avg:50.33ms
step:952/1285 train_time:47949ms step_avg:50.37ms
step:953/1285 train_time:48028ms step_avg:50.40ms
step:954/1285 train_time:48114ms step_avg:50.43ms
step:955/1285 train_time:48192ms step_avg:50.46ms
step:956/1285 train_time:48279ms step_avg:50.50ms
step:957/1285 train_time:48357ms step_avg:50.53ms
step:958/1285 train_time:48445ms step_avg:50.57ms
step:959/1285 train_time:48524ms step_avg:50.60ms
step:960/1285 train_time:48611ms step_avg:50.64ms
step:961/1285 train_time:48688ms step_avg:50.66ms
step:962/1285 train_time:48776ms step_avg:50.70ms
step:963/1285 train_time:48854ms step_avg:50.73ms
step:964/1285 train_time:48941ms step_avg:50.77ms
step:965/1285 train_time:49019ms step_avg:50.80ms
step:966/1285 train_time:49107ms step_avg:50.84ms
step:967/1285 train_time:49185ms step_avg:50.86ms
step:968/1285 train_time:49272ms step_avg:50.90ms
step:969/1285 train_time:49351ms step_avg:50.93ms
step:970/1285 train_time:49437ms step_avg:50.97ms
step:971/1285 train_time:49514ms step_avg:50.99ms
step:972/1285 train_time:49603ms step_avg:51.03ms
step:973/1285 train_time:49682ms step_avg:51.06ms
step:974/1285 train_time:49770ms step_avg:51.10ms
step:975/1285 train_time:49847ms step_avg:51.13ms
step:976/1285 train_time:49934ms step_avg:51.16ms
step:977/1285 train_time:50012ms step_avg:51.19ms
step:978/1285 train_time:50100ms step_avg:51.23ms
step:979/1285 train_time:50177ms step_avg:51.25ms
step:980/1285 train_time:50267ms step_avg:51.29ms
step:981/1285 train_time:50345ms step_avg:51.32ms
step:982/1285 train_time:50432ms step_avg:51.36ms
step:983/1285 train_time:50510ms step_avg:51.38ms
step:984/1285 train_time:50597ms step_avg:51.42ms
step:985/1285 train_time:50674ms step_avg:51.45ms
step:986/1285 train_time:50761ms step_avg:51.48ms
step:987/1285 train_time:50840ms step_avg:51.51ms
step:988/1285 train_time:50928ms step_avg:51.55ms
step:989/1285 train_time:51006ms step_avg:51.57ms
step:990/1285 train_time:51093ms step_avg:51.61ms
step:991/1285 train_time:51171ms step_avg:51.64ms
step:992/1285 train_time:51259ms step_avg:51.67ms
step:993/1285 train_time:51336ms step_avg:51.70ms
step:994/1285 train_time:51424ms step_avg:51.73ms
step:995/1285 train_time:51503ms step_avg:51.76ms
step:996/1285 train_time:51590ms step_avg:51.80ms
step:997/1285 train_time:51668ms step_avg:51.82ms
step:998/1285 train_time:51756ms step_avg:51.86ms
step:999/1285 train_time:51832ms step_avg:51.88ms
step:1000/1285 train_time:51920ms step_avg:51.92ms
step:1000/1285 val_loss:3.43238235 train_time:52007ms step_avg:52.01ms
step:1001/1285 train_time:52041ms step_avg:51.99ms
step:1002/1285 train_time:52092ms step_avg:51.99ms
step:1003/1285 train_time:52175ms step_avg:52.02ms
step:1004/1285 train_time:52263ms step_avg:52.05ms
step:1005/1285 train_time:52341ms step_avg:52.08ms
step:1006/1285 train_time:52428ms step_avg:52.11ms
step:1007/1285 train_time:52504ms step_avg:52.14ms
step:1008/1285 train_time:52591ms step_avg:52.17ms
step:1009/1285 train_time:52669ms step_avg:52.20ms
step:1010/1285 train_time:52754ms step_avg:52.23ms
step:1011/1285 train_time:52831ms step_avg:52.26ms
step:1012/1285 train_time:52916ms step_avg:52.29ms
step:1013/1285 train_time:52994ms step_avg:52.31ms
step:1014/1285 train_time:53085ms step_avg:52.35ms
step:1015/1285 train_time:53166ms step_avg:52.38ms
step:1016/1285 train_time:53253ms step_avg:52.41ms
step:1017/1285 train_time:53331ms step_avg:52.44ms
step:1018/1285 train_time:53417ms step_avg:52.47ms
step:1019/1285 train_time:53495ms step_avg:52.50ms
step:1020/1285 train_time:53583ms step_avg:52.53ms
step:1021/1285 train_time:53661ms step_avg:52.56ms
step:1022/1285 train_time:53748ms step_avg:52.59ms
step:1023/1285 train_time:53825ms step_avg:52.61ms
step:1024/1285 train_time:53912ms step_avg:52.65ms
step:1025/1285 train_time:53990ms step_avg:52.67ms
step:1026/1285 train_time:54158ms step_avg:52.79ms
step:1027/1285 train_time:54202ms step_avg:52.78ms
step:1028/1285 train_time:54307ms step_avg:52.83ms
step:1029/1285 train_time:54382ms step_avg:52.85ms
step:1030/1285 train_time:54469ms step_avg:52.88ms
step:1031/1285 train_time:54546ms step_avg:52.91ms
step:1032/1285 train_time:54633ms step_avg:52.94ms
step:1033/1285 train_time:54709ms step_avg:52.96ms
step:1034/1285 train_time:54794ms step_avg:52.99ms
step:1035/1285 train_time:54871ms step_avg:53.02ms
step:1036/1285 train_time:54957ms step_avg:53.05ms
step:1037/1285 train_time:55034ms step_avg:53.07ms
step:1038/1285 train_time:55129ms step_avg:53.11ms
step:1039/1285 train_time:55212ms step_avg:53.14ms
step:1040/1285 train_time:55299ms step_avg:53.17ms
step:1041/1285 train_time:55378ms step_avg:53.20ms
step:1042/1285 train_time:55466ms step_avg:53.23ms
step:1043/1285 train_time:55544ms step_avg:53.25ms
step:1044/1285 train_time:55630ms step_avg:53.29ms
step:1045/1285 train_time:55707ms step_avg:53.31ms
step:1046/1285 train_time:55793ms step_avg:53.34ms
step:1047/1285 train_time:55870ms step_avg:53.36ms
step:1048/1285 train_time:55956ms step_avg:53.39ms
step:1049/1285 train_time:56034ms step_avg:53.42ms
step:1050/1285 train_time:56126ms step_avg:53.45ms
step:1051/1285 train_time:56204ms step_avg:53.48ms
step:1052/1285 train_time:56292ms step_avg:53.51ms
step:1053/1285 train_time:56370ms step_avg:53.53ms
step:1054/1285 train_time:56457ms step_avg:53.56ms
step:1055/1285 train_time:56534ms step_avg:53.59ms
step:1056/1285 train_time:56623ms step_avg:53.62ms
step:1057/1285 train_time:56701ms step_avg:53.64ms
step:1058/1285 train_time:56788ms step_avg:53.67ms
step:1059/1285 train_time:56865ms step_avg:53.70ms
step:1060/1285 train_time:56951ms step_avg:53.73ms
step:1061/1285 train_time:57029ms step_avg:53.75ms
step:1062/1285 train_time:57118ms step_avg:53.78ms
step:1063/1285 train_time:57195ms step_avg:53.81ms
step:1064/1285 train_time:57283ms step_avg:53.84ms
step:1065/1285 train_time:57362ms step_avg:53.86ms
step:1066/1285 train_time:57450ms step_avg:53.89ms
step:1067/1285 train_time:57528ms step_avg:53.92ms
step:1068/1285 train_time:57615ms step_avg:53.95ms
step:1069/1285 train_time:57692ms step_avg:53.97ms
step:1070/1285 train_time:57778ms step_avg:54.00ms
step:1071/1285 train_time:57856ms step_avg:54.02ms
step:1072/1285 train_time:57944ms step_avg:54.05ms
step:1073/1285 train_time:58023ms step_avg:54.08ms
step:1074/1285 train_time:58110ms step_avg:54.11ms
step:1075/1285 train_time:58188ms step_avg:54.13ms
step:1076/1285 train_time:58275ms step_avg:54.16ms
step:1077/1285 train_time:58354ms step_avg:54.18ms
step:1078/1285 train_time:58443ms step_avg:54.21ms
step:1079/1285 train_time:58521ms step_avg:54.24ms
step:1080/1285 train_time:58610ms step_avg:54.27ms
step:1081/1285 train_time:58688ms step_avg:54.29ms
step:1082/1285 train_time:58774ms step_avg:54.32ms
step:1083/1285 train_time:58851ms step_avg:54.34ms
step:1084/1285 train_time:58938ms step_avg:54.37ms
step:1085/1285 train_time:59017ms step_avg:54.39ms
step:1086/1285 train_time:59105ms step_avg:54.42ms
step:1087/1285 train_time:59184ms step_avg:54.45ms
step:1088/1285 train_time:59270ms step_avg:54.48ms
step:1089/1285 train_time:59349ms step_avg:54.50ms
step:1090/1285 train_time:59436ms step_avg:54.53ms
step:1091/1285 train_time:59514ms step_avg:54.55ms
step:1092/1285 train_time:59602ms step_avg:54.58ms
step:1093/1285 train_time:59682ms step_avg:54.60ms
step:1094/1285 train_time:59769ms step_avg:54.63ms
step:1095/1285 train_time:59846ms step_avg:54.65ms
step:1096/1285 train_time:59933ms step_avg:54.68ms
step:1097/1285 train_time:60009ms step_avg:54.70ms
step:1098/1285 train_time:60096ms step_avg:54.73ms
step:1099/1285 train_time:60174ms step_avg:54.75ms
step:1100/1285 train_time:60262ms step_avg:54.78ms
step:1101/1285 train_time:60341ms step_avg:54.81ms
step:1102/1285 train_time:60429ms step_avg:54.84ms
step:1103/1285 train_time:60507ms step_avg:54.86ms
step:1104/1285 train_time:60596ms step_avg:54.89ms
step:1105/1285 train_time:60672ms step_avg:54.91ms
step:1106/1285 train_time:60759ms step_avg:54.94ms
step:1107/1285 train_time:60838ms step_avg:54.96ms
step:1108/1285 train_time:60926ms step_avg:54.99ms
step:1109/1285 train_time:61004ms step_avg:55.01ms
step:1110/1285 train_time:61090ms step_avg:55.04ms
step:1111/1285 train_time:61168ms step_avg:55.06ms
step:1112/1285 train_time:61254ms step_avg:55.08ms
step:1113/1285 train_time:61333ms step_avg:55.11ms
step:1114/1285 train_time:61421ms step_avg:55.14ms
step:1115/1285 train_time:61500ms step_avg:55.16ms
step:1116/1285 train_time:61588ms step_avg:55.19ms
step:1117/1285 train_time:61666ms step_avg:55.21ms
step:1118/1285 train_time:61753ms step_avg:55.23ms
step:1119/1285 train_time:61831ms step_avg:55.26ms
step:1120/1285 train_time:61918ms step_avg:55.28ms
step:1121/1285 train_time:61994ms step_avg:55.30ms
step:1122/1285 train_time:62083ms step_avg:55.33ms
step:1123/1285 train_time:62162ms step_avg:55.35ms
step:1124/1285 train_time:62249ms step_avg:55.38ms
step:1125/1285 train_time:62326ms step_avg:55.40ms
step:1126/1285 train_time:62414ms step_avg:55.43ms
step:1127/1285 train_time:62490ms step_avg:55.45ms
step:1128/1285 train_time:62578ms step_avg:55.48ms
step:1129/1285 train_time:62658ms step_avg:55.50ms
step:1130/1285 train_time:62747ms step_avg:55.53ms
step:1131/1285 train_time:62825ms step_avg:55.55ms
step:1132/1285 train_time:62910ms step_avg:55.57ms
step:1133/1285 train_time:62989ms step_avg:55.59ms
step:1134/1285 train_time:63075ms step_avg:55.62ms
step:1135/1285 train_time:63153ms step_avg:55.64ms
step:1136/1285 train_time:63241ms step_avg:55.67ms
step:1137/1285 train_time:63320ms step_avg:55.69ms
step:1138/1285 train_time:63408ms step_avg:55.72ms
step:1139/1285 train_time:63486ms step_avg:55.74ms
step:1140/1285 train_time:63572ms step_avg:55.77ms
step:1141/1285 train_time:63651ms step_avg:55.79ms
step:1142/1285 train_time:63737ms step_avg:55.81ms
step:1143/1285 train_time:63816ms step_avg:55.83ms
step:1144/1285 train_time:63904ms step_avg:55.86ms
step:1145/1285 train_time:63983ms step_avg:55.88ms
step:1146/1285 train_time:64070ms step_avg:55.91ms
step:1147/1285 train_time:64148ms step_avg:55.93ms
step:1148/1285 train_time:64234ms step_avg:55.95ms
step:1149/1285 train_time:64313ms step_avg:55.97ms
step:1150/1285 train_time:64401ms step_avg:56.00ms
step:1151/1285 train_time:64480ms step_avg:56.02ms
step:1152/1285 train_time:64568ms step_avg:56.05ms
step:1153/1285 train_time:64646ms step_avg:56.07ms
step:1154/1285 train_time:64733ms step_avg:56.09ms
step:1155/1285 train_time:64811ms step_avg:56.11ms
step:1156/1285 train_time:64897ms step_avg:56.14ms
step:1157/1285 train_time:64975ms step_avg:56.16ms
step:1158/1285 train_time:65064ms step_avg:56.19ms
step:1159/1285 train_time:65142ms step_avg:56.21ms
step:1160/1285 train_time:65230ms step_avg:56.23ms
step:1161/1285 train_time:65307ms step_avg:56.25ms
step:1162/1285 train_time:65395ms step_avg:56.28ms
step:1163/1285 train_time:65473ms step_avg:56.30ms
step:1164/1285 train_time:65561ms step_avg:56.32ms
step:1165/1285 train_time:65641ms step_avg:56.34ms
step:1166/1285 train_time:65729ms step_avg:56.37ms
step:1167/1285 train_time:65806ms step_avg:56.39ms
step:1168/1285 train_time:65893ms step_avg:56.41ms
step:1169/1285 train_time:65970ms step_avg:56.43ms
step:1170/1285 train_time:66057ms step_avg:56.46ms
step:1171/1285 train_time:66134ms step_avg:56.48ms
step:1172/1285 train_time:66224ms step_avg:56.50ms
step:1173/1285 train_time:66303ms step_avg:56.52ms
step:1174/1285 train_time:66390ms step_avg:56.55ms
step:1175/1285 train_time:66468ms step_avg:56.57ms
step:1176/1285 train_time:66554ms step_avg:56.59ms
step:1177/1285 train_time:66634ms step_avg:56.61ms
step:1178/1285 train_time:66721ms step_avg:56.64ms
step:1179/1285 train_time:66800ms step_avg:56.66ms
step:1180/1285 train_time:66887ms step_avg:56.68ms
step:1181/1285 train_time:66965ms step_avg:56.70ms
step:1182/1285 train_time:67052ms step_avg:56.73ms
step:1183/1285 train_time:67129ms step_avg:56.74ms
step:1184/1285 train_time:67216ms step_avg:56.77ms
step:1185/1285 train_time:67293ms step_avg:56.79ms
step:1186/1285 train_time:67382ms step_avg:56.81ms
step:1187/1285 train_time:67461ms step_avg:56.83ms
step:1188/1285 train_time:67549ms step_avg:56.86ms
step:1189/1285 train_time:67627ms step_avg:56.88ms
step:1190/1285 train_time:67713ms step_avg:56.90ms
step:1191/1285 train_time:67791ms step_avg:56.92ms
step:1192/1285 train_time:67878ms step_avg:56.94ms
step:1193/1285 train_time:67956ms step_avg:56.96ms
step:1194/1285 train_time:68045ms step_avg:56.99ms
step:1195/1285 train_time:68123ms step_avg:57.01ms
step:1196/1285 train_time:68210ms step_avg:57.03ms
step:1197/1285 train_time:68287ms step_avg:57.05ms
step:1198/1285 train_time:68374ms step_avg:57.07ms
step:1199/1285 train_time:68452ms step_avg:57.09ms
step:1200/1285 train_time:68540ms step_avg:57.12ms
step:1201/1285 train_time:68620ms step_avg:57.14ms
step:1202/1285 train_time:68707ms step_avg:57.16ms
step:1203/1285 train_time:68786ms step_avg:57.18ms
step:1204/1285 train_time:68872ms step_avg:57.20ms
step:1205/1285 train_time:68949ms step_avg:57.22ms
step:1206/1285 train_time:69036ms step_avg:57.24ms
step:1207/1285 train_time:69114ms step_avg:57.26ms
step:1208/1285 train_time:69201ms step_avg:57.29ms
step:1209/1285 train_time:69281ms step_avg:57.30ms
step:1210/1285 train_time:69369ms step_avg:57.33ms
step:1211/1285 train_time:69446ms step_avg:57.35ms
step:1212/1285 train_time:69534ms step_avg:57.37ms
step:1213/1285 train_time:69611ms step_avg:57.39ms
step:1214/1285 train_time:69699ms step_avg:57.41ms
step:1215/1285 train_time:69776ms step_avg:57.43ms
step:1216/1285 train_time:69864ms step_avg:57.45ms
step:1217/1285 train_time:69943ms step_avg:57.47ms
step:1218/1285 train_time:70031ms step_avg:57.50ms
step:1219/1285 train_time:70108ms step_avg:57.51ms
step:1220/1285 train_time:70195ms step_avg:57.54ms
step:1221/1285 train_time:70273ms step_avg:57.55ms
step:1222/1285 train_time:70361ms step_avg:57.58ms
step:1223/1285 train_time:70442ms step_avg:57.60ms
step:1224/1285 train_time:70528ms step_avg:57.62ms
step:1225/1285 train_time:70606ms step_avg:57.64ms
step:1226/1285 train_time:70693ms step_avg:57.66ms
step:1227/1285 train_time:70770ms step_avg:57.68ms
step:1228/1285 train_time:70857ms step_avg:57.70ms
step:1229/1285 train_time:70935ms step_avg:57.72ms
step:1230/1285 train_time:71023ms step_avg:57.74ms
step:1231/1285 train_time:71101ms step_avg:57.76ms
step:1232/1285 train_time:71189ms step_avg:57.78ms
step:1233/1285 train_time:71267ms step_avg:57.80ms
step:1234/1285 train_time:71353ms step_avg:57.82ms
step:1235/1285 train_time:71432ms step_avg:57.84ms
step:1236/1285 train_time:71520ms step_avg:57.86ms
step:1237/1285 train_time:71598ms step_avg:57.88ms
step:1238/1285 train_time:71849ms step_avg:58.04ms
step:1239/1285 train_time:71888ms step_avg:58.02ms
step:1240/1285 train_time:71969ms step_avg:58.04ms
step:1241/1285 train_time:72046ms step_avg:58.05ms
step:1242/1285 train_time:72132ms step_avg:58.08ms
step:1243/1285 train_time:72209ms step_avg:58.09ms
step:1244/1285 train_time:72295ms step_avg:58.12ms
step:1245/1285 train_time:72371ms step_avg:58.13ms
step:1246/1285 train_time:72458ms step_avg:58.15ms
step:1247/1285 train_time:72535ms step_avg:58.17ms
step:1248/1285 train_time:72623ms step_avg:58.19ms
step:1249/1285 train_time:72703ms step_avg:58.21ms
step:1250/1285 train_time:72794ms step_avg:58.24ms
step:1250/1285 val_loss:3.30306220 train_time:72885ms step_avg:58.31ms
step:1251/1285 train_time:72986ms step_avg:58.34ms
step:1252/1285 train_time:73061ms step_avg:58.36ms
step:1253/1285 train_time:73138ms step_avg:58.37ms
step:1254/1285 train_time:73207ms step_avg:58.38ms
step:1255/1285 train_time:73294ms step_avg:58.40ms
step:1256/1285 train_time:73355ms step_avg:58.40ms
step:1257/1285 train_time:73424ms step_avg:58.41ms
step:1258/1285 train_time:73509ms step_avg:58.43ms
step:1259/1285 train_time:73587ms step_avg:58.45ms
step:1260/1285 train_time:73673ms step_avg:58.47ms
step:1261/1285 train_time:73749ms step_avg:58.48ms
step:1262/1285 train_time:73837ms step_avg:58.51ms
step:1263/1285 train_time:73919ms step_avg:58.53ms
step:1264/1285 train_time:74009ms step_avg:58.55ms
step:1265/1285 train_time:74088ms step_avg:58.57ms
step:1266/1285 train_time:74176ms step_avg:58.59ms
step:1267/1285 train_time:74255ms step_avg:58.61ms
step:1268/1285 train_time:74343ms step_avg:58.63ms
step:1269/1285 train_time:74421ms step_avg:58.65ms
step:1270/1285 train_time:74507ms step_avg:58.67ms
step:1271/1285 train_time:74586ms step_avg:58.68ms
step:1272/1285 train_time:74678ms step_avg:58.71ms
step:1273/1285 train_time:74754ms step_avg:58.72ms
step:1274/1285 train_time:74842ms step_avg:58.75ms
step:1275/1285 train_time:74922ms step_avg:58.76ms
step:1276/1285 train_time:75010ms step_avg:58.79ms
step:1277/1285 train_time:75088ms step_avg:58.80ms
step:1278/1285 train_time:75177ms step_avg:58.82ms
step:1279/1285 train_time:75257ms step_avg:58.84ms
step:1280/1285 train_time:75345ms step_avg:58.86ms
step:1281/1285 train_time:75423ms step_avg:58.88ms
step:1282/1285 train_time:75510ms step_avg:58.90ms
step:1283/1285 train_time:75587ms step_avg:58.91ms
step:1284/1285 train_time:75675ms step_avg:58.94ms
step:1285/1285 train_time:75752ms step_avg:58.95ms
step:1285/1285 val_loss:3.28626180 train_time:75841ms step_avg:59.02ms
peak memory allocated: 32150 MiB reserved: 39272 MiB
