HARNESS_TRAINING_ENV={"OMP_NUM_THREADS": "1", "MKL_NUM_THREADS": "1", "torch_num_threads": 1, "torch_num_interop_threads": 47}
[Gloo] Rank 0 is connected to [Gloo] Rank 7 peer ranks. 1Expected number of connected peer ranks is :  is connected to 77
 peer ranks. Expected number of connected peer ranks is : 7
[Gloo] Rank 2 is connected to 7 peer ranks. Expected number of connected peer ranks is : 7
[Gloo] Rank 4 is connected to 7 peer ranks. Expected number of connected peer ranks is : [Gloo] Rank 73
 is connected to 7 peer ranks. Expected number of connected peer ranks is : 7
[Gloo] Rank 5 is connected to 7 peer ranks. Expected number of connected peer ranks is : 7
[Gloo] Rank 7 is connected to 7 peer ranks. Expected number of connected peer ranks is : 7
[Gloo] Rank 6 is connected to 7 peer ranks. Expected number of connected peer ranks is : 7
/workspace/train_gpt.py:1069: UserWarning: Skipping publisher trust check for 'kernels-community/flash-attn3' because Hugging Face Hub is in offline mode.
  flash_attn_interface = get_kernel('kernels-community/flash-attn3', version=1).flash_attn_interface
/workspace/train_gpt.py:1069: UserWarning: Skipping publisher trust check for 'kernels-community/flash-attn3' because Hugging Face Hub is in offline mode.
  flash_attn_interface = get_kernel('kernels-community/flash-attn3', version=1).flash_attn_interface
/workspace/train_gpt.py:1069: UserWarning: Skipping publisher trust check for 'kernels-community/flash-attn3' because Hugging Face Hub is in offline mode.
  flash_attn_interface = get_kernel('kernels-community/flash-attn3', version=1).flash_attn_interface
/workspace/train_gpt.py:1069: UserWarning: Skipping publisher trust check for 'kernels-community/flash-attn3' because Hugging Face Hub is in offline mode.
  flash_attn_interface = get_kernel('kernels-community/flash-attn3', version=1).flash_attn_interface
/workspace/train_gpt.py:1069: UserWarning: Skipping publisher trust check for 'kernels-community/flash-attn3' because Hugging Face Hub is in offline mode.
  flash_attn_interface = get_kernel('kernels-community/flash-attn3', version=1).flash_attn_interface
/workspace/train_gpt.py:1069: UserWarning: Skipping publisher trust check for 'kernels-community/flash-attn3' because Hugging Face Hub is in offline mode.
  flash_attn_interface = get_kernel('kernels-community/flash-attn3', version=1).flash_attn_interface
/workspace/train_gpt.py:1069: UserWarning: Skipping publisher trust check for 'kernels-community/flash-attn3' because Hugging Face Hub is in offline mode.
  flash_attn_interface = get_kernel('kernels-community/flash-attn3', version=1).flash_attn_interface
/workspace/train_gpt.py:1069: UserWarning: Skipping publisher trust check for 'kernels-community/flash-attn3' because Hugging Face Hub is in offline mode.
  flash_attn_interface = get_kernel('kernels-community/flash-attn3', version=1).flash_attn_interface
logs/ed305911-0b97-4495-bffd-8ed4494ffa84.txt
Compiling model and warming up kernels (~7 minutes on first execution)
Sampling steps [0, 1, 421, 422, 423, 424, 845, 846, 847, 848, 1268, 1269, 1270, 1271] for warmup
Resetting Model
step:0/1285 val_loss:10.82992268 train_time:59ms step_avg:59.23ms
step:1/1285 train_time:294ms step_avg:294.43ms
step:2/1285 train_time:354ms step_avg:177.14ms
step:3/1285 train_time:392ms step_avg:130.82ms
step:4/1285 train_time:513ms step_avg:128.20ms
step:5/1285 train_time:555ms step_avg:111.03ms
step:6/1285 train_time:600ms step_avg:99.99ms
step:7/1285 train_time:640ms step_avg:91.40ms
step:8/1285 train_time:679ms step_avg:84.87ms
step:9/1285 train_time:713ms step_avg:79.24ms
step:10/1285 train_time:753ms step_avg:75.32ms
step:11/1285 train_time:788ms step_avg:71.60ms
step:12/1285 train_time:825ms step_avg:68.72ms
step:13/1285 train_time:858ms step_avg:65.98ms
step:14/1285 train_time:897ms step_avg:64.05ms
step:15/1285 train_time:930ms step_avg:62.01ms
step:16/1285 train_time:968ms step_avg:60.52ms
step:17/1285 train_time:1001ms step_avg:58.88ms
step:18/1285 train_time:1037ms step_avg:57.63ms
step:19/1285 train_time:1068ms step_avg:56.20ms
step:20/1285 train_time:1106ms step_avg:55.32ms
step:21/1285 train_time:1137ms step_avg:54.15ms
step:22/1285 train_time:1175ms step_avg:53.43ms
step:23/1285 train_time:1209ms step_avg:52.57ms
step:24/1285 train_time:1243ms step_avg:51.79ms
step:25/1285 train_time:1274ms step_avg:50.98ms
step:26/1285 train_time:1313ms step_avg:50.49ms
step:27/1285 train_time:1348ms step_avg:49.94ms
step:28/1285 train_time:1384ms step_avg:49.43ms
step:29/1285 train_time:1418ms step_avg:48.90ms
step:30/1285 train_time:1454ms step_avg:48.46ms
step:31/1285 train_time:1485ms step_avg:47.90ms
step:32/1285 train_time:1520ms step_avg:47.50ms
step:33/1285 train_time:1553ms step_avg:47.05ms
step:34/1285 train_time:1589ms step_avg:46.73ms
step:35/1285 train_time:1620ms step_avg:46.30ms
step:36/1285 train_time:1657ms step_avg:46.03ms
step:37/1285 train_time:1688ms step_avg:45.62ms
step:38/1285 train_time:1725ms step_avg:45.39ms
step:39/1285 train_time:1758ms step_avg:45.08ms
step:40/1285 train_time:1795ms step_avg:44.87ms
step:41/1285 train_time:1826ms step_avg:44.53ms
step:42/1285 train_time:1860ms step_avg:44.30ms
step:43/1285 train_time:1894ms step_avg:44.05ms
step:44/1285 train_time:1930ms step_avg:43.87ms
step:45/1285 train_time:1961ms step_avg:43.57ms
step:46/1285 train_time:1997ms step_avg:43.42ms
step:47/1285 train_time:2029ms step_avg:43.17ms
step:48/1285 train_time:2062ms step_avg:42.95ms
step:49/1285 train_time:2091ms step_avg:42.68ms
step:50/1285 train_time:2128ms step_avg:42.56ms
step:51/1285 train_time:2160ms step_avg:42.35ms
step:52/1285 train_time:2202ms step_avg:42.34ms
step:53/1285 train_time:2233ms step_avg:42.12ms
step:54/1285 train_time:2270ms step_avg:42.03ms
step:55/1285 train_time:2300ms step_avg:41.82ms
step:56/1285 train_time:2336ms step_avg:41.72ms
step:57/1285 train_time:2367ms step_avg:41.53ms
step:58/1285 train_time:2407ms step_avg:41.50ms
step:59/1285 train_time:2439ms step_avg:41.34ms
step:60/1285 train_time:2477ms step_avg:41.28ms
step:61/1285 train_time:2509ms step_avg:41.13ms
step:62/1285 train_time:2547ms step_avg:41.07ms
step:63/1285 train_time:2579ms step_avg:40.94ms
step:64/1285 train_time:2618ms step_avg:40.91ms
step:65/1285 train_time:2650ms step_avg:40.77ms
step:66/1285 train_time:2687ms step_avg:40.71ms
step:67/1285 train_time:2718ms step_avg:40.56ms
step:68/1285 train_time:2754ms step_avg:40.50ms
step:69/1285 train_time:2785ms step_avg:40.36ms
step:70/1285 train_time:2820ms step_avg:40.29ms
step:71/1285 train_time:2852ms step_avg:40.17ms
step:72/1285 train_time:2889ms step_avg:40.12ms
step:73/1285 train_time:2923ms step_avg:40.04ms
step:74/1285 train_time:2960ms step_avg:40.00ms
step:75/1285 train_time:2989ms step_avg:39.85ms
step:76/1285 train_time:3025ms step_avg:39.81ms
step:77/1285 train_time:3057ms step_avg:39.70ms
step:78/1285 train_time:3093ms step_avg:39.65ms
step:79/1285 train_time:3126ms step_avg:39.57ms
step:80/1285 train_time:3162ms step_avg:39.53ms
step:81/1285 train_time:3191ms step_avg:39.39ms
step:82/1285 train_time:3230ms step_avg:39.40ms
step:83/1285 train_time:3261ms step_avg:39.29ms
step:84/1285 train_time:3298ms step_avg:39.26ms
step:85/1285 train_time:3328ms step_avg:39.15ms
step:86/1285 train_time:3366ms step_avg:39.13ms
step:87/1285 train_time:3396ms step_avg:39.03ms
step:88/1285 train_time:3434ms step_avg:39.02ms
step:89/1285 train_time:3466ms step_avg:38.94ms
step:90/1285 train_time:3502ms step_avg:38.91ms
step:91/1285 train_time:3534ms step_avg:38.84ms
step:92/1285 train_time:3571ms step_avg:38.82ms
step:93/1285 train_time:3605ms step_avg:38.76ms
step:94/1285 train_time:3641ms step_avg:38.73ms
step:95/1285 train_time:3674ms step_avg:38.68ms
step:96/1285 train_time:3710ms step_avg:38.65ms
step:97/1285 train_time:3741ms step_avg:38.57ms
step:98/1285 train_time:3775ms step_avg:38.52ms
step:99/1285 train_time:3805ms step_avg:38.44ms
step:100/1285 train_time:3839ms step_avg:38.39ms
step:101/1285 train_time:3870ms step_avg:38.31ms
step:102/1285 train_time:3909ms step_avg:38.32ms
step:103/1285 train_time:3940ms step_avg:38.25ms
step:104/1285 train_time:3975ms step_avg:38.23ms
step:105/1285 train_time:4007ms step_avg:38.17ms
step:106/1285 train_time:4043ms step_avg:38.14ms
step:107/1285 train_time:4075ms step_avg:38.09ms
step:108/1285 train_time:4112ms step_avg:38.07ms
step:109/1285 train_time:4143ms step_avg:38.01ms
step:110/1285 train_time:4182ms step_avg:38.01ms
step:111/1285 train_time:4214ms step_avg:37.97ms
step:112/1285 train_time:4249ms step_avg:37.94ms
step:113/1285 train_time:4281ms step_avg:37.89ms
step:114/1285 train_time:4317ms step_avg:37.87ms
step:115/1285 train_time:4348ms step_avg:37.81ms
step:116/1285 train_time:4382ms step_avg:37.78ms
step:117/1285 train_time:4413ms step_avg:37.72ms
step:118/1285 train_time:4449ms step_avg:37.71ms
step:119/1285 train_time:4481ms step_avg:37.66ms
step:120/1285 train_time:4516ms step_avg:37.64ms
step:121/1285 train_time:4548ms step_avg:37.59ms
step:122/1285 train_time:4585ms step_avg:37.58ms
step:123/1285 train_time:4620ms step_avg:37.56ms
step:124/1285 train_time:4657ms step_avg:37.56ms
step:125/1285 train_time:4690ms step_avg:37.52ms
step:126/1285 train_time:4727ms step_avg:37.51ms
step:127/1285 train_time:4757ms step_avg:37.46ms
step:128/1285 train_time:4791ms step_avg:37.43ms
step:129/1285 train_time:4823ms step_avg:37.39ms
step:130/1285 train_time:4858ms step_avg:37.37ms
step:131/1285 train_time:4890ms step_avg:37.33ms
step:132/1285 train_time:4926ms step_avg:37.31ms
step:133/1285 train_time:4954ms step_avg:37.25ms
step:134/1285 train_time:4989ms step_avg:37.23ms
step:135/1285 train_time:5019ms step_avg:37.18ms
step:136/1285 train_time:5053ms step_avg:37.16ms
step:137/1285 train_time:5084ms step_avg:37.11ms
step:138/1285 train_time:5121ms step_avg:37.11ms
step:139/1285 train_time:5152ms step_avg:37.06ms
step:140/1285 train_time:5185ms step_avg:37.04ms
step:141/1285 train_time:5219ms step_avg:37.01ms
step:142/1285 train_time:5256ms step_avg:37.01ms
step:143/1285 train_time:5286ms step_avg:36.96ms
step:144/1285 train_time:5323ms step_avg:36.97ms
step:145/1285 train_time:5357ms step_avg:36.94ms
step:146/1285 train_time:5392ms step_avg:36.93ms
step:147/1285 train_time:5425ms step_avg:36.90ms
step:148/1285 train_time:5461ms step_avg:36.90ms
step:149/1285 train_time:5496ms step_avg:36.89ms
step:150/1285 train_time:5534ms step_avg:36.89ms
step:151/1285 train_time:5567ms step_avg:36.87ms
step:152/1285 train_time:5606ms step_avg:36.88ms
step:153/1285 train_time:5637ms step_avg:36.84ms
step:154/1285 train_time:5673ms step_avg:36.84ms
step:155/1285 train_time:5706ms step_avg:36.81ms
step:156/1285 train_time:5742ms step_avg:36.81ms
step:157/1285 train_time:5775ms step_avg:36.79ms
step:158/1285 train_time:5812ms step_avg:36.78ms
step:159/1285 train_time:5845ms step_avg:36.76ms
step:160/1285 train_time:5880ms step_avg:36.75ms
step:161/1285 train_time:5913ms step_avg:36.73ms
step:162/1285 train_time:5950ms step_avg:36.73ms
step:163/1285 train_time:5981ms step_avg:36.69ms
step:164/1285 train_time:6020ms step_avg:36.71ms
step:165/1285 train_time:6053ms step_avg:36.69ms
step:166/1285 train_time:6088ms step_avg:36.67ms
step:167/1285 train_time:6121ms step_avg:36.65ms
step:168/1285 train_time:6157ms step_avg:36.65ms
step:169/1285 train_time:6185ms step_avg:36.60ms
step:170/1285 train_time:6223ms step_avg:36.60ms
step:171/1285 train_time:6254ms step_avg:36.58ms
step:172/1285 train_time:6292ms step_avg:36.58ms
step:173/1285 train_time:6327ms step_avg:36.57ms
step:174/1285 train_time:6364ms step_avg:36.57ms
step:175/1285 train_time:6395ms step_avg:36.54ms
step:176/1285 train_time:6434ms step_avg:36.56ms
step:177/1285 train_time:6466ms step_avg:36.53ms
step:178/1285 train_time:6500ms step_avg:36.52ms
step:179/1285 train_time:6532ms step_avg:36.49ms
step:180/1285 train_time:6570ms step_avg:36.50ms
step:181/1285 train_time:6606ms step_avg:36.50ms
step:182/1285 train_time:6643ms step_avg:36.50ms
step:183/1285 train_time:6674ms step_avg:36.47ms
step:184/1285 train_time:6712ms step_avg:36.48ms
step:185/1285 train_time:6746ms step_avg:36.46ms
step:186/1285 train_time:6783ms step_avg:36.47ms
step:187/1285 train_time:6817ms step_avg:36.45ms
step:188/1285 train_time:6855ms step_avg:36.46ms
step:189/1285 train_time:6887ms step_avg:36.44ms
step:190/1285 train_time:6921ms step_avg:36.42ms
step:191/1285 train_time:6955ms step_avg:36.41ms
step:192/1285 train_time:6990ms step_avg:36.40ms
step:193/1285 train_time:7022ms step_avg:36.39ms
step:194/1285 train_time:7057ms step_avg:36.38ms
step:195/1285 train_time:7089ms step_avg:36.36ms
step:196/1285 train_time:7126ms step_avg:36.36ms
step:197/1285 train_time:7160ms step_avg:36.34ms
step:198/1285 train_time:7196ms step_avg:36.34ms
step:199/1285 train_time:7228ms step_avg:36.32ms
step:200/1285 train_time:7265ms step_avg:36.33ms
step:201/1285 train_time:7298ms step_avg:36.31ms
step:202/1285 train_time:7335ms step_avg:36.31ms
step:203/1285 train_time:7369ms step_avg:36.30ms
step:204/1285 train_time:7406ms step_avg:36.30ms
step:205/1285 train_time:7440ms step_avg:36.29ms
step:206/1285 train_time:7476ms step_avg:36.29ms
step:207/1285 train_time:7507ms step_avg:36.27ms
step:208/1285 train_time:7540ms step_avg:36.25ms
step:209/1285 train_time:7572ms step_avg:36.23ms
step:210/1285 train_time:7609ms step_avg:36.23ms
step:211/1285 train_time:7640ms step_avg:36.21ms
step:212/1285 train_time:7675ms step_avg:36.20ms
step:213/1285 train_time:7707ms step_avg:36.18ms
step:214/1285 train_time:7742ms step_avg:36.18ms
step:215/1285 train_time:7775ms step_avg:36.16ms
step:216/1285 train_time:7809ms step_avg:36.15ms
step:217/1285 train_time:7840ms step_avg:36.13ms
step:218/1285 train_time:7875ms step_avg:36.13ms
step:219/1285 train_time:7907ms step_avg:36.11ms
step:220/1285 train_time:7944ms step_avg:36.11ms
step:221/1285 train_time:7976ms step_avg:36.09ms
step:222/1285 train_time:8011ms step_avg:36.08ms
step:223/1285 train_time:8041ms step_avg:36.06ms
step:224/1285 train_time:8076ms step_avg:36.05ms
step:225/1285 train_time:8107ms step_avg:36.03ms
step:226/1285 train_time:8143ms step_avg:36.03ms
step:227/1285 train_time:8176ms step_avg:36.02ms
step:228/1285 train_time:8212ms step_avg:36.02ms
step:229/1285 train_time:8246ms step_avg:36.01ms
step:230/1285 train_time:8279ms step_avg:35.99ms
step:231/1285 train_time:8310ms step_avg:35.97ms
step:232/1285 train_time:8346ms step_avg:35.97ms
step:233/1285 train_time:8376ms step_avg:35.95ms
step:234/1285 train_time:8413ms step_avg:35.95ms
step:235/1285 train_time:8447ms step_avg:35.95ms
step:236/1285 train_time:8484ms step_avg:35.95ms
step:237/1285 train_time:8516ms step_avg:35.93ms
step:238/1285 train_time:8554ms step_avg:35.94ms
step:239/1285 train_time:8588ms step_avg:35.93ms
step:240/1285 train_time:8625ms step_avg:35.94ms
step:241/1285 train_time:8658ms step_avg:35.93ms
step:242/1285 train_time:8696ms step_avg:35.93ms
step:243/1285 train_time:8728ms step_avg:35.92ms
step:244/1285 train_time:8765ms step_avg:35.92ms
step:245/1285 train_time:8797ms step_avg:35.90ms
step:246/1285 train_time:8833ms step_avg:35.91ms
step:247/1285 train_time:8864ms step_avg:35.89ms
step:248/1285 train_time:8899ms step_avg:35.88ms
step:249/1285 train_time:8932ms step_avg:35.87ms
step:250/1285 train_time:8964ms step_avg:35.86ms
step:250/1285 val_loss:4.49339294 train_time:8974ms step_avg:35.89ms
step:251/1285 train_time:9009ms step_avg:35.89ms
step:252/1285 train_time:9044ms step_avg:35.89ms
step:253/1285 train_time:9079ms step_avg:35.88ms
step:254/1285 train_time:9115ms step_avg:35.88ms
step:255/1285 train_time:9148ms step_avg:35.87ms
step:256/1285 train_time:9184ms step_avg:35.87ms
step:257/1285 train_time:9214ms step_avg:35.85ms
step:258/1285 train_time:9251ms step_avg:35.86ms
step:259/1285 train_time:9282ms step_avg:35.84ms
step:260/1285 train_time:9318ms step_avg:35.84ms
step:261/1285 train_time:9348ms step_avg:35.82ms
step:262/1285 train_time:9384ms step_avg:35.82ms
step:263/1285 train_time:9417ms step_avg:35.81ms
step:264/1285 train_time:9454ms step_avg:35.81ms
step:265/1285 train_time:9487ms step_avg:35.80ms
step:266/1285 train_time:9523ms step_avg:35.80ms
step:267/1285 train_time:9553ms step_avg:35.78ms
step:268/1285 train_time:9587ms step_avg:35.77ms
step:269/1285 train_time:9618ms step_avg:35.76ms
step:270/1285 train_time:9652ms step_avg:35.75ms
step:271/1285 train_time:9685ms step_avg:35.74ms
step:272/1285 train_time:9721ms step_avg:35.74ms
step:273/1285 train_time:9754ms step_avg:35.73ms
step:274/1285 train_time:9788ms step_avg:35.72ms
step:275/1285 train_time:9819ms step_avg:35.70ms
step:276/1285 train_time:9855ms step_avg:35.71ms
step:277/1285 train_time:9883ms step_avg:35.68ms
step:278/1285 train_time:9920ms step_avg:35.68ms
step:279/1285 train_time:9954ms step_avg:35.68ms
step:280/1285 train_time:9991ms step_avg:35.68ms
step:281/1285 train_time:10022ms step_avg:35.67ms
step:282/1285 train_time:10060ms step_avg:35.67ms
step:283/1285 train_time:10093ms step_avg:35.66ms
step:284/1285 train_time:10130ms step_avg:35.67ms
step:285/1285 train_time:10164ms step_avg:35.66ms
step:286/1285 train_time:10198ms step_avg:35.66ms
step:287/1285 train_time:10228ms step_avg:35.64ms
step:288/1285 train_time:10265ms step_avg:35.64ms
step:289/1285 train_time:10297ms step_avg:35.63ms
step:290/1285 train_time:10333ms step_avg:35.63ms
step:291/1285 train_time:10363ms step_avg:35.61ms
step:292/1285 train_time:10401ms step_avg:35.62ms
step:293/1285 train_time:10434ms step_avg:35.61ms
step:294/1285 train_time:10470ms step_avg:35.61ms
step:295/1285 train_time:10503ms step_avg:35.60ms
step:296/1285 train_time:10539ms step_avg:35.61ms
step:297/1285 train_time:10573ms step_avg:35.60ms
step:298/1285 train_time:10609ms step_avg:35.60ms
step:299/1285 train_time:10640ms step_avg:35.58ms
step:300/1285 train_time:10677ms step_avg:35.59ms
step:301/1285 train_time:10709ms step_avg:35.58ms
step:302/1285 train_time:10745ms step_avg:35.58ms
step:303/1285 train_time:10777ms step_avg:35.57ms
step:304/1285 train_time:10814ms step_avg:35.57ms
step:305/1285 train_time:10846ms step_avg:35.56ms
step:306/1285 train_time:10881ms step_avg:35.56ms
step:307/1285 train_time:10913ms step_avg:35.55ms
step:308/1285 train_time:10947ms step_avg:35.54ms
step:309/1285 train_time:10981ms step_avg:35.54ms
step:310/1285 train_time:11015ms step_avg:35.53ms
step:311/1285 train_time:11047ms step_avg:35.52ms
step:312/1285 train_time:11083ms step_avg:35.52ms
step:313/1285 train_time:11117ms step_avg:35.52ms
step:314/1285 train_time:11155ms step_avg:35.52ms
step:315/1285 train_time:11187ms step_avg:35.51ms
step:316/1285 train_time:11225ms step_avg:35.52ms
step:317/1285 train_time:11260ms step_avg:35.52ms
step:318/1285 train_time:11295ms step_avg:35.52ms
step:319/1285 train_time:11326ms step_avg:35.51ms
step:320/1285 train_time:11361ms step_avg:35.50ms
step:321/1285 train_time:11392ms step_avg:35.49ms
step:322/1285 train_time:11429ms step_avg:35.49ms
step:323/1285 train_time:11461ms step_avg:35.48ms
step:324/1285 train_time:11496ms step_avg:35.48ms
step:325/1285 train_time:11529ms step_avg:35.47ms
step:326/1285 train_time:11564ms step_avg:35.47ms
step:327/1285 train_time:11595ms step_avg:35.46ms
step:328/1285 train_time:11632ms step_avg:35.46ms
step:329/1285 train_time:11666ms step_avg:35.46ms
step:330/1285 train_time:11705ms step_avg:35.47ms
step:331/1285 train_time:11737ms step_avg:35.46ms
step:332/1285 train_time:11773ms step_avg:35.46ms
step:333/1285 train_time:11805ms step_avg:35.45ms
step:334/1285 train_time:11841ms step_avg:35.45ms
step:335/1285 train_time:11872ms step_avg:35.44ms
step:336/1285 train_time:11908ms step_avg:35.44ms
step:337/1285 train_time:11939ms step_avg:35.43ms
step:338/1285 train_time:11976ms step_avg:35.43ms
step:339/1285 train_time:12007ms step_avg:35.42ms
step:340/1285 train_time:12042ms step_avg:35.42ms
step:341/1285 train_time:12074ms step_avg:35.41ms
step:342/1285 train_time:12107ms step_avg:35.40ms
step:343/1285 train_time:12135ms step_avg:35.38ms
step:344/1285 train_time:12172ms step_avg:35.39ms
step:345/1285 train_time:12204ms step_avg:35.37ms
step:346/1285 train_time:12238ms step_avg:35.37ms
step:347/1285 train_time:12272ms step_avg:35.37ms
step:348/1285 train_time:12312ms step_avg:35.38ms
step:349/1285 train_time:12341ms step_avg:35.36ms
step:350/1285 train_time:12380ms step_avg:35.37ms
step:351/1285 train_time:12410ms step_avg:35.36ms
step:352/1285 train_time:12450ms step_avg:35.37ms
step:353/1285 train_time:12482ms step_avg:35.36ms
step:354/1285 train_time:12521ms step_avg:35.37ms
step:355/1285 train_time:12552ms step_avg:35.36ms
step:356/1285 train_time:12587ms step_avg:35.36ms
step:357/1285 train_time:12621ms step_avg:35.35ms
step:358/1285 train_time:12657ms step_avg:35.36ms
step:359/1285 train_time:12687ms step_avg:35.34ms
step:360/1285 train_time:12723ms step_avg:35.34ms
step:361/1285 train_time:12755ms step_avg:35.33ms
step:362/1285 train_time:12790ms step_avg:35.33ms
step:363/1285 train_time:12821ms step_avg:35.32ms
step:364/1285 train_time:12857ms step_avg:35.32ms
step:365/1285 train_time:12889ms step_avg:35.31ms
step:366/1285 train_time:12924ms step_avg:35.31ms
step:367/1285 train_time:12960ms step_avg:35.31ms
step:368/1285 train_time:12997ms step_avg:35.32ms
step:369/1285 train_time:13031ms step_avg:35.31ms
step:370/1285 train_time:13068ms step_avg:35.32ms
step:371/1285 train_time:13100ms step_avg:35.31ms
step:372/1285 train_time:13136ms step_avg:35.31ms
step:373/1285 train_time:13167ms step_avg:35.30ms
step:374/1285 train_time:13204ms step_avg:35.31ms
step:375/1285 train_time:13238ms step_avg:35.30ms
step:376/1285 train_time:13274ms step_avg:35.30ms
step:377/1285 train_time:13306ms step_avg:35.29ms
step:378/1285 train_time:13341ms step_avg:35.29ms
step:379/1285 train_time:13374ms step_avg:35.29ms
step:380/1285 train_time:13410ms step_avg:35.29ms
step:381/1285 train_time:13444ms step_avg:35.29ms
step:382/1285 train_time:13479ms step_avg:35.29ms
step:383/1285 train_time:13509ms step_avg:35.27ms
step:384/1285 train_time:13545ms step_avg:35.27ms
step:385/1285 train_time:13577ms step_avg:35.26ms
step:386/1285 train_time:13612ms step_avg:35.26ms
step:387/1285 train_time:13645ms step_avg:35.26ms
step:388/1285 train_time:13684ms step_avg:35.27ms
step:389/1285 train_time:13718ms step_avg:35.26ms
step:390/1285 train_time:13752ms step_avg:35.26ms
step:391/1285 train_time:13784ms step_avg:35.25ms
step:392/1285 train_time:13822ms step_avg:35.26ms
step:393/1285 train_time:13855ms step_avg:35.25ms
step:394/1285 train_time:13894ms step_avg:35.26ms
step:395/1285 train_time:13927ms step_avg:35.26ms
step:396/1285 train_time:13964ms step_avg:35.26ms
step:397/1285 train_time:13998ms step_avg:35.26ms
step:398/1285 train_time:14034ms step_avg:35.26ms
step:399/1285 train_time:14065ms step_avg:35.25ms
step:400/1285 train_time:14100ms step_avg:35.25ms
step:401/1285 train_time:14133ms step_avg:35.24ms
step:402/1285 train_time:14167ms step_avg:35.24ms
step:403/1285 train_time:14199ms step_avg:35.23ms
step:404/1285 train_time:14231ms step_avg:35.23ms
step:405/1285 train_time:14262ms step_avg:35.21ms
step:406/1285 train_time:14300ms step_avg:35.22ms
step:407/1285 train_time:14332ms step_avg:35.21ms
step:408/1285 train_time:14366ms step_avg:35.21ms
step:409/1285 train_time:14400ms step_avg:35.21ms
step:410/1285 train_time:14436ms step_avg:35.21ms
step:411/1285 train_time:14468ms step_avg:35.20ms
step:412/1285 train_time:14506ms step_avg:35.21ms
step:413/1285 train_time:14537ms step_avg:35.20ms
step:414/1285 train_time:14572ms step_avg:35.20ms
step:415/1285 train_time:14605ms step_avg:35.19ms
step:416/1285 train_time:14640ms step_avg:35.19ms
step:417/1285 train_time:14672ms step_avg:35.19ms
step:418/1285 train_time:14710ms step_avg:35.19ms
step:419/1285 train_time:14743ms step_avg:35.19ms
step:420/1285 train_time:14779ms step_avg:35.19ms
step:421/1285 train_time:14811ms step_avg:35.18ms
step:422/1285 train_time:14846ms step_avg:35.18ms
step:423/1285 train_time:14880ms step_avg:35.18ms
step:424/1285 train_time:14918ms step_avg:35.18ms
step:425/1285 train_time:14953ms step_avg:35.18ms
step:426/1285 train_time:15005ms step_avg:35.22ms
step:427/1285 train_time:15054ms step_avg:35.26ms
step:428/1285 train_time:15115ms step_avg:35.32ms
step:429/1285 train_time:15167ms step_avg:35.35ms
step:430/1285 train_time:15229ms step_avg:35.42ms
step:431/1285 train_time:15281ms step_avg:35.46ms
step:432/1285 train_time:15343ms step_avg:35.52ms
step:433/1285 train_time:15397ms step_avg:35.56ms
step:434/1285 train_time:15459ms step_avg:35.62ms
step:435/1285 train_time:15512ms step_avg:35.66ms
step:436/1285 train_time:15574ms step_avg:35.72ms
step:437/1285 train_time:15627ms step_avg:35.76ms
step:438/1285 train_time:15690ms step_avg:35.82ms
step:439/1285 train_time:15743ms step_avg:35.86ms
step:440/1285 train_time:15805ms step_avg:35.92ms
step:441/1285 train_time:15859ms step_avg:35.96ms
step:442/1285 train_time:15921ms step_avg:36.02ms
step:443/1285 train_time:15974ms step_avg:36.06ms
step:444/1285 train_time:16035ms step_avg:36.12ms
step:445/1285 train_time:16087ms step_avg:36.15ms
step:446/1285 train_time:16149ms step_avg:36.21ms
step:447/1285 train_time:16202ms step_avg:36.25ms
step:448/1285 train_time:16264ms step_avg:36.30ms
step:449/1285 train_time:16317ms step_avg:36.34ms
step:450/1285 train_time:16378ms step_avg:36.40ms
step:451/1285 train_time:16432ms step_avg:36.44ms
step:452/1285 train_time:16494ms step_avg:36.49ms
step:453/1285 train_time:16547ms step_avg:36.53ms
step:454/1285 train_time:16610ms step_avg:36.59ms
step:455/1285 train_time:16663ms step_avg:36.62ms
step:456/1285 train_time:16725ms step_avg:36.68ms
step:457/1285 train_time:16778ms step_avg:36.71ms
step:458/1285 train_time:16841ms step_avg:36.77ms
step:459/1285 train_time:16894ms step_avg:36.81ms
step:460/1285 train_time:16955ms step_avg:36.86ms
step:461/1285 train_time:17008ms step_avg:36.89ms
step:462/1285 train_time:17070ms step_avg:36.95ms
step:463/1285 train_time:17121ms step_avg:36.98ms
step:464/1285 train_time:17184ms step_avg:37.03ms
step:465/1285 train_time:17237ms step_avg:37.07ms
step:466/1285 train_time:17298ms step_avg:37.12ms
step:467/1285 train_time:17351ms step_avg:37.15ms
step:468/1285 train_time:17413ms step_avg:37.21ms
step:469/1285 train_time:17466ms step_avg:37.24ms
step:470/1285 train_time:17529ms step_avg:37.29ms
step:471/1285 train_time:17581ms step_avg:37.33ms
step:472/1285 train_time:17644ms step_avg:37.38ms
step:473/1285 train_time:17697ms step_avg:37.41ms
step:474/1285 train_time:17759ms step_avg:37.47ms
step:475/1285 train_time:17811ms step_avg:37.50ms
step:476/1285 train_time:17872ms step_avg:37.55ms
step:477/1285 train_time:17927ms step_avg:37.58ms
step:478/1285 train_time:18063ms step_avg:37.79ms
step:479/1285 train_time:18113ms step_avg:37.81ms
step:480/1285 train_time:18175ms step_avg:37.86ms
step:481/1285 train_time:18227ms step_avg:37.89ms
step:482/1285 train_time:18288ms step_avg:37.94ms
step:483/1285 train_time:18340ms step_avg:37.97ms
step:484/1285 train_time:18401ms step_avg:38.02ms
step:485/1285 train_time:18453ms step_avg:38.05ms
step:486/1285 train_time:18514ms step_avg:38.09ms
step:487/1285 train_time:18566ms step_avg:38.12ms
step:488/1285 train_time:18628ms step_avg:38.17ms
step:489/1285 train_time:18680ms step_avg:38.20ms
step:490/1285 train_time:18740ms step_avg:38.25ms
step:491/1285 train_time:18792ms step_avg:38.27ms
step:492/1285 train_time:18854ms step_avg:38.32ms
step:493/1285 train_time:18906ms step_avg:38.35ms
step:494/1285 train_time:18972ms step_avg:38.40ms
step:495/1285 train_time:19029ms step_avg:38.44ms
step:496/1285 train_time:19091ms step_avg:38.49ms
step:497/1285 train_time:19145ms step_avg:38.52ms
step:498/1285 train_time:19207ms step_avg:38.57ms
step:499/1285 train_time:19259ms step_avg:38.59ms
step:500/1285 train_time:19321ms step_avg:38.64ms
step:500/1285 val_loss:4.12727499 train_time:19381ms step_avg:38.76ms
step:501/1285 train_time:19414ms step_avg:38.75ms
step:502/1285 train_time:19454ms step_avg:38.75ms
step:503/1285 train_time:19491ms step_avg:38.75ms
step:504/1285 train_time:19560ms step_avg:38.81ms
step:505/1285 train_time:19613ms step_avg:38.84ms
step:506/1285 train_time:19675ms step_avg:38.88ms
step:507/1285 train_time:19728ms step_avg:38.91ms
step:508/1285 train_time:19789ms step_avg:38.96ms
step:509/1285 train_time:19842ms step_avg:38.98ms
step:510/1285 train_time:19903ms step_avg:39.03ms
step:511/1285 train_time:19956ms step_avg:39.05ms
step:512/1285 train_time:20017ms step_avg:39.10ms
step:513/1285 train_time:20069ms step_avg:39.12ms
step:514/1285 train_time:20130ms step_avg:39.16ms
step:515/1285 train_time:20182ms step_avg:39.19ms
step:516/1285 train_time:20243ms step_avg:39.23ms
step:517/1285 train_time:20298ms step_avg:39.26ms
step:518/1285 train_time:20362ms step_avg:39.31ms
step:519/1285 train_time:20414ms step_avg:39.33ms
step:520/1285 train_time:20477ms step_avg:39.38ms
step:521/1285 train_time:20530ms step_avg:39.41ms
step:522/1285 train_time:20592ms step_avg:39.45ms
step:523/1285 train_time:20645ms step_avg:39.47ms
step:524/1285 train_time:20706ms step_avg:39.52ms
step:525/1285 train_time:20761ms step_avg:39.54ms
step:526/1285 train_time:20822ms step_avg:39.59ms
step:527/1285 train_time:20874ms step_avg:39.61ms
step:528/1285 train_time:20935ms step_avg:39.65ms
step:529/1285 train_time:20988ms step_avg:39.67ms
step:530/1285 train_time:21050ms step_avg:39.72ms
step:531/1285 train_time:21101ms step_avg:39.74ms
step:532/1285 train_time:21162ms step_avg:39.78ms
step:533/1285 train_time:21215ms step_avg:39.80ms
step:534/1285 train_time:21277ms step_avg:39.84ms
step:535/1285 train_time:21330ms step_avg:39.87ms
step:536/1285 train_time:21392ms step_avg:39.91ms
step:537/1285 train_time:21446ms step_avg:39.94ms
step:538/1285 train_time:21508ms step_avg:39.98ms
step:539/1285 train_time:21562ms step_avg:40.00ms
step:540/1285 train_time:21624ms step_avg:40.05ms
step:541/1285 train_time:21676ms step_avg:40.07ms
step:542/1285 train_time:21739ms step_avg:40.11ms
step:543/1285 train_time:21791ms step_avg:40.13ms
step:544/1285 train_time:21854ms step_avg:40.17ms
step:545/1285 train_time:21906ms step_avg:40.19ms
step:546/1285 train_time:21967ms step_avg:40.23ms
step:547/1285 train_time:22019ms step_avg:40.25ms
step:548/1285 train_time:22080ms step_avg:40.29ms
step:549/1285 train_time:22132ms step_avg:40.31ms
step:550/1285 train_time:22194ms step_avg:40.35ms
step:551/1285 train_time:22248ms step_avg:40.38ms
step:552/1285 train_time:22309ms step_avg:40.42ms
step:553/1285 train_time:22362ms step_avg:40.44ms
step:554/1285 train_time:22424ms step_avg:40.48ms
step:555/1285 train_time:22477ms step_avg:40.50ms
step:556/1285 train_time:22540ms step_avg:40.54ms
step:557/1285 train_time:22593ms step_avg:40.56ms
step:558/1285 train_time:22655ms step_avg:40.60ms
step:559/1285 train_time:22708ms step_avg:40.62ms
step:560/1285 train_time:22770ms step_avg:40.66ms
step:561/1285 train_time:22822ms step_avg:40.68ms
step:562/1285 train_time:22884ms step_avg:40.72ms
step:563/1285 train_time:22935ms step_avg:40.74ms
step:564/1285 train_time:22997ms step_avg:40.78ms
step:565/1285 train_time:23049ms step_avg:40.79ms
step:566/1285 train_time:23111ms step_avg:40.83ms
step:567/1285 train_time:23162ms step_avg:40.85ms
step:568/1285 train_time:23225ms step_avg:40.89ms
step:569/1285 train_time:23279ms step_avg:40.91ms
step:570/1285 train_time:23341ms step_avg:40.95ms
step:571/1285 train_time:23394ms step_avg:40.97ms
step:572/1285 train_time:23455ms step_avg:41.01ms
step:573/1285 train_time:23509ms step_avg:41.03ms
step:574/1285 train_time:23572ms step_avg:41.07ms
step:575/1285 train_time:23623ms step_avg:41.08ms
step:576/1285 train_time:23685ms step_avg:41.12ms
step:577/1285 train_time:23739ms step_avg:41.14ms
step:578/1285 train_time:23800ms step_avg:41.18ms
step:579/1285 train_time:23852ms step_avg:41.20ms
step:580/1285 train_time:23915ms step_avg:41.23ms
step:581/1285 train_time:23967ms step_avg:41.25ms
step:582/1285 train_time:24030ms step_avg:41.29ms
step:583/1285 train_time:24083ms step_avg:41.31ms
step:584/1285 train_time:24144ms step_avg:41.34ms
step:585/1285 train_time:24197ms step_avg:41.36ms
step:586/1285 train_time:24259ms step_avg:41.40ms
step:587/1285 train_time:24313ms step_avg:41.42ms
step:588/1285 train_time:24374ms step_avg:41.45ms
step:589/1285 train_time:24427ms step_avg:41.47ms
step:590/1285 train_time:24488ms step_avg:41.51ms
step:591/1285 train_time:24541ms step_avg:41.53ms
step:592/1285 train_time:24603ms step_avg:41.56ms
step:593/1285 train_time:24656ms step_avg:41.58ms
step:594/1285 train_time:24718ms step_avg:41.61ms
step:595/1285 train_time:24771ms step_avg:41.63ms
step:596/1285 train_time:24833ms step_avg:41.67ms
step:597/1285 train_time:24885ms step_avg:41.68ms
step:598/1285 train_time:24948ms step_avg:41.72ms
step:599/1285 train_time:25000ms step_avg:41.74ms
step:600/1285 train_time:25061ms step_avg:41.77ms
step:601/1285 train_time:25114ms step_avg:41.79ms
step:602/1285 train_time:25176ms step_avg:41.82ms
step:603/1285 train_time:25228ms step_avg:41.84ms
step:604/1285 train_time:25290ms step_avg:41.87ms
step:605/1285 train_time:25344ms step_avg:41.89ms
step:606/1285 train_time:25406ms step_avg:41.92ms
step:607/1285 train_time:25459ms step_avg:41.94ms
step:608/1285 train_time:25521ms step_avg:41.97ms
step:609/1285 train_time:25574ms step_avg:41.99ms
step:610/1285 train_time:25635ms step_avg:42.02ms
step:611/1285 train_time:25687ms step_avg:42.04ms
step:612/1285 train_time:25751ms step_avg:42.08ms
step:613/1285 train_time:25803ms step_avg:42.09ms
step:614/1285 train_time:25864ms step_avg:42.12ms
step:615/1285 train_time:25918ms step_avg:42.14ms
step:616/1285 train_time:25979ms step_avg:42.17ms
step:617/1285 train_time:26032ms step_avg:42.19ms
step:618/1285 train_time:26093ms step_avg:42.22ms
step:619/1285 train_time:26146ms step_avg:42.24ms
step:620/1285 train_time:26208ms step_avg:42.27ms
step:621/1285 train_time:26259ms step_avg:42.29ms
step:622/1285 train_time:26322ms step_avg:42.32ms
step:623/1285 train_time:26374ms step_avg:42.33ms
step:624/1285 train_time:26436ms step_avg:42.36ms
step:625/1285 train_time:26490ms step_avg:42.38ms
step:626/1285 train_time:26552ms step_avg:42.42ms
step:627/1285 train_time:26606ms step_avg:42.43ms
step:628/1285 train_time:26666ms step_avg:42.46ms
step:629/1285 train_time:26720ms step_avg:42.48ms
step:630/1285 train_time:26782ms step_avg:42.51ms
step:631/1285 train_time:26835ms step_avg:42.53ms
step:632/1285 train_time:26897ms step_avg:42.56ms
step:633/1285 train_time:26949ms step_avg:42.57ms
step:634/1285 train_time:27010ms step_avg:42.60ms
step:635/1285 train_time:27062ms step_avg:42.62ms
step:636/1285 train_time:27124ms step_avg:42.65ms
step:637/1285 train_time:27177ms step_avg:42.66ms
step:638/1285 train_time:27238ms step_avg:42.69ms
step:639/1285 train_time:27291ms step_avg:42.71ms
step:640/1285 train_time:27353ms step_avg:42.74ms
step:641/1285 train_time:27405ms step_avg:42.75ms
step:642/1285 train_time:27468ms step_avg:42.79ms
step:643/1285 train_time:27520ms step_avg:42.80ms
step:644/1285 train_time:27582ms step_avg:42.83ms
step:645/1285 train_time:27635ms step_avg:42.84ms
step:646/1285 train_time:27697ms step_avg:42.87ms
step:647/1285 train_time:27750ms step_avg:42.89ms
step:648/1285 train_time:27812ms step_avg:42.92ms
step:649/1285 train_time:27864ms step_avg:42.93ms
step:650/1285 train_time:27926ms step_avg:42.96ms
step:651/1285 train_time:27979ms step_avg:42.98ms
step:652/1285 train_time:28040ms step_avg:43.01ms
step:653/1285 train_time:28093ms step_avg:43.02ms
step:654/1285 train_time:28155ms step_avg:43.05ms
step:655/1285 train_time:28207ms step_avg:43.06ms
step:656/1285 train_time:28269ms step_avg:43.09ms
step:657/1285 train_time:28322ms step_avg:43.11ms
step:658/1285 train_time:28383ms step_avg:43.14ms
step:659/1285 train_time:28435ms step_avg:43.15ms
step:660/1285 train_time:28499ms step_avg:43.18ms
step:661/1285 train_time:28551ms step_avg:43.19ms
step:662/1285 train_time:28613ms step_avg:43.22ms
step:663/1285 train_time:28665ms step_avg:43.24ms
step:664/1285 train_time:28728ms step_avg:43.26ms
step:665/1285 train_time:28781ms step_avg:43.28ms
step:666/1285 train_time:28843ms step_avg:43.31ms
step:667/1285 train_time:28895ms step_avg:43.32ms
step:668/1285 train_time:28958ms step_avg:43.35ms
step:669/1285 train_time:29009ms step_avg:43.36ms
step:670/1285 train_time:29071ms step_avg:43.39ms
step:671/1285 train_time:29123ms step_avg:43.40ms
step:672/1285 train_time:29185ms step_avg:43.43ms
step:673/1285 train_time:29238ms step_avg:43.44ms
step:674/1285 train_time:29300ms step_avg:43.47ms
step:675/1285 train_time:29353ms step_avg:43.49ms
step:676/1285 train_time:29414ms step_avg:43.51ms
step:677/1285 train_time:29467ms step_avg:43.53ms
step:678/1285 train_time:29529ms step_avg:43.55ms
step:679/1285 train_time:29581ms step_avg:43.57ms
step:680/1285 train_time:29644ms step_avg:43.59ms
step:681/1285 train_time:29696ms step_avg:43.61ms
step:682/1285 train_time:29758ms step_avg:43.63ms
step:683/1285 train_time:29810ms step_avg:43.65ms
step:684/1285 train_time:29872ms step_avg:43.67ms
step:685/1285 train_time:29925ms step_avg:43.69ms
step:686/1285 train_time:29987ms step_avg:43.71ms
step:687/1285 train_time:30040ms step_avg:43.73ms
step:688/1285 train_time:30102ms step_avg:43.75ms
step:689/1285 train_time:30154ms step_avg:43.76ms
step:690/1285 train_time:30216ms step_avg:43.79ms
step:691/1285 train_time:30268ms step_avg:43.80ms
step:692/1285 train_time:30329ms step_avg:43.83ms
step:693/1285 train_time:30383ms step_avg:43.84ms
step:694/1285 train_time:30445ms step_avg:43.87ms
step:695/1285 train_time:30497ms step_avg:43.88ms
step:696/1285 train_time:30559ms step_avg:43.91ms
step:697/1285 train_time:30613ms step_avg:43.92ms
step:698/1285 train_time:30675ms step_avg:43.95ms
step:699/1285 train_time:30727ms step_avg:43.96ms
step:700/1285 train_time:30789ms step_avg:43.98ms
step:701/1285 train_time:30842ms step_avg:44.00ms
step:702/1285 train_time:30903ms step_avg:44.02ms
step:703/1285 train_time:30956ms step_avg:44.03ms
step:704/1285 train_time:31018ms step_avg:44.06ms
step:705/1285 train_time:31070ms step_avg:44.07ms
step:706/1285 train_time:31131ms step_avg:44.10ms
step:707/1285 train_time:31185ms step_avg:44.11ms
step:708/1285 train_time:31248ms step_avg:44.14ms
step:709/1285 train_time:31301ms step_avg:44.15ms
step:710/1285 train_time:31362ms step_avg:44.17ms
step:711/1285 train_time:31414ms step_avg:44.18ms
step:712/1285 train_time:31476ms step_avg:44.21ms
step:713/1285 train_time:31528ms step_avg:44.22ms
step:714/1285 train_time:31591ms step_avg:44.24ms
step:715/1285 train_time:31643ms step_avg:44.26ms
step:716/1285 train_time:31705ms step_avg:44.28ms
step:717/1285 train_time:31758ms step_avg:44.29ms
step:718/1285 train_time:31821ms step_avg:44.32ms
step:719/1285 train_time:31873ms step_avg:44.33ms
step:720/1285 train_time:31937ms step_avg:44.36ms
step:721/1285 train_time:31987ms step_avg:44.36ms
step:722/1285 train_time:32049ms step_avg:44.39ms
step:723/1285 train_time:32102ms step_avg:44.40ms
step:724/1285 train_time:32163ms step_avg:44.42ms
step:725/1285 train_time:32216ms step_avg:44.44ms
step:726/1285 train_time:32277ms step_avg:44.46ms
step:727/1285 train_time:32330ms step_avg:44.47ms
step:728/1285 train_time:32392ms step_avg:44.49ms
step:729/1285 train_time:32445ms step_avg:44.51ms
step:730/1285 train_time:32507ms step_avg:44.53ms
step:731/1285 train_time:32559ms step_avg:44.54ms
step:732/1285 train_time:32620ms step_avg:44.56ms
step:733/1285 train_time:32673ms step_avg:44.57ms
step:734/1285 train_time:32735ms step_avg:44.60ms
step:735/1285 train_time:32788ms step_avg:44.61ms
step:736/1285 train_time:32851ms step_avg:44.63ms
step:737/1285 train_time:32903ms step_avg:44.64ms
step:738/1285 train_time:32964ms step_avg:44.67ms
step:739/1285 train_time:33017ms step_avg:44.68ms
step:740/1285 train_time:33078ms step_avg:44.70ms
step:741/1285 train_time:33132ms step_avg:44.71ms
step:742/1285 train_time:33193ms step_avg:44.73ms
step:743/1285 train_time:33246ms step_avg:44.75ms
step:744/1285 train_time:33308ms step_avg:44.77ms
step:745/1285 train_time:33360ms step_avg:44.78ms
step:746/1285 train_time:33423ms step_avg:44.80ms
step:747/1285 train_time:33474ms step_avg:44.81ms
step:748/1285 train_time:33536ms step_avg:44.83ms
step:749/1285 train_time:33588ms step_avg:44.84ms
step:750/1285 train_time:33652ms step_avg:44.87ms
step:750/1285 val_loss:3.68612146 train_time:33712ms step_avg:44.95ms
step:751/1285 train_time:33747ms step_avg:44.94ms
step:752/1285 train_time:33787ms step_avg:44.93ms
step:753/1285 train_time:33827ms step_avg:44.92ms
step:754/1285 train_time:33890ms step_avg:44.95ms
step:755/1285 train_time:33948ms step_avg:44.96ms
step:756/1285 train_time:34010ms step_avg:44.99ms
step:757/1285 train_time:34063ms step_avg:45.00ms
step:758/1285 train_time:34124ms step_avg:45.02ms
step:759/1285 train_time:34176ms step_avg:45.03ms
step:760/1285 train_time:34237ms step_avg:45.05ms
step:761/1285 train_time:34289ms step_avg:45.06ms
step:762/1285 train_time:34350ms step_avg:45.08ms
step:763/1285 train_time:34401ms step_avg:45.09ms
step:764/1285 train_time:34462ms step_avg:45.11ms
step:765/1285 train_time:34514ms step_avg:45.12ms
step:766/1285 train_time:34576ms step_avg:45.14ms
step:767/1285 train_time:34628ms step_avg:45.15ms
step:768/1285 train_time:34691ms step_avg:45.17ms
step:769/1285 train_time:34745ms step_avg:45.18ms
step:770/1285 train_time:34809ms step_avg:45.21ms
step:771/1285 train_time:34863ms step_avg:45.22ms
step:772/1285 train_time:34927ms step_avg:45.24ms
step:773/1285 train_time:34979ms step_avg:45.25ms
step:774/1285 train_time:35041ms step_avg:45.27ms
step:775/1285 train_time:35093ms step_avg:45.28ms
step:776/1285 train_time:35154ms step_avg:45.30ms
step:777/1285 train_time:35207ms step_avg:45.31ms
step:778/1285 train_time:35267ms step_avg:45.33ms
step:779/1285 train_time:35320ms step_avg:45.34ms
step:780/1285 train_time:35382ms step_avg:45.36ms
step:781/1285 train_time:35433ms step_avg:45.37ms
step:782/1285 train_time:35495ms step_avg:45.39ms
step:783/1285 train_time:35547ms step_avg:45.40ms
step:784/1285 train_time:35608ms step_avg:45.42ms
step:785/1285 train_time:35661ms step_avg:45.43ms
step:786/1285 train_time:35723ms step_avg:45.45ms
step:787/1285 train_time:35776ms step_avg:45.46ms
step:788/1285 train_time:35839ms step_avg:45.48ms
step:789/1285 train_time:35893ms step_avg:45.49ms
step:790/1285 train_time:35955ms step_avg:45.51ms
step:791/1285 train_time:36008ms step_avg:45.52ms
step:792/1285 train_time:36070ms step_avg:45.54ms
step:793/1285 train_time:36123ms step_avg:45.55ms
step:794/1285 train_time:36185ms step_avg:45.57ms
step:795/1285 train_time:36237ms step_avg:45.58ms
step:796/1285 train_time:36398ms step_avg:45.73ms
step:797/1285 train_time:36448ms step_avg:45.73ms
step:798/1285 train_time:36509ms step_avg:45.75ms
step:799/1285 train_time:36560ms step_avg:45.76ms
step:800/1285 train_time:36621ms step_avg:45.78ms
step:801/1285 train_time:36675ms step_avg:45.79ms
step:802/1285 train_time:36736ms step_avg:45.81ms
step:803/1285 train_time:36786ms step_avg:45.81ms
step:804/1285 train_time:36847ms step_avg:45.83ms
step:805/1285 train_time:36899ms step_avg:45.84ms
step:806/1285 train_time:36961ms step_avg:45.86ms
step:807/1285 train_time:37012ms step_avg:45.86ms
step:808/1285 train_time:37073ms step_avg:45.88ms
step:809/1285 train_time:37125ms step_avg:45.89ms
step:810/1285 train_time:37187ms step_avg:45.91ms
step:811/1285 train_time:37242ms step_avg:45.92ms
step:812/1285 train_time:37309ms step_avg:45.95ms
step:813/1285 train_time:37363ms step_avg:45.96ms
step:814/1285 train_time:37425ms step_avg:45.98ms
step:815/1285 train_time:37478ms step_avg:45.98ms
step:816/1285 train_time:37539ms step_avg:46.00ms
step:817/1285 train_time:37591ms step_avg:46.01ms
step:818/1285 train_time:37654ms step_avg:46.03ms
step:819/1285 train_time:37706ms step_avg:46.04ms
step:820/1285 train_time:37767ms step_avg:46.06ms
step:821/1285 train_time:37818ms step_avg:46.06ms
step:822/1285 train_time:37880ms step_avg:46.08ms
step:823/1285 train_time:37932ms step_avg:46.09ms
step:824/1285 train_time:37993ms step_avg:46.11ms
step:825/1285 train_time:38046ms step_avg:46.12ms
step:826/1285 train_time:38107ms step_avg:46.13ms
step:827/1285 train_time:38158ms step_avg:46.14ms
step:828/1285 train_time:38223ms step_avg:46.16ms
step:829/1285 train_time:38273ms step_avg:46.17ms
step:830/1285 train_time:38338ms step_avg:46.19ms
step:831/1285 train_time:38390ms step_avg:46.20ms
step:832/1285 train_time:38452ms step_avg:46.22ms
step:833/1285 train_time:38505ms step_avg:46.22ms
step:834/1285 train_time:38567ms step_avg:46.24ms
step:835/1285 train_time:38619ms step_avg:46.25ms
step:836/1285 train_time:38681ms step_avg:46.27ms
step:837/1285 train_time:38734ms step_avg:46.28ms
step:838/1285 train_time:38795ms step_avg:46.30ms
step:839/1285 train_time:38847ms step_avg:46.30ms
step:840/1285 train_time:38909ms step_avg:46.32ms
step:841/1285 train_time:38960ms step_avg:46.33ms
step:842/1285 train_time:39022ms step_avg:46.34ms
step:843/1285 train_time:39074ms step_avg:46.35ms
step:844/1285 train_time:39136ms step_avg:46.37ms
step:845/1285 train_time:39189ms step_avg:46.38ms
step:846/1285 train_time:39250ms step_avg:46.40ms
step:847/1285 train_time:39304ms step_avg:46.40ms
step:848/1285 train_time:39368ms step_avg:46.42ms
step:849/1285 train_time:39449ms step_avg:46.47ms
step:850/1285 train_time:39537ms step_avg:46.51ms
step:851/1285 train_time:39614ms step_avg:46.55ms
step:852/1285 train_time:39702ms step_avg:46.60ms
step:853/1285 train_time:39780ms step_avg:46.64ms
step:854/1285 train_time:39868ms step_avg:46.68ms
step:855/1285 train_time:39946ms step_avg:46.72ms
step:856/1285 train_time:40031ms step_avg:46.77ms
step:857/1285 train_time:40109ms step_avg:46.80ms
step:858/1285 train_time:40197ms step_avg:46.85ms
step:859/1285 train_time:40276ms step_avg:46.89ms
step:860/1285 train_time:40364ms step_avg:46.94ms
step:861/1285 train_time:40444ms step_avg:46.97ms
step:862/1285 train_time:40531ms step_avg:47.02ms
step:863/1285 train_time:40608ms step_avg:47.05ms
step:864/1285 train_time:40695ms step_avg:47.10ms
step:865/1285 train_time:40772ms step_avg:47.14ms
step:866/1285 train_time:40861ms step_avg:47.18ms
step:867/1285 train_time:40939ms step_avg:47.22ms
step:868/1285 train_time:41028ms step_avg:47.27ms
step:869/1285 train_time:41105ms step_avg:47.30ms
step:870/1285 train_time:41191ms step_avg:47.35ms
step:871/1285 train_time:41269ms step_avg:47.38ms
step:872/1285 train_time:41356ms step_avg:47.43ms
step:873/1285 train_time:41435ms step_avg:47.46ms
step:874/1285 train_time:41523ms step_avg:47.51ms
step:875/1285 train_time:41601ms step_avg:47.54ms
step:876/1285 train_time:41688ms step_avg:47.59ms
step:877/1285 train_time:41766ms step_avg:47.62ms
step:878/1285 train_time:41852ms step_avg:47.67ms
step:879/1285 train_time:41930ms step_avg:47.70ms
step:880/1285 train_time:42018ms step_avg:47.75ms
step:881/1285 train_time:42096ms step_avg:47.78ms
step:882/1285 train_time:42184ms step_avg:47.83ms
step:883/1285 train_time:42263ms step_avg:47.86ms
step:884/1285 train_time:42350ms step_avg:47.91ms
step:885/1285 train_time:42430ms step_avg:47.94ms
step:886/1285 train_time:42515ms step_avg:47.98ms
step:887/1285 train_time:42592ms step_avg:48.02ms
step:888/1285 train_time:42680ms step_avg:48.06ms
step:889/1285 train_time:42759ms step_avg:48.10ms
step:890/1285 train_time:42846ms step_avg:48.14ms
step:891/1285 train_time:42925ms step_avg:48.18ms
step:892/1285 train_time:43011ms step_avg:48.22ms
step:893/1285 train_time:43088ms step_avg:48.25ms
step:894/1285 train_time:43175ms step_avg:48.29ms
step:895/1285 train_time:43255ms step_avg:48.33ms
step:896/1285 train_time:43343ms step_avg:48.37ms
step:897/1285 train_time:43421ms step_avg:48.41ms
step:898/1285 train_time:43509ms step_avg:48.45ms
step:899/1285 train_time:43585ms step_avg:48.48ms
step:900/1285 train_time:43671ms step_avg:48.52ms
step:901/1285 train_time:43750ms step_avg:48.56ms
step:902/1285 train_time:43837ms step_avg:48.60ms
step:903/1285 train_time:43914ms step_avg:48.63ms
step:904/1285 train_time:44000ms step_avg:48.67ms
step:905/1285 train_time:44080ms step_avg:48.71ms
step:906/1285 train_time:44167ms step_avg:48.75ms
step:907/1285 train_time:44245ms step_avg:48.78ms
step:908/1285 train_time:44333ms step_avg:48.82ms
step:909/1285 train_time:44410ms step_avg:48.86ms
step:910/1285 train_time:44495ms step_avg:48.90ms
step:911/1285 train_time:44574ms step_avg:48.93ms
step:912/1285 train_time:44662ms step_avg:48.97ms
step:913/1285 train_time:44740ms step_avg:49.00ms
step:914/1285 train_time:44829ms step_avg:49.05ms
step:915/1285 train_time:44906ms step_avg:49.08ms
step:916/1285 train_time:44992ms step_avg:49.12ms
step:917/1285 train_time:45070ms step_avg:49.15ms
step:918/1285 train_time:45157ms step_avg:49.19ms
step:919/1285 train_time:45236ms step_avg:49.22ms
step:920/1285 train_time:45325ms step_avg:49.27ms
step:921/1285 train_time:45403ms step_avg:49.30ms
step:922/1285 train_time:45490ms step_avg:49.34ms
step:923/1285 train_time:45567ms step_avg:49.37ms
step:924/1285 train_time:45655ms step_avg:49.41ms
step:925/1285 train_time:45732ms step_avg:49.44ms
step:926/1285 train_time:45820ms step_avg:49.48ms
step:927/1285 train_time:45900ms step_avg:49.51ms
step:928/1285 train_time:45988ms step_avg:49.56ms
step:929/1285 train_time:46065ms step_avg:49.59ms
step:930/1285 train_time:46151ms step_avg:49.62ms
step:931/1285 train_time:46229ms step_avg:49.66ms
step:932/1285 train_time:46316ms step_avg:49.70ms
step:933/1285 train_time:46394ms step_avg:49.73ms
step:934/1285 train_time:46483ms step_avg:49.77ms
step:935/1285 train_time:46561ms step_avg:49.80ms
step:936/1285 train_time:46648ms step_avg:49.84ms
step:937/1285 train_time:46725ms step_avg:49.87ms
step:938/1285 train_time:46812ms step_avg:49.91ms
step:939/1285 train_time:46890ms step_avg:49.94ms
step:940/1285 train_time:46978ms step_avg:49.98ms
step:941/1285 train_time:47057ms step_avg:50.01ms
step:942/1285 train_time:47146ms step_avg:50.05ms
step:943/1285 train_time:47224ms step_avg:50.08ms
step:944/1285 train_time:47311ms step_avg:50.12ms
step:945/1285 train_time:47389ms step_avg:50.15ms
step:946/1285 train_time:47475ms step_avg:50.19ms
step:947/1285 train_time:47553ms step_avg:50.21ms
step:948/1285 train_time:47642ms step_avg:50.26ms
step:949/1285 train_time:47721ms step_avg:50.29ms
step:950/1285 train_time:47808ms step_avg:50.32ms
step:951/1285 train_time:47886ms step_avg:50.35ms
step:952/1285 train_time:47972ms step_avg:50.39ms
step:953/1285 train_time:48049ms step_avg:50.42ms
step:954/1285 train_time:48138ms step_avg:50.46ms
step:955/1285 train_time:48216ms step_avg:50.49ms
step:956/1285 train_time:48304ms step_avg:50.53ms
step:957/1285 train_time:48382ms step_avg:50.56ms
step:958/1285 train_time:48469ms step_avg:50.59ms
step:959/1285 train_time:48547ms step_avg:50.62ms
step:960/1285 train_time:48634ms step_avg:50.66ms
step:961/1285 train_time:48712ms step_avg:50.69ms
step:962/1285 train_time:48798ms step_avg:50.73ms
step:963/1285 train_time:48878ms step_avg:50.76ms
step:964/1285 train_time:48966ms step_avg:50.79ms
step:965/1285 train_time:49045ms step_avg:50.82ms
step:966/1285 train_time:49131ms step_avg:50.86ms
step:967/1285 train_time:49208ms step_avg:50.89ms
step:968/1285 train_time:49295ms step_avg:50.92ms
step:969/1285 train_time:49372ms step_avg:50.95ms
step:970/1285 train_time:49459ms step_avg:50.99ms
step:971/1285 train_time:49538ms step_avg:51.02ms
step:972/1285 train_time:49627ms step_avg:51.06ms
step:973/1285 train_time:49704ms step_avg:51.08ms
step:974/1285 train_time:49791ms step_avg:51.12ms
step:975/1285 train_time:49869ms step_avg:51.15ms
step:976/1285 train_time:49956ms step_avg:51.18ms
step:977/1285 train_time:50035ms step_avg:51.21ms
step:978/1285 train_time:50123ms step_avg:51.25ms
step:979/1285 train_time:50201ms step_avg:51.28ms
step:980/1285 train_time:50287ms step_avg:51.31ms
step:981/1285 train_time:50365ms step_avg:51.34ms
step:982/1285 train_time:50452ms step_avg:51.38ms
step:983/1285 train_time:50530ms step_avg:51.40ms
step:984/1285 train_time:50617ms step_avg:51.44ms
step:985/1285 train_time:50694ms step_avg:51.47ms
step:986/1285 train_time:50782ms step_avg:51.50ms
step:987/1285 train_time:50861ms step_avg:51.53ms
step:988/1285 train_time:50947ms step_avg:51.57ms
step:989/1285 train_time:51026ms step_avg:51.59ms
step:990/1285 train_time:51113ms step_avg:51.63ms
step:991/1285 train_time:51190ms step_avg:51.65ms
step:992/1285 train_time:51278ms step_avg:51.69ms
step:993/1285 train_time:51355ms step_avg:51.72ms
step:994/1285 train_time:51445ms step_avg:51.76ms
step:995/1285 train_time:51524ms step_avg:51.78ms
step:996/1285 train_time:51610ms step_avg:51.82ms
step:997/1285 train_time:51688ms step_avg:51.84ms
step:998/1285 train_time:51775ms step_avg:51.88ms
step:999/1285 train_time:51854ms step_avg:51.91ms
step:1000/1285 train_time:51942ms step_avg:51.94ms
step:1000/1285 val_loss:3.41754293 train_time:52031ms step_avg:52.03ms
step:1001/1285 train_time:52066ms step_avg:52.01ms
step:1002/1285 train_time:52110ms step_avg:52.01ms
step:1003/1285 train_time:52192ms step_avg:52.04ms
step:1004/1285 train_time:52282ms step_avg:52.07ms
step:1005/1285 train_time:52364ms step_avg:52.10ms
step:1006/1285 train_time:52452ms step_avg:52.14ms
step:1007/1285 train_time:52529ms step_avg:52.16ms
step:1008/1285 train_time:52614ms step_avg:52.20ms
step:1009/1285 train_time:52692ms step_avg:52.22ms
step:1010/1285 train_time:52778ms step_avg:52.26ms
step:1011/1285 train_time:52855ms step_avg:52.28ms
step:1012/1285 train_time:52942ms step_avg:52.31ms
step:1013/1285 train_time:53027ms step_avg:52.35ms
step:1014/1285 train_time:53115ms step_avg:52.38ms
step:1015/1285 train_time:53194ms step_avg:52.41ms
step:1016/1285 train_time:53281ms step_avg:52.44ms
step:1017/1285 train_time:53362ms step_avg:52.47ms
step:1018/1285 train_time:53449ms step_avg:52.50ms
step:1019/1285 train_time:53526ms step_avg:52.53ms
step:1020/1285 train_time:53614ms step_avg:52.56ms
step:1021/1285 train_time:53691ms step_avg:52.59ms
step:1022/1285 train_time:53778ms step_avg:52.62ms
step:1023/1285 train_time:53854ms step_avg:52.64ms
step:1024/1285 train_time:53941ms step_avg:52.68ms
step:1025/1285 train_time:54024ms step_avg:52.71ms
step:1026/1285 train_time:54150ms step_avg:52.78ms
step:1027/1285 train_time:54193ms step_avg:52.77ms
step:1028/1285 train_time:54311ms step_avg:52.83ms
step:1029/1285 train_time:54388ms step_avg:52.86ms
step:1030/1285 train_time:54475ms step_avg:52.89ms
step:1031/1285 train_time:54551ms step_avg:52.91ms
step:1032/1285 train_time:54637ms step_avg:52.94ms
step:1033/1285 train_time:54713ms step_avg:52.97ms
step:1034/1285 train_time:54799ms step_avg:53.00ms
step:1035/1285 train_time:54876ms step_avg:53.02ms
step:1036/1285 train_time:54963ms step_avg:53.05ms
step:1037/1285 train_time:55043ms step_avg:53.08ms
step:1038/1285 train_time:55136ms step_avg:53.12ms
step:1039/1285 train_time:55217ms step_avg:53.14ms
step:1040/1285 train_time:55305ms step_avg:53.18ms
step:1041/1285 train_time:55384ms step_avg:53.20ms
step:1042/1285 train_time:55470ms step_avg:53.23ms
step:1043/1285 train_time:55548ms step_avg:53.26ms
step:1044/1285 train_time:55633ms step_avg:53.29ms
step:1045/1285 train_time:55710ms step_avg:53.31ms
step:1046/1285 train_time:55796ms step_avg:53.34ms
step:1047/1285 train_time:55873ms step_avg:53.37ms
step:1048/1285 train_time:55960ms step_avg:53.40ms
step:1049/1285 train_time:56040ms step_avg:53.42ms
step:1050/1285 train_time:56130ms step_avg:53.46ms
step:1051/1285 train_time:56209ms step_avg:53.48ms
step:1052/1285 train_time:56297ms step_avg:53.51ms
step:1053/1285 train_time:56376ms step_avg:53.54ms
step:1054/1285 train_time:56463ms step_avg:53.57ms
step:1055/1285 train_time:56543ms step_avg:53.60ms
step:1056/1285 train_time:56630ms step_avg:53.63ms
step:1057/1285 train_time:56708ms step_avg:53.65ms
step:1058/1285 train_time:56793ms step_avg:53.68ms
step:1059/1285 train_time:56871ms step_avg:53.70ms
step:1060/1285 train_time:56956ms step_avg:53.73ms
step:1061/1285 train_time:57035ms step_avg:53.76ms
step:1062/1285 train_time:57123ms step_avg:53.79ms
step:1063/1285 train_time:57204ms step_avg:53.81ms
step:1064/1285 train_time:57291ms step_avg:53.85ms
step:1065/1285 train_time:57370ms step_avg:53.87ms
step:1066/1285 train_time:57457ms step_avg:53.90ms
step:1067/1285 train_time:57534ms step_avg:53.92ms
step:1068/1285 train_time:57622ms step_avg:53.95ms
step:1069/1285 train_time:57701ms step_avg:53.98ms
step:1070/1285 train_time:57789ms step_avg:54.01ms
step:1071/1285 train_time:57866ms step_avg:54.03ms
step:1072/1285 train_time:57953ms step_avg:54.06ms
step:1073/1285 train_time:58030ms step_avg:54.08ms
step:1074/1285 train_time:58117ms step_avg:54.11ms
step:1075/1285 train_time:58195ms step_avg:54.13ms
step:1076/1285 train_time:58284ms step_avg:54.17ms
step:1077/1285 train_time:58363ms step_avg:54.19ms
step:1078/1285 train_time:58451ms step_avg:54.22ms
step:1079/1285 train_time:58528ms step_avg:54.24ms
step:1080/1285 train_time:58615ms step_avg:54.27ms
step:1081/1285 train_time:58693ms step_avg:54.29ms
step:1082/1285 train_time:58781ms step_avg:54.33ms
step:1083/1285 train_time:58860ms step_avg:54.35ms
step:1084/1285 train_time:58948ms step_avg:54.38ms
step:1085/1285 train_time:59026ms step_avg:54.40ms
step:1086/1285 train_time:59113ms step_avg:54.43ms
step:1087/1285 train_time:59191ms step_avg:54.45ms
step:1088/1285 train_time:59279ms step_avg:54.48ms
step:1089/1285 train_time:59358ms step_avg:54.51ms
step:1090/1285 train_time:59446ms step_avg:54.54ms
step:1091/1285 train_time:59523ms step_avg:54.56ms
step:1092/1285 train_time:59611ms step_avg:54.59ms
step:1093/1285 train_time:59688ms step_avg:54.61ms
step:1094/1285 train_time:59775ms step_avg:54.64ms
step:1095/1285 train_time:59853ms step_avg:54.66ms
step:1096/1285 train_time:59940ms step_avg:54.69ms
step:1097/1285 train_time:60020ms step_avg:54.71ms
step:1098/1285 train_time:60109ms step_avg:54.74ms
step:1099/1285 train_time:60187ms step_avg:54.77ms
step:1100/1285 train_time:60273ms step_avg:54.79ms
step:1101/1285 train_time:60352ms step_avg:54.82ms
step:1102/1285 train_time:60438ms step_avg:54.84ms
step:1103/1285 train_time:60517ms step_avg:54.87ms
step:1104/1285 train_time:60605ms step_avg:54.90ms
step:1105/1285 train_time:60684ms step_avg:54.92ms
step:1106/1285 train_time:60772ms step_avg:54.95ms
step:1107/1285 train_time:60849ms step_avg:54.97ms
step:1108/1285 train_time:60935ms step_avg:55.00ms
step:1109/1285 train_time:61014ms step_avg:55.02ms
step:1110/1285 train_time:61101ms step_avg:55.05ms
step:1111/1285 train_time:61181ms step_avg:55.07ms
step:1112/1285 train_time:61269ms step_avg:55.10ms
step:1113/1285 train_time:61348ms step_avg:55.12ms
step:1114/1285 train_time:61434ms step_avg:55.15ms
step:1115/1285 train_time:61512ms step_avg:55.17ms
step:1116/1285 train_time:61599ms step_avg:55.20ms
step:1117/1285 train_time:61679ms step_avg:55.22ms
step:1118/1285 train_time:61767ms step_avg:55.25ms
step:1119/1285 train_time:61846ms step_avg:55.27ms
step:1120/1285 train_time:61933ms step_avg:55.30ms
step:1121/1285 train_time:62011ms step_avg:55.32ms
step:1122/1285 train_time:62098ms step_avg:55.35ms
step:1123/1285 train_time:62176ms step_avg:55.37ms
step:1124/1285 train_time:62264ms step_avg:55.40ms
step:1125/1285 train_time:62342ms step_avg:55.42ms
step:1126/1285 train_time:62431ms step_avg:55.44ms
step:1127/1285 train_time:62508ms step_avg:55.46ms
step:1128/1285 train_time:62595ms step_avg:55.49ms
step:1129/1285 train_time:62673ms step_avg:55.51ms
step:1130/1285 train_time:62762ms step_avg:55.54ms
step:1131/1285 train_time:62840ms step_avg:55.56ms
step:1132/1285 train_time:62929ms step_avg:55.59ms
step:1133/1285 train_time:63008ms step_avg:55.61ms
step:1134/1285 train_time:63094ms step_avg:55.64ms
step:1135/1285 train_time:63173ms step_avg:55.66ms
step:1136/1285 train_time:63260ms step_avg:55.69ms
step:1137/1285 train_time:63339ms step_avg:55.71ms
step:1138/1285 train_time:63426ms step_avg:55.73ms
step:1139/1285 train_time:63506ms step_avg:55.76ms
step:1140/1285 train_time:63594ms step_avg:55.78ms
step:1141/1285 train_time:63672ms step_avg:55.80ms
step:1142/1285 train_time:63758ms step_avg:55.83ms
step:1143/1285 train_time:63837ms step_avg:55.85ms
step:1144/1285 train_time:63925ms step_avg:55.88ms
step:1145/1285 train_time:64003ms step_avg:55.90ms
step:1146/1285 train_time:64093ms step_avg:55.93ms
step:1147/1285 train_time:64171ms step_avg:55.95ms
step:1148/1285 train_time:64258ms step_avg:55.97ms
step:1149/1285 train_time:64335ms step_avg:55.99ms
step:1150/1285 train_time:64423ms step_avg:56.02ms
step:1151/1285 train_time:64503ms step_avg:56.04ms
step:1152/1285 train_time:64591ms step_avg:56.07ms
step:1153/1285 train_time:64669ms step_avg:56.09ms
step:1154/1285 train_time:64757ms step_avg:56.12ms
step:1155/1285 train_time:64834ms step_avg:56.13ms
step:1156/1285 train_time:64921ms step_avg:56.16ms
step:1157/1285 train_time:65000ms step_avg:56.18ms
step:1158/1285 train_time:65088ms step_avg:56.21ms
step:1159/1285 train_time:65167ms step_avg:56.23ms
step:1160/1285 train_time:65253ms step_avg:56.25ms
step:1161/1285 train_time:65331ms step_avg:56.27ms
step:1162/1285 train_time:65419ms step_avg:56.30ms
step:1163/1285 train_time:65496ms step_avg:56.32ms
step:1164/1285 train_time:65585ms step_avg:56.34ms
step:1165/1285 train_time:65663ms step_avg:56.36ms
step:1166/1285 train_time:65752ms step_avg:56.39ms
step:1167/1285 train_time:65828ms step_avg:56.41ms
step:1168/1285 train_time:65914ms step_avg:56.43ms
step:1169/1285 train_time:65994ms step_avg:56.45ms
step:1170/1285 train_time:66081ms step_avg:56.48ms
step:1171/1285 train_time:66162ms step_avg:56.50ms
step:1172/1285 train_time:66249ms step_avg:56.53ms
step:1173/1285 train_time:66328ms step_avg:56.55ms
step:1174/1285 train_time:66414ms step_avg:56.57ms
step:1175/1285 train_time:66492ms step_avg:56.59ms
step:1176/1285 train_time:66578ms step_avg:56.61ms
step:1177/1285 train_time:66658ms step_avg:56.63ms
step:1178/1285 train_time:66746ms step_avg:56.66ms
step:1179/1285 train_time:66825ms step_avg:56.68ms
step:1180/1285 train_time:66912ms step_avg:56.71ms
step:1181/1285 train_time:66990ms step_avg:56.72ms
step:1182/1285 train_time:67078ms step_avg:56.75ms
step:1183/1285 train_time:67155ms step_avg:56.77ms
step:1184/1285 train_time:67243ms step_avg:56.79ms
step:1185/1285 train_time:67323ms step_avg:56.81ms
step:1186/1285 train_time:67410ms step_avg:56.84ms
step:1187/1285 train_time:67488ms step_avg:56.86ms
step:1188/1285 train_time:67574ms step_avg:56.88ms
step:1189/1285 train_time:67652ms step_avg:56.90ms
step:1190/1285 train_time:67739ms step_avg:56.92ms
step:1191/1285 train_time:67818ms step_avg:56.94ms
step:1192/1285 train_time:67904ms step_avg:56.97ms
step:1193/1285 train_time:67983ms step_avg:56.98ms
step:1194/1285 train_time:68072ms step_avg:57.01ms
step:1195/1285 train_time:68149ms step_avg:57.03ms
step:1196/1285 train_time:68236ms step_avg:57.05ms
step:1197/1285 train_time:68315ms step_avg:57.07ms
step:1198/1285 train_time:68402ms step_avg:57.10ms
step:1199/1285 train_time:68481ms step_avg:57.12ms
step:1200/1285 train_time:68570ms step_avg:57.14ms
step:1201/1285 train_time:68646ms step_avg:57.16ms
step:1202/1285 train_time:68734ms step_avg:57.18ms
step:1203/1285 train_time:68812ms step_avg:57.20ms
step:1204/1285 train_time:68899ms step_avg:57.22ms
step:1205/1285 train_time:68977ms step_avg:57.24ms
step:1206/1285 train_time:69066ms step_avg:57.27ms
step:1207/1285 train_time:69144ms step_avg:57.29ms
step:1208/1285 train_time:69231ms step_avg:57.31ms
step:1209/1285 train_time:69309ms step_avg:57.33ms
step:1210/1285 train_time:69396ms step_avg:57.35ms
step:1211/1285 train_time:69475ms step_avg:57.37ms
step:1212/1285 train_time:69562ms step_avg:57.39ms
step:1213/1285 train_time:69642ms step_avg:57.41ms
step:1214/1285 train_time:69728ms step_avg:57.44ms
step:1215/1285 train_time:69807ms step_avg:57.45ms
step:1216/1285 train_time:69893ms step_avg:57.48ms
step:1217/1285 train_time:69971ms step_avg:57.49ms
step:1218/1285 train_time:70057ms step_avg:57.52ms
step:1219/1285 train_time:70135ms step_avg:57.53ms
step:1220/1285 train_time:70222ms step_avg:57.56ms
step:1221/1285 train_time:70301ms step_avg:57.58ms
step:1222/1285 train_time:70390ms step_avg:57.60ms
step:1223/1285 train_time:70468ms step_avg:57.62ms
step:1224/1285 train_time:70555ms step_avg:57.64ms
step:1225/1285 train_time:70633ms step_avg:57.66ms
step:1226/1285 train_time:70721ms step_avg:57.68ms
step:1227/1285 train_time:70800ms step_avg:57.70ms
step:1228/1285 train_time:70889ms step_avg:57.73ms
step:1229/1285 train_time:70966ms step_avg:57.74ms
step:1230/1285 train_time:71053ms step_avg:57.77ms
step:1231/1285 train_time:71131ms step_avg:57.78ms
step:1232/1285 train_time:71218ms step_avg:57.81ms
step:1233/1285 train_time:71296ms step_avg:57.82ms
step:1234/1285 train_time:71384ms step_avg:57.85ms
step:1235/1285 train_time:71464ms step_avg:57.87ms
step:1236/1285 train_time:71551ms step_avg:57.89ms
step:1237/1285 train_time:71629ms step_avg:57.91ms
step:1238/1285 train_time:71822ms step_avg:58.01ms
step:1239/1285 train_time:71864ms step_avg:58.00ms
step:1240/1285 train_time:71944ms step_avg:58.02ms
step:1241/1285 train_time:72022ms step_avg:58.04ms
step:1242/1285 train_time:72108ms step_avg:58.06ms
step:1243/1285 train_time:72184ms step_avg:58.07ms
step:1244/1285 train_time:72271ms step_avg:58.10ms
step:1245/1285 train_time:72348ms step_avg:58.11ms
step:1246/1285 train_time:72433ms step_avg:58.13ms
step:1247/1285 train_time:72511ms step_avg:58.15ms
step:1248/1285 train_time:72597ms step_avg:58.17ms
step:1249/1285 train_time:72678ms step_avg:58.19ms
step:1250/1285 train_time:72771ms step_avg:58.22ms
step:1250/1285 val_loss:3.29446626 train_time:72861ms step_avg:58.29ms
step:1251/1285 train_time:72897ms step_avg:58.27ms
step:1252/1285 train_time:72941ms step_avg:58.26ms
step:1253/1285 train_time:73021ms step_avg:58.28ms
step:1254/1285 train_time:73123ms step_avg:58.31ms
step:1255/1285 train_time:73191ms step_avg:58.32ms
step:1256/1285 train_time:73279ms step_avg:58.34ms
step:1257/1285 train_time:73355ms step_avg:58.36ms
step:1258/1285 train_time:73441ms step_avg:58.38ms
step:1259/1285 train_time:73555ms step_avg:58.42ms
step:1260/1285 train_time:73658ms step_avg:58.46ms
step:1261/1285 train_time:73730ms step_avg:58.47ms
step:1262/1285 train_time:73790ms step_avg:58.47ms
step:1263/1285 train_time:73853ms step_avg:58.47ms
step:1264/1285 train_time:73943ms step_avg:58.50ms
step:1265/1285 train_time:74023ms step_avg:58.52ms
step:1266/1285 train_time:74110ms step_avg:58.54ms
step:1267/1285 train_time:74187ms step_avg:58.55ms
step:1268/1285 train_time:74274ms step_avg:58.58ms
step:1269/1285 train_time:74351ms step_avg:58.59ms
step:1270/1285 train_time:74437ms step_avg:58.61ms
step:1271/1285 train_time:74516ms step_avg:58.63ms
step:1272/1285 train_time:74607ms step_avg:58.65ms
step:1273/1285 train_time:74685ms step_avg:58.67ms
step:1274/1285 train_time:74774ms step_avg:58.69ms
step:1275/1285 train_time:74853ms step_avg:58.71ms
step:1276/1285 train_time:74943ms step_avg:58.73ms
step:1277/1285 train_time:75025ms step_avg:58.75ms
step:1278/1285 train_time:75111ms step_avg:58.77ms
step:1279/1285 train_time:75189ms step_avg:58.79ms
step:1280/1285 train_time:75276ms step_avg:58.81ms
step:1281/1285 train_time:75352ms step_avg:58.82ms
step:1282/1285 train_time:75441ms step_avg:58.85ms
step:1283/1285 train_time:75518ms step_avg:58.86ms
step:1284/1285 train_time:75607ms step_avg:58.88ms
step:1285/1285 train_time:75685ms step_avg:58.90ms
step:1285/1285 val_loss:3.27810574 train_time:75774ms step_avg:58.97ms
peak memory allocated: 32150 MiB reserved: 39272 MiB
