HARNESS_TRAINING_ENV={"OMP_NUM_THREADS": "1", "MKL_NUM_THREADS": "1", "torch_num_threads": 1, "torch_num_interop_threads": 47}
[Gloo] Rank 0 is connected to 7 peer ranks. Expected number of connected peer ranks is : 7
[Gloo] Rank 1 is connected to 7 peer ranks. Expected number of connected peer ranks is : 7
[Gloo] Rank 2 is connected to 7 peer ranks. Expected number of connected peer ranks is : 7
[Gloo] Rank 3 is connected to 7 peer ranks. Expected number of connected peer ranks is : 7
[Gloo] Rank 4 is connected to 7 peer ranks. Expected number of connected peer ranks is : 7
[Gloo] Rank 5 is connected to 7 peer ranks. Expected number of connected peer ranks is : 7
[Gloo] Rank 7 is connected to 7[Gloo] Rank  peer ranks. 6Expected number of connected peer ranks is :  is connected to 7
7 peer ranks. Expected number of connected peer ranks is : 7
/workspace/train_gpt.py:1069: UserWarning: Skipping publisher trust check for 'kernels-community/flash-attn3' because Hugging Face Hub is in offline mode.
  flash_attn_interface = get_kernel('kernels-community/flash-attn3', version=1).flash_attn_interface
/workspace/train_gpt.py:1069: UserWarning: Skipping publisher trust check for 'kernels-community/flash-attn3' because Hugging Face Hub is in offline mode.
  flash_attn_interface = get_kernel('kernels-community/flash-attn3', version=1).flash_attn_interface
/workspace/train_gpt.py:1069: UserWarning: Skipping publisher trust check for 'kernels-community/flash-attn3' because Hugging Face Hub is in offline mode.
  flash_attn_interface = get_kernel('kernels-community/flash-attn3', version=1).flash_attn_interface
/workspace/train_gpt.py:1069: UserWarning: Skipping publisher trust check for 'kernels-community/flash-attn3' because Hugging Face Hub is in offline mode.
  flash_attn_interface = get_kernel('kernels-community/flash-attn3', version=1).flash_attn_interface
/workspace/train_gpt.py:1069: UserWarning: Skipping publisher trust check for 'kernels-community/flash-attn3' because Hugging Face Hub is in offline mode.
  flash_attn_interface = get_kernel('kernels-community/flash-attn3', version=1).flash_attn_interface
/workspace/train_gpt.py:1069: UserWarning: Skipping publisher trust check for 'kernels-community/flash-attn3' because Hugging Face Hub is in offline mode.
  flash_attn_interface = get_kernel('kernels-community/flash-attn3', version=1).flash_attn_interface
/workspace/train_gpt.py:1069: UserWarning: Skipping publisher trust check for 'kernels-community/flash-attn3' because Hugging Face Hub is in offline mode.
  flash_attn_interface = get_kernel('kernels-community/flash-attn3', version=1).flash_attn_interface
/workspace/train_gpt.py:1069: UserWarning: Skipping publisher trust check for 'kernels-community/flash-attn3' because Hugging Face Hub is in offline mode.
  flash_attn_interface = get_kernel('kernels-community/flash-attn3', version=1).flash_attn_interface
logs/08f22fb1-9933-4f84-9c8a-f96cc5ee016c.txt
Compiling model and warming up kernels (~7 minutes on first execution)
Sampling steps [0, 1, 421, 422, 423, 424, 845, 846, 847, 848, 1268, 1269, 1270, 1271] for warmup
Resetting Model
step:0/1285 val_loss:10.83168030 train_time:77ms step_avg:76.70ms
step:1/1285 train_time:331ms step_avg:330.61ms
step:2/1285 train_time:463ms step_avg:231.63ms
step:3/1285 train_time:503ms step_avg:167.62ms
step:4/1285 train_time:549ms step_avg:137.22ms
step:5/1285 train_time:587ms step_avg:117.33ms
step:6/1285 train_time:627ms step_avg:104.47ms
step:7/1285 train_time:664ms step_avg:94.89ms
step:8/1285 train_time:705ms step_avg:88.17ms
step:9/1285 train_time:740ms step_avg:82.21ms
step:10/1285 train_time:781ms step_avg:78.09ms
step:11/1285 train_time:816ms step_avg:74.18ms
step:12/1285 train_time:858ms step_avg:71.52ms
step:13/1285 train_time:892ms step_avg:68.61ms
step:14/1285 train_time:928ms step_avg:66.32ms
step:15/1285 train_time:962ms step_avg:64.14ms
step:16/1285 train_time:998ms step_avg:62.40ms
step:17/1285 train_time:1031ms step_avg:60.63ms
step:18/1285 train_time:1067ms step_avg:59.27ms
step:19/1285 train_time:1100ms step_avg:57.90ms
step:20/1285 train_time:1136ms step_avg:56.82ms
step:21/1285 train_time:1169ms step_avg:55.66ms
step:22/1285 train_time:1205ms step_avg:54.79ms
step:23/1285 train_time:1242ms step_avg:54.00ms
step:24/1285 train_time:1280ms step_avg:53.33ms
step:25/1285 train_time:1314ms step_avg:52.55ms
step:26/1285 train_time:1352ms step_avg:51.98ms
step:27/1285 train_time:1383ms step_avg:51.23ms
step:28/1285 train_time:1418ms step_avg:50.64ms
step:29/1285 train_time:1451ms step_avg:50.05ms
step:30/1285 train_time:1489ms step_avg:49.62ms
step:31/1285 train_time:1521ms step_avg:49.07ms
step:32/1285 train_time:1558ms step_avg:48.70ms
step:33/1285 train_time:1592ms step_avg:48.23ms
step:34/1285 train_time:1630ms step_avg:47.94ms
step:35/1285 train_time:1665ms step_avg:47.58ms
step:36/1285 train_time:1705ms step_avg:47.36ms
step:37/1285 train_time:1739ms step_avg:47.00ms
step:38/1285 train_time:1777ms step_avg:46.77ms
step:39/1285 train_time:1810ms step_avg:46.42ms
step:40/1285 train_time:1848ms step_avg:46.21ms
step:41/1285 train_time:1882ms step_avg:45.89ms
step:42/1285 train_time:1919ms step_avg:45.70ms
step:43/1285 train_time:1953ms step_avg:45.42ms
step:44/1285 train_time:1990ms step_avg:45.22ms
step:45/1285 train_time:2023ms step_avg:44.95ms
step:46/1285 train_time:2062ms step_avg:44.83ms
step:47/1285 train_time:2094ms step_avg:44.54ms
step:48/1285 train_time:2130ms step_avg:44.38ms
step:49/1285 train_time:2162ms step_avg:44.12ms
step:50/1285 train_time:2201ms step_avg:44.01ms
step:51/1285 train_time:2234ms step_avg:43.80ms
step:52/1285 train_time:2271ms step_avg:43.67ms
step:53/1285 train_time:2302ms step_avg:43.43ms
step:54/1285 train_time:2337ms step_avg:43.27ms
step:55/1285 train_time:2369ms step_avg:43.07ms
step:56/1285 train_time:2405ms step_avg:42.94ms
step:57/1285 train_time:2437ms step_avg:42.75ms
step:58/1285 train_time:2473ms step_avg:42.64ms
step:59/1285 train_time:2505ms step_avg:42.45ms
step:60/1285 train_time:2541ms step_avg:42.35ms
step:61/1285 train_time:2575ms step_avg:42.21ms
step:62/1285 train_time:2613ms step_avg:42.14ms
step:63/1285 train_time:2646ms step_avg:42.00ms
step:64/1285 train_time:2683ms step_avg:41.92ms
step:65/1285 train_time:2716ms step_avg:41.78ms
step:66/1285 train_time:2753ms step_avg:41.72ms
step:67/1285 train_time:2788ms step_avg:41.61ms
step:68/1285 train_time:2828ms step_avg:41.59ms
step:69/1285 train_time:2863ms step_avg:41.49ms
step:70/1285 train_time:2901ms step_avg:41.44ms
step:71/1285 train_time:2933ms step_avg:41.32ms
step:72/1285 train_time:2971ms step_avg:41.27ms
step:73/1285 train_time:3005ms step_avg:41.17ms
step:74/1285 train_time:3041ms step_avg:41.09ms
step:75/1285 train_time:3074ms step_avg:40.98ms
step:76/1285 train_time:3112ms step_avg:40.94ms
step:77/1285 train_time:3144ms step_avg:40.83ms
step:78/1285 train_time:3180ms step_avg:40.76ms
step:79/1285 train_time:3213ms step_avg:40.67ms
step:80/1285 train_time:3248ms step_avg:40.59ms
step:81/1285 train_time:3278ms step_avg:40.47ms
step:82/1285 train_time:3313ms step_avg:40.41ms
step:83/1285 train_time:3347ms step_avg:40.32ms
step:84/1285 train_time:3384ms step_avg:40.29ms
step:85/1285 train_time:3416ms step_avg:40.19ms
step:86/1285 train_time:3448ms step_avg:40.09ms
step:87/1285 train_time:3480ms step_avg:40.00ms
step:88/1285 train_time:3514ms step_avg:39.93ms
step:89/1285 train_time:3544ms step_avg:39.82ms
step:90/1285 train_time:3580ms step_avg:39.78ms
step:91/1285 train_time:3612ms step_avg:39.70ms
step:92/1285 train_time:3645ms step_avg:39.62ms
step:93/1285 train_time:3676ms step_avg:39.53ms
step:94/1285 train_time:3712ms step_avg:39.49ms
step:95/1285 train_time:3745ms step_avg:39.42ms
step:96/1285 train_time:3782ms step_avg:39.39ms
step:97/1285 train_time:3815ms step_avg:39.33ms
step:98/1285 train_time:3855ms step_avg:39.33ms
step:99/1285 train_time:3888ms step_avg:39.27ms
step:100/1285 train_time:3924ms step_avg:39.24ms
step:101/1285 train_time:3958ms step_avg:39.19ms
step:102/1285 train_time:3995ms step_avg:39.17ms
step:103/1285 train_time:4027ms step_avg:39.10ms
step:104/1285 train_time:4064ms step_avg:39.08ms
step:105/1285 train_time:4096ms step_avg:39.01ms
step:106/1285 train_time:4132ms step_avg:38.98ms
step:107/1285 train_time:4164ms step_avg:38.92ms
step:108/1285 train_time:4201ms step_avg:38.89ms
step:109/1285 train_time:4234ms step_avg:38.85ms
step:110/1285 train_time:4272ms step_avg:38.84ms
step:111/1285 train_time:4303ms step_avg:38.77ms
step:112/1285 train_time:4343ms step_avg:38.77ms
step:113/1285 train_time:4376ms step_avg:38.72ms
step:114/1285 train_time:4412ms step_avg:38.70ms
step:115/1285 train_time:4444ms step_avg:38.65ms
step:116/1285 train_time:4480ms step_avg:38.62ms
step:117/1285 train_time:4514ms step_avg:38.58ms
step:118/1285 train_time:4549ms step_avg:38.55ms
step:119/1285 train_time:4586ms step_avg:38.54ms
step:120/1285 train_time:4623ms step_avg:38.53ms
step:121/1285 train_time:4655ms step_avg:38.47ms
step:122/1285 train_time:4692ms step_avg:38.46ms
step:123/1285 train_time:4725ms step_avg:38.42ms
step:124/1285 train_time:4763ms step_avg:38.41ms
step:125/1285 train_time:4796ms step_avg:38.37ms
step:126/1285 train_time:4830ms step_avg:38.34ms
step:127/1285 train_time:4864ms step_avg:38.30ms
step:128/1285 train_time:4899ms step_avg:38.27ms
step:129/1285 train_time:4931ms step_avg:38.23ms
step:130/1285 train_time:4969ms step_avg:38.22ms
step:131/1285 train_time:5001ms step_avg:38.17ms
step:132/1285 train_time:5037ms step_avg:38.16ms
step:133/1285 train_time:5070ms step_avg:38.12ms
step:134/1285 train_time:5105ms step_avg:38.09ms
step:135/1285 train_time:5137ms step_avg:38.05ms
step:136/1285 train_time:5175ms step_avg:38.05ms
step:137/1285 train_time:5206ms step_avg:38.00ms
step:138/1285 train_time:5239ms step_avg:37.97ms
step:139/1285 train_time:5273ms step_avg:37.94ms
step:140/1285 train_time:5309ms step_avg:37.92ms
step:141/1285 train_time:5340ms step_avg:37.87ms
step:142/1285 train_time:5379ms step_avg:37.88ms
step:143/1285 train_time:5413ms step_avg:37.85ms
step:144/1285 train_time:5451ms step_avg:37.85ms
step:145/1285 train_time:5486ms step_avg:37.84ms
step:146/1285 train_time:5524ms step_avg:37.83ms
step:147/1285 train_time:5557ms step_avg:37.80ms
step:148/1285 train_time:5595ms step_avg:37.80ms
step:149/1285 train_time:5626ms step_avg:37.76ms
step:150/1285 train_time:5662ms step_avg:37.75ms
step:151/1285 train_time:5696ms step_avg:37.72ms
step:152/1285 train_time:5732ms step_avg:37.71ms
step:153/1285 train_time:5762ms step_avg:37.66ms
step:154/1285 train_time:5801ms step_avg:37.67ms
step:155/1285 train_time:5832ms step_avg:37.62ms
step:156/1285 train_time:5867ms step_avg:37.61ms
step:157/1285 train_time:5897ms step_avg:37.56ms
step:158/1285 train_time:5931ms step_avg:37.54ms
step:159/1285 train_time:5962ms step_avg:37.50ms
step:160/1285 train_time:5997ms step_avg:37.48ms
step:161/1285 train_time:6029ms step_avg:37.45ms
step:162/1285 train_time:6062ms step_avg:37.42ms
step:163/1285 train_time:6093ms step_avg:37.38ms
step:164/1285 train_time:6132ms step_avg:37.39ms
step:165/1285 train_time:6163ms step_avg:37.35ms
step:166/1285 train_time:6199ms step_avg:37.34ms
step:167/1285 train_time:6231ms step_avg:37.31ms
step:168/1285 train_time:6269ms step_avg:37.31ms
step:169/1285 train_time:6299ms step_avg:37.27ms
step:170/1285 train_time:6335ms step_avg:37.26ms
step:171/1285 train_time:6366ms step_avg:37.23ms
step:172/1285 train_time:6402ms step_avg:37.22ms
step:173/1285 train_time:6435ms step_avg:37.20ms
step:174/1285 train_time:6470ms step_avg:37.18ms
step:175/1285 train_time:6503ms step_avg:37.16ms
step:176/1285 train_time:6539ms step_avg:37.15ms
step:177/1285 train_time:6572ms step_avg:37.13ms
step:178/1285 train_time:6608ms step_avg:37.12ms
step:179/1285 train_time:6642ms step_avg:37.11ms
step:180/1285 train_time:6678ms step_avg:37.10ms
step:181/1285 train_time:6712ms step_avg:37.08ms
step:182/1285 train_time:6746ms step_avg:37.06ms
step:183/1285 train_time:6780ms step_avg:37.05ms
step:184/1285 train_time:6818ms step_avg:37.05ms
step:185/1285 train_time:6852ms step_avg:37.04ms
step:186/1285 train_time:6889ms step_avg:37.04ms
step:187/1285 train_time:6920ms step_avg:37.01ms
step:188/1285 train_time:6955ms step_avg:37.00ms
step:189/1285 train_time:6989ms step_avg:36.98ms
step:190/1285 train_time:7025ms step_avg:36.97ms
step:191/1285 train_time:7057ms step_avg:36.95ms
step:192/1285 train_time:7095ms step_avg:36.95ms
step:193/1285 train_time:7128ms step_avg:36.93ms
step:194/1285 train_time:7162ms step_avg:36.92ms
step:195/1285 train_time:7192ms step_avg:36.88ms
step:196/1285 train_time:7230ms step_avg:36.89ms
step:197/1285 train_time:7262ms step_avg:36.86ms
step:198/1285 train_time:7296ms step_avg:36.85ms
step:199/1285 train_time:7329ms step_avg:36.83ms
step:200/1285 train_time:7366ms step_avg:36.83ms
step:201/1285 train_time:7401ms step_avg:36.82ms
step:202/1285 train_time:7436ms step_avg:36.81ms
step:203/1285 train_time:7468ms step_avg:36.79ms
step:204/1285 train_time:7504ms step_avg:36.79ms
step:205/1285 train_time:7537ms step_avg:36.77ms
step:206/1285 train_time:7573ms step_avg:36.76ms
step:207/1285 train_time:7606ms step_avg:36.74ms
step:208/1285 train_time:7643ms step_avg:36.74ms
step:209/1285 train_time:7673ms step_avg:36.71ms
step:210/1285 train_time:7710ms step_avg:36.71ms
step:211/1285 train_time:7743ms step_avg:36.70ms
step:212/1285 train_time:7780ms step_avg:36.70ms
step:213/1285 train_time:7814ms step_avg:36.68ms
step:214/1285 train_time:7855ms step_avg:36.71ms
step:215/1285 train_time:7889ms step_avg:36.69ms
step:216/1285 train_time:7926ms step_avg:36.70ms
step:217/1285 train_time:7958ms step_avg:36.67ms
step:218/1285 train_time:7997ms step_avg:36.68ms
step:219/1285 train_time:8030ms step_avg:36.67ms
step:220/1285 train_time:8067ms step_avg:36.67ms
step:221/1285 train_time:8103ms step_avg:36.66ms
step:222/1285 train_time:8140ms step_avg:36.67ms
step:223/1285 train_time:8173ms step_avg:36.65ms
step:224/1285 train_time:8211ms step_avg:36.66ms
step:225/1285 train_time:8242ms step_avg:36.63ms
step:226/1285 train_time:8278ms step_avg:36.63ms
step:227/1285 train_time:8309ms step_avg:36.61ms
step:228/1285 train_time:8346ms step_avg:36.60ms
step:229/1285 train_time:8379ms step_avg:36.59ms
step:230/1285 train_time:8415ms step_avg:36.59ms
step:231/1285 train_time:8448ms step_avg:36.57ms
step:232/1285 train_time:8486ms step_avg:36.58ms
step:233/1285 train_time:8518ms step_avg:36.56ms
step:234/1285 train_time:8555ms step_avg:36.56ms
step:235/1285 train_time:8588ms step_avg:36.55ms
step:236/1285 train_time:8625ms step_avg:36.55ms
step:237/1285 train_time:8658ms step_avg:36.53ms
step:238/1285 train_time:8695ms step_avg:36.53ms
step:239/1285 train_time:8727ms step_avg:36.51ms
step:240/1285 train_time:8762ms step_avg:36.51ms
step:241/1285 train_time:8795ms step_avg:36.49ms
step:242/1285 train_time:8834ms step_avg:36.50ms
step:243/1285 train_time:8867ms step_avg:36.49ms
step:244/1285 train_time:8903ms step_avg:36.49ms
step:245/1285 train_time:8937ms step_avg:36.48ms
step:246/1285 train_time:8975ms step_avg:36.48ms
step:247/1285 train_time:9008ms step_avg:36.47ms
step:248/1285 train_time:9045ms step_avg:36.47ms
step:249/1285 train_time:9078ms step_avg:36.46ms
step:250/1285 train_time:9112ms step_avg:36.45ms
step:250/1285 val_loss:4.48552561 train_time:9121ms step_avg:36.48ms
step:251/1285 train_time:9154ms step_avg:36.47ms
step:252/1285 train_time:9192ms step_avg:36.48ms
step:253/1285 train_time:9225ms step_avg:36.46ms
step:254/1285 train_time:9260ms step_avg:36.46ms
step:255/1285 train_time:9292ms step_avg:36.44ms
step:256/1285 train_time:9332ms step_avg:36.45ms
step:257/1285 train_time:9363ms step_avg:36.43ms
step:258/1285 train_time:9402ms step_avg:36.44ms
step:259/1285 train_time:9434ms step_avg:36.42ms
step:260/1285 train_time:9471ms step_avg:36.43ms
step:261/1285 train_time:9504ms step_avg:36.42ms
step:262/1285 train_time:9542ms step_avg:36.42ms
step:263/1285 train_time:9574ms step_avg:36.40ms
step:264/1285 train_time:9612ms step_avg:36.41ms
step:265/1285 train_time:9647ms step_avg:36.40ms
step:266/1285 train_time:9684ms step_avg:36.40ms
step:267/1285 train_time:9718ms step_avg:36.40ms
step:268/1285 train_time:9751ms step_avg:36.39ms
step:269/1285 train_time:9785ms step_avg:36.37ms
step:270/1285 train_time:9821ms step_avg:36.37ms
step:271/1285 train_time:9854ms step_avg:36.36ms
step:272/1285 train_time:9894ms step_avg:36.38ms
step:273/1285 train_time:9928ms step_avg:36.37ms
step:274/1285 train_time:9966ms step_avg:36.37ms
step:275/1285 train_time:9997ms step_avg:36.35ms
step:276/1285 train_time:10037ms step_avg:36.37ms
step:277/1285 train_time:10069ms step_avg:36.35ms
step:278/1285 train_time:10105ms step_avg:36.35ms
step:279/1285 train_time:10138ms step_avg:36.34ms
step:280/1285 train_time:10175ms step_avg:36.34ms
step:281/1285 train_time:10205ms step_avg:36.32ms
step:282/1285 train_time:10242ms step_avg:36.32ms
step:283/1285 train_time:10275ms step_avg:36.31ms
step:284/1285 train_time:10311ms step_avg:36.31ms
step:285/1285 train_time:10343ms step_avg:36.29ms
step:286/1285 train_time:10380ms step_avg:36.30ms
step:287/1285 train_time:10413ms step_avg:36.28ms
step:288/1285 train_time:10451ms step_avg:36.29ms
step:289/1285 train_time:10485ms step_avg:36.28ms
step:290/1285 train_time:10520ms step_avg:36.28ms
step:291/1285 train_time:10551ms step_avg:36.26ms
step:292/1285 train_time:10587ms step_avg:36.26ms
step:293/1285 train_time:10620ms step_avg:36.24ms
step:294/1285 train_time:10656ms step_avg:36.24ms
step:295/1285 train_time:10688ms step_avg:36.23ms
step:296/1285 train_time:10725ms step_avg:36.23ms
step:297/1285 train_time:10756ms step_avg:36.22ms
step:298/1285 train_time:10794ms step_avg:36.22ms
step:299/1285 train_time:10828ms step_avg:36.21ms
step:300/1285 train_time:10866ms step_avg:36.22ms
step:301/1285 train_time:10897ms step_avg:36.20ms
step:302/1285 train_time:10932ms step_avg:36.20ms
step:303/1285 train_time:10964ms step_avg:36.18ms
step:304/1285 train_time:11000ms step_avg:36.19ms
step:305/1285 train_time:11034ms step_avg:36.18ms
step:306/1285 train_time:11070ms step_avg:36.18ms
step:307/1285 train_time:11103ms step_avg:36.17ms
step:308/1285 train_time:11139ms step_avg:36.17ms
step:309/1285 train_time:11170ms step_avg:36.15ms
step:310/1285 train_time:11204ms step_avg:36.14ms
step:311/1285 train_time:11238ms step_avg:36.13ms
step:312/1285 train_time:11273ms step_avg:36.13ms
step:313/1285 train_time:11305ms step_avg:36.12ms
step:314/1285 train_time:11342ms step_avg:36.12ms
step:315/1285 train_time:11374ms step_avg:36.11ms
step:316/1285 train_time:11408ms step_avg:36.10ms
step:317/1285 train_time:11442ms step_avg:36.10ms
step:318/1285 train_time:11478ms step_avg:36.09ms
step:319/1285 train_time:11508ms step_avg:36.08ms
step:320/1285 train_time:11547ms step_avg:36.09ms
step:321/1285 train_time:11580ms step_avg:36.07ms
step:322/1285 train_time:11619ms step_avg:36.08ms
step:323/1285 train_time:11651ms step_avg:36.07ms
step:324/1285 train_time:11691ms step_avg:36.08ms
step:325/1285 train_time:11723ms step_avg:36.07ms
step:326/1285 train_time:11760ms step_avg:36.07ms
step:327/1285 train_time:11792ms step_avg:36.06ms
step:328/1285 train_time:11832ms step_avg:36.07ms
step:329/1285 train_time:11864ms step_avg:36.06ms
step:330/1285 train_time:11901ms step_avg:36.06ms
step:331/1285 train_time:11930ms step_avg:36.04ms
step:332/1285 train_time:11965ms step_avg:36.04ms
step:333/1285 train_time:11997ms step_avg:36.03ms
step:334/1285 train_time:12032ms step_avg:36.02ms
step:335/1285 train_time:12065ms step_avg:36.01ms
step:336/1285 train_time:12101ms step_avg:36.02ms
step:337/1285 train_time:12134ms step_avg:36.01ms
step:338/1285 train_time:12168ms step_avg:36.00ms
step:339/1285 train_time:12200ms step_avg:35.99ms
step:340/1285 train_time:12238ms step_avg:35.99ms
step:341/1285 train_time:12270ms step_avg:35.98ms
step:342/1285 train_time:12306ms step_avg:35.98ms
step:343/1285 train_time:12340ms step_avg:35.98ms
step:344/1285 train_time:12375ms step_avg:35.98ms
step:345/1285 train_time:12409ms step_avg:35.97ms
step:346/1285 train_time:12444ms step_avg:35.97ms
step:347/1285 train_time:12479ms step_avg:35.96ms
step:348/1285 train_time:12515ms step_avg:35.96ms
step:349/1285 train_time:12549ms step_avg:35.96ms
step:350/1285 train_time:12584ms step_avg:35.95ms
step:351/1285 train_time:12616ms step_avg:35.94ms
step:352/1285 train_time:12652ms step_avg:35.94ms
step:353/1285 train_time:12687ms step_avg:35.94ms
step:354/1285 train_time:12723ms step_avg:35.94ms
step:355/1285 train_time:12756ms step_avg:35.93ms
step:356/1285 train_time:12794ms step_avg:35.94ms
step:357/1285 train_time:12828ms step_avg:35.93ms
step:358/1285 train_time:12865ms step_avg:35.94ms
step:359/1285 train_time:12897ms step_avg:35.92ms
step:360/1285 train_time:12934ms step_avg:35.93ms
step:361/1285 train_time:12968ms step_avg:35.92ms
step:362/1285 train_time:13005ms step_avg:35.92ms
step:363/1285 train_time:13037ms step_avg:35.91ms
step:364/1285 train_time:13075ms step_avg:35.92ms
step:365/1285 train_time:13107ms step_avg:35.91ms
step:366/1285 train_time:13144ms step_avg:35.91ms
step:367/1285 train_time:13175ms step_avg:35.90ms
step:368/1285 train_time:13210ms step_avg:35.90ms
step:369/1285 train_time:13241ms step_avg:35.88ms
step:370/1285 train_time:13278ms step_avg:35.89ms
step:371/1285 train_time:13310ms step_avg:35.88ms
step:372/1285 train_time:13344ms step_avg:35.87ms
step:373/1285 train_time:13376ms step_avg:35.86ms
step:374/1285 train_time:13411ms step_avg:35.86ms
step:375/1285 train_time:13443ms step_avg:35.85ms
step:376/1285 train_time:13478ms step_avg:35.85ms
step:377/1285 train_time:13512ms step_avg:35.84ms
step:378/1285 train_time:13549ms step_avg:35.84ms
step:379/1285 train_time:13582ms step_avg:35.84ms
step:380/1285 train_time:13619ms step_avg:35.84ms
step:381/1285 train_time:13653ms step_avg:35.83ms
step:382/1285 train_time:13688ms step_avg:35.83ms
step:383/1285 train_time:13721ms step_avg:35.83ms
step:384/1285 train_time:13759ms step_avg:35.83ms
step:385/1285 train_time:13789ms step_avg:35.82ms
step:386/1285 train_time:13826ms step_avg:35.82ms
step:387/1285 train_time:13860ms step_avg:35.81ms
step:388/1285 train_time:13898ms step_avg:35.82ms
step:389/1285 train_time:13931ms step_avg:35.81ms
step:390/1285 train_time:13967ms step_avg:35.81ms
step:391/1285 train_time:13999ms step_avg:35.80ms
step:392/1285 train_time:14038ms step_avg:35.81ms
step:393/1285 train_time:14070ms step_avg:35.80ms
step:394/1285 train_time:14106ms step_avg:35.80ms
step:395/1285 train_time:14138ms step_avg:35.79ms
step:396/1285 train_time:14175ms step_avg:35.79ms
step:397/1285 train_time:14209ms step_avg:35.79ms
step:398/1285 train_time:14248ms step_avg:35.80ms
step:399/1285 train_time:14280ms step_avg:35.79ms
step:400/1285 train_time:14315ms step_avg:35.79ms
step:401/1285 train_time:14349ms step_avg:35.78ms
step:402/1285 train_time:14386ms step_avg:35.79ms
step:403/1285 train_time:14418ms step_avg:35.78ms
step:404/1285 train_time:14456ms step_avg:35.78ms
step:405/1285 train_time:14488ms step_avg:35.77ms
step:406/1285 train_time:14526ms step_avg:35.78ms
step:407/1285 train_time:14559ms step_avg:35.77ms
step:408/1285 train_time:14597ms step_avg:35.78ms
step:409/1285 train_time:14631ms step_avg:35.77ms
step:410/1285 train_time:14668ms step_avg:35.77ms
step:411/1285 train_time:14700ms step_avg:35.77ms
step:412/1285 train_time:14734ms step_avg:35.76ms
step:413/1285 train_time:14766ms step_avg:35.75ms
step:414/1285 train_time:14804ms step_avg:35.76ms
step:415/1285 train_time:14838ms step_avg:35.75ms
step:416/1285 train_time:14875ms step_avg:35.76ms
step:417/1285 train_time:14908ms step_avg:35.75ms
step:418/1285 train_time:14945ms step_avg:35.75ms
step:419/1285 train_time:14976ms step_avg:35.74ms
step:420/1285 train_time:15012ms step_avg:35.74ms
step:421/1285 train_time:15047ms step_avg:35.74ms
step:422/1285 train_time:15084ms step_avg:35.74ms
step:423/1285 train_time:15116ms step_avg:35.74ms
step:424/1285 train_time:15156ms step_avg:35.75ms
step:425/1285 train_time:15190ms step_avg:35.74ms
step:426/1285 train_time:15237ms step_avg:35.77ms
step:427/1285 train_time:15289ms step_avg:35.80ms
step:428/1285 train_time:15350ms step_avg:35.86ms
step:429/1285 train_time:15402ms step_avg:35.90ms
step:430/1285 train_time:15462ms step_avg:35.96ms
step:431/1285 train_time:15515ms step_avg:36.00ms
step:432/1285 train_time:15577ms step_avg:36.06ms
step:433/1285 train_time:15629ms step_avg:36.10ms
step:434/1285 train_time:15692ms step_avg:36.16ms
step:435/1285 train_time:15746ms step_avg:36.20ms
step:436/1285 train_time:15807ms step_avg:36.26ms
step:437/1285 train_time:15861ms step_avg:36.30ms
step:438/1285 train_time:15923ms step_avg:36.35ms
step:439/1285 train_time:15977ms step_avg:36.39ms
step:440/1285 train_time:16040ms step_avg:36.45ms
step:441/1285 train_time:16094ms step_avg:36.49ms
step:442/1285 train_time:16156ms step_avg:36.55ms
step:443/1285 train_time:16208ms step_avg:36.59ms
step:444/1285 train_time:16271ms step_avg:36.65ms
step:445/1285 train_time:16323ms step_avg:36.68ms
step:446/1285 train_time:16384ms step_avg:36.74ms
step:447/1285 train_time:16437ms step_avg:36.77ms
step:448/1285 train_time:16498ms step_avg:36.83ms
step:449/1285 train_time:16550ms step_avg:36.86ms
step:450/1285 train_time:16612ms step_avg:36.92ms
step:451/1285 train_time:16664ms step_avg:36.95ms
step:452/1285 train_time:16726ms step_avg:37.00ms
step:453/1285 train_time:16780ms step_avg:37.04ms
step:454/1285 train_time:16842ms step_avg:37.10ms
step:455/1285 train_time:16895ms step_avg:37.13ms
step:456/1285 train_time:16958ms step_avg:37.19ms
step:457/1285 train_time:17011ms step_avg:37.22ms
step:458/1285 train_time:17074ms step_avg:37.28ms
step:459/1285 train_time:17128ms step_avg:37.32ms
step:460/1285 train_time:17190ms step_avg:37.37ms
step:461/1285 train_time:17242ms step_avg:37.40ms
step:462/1285 train_time:17303ms step_avg:37.45ms
step:463/1285 train_time:17356ms step_avg:37.49ms
step:464/1285 train_time:17418ms step_avg:37.54ms
step:465/1285 train_time:17470ms step_avg:37.57ms
step:466/1285 train_time:17532ms step_avg:37.62ms
step:467/1285 train_time:17585ms step_avg:37.66ms
step:468/1285 train_time:17648ms step_avg:37.71ms
step:469/1285 train_time:17701ms step_avg:37.74ms
step:470/1285 train_time:17764ms step_avg:37.79ms
step:471/1285 train_time:17816ms step_avg:37.83ms
step:472/1285 train_time:17879ms step_avg:37.88ms
step:473/1285 train_time:17932ms step_avg:37.91ms
step:474/1285 train_time:17994ms step_avg:37.96ms
step:475/1285 train_time:18048ms step_avg:38.00ms
step:476/1285 train_time:18110ms step_avg:38.05ms
step:477/1285 train_time:18292ms step_avg:38.35ms
step:478/1285 train_time:18336ms step_avg:38.36ms
step:479/1285 train_time:18376ms step_avg:38.36ms
step:480/1285 train_time:18420ms step_avg:38.38ms
step:481/1285 train_time:18470ms step_avg:38.40ms
step:482/1285 train_time:18533ms step_avg:38.45ms
step:483/1285 train_time:18584ms step_avg:38.48ms
step:484/1285 train_time:18645ms step_avg:38.52ms
step:485/1285 train_time:18698ms step_avg:38.55ms
step:486/1285 train_time:18759ms step_avg:38.60ms
step:487/1285 train_time:18811ms step_avg:38.63ms
step:488/1285 train_time:18872ms step_avg:38.67ms
step:489/1285 train_time:18924ms step_avg:38.70ms
step:490/1285 train_time:18985ms step_avg:38.75ms
step:491/1285 train_time:19037ms step_avg:38.77ms
step:492/1285 train_time:19099ms step_avg:38.82ms
step:493/1285 train_time:19153ms step_avg:38.85ms
step:494/1285 train_time:19221ms step_avg:38.91ms
step:495/1285 train_time:19275ms step_avg:38.94ms
step:496/1285 train_time:19339ms step_avg:38.99ms
step:497/1285 train_time:19392ms step_avg:39.02ms
step:498/1285 train_time:19454ms step_avg:39.06ms
step:499/1285 train_time:19508ms step_avg:39.09ms
step:500/1285 train_time:19571ms step_avg:39.14ms
step:500/1285 val_loss:4.13761234 train_time:19631ms step_avg:39.26ms
step:501/1285 train_time:19669ms step_avg:39.26ms
step:502/1285 train_time:19705ms step_avg:39.25ms
step:503/1285 train_time:19746ms step_avg:39.26ms
step:504/1285 train_time:19808ms step_avg:39.30ms
step:505/1285 train_time:19865ms step_avg:39.34ms
step:506/1285 train_time:19929ms step_avg:39.39ms
step:507/1285 train_time:19983ms step_avg:39.41ms
step:508/1285 train_time:20044ms step_avg:39.46ms
step:509/1285 train_time:20096ms step_avg:39.48ms
step:510/1285 train_time:20158ms step_avg:39.52ms
step:511/1285 train_time:20210ms step_avg:39.55ms
step:512/1285 train_time:20271ms step_avg:39.59ms
step:513/1285 train_time:20323ms step_avg:39.62ms
step:514/1285 train_time:20384ms step_avg:39.66ms
step:515/1285 train_time:20435ms step_avg:39.68ms
step:516/1285 train_time:20497ms step_avg:39.72ms
step:517/1285 train_time:20549ms step_avg:39.75ms
step:518/1285 train_time:20612ms step_avg:39.79ms
step:519/1285 train_time:20666ms step_avg:39.82ms
step:520/1285 train_time:20729ms step_avg:39.86ms
step:521/1285 train_time:20783ms step_avg:39.89ms
step:522/1285 train_time:20846ms step_avg:39.93ms
step:523/1285 train_time:20899ms step_avg:39.96ms
step:524/1285 train_time:20961ms step_avg:40.00ms
step:525/1285 train_time:21014ms step_avg:40.03ms
step:526/1285 train_time:21076ms step_avg:40.07ms
step:527/1285 train_time:21129ms step_avg:40.09ms
step:528/1285 train_time:21189ms step_avg:40.13ms
step:529/1285 train_time:21242ms step_avg:40.16ms
step:530/1285 train_time:21304ms step_avg:40.20ms
step:531/1285 train_time:21356ms step_avg:40.22ms
step:532/1285 train_time:21418ms step_avg:40.26ms
step:533/1285 train_time:21471ms step_avg:40.28ms
step:534/1285 train_time:21532ms step_avg:40.32ms
step:535/1285 train_time:21584ms step_avg:40.34ms
step:536/1285 train_time:21646ms step_avg:40.38ms
step:537/1285 train_time:21699ms step_avg:40.41ms
step:538/1285 train_time:21761ms step_avg:40.45ms
step:539/1285 train_time:21815ms step_avg:40.47ms
step:540/1285 train_time:21878ms step_avg:40.51ms
step:541/1285 train_time:21930ms step_avg:40.54ms
step:542/1285 train_time:21992ms step_avg:40.58ms
step:543/1285 train_time:22045ms step_avg:40.60ms
step:544/1285 train_time:22107ms step_avg:40.64ms
step:545/1285 train_time:22159ms step_avg:40.66ms
step:546/1285 train_time:22222ms step_avg:40.70ms
step:547/1285 train_time:22274ms step_avg:40.72ms
step:548/1285 train_time:22336ms step_avg:40.76ms
step:549/1285 train_time:22387ms step_avg:40.78ms
step:550/1285 train_time:22448ms step_avg:40.82ms
step:551/1285 train_time:22501ms step_avg:40.84ms
step:552/1285 train_time:22563ms step_avg:40.87ms
step:553/1285 train_time:22615ms step_avg:40.90ms
step:554/1285 train_time:22678ms step_avg:40.94ms
step:555/1285 train_time:22731ms step_avg:40.96ms
step:556/1285 train_time:22794ms step_avg:41.00ms
step:557/1285 train_time:22847ms step_avg:41.02ms
step:558/1285 train_time:22909ms step_avg:41.06ms
step:559/1285 train_time:22962ms step_avg:41.08ms
step:560/1285 train_time:23025ms step_avg:41.12ms
step:561/1285 train_time:23077ms step_avg:41.14ms
step:562/1285 train_time:23139ms step_avg:41.17ms
step:563/1285 train_time:23192ms step_avg:41.19ms
step:564/1285 train_time:23254ms step_avg:41.23ms
step:565/1285 train_time:23306ms step_avg:41.25ms
step:566/1285 train_time:23367ms step_avg:41.29ms
step:567/1285 train_time:23420ms step_avg:41.30ms
step:568/1285 train_time:23481ms step_avg:41.34ms
step:569/1285 train_time:23533ms step_avg:41.36ms
step:570/1285 train_time:23595ms step_avg:41.39ms
step:571/1285 train_time:23647ms step_avg:41.41ms
step:572/1285 train_time:23709ms step_avg:41.45ms
step:573/1285 train_time:23762ms step_avg:41.47ms
step:574/1285 train_time:23824ms step_avg:41.51ms
step:575/1285 train_time:23877ms step_avg:41.53ms
step:576/1285 train_time:23940ms step_avg:41.56ms
step:577/1285 train_time:23992ms step_avg:41.58ms
step:578/1285 train_time:24054ms step_avg:41.62ms
step:579/1285 train_time:24107ms step_avg:41.63ms
step:580/1285 train_time:24168ms step_avg:41.67ms
step:581/1285 train_time:24221ms step_avg:41.69ms
step:582/1285 train_time:24285ms step_avg:41.73ms
step:583/1285 train_time:24336ms step_avg:41.74ms
step:584/1285 train_time:24398ms step_avg:41.78ms
step:585/1285 train_time:24450ms step_avg:41.79ms
step:586/1285 train_time:24513ms step_avg:41.83ms
step:587/1285 train_time:24565ms step_avg:41.85ms
step:588/1285 train_time:24627ms step_avg:41.88ms
step:589/1285 train_time:24679ms step_avg:41.90ms
step:590/1285 train_time:24741ms step_avg:41.93ms
step:591/1285 train_time:24794ms step_avg:41.95ms
step:592/1285 train_time:24857ms step_avg:41.99ms
step:593/1285 train_time:24910ms step_avg:42.01ms
step:594/1285 train_time:24971ms step_avg:42.04ms
step:595/1285 train_time:25024ms step_avg:42.06ms
step:596/1285 train_time:25086ms step_avg:42.09ms
step:597/1285 train_time:25139ms step_avg:42.11ms
step:598/1285 train_time:25201ms step_avg:42.14ms
step:599/1285 train_time:25253ms step_avg:42.16ms
step:600/1285 train_time:25316ms step_avg:42.19ms
step:601/1285 train_time:25368ms step_avg:42.21ms
step:602/1285 train_time:25430ms step_avg:42.24ms
step:603/1285 train_time:25483ms step_avg:42.26ms
step:604/1285 train_time:25544ms step_avg:42.29ms
step:605/1285 train_time:25597ms step_avg:42.31ms
step:606/1285 train_time:25658ms step_avg:42.34ms
step:607/1285 train_time:25711ms step_avg:42.36ms
step:608/1285 train_time:25773ms step_avg:42.39ms
step:609/1285 train_time:25826ms step_avg:42.41ms
step:610/1285 train_time:25887ms step_avg:42.44ms
step:611/1285 train_time:25940ms step_avg:42.46ms
step:612/1285 train_time:26002ms step_avg:42.49ms
step:613/1285 train_time:26055ms step_avg:42.50ms
step:614/1285 train_time:26118ms step_avg:42.54ms
step:615/1285 train_time:26171ms step_avg:42.55ms
step:616/1285 train_time:26233ms step_avg:42.59ms
step:617/1285 train_time:26285ms step_avg:42.60ms
step:618/1285 train_time:26347ms step_avg:42.63ms
step:619/1285 train_time:26400ms step_avg:42.65ms
step:620/1285 train_time:26462ms step_avg:42.68ms
step:621/1285 train_time:26515ms step_avg:42.70ms
step:622/1285 train_time:26577ms step_avg:42.73ms
step:623/1285 train_time:26630ms step_avg:42.74ms
step:624/1285 train_time:26692ms step_avg:42.78ms
step:625/1285 train_time:26745ms step_avg:42.79ms
step:626/1285 train_time:26806ms step_avg:42.82ms
step:627/1285 train_time:26860ms step_avg:42.84ms
step:628/1285 train_time:26922ms step_avg:42.87ms
step:629/1285 train_time:26974ms step_avg:42.88ms
step:630/1285 train_time:27037ms step_avg:42.92ms
step:631/1285 train_time:27089ms step_avg:42.93ms
step:632/1285 train_time:27151ms step_avg:42.96ms
step:633/1285 train_time:27204ms step_avg:42.98ms
step:634/1285 train_time:27266ms step_avg:43.01ms
step:635/1285 train_time:27319ms step_avg:43.02ms
step:636/1285 train_time:27380ms step_avg:43.05ms
step:637/1285 train_time:27433ms step_avg:43.07ms
step:638/1285 train_time:27494ms step_avg:43.09ms
step:639/1285 train_time:27547ms step_avg:43.11ms
step:640/1285 train_time:27608ms step_avg:43.14ms
step:641/1285 train_time:27661ms step_avg:43.15ms
step:642/1285 train_time:27723ms step_avg:43.18ms
step:643/1285 train_time:27776ms step_avg:43.20ms
step:644/1285 train_time:27839ms step_avg:43.23ms
step:645/1285 train_time:27892ms step_avg:43.24ms
step:646/1285 train_time:27953ms step_avg:43.27ms
step:647/1285 train_time:28005ms step_avg:43.28ms
step:648/1285 train_time:28069ms step_avg:43.32ms
step:649/1285 train_time:28120ms step_avg:43.33ms
step:650/1285 train_time:28182ms step_avg:43.36ms
step:651/1285 train_time:28235ms step_avg:43.37ms
step:652/1285 train_time:28297ms step_avg:43.40ms
step:653/1285 train_time:28350ms step_avg:43.42ms
step:654/1285 train_time:28412ms step_avg:43.44ms
step:655/1285 train_time:28464ms step_avg:43.46ms
step:656/1285 train_time:28526ms step_avg:43.48ms
step:657/1285 train_time:28578ms step_avg:43.50ms
step:658/1285 train_time:28640ms step_avg:43.53ms
step:659/1285 train_time:28692ms step_avg:43.54ms
step:660/1285 train_time:28755ms step_avg:43.57ms
step:661/1285 train_time:28808ms step_avg:43.58ms
step:662/1285 train_time:28870ms step_avg:43.61ms
step:663/1285 train_time:28923ms step_avg:43.62ms
step:664/1285 train_time:28985ms step_avg:43.65ms
step:665/1285 train_time:29037ms step_avg:43.66ms
step:666/1285 train_time:29099ms step_avg:43.69ms
step:667/1285 train_time:29151ms step_avg:43.70ms
step:668/1285 train_time:29214ms step_avg:43.73ms
step:669/1285 train_time:29266ms step_avg:43.75ms
step:670/1285 train_time:29327ms step_avg:43.77ms
step:671/1285 train_time:29381ms step_avg:43.79ms
step:672/1285 train_time:29442ms step_avg:43.81ms
step:673/1285 train_time:29495ms step_avg:43.83ms
step:674/1285 train_time:29557ms step_avg:43.85ms
step:675/1285 train_time:29610ms step_avg:43.87ms
step:676/1285 train_time:29672ms step_avg:43.89ms
step:677/1285 train_time:29724ms step_avg:43.91ms
step:678/1285 train_time:29785ms step_avg:43.93ms
step:679/1285 train_time:29839ms step_avg:43.95ms
step:680/1285 train_time:29901ms step_avg:43.97ms
step:681/1285 train_time:29954ms step_avg:43.99ms
step:682/1285 train_time:30018ms step_avg:44.01ms
step:683/1285 train_time:30069ms step_avg:44.03ms
step:684/1285 train_time:30132ms step_avg:44.05ms
step:685/1285 train_time:30183ms step_avg:44.06ms
step:686/1285 train_time:30246ms step_avg:44.09ms
step:687/1285 train_time:30297ms step_avg:44.10ms
step:688/1285 train_time:30360ms step_avg:44.13ms
step:689/1285 train_time:30413ms step_avg:44.14ms
step:690/1285 train_time:30475ms step_avg:44.17ms
step:691/1285 train_time:30527ms step_avg:44.18ms
step:692/1285 train_time:30590ms step_avg:44.20ms
step:693/1285 train_time:30642ms step_avg:44.22ms
step:694/1285 train_time:30704ms step_avg:44.24ms
step:695/1285 train_time:30757ms step_avg:44.25ms
step:696/1285 train_time:30819ms step_avg:44.28ms
step:697/1285 train_time:30871ms step_avg:44.29ms
step:698/1285 train_time:30934ms step_avg:44.32ms
step:699/1285 train_time:30986ms step_avg:44.33ms
step:700/1285 train_time:31048ms step_avg:44.35ms
step:701/1285 train_time:31099ms step_avg:44.36ms
step:702/1285 train_time:31162ms step_avg:44.39ms
step:703/1285 train_time:31215ms step_avg:44.40ms
step:704/1285 train_time:31277ms step_avg:44.43ms
step:705/1285 train_time:31330ms step_avg:44.44ms
step:706/1285 train_time:31393ms step_avg:44.47ms
step:707/1285 train_time:31445ms step_avg:44.48ms
step:708/1285 train_time:31506ms step_avg:44.50ms
step:709/1285 train_time:31559ms step_avg:44.51ms
step:710/1285 train_time:31622ms step_avg:44.54ms
step:711/1285 train_time:31674ms step_avg:44.55ms
step:712/1285 train_time:31737ms step_avg:44.57ms
step:713/1285 train_time:31789ms step_avg:44.58ms
step:714/1285 train_time:31851ms step_avg:44.61ms
step:715/1285 train_time:31903ms step_avg:44.62ms
step:716/1285 train_time:31965ms step_avg:44.64ms
step:717/1285 train_time:32018ms step_avg:44.66ms
step:718/1285 train_time:32081ms step_avg:44.68ms
step:719/1285 train_time:32134ms step_avg:44.69ms
step:720/1285 train_time:32195ms step_avg:44.71ms
step:721/1285 train_time:32247ms step_avg:44.73ms
step:722/1285 train_time:32310ms step_avg:44.75ms
step:723/1285 train_time:32362ms step_avg:44.76ms
step:724/1285 train_time:32425ms step_avg:44.79ms
step:725/1285 train_time:32477ms step_avg:44.80ms
step:726/1285 train_time:32541ms step_avg:44.82ms
step:727/1285 train_time:32591ms step_avg:44.83ms
step:728/1285 train_time:32652ms step_avg:44.85ms
step:729/1285 train_time:32705ms step_avg:44.86ms
step:730/1285 train_time:32768ms step_avg:44.89ms
step:731/1285 train_time:32820ms step_avg:44.90ms
step:732/1285 train_time:32882ms step_avg:44.92ms
step:733/1285 train_time:32935ms step_avg:44.93ms
step:734/1285 train_time:32998ms step_avg:44.96ms
step:735/1285 train_time:33050ms step_avg:44.97ms
step:736/1285 train_time:33112ms step_avg:44.99ms
step:737/1285 train_time:33164ms step_avg:45.00ms
step:738/1285 train_time:33227ms step_avg:45.02ms
step:739/1285 train_time:33280ms step_avg:45.03ms
step:740/1285 train_time:33342ms step_avg:45.06ms
step:741/1285 train_time:33394ms step_avg:45.07ms
step:742/1285 train_time:33456ms step_avg:45.09ms
step:743/1285 train_time:33509ms step_avg:45.10ms
step:744/1285 train_time:33571ms step_avg:45.12ms
step:745/1285 train_time:33624ms step_avg:45.13ms
step:746/1285 train_time:33685ms step_avg:45.15ms
step:747/1285 train_time:33738ms step_avg:45.16ms
step:748/1285 train_time:33800ms step_avg:45.19ms
step:749/1285 train_time:33852ms step_avg:45.20ms
step:750/1285 train_time:33915ms step_avg:45.22ms
step:750/1285 val_loss:3.68243170 train_time:33976ms step_avg:45.30ms
step:751/1285 train_time:34015ms step_avg:45.29ms
step:752/1285 train_time:34056ms step_avg:45.29ms
step:753/1285 train_time:34091ms step_avg:45.27ms
step:754/1285 train_time:34154ms step_avg:45.30ms
step:755/1285 train_time:34209ms step_avg:45.31ms
step:756/1285 train_time:34273ms step_avg:45.33ms
step:757/1285 train_time:34325ms step_avg:45.34ms
step:758/1285 train_time:34387ms step_avg:45.37ms
step:759/1285 train_time:34439ms step_avg:45.37ms
step:760/1285 train_time:34500ms step_avg:45.39ms
step:761/1285 train_time:34552ms step_avg:45.40ms
step:762/1285 train_time:34614ms step_avg:45.42ms
step:763/1285 train_time:34666ms step_avg:45.43ms
step:764/1285 train_time:34727ms step_avg:45.45ms
step:765/1285 train_time:34779ms step_avg:45.46ms
step:766/1285 train_time:34841ms step_avg:45.48ms
step:767/1285 train_time:34896ms step_avg:45.50ms
step:768/1285 train_time:34960ms step_avg:45.52ms
step:769/1285 train_time:35013ms step_avg:45.53ms
step:770/1285 train_time:35076ms step_avg:45.55ms
step:771/1285 train_time:35130ms step_avg:45.56ms
step:772/1285 train_time:35192ms step_avg:45.59ms
step:773/1285 train_time:35244ms step_avg:45.59ms
step:774/1285 train_time:35307ms step_avg:45.62ms
step:775/1285 train_time:35359ms step_avg:45.62ms
step:776/1285 train_time:35421ms step_avg:45.65ms
step:777/1285 train_time:35474ms step_avg:45.65ms
step:778/1285 train_time:35535ms step_avg:45.67ms
step:779/1285 train_time:35587ms step_avg:45.68ms
step:780/1285 train_time:35649ms step_avg:45.70ms
step:781/1285 train_time:35700ms step_avg:45.71ms
step:782/1285 train_time:35763ms step_avg:45.73ms
step:783/1285 train_time:35814ms step_avg:45.74ms
step:784/1285 train_time:35876ms step_avg:45.76ms
step:785/1285 train_time:35929ms step_avg:45.77ms
step:786/1285 train_time:35991ms step_avg:45.79ms
step:787/1285 train_time:36045ms step_avg:45.80ms
step:788/1285 train_time:36108ms step_avg:45.82ms
step:789/1285 train_time:36161ms step_avg:45.83ms
step:790/1285 train_time:36224ms step_avg:45.85ms
step:791/1285 train_time:36276ms step_avg:45.86ms
step:792/1285 train_time:36338ms step_avg:45.88ms
step:793/1285 train_time:36391ms step_avg:45.89ms
step:794/1285 train_time:36530ms step_avg:46.01ms
step:795/1285 train_time:36571ms step_avg:46.00ms
step:796/1285 train_time:36657ms step_avg:46.05ms
step:797/1285 train_time:36708ms step_avg:46.06ms
step:798/1285 train_time:36770ms step_avg:46.08ms
step:799/1285 train_time:36821ms step_avg:46.08ms
step:800/1285 train_time:36883ms step_avg:46.10ms
step:801/1285 train_time:36934ms step_avg:46.11ms
step:802/1285 train_time:36995ms step_avg:46.13ms
step:803/1285 train_time:37046ms step_avg:46.13ms
step:804/1285 train_time:37108ms step_avg:46.15ms
step:805/1285 train_time:37160ms step_avg:46.16ms
step:806/1285 train_time:37221ms step_avg:46.18ms
step:807/1285 train_time:37273ms step_avg:46.19ms
step:808/1285 train_time:37335ms step_avg:46.21ms
step:809/1285 train_time:37387ms step_avg:46.21ms
step:810/1285 train_time:37448ms step_avg:46.23ms
step:811/1285 train_time:37508ms step_avg:46.25ms
step:812/1285 train_time:37574ms step_avg:46.27ms
step:813/1285 train_time:37629ms step_avg:46.28ms
step:814/1285 train_time:37690ms step_avg:46.30ms
step:815/1285 train_time:37743ms step_avg:46.31ms
step:816/1285 train_time:37806ms step_avg:46.33ms
step:817/1285 train_time:37858ms step_avg:46.34ms
step:818/1285 train_time:37921ms step_avg:46.36ms
step:819/1285 train_time:37972ms step_avg:46.36ms
step:820/1285 train_time:38034ms step_avg:46.38ms
step:821/1285 train_time:38086ms step_avg:46.39ms
step:822/1285 train_time:38148ms step_avg:46.41ms
step:823/1285 train_time:38200ms step_avg:46.42ms
step:824/1285 train_time:38261ms step_avg:46.43ms
step:825/1285 train_time:38312ms step_avg:46.44ms
step:826/1285 train_time:38375ms step_avg:46.46ms
step:827/1285 train_time:38428ms step_avg:46.47ms
step:828/1285 train_time:38491ms step_avg:46.49ms
step:829/1285 train_time:38545ms step_avg:46.50ms
step:830/1285 train_time:38608ms step_avg:46.52ms
step:831/1285 train_time:38661ms step_avg:46.52ms
step:832/1285 train_time:38724ms step_avg:46.54ms
step:833/1285 train_time:38776ms step_avg:46.55ms
step:834/1285 train_time:38839ms step_avg:46.57ms
step:835/1285 train_time:38891ms step_avg:46.58ms
step:836/1285 train_time:38952ms step_avg:46.59ms
step:837/1285 train_time:39004ms step_avg:46.60ms
step:838/1285 train_time:39066ms step_avg:46.62ms
step:839/1285 train_time:39119ms step_avg:46.63ms
step:840/1285 train_time:39182ms step_avg:46.64ms
step:841/1285 train_time:39233ms step_avg:46.65ms
step:842/1285 train_time:39294ms step_avg:46.67ms
step:843/1285 train_time:39346ms step_avg:46.67ms
step:844/1285 train_time:39409ms step_avg:46.69ms
step:845/1285 train_time:39462ms step_avg:46.70ms
step:846/1285 train_time:39526ms step_avg:46.72ms
step:847/1285 train_time:39580ms step_avg:46.73ms
step:848/1285 train_time:39644ms step_avg:46.75ms
step:849/1285 train_time:39725ms step_avg:46.79ms
step:850/1285 train_time:39814ms step_avg:46.84ms
step:851/1285 train_time:39892ms step_avg:46.88ms
step:852/1285 train_time:39979ms step_avg:46.92ms
step:853/1285 train_time:40055ms step_avg:46.96ms
step:854/1285 train_time:40142ms step_avg:47.00ms
step:855/1285 train_time:40219ms step_avg:47.04ms
step:856/1285 train_time:40307ms step_avg:47.09ms
step:857/1285 train_time:40386ms step_avg:47.13ms
step:858/1285 train_time:40475ms step_avg:47.17ms
step:859/1285 train_time:40554ms step_avg:47.21ms
step:860/1285 train_time:40641ms step_avg:47.26ms
step:861/1285 train_time:40719ms step_avg:47.29ms
step:862/1285 train_time:40809ms step_avg:47.34ms
step:863/1285 train_time:40888ms step_avg:47.38ms
step:864/1285 train_time:40975ms step_avg:47.42ms
step:865/1285 train_time:41053ms step_avg:47.46ms
step:866/1285 train_time:41139ms step_avg:47.50ms
step:867/1285 train_time:41216ms step_avg:47.54ms
step:868/1285 train_time:41302ms step_avg:47.58ms
step:869/1285 train_time:41382ms step_avg:47.62ms
step:870/1285 train_time:41471ms step_avg:47.67ms
step:871/1285 train_time:41550ms step_avg:47.70ms
step:872/1285 train_time:41637ms step_avg:47.75ms
step:873/1285 train_time:41716ms step_avg:47.78ms
step:874/1285 train_time:41804ms step_avg:47.83ms
step:875/1285 train_time:41884ms step_avg:47.87ms
step:876/1285 train_time:41972ms step_avg:47.91ms
step:877/1285 train_time:42051ms step_avg:47.95ms
step:878/1285 train_time:42137ms step_avg:47.99ms
step:879/1285 train_time:42215ms step_avg:48.03ms
step:880/1285 train_time:42301ms step_avg:48.07ms
step:881/1285 train_time:42379ms step_avg:48.10ms
step:882/1285 train_time:42468ms step_avg:48.15ms
step:883/1285 train_time:42547ms step_avg:48.19ms
step:884/1285 train_time:42635ms step_avg:48.23ms
step:885/1285 train_time:42713ms step_avg:48.26ms
step:886/1285 train_time:42801ms step_avg:48.31ms
step:887/1285 train_time:42879ms step_avg:48.34ms
step:888/1285 train_time:42968ms step_avg:48.39ms
step:889/1285 train_time:43047ms step_avg:48.42ms
step:890/1285 train_time:43133ms step_avg:48.46ms
step:891/1285 train_time:43212ms step_avg:48.50ms
step:892/1285 train_time:43298ms step_avg:48.54ms
step:893/1285 train_time:43375ms step_avg:48.57ms
step:894/1285 train_time:43464ms step_avg:48.62ms
step:895/1285 train_time:43543ms step_avg:48.65ms
step:896/1285 train_time:43631ms step_avg:48.69ms
step:897/1285 train_time:43710ms step_avg:48.73ms
step:898/1285 train_time:43798ms step_avg:48.77ms
step:899/1285 train_time:43876ms step_avg:48.81ms
step:900/1285 train_time:43963ms step_avg:48.85ms
step:901/1285 train_time:44042ms step_avg:48.88ms
step:902/1285 train_time:44129ms step_avg:48.92ms
step:903/1285 train_time:44209ms step_avg:48.96ms
step:904/1285 train_time:44296ms step_avg:49.00ms
step:905/1285 train_time:44374ms step_avg:49.03ms
step:906/1285 train_time:44461ms step_avg:49.07ms
step:907/1285 train_time:44538ms step_avg:49.10ms
step:908/1285 train_time:44626ms step_avg:49.15ms
step:909/1285 train_time:44706ms step_avg:49.18ms
step:910/1285 train_time:44794ms step_avg:49.22ms
step:911/1285 train_time:44872ms step_avg:49.26ms
step:912/1285 train_time:44960ms step_avg:49.30ms
step:913/1285 train_time:45039ms step_avg:49.33ms
step:914/1285 train_time:45126ms step_avg:49.37ms
step:915/1285 train_time:45205ms step_avg:49.40ms
step:916/1285 train_time:45292ms step_avg:49.45ms
step:917/1285 train_time:45370ms step_avg:49.48ms
step:918/1285 train_time:45457ms step_avg:49.52ms
step:919/1285 train_time:45534ms step_avg:49.55ms
step:920/1285 train_time:45621ms step_avg:49.59ms
step:921/1285 train_time:45699ms step_avg:49.62ms
step:922/1285 train_time:45790ms step_avg:49.66ms
step:923/1285 train_time:45869ms step_avg:49.70ms
step:924/1285 train_time:45957ms step_avg:49.74ms
step:925/1285 train_time:46035ms step_avg:49.77ms
step:926/1285 train_time:46122ms step_avg:49.81ms
step:927/1285 train_time:46200ms step_avg:49.84ms
step:928/1285 train_time:46288ms step_avg:49.88ms
step:929/1285 train_time:46367ms step_avg:49.91ms
step:930/1285 train_time:46454ms step_avg:49.95ms
step:931/1285 train_time:46533ms step_avg:49.98ms
step:932/1285 train_time:46619ms step_avg:50.02ms
step:933/1285 train_time:46696ms step_avg:50.05ms
step:934/1285 train_time:46785ms step_avg:50.09ms
step:935/1285 train_time:46865ms step_avg:50.12ms
step:936/1285 train_time:46953ms step_avg:50.16ms
step:937/1285 train_time:47032ms step_avg:50.19ms
step:938/1285 train_time:47118ms step_avg:50.23ms
step:939/1285 train_time:47197ms step_avg:50.26ms
step:940/1285 train_time:47284ms step_avg:50.30ms
step:941/1285 train_time:47365ms step_avg:50.33ms
step:942/1285 train_time:47453ms step_avg:50.37ms
step:943/1285 train_time:47530ms step_avg:50.40ms
step:944/1285 train_time:47618ms step_avg:50.44ms
step:945/1285 train_time:47695ms step_avg:50.47ms
step:946/1285 train_time:47782ms step_avg:50.51ms
step:947/1285 train_time:47860ms step_avg:50.54ms
step:948/1285 train_time:47950ms step_avg:50.58ms
step:949/1285 train_time:48028ms step_avg:50.61ms
step:950/1285 train_time:48116ms step_avg:50.65ms
step:951/1285 train_time:48193ms step_avg:50.68ms
step:952/1285 train_time:48280ms step_avg:50.71ms
step:953/1285 train_time:48359ms step_avg:50.74ms
step:954/1285 train_time:48449ms step_avg:50.79ms
step:955/1285 train_time:48527ms step_avg:50.81ms
step:956/1285 train_time:48616ms step_avg:50.85ms
step:957/1285 train_time:48692ms step_avg:50.88ms
step:958/1285 train_time:48780ms step_avg:50.92ms
step:959/1285 train_time:48857ms step_avg:50.95ms
step:960/1285 train_time:48945ms step_avg:50.98ms
step:961/1285 train_time:49025ms step_avg:51.01ms
step:962/1285 train_time:49112ms step_avg:51.05ms
step:963/1285 train_time:49191ms step_avg:51.08ms
step:964/1285 train_time:49278ms step_avg:51.12ms
step:965/1285 train_time:49357ms step_avg:51.15ms
step:966/1285 train_time:49444ms step_avg:51.18ms
step:967/1285 train_time:49522ms step_avg:51.21ms
step:968/1285 train_time:49610ms step_avg:51.25ms
step:969/1285 train_time:49688ms step_avg:51.28ms
step:970/1285 train_time:49775ms step_avg:51.31ms
step:971/1285 train_time:49853ms step_avg:51.34ms
step:972/1285 train_time:49939ms step_avg:51.38ms
step:973/1285 train_time:50018ms step_avg:51.41ms
step:974/1285 train_time:50108ms step_avg:51.45ms
step:975/1285 train_time:50187ms step_avg:51.47ms
step:976/1285 train_time:50274ms step_avg:51.51ms
step:977/1285 train_time:50353ms step_avg:51.54ms
step:978/1285 train_time:50440ms step_avg:51.58ms
step:979/1285 train_time:50517ms step_avg:51.60ms
step:980/1285 train_time:50604ms step_avg:51.64ms
step:981/1285 train_time:50685ms step_avg:51.67ms
step:982/1285 train_time:50773ms step_avg:51.70ms
step:983/1285 train_time:50852ms step_avg:51.73ms
step:984/1285 train_time:50938ms step_avg:51.77ms
step:985/1285 train_time:51016ms step_avg:51.79ms
step:986/1285 train_time:51103ms step_avg:51.83ms
step:987/1285 train_time:51181ms step_avg:51.85ms
step:988/1285 train_time:51269ms step_avg:51.89ms
step:989/1285 train_time:51349ms step_avg:51.92ms
step:990/1285 train_time:51436ms step_avg:51.96ms
step:991/1285 train_time:51514ms step_avg:51.98ms
step:992/1285 train_time:51600ms step_avg:52.02ms
step:993/1285 train_time:51678ms step_avg:52.04ms
step:994/1285 train_time:51768ms step_avg:52.08ms
step:995/1285 train_time:51847ms step_avg:52.11ms
step:996/1285 train_time:51934ms step_avg:52.14ms
step:997/1285 train_time:52012ms step_avg:52.17ms
step:998/1285 train_time:52099ms step_avg:52.20ms
step:999/1285 train_time:52176ms step_avg:52.23ms
step:1000/1285 train_time:52263ms step_avg:52.26ms
step:1000/1285 val_loss:3.41636896 train_time:52352ms step_avg:52.35ms
step:1001/1285 train_time:52389ms step_avg:52.34ms
step:1002/1285 train_time:52439ms step_avg:52.33ms
step:1003/1285 train_time:52523ms step_avg:52.37ms
step:1004/1285 train_time:52609ms step_avg:52.40ms
step:1005/1285 train_time:52686ms step_avg:52.42ms
step:1006/1285 train_time:52773ms step_avg:52.46ms
step:1007/1285 train_time:52851ms step_avg:52.48ms
step:1008/1285 train_time:52938ms step_avg:52.52ms
step:1009/1285 train_time:53016ms step_avg:52.54ms
step:1010/1285 train_time:53102ms step_avg:52.58ms
step:1011/1285 train_time:53179ms step_avg:52.60ms
step:1012/1285 train_time:53264ms step_avg:52.63ms
step:1013/1285 train_time:53344ms step_avg:52.66ms
step:1014/1285 train_time:53435ms step_avg:52.70ms
step:1015/1285 train_time:53517ms step_avg:52.73ms
step:1016/1285 train_time:53605ms step_avg:52.76ms
step:1017/1285 train_time:53683ms step_avg:52.79ms
step:1018/1285 train_time:53769ms step_avg:52.82ms
step:1019/1285 train_time:53847ms step_avg:52.84ms
step:1020/1285 train_time:53933ms step_avg:52.88ms
step:1021/1285 train_time:54010ms step_avg:52.90ms
step:1022/1285 train_time:54097ms step_avg:52.93ms
step:1023/1285 train_time:54174ms step_avg:52.96ms
step:1024/1285 train_time:54262ms step_avg:52.99ms
step:1025/1285 train_time:54342ms step_avg:53.02ms
step:1026/1285 train_time:54469ms step_avg:53.09ms
step:1027/1285 train_time:54510ms step_avg:53.08ms
step:1028/1285 train_time:54599ms step_avg:53.11ms
step:1029/1285 train_time:54677ms step_avg:53.14ms
step:1030/1285 train_time:54765ms step_avg:53.17ms
step:1031/1285 train_time:54843ms step_avg:53.19ms
step:1032/1285 train_time:54929ms step_avg:53.23ms
step:1033/1285 train_time:55006ms step_avg:53.25ms
step:1034/1285 train_time:55092ms step_avg:53.28ms
step:1035/1285 train_time:55169ms step_avg:53.30ms
step:1036/1285 train_time:55257ms step_avg:53.34ms
step:1037/1285 train_time:55338ms step_avg:53.36ms
step:1038/1285 train_time:55426ms step_avg:53.40ms
step:1039/1285 train_time:55505ms step_avg:53.42ms
step:1040/1285 train_time:55591ms step_avg:53.45ms
step:1041/1285 train_time:55669ms step_avg:53.48ms
step:1042/1285 train_time:55759ms step_avg:53.51ms
step:1043/1285 train_time:55838ms step_avg:53.54ms
step:1044/1285 train_time:55923ms step_avg:53.57ms
step:1045/1285 train_time:56002ms step_avg:53.59ms
step:1046/1285 train_time:56089ms step_avg:53.62ms
step:1047/1285 train_time:56165ms step_avg:53.64ms
step:1048/1285 train_time:56251ms step_avg:53.67ms
step:1049/1285 train_time:56330ms step_avg:53.70ms
step:1050/1285 train_time:56419ms step_avg:53.73ms
step:1051/1285 train_time:56499ms step_avg:53.76ms
step:1052/1285 train_time:56585ms step_avg:53.79ms
step:1053/1285 train_time:56664ms step_avg:53.81ms
step:1054/1285 train_time:56751ms step_avg:53.84ms
step:1055/1285 train_time:56830ms step_avg:53.87ms
step:1056/1285 train_time:56917ms step_avg:53.90ms
step:1057/1285 train_time:56997ms step_avg:53.92ms
step:1058/1285 train_time:57083ms step_avg:53.95ms
step:1059/1285 train_time:57162ms step_avg:53.98ms
step:1060/1285 train_time:57248ms step_avg:54.01ms
step:1061/1285 train_time:57326ms step_avg:54.03ms
step:1062/1285 train_time:57413ms step_avg:54.06ms
step:1063/1285 train_time:57492ms step_avg:54.09ms
step:1064/1285 train_time:57581ms step_avg:54.12ms
step:1065/1285 train_time:57659ms step_avg:54.14ms
step:1066/1285 train_time:57748ms step_avg:54.17ms
step:1067/1285 train_time:57825ms step_avg:54.19ms
step:1068/1285 train_time:57912ms step_avg:54.22ms
step:1069/1285 train_time:57990ms step_avg:54.25ms
step:1070/1285 train_time:58078ms step_avg:54.28ms
step:1071/1285 train_time:58157ms step_avg:54.30ms
step:1072/1285 train_time:58245ms step_avg:54.33ms
step:1073/1285 train_time:58322ms step_avg:54.35ms
step:1074/1285 train_time:58409ms step_avg:54.38ms
step:1075/1285 train_time:58487ms step_avg:54.41ms
step:1076/1285 train_time:58574ms step_avg:54.44ms
step:1077/1285 train_time:58653ms step_avg:54.46ms
step:1078/1285 train_time:58742ms step_avg:54.49ms
step:1079/1285 train_time:58819ms step_avg:54.51ms
step:1080/1285 train_time:58908ms step_avg:54.54ms
step:1081/1285 train_time:58986ms step_avg:54.57ms
step:1082/1285 train_time:59073ms step_avg:54.60ms
step:1083/1285 train_time:59151ms step_avg:54.62ms
step:1084/1285 train_time:59238ms step_avg:54.65ms
step:1085/1285 train_time:59317ms step_avg:54.67ms
step:1086/1285 train_time:59404ms step_avg:54.70ms
step:1087/1285 train_time:59482ms step_avg:54.72ms
step:1088/1285 train_time:59569ms step_avg:54.75ms
step:1089/1285 train_time:59648ms step_avg:54.77ms
step:1090/1285 train_time:59736ms step_avg:54.80ms
step:1091/1285 train_time:59815ms step_avg:54.83ms
step:1092/1285 train_time:59902ms step_avg:54.86ms
step:1093/1285 train_time:59981ms step_avg:54.88ms
step:1094/1285 train_time:60068ms step_avg:54.91ms
step:1095/1285 train_time:60146ms step_avg:54.93ms
step:1096/1285 train_time:60231ms step_avg:54.96ms
step:1097/1285 train_time:60309ms step_avg:54.98ms
step:1098/1285 train_time:60397ms step_avg:55.01ms
step:1099/1285 train_time:60476ms step_avg:55.03ms
step:1100/1285 train_time:60564ms step_avg:55.06ms
step:1101/1285 train_time:60641ms step_avg:55.08ms
step:1102/1285 train_time:60728ms step_avg:55.11ms
step:1103/1285 train_time:60806ms step_avg:55.13ms
step:1104/1285 train_time:60895ms step_avg:55.16ms
step:1105/1285 train_time:60974ms step_avg:55.18ms
step:1106/1285 train_time:61062ms step_avg:55.21ms
step:1107/1285 train_time:61141ms step_avg:55.23ms
step:1108/1285 train_time:61228ms step_avg:55.26ms
step:1109/1285 train_time:61305ms step_avg:55.28ms
step:1110/1285 train_time:61392ms step_avg:55.31ms
step:1111/1285 train_time:61469ms step_avg:55.33ms
step:1112/1285 train_time:61558ms step_avg:55.36ms
step:1113/1285 train_time:61637ms step_avg:55.38ms
step:1114/1285 train_time:61724ms step_avg:55.41ms
step:1115/1285 train_time:61802ms step_avg:55.43ms
step:1116/1285 train_time:61888ms step_avg:55.46ms
step:1117/1285 train_time:61966ms step_avg:55.48ms
step:1118/1285 train_time:62053ms step_avg:55.50ms
step:1119/1285 train_time:62132ms step_avg:55.52ms
step:1120/1285 train_time:62221ms step_avg:55.55ms
step:1121/1285 train_time:62300ms step_avg:55.58ms
step:1122/1285 train_time:62387ms step_avg:55.60ms
step:1123/1285 train_time:62464ms step_avg:55.62ms
step:1124/1285 train_time:62551ms step_avg:55.65ms
step:1125/1285 train_time:62629ms step_avg:55.67ms
step:1126/1285 train_time:62718ms step_avg:55.70ms
step:1127/1285 train_time:62798ms step_avg:55.72ms
step:1128/1285 train_time:62886ms step_avg:55.75ms
step:1129/1285 train_time:62964ms step_avg:55.77ms
step:1130/1285 train_time:63051ms step_avg:55.80ms
step:1131/1285 train_time:63127ms step_avg:55.82ms
step:1132/1285 train_time:63217ms step_avg:55.85ms
step:1133/1285 train_time:63296ms step_avg:55.87ms
step:1134/1285 train_time:63383ms step_avg:55.89ms
step:1135/1285 train_time:63461ms step_avg:55.91ms
step:1136/1285 train_time:63549ms step_avg:55.94ms
step:1137/1285 train_time:63626ms step_avg:55.96ms
step:1138/1285 train_time:63713ms step_avg:55.99ms
step:1139/1285 train_time:63791ms step_avg:56.01ms
step:1140/1285 train_time:63880ms step_avg:56.04ms
step:1141/1285 train_time:63958ms step_avg:56.05ms
step:1142/1285 train_time:64045ms step_avg:56.08ms
step:1143/1285 train_time:64123ms step_avg:56.10ms
step:1144/1285 train_time:64210ms step_avg:56.13ms
step:1145/1285 train_time:64288ms step_avg:56.15ms
step:1146/1285 train_time:64376ms step_avg:56.17ms
step:1147/1285 train_time:64455ms step_avg:56.19ms
step:1148/1285 train_time:64543ms step_avg:56.22ms
step:1149/1285 train_time:64621ms step_avg:56.24ms
step:1150/1285 train_time:64707ms step_avg:56.27ms
step:1151/1285 train_time:64786ms step_avg:56.29ms
step:1152/1285 train_time:64873ms step_avg:56.31ms
step:1153/1285 train_time:64951ms step_avg:56.33ms
step:1154/1285 train_time:65040ms step_avg:56.36ms
step:1155/1285 train_time:65119ms step_avg:56.38ms
step:1156/1285 train_time:65206ms step_avg:56.41ms
step:1157/1285 train_time:65284ms step_avg:56.43ms
step:1158/1285 train_time:65371ms step_avg:56.45ms
step:1159/1285 train_time:65448ms step_avg:56.47ms
step:1160/1285 train_time:65536ms step_avg:56.50ms
step:1161/1285 train_time:65616ms step_avg:56.52ms
step:1162/1285 train_time:65704ms step_avg:56.54ms
step:1163/1285 train_time:65781ms step_avg:56.56ms
step:1164/1285 train_time:65868ms step_avg:56.59ms
step:1165/1285 train_time:65946ms step_avg:56.61ms
step:1166/1285 train_time:66034ms step_avg:56.63ms
step:1167/1285 train_time:66112ms step_avg:56.65ms
step:1168/1285 train_time:66200ms step_avg:56.68ms
step:1169/1285 train_time:66279ms step_avg:56.70ms
step:1170/1285 train_time:66366ms step_avg:56.72ms
step:1171/1285 train_time:66444ms step_avg:56.74ms
step:1172/1285 train_time:66531ms step_avg:56.77ms
step:1173/1285 train_time:66608ms step_avg:56.78ms
step:1174/1285 train_time:66697ms step_avg:56.81ms
step:1175/1285 train_time:66776ms step_avg:56.83ms
step:1176/1285 train_time:66864ms step_avg:56.86ms
step:1177/1285 train_time:66942ms step_avg:56.88ms
step:1178/1285 train_time:67029ms step_avg:56.90ms
step:1179/1285 train_time:67105ms step_avg:56.92ms
step:1180/1285 train_time:67194ms step_avg:56.94ms
step:1181/1285 train_time:67271ms step_avg:56.96ms
step:1182/1285 train_time:67360ms step_avg:56.99ms
step:1183/1285 train_time:67438ms step_avg:57.01ms
step:1184/1285 train_time:67524ms step_avg:57.03ms
step:1185/1285 train_time:67602ms step_avg:57.05ms
step:1186/1285 train_time:67689ms step_avg:57.07ms
step:1187/1285 train_time:67767ms step_avg:57.09ms
step:1188/1285 train_time:67855ms step_avg:57.12ms
step:1189/1285 train_time:67935ms step_avg:57.14ms
step:1190/1285 train_time:68022ms step_avg:57.16ms
step:1191/1285 train_time:68100ms step_avg:57.18ms
step:1192/1285 train_time:68186ms step_avg:57.20ms
step:1193/1285 train_time:68264ms step_avg:57.22ms
step:1194/1285 train_time:68351ms step_avg:57.25ms
step:1195/1285 train_time:68429ms step_avg:57.26ms
step:1196/1285 train_time:68517ms step_avg:57.29ms
step:1197/1285 train_time:68596ms step_avg:57.31ms
step:1198/1285 train_time:68683ms step_avg:57.33ms
step:1199/1285 train_time:68761ms step_avg:57.35ms
step:1200/1285 train_time:68848ms step_avg:57.37ms
step:1201/1285 train_time:68925ms step_avg:57.39ms
step:1202/1285 train_time:69013ms step_avg:57.41ms
step:1203/1285 train_time:69091ms step_avg:57.43ms
step:1204/1285 train_time:69180ms step_avg:57.46ms
step:1205/1285 train_time:69259ms step_avg:57.48ms
step:1206/1285 train_time:69345ms step_avg:57.50ms
step:1207/1285 train_time:69423ms step_avg:57.52ms
step:1208/1285 train_time:69510ms step_avg:57.54ms
step:1209/1285 train_time:69587ms step_avg:57.56ms
step:1210/1285 train_time:69676ms step_avg:57.58ms
step:1211/1285 train_time:69756ms step_avg:57.60ms
step:1212/1285 train_time:69844ms step_avg:57.63ms
step:1213/1285 train_time:69921ms step_avg:57.64ms
step:1214/1285 train_time:70008ms step_avg:57.67ms
step:1215/1285 train_time:70087ms step_avg:57.68ms
step:1216/1285 train_time:70174ms step_avg:57.71ms
step:1217/1285 train_time:70252ms step_avg:57.73ms
step:1218/1285 train_time:70340ms step_avg:57.75ms
step:1219/1285 train_time:70419ms step_avg:57.77ms
step:1220/1285 train_time:70505ms step_avg:57.79ms
step:1221/1285 train_time:70583ms step_avg:57.81ms
step:1222/1285 train_time:70670ms step_avg:57.83ms
step:1223/1285 train_time:70748ms step_avg:57.85ms
step:1224/1285 train_time:70837ms step_avg:57.87ms
step:1225/1285 train_time:70917ms step_avg:57.89ms
step:1226/1285 train_time:71004ms step_avg:57.92ms
step:1227/1285 train_time:71082ms step_avg:57.93ms
step:1228/1285 train_time:71169ms step_avg:57.96ms
step:1229/1285 train_time:71248ms step_avg:57.97ms
step:1230/1285 train_time:71334ms step_avg:58.00ms
step:1231/1285 train_time:71412ms step_avg:58.01ms
step:1232/1285 train_time:71501ms step_avg:58.04ms
step:1233/1285 train_time:71578ms step_avg:58.05ms
step:1234/1285 train_time:71666ms step_avg:58.08ms
step:1235/1285 train_time:71745ms step_avg:58.09ms
step:1236/1285 train_time:71831ms step_avg:58.12ms
step:1237/1285 train_time:71908ms step_avg:58.13ms
step:1238/1285 train_time:72012ms step_avg:58.17ms
step:1239/1285 train_time:72133ms step_avg:58.22ms
step:1240/1285 train_time:72212ms step_avg:58.24ms
step:1241/1285 train_time:72287ms step_avg:58.25ms
step:1242/1285 train_time:72374ms step_avg:58.27ms
step:1243/1285 train_time:72450ms step_avg:58.29ms
step:1244/1285 train_time:72538ms step_avg:58.31ms
step:1245/1285 train_time:72614ms step_avg:58.32ms
step:1246/1285 train_time:72702ms step_avg:58.35ms
step:1247/1285 train_time:72780ms step_avg:58.36ms
step:1248/1285 train_time:72866ms step_avg:58.39ms
step:1249/1285 train_time:72943ms step_avg:58.40ms
step:1250/1285 train_time:73036ms step_avg:58.43ms
step:1250/1285 val_loss:3.29387283 train_time:73131ms step_avg:58.50ms
step:1251/1285 train_time:73193ms step_avg:58.51ms
step:1252/1285 train_time:73247ms step_avg:58.50ms
step:1253/1285 train_time:73309ms step_avg:58.51ms
step:1254/1285 train_time:73396ms step_avg:58.53ms
step:1255/1285 train_time:73474ms step_avg:58.54ms
step:1256/1285 train_time:73562ms step_avg:58.57ms
step:1257/1285 train_time:73639ms step_avg:58.58ms
step:1258/1285 train_time:73723ms step_avg:58.60ms
step:1259/1285 train_time:73800ms step_avg:58.62ms
step:1260/1285 train_time:73887ms step_avg:58.64ms
step:1261/1285 train_time:73963ms step_avg:58.65ms
step:1262/1285 train_time:74050ms step_avg:58.68ms
step:1263/1285 train_time:74129ms step_avg:58.69ms
step:1264/1285 train_time:74223ms step_avg:58.72ms
step:1265/1285 train_time:74302ms step_avg:58.74ms
step:1266/1285 train_time:74388ms step_avg:58.76ms
step:1267/1285 train_time:74465ms step_avg:58.77ms
step:1268/1285 train_time:74554ms step_avg:58.80ms
step:1269/1285 train_time:74633ms step_avg:58.81ms
step:1270/1285 train_time:74720ms step_avg:58.83ms
step:1271/1285 train_time:74799ms step_avg:58.85ms
step:1272/1285 train_time:74889ms step_avg:58.88ms
step:1273/1285 train_time:74965ms step_avg:58.89ms
step:1274/1285 train_time:75053ms step_avg:58.91ms
step:1275/1285 train_time:75135ms step_avg:58.93ms
step:1276/1285 train_time:75222ms step_avg:58.95ms
step:1277/1285 train_time:75301ms step_avg:58.97ms
step:1278/1285 train_time:75388ms step_avg:58.99ms
step:1279/1285 train_time:75465ms step_avg:59.00ms
step:1280/1285 train_time:75556ms step_avg:59.03ms
step:1281/1285 train_time:75634ms step_avg:59.04ms
step:1282/1285 train_time:75722ms step_avg:59.07ms
step:1283/1285 train_time:75799ms step_avg:59.08ms
step:1284/1285 train_time:75885ms step_avg:59.10ms
step:1285/1285 train_time:75962ms step_avg:59.11ms
step:1285/1285 val_loss:3.27776003 train_time:76051ms step_avg:59.18ms
peak memory allocated: 32129 MiB reserved: 39272 MiB
