HARNESS_TRAINING_ENV={"OMP_NUM_THREADS": "1", "MKL_NUM_THREADS": "1", "torch_num_threads": 1, "torch_num_interop_threads": 43}
[Gloo] Rank 1 is connected to 7 peer ranks. Expected number of connected peer ranks is : 7
[Gloo] Rank 0 is connected to 7 peer ranks. Expected number of connected peer ranks is : 7
[Gloo] Rank 3 is connected to 7 peer ranks. Expected number of connected peer ranks is : 7
[Gloo] Rank 2 is connected to 7 peer ranks. Expected number of connected peer ranks is : 7
[Gloo] Rank 6 is connected to 7 peer ranks. Expected number of connected peer ranks is : [Gloo] Rank 75 is connected to 
7 peer ranks. [Gloo] Rank 4 is connected to Expected number of connected peer ranks is : 77 peer ranks. 
Expected number of connected peer ranks is : 7
[Gloo] Rank 7 is connected to 7 peer ranks. Expected number of connected peer ranks is : 7
/workspace/train_gpt.py:1084: UserWarning: Skipping publisher trust check for 'kernels-community/flash-attn3' because Hugging Face Hub is in offline mode.
  flash_attn_interface = get_kernel('kernels-community/flash-attn3', version=1).flash_attn_interface
/workspace/train_gpt.py:1084: UserWarning: Skipping publisher trust check for 'kernels-community/flash-attn3' because Hugging Face Hub is in offline mode.
  flash_attn_interface = get_kernel('kernels-community/flash-attn3', version=1).flash_attn_interface
/workspace/train_gpt.py:1084: UserWarning: Skipping publisher trust check for 'kernels-community/flash-attn3' because Hugging Face Hub is in offline mode.
  flash_attn_interface = get_kernel('kernels-community/flash-attn3', version=1).flash_attn_interface
/workspace/train_gpt.py:1084: UserWarning: Skipping publisher trust check for 'kernels-community/flash-attn3' because Hugging Face Hub is in offline mode.
  flash_attn_interface = get_kernel('kernels-community/flash-attn3', version=1).flash_attn_interface
/workspace/train_gpt.py:1084: UserWarning: Skipping publisher trust check for 'kernels-community/flash-attn3' because Hugging Face Hub is in offline mode.
  flash_attn_interface = get_kernel('kernels-community/flash-attn3', version=1).flash_attn_interface
/workspace/train_gpt.py:1084: UserWarning: Skipping publisher trust check for 'kernels-community/flash-attn3' because Hugging Face Hub is in offline mode.
  flash_attn_interface = get_kernel('kernels-community/flash-attn3', version=1).flash_attn_interface
/workspace/train_gpt.py:1084: UserWarning: Skipping publisher trust check for 'kernels-community/flash-attn3' because Hugging Face Hub is in offline mode.
  flash_attn_interface = get_kernel('kernels-community/flash-attn3', version=1).flash_attn_interface
/workspace/train_gpt.py:1084: UserWarning: Skipping publisher trust check for 'kernels-community/flash-attn3' because Hugging Face Hub is in offline mode.
  flash_attn_interface = get_kernel('kernels-community/flash-attn3', version=1).flash_attn_interface
logs/d2ccd230-c0a3-41cc-a837-3b98b846d418.txt
Compiling model and warming up kernels (~7 minutes on first execution)
Sampling steps [0, 1, 281, 282, 283, 284, 705, 706, 707, 708, 1128, 1129, 1130, 1131] for warmup
Resetting Model
step:0/1190 val_loss:10.83035660 train_time:72ms step_avg:71.98ms
step:1/1190 train_time:299ms step_avg:299.34ms
step:2/1190 train_time:347ms step_avg:173.63ms
step:3/1190 train_time:388ms step_avg:129.38ms
step:4/1190 train_time:437ms step_avg:109.24ms
step:5/1190 train_time:475ms step_avg:94.96ms
step:6/1190 train_time:521ms step_avg:86.86ms
step:7/1190 train_time:560ms step_avg:79.98ms
step:8/1190 train_time:606ms step_avg:75.71ms
step:9/1190 train_time:649ms step_avg:72.06ms
step:10/1190 train_time:696ms step_avg:69.62ms
step:11/1190 train_time:738ms step_avg:67.11ms
step:12/1190 train_time:784ms step_avg:65.33ms
step:13/1190 train_time:823ms step_avg:63.33ms
step:14/1190 train_time:870ms step_avg:62.18ms
step:15/1190 train_time:909ms step_avg:60.57ms
step:16/1190 train_time:953ms step_avg:59.59ms
step:17/1190 train_time:993ms step_avg:58.41ms
step:18/1190 train_time:1036ms step_avg:57.54ms
step:19/1190 train_time:1075ms step_avg:56.59ms
step:20/1190 train_time:1119ms step_avg:55.97ms
step:21/1190 train_time:1158ms step_avg:55.15ms
step:22/1190 train_time:1203ms step_avg:54.68ms
step:23/1190 train_time:1246ms step_avg:54.18ms
step:24/1190 train_time:1292ms step_avg:53.83ms
step:25/1190 train_time:1333ms step_avg:53.30ms
step:26/1190 train_time:1373ms step_avg:52.81ms
step:27/1190 train_time:1413ms step_avg:52.35ms
step:28/1190 train_time:1464ms step_avg:52.29ms
step:29/1190 train_time:1500ms step_avg:51.71ms
step:30/1190 train_time:1546ms step_avg:51.53ms
step:31/1190 train_time:1584ms step_avg:51.11ms
step:32/1190 train_time:1628ms step_avg:50.88ms
step:33/1190 train_time:1664ms step_avg:50.42ms
step:34/1190 train_time:1710ms step_avg:50.30ms
step:35/1190 train_time:1747ms step_avg:49.92ms
step:36/1190 train_time:1785ms step_avg:49.59ms
step:37/1190 train_time:1822ms step_avg:49.25ms
step:38/1190 train_time:1869ms step_avg:49.18ms
step:39/1190 train_time:1905ms step_avg:48.85ms
step:40/1190 train_time:1953ms step_avg:48.82ms
step:41/1190 train_time:1991ms step_avg:48.56ms
step:42/1190 train_time:2035ms step_avg:48.46ms
step:43/1190 train_time:2073ms step_avg:48.22ms
step:44/1190 train_time:2116ms step_avg:48.09ms
step:45/1190 train_time:2152ms step_avg:47.82ms
step:46/1190 train_time:2198ms step_avg:47.78ms
step:47/1190 train_time:2235ms step_avg:47.56ms
step:48/1190 train_time:2278ms step_avg:47.47ms
step:49/1190 train_time:2315ms step_avg:47.24ms
step:50/1190 train_time:2361ms step_avg:47.22ms
step:51/1190 train_time:2398ms step_avg:47.03ms
step:52/1190 train_time:2443ms step_avg:46.97ms
step:53/1190 train_time:2481ms step_avg:46.80ms
step:54/1190 train_time:2527ms step_avg:46.80ms
step:55/1190 train_time:2568ms step_avg:46.69ms
step:56/1190 train_time:2611ms step_avg:46.62ms
step:57/1190 train_time:2651ms step_avg:46.51ms
step:58/1190 train_time:2695ms step_avg:46.46ms
step:59/1190 train_time:2734ms step_avg:46.34ms
step:60/1190 train_time:2780ms step_avg:46.33ms
step:61/1190 train_time:2818ms step_avg:46.19ms
step:62/1190 train_time:2863ms step_avg:46.18ms
step:63/1190 train_time:2899ms step_avg:46.02ms
step:64/1190 train_time:2944ms step_avg:46.00ms
step:65/1190 train_time:2980ms step_avg:45.85ms
step:66/1190 train_time:3028ms step_avg:45.88ms
step:67/1190 train_time:3065ms step_avg:45.75ms
step:68/1190 train_time:3105ms step_avg:45.67ms
step:69/1190 train_time:3140ms step_avg:45.51ms
step:70/1190 train_time:3181ms step_avg:45.44ms
step:71/1190 train_time:3216ms step_avg:45.30ms
step:72/1190 train_time:3261ms step_avg:45.29ms
step:73/1190 train_time:3297ms step_avg:45.16ms
step:74/1190 train_time:3338ms step_avg:45.11ms
step:75/1190 train_time:3379ms step_avg:45.05ms
step:76/1190 train_time:3422ms step_avg:45.03ms
step:77/1190 train_time:3464ms step_avg:44.99ms
step:78/1190 train_time:3508ms step_avg:44.97ms
step:79/1190 train_time:3544ms step_avg:44.87ms
step:80/1190 train_time:3588ms step_avg:44.85ms
step:81/1190 train_time:3622ms step_avg:44.72ms
step:82/1190 train_time:3666ms step_avg:44.71ms
step:83/1190 train_time:3704ms step_avg:44.62ms
step:84/1190 train_time:3751ms step_avg:44.66ms
step:85/1190 train_time:3789ms step_avg:44.57ms
step:86/1190 train_time:3832ms step_avg:44.55ms
step:87/1190 train_time:3873ms step_avg:44.52ms
step:88/1190 train_time:3917ms step_avg:44.51ms
step:89/1190 train_time:3954ms step_avg:44.43ms
step:90/1190 train_time:3998ms step_avg:44.42ms
step:91/1190 train_time:4035ms step_avg:44.34ms
step:92/1190 train_time:4085ms step_avg:44.40ms
step:93/1190 train_time:4120ms step_avg:44.30ms
step:94/1190 train_time:4170ms step_avg:44.36ms
step:95/1190 train_time:4205ms step_avg:44.27ms
step:96/1190 train_time:4252ms step_avg:44.29ms
step:97/1190 train_time:4293ms step_avg:44.26ms
step:98/1190 train_time:4335ms step_avg:44.24ms
step:99/1190 train_time:4375ms step_avg:44.19ms
step:100/1190 train_time:4421ms step_avg:44.21ms
step:101/1190 train_time:4459ms step_avg:44.15ms
step:102/1190 train_time:4506ms step_avg:44.17ms
step:103/1190 train_time:4545ms step_avg:44.12ms
step:104/1190 train_time:4591ms step_avg:44.14ms
step:105/1190 train_time:4627ms step_avg:44.07ms
step:106/1190 train_time:4678ms step_avg:44.13ms
step:107/1190 train_time:4716ms step_avg:44.07ms
step:108/1190 train_time:4764ms step_avg:44.11ms
step:109/1190 train_time:4799ms step_avg:44.03ms
step:110/1190 train_time:4850ms step_avg:44.09ms
step:111/1190 train_time:4890ms step_avg:44.06ms
step:112/1190 train_time:4933ms step_avg:44.05ms
step:113/1190 train_time:4971ms step_avg:43.99ms
step:114/1190 train_time:5019ms step_avg:44.03ms
step:115/1190 train_time:5058ms step_avg:43.98ms
step:116/1190 train_time:5103ms step_avg:43.99ms
step:117/1190 train_time:5141ms step_avg:43.94ms
step:118/1190 train_time:5188ms step_avg:43.96ms
step:119/1190 train_time:5226ms step_avg:43.91ms
step:120/1190 train_time:5273ms step_avg:43.94ms
step:121/1190 train_time:5310ms step_avg:43.88ms
step:122/1190 train_time:5359ms step_avg:43.92ms
step:123/1190 train_time:5398ms step_avg:43.88ms
step:124/1190 train_time:5440ms step_avg:43.87ms
step:125/1190 train_time:5478ms step_avg:43.83ms
step:126/1190 train_time:5527ms step_avg:43.86ms
step:127/1190 train_time:5563ms step_avg:43.80ms
step:128/1190 train_time:5610ms step_avg:43.83ms
step:129/1190 train_time:5651ms step_avg:43.81ms
step:130/1190 train_time:5698ms step_avg:43.83ms
step:131/1190 train_time:5737ms step_avg:43.79ms
step:132/1190 train_time:5782ms step_avg:43.81ms
step:133/1190 train_time:5819ms step_avg:43.75ms
step:134/1190 train_time:5865ms step_avg:43.77ms
step:135/1190 train_time:5906ms step_avg:43.75ms
step:136/1190 train_time:5956ms step_avg:43.79ms
step:137/1190 train_time:5994ms step_avg:43.76ms
step:138/1190 train_time:6040ms step_avg:43.77ms
step:139/1190 train_time:6077ms step_avg:43.72ms
step:140/1190 train_time:6119ms step_avg:43.71ms
step:141/1190 train_time:6155ms step_avg:43.65ms
step:142/1190 train_time:6200ms step_avg:43.66ms
step:143/1190 train_time:6237ms step_avg:43.62ms
step:144/1190 train_time:6287ms step_avg:43.66ms
step:145/1190 train_time:6326ms step_avg:43.63ms
step:146/1190 train_time:6369ms step_avg:43.62ms
step:147/1190 train_time:6408ms step_avg:43.59ms
step:148/1190 train_time:6456ms step_avg:43.62ms
step:149/1190 train_time:6494ms step_avg:43.59ms
step:150/1190 train_time:6542ms step_avg:43.61ms
step:151/1190 train_time:6578ms step_avg:43.56ms
step:152/1190 train_time:6625ms step_avg:43.58ms
step:153/1190 train_time:6660ms step_avg:43.53ms
step:154/1190 train_time:6713ms step_avg:43.59ms
step:155/1190 train_time:6753ms step_avg:43.57ms
step:156/1190 train_time:6798ms step_avg:43.57ms
step:157/1190 train_time:6835ms step_avg:43.54ms
step:158/1190 train_time:6884ms step_avg:43.57ms
step:159/1190 train_time:6925ms step_avg:43.55ms
step:160/1190 train_time:6971ms step_avg:43.57ms
step:161/1190 train_time:7010ms step_avg:43.54ms
step:162/1190 train_time:7057ms step_avg:43.56ms
step:163/1190 train_time:7096ms step_avg:43.53ms
step:164/1190 train_time:7138ms step_avg:43.52ms
step:165/1190 train_time:7176ms step_avg:43.49ms
step:166/1190 train_time:7220ms step_avg:43.49ms
step:167/1190 train_time:7256ms step_avg:43.45ms
step:168/1190 train_time:7303ms step_avg:43.47ms
step:169/1190 train_time:7340ms step_avg:43.43ms
step:170/1190 train_time:7382ms step_avg:43.42ms
step:171/1190 train_time:7422ms step_avg:43.40ms
step:172/1190 train_time:7467ms step_avg:43.42ms
step:173/1190 train_time:7506ms step_avg:43.39ms
step:174/1190 train_time:7554ms step_avg:43.42ms
step:175/1190 train_time:7591ms step_avg:43.38ms
step:176/1190 train_time:7635ms step_avg:43.38ms
step:177/1190 train_time:7674ms step_avg:43.36ms
step:178/1190 train_time:7720ms step_avg:43.37ms
step:179/1190 train_time:7757ms step_avg:43.34ms
step:180/1190 train_time:7806ms step_avg:43.37ms
step:181/1190 train_time:7842ms step_avg:43.33ms
step:182/1190 train_time:7886ms step_avg:43.33ms
step:183/1190 train_time:7925ms step_avg:43.31ms
step:184/1190 train_time:7971ms step_avg:43.32ms
step:185/1190 train_time:8012ms step_avg:43.31ms
step:186/1190 train_time:8058ms step_avg:43.32ms
step:187/1190 train_time:8095ms step_avg:43.29ms
step:188/1190 train_time:8140ms step_avg:43.30ms
step:189/1190 train_time:8176ms step_avg:43.26ms
step:190/1190 train_time:8223ms step_avg:43.28ms
step:191/1190 train_time:8259ms step_avg:43.24ms
step:192/1190 train_time:8309ms step_avg:43.28ms
step:193/1190 train_time:8347ms step_avg:43.25ms
step:194/1190 train_time:8394ms step_avg:43.27ms
step:195/1190 train_time:8435ms step_avg:43.25ms
step:196/1190 train_time:8478ms step_avg:43.25ms
step:197/1190 train_time:8518ms step_avg:43.24ms
step:198/1190 train_time:8564ms step_avg:43.25ms
step:199/1190 train_time:8603ms step_avg:43.23ms
step:200/1190 train_time:8650ms step_avg:43.25ms
step:201/1190 train_time:8685ms step_avg:43.21ms
step:202/1190 train_time:8733ms step_avg:43.24ms
step:203/1190 train_time:8772ms step_avg:43.21ms
step:204/1190 train_time:8815ms step_avg:43.21ms
step:205/1190 train_time:8853ms step_avg:43.18ms
step:206/1190 train_time:8898ms step_avg:43.20ms
step:207/1190 train_time:8940ms step_avg:43.19ms
step:208/1190 train_time:8986ms step_avg:43.20ms
step:209/1190 train_time:9028ms step_avg:43.19ms
step:210/1190 train_time:9071ms step_avg:43.20ms
step:211/1190 train_time:9109ms step_avg:43.17ms
step:212/1190 train_time:9154ms step_avg:43.18ms
step:213/1190 train_time:9193ms step_avg:43.16ms
step:214/1190 train_time:9243ms step_avg:43.19ms
step:215/1190 train_time:9281ms step_avg:43.17ms
step:216/1190 train_time:9325ms step_avg:43.17ms
step:217/1190 train_time:9363ms step_avg:43.15ms
step:218/1190 train_time:9408ms step_avg:43.16ms
step:219/1190 train_time:9447ms step_avg:43.14ms
step:220/1190 train_time:9492ms step_avg:43.15ms
step:221/1190 train_time:9533ms step_avg:43.14ms
step:222/1190 train_time:9577ms step_avg:43.14ms
step:223/1190 train_time:9613ms step_avg:43.11ms
step:224/1190 train_time:9660ms step_avg:43.13ms
step:225/1190 train_time:9698ms step_avg:43.10ms
step:226/1190 train_time:9744ms step_avg:43.11ms
step:227/1190 train_time:9779ms step_avg:43.08ms
step:228/1190 train_time:9825ms step_avg:43.09ms
step:229/1190 train_time:9862ms step_avg:43.07ms
step:230/1190 train_time:9906ms step_avg:43.07ms
step:231/1190 train_time:9944ms step_avg:43.05ms
step:232/1190 train_time:9990ms step_avg:43.06ms
step:233/1190 train_time:10029ms step_avg:43.04ms
step:234/1190 train_time:10072ms step_avg:43.04ms
step:235/1190 train_time:10111ms step_avg:43.02ms
step:236/1190 train_time:10156ms step_avg:43.03ms
step:237/1190 train_time:10195ms step_avg:43.02ms
step:238/1190 train_time:10245ms step_avg:43.05ms
step:239/1190 train_time:10281ms step_avg:43.02ms
step:240/1190 train_time:10327ms step_avg:43.03ms
step:241/1190 train_time:10365ms step_avg:43.01ms
step:242/1190 train_time:10410ms step_avg:43.02ms
step:243/1190 train_time:10449ms step_avg:43.00ms
step:244/1190 train_time:10494ms step_avg:43.01ms
step:245/1190 train_time:10529ms step_avg:42.98ms
step:246/1190 train_time:10575ms step_avg:42.99ms
step:247/1190 train_time:10612ms step_avg:42.96ms
step:248/1190 train_time:10657ms step_avg:42.97ms
step:249/1190 train_time:10692ms step_avg:42.94ms
step:250/1190 train_time:10737ms step_avg:42.95ms
step:250/1190 val_loss:4.36854792 train_time:10764ms step_avg:43.05ms
step:251/1190 train_time:10804ms step_avg:43.04ms
step:252/1190 train_time:10850ms step_avg:43.06ms
step:253/1190 train_time:10889ms step_avg:43.04ms
step:254/1190 train_time:10931ms step_avg:43.04ms
step:255/1190 train_time:10968ms step_avg:43.01ms
step:256/1190 train_time:11014ms step_avg:43.02ms
step:257/1190 train_time:11050ms step_avg:43.00ms
step:258/1190 train_time:11096ms step_avg:43.01ms
step:259/1190 train_time:11131ms step_avg:42.98ms
step:260/1190 train_time:11176ms step_avg:42.98ms
step:261/1190 train_time:11217ms step_avg:42.98ms
step:262/1190 train_time:11262ms step_avg:42.98ms
step:263/1190 train_time:11300ms step_avg:42.97ms
step:264/1190 train_time:11342ms step_avg:42.96ms
step:265/1190 train_time:11380ms step_avg:42.95ms
step:266/1190 train_time:11428ms step_avg:42.96ms
step:267/1190 train_time:11464ms step_avg:42.94ms
step:268/1190 train_time:11503ms step_avg:42.92ms
step:269/1190 train_time:11541ms step_avg:42.90ms
step:270/1190 train_time:11583ms step_avg:42.90ms
step:271/1190 train_time:11622ms step_avg:42.89ms
step:272/1190 train_time:11664ms step_avg:42.88ms
step:273/1190 train_time:11703ms step_avg:42.87ms
step:274/1190 train_time:11746ms step_avg:42.87ms
step:275/1190 train_time:11784ms step_avg:42.85ms
step:276/1190 train_time:11831ms step_avg:42.87ms
step:277/1190 train_time:11871ms step_avg:42.85ms
step:278/1190 train_time:11916ms step_avg:42.86ms
step:279/1190 train_time:11952ms step_avg:42.84ms
step:280/1190 train_time:11997ms step_avg:42.85ms
step:281/1190 train_time:12034ms step_avg:42.83ms
step:282/1190 train_time:12077ms step_avg:42.82ms
step:283/1190 train_time:12112ms step_avg:42.80ms
step:284/1190 train_time:12158ms step_avg:42.81ms
step:285/1190 train_time:12194ms step_avg:42.79ms
step:286/1190 train_time:12244ms step_avg:42.81ms
step:287/1190 train_time:12291ms step_avg:42.83ms
step:288/1190 train_time:12349ms step_avg:42.88ms
step:289/1190 train_time:12397ms step_avg:42.89ms
step:290/1190 train_time:12457ms step_avg:42.96ms
step:291/1190 train_time:12501ms step_avg:42.96ms
step:292/1190 train_time:12563ms step_avg:43.02ms
step:293/1190 train_time:12606ms step_avg:43.02ms
step:294/1190 train_time:12666ms step_avg:43.08ms
step:295/1190 train_time:12712ms step_avg:43.09ms
step:296/1190 train_time:12772ms step_avg:43.15ms
step:297/1190 train_time:12818ms step_avg:43.16ms
step:298/1190 train_time:12877ms step_avg:43.21ms
step:299/1190 train_time:12925ms step_avg:43.23ms
step:300/1190 train_time:12984ms step_avg:43.28ms
step:301/1190 train_time:13030ms step_avg:43.29ms
step:302/1190 train_time:13087ms step_avg:43.33ms
step:303/1190 train_time:13135ms step_avg:43.35ms
step:304/1190 train_time:13194ms step_avg:43.40ms
step:305/1190 train_time:13241ms step_avg:43.41ms
step:306/1190 train_time:13298ms step_avg:43.46ms
step:307/1190 train_time:13346ms step_avg:43.47ms
step:308/1190 train_time:13405ms step_avg:43.52ms
step:309/1190 train_time:13448ms step_avg:43.52ms
step:310/1190 train_time:13509ms step_avg:43.58ms
step:311/1190 train_time:13554ms step_avg:43.58ms
step:312/1190 train_time:13616ms step_avg:43.64ms
step:313/1190 train_time:13659ms step_avg:43.64ms
step:314/1190 train_time:13720ms step_avg:43.69ms
step:315/1190 train_time:13765ms step_avg:43.70ms
step:316/1190 train_time:13826ms step_avg:43.75ms
step:317/1190 train_time:13869ms step_avg:43.75ms
step:318/1190 train_time:13931ms step_avg:43.81ms
step:319/1190 train_time:13976ms step_avg:43.81ms
step:320/1190 train_time:14035ms step_avg:43.86ms
step:321/1190 train_time:14080ms step_avg:43.86ms
step:322/1190 train_time:14140ms step_avg:43.91ms
step:323/1190 train_time:14186ms step_avg:43.92ms
step:324/1190 train_time:14246ms step_avg:43.97ms
step:325/1190 train_time:14289ms step_avg:43.97ms
step:326/1190 train_time:14350ms step_avg:44.02ms
step:327/1190 train_time:14395ms step_avg:44.02ms
step:328/1190 train_time:14456ms step_avg:44.07ms
step:329/1190 train_time:14502ms step_avg:44.08ms
step:330/1190 train_time:14560ms step_avg:44.12ms
step:331/1190 train_time:14606ms step_avg:44.13ms
step:332/1190 train_time:14666ms step_avg:44.17ms
step:333/1190 train_time:14710ms step_avg:44.18ms
step:334/1190 train_time:14771ms step_avg:44.23ms
step:335/1190 train_time:14816ms step_avg:44.23ms
step:336/1190 train_time:14875ms step_avg:44.27ms
step:337/1190 train_time:14988ms step_avg:44.47ms
step:338/1190 train_time:15041ms step_avg:44.50ms
step:339/1190 train_time:15081ms step_avg:44.49ms
step:340/1190 train_time:15125ms step_avg:44.49ms
step:341/1190 train_time:15165ms step_avg:44.47ms
step:342/1190 train_time:15215ms step_avg:44.49ms
step:343/1190 train_time:15260ms step_avg:44.49ms
step:344/1190 train_time:15318ms step_avg:44.53ms
step:345/1190 train_time:15366ms step_avg:44.54ms
step:346/1190 train_time:15421ms step_avg:44.57ms
step:347/1190 train_time:15467ms step_avg:44.57ms
step:348/1190 train_time:15526ms step_avg:44.61ms
step:349/1190 train_time:15574ms step_avg:44.62ms
step:350/1190 train_time:15636ms step_avg:44.67ms
step:351/1190 train_time:15678ms step_avg:44.67ms
step:352/1190 train_time:15740ms step_avg:44.72ms
step:353/1190 train_time:15785ms step_avg:44.72ms
step:354/1190 train_time:15843ms step_avg:44.75ms
step:355/1190 train_time:15889ms step_avg:44.76ms
step:356/1190 train_time:15948ms step_avg:44.80ms
step:357/1190 train_time:15994ms step_avg:44.80ms
step:358/1190 train_time:16056ms step_avg:44.85ms
step:359/1190 train_time:16101ms step_avg:44.85ms
step:360/1190 train_time:16162ms step_avg:44.90ms
step:361/1190 train_time:16206ms step_avg:44.89ms
step:362/1190 train_time:16266ms step_avg:44.93ms
step:363/1190 train_time:16311ms step_avg:44.93ms
step:364/1190 train_time:16370ms step_avg:44.97ms
step:365/1190 train_time:16415ms step_avg:44.97ms
step:366/1190 train_time:16474ms step_avg:45.01ms
step:367/1190 train_time:16521ms step_avg:45.02ms
step:368/1190 train_time:16581ms step_avg:45.06ms
step:369/1190 train_time:16625ms step_avg:45.05ms
step:370/1190 train_time:16685ms step_avg:45.10ms
step:371/1190 train_time:16730ms step_avg:45.09ms
step:372/1190 train_time:16792ms step_avg:45.14ms
step:373/1190 train_time:16837ms step_avg:45.14ms
step:374/1190 train_time:16899ms step_avg:45.18ms
step:375/1190 train_time:16943ms step_avg:45.18ms
step:376/1190 train_time:17001ms step_avg:45.22ms
step:377/1190 train_time:17047ms step_avg:45.22ms
step:378/1190 train_time:17108ms step_avg:45.26ms
step:379/1190 train_time:17153ms step_avg:45.26ms
step:380/1190 train_time:17211ms step_avg:45.29ms
step:381/1190 train_time:17258ms step_avg:45.30ms
step:382/1190 train_time:17318ms step_avg:45.33ms
step:383/1190 train_time:17364ms step_avg:45.34ms
step:384/1190 train_time:17423ms step_avg:45.37ms
step:385/1190 train_time:17469ms step_avg:45.37ms
step:386/1190 train_time:17527ms step_avg:45.41ms
step:387/1190 train_time:17573ms step_avg:45.41ms
step:388/1190 train_time:17632ms step_avg:45.44ms
step:389/1190 train_time:17678ms step_avg:45.44ms
step:390/1190 train_time:17739ms step_avg:45.48ms
step:391/1190 train_time:17786ms step_avg:45.49ms
step:392/1190 train_time:17842ms step_avg:45.52ms
step:393/1190 train_time:17887ms step_avg:45.51ms
step:394/1190 train_time:17952ms step_avg:45.56ms
step:395/1190 train_time:17996ms step_avg:45.56ms
step:396/1190 train_time:18055ms step_avg:45.59ms
step:397/1190 train_time:18099ms step_avg:45.59ms
step:398/1190 train_time:18159ms step_avg:45.63ms
step:399/1190 train_time:18205ms step_avg:45.63ms
step:400/1190 train_time:18265ms step_avg:45.66ms
step:401/1190 train_time:18310ms step_avg:45.66ms
step:402/1190 train_time:18368ms step_avg:45.69ms
step:403/1190 train_time:18415ms step_avg:45.69ms
step:404/1190 train_time:18476ms step_avg:45.73ms
step:405/1190 train_time:18520ms step_avg:45.73ms
step:406/1190 train_time:18583ms step_avg:45.77ms
step:407/1190 train_time:18627ms step_avg:45.77ms
step:408/1190 train_time:18686ms step_avg:45.80ms
step:409/1190 train_time:18731ms step_avg:45.80ms
step:410/1190 train_time:18790ms step_avg:45.83ms
step:411/1190 train_time:18837ms step_avg:45.83ms
step:412/1190 train_time:18897ms step_avg:45.87ms
step:413/1190 train_time:18942ms step_avg:45.86ms
step:414/1190 train_time:19001ms step_avg:45.90ms
step:415/1190 train_time:19047ms step_avg:45.90ms
step:416/1190 train_time:19105ms step_avg:45.93ms
step:417/1190 train_time:19152ms step_avg:45.93ms
step:418/1190 train_time:19212ms step_avg:45.96ms
step:419/1190 train_time:19257ms step_avg:45.96ms
step:420/1190 train_time:19315ms step_avg:45.99ms
step:421/1190 train_time:19362ms step_avg:45.99ms
step:422/1190 train_time:19422ms step_avg:46.02ms
step:423/1190 train_time:19466ms step_avg:46.02ms
step:424/1190 train_time:19527ms step_avg:46.05ms
step:425/1190 train_time:19573ms step_avg:46.05ms
step:426/1190 train_time:19632ms step_avg:46.08ms
step:427/1190 train_time:19677ms step_avg:46.08ms
step:428/1190 train_time:19738ms step_avg:46.12ms
step:429/1190 train_time:19783ms step_avg:46.11ms
step:430/1190 train_time:19844ms step_avg:46.15ms
step:431/1190 train_time:19888ms step_avg:46.14ms
step:432/1190 train_time:19948ms step_avg:46.18ms
step:433/1190 train_time:19994ms step_avg:46.18ms
step:434/1190 train_time:20053ms step_avg:46.20ms
step:435/1190 train_time:20099ms step_avg:46.21ms
step:436/1190 train_time:20156ms step_avg:46.23ms
step:437/1190 train_time:20204ms step_avg:46.23ms
step:438/1190 train_time:20261ms step_avg:46.26ms
step:439/1190 train_time:20308ms step_avg:46.26ms
step:440/1190 train_time:20371ms step_avg:46.30ms
step:441/1190 train_time:20414ms step_avg:46.29ms
step:442/1190 train_time:20474ms step_avg:46.32ms
step:443/1190 train_time:20519ms step_avg:46.32ms
step:444/1190 train_time:20578ms step_avg:46.35ms
step:445/1190 train_time:20624ms step_avg:46.35ms
step:446/1190 train_time:20682ms step_avg:46.37ms
step:447/1190 train_time:20730ms step_avg:46.38ms
step:448/1190 train_time:20790ms step_avg:46.41ms
step:449/1190 train_time:20835ms step_avg:46.40ms
step:450/1190 train_time:20896ms step_avg:46.44ms
step:451/1190 train_time:20941ms step_avg:46.43ms
step:452/1190 train_time:20999ms step_avg:46.46ms
step:453/1190 train_time:21045ms step_avg:46.46ms
step:454/1190 train_time:21104ms step_avg:46.48ms
step:455/1190 train_time:21150ms step_avg:46.48ms
step:456/1190 train_time:21212ms step_avg:46.52ms
step:457/1190 train_time:21256ms step_avg:46.51ms
step:458/1190 train_time:21315ms step_avg:46.54ms
step:459/1190 train_time:21360ms step_avg:46.54ms
step:460/1190 train_time:21420ms step_avg:46.57ms
step:461/1190 train_time:21466ms step_avg:46.56ms
step:462/1190 train_time:21526ms step_avg:46.59ms
step:463/1190 train_time:21572ms step_avg:46.59ms
step:464/1190 train_time:21630ms step_avg:46.62ms
step:465/1190 train_time:21676ms step_avg:46.61ms
step:466/1190 train_time:21736ms step_avg:46.64ms
step:467/1190 train_time:21783ms step_avg:46.64ms
step:468/1190 train_time:21842ms step_avg:46.67ms
step:469/1190 train_time:21888ms step_avg:46.67ms
step:470/1190 train_time:21946ms step_avg:46.69ms
step:471/1190 train_time:21991ms step_avg:46.69ms
step:472/1190 train_time:22053ms step_avg:46.72ms
step:473/1190 train_time:22098ms step_avg:46.72ms
step:474/1190 train_time:22156ms step_avg:46.74ms
step:475/1190 train_time:22203ms step_avg:46.74ms
step:476/1190 train_time:22263ms step_avg:46.77ms
step:477/1190 train_time:22306ms step_avg:46.76ms
step:478/1190 train_time:22368ms step_avg:46.79ms
step:479/1190 train_time:22413ms step_avg:46.79ms
step:480/1190 train_time:22473ms step_avg:46.82ms
step:481/1190 train_time:22517ms step_avg:46.81ms
step:482/1190 train_time:22579ms step_avg:46.84ms
step:483/1190 train_time:22622ms step_avg:46.84ms
step:484/1190 train_time:22685ms step_avg:46.87ms
step:485/1190 train_time:22729ms step_avg:46.86ms
step:486/1190 train_time:22789ms step_avg:46.89ms
step:487/1190 train_time:22834ms step_avg:46.89ms
step:488/1190 train_time:22895ms step_avg:46.92ms
step:489/1190 train_time:22939ms step_avg:46.91ms
step:490/1190 train_time:23000ms step_avg:46.94ms
step:491/1190 train_time:23046ms step_avg:46.94ms
step:492/1190 train_time:23105ms step_avg:46.96ms
step:493/1190 train_time:23149ms step_avg:46.96ms
step:494/1190 train_time:23210ms step_avg:46.98ms
step:495/1190 train_time:23255ms step_avg:46.98ms
step:496/1190 train_time:23315ms step_avg:47.01ms
step:497/1190 train_time:23360ms step_avg:47.00ms
step:498/1190 train_time:23421ms step_avg:47.03ms
step:499/1190 train_time:23466ms step_avg:47.03ms
step:500/1190 train_time:23524ms step_avg:47.05ms
step:500/1190 val_loss:3.88876033 train_time:23574ms step_avg:47.15ms
step:501/1190 train_time:23612ms step_avg:47.13ms
step:502/1190 train_time:23658ms step_avg:47.13ms
step:503/1190 train_time:23696ms step_avg:47.11ms
step:504/1190 train_time:23741ms step_avg:47.11ms
step:505/1190 train_time:23789ms step_avg:47.11ms
step:506/1190 train_time:23850ms step_avg:47.13ms
step:507/1190 train_time:23895ms step_avg:47.13ms
step:508/1190 train_time:23957ms step_avg:47.16ms
step:509/1190 train_time:24002ms step_avg:47.15ms
step:510/1190 train_time:24060ms step_avg:47.18ms
step:511/1190 train_time:24106ms step_avg:47.17ms
step:512/1190 train_time:24168ms step_avg:47.20ms
step:513/1190 train_time:24209ms step_avg:47.19ms
step:514/1190 train_time:24268ms step_avg:47.21ms
step:515/1190 train_time:24317ms step_avg:47.22ms
step:516/1190 train_time:24378ms step_avg:47.24ms
step:517/1190 train_time:24420ms step_avg:47.23ms
step:518/1190 train_time:24480ms step_avg:47.26ms
step:519/1190 train_time:24525ms step_avg:47.25ms
step:520/1190 train_time:24585ms step_avg:47.28ms
step:521/1190 train_time:24628ms step_avg:47.27ms
step:522/1190 train_time:24689ms step_avg:47.30ms
step:523/1190 train_time:24736ms step_avg:47.30ms
step:524/1190 train_time:24796ms step_avg:47.32ms
step:525/1190 train_time:24843ms step_avg:47.32ms
step:526/1190 train_time:24903ms step_avg:47.34ms
step:527/1190 train_time:24948ms step_avg:47.34ms
step:528/1190 train_time:25010ms step_avg:47.37ms
step:529/1190 train_time:25052ms step_avg:47.36ms
step:530/1190 train_time:25112ms step_avg:47.38ms
step:531/1190 train_time:25159ms step_avg:47.38ms
step:532/1190 train_time:25219ms step_avg:47.40ms
step:533/1190 train_time:25265ms step_avg:47.40ms
step:534/1190 train_time:25323ms step_avg:47.42ms
step:535/1190 train_time:25369ms step_avg:47.42ms
step:536/1190 train_time:25428ms step_avg:47.44ms
step:537/1190 train_time:25475ms step_avg:47.44ms
step:538/1190 train_time:25534ms step_avg:47.46ms
step:539/1190 train_time:25580ms step_avg:47.46ms
step:540/1190 train_time:25638ms step_avg:47.48ms
step:541/1190 train_time:25685ms step_avg:47.48ms
step:542/1190 train_time:25746ms step_avg:47.50ms
step:543/1190 train_time:25791ms step_avg:47.50ms
step:544/1190 train_time:25851ms step_avg:47.52ms
step:545/1190 train_time:25895ms step_avg:47.51ms
step:546/1190 train_time:25955ms step_avg:47.54ms
step:547/1190 train_time:26001ms step_avg:47.53ms
step:548/1190 train_time:26060ms step_avg:47.55ms
step:549/1190 train_time:26107ms step_avg:47.55ms
step:550/1190 train_time:26167ms step_avg:47.58ms
step:551/1190 train_time:26213ms step_avg:47.57ms
step:552/1190 train_time:26273ms step_avg:47.60ms
step:553/1190 train_time:26317ms step_avg:47.59ms
step:554/1190 train_time:26377ms step_avg:47.61ms
step:555/1190 train_time:26423ms step_avg:47.61ms
step:556/1190 train_time:26481ms step_avg:47.63ms
step:557/1190 train_time:26529ms step_avg:47.63ms
step:558/1190 train_time:26587ms step_avg:47.65ms
step:559/1190 train_time:26633ms step_avg:47.64ms
step:560/1190 train_time:26694ms step_avg:47.67ms
step:561/1190 train_time:26738ms step_avg:47.66ms
step:562/1190 train_time:26799ms step_avg:47.68ms
step:563/1190 train_time:26843ms step_avg:47.68ms
step:564/1190 train_time:26905ms step_avg:47.70ms
step:565/1190 train_time:26949ms step_avg:47.70ms
step:566/1190 train_time:27010ms step_avg:47.72ms
step:567/1190 train_time:27055ms step_avg:47.72ms
step:568/1190 train_time:27115ms step_avg:47.74ms
step:569/1190 train_time:27161ms step_avg:47.73ms
step:570/1190 train_time:27221ms step_avg:47.76ms
step:571/1190 train_time:27266ms step_avg:47.75ms
step:572/1190 train_time:27325ms step_avg:47.77ms
step:573/1190 train_time:27372ms step_avg:47.77ms
step:574/1190 train_time:27430ms step_avg:47.79ms
step:575/1190 train_time:27474ms step_avg:47.78ms
step:576/1190 train_time:27536ms step_avg:47.81ms
step:577/1190 train_time:27582ms step_avg:47.80ms
step:578/1190 train_time:27641ms step_avg:47.82ms
step:579/1190 train_time:27687ms step_avg:47.82ms
step:580/1190 train_time:27747ms step_avg:47.84ms
step:581/1190 train_time:27791ms step_avg:47.83ms
step:582/1190 train_time:27852ms step_avg:47.86ms
step:583/1190 train_time:27899ms step_avg:47.85ms
step:584/1190 train_time:27958ms step_avg:47.87ms
step:585/1190 train_time:28003ms step_avg:47.87ms
step:586/1190 train_time:28062ms step_avg:47.89ms
step:587/1190 train_time:28108ms step_avg:47.88ms
step:588/1190 train_time:28169ms step_avg:47.91ms
step:589/1190 train_time:28214ms step_avg:47.90ms
step:590/1190 train_time:28274ms step_avg:47.92ms
step:591/1190 train_time:28319ms step_avg:47.92ms
step:592/1190 train_time:28379ms step_avg:47.94ms
step:593/1190 train_time:28426ms step_avg:47.94ms
step:594/1190 train_time:28485ms step_avg:47.95ms
step:595/1190 train_time:28530ms step_avg:47.95ms
step:596/1190 train_time:28591ms step_avg:47.97ms
step:597/1190 train_time:28635ms step_avg:47.97ms
step:598/1190 train_time:28697ms step_avg:47.99ms
step:599/1190 train_time:28742ms step_avg:47.98ms
step:600/1190 train_time:28801ms step_avg:48.00ms
step:601/1190 train_time:28848ms step_avg:48.00ms
step:602/1190 train_time:28909ms step_avg:48.02ms
step:603/1190 train_time:28953ms step_avg:48.01ms
step:604/1190 train_time:29012ms step_avg:48.03ms
step:605/1190 train_time:29056ms step_avg:48.03ms
step:606/1190 train_time:29117ms step_avg:48.05ms
step:607/1190 train_time:29162ms step_avg:48.04ms
step:608/1190 train_time:29222ms step_avg:48.06ms
step:609/1190 train_time:29268ms step_avg:48.06ms
step:610/1190 train_time:29327ms step_avg:48.08ms
step:611/1190 train_time:29374ms step_avg:48.07ms
step:612/1190 train_time:29432ms step_avg:48.09ms
step:613/1190 train_time:29479ms step_avg:48.09ms
step:614/1190 train_time:29538ms step_avg:48.11ms
step:615/1190 train_time:29583ms step_avg:48.10ms
step:616/1190 train_time:29643ms step_avg:48.12ms
step:617/1190 train_time:29690ms step_avg:48.12ms
step:618/1190 train_time:29748ms step_avg:48.14ms
step:619/1190 train_time:29794ms step_avg:48.13ms
step:620/1190 train_time:29856ms step_avg:48.15ms
step:621/1190 train_time:29899ms step_avg:48.15ms
step:622/1190 train_time:29958ms step_avg:48.16ms
step:623/1190 train_time:30008ms step_avg:48.17ms
step:624/1190 train_time:30067ms step_avg:48.18ms
step:625/1190 train_time:30111ms step_avg:48.18ms
step:626/1190 train_time:30170ms step_avg:48.20ms
step:627/1190 train_time:30218ms step_avg:48.19ms
step:628/1190 train_time:30276ms step_avg:48.21ms
step:629/1190 train_time:30324ms step_avg:48.21ms
step:630/1190 train_time:30382ms step_avg:48.22ms
step:631/1190 train_time:30428ms step_avg:48.22ms
step:632/1190 train_time:30488ms step_avg:48.24ms
step:633/1190 train_time:30532ms step_avg:48.23ms
step:634/1190 train_time:30591ms step_avg:48.25ms
step:635/1190 train_time:30639ms step_avg:48.25ms
step:636/1190 train_time:30700ms step_avg:48.27ms
step:637/1190 train_time:30745ms step_avg:48.26ms
step:638/1190 train_time:30803ms step_avg:48.28ms
step:639/1190 train_time:30849ms step_avg:48.28ms
step:640/1190 train_time:30910ms step_avg:48.30ms
step:641/1190 train_time:30956ms step_avg:48.29ms
step:642/1190 train_time:31017ms step_avg:48.31ms
step:643/1190 train_time:31061ms step_avg:48.31ms
step:644/1190 train_time:31122ms step_avg:48.33ms
step:645/1190 train_time:31167ms step_avg:48.32ms
step:646/1190 train_time:31228ms step_avg:48.34ms
step:647/1190 train_time:31273ms step_avg:48.33ms
step:648/1190 train_time:31332ms step_avg:48.35ms
step:649/1190 train_time:31376ms step_avg:48.34ms
step:650/1190 train_time:31438ms step_avg:48.37ms
step:651/1190 train_time:31483ms step_avg:48.36ms
step:652/1190 train_time:31543ms step_avg:48.38ms
step:653/1190 train_time:31589ms step_avg:48.38ms
step:654/1190 train_time:31651ms step_avg:48.40ms
step:655/1190 train_time:31707ms step_avg:48.41ms
step:656/1190 train_time:31757ms step_avg:48.41ms
step:657/1190 train_time:31802ms step_avg:48.41ms
step:658/1190 train_time:31860ms step_avg:48.42ms
step:659/1190 train_time:31905ms step_avg:48.41ms
step:660/1190 train_time:31965ms step_avg:48.43ms
step:661/1190 train_time:32011ms step_avg:48.43ms
step:662/1190 train_time:32071ms step_avg:48.45ms
step:663/1190 train_time:32115ms step_avg:48.44ms
step:664/1190 train_time:32175ms step_avg:48.46ms
step:665/1190 train_time:32222ms step_avg:48.45ms
step:666/1190 train_time:32281ms step_avg:48.47ms
step:667/1190 train_time:32325ms step_avg:48.46ms
step:668/1190 train_time:32386ms step_avg:48.48ms
step:669/1190 train_time:32431ms step_avg:48.48ms
step:670/1190 train_time:32490ms step_avg:48.49ms
step:671/1190 train_time:32538ms step_avg:48.49ms
step:672/1190 train_time:32598ms step_avg:48.51ms
step:673/1190 train_time:32643ms step_avg:48.50ms
step:674/1190 train_time:32702ms step_avg:48.52ms
step:675/1190 train_time:32749ms step_avg:48.52ms
step:676/1190 train_time:32807ms step_avg:48.53ms
step:677/1190 train_time:32852ms step_avg:48.53ms
step:678/1190 train_time:32914ms step_avg:48.55ms
step:679/1190 train_time:32959ms step_avg:48.54ms
step:680/1190 train_time:33021ms step_avg:48.56ms
step:681/1190 train_time:33065ms step_avg:48.55ms
step:682/1190 train_time:33125ms step_avg:48.57ms
step:683/1190 train_time:33169ms step_avg:48.56ms
step:684/1190 train_time:33229ms step_avg:48.58ms
step:685/1190 train_time:33276ms step_avg:48.58ms
step:686/1190 train_time:33334ms step_avg:48.59ms
step:687/1190 train_time:33381ms step_avg:48.59ms
step:688/1190 train_time:33441ms step_avg:48.61ms
step:689/1190 train_time:33485ms step_avg:48.60ms
step:690/1190 train_time:33545ms step_avg:48.62ms
step:691/1190 train_time:33592ms step_avg:48.61ms
step:692/1190 train_time:33650ms step_avg:48.63ms
step:693/1190 train_time:33696ms step_avg:48.62ms
step:694/1190 train_time:33756ms step_avg:48.64ms
step:695/1190 train_time:33803ms step_avg:48.64ms
step:696/1190 train_time:33860ms step_avg:48.65ms
step:697/1190 train_time:33907ms step_avg:48.65ms
step:698/1190 train_time:33969ms step_avg:48.67ms
step:699/1190 train_time:34012ms step_avg:48.66ms
step:700/1190 train_time:34071ms step_avg:48.67ms
step:701/1190 train_time:34117ms step_avg:48.67ms
step:702/1190 train_time:34178ms step_avg:48.69ms
step:703/1190 train_time:34224ms step_avg:48.68ms
step:704/1190 train_time:34284ms step_avg:48.70ms
step:705/1190 train_time:34327ms step_avg:48.69ms
step:706/1190 train_time:34389ms step_avg:48.71ms
step:707/1190 train_time:34435ms step_avg:48.71ms
step:708/1190 train_time:34495ms step_avg:48.72ms
step:709/1190 train_time:34565ms step_avg:48.75ms
step:710/1190 train_time:34648ms step_avg:48.80ms
step:711/1190 train_time:34716ms step_avg:48.83ms
step:712/1190 train_time:34799ms step_avg:48.87ms
step:713/1190 train_time:34868ms step_avg:48.90ms
step:714/1190 train_time:34950ms step_avg:48.95ms
step:715/1190 train_time:35020ms step_avg:48.98ms
step:716/1190 train_time:35104ms step_avg:49.03ms
step:717/1190 train_time:35172ms step_avg:49.05ms
step:718/1190 train_time:35253ms step_avg:49.10ms
step:719/1190 train_time:35323ms step_avg:49.13ms
step:720/1190 train_time:35403ms step_avg:49.17ms
step:721/1190 train_time:35473ms step_avg:49.20ms
step:722/1190 train_time:35559ms step_avg:49.25ms
step:723/1190 train_time:35624ms step_avg:49.27ms
step:724/1190 train_time:35707ms step_avg:49.32ms
step:725/1190 train_time:35775ms step_avg:49.35ms
step:726/1190 train_time:35860ms step_avg:49.39ms
step:727/1190 train_time:35927ms step_avg:49.42ms
step:728/1190 train_time:36010ms step_avg:49.46ms
step:729/1190 train_time:36078ms step_avg:49.49ms
step:730/1190 train_time:36162ms step_avg:49.54ms
step:731/1190 train_time:36228ms step_avg:49.56ms
step:732/1190 train_time:36311ms step_avg:49.60ms
step:733/1190 train_time:36380ms step_avg:49.63ms
step:734/1190 train_time:36465ms step_avg:49.68ms
step:735/1190 train_time:36532ms step_avg:49.70ms
step:736/1190 train_time:36615ms step_avg:49.75ms
step:737/1190 train_time:36683ms step_avg:49.77ms
step:738/1190 train_time:36766ms step_avg:49.82ms
step:739/1190 train_time:36835ms step_avg:49.84ms
step:740/1190 train_time:36919ms step_avg:49.89ms
step:741/1190 train_time:36986ms step_avg:49.91ms
step:742/1190 train_time:37070ms step_avg:49.96ms
step:743/1190 train_time:37137ms step_avg:49.98ms
step:744/1190 train_time:37221ms step_avg:50.03ms
step:745/1190 train_time:37289ms step_avg:50.05ms
step:746/1190 train_time:37370ms step_avg:50.09ms
step:747/1190 train_time:37440ms step_avg:50.12ms
step:748/1190 train_time:37521ms step_avg:50.16ms
step:749/1190 train_time:37592ms step_avg:50.19ms
step:750/1190 train_time:37673ms step_avg:50.23ms
step:750/1190 val_loss:3.50089574 train_time:37748ms step_avg:50.33ms
step:751/1190 train_time:37788ms step_avg:50.32ms
step:752/1190 train_time:37833ms step_avg:50.31ms
step:753/1190 train_time:37902ms step_avg:50.33ms
step:754/1190 train_time:37986ms step_avg:50.38ms
step:755/1190 train_time:38057ms step_avg:50.41ms
step:756/1190 train_time:38140ms step_avg:50.45ms
step:757/1190 train_time:38209ms step_avg:50.47ms
step:758/1190 train_time:38292ms step_avg:50.52ms
step:759/1190 train_time:38360ms step_avg:50.54ms
step:760/1190 train_time:38441ms step_avg:50.58ms
step:761/1190 train_time:38509ms step_avg:50.60ms
step:762/1190 train_time:38591ms step_avg:50.64ms
step:763/1190 train_time:38661ms step_avg:50.67ms
step:764/1190 train_time:38742ms step_avg:50.71ms
step:765/1190 train_time:38813ms step_avg:50.74ms
step:766/1190 train_time:38896ms step_avg:50.78ms
step:767/1190 train_time:38965ms step_avg:50.80ms
step:768/1190 train_time:39048ms step_avg:50.84ms
step:769/1190 train_time:39117ms step_avg:50.87ms
step:770/1190 train_time:39201ms step_avg:50.91ms
step:771/1190 train_time:39268ms step_avg:50.93ms
step:772/1190 train_time:39352ms step_avg:50.97ms
step:773/1190 train_time:39419ms step_avg:50.99ms
step:774/1190 train_time:39504ms step_avg:51.04ms
step:775/1190 train_time:39570ms step_avg:51.06ms
step:776/1190 train_time:39653ms step_avg:51.10ms
step:777/1190 train_time:39722ms step_avg:51.12ms
step:778/1190 train_time:39803ms step_avg:51.16ms
step:779/1190 train_time:39874ms step_avg:51.19ms
step:780/1190 train_time:39957ms step_avg:51.23ms
step:781/1190 train_time:40025ms step_avg:51.25ms
step:782/1190 train_time:40110ms step_avg:51.29ms
step:783/1190 train_time:40177ms step_avg:51.31ms
step:784/1190 train_time:40261ms step_avg:51.35ms
step:785/1190 train_time:40328ms step_avg:51.37ms
step:786/1190 train_time:40410ms step_avg:51.41ms
step:787/1190 train_time:40480ms step_avg:51.44ms
step:788/1190 train_time:40560ms step_avg:51.47ms
step:789/1190 train_time:40633ms step_avg:51.50ms
step:790/1190 train_time:40716ms step_avg:51.54ms
step:791/1190 train_time:40783ms step_avg:51.56ms
step:792/1190 train_time:40865ms step_avg:51.60ms
step:793/1190 train_time:40935ms step_avg:51.62ms
step:794/1190 train_time:41019ms step_avg:51.66ms
step:795/1190 train_time:41086ms step_avg:51.68ms
step:796/1190 train_time:41168ms step_avg:51.72ms
step:797/1190 train_time:41238ms step_avg:51.74ms
step:798/1190 train_time:41323ms step_avg:51.78ms
step:799/1190 train_time:41390ms step_avg:51.80ms
step:800/1190 train_time:41475ms step_avg:51.84ms
step:801/1190 train_time:41543ms step_avg:51.86ms
step:802/1190 train_time:41625ms step_avg:51.90ms
step:803/1190 train_time:41692ms step_avg:51.92ms
step:804/1190 train_time:41777ms step_avg:51.96ms
step:805/1190 train_time:41845ms step_avg:51.98ms
step:806/1190 train_time:41928ms step_avg:52.02ms
step:807/1190 train_time:41995ms step_avg:52.04ms
step:808/1190 train_time:42080ms step_avg:52.08ms
step:809/1190 train_time:42147ms step_avg:52.10ms
step:810/1190 train_time:42233ms step_avg:52.14ms
step:811/1190 train_time:42301ms step_avg:52.16ms
step:812/1190 train_time:42384ms step_avg:52.20ms
step:813/1190 train_time:42452ms step_avg:52.22ms
step:814/1190 train_time:42537ms step_avg:52.26ms
step:815/1190 train_time:42604ms step_avg:52.28ms
step:816/1190 train_time:42687ms step_avg:52.31ms
step:817/1190 train_time:42755ms step_avg:52.33ms
step:818/1190 train_time:42839ms step_avg:52.37ms
step:819/1190 train_time:42906ms step_avg:52.39ms
step:820/1190 train_time:42991ms step_avg:52.43ms
step:821/1190 train_time:43058ms step_avg:52.45ms
step:822/1190 train_time:43141ms step_avg:52.48ms
step:823/1190 train_time:43210ms step_avg:52.50ms
step:824/1190 train_time:43295ms step_avg:52.54ms
step:825/1190 train_time:43362ms step_avg:52.56ms
step:826/1190 train_time:43445ms step_avg:52.60ms
step:827/1190 train_time:43514ms step_avg:52.62ms
step:828/1190 train_time:43598ms step_avg:52.65ms
step:829/1190 train_time:43666ms step_avg:52.67ms
step:830/1190 train_time:43749ms step_avg:52.71ms
step:831/1190 train_time:43818ms step_avg:52.73ms
step:832/1190 train_time:43901ms step_avg:52.77ms
step:833/1190 train_time:43970ms step_avg:52.79ms
step:834/1190 train_time:44053ms step_avg:52.82ms
step:835/1190 train_time:44121ms step_avg:52.84ms
step:836/1190 train_time:44203ms step_avg:52.87ms
step:837/1190 train_time:44272ms step_avg:52.89ms
step:838/1190 train_time:44356ms step_avg:52.93ms
step:839/1190 train_time:44424ms step_avg:52.95ms
step:840/1190 train_time:44507ms step_avg:52.98ms
step:841/1190 train_time:44575ms step_avg:53.00ms
step:842/1190 train_time:44658ms step_avg:53.04ms
step:843/1190 train_time:44728ms step_avg:53.06ms
step:844/1190 train_time:44812ms step_avg:53.10ms
step:845/1190 train_time:44880ms step_avg:53.11ms
step:846/1190 train_time:44964ms step_avg:53.15ms
step:847/1190 train_time:45032ms step_avg:53.17ms
step:848/1190 train_time:45116ms step_avg:53.20ms
step:849/1190 train_time:45184ms step_avg:53.22ms
step:850/1190 train_time:45268ms step_avg:53.26ms
step:851/1190 train_time:45336ms step_avg:53.27ms
step:852/1190 train_time:45418ms step_avg:53.31ms
step:853/1190 train_time:45488ms step_avg:53.33ms
step:854/1190 train_time:45571ms step_avg:53.36ms
step:855/1190 train_time:45640ms step_avg:53.38ms
step:856/1190 train_time:45721ms step_avg:53.41ms
step:857/1190 train_time:45792ms step_avg:53.43ms
step:858/1190 train_time:45873ms step_avg:53.47ms
step:859/1190 train_time:45945ms step_avg:53.49ms
step:860/1190 train_time:46026ms step_avg:53.52ms
step:861/1190 train_time:46097ms step_avg:53.54ms
step:862/1190 train_time:46179ms step_avg:53.57ms
step:863/1190 train_time:46247ms step_avg:53.59ms
step:864/1190 train_time:46331ms step_avg:53.62ms
step:865/1190 train_time:46399ms step_avg:53.64ms
step:866/1190 train_time:46484ms step_avg:53.68ms
step:867/1190 train_time:46552ms step_avg:53.69ms
step:868/1190 train_time:46634ms step_avg:53.73ms
step:869/1190 train_time:46703ms step_avg:53.74ms
step:870/1190 train_time:46788ms step_avg:53.78ms
step:871/1190 train_time:46855ms step_avg:53.79ms
step:872/1190 train_time:46937ms step_avg:53.83ms
step:873/1190 train_time:47007ms step_avg:53.85ms
step:874/1190 train_time:47092ms step_avg:53.88ms
step:875/1190 train_time:47159ms step_avg:53.90ms
step:876/1190 train_time:47242ms step_avg:53.93ms
step:877/1190 train_time:47312ms step_avg:53.95ms
step:878/1190 train_time:47396ms step_avg:53.98ms
step:879/1190 train_time:47464ms step_avg:54.00ms
step:880/1190 train_time:47546ms step_avg:54.03ms
step:881/1190 train_time:47615ms step_avg:54.05ms
step:882/1190 train_time:47698ms step_avg:54.08ms
step:883/1190 train_time:47767ms step_avg:54.10ms
step:884/1190 train_time:47852ms step_avg:54.13ms
step:885/1190 train_time:47920ms step_avg:54.15ms
step:886/1190 train_time:48063ms step_avg:54.25ms
step:887/1190 train_time:48110ms step_avg:54.24ms
step:888/1190 train_time:48157ms step_avg:54.23ms
step:889/1190 train_time:48225ms step_avg:54.25ms
step:890/1190 train_time:48305ms step_avg:54.28ms
step:891/1190 train_time:48376ms step_avg:54.29ms
step:892/1190 train_time:48459ms step_avg:54.33ms
step:893/1190 train_time:48528ms step_avg:54.34ms
step:894/1190 train_time:48610ms step_avg:54.37ms
step:895/1190 train_time:48680ms step_avg:54.39ms
step:896/1190 train_time:48765ms step_avg:54.43ms
step:897/1190 train_time:48833ms step_avg:54.44ms
step:898/1190 train_time:48915ms step_avg:54.47ms
step:899/1190 train_time:48984ms step_avg:54.49ms
step:900/1190 train_time:49065ms step_avg:54.52ms
step:901/1190 train_time:49135ms step_avg:54.53ms
step:902/1190 train_time:49219ms step_avg:54.57ms
step:903/1190 train_time:49288ms step_avg:54.58ms
step:904/1190 train_time:49371ms step_avg:54.61ms
step:905/1190 train_time:49440ms step_avg:54.63ms
step:906/1190 train_time:49522ms step_avg:54.66ms
step:907/1190 train_time:49593ms step_avg:54.68ms
step:908/1190 train_time:49675ms step_avg:54.71ms
step:909/1190 train_time:49744ms step_avg:54.72ms
step:910/1190 train_time:49827ms step_avg:54.76ms
step:911/1190 train_time:49895ms step_avg:54.77ms
step:912/1190 train_time:49979ms step_avg:54.80ms
step:913/1190 train_time:50047ms step_avg:54.82ms
step:914/1190 train_time:50132ms step_avg:54.85ms
step:915/1190 train_time:50200ms step_avg:54.86ms
step:916/1190 train_time:50283ms step_avg:54.89ms
step:917/1190 train_time:50351ms step_avg:54.91ms
step:918/1190 train_time:50434ms step_avg:54.94ms
step:919/1190 train_time:50503ms step_avg:54.95ms
step:920/1190 train_time:50587ms step_avg:54.99ms
step:921/1190 train_time:50656ms step_avg:55.00ms
step:922/1190 train_time:50739ms step_avg:55.03ms
step:923/1190 train_time:50807ms step_avg:55.05ms
step:924/1190 train_time:50890ms step_avg:55.08ms
step:925/1190 train_time:50959ms step_avg:55.09ms
step:926/1190 train_time:51040ms step_avg:55.12ms
step:927/1190 train_time:51112ms step_avg:55.14ms
step:928/1190 train_time:51194ms step_avg:55.17ms
step:929/1190 train_time:51264ms step_avg:55.18ms
step:930/1190 train_time:51347ms step_avg:55.21ms
step:931/1190 train_time:51415ms step_avg:55.23ms
step:932/1190 train_time:51498ms step_avg:55.26ms
step:933/1190 train_time:51567ms step_avg:55.27ms
step:934/1190 train_time:51648ms step_avg:55.30ms
step:935/1190 train_time:51719ms step_avg:55.31ms
step:936/1190 train_time:51801ms step_avg:55.34ms
step:937/1190 train_time:51871ms step_avg:55.36ms
step:938/1190 train_time:51956ms step_avg:55.39ms
step:939/1190 train_time:52023ms step_avg:55.40ms
step:940/1190 train_time:52107ms step_avg:55.43ms
step:941/1190 train_time:52176ms step_avg:55.45ms
step:942/1190 train_time:52258ms step_avg:55.48ms
step:943/1190 train_time:52331ms step_avg:55.49ms
step:944/1190 train_time:52413ms step_avg:55.52ms
step:945/1190 train_time:52481ms step_avg:55.54ms
step:946/1190 train_time:52563ms step_avg:55.56ms
step:947/1190 train_time:52631ms step_avg:55.58ms
step:948/1190 train_time:52715ms step_avg:55.61ms
step:949/1190 train_time:52784ms step_avg:55.62ms
step:950/1190 train_time:52867ms step_avg:55.65ms
step:951/1190 train_time:52936ms step_avg:55.66ms
step:952/1190 train_time:53018ms step_avg:55.69ms
step:953/1190 train_time:53089ms step_avg:55.71ms
step:954/1190 train_time:53172ms step_avg:55.74ms
step:955/1190 train_time:53239ms step_avg:55.75ms
step:956/1190 train_time:53322ms step_avg:55.78ms
step:957/1190 train_time:53391ms step_avg:55.79ms
step:958/1190 train_time:53472ms step_avg:55.82ms
step:959/1190 train_time:53545ms step_avg:55.83ms
step:960/1190 train_time:53627ms step_avg:55.86ms
step:961/1190 train_time:53696ms step_avg:55.87ms
step:962/1190 train_time:53781ms step_avg:55.91ms
step:963/1190 train_time:53846ms step_avg:55.92ms
step:964/1190 train_time:53929ms step_avg:55.94ms
step:965/1190 train_time:53999ms step_avg:55.96ms
step:966/1190 train_time:54081ms step_avg:55.98ms
step:967/1190 train_time:54150ms step_avg:56.00ms
step:968/1190 train_time:54234ms step_avg:56.03ms
step:969/1190 train_time:54302ms step_avg:56.04ms
step:970/1190 train_time:54385ms step_avg:56.07ms
step:971/1190 train_time:54454ms step_avg:56.08ms
step:972/1190 train_time:54536ms step_avg:56.11ms
step:973/1190 train_time:54607ms step_avg:56.12ms
step:974/1190 train_time:54692ms step_avg:56.15ms
step:975/1190 train_time:54758ms step_avg:56.16ms
step:976/1190 train_time:54841ms step_avg:56.19ms
step:977/1190 train_time:54911ms step_avg:56.20ms
step:978/1190 train_time:54992ms step_avg:56.23ms
step:979/1190 train_time:55060ms step_avg:56.24ms
step:980/1190 train_time:55144ms step_avg:56.27ms
step:981/1190 train_time:55212ms step_avg:56.28ms
step:982/1190 train_time:55297ms step_avg:56.31ms
step:983/1190 train_time:55364ms step_avg:56.32ms
step:984/1190 train_time:55447ms step_avg:56.35ms
step:985/1190 train_time:55515ms step_avg:56.36ms
step:986/1190 train_time:55599ms step_avg:56.39ms
step:987/1190 train_time:55668ms step_avg:56.40ms
step:988/1190 train_time:55750ms step_avg:56.43ms
step:989/1190 train_time:55818ms step_avg:56.44ms
step:990/1190 train_time:55900ms step_avg:56.46ms
step:991/1190 train_time:55971ms step_avg:56.48ms
step:992/1190 train_time:56054ms step_avg:56.51ms
step:993/1190 train_time:56123ms step_avg:56.52ms
step:994/1190 train_time:56204ms step_avg:56.54ms
step:995/1190 train_time:56274ms step_avg:56.56ms
step:996/1190 train_time:56358ms step_avg:56.58ms
step:997/1190 train_time:56426ms step_avg:56.60ms
step:998/1190 train_time:56510ms step_avg:56.62ms
step:999/1190 train_time:56577ms step_avg:56.63ms
step:1000/1190 train_time:56661ms step_avg:56.66ms
step:1000/1190 val_loss:3.34828949 train_time:56733ms step_avg:56.73ms
step:1001/1190 train_time:56778ms step_avg:56.72ms
step:1002/1190 train_time:56834ms step_avg:56.72ms
step:1003/1190 train_time:56918ms step_avg:56.75ms
step:1004/1190 train_time:56984ms step_avg:56.76ms
step:1005/1190 train_time:57048ms step_avg:56.76ms
step:1006/1190 train_time:57130ms step_avg:56.79ms
step:1007/1190 train_time:57199ms step_avg:56.80ms
step:1008/1190 train_time:57281ms step_avg:56.83ms
step:1009/1190 train_time:57352ms step_avg:56.84ms
step:1010/1190 train_time:57438ms step_avg:56.87ms
step:1011/1190 train_time:57500ms step_avg:56.87ms
step:1012/1190 train_time:57586ms step_avg:56.90ms
step:1013/1190 train_time:57652ms step_avg:56.91ms
step:1014/1190 train_time:57732ms step_avg:56.93ms
step:1015/1190 train_time:57802ms step_avg:56.95ms
step:1016/1190 train_time:57889ms step_avg:56.98ms
step:1017/1190 train_time:57955ms step_avg:56.99ms
step:1018/1190 train_time:58039ms step_avg:57.01ms
step:1019/1190 train_time:58117ms step_avg:57.03ms
step:1020/1190 train_time:58192ms step_avg:57.05ms
step:1021/1190 train_time:58259ms step_avg:57.06ms
step:1022/1190 train_time:58342ms step_avg:57.09ms
step:1023/1190 train_time:58409ms step_avg:57.10ms
step:1024/1190 train_time:58501ms step_avg:57.13ms
step:1025/1190 train_time:58558ms step_avg:57.13ms
step:1026/1190 train_time:58641ms step_avg:57.15ms
step:1027/1190 train_time:58716ms step_avg:57.17ms
step:1028/1190 train_time:58794ms step_avg:57.19ms
step:1029/1190 train_time:58863ms step_avg:57.20ms
step:1030/1190 train_time:58944ms step_avg:57.23ms
step:1031/1190 train_time:59017ms step_avg:57.24ms
step:1032/1190 train_time:59101ms step_avg:57.27ms
step:1033/1190 train_time:59168ms step_avg:57.28ms
step:1034/1190 train_time:59251ms step_avg:57.30ms
step:1035/1190 train_time:59324ms step_avg:57.32ms
step:1036/1190 train_time:59404ms step_avg:57.34ms
step:1037/1190 train_time:59474ms step_avg:57.35ms
step:1038/1190 train_time:59552ms step_avg:57.37ms
step:1039/1190 train_time:59621ms step_avg:57.38ms
step:1040/1190 train_time:59704ms step_avg:57.41ms
step:1041/1190 train_time:59775ms step_avg:57.42ms
step:1042/1190 train_time:59856ms step_avg:57.44ms
step:1043/1190 train_time:59925ms step_avg:57.45ms
step:1044/1190 train_time:60007ms step_avg:57.48ms
step:1045/1190 train_time:60077ms step_avg:57.49ms
step:1046/1190 train_time:60161ms step_avg:57.52ms
step:1047/1190 train_time:60228ms step_avg:57.52ms
step:1048/1190 train_time:60311ms step_avg:57.55ms
step:1049/1190 train_time:60380ms step_avg:57.56ms
step:1050/1190 train_time:60461ms step_avg:57.58ms
step:1051/1190 train_time:60531ms step_avg:57.59ms
step:1052/1190 train_time:60615ms step_avg:57.62ms
step:1053/1190 train_time:60684ms step_avg:57.63ms
step:1054/1190 train_time:60765ms step_avg:57.65ms
step:1055/1190 train_time:60833ms step_avg:57.66ms
step:1056/1190 train_time:60919ms step_avg:57.69ms
step:1057/1190 train_time:60986ms step_avg:57.70ms
step:1058/1190 train_time:61069ms step_avg:57.72ms
step:1059/1190 train_time:61137ms step_avg:57.73ms
step:1060/1190 train_time:61222ms step_avg:57.76ms
step:1061/1190 train_time:61289ms step_avg:57.77ms
step:1062/1190 train_time:61370ms step_avg:57.79ms
step:1063/1190 train_time:61440ms step_avg:57.80ms
step:1064/1190 train_time:61522ms step_avg:57.82ms
step:1065/1190 train_time:61591ms step_avg:57.83ms
step:1066/1190 train_time:61674ms step_avg:57.86ms
step:1067/1190 train_time:61743ms step_avg:57.87ms
step:1068/1190 train_time:61826ms step_avg:57.89ms
step:1069/1190 train_time:61893ms step_avg:57.90ms
step:1070/1190 train_time:61977ms step_avg:57.92ms
step:1071/1190 train_time:62046ms step_avg:57.93ms
step:1072/1190 train_time:62129ms step_avg:57.96ms
step:1073/1190 train_time:62196ms step_avg:57.96ms
step:1074/1190 train_time:62280ms step_avg:57.99ms
step:1075/1190 train_time:62347ms step_avg:58.00ms
step:1076/1190 train_time:62430ms step_avg:58.02ms
step:1077/1190 train_time:62498ms step_avg:58.03ms
step:1078/1190 train_time:62580ms step_avg:58.05ms
step:1079/1190 train_time:62649ms step_avg:58.06ms
step:1080/1190 train_time:62732ms step_avg:58.09ms
step:1081/1190 train_time:62800ms step_avg:58.09ms
step:1082/1190 train_time:62884ms step_avg:58.12ms
step:1083/1190 train_time:62952ms step_avg:58.13ms
step:1084/1190 train_time:63039ms step_avg:58.15ms
step:1085/1190 train_time:63102ms step_avg:58.16ms
step:1086/1190 train_time:63186ms step_avg:58.18ms
step:1087/1190 train_time:63255ms step_avg:58.19ms
step:1088/1190 train_time:63338ms step_avg:58.21ms
step:1089/1190 train_time:63406ms step_avg:58.22ms
step:1090/1190 train_time:63489ms step_avg:58.25ms
step:1091/1190 train_time:63557ms step_avg:58.26ms
step:1092/1190 train_time:63639ms step_avg:58.28ms
step:1093/1190 train_time:63713ms step_avg:58.29ms
step:1094/1190 train_time:63794ms step_avg:58.31ms
step:1095/1190 train_time:63861ms step_avg:58.32ms
step:1096/1190 train_time:63941ms step_avg:58.34ms
step:1097/1190 train_time:64010ms step_avg:58.35ms
step:1098/1190 train_time:64120ms step_avg:58.40ms
step:1099/1190 train_time:64167ms step_avg:58.39ms
step:1100/1190 train_time:64245ms step_avg:58.40ms
step:1101/1190 train_time:64313ms step_avg:58.41ms
step:1102/1190 train_time:64395ms step_avg:58.43ms
step:1103/1190 train_time:64466ms step_avg:58.45ms
step:1104/1190 train_time:64550ms step_avg:58.47ms
step:1105/1190 train_time:64619ms step_avg:58.48ms
step:1106/1190 train_time:64700ms step_avg:58.50ms
step:1107/1190 train_time:64769ms step_avg:58.51ms
step:1108/1190 train_time:64850ms step_avg:58.53ms
step:1109/1190 train_time:64919ms step_avg:58.54ms
step:1110/1190 train_time:65001ms step_avg:58.56ms
step:1111/1190 train_time:65070ms step_avg:58.57ms
step:1112/1190 train_time:65153ms step_avg:58.59ms
step:1113/1190 train_time:65220ms step_avg:58.60ms
step:1114/1190 train_time:65304ms step_avg:58.62ms
step:1115/1190 train_time:65371ms step_avg:58.63ms
step:1116/1190 train_time:65454ms step_avg:58.65ms
step:1117/1190 train_time:65524ms step_avg:58.66ms
step:1118/1190 train_time:65608ms step_avg:58.68ms
step:1119/1190 train_time:65674ms step_avg:58.69ms
step:1120/1190 train_time:65756ms step_avg:58.71ms
step:1121/1190 train_time:65825ms step_avg:58.72ms
step:1122/1190 train_time:65907ms step_avg:58.74ms
step:1123/1190 train_time:65977ms step_avg:58.75ms
step:1124/1190 train_time:66058ms step_avg:58.77ms
step:1125/1190 train_time:66127ms step_avg:58.78ms
step:1126/1190 train_time:66208ms step_avg:58.80ms
step:1127/1190 train_time:66279ms step_avg:58.81ms
step:1128/1190 train_time:66360ms step_avg:58.83ms
step:1129/1190 train_time:66429ms step_avg:58.84ms
step:1130/1190 train_time:66511ms step_avg:58.86ms
step:1131/1190 train_time:66582ms step_avg:58.87ms
step:1132/1190 train_time:66666ms step_avg:58.89ms
step:1133/1190 train_time:66736ms step_avg:58.90ms
step:1134/1190 train_time:66819ms step_avg:58.92ms
step:1135/1190 train_time:66888ms step_avg:58.93ms
step:1136/1190 train_time:66970ms step_avg:58.95ms
step:1137/1190 train_time:67041ms step_avg:58.96ms
step:1138/1190 train_time:67125ms step_avg:58.98ms
step:1139/1190 train_time:67191ms step_avg:58.99ms
step:1140/1190 train_time:67274ms step_avg:59.01ms
step:1141/1190 train_time:67342ms step_avg:59.02ms
step:1142/1190 train_time:67427ms step_avg:59.04ms
step:1143/1190 train_time:67495ms step_avg:59.05ms
step:1144/1190 train_time:67579ms step_avg:59.07ms
step:1145/1190 train_time:67648ms step_avg:59.08ms
step:1146/1190 train_time:67731ms step_avg:59.10ms
step:1147/1190 train_time:67801ms step_avg:59.11ms
step:1148/1190 train_time:67885ms step_avg:59.13ms
step:1149/1190 train_time:67951ms step_avg:59.14ms
step:1150/1190 train_time:68035ms step_avg:59.16ms
step:1151/1190 train_time:68103ms step_avg:59.17ms
step:1152/1190 train_time:68186ms step_avg:59.19ms
step:1153/1190 train_time:68254ms step_avg:59.20ms
step:1154/1190 train_time:68339ms step_avg:59.22ms
step:1155/1190 train_time:68405ms step_avg:59.23ms
step:1156/1190 train_time:68490ms step_avg:59.25ms
step:1157/1190 train_time:68558ms step_avg:59.26ms
step:1158/1190 train_time:68640ms step_avg:59.27ms
step:1159/1190 train_time:68709ms step_avg:59.28ms
step:1160/1190 train_time:68794ms step_avg:59.30ms
step:1161/1190 train_time:68863ms step_avg:59.31ms
step:1162/1190 train_time:68946ms step_avg:59.33ms
step:1163/1190 train_time:69013ms step_avg:59.34ms
step:1164/1190 train_time:69097ms step_avg:59.36ms
step:1165/1190 train_time:69164ms step_avg:59.37ms
step:1166/1190 train_time:69249ms step_avg:59.39ms
step:1167/1190 train_time:69316ms step_avg:59.40ms
step:1168/1190 train_time:69400ms step_avg:59.42ms
step:1169/1190 train_time:69468ms step_avg:59.43ms
step:1170/1190 train_time:69550ms step_avg:59.44ms
step:1171/1190 train_time:69620ms step_avg:59.45ms
step:1172/1190 train_time:69703ms step_avg:59.47ms
step:1173/1190 train_time:69773ms step_avg:59.48ms
step:1174/1190 train_time:69854ms step_avg:59.50ms
step:1175/1190 train_time:69924ms step_avg:59.51ms
step:1176/1190 train_time:70009ms step_avg:59.53ms
step:1177/1190 train_time:70076ms step_avg:59.54ms
step:1178/1190 train_time:70162ms step_avg:59.56ms
step:1179/1190 train_time:70227ms step_avg:59.56ms
step:1180/1190 train_time:70311ms step_avg:59.59ms
step:1181/1190 train_time:70381ms step_avg:59.59ms
step:1182/1190 train_time:70463ms step_avg:59.61ms
step:1183/1190 train_time:70531ms step_avg:59.62ms
step:1184/1190 train_time:70615ms step_avg:59.64ms
step:1185/1190 train_time:70683ms step_avg:59.65ms
step:1186/1190 train_time:70768ms step_avg:59.67ms
step:1187/1190 train_time:70835ms step_avg:59.68ms
step:1188/1190 train_time:70918ms step_avg:59.70ms
step:1189/1190 train_time:70986ms step_avg:59.70ms
step:1190/1190 train_time:71069ms step_avg:59.72ms
step:1190/1190 val_loss:3.27642536 train_time:71142ms step_avg:59.78ms
peak memory allocated: 31988 MiB reserved: 43980 MiB
