HARNESS_TRAINING_ENV={"OMP_NUM_THREADS": "1", "MKL_NUM_THREADS": "1", "torch_num_threads": 1, "torch_num_interop_threads": 43}
[Gloo] Rank 3 is connected to 7[Gloo] Rank 0 peer ranks.  is connected to Expected number of connected peer ranks is : 77 peer ranks. 
Expected number of connected peer ranks is : 7
[Gloo] Rank 2 is connected to 7[Gloo] Rank  peer ranks. 1Expected number of connected peer ranks is :  is connected to 77
 peer ranks. Expected number of connected peer ranks is : 7[Gloo] Rank 6
 is connected to 7 peer ranks. Expected number of connected peer ranks is : 7
[Gloo] Rank 5 is connected to 7 peer ranks. Expected number of connected peer ranks is : 7
[Gloo] Rank 4 is connected to 7 peer ranks. Expected number of connected peer ranks is : 7
[Gloo] Rank 7 is connected to 7 peer ranks. Expected number of connected peer ranks is : 7
/workspace/train_gpt.py:1084: UserWarning: Skipping publisher trust check for 'kernels-community/flash-attn3' because Hugging Face Hub is in offline mode.
  flash_attn_interface = get_kernel('kernels-community/flash-attn3', version=1).flash_attn_interface
/workspace/train_gpt.py:1084: UserWarning: Skipping publisher trust check for 'kernels-community/flash-attn3' because Hugging Face Hub is in offline mode.
  flash_attn_interface = get_kernel('kernels-community/flash-attn3', version=1).flash_attn_interface
/workspace/train_gpt.py:1084: UserWarning: Skipping publisher trust check for 'kernels-community/flash-attn3' because Hugging Face Hub is in offline mode.
  flash_attn_interface = get_kernel('kernels-community/flash-attn3', version=1).flash_attn_interface
/workspace/train_gpt.py:1084: UserWarning: Skipping publisher trust check for 'kernels-community/flash-attn3' because Hugging Face Hub is in offline mode.
  flash_attn_interface = get_kernel('kernels-community/flash-attn3', version=1).flash_attn_interface
/workspace/train_gpt.py:1084: UserWarning: Skipping publisher trust check for 'kernels-community/flash-attn3' because Hugging Face Hub is in offline mode.
  flash_attn_interface = get_kernel('kernels-community/flash-attn3', version=1).flash_attn_interface
/workspace/train_gpt.py:1084: UserWarning: Skipping publisher trust check for 'kernels-community/flash-attn3' because Hugging Face Hub is in offline mode.
  flash_attn_interface = get_kernel('kernels-community/flash-attn3', version=1).flash_attn_interface
/workspace/train_gpt.py:1084: UserWarning: Skipping publisher trust check for 'kernels-community/flash-attn3' because Hugging Face Hub is in offline mode.
  flash_attn_interface = get_kernel('kernels-community/flash-attn3', version=1).flash_attn_interface
/workspace/train_gpt.py:1084: UserWarning: Skipping publisher trust check for 'kernels-community/flash-attn3' because Hugging Face Hub is in offline mode.
  flash_attn_interface = get_kernel('kernels-community/flash-attn3', version=1).flash_attn_interface
logs/d969f20e-bf83-47db-994e-6900fa004170.txt
Compiling model and warming up kernels (~7 minutes on first execution)
Sampling steps [0, 1, 281, 282, 283, 284, 705, 706, 707, 708, 1128, 1129, 1130, 1131] for warmup
Resetting Model
step:0/1190 val_loss:10.82907104 train_time:69ms step_avg:69.28ms
step:1/1190 train_time:279ms step_avg:278.65ms
step:2/1190 train_time:328ms step_avg:163.91ms
step:3/1190 train_time:368ms step_avg:122.59ms
step:4/1190 train_time:415ms step_avg:103.83ms
step:5/1190 train_time:456ms step_avg:91.15ms
step:6/1190 train_time:506ms step_avg:84.40ms
step:7/1190 train_time:547ms step_avg:78.10ms
step:8/1190 train_time:594ms step_avg:74.25ms
step:9/1190 train_time:636ms step_avg:70.64ms
step:10/1190 train_time:684ms step_avg:68.42ms
step:11/1190 train_time:721ms step_avg:65.57ms
step:12/1190 train_time:768ms step_avg:64.00ms
step:13/1190 train_time:811ms step_avg:62.42ms
step:14/1190 train_time:860ms step_avg:61.42ms
step:15/1190 train_time:899ms step_avg:59.96ms
step:16/1190 train_time:945ms step_avg:59.03ms
step:17/1190 train_time:983ms step_avg:57.84ms
step:18/1190 train_time:1027ms step_avg:57.03ms
step:19/1190 train_time:1066ms step_avg:56.10ms
step:20/1190 train_time:1112ms step_avg:55.60ms
step:21/1190 train_time:1149ms step_avg:54.71ms
step:22/1190 train_time:1195ms step_avg:54.31ms
step:23/1190 train_time:1234ms step_avg:53.65ms
step:24/1190 train_time:1279ms step_avg:53.31ms
step:25/1190 train_time:1318ms step_avg:52.72ms
step:26/1190 train_time:1363ms step_avg:52.44ms
step:27/1190 train_time:1403ms step_avg:51.96ms
step:28/1190 train_time:1449ms step_avg:51.73ms
step:29/1190 train_time:1485ms step_avg:51.19ms
step:30/1190 train_time:1529ms step_avg:50.96ms
step:31/1190 train_time:1568ms step_avg:50.59ms
step:32/1190 train_time:1614ms step_avg:50.43ms
step:33/1190 train_time:1655ms step_avg:50.15ms
step:34/1190 train_time:1700ms step_avg:50.01ms
step:35/1190 train_time:1738ms step_avg:49.66ms
step:36/1190 train_time:1782ms step_avg:49.49ms
step:37/1190 train_time:1821ms step_avg:49.23ms
step:38/1190 train_time:1867ms step_avg:49.13ms
step:39/1190 train_time:1905ms step_avg:48.84ms
step:40/1190 train_time:1949ms step_avg:48.73ms
step:41/1190 train_time:1989ms step_avg:48.50ms
step:42/1190 train_time:2035ms step_avg:48.44ms
step:43/1190 train_time:2074ms step_avg:48.23ms
step:44/1190 train_time:2119ms step_avg:48.15ms
step:45/1190 train_time:2161ms step_avg:48.01ms
step:46/1190 train_time:2209ms step_avg:48.03ms
step:47/1190 train_time:2247ms step_avg:47.80ms
step:48/1190 train_time:2292ms step_avg:47.76ms
step:49/1190 train_time:2335ms step_avg:47.65ms
step:50/1190 train_time:2380ms step_avg:47.60ms
step:51/1190 train_time:2419ms step_avg:47.42ms
step:52/1190 train_time:2460ms step_avg:47.31ms
step:53/1190 train_time:2494ms step_avg:47.05ms
step:54/1190 train_time:2535ms step_avg:46.95ms
step:55/1190 train_time:2577ms step_avg:46.85ms
step:56/1190 train_time:2625ms step_avg:46.87ms
step:57/1190 train_time:2665ms step_avg:46.75ms
step:58/1190 train_time:2712ms step_avg:46.76ms
step:59/1190 train_time:2751ms step_avg:46.63ms
step:60/1190 train_time:2796ms step_avg:46.60ms
step:61/1190 train_time:2837ms step_avg:46.51ms
step:62/1190 train_time:2882ms step_avg:46.48ms
step:63/1190 train_time:2926ms step_avg:46.44ms
step:64/1190 train_time:2973ms step_avg:46.46ms
step:65/1190 train_time:3011ms step_avg:46.32ms
step:66/1190 train_time:3055ms step_avg:46.29ms
step:67/1190 train_time:3093ms step_avg:46.17ms
step:68/1190 train_time:3141ms step_avg:46.19ms
step:69/1190 train_time:3181ms step_avg:46.10ms
step:70/1190 train_time:3229ms step_avg:46.12ms
step:71/1190 train_time:3267ms step_avg:46.01ms
step:72/1190 train_time:3313ms step_avg:46.01ms
step:73/1190 train_time:3352ms step_avg:45.91ms
step:74/1190 train_time:3399ms step_avg:45.93ms
step:75/1190 train_time:3440ms step_avg:45.87ms
step:76/1190 train_time:3487ms step_avg:45.89ms
step:77/1190 train_time:3525ms step_avg:45.78ms
step:78/1190 train_time:3569ms step_avg:45.75ms
step:79/1190 train_time:3608ms step_avg:45.67ms
step:80/1190 train_time:3653ms step_avg:45.66ms
step:81/1190 train_time:3690ms step_avg:45.56ms
step:82/1190 train_time:3734ms step_avg:45.54ms
step:83/1190 train_time:3773ms step_avg:45.46ms
step:84/1190 train_time:3821ms step_avg:45.49ms
step:85/1190 train_time:3861ms step_avg:45.42ms
step:86/1190 train_time:3907ms step_avg:45.43ms
step:87/1190 train_time:3947ms step_avg:45.36ms
step:88/1190 train_time:3994ms step_avg:45.39ms
step:89/1190 train_time:4037ms step_avg:45.35ms
step:90/1190 train_time:4081ms step_avg:45.35ms
step:91/1190 train_time:4118ms step_avg:45.26ms
step:92/1190 train_time:4165ms step_avg:45.27ms
step:93/1190 train_time:4203ms step_avg:45.19ms
step:94/1190 train_time:4250ms step_avg:45.21ms
step:95/1190 train_time:4289ms step_avg:45.14ms
step:96/1190 train_time:4333ms step_avg:45.14ms
step:97/1190 train_time:4372ms step_avg:45.07ms
step:98/1190 train_time:4418ms step_avg:45.08ms
step:99/1190 train_time:4458ms step_avg:45.03ms
step:100/1190 train_time:4501ms step_avg:45.01ms
step:101/1190 train_time:4542ms step_avg:44.97ms
step:102/1190 train_time:4587ms step_avg:44.97ms
step:103/1190 train_time:4627ms step_avg:44.93ms
step:104/1190 train_time:4671ms step_avg:44.92ms
step:105/1190 train_time:4708ms step_avg:44.84ms
step:106/1190 train_time:4755ms step_avg:44.86ms
step:107/1190 train_time:4793ms step_avg:44.79ms
step:108/1190 train_time:4836ms step_avg:44.78ms
step:109/1190 train_time:4876ms step_avg:44.73ms
step:110/1190 train_time:4921ms step_avg:44.74ms
step:111/1190 train_time:4963ms step_avg:44.71ms
step:112/1190 train_time:5011ms step_avg:44.74ms
step:113/1190 train_time:5051ms step_avg:44.70ms
step:114/1190 train_time:5096ms step_avg:44.70ms
step:115/1190 train_time:5136ms step_avg:44.66ms
step:116/1190 train_time:5182ms step_avg:44.67ms
step:117/1190 train_time:5220ms step_avg:44.62ms
step:118/1190 train_time:5262ms step_avg:44.60ms
step:119/1190 train_time:5301ms step_avg:44.55ms
step:120/1190 train_time:5345ms step_avg:44.54ms
step:121/1190 train_time:5383ms step_avg:44.48ms
step:122/1190 train_time:5428ms step_avg:44.49ms
step:123/1190 train_time:5468ms step_avg:44.45ms
step:124/1190 train_time:5512ms step_avg:44.45ms
step:125/1190 train_time:5554ms step_avg:44.43ms
step:126/1190 train_time:5601ms step_avg:44.46ms
step:127/1190 train_time:5641ms step_avg:44.41ms
step:128/1190 train_time:5682ms step_avg:44.39ms
step:129/1190 train_time:5717ms step_avg:44.32ms
step:130/1190 train_time:5765ms step_avg:44.35ms
step:131/1190 train_time:5802ms step_avg:44.29ms
step:132/1190 train_time:5847ms step_avg:44.30ms
step:133/1190 train_time:5887ms step_avg:44.26ms
step:134/1190 train_time:5932ms step_avg:44.27ms
step:135/1190 train_time:5971ms step_avg:44.23ms
step:136/1190 train_time:6018ms step_avg:44.25ms
step:137/1190 train_time:6059ms step_avg:44.22ms
step:138/1190 train_time:6105ms step_avg:44.24ms
step:139/1190 train_time:6141ms step_avg:44.18ms
step:140/1190 train_time:6186ms step_avg:44.18ms
step:141/1190 train_time:6225ms step_avg:44.15ms
step:142/1190 train_time:6271ms step_avg:44.16ms
step:143/1190 train_time:6309ms step_avg:44.12ms
step:144/1190 train_time:6354ms step_avg:44.13ms
step:145/1190 train_time:6394ms step_avg:44.09ms
step:146/1190 train_time:6439ms step_avg:44.10ms
step:147/1190 train_time:6478ms step_avg:44.07ms
step:148/1190 train_time:6524ms step_avg:44.08ms
step:149/1190 train_time:6565ms step_avg:44.06ms
step:150/1190 train_time:6612ms step_avg:44.08ms
step:151/1190 train_time:6653ms step_avg:44.06ms
step:152/1190 train_time:6699ms step_avg:44.07ms
step:153/1190 train_time:6738ms step_avg:44.04ms
step:154/1190 train_time:6781ms step_avg:44.03ms
step:155/1190 train_time:6819ms step_avg:43.99ms
step:156/1190 train_time:6862ms step_avg:43.98ms
step:157/1190 train_time:6900ms step_avg:43.95ms
step:158/1190 train_time:6944ms step_avg:43.95ms
step:159/1190 train_time:6982ms step_avg:43.91ms
step:160/1190 train_time:7028ms step_avg:43.92ms
step:161/1190 train_time:7066ms step_avg:43.89ms
step:162/1190 train_time:7112ms step_avg:43.90ms
step:163/1190 train_time:7151ms step_avg:43.87ms
step:164/1190 train_time:7197ms step_avg:43.89ms
step:165/1190 train_time:7237ms step_avg:43.86ms
step:166/1190 train_time:7285ms step_avg:43.88ms
step:167/1190 train_time:7321ms step_avg:43.84ms
step:168/1190 train_time:7366ms step_avg:43.85ms
step:169/1190 train_time:7408ms step_avg:43.83ms
step:170/1190 train_time:7456ms step_avg:43.86ms
step:171/1190 train_time:7491ms step_avg:43.81ms
step:172/1190 train_time:7540ms step_avg:43.84ms
step:173/1190 train_time:7580ms step_avg:43.82ms
step:174/1190 train_time:7623ms step_avg:43.81ms
step:175/1190 train_time:7662ms step_avg:43.78ms
step:176/1190 train_time:7704ms step_avg:43.77ms
step:177/1190 train_time:7738ms step_avg:43.72ms
step:178/1190 train_time:7786ms step_avg:43.74ms
step:179/1190 train_time:7826ms step_avg:43.72ms
step:180/1190 train_time:7872ms step_avg:43.74ms
step:181/1190 train_time:7911ms step_avg:43.71ms
step:182/1190 train_time:7957ms step_avg:43.72ms
step:183/1190 train_time:7996ms step_avg:43.70ms
step:184/1190 train_time:8042ms step_avg:43.70ms
step:185/1190 train_time:8080ms step_avg:43.68ms
step:186/1190 train_time:8128ms step_avg:43.70ms
step:187/1190 train_time:8168ms step_avg:43.68ms
step:188/1190 train_time:8215ms step_avg:43.70ms
step:189/1190 train_time:8254ms step_avg:43.67ms
step:190/1190 train_time:8299ms step_avg:43.68ms
step:191/1190 train_time:8337ms step_avg:43.65ms
step:192/1190 train_time:8383ms step_avg:43.66ms
step:193/1190 train_time:8421ms step_avg:43.63ms
step:194/1190 train_time:8467ms step_avg:43.65ms
step:195/1190 train_time:8506ms step_avg:43.62ms
step:196/1190 train_time:8553ms step_avg:43.64ms
step:197/1190 train_time:8592ms step_avg:43.62ms
step:198/1190 train_time:8638ms step_avg:43.63ms
step:199/1190 train_time:8680ms step_avg:43.62ms
step:200/1190 train_time:8724ms step_avg:43.62ms
step:201/1190 train_time:8763ms step_avg:43.60ms
step:202/1190 train_time:8808ms step_avg:43.60ms
step:203/1190 train_time:8844ms step_avg:43.56ms
step:204/1190 train_time:8890ms step_avg:43.58ms
step:205/1190 train_time:8927ms step_avg:43.55ms
step:206/1190 train_time:8976ms step_avg:43.57ms
step:207/1190 train_time:9014ms step_avg:43.55ms
step:208/1190 train_time:9061ms step_avg:43.56ms
step:209/1190 train_time:9101ms step_avg:43.55ms
step:210/1190 train_time:9148ms step_avg:43.56ms
step:211/1190 train_time:9188ms step_avg:43.55ms
step:212/1190 train_time:9234ms step_avg:43.56ms
step:213/1190 train_time:9270ms step_avg:43.52ms
step:214/1190 train_time:9319ms step_avg:43.55ms
step:215/1190 train_time:9358ms step_avg:43.53ms
step:216/1190 train_time:9407ms step_avg:43.55ms
step:217/1190 train_time:9445ms step_avg:43.53ms
step:218/1190 train_time:9492ms step_avg:43.54ms
step:219/1190 train_time:9530ms step_avg:43.52ms
step:220/1190 train_time:9574ms step_avg:43.52ms
step:221/1190 train_time:9612ms step_avg:43.50ms
step:222/1190 train_time:9658ms step_avg:43.51ms
step:223/1190 train_time:9699ms step_avg:43.49ms
step:224/1190 train_time:9746ms step_avg:43.51ms
step:225/1190 train_time:9783ms step_avg:43.48ms
step:226/1190 train_time:9825ms step_avg:43.47ms
step:227/1190 train_time:9863ms step_avg:43.45ms
step:228/1190 train_time:9909ms step_avg:43.46ms
step:229/1190 train_time:9948ms step_avg:43.44ms
step:230/1190 train_time:9994ms step_avg:43.45ms
step:231/1190 train_time:10032ms step_avg:43.43ms
step:232/1190 train_time:10077ms step_avg:43.44ms
step:233/1190 train_time:10117ms step_avg:43.42ms
step:234/1190 train_time:10163ms step_avg:43.43ms
step:235/1190 train_time:10203ms step_avg:43.42ms
step:236/1190 train_time:10249ms step_avg:43.43ms
step:237/1190 train_time:10289ms step_avg:43.41ms
step:238/1190 train_time:10333ms step_avg:43.41ms
step:239/1190 train_time:10371ms step_avg:43.39ms
step:240/1190 train_time:10420ms step_avg:43.42ms
step:241/1190 train_time:10458ms step_avg:43.40ms
step:242/1190 train_time:10506ms step_avg:43.41ms
step:243/1190 train_time:10545ms step_avg:43.40ms
step:244/1190 train_time:10594ms step_avg:43.42ms
step:245/1190 train_time:10633ms step_avg:43.40ms
step:246/1190 train_time:10678ms step_avg:43.41ms
step:247/1190 train_time:10721ms step_avg:43.40ms
step:248/1190 train_time:10766ms step_avg:43.41ms
step:249/1190 train_time:10807ms step_avg:43.40ms
step:250/1190 train_time:10853ms step_avg:43.41ms
step:250/1190 val_loss:4.38391447 train_time:10859ms step_avg:43.44ms
step:251/1190 train_time:10899ms step_avg:43.42ms
step:252/1190 train_time:10945ms step_avg:43.43ms
step:253/1190 train_time:10985ms step_avg:43.42ms
step:254/1190 train_time:11032ms step_avg:43.43ms
step:255/1190 train_time:11070ms step_avg:43.41ms
step:256/1190 train_time:11115ms step_avg:43.42ms
step:257/1190 train_time:11154ms step_avg:43.40ms
step:258/1190 train_time:11201ms step_avg:43.42ms
step:259/1190 train_time:11239ms step_avg:43.39ms
step:260/1190 train_time:11287ms step_avg:43.41ms
step:261/1190 train_time:11327ms step_avg:43.40ms
step:262/1190 train_time:11374ms step_avg:43.41ms
step:263/1190 train_time:11411ms step_avg:43.39ms
step:264/1190 train_time:11456ms step_avg:43.40ms
step:265/1190 train_time:11497ms step_avg:43.39ms
step:266/1190 train_time:11542ms step_avg:43.39ms
step:267/1190 train_time:11581ms step_avg:43.37ms
step:268/1190 train_time:11624ms step_avg:43.37ms
step:269/1190 train_time:11663ms step_avg:43.36ms
step:270/1190 train_time:11709ms step_avg:43.37ms
step:271/1190 train_time:11748ms step_avg:43.35ms
step:272/1190 train_time:11795ms step_avg:43.36ms
step:273/1190 train_time:11831ms step_avg:43.34ms
step:274/1190 train_time:11873ms step_avg:43.33ms
step:275/1190 train_time:11913ms step_avg:43.32ms
step:276/1190 train_time:11959ms step_avg:43.33ms
step:277/1190 train_time:11997ms step_avg:43.31ms
step:278/1190 train_time:12042ms step_avg:43.32ms
step:279/1190 train_time:12081ms step_avg:43.30ms
step:280/1190 train_time:12129ms step_avg:43.32ms
step:281/1190 train_time:12166ms step_avg:43.30ms
step:282/1190 train_time:12210ms step_avg:43.30ms
step:283/1190 train_time:12249ms step_avg:43.28ms
step:284/1190 train_time:12297ms step_avg:43.30ms
step:285/1190 train_time:12333ms step_avg:43.27ms
step:286/1190 train_time:12383ms step_avg:43.30ms
step:287/1190 train_time:12422ms step_avg:43.28ms
step:288/1190 train_time:12476ms step_avg:43.32ms
step:289/1190 train_time:12523ms step_avg:43.33ms
step:290/1190 train_time:12580ms step_avg:43.38ms
step:291/1190 train_time:12628ms step_avg:43.39ms
step:292/1190 train_time:12689ms step_avg:43.46ms
step:293/1190 train_time:12733ms step_avg:43.46ms
step:294/1190 train_time:12793ms step_avg:43.51ms
step:295/1190 train_time:12837ms step_avg:43.52ms
step:296/1190 train_time:12899ms step_avg:43.58ms
step:297/1190 train_time:12941ms step_avg:43.57ms
step:298/1190 train_time:13001ms step_avg:43.63ms
step:299/1190 train_time:13048ms step_avg:43.64ms
step:300/1190 train_time:13107ms step_avg:43.69ms
step:301/1190 train_time:13152ms step_avg:43.70ms
step:302/1190 train_time:13211ms step_avg:43.75ms
step:303/1190 train_time:13258ms step_avg:43.76ms
step:304/1190 train_time:13318ms step_avg:43.81ms
step:305/1190 train_time:13363ms step_avg:43.81ms
step:306/1190 train_time:13423ms step_avg:43.87ms
step:307/1190 train_time:13469ms step_avg:43.87ms
step:308/1190 train_time:13528ms step_avg:43.92ms
step:309/1190 train_time:13572ms step_avg:43.92ms
step:310/1190 train_time:13633ms step_avg:43.98ms
step:311/1190 train_time:13678ms step_avg:43.98ms
step:312/1190 train_time:13738ms step_avg:44.03ms
step:313/1190 train_time:13784ms step_avg:44.04ms
step:314/1190 train_time:13844ms step_avg:44.09ms
step:315/1190 train_time:13889ms step_avg:44.09ms
step:316/1190 train_time:13947ms step_avg:44.14ms
step:317/1190 train_time:13994ms step_avg:44.14ms
step:318/1190 train_time:14052ms step_avg:44.19ms
step:319/1190 train_time:14099ms step_avg:44.20ms
step:320/1190 train_time:14158ms step_avg:44.24ms
step:321/1190 train_time:14203ms step_avg:44.24ms
step:322/1190 train_time:14264ms step_avg:44.30ms
step:323/1190 train_time:14308ms step_avg:44.30ms
step:324/1190 train_time:14367ms step_avg:44.34ms
step:325/1190 train_time:14413ms step_avg:44.35ms
step:326/1190 train_time:14473ms step_avg:44.39ms
step:327/1190 train_time:14518ms step_avg:44.40ms
step:328/1190 train_time:14578ms step_avg:44.45ms
step:329/1190 train_time:14622ms step_avg:44.45ms
step:330/1190 train_time:14682ms step_avg:44.49ms
step:331/1190 train_time:14729ms step_avg:44.50ms
step:332/1190 train_time:14789ms step_avg:44.54ms
step:333/1190 train_time:14834ms step_avg:44.55ms
step:334/1190 train_time:14895ms step_avg:44.60ms
step:335/1190 train_time:14938ms step_avg:44.59ms
step:336/1190 train_time:15000ms step_avg:44.64ms
step:337/1190 train_time:15044ms step_avg:44.64ms
step:338/1190 train_time:15138ms step_avg:44.79ms
step:339/1190 train_time:15181ms step_avg:44.78ms
step:340/1190 train_time:15227ms step_avg:44.78ms
step:341/1190 train_time:15265ms step_avg:44.77ms
step:342/1190 train_time:15324ms step_avg:44.81ms
step:343/1190 train_time:15369ms step_avg:44.81ms
step:344/1190 train_time:15429ms step_avg:44.85ms
step:345/1190 train_time:15475ms step_avg:44.85ms
step:346/1190 train_time:15533ms step_avg:44.89ms
step:347/1190 train_time:15579ms step_avg:44.90ms
step:348/1190 train_time:15639ms step_avg:44.94ms
step:349/1190 train_time:15684ms step_avg:44.94ms
step:350/1190 train_time:15744ms step_avg:44.98ms
step:351/1190 train_time:15789ms step_avg:44.98ms
step:352/1190 train_time:15848ms step_avg:45.02ms
step:353/1190 train_time:15892ms step_avg:45.02ms
step:354/1190 train_time:15955ms step_avg:45.07ms
step:355/1190 train_time:15999ms step_avg:45.07ms
step:356/1190 train_time:16060ms step_avg:45.11ms
step:357/1190 train_time:16104ms step_avg:45.11ms
step:358/1190 train_time:16165ms step_avg:45.15ms
step:359/1190 train_time:16209ms step_avg:45.15ms
step:360/1190 train_time:16271ms step_avg:45.20ms
step:361/1190 train_time:16315ms step_avg:45.19ms
step:362/1190 train_time:16374ms step_avg:45.23ms
step:363/1190 train_time:16420ms step_avg:45.23ms
step:364/1190 train_time:16479ms step_avg:45.27ms
step:365/1190 train_time:16526ms step_avg:45.28ms
step:366/1190 train_time:16587ms step_avg:45.32ms
step:367/1190 train_time:16631ms step_avg:45.32ms
step:368/1190 train_time:16690ms step_avg:45.35ms
step:369/1190 train_time:16736ms step_avg:45.35ms
step:370/1190 train_time:16796ms step_avg:45.39ms
step:371/1190 train_time:16840ms step_avg:45.39ms
step:372/1190 train_time:16901ms step_avg:45.43ms
step:373/1190 train_time:16947ms step_avg:45.43ms
step:374/1190 train_time:17005ms step_avg:45.47ms
step:375/1190 train_time:17051ms step_avg:45.47ms
step:376/1190 train_time:17110ms step_avg:45.50ms
step:377/1190 train_time:17156ms step_avg:45.51ms
step:378/1190 train_time:17215ms step_avg:45.54ms
step:379/1190 train_time:17261ms step_avg:45.54ms
step:380/1190 train_time:17320ms step_avg:45.58ms
step:381/1190 train_time:17366ms step_avg:45.58ms
step:382/1190 train_time:17426ms step_avg:45.62ms
step:383/1190 train_time:17471ms step_avg:45.62ms
step:384/1190 train_time:17532ms step_avg:45.66ms
step:385/1190 train_time:17576ms step_avg:45.65ms
step:386/1190 train_time:17635ms step_avg:45.69ms
step:387/1190 train_time:17681ms step_avg:45.69ms
step:388/1190 train_time:17742ms step_avg:45.73ms
step:389/1190 train_time:17788ms step_avg:45.73ms
step:390/1190 train_time:17848ms step_avg:45.76ms
step:391/1190 train_time:17893ms step_avg:45.76ms
step:392/1190 train_time:17951ms step_avg:45.79ms
step:393/1190 train_time:17998ms step_avg:45.80ms
step:394/1190 train_time:18058ms step_avg:45.83ms
step:395/1190 train_time:18102ms step_avg:45.83ms
step:396/1190 train_time:18164ms step_avg:45.87ms
step:397/1190 train_time:18208ms step_avg:45.86ms
step:398/1190 train_time:18267ms step_avg:45.90ms
step:399/1190 train_time:18312ms step_avg:45.90ms
step:400/1190 train_time:18370ms step_avg:45.93ms
step:401/1190 train_time:18415ms step_avg:45.92ms
step:402/1190 train_time:18478ms step_avg:45.97ms
step:403/1190 train_time:18522ms step_avg:45.96ms
step:404/1190 train_time:18584ms step_avg:46.00ms
step:405/1190 train_time:18629ms step_avg:46.00ms
step:406/1190 train_time:18689ms step_avg:46.03ms
step:407/1190 train_time:18735ms step_avg:46.03ms
step:408/1190 train_time:18793ms step_avg:46.06ms
step:409/1190 train_time:18838ms step_avg:46.06ms
step:410/1190 train_time:18899ms step_avg:46.09ms
step:411/1190 train_time:18944ms step_avg:46.09ms
step:412/1190 train_time:19001ms step_avg:46.12ms
step:413/1190 train_time:19047ms step_avg:46.12ms
step:414/1190 train_time:19110ms step_avg:46.16ms
step:415/1190 train_time:19154ms step_avg:46.15ms
step:416/1190 train_time:19212ms step_avg:46.18ms
step:417/1190 train_time:19259ms step_avg:46.18ms
step:418/1190 train_time:19319ms step_avg:46.22ms
step:419/1190 train_time:19363ms step_avg:46.21ms
step:420/1190 train_time:19423ms step_avg:46.25ms
step:421/1190 train_time:19470ms step_avg:46.25ms
step:422/1190 train_time:19528ms step_avg:46.27ms
step:423/1190 train_time:19572ms step_avg:46.27ms
step:424/1190 train_time:19634ms step_avg:46.31ms
step:425/1190 train_time:19680ms step_avg:46.31ms
step:426/1190 train_time:19739ms step_avg:46.34ms
step:427/1190 train_time:19785ms step_avg:46.33ms
step:428/1190 train_time:19846ms step_avg:46.37ms
step:429/1190 train_time:19893ms step_avg:46.37ms
step:430/1190 train_time:19949ms step_avg:46.39ms
step:431/1190 train_time:19996ms step_avg:46.39ms
step:432/1190 train_time:20057ms step_avg:46.43ms
step:433/1190 train_time:20100ms step_avg:46.42ms
step:434/1190 train_time:20159ms step_avg:46.45ms
step:435/1190 train_time:20206ms step_avg:46.45ms
step:436/1190 train_time:20265ms step_avg:46.48ms
step:437/1190 train_time:20311ms step_avg:46.48ms
step:438/1190 train_time:20373ms step_avg:46.51ms
step:439/1190 train_time:20416ms step_avg:46.51ms
step:440/1190 train_time:20477ms step_avg:46.54ms
step:441/1190 train_time:20522ms step_avg:46.53ms
step:442/1190 train_time:20582ms step_avg:46.57ms
step:443/1190 train_time:20627ms step_avg:46.56ms
step:444/1190 train_time:20687ms step_avg:46.59ms
step:445/1190 train_time:20733ms step_avg:46.59ms
step:446/1190 train_time:20792ms step_avg:46.62ms
step:447/1190 train_time:20839ms step_avg:46.62ms
step:448/1190 train_time:20897ms step_avg:46.65ms
step:449/1190 train_time:20942ms step_avg:46.64ms
step:450/1190 train_time:21002ms step_avg:46.67ms
step:451/1190 train_time:21051ms step_avg:46.68ms
step:452/1190 train_time:21107ms step_avg:46.70ms
step:453/1190 train_time:21152ms step_avg:46.69ms
step:454/1190 train_time:21214ms step_avg:46.73ms
step:455/1190 train_time:21258ms step_avg:46.72ms
step:456/1190 train_time:21318ms step_avg:46.75ms
step:457/1190 train_time:21364ms step_avg:46.75ms
step:458/1190 train_time:21423ms step_avg:46.77ms
step:459/1190 train_time:21469ms step_avg:46.77ms
step:460/1190 train_time:21529ms step_avg:46.80ms
step:461/1190 train_time:21574ms step_avg:46.80ms
step:462/1190 train_time:21632ms step_avg:46.82ms
step:463/1190 train_time:21680ms step_avg:46.82ms
step:464/1190 train_time:21739ms step_avg:46.85ms
step:465/1190 train_time:21784ms step_avg:46.85ms
step:466/1190 train_time:21844ms step_avg:46.87ms
step:467/1190 train_time:21891ms step_avg:46.88ms
step:468/1190 train_time:21952ms step_avg:46.91ms
step:469/1190 train_time:21996ms step_avg:46.90ms
step:470/1190 train_time:22054ms step_avg:46.92ms
step:471/1190 train_time:22101ms step_avg:46.92ms
step:472/1190 train_time:22161ms step_avg:46.95ms
step:473/1190 train_time:22206ms step_avg:46.95ms
step:474/1190 train_time:22267ms step_avg:46.98ms
step:475/1190 train_time:22310ms step_avg:46.97ms
step:476/1190 train_time:22371ms step_avg:47.00ms
step:477/1190 train_time:22415ms step_avg:46.99ms
step:478/1190 train_time:22475ms step_avg:47.02ms
step:479/1190 train_time:22520ms step_avg:47.01ms
step:480/1190 train_time:22582ms step_avg:47.05ms
step:481/1190 train_time:22626ms step_avg:47.04ms
step:482/1190 train_time:22685ms step_avg:47.06ms
step:483/1190 train_time:22730ms step_avg:47.06ms
step:484/1190 train_time:22792ms step_avg:47.09ms
step:485/1190 train_time:22836ms step_avg:47.08ms
step:486/1190 train_time:22896ms step_avg:47.11ms
step:487/1190 train_time:22941ms step_avg:47.11ms
step:488/1190 train_time:23003ms step_avg:47.14ms
step:489/1190 train_time:23047ms step_avg:47.13ms
step:490/1190 train_time:23108ms step_avg:47.16ms
step:491/1190 train_time:23154ms step_avg:47.16ms
step:492/1190 train_time:23213ms step_avg:47.18ms
step:493/1190 train_time:23257ms step_avg:47.17ms
step:494/1190 train_time:23317ms step_avg:47.20ms
step:495/1190 train_time:23362ms step_avg:47.20ms
step:496/1190 train_time:23424ms step_avg:47.23ms
step:497/1190 train_time:23470ms step_avg:47.22ms
step:498/1190 train_time:23528ms step_avg:47.25ms
step:499/1190 train_time:23573ms step_avg:47.24ms
step:500/1190 train_time:23633ms step_avg:47.27ms
step:500/1190 val_loss:3.89191818 train_time:23681ms step_avg:47.36ms
step:501/1190 train_time:23721ms step_avg:47.35ms
step:502/1190 train_time:23768ms step_avg:47.35ms
step:503/1190 train_time:23807ms step_avg:47.33ms
step:504/1190 train_time:23855ms step_avg:47.33ms
step:505/1190 train_time:23897ms step_avg:47.32ms
step:506/1190 train_time:23957ms step_avg:47.35ms
step:507/1190 train_time:24004ms step_avg:47.35ms
step:508/1190 train_time:24066ms step_avg:47.37ms
step:509/1190 train_time:24110ms step_avg:47.37ms
step:510/1190 train_time:24171ms step_avg:47.39ms
step:511/1190 train_time:24216ms step_avg:47.39ms
step:512/1190 train_time:24276ms step_avg:47.41ms
step:513/1190 train_time:24321ms step_avg:47.41ms
step:514/1190 train_time:24379ms step_avg:47.43ms
step:515/1190 train_time:24425ms step_avg:47.43ms
step:516/1190 train_time:24485ms step_avg:47.45ms
step:517/1190 train_time:24530ms step_avg:47.45ms
step:518/1190 train_time:24592ms step_avg:47.47ms
step:519/1190 train_time:24635ms step_avg:47.47ms
step:520/1190 train_time:24695ms step_avg:47.49ms
step:521/1190 train_time:24741ms step_avg:47.49ms
step:522/1190 train_time:24801ms step_avg:47.51ms
step:523/1190 train_time:24846ms step_avg:47.51ms
step:524/1190 train_time:24907ms step_avg:47.53ms
step:525/1190 train_time:24952ms step_avg:47.53ms
step:526/1190 train_time:25011ms step_avg:47.55ms
step:527/1190 train_time:25057ms step_avg:47.55ms
step:528/1190 train_time:25119ms step_avg:47.57ms
step:529/1190 train_time:25164ms step_avg:47.57ms
step:530/1190 train_time:25223ms step_avg:47.59ms
step:531/1190 train_time:25268ms step_avg:47.59ms
step:532/1190 train_time:25329ms step_avg:47.61ms
step:533/1190 train_time:25375ms step_avg:47.61ms
step:534/1190 train_time:25432ms step_avg:47.62ms
step:535/1190 train_time:25480ms step_avg:47.63ms
step:536/1190 train_time:25539ms step_avg:47.65ms
step:537/1190 train_time:25583ms step_avg:47.64ms
step:538/1190 train_time:25645ms step_avg:47.67ms
step:539/1190 train_time:25689ms step_avg:47.66ms
step:540/1190 train_time:25749ms step_avg:47.68ms
step:541/1190 train_time:25794ms step_avg:47.68ms
step:542/1190 train_time:25854ms step_avg:47.70ms
step:543/1190 train_time:25899ms step_avg:47.70ms
step:544/1190 train_time:25962ms step_avg:47.72ms
step:545/1190 train_time:26005ms step_avg:47.72ms
step:546/1190 train_time:26065ms step_avg:47.74ms
step:547/1190 train_time:26111ms step_avg:47.73ms
step:548/1190 train_time:26169ms step_avg:47.75ms
step:549/1190 train_time:26215ms step_avg:47.75ms
step:550/1190 train_time:26275ms step_avg:47.77ms
step:551/1190 train_time:26323ms step_avg:47.77ms
step:552/1190 train_time:26380ms step_avg:47.79ms
step:553/1190 train_time:26427ms step_avg:47.79ms
step:554/1190 train_time:26489ms step_avg:47.81ms
step:555/1190 train_time:26532ms step_avg:47.81ms
step:556/1190 train_time:26593ms step_avg:47.83ms
step:557/1190 train_time:26637ms step_avg:47.82ms
step:558/1190 train_time:26698ms step_avg:47.85ms
step:559/1190 train_time:26744ms step_avg:47.84ms
step:560/1190 train_time:26803ms step_avg:47.86ms
step:561/1190 train_time:26848ms step_avg:47.86ms
step:562/1190 train_time:26908ms step_avg:47.88ms
step:563/1190 train_time:26953ms step_avg:47.87ms
step:564/1190 train_time:27014ms step_avg:47.90ms
step:565/1190 train_time:27059ms step_avg:47.89ms
step:566/1190 train_time:27119ms step_avg:47.91ms
step:567/1190 train_time:27164ms step_avg:47.91ms
step:568/1190 train_time:27228ms step_avg:47.94ms
step:569/1190 train_time:27272ms step_avg:47.93ms
step:570/1190 train_time:27332ms step_avg:47.95ms
step:571/1190 train_time:27376ms step_avg:47.94ms
step:572/1190 train_time:27437ms step_avg:47.97ms
step:573/1190 train_time:27483ms step_avg:47.96ms
step:574/1190 train_time:27540ms step_avg:47.98ms
step:575/1190 train_time:27587ms step_avg:47.98ms
step:576/1190 train_time:27646ms step_avg:48.00ms
step:577/1190 train_time:27693ms step_avg:47.99ms
step:578/1190 train_time:27752ms step_avg:48.01ms
step:579/1190 train_time:27798ms step_avg:48.01ms
step:580/1190 train_time:27857ms step_avg:48.03ms
step:581/1190 train_time:27901ms step_avg:48.02ms
step:582/1190 train_time:27961ms step_avg:48.04ms
step:583/1190 train_time:28008ms step_avg:48.04ms
step:584/1190 train_time:28068ms step_avg:48.06ms
step:585/1190 train_time:28115ms step_avg:48.06ms
step:586/1190 train_time:28174ms step_avg:48.08ms
step:587/1190 train_time:28219ms step_avg:48.07ms
step:588/1190 train_time:28280ms step_avg:48.09ms
step:589/1190 train_time:28325ms step_avg:48.09ms
step:590/1190 train_time:28384ms step_avg:48.11ms
step:591/1190 train_time:28431ms step_avg:48.11ms
step:592/1190 train_time:28489ms step_avg:48.12ms
step:593/1190 train_time:28541ms step_avg:48.13ms
step:594/1190 train_time:28597ms step_avg:48.14ms
step:595/1190 train_time:28641ms step_avg:48.14ms
step:596/1190 train_time:28700ms step_avg:48.15ms
step:597/1190 train_time:28747ms step_avg:48.15ms
step:598/1190 train_time:28805ms step_avg:48.17ms
step:599/1190 train_time:28854ms step_avg:48.17ms
step:600/1190 train_time:28913ms step_avg:48.19ms
step:601/1190 train_time:28957ms step_avg:48.18ms
step:602/1190 train_time:29018ms step_avg:48.20ms
step:603/1190 train_time:29062ms step_avg:48.20ms
step:604/1190 train_time:29123ms step_avg:48.22ms
step:605/1190 train_time:29167ms step_avg:48.21ms
step:606/1190 train_time:29228ms step_avg:48.23ms
step:607/1190 train_time:29273ms step_avg:48.23ms
step:608/1190 train_time:29332ms step_avg:48.24ms
step:609/1190 train_time:29379ms step_avg:48.24ms
step:610/1190 train_time:29438ms step_avg:48.26ms
step:611/1190 train_time:29484ms step_avg:48.25ms
step:612/1190 train_time:29542ms step_avg:48.27ms
step:613/1190 train_time:29588ms step_avg:48.27ms
step:614/1190 train_time:29648ms step_avg:48.29ms
step:615/1190 train_time:29696ms step_avg:48.29ms
step:616/1190 train_time:29753ms step_avg:48.30ms
step:617/1190 train_time:29800ms step_avg:48.30ms
step:618/1190 train_time:29861ms step_avg:48.32ms
step:619/1190 train_time:29906ms step_avg:48.31ms
step:620/1190 train_time:29966ms step_avg:48.33ms
step:621/1190 train_time:30012ms step_avg:48.33ms
step:622/1190 train_time:30070ms step_avg:48.34ms
step:623/1190 train_time:30117ms step_avg:48.34ms
step:624/1190 train_time:30176ms step_avg:48.36ms
step:625/1190 train_time:30223ms step_avg:48.36ms
step:626/1190 train_time:30280ms step_avg:48.37ms
step:627/1190 train_time:30326ms step_avg:48.37ms
step:628/1190 train_time:30388ms step_avg:48.39ms
step:629/1190 train_time:30433ms step_avg:48.38ms
step:630/1190 train_time:30491ms step_avg:48.40ms
step:631/1190 train_time:30537ms step_avg:48.40ms
step:632/1190 train_time:30598ms step_avg:48.42ms
step:633/1190 train_time:30643ms step_avg:48.41ms
step:634/1190 train_time:30704ms step_avg:48.43ms
step:635/1190 train_time:30750ms step_avg:48.42ms
step:636/1190 train_time:30809ms step_avg:48.44ms
step:637/1190 train_time:30855ms step_avg:48.44ms
step:638/1190 train_time:30914ms step_avg:48.45ms
step:639/1190 train_time:30960ms step_avg:48.45ms
step:640/1190 train_time:31020ms step_avg:48.47ms
step:641/1190 train_time:31066ms step_avg:48.46ms
step:642/1190 train_time:31124ms step_avg:48.48ms
step:643/1190 train_time:31170ms step_avg:48.48ms
step:644/1190 train_time:31229ms step_avg:48.49ms
step:645/1190 train_time:31276ms step_avg:48.49ms
step:646/1190 train_time:31336ms step_avg:48.51ms
step:647/1190 train_time:31380ms step_avg:48.50ms
step:648/1190 train_time:31441ms step_avg:48.52ms
step:649/1190 train_time:31486ms step_avg:48.51ms
step:650/1190 train_time:31545ms step_avg:48.53ms
step:651/1190 train_time:31591ms step_avg:48.53ms
step:652/1190 train_time:31651ms step_avg:48.54ms
step:653/1190 train_time:31697ms step_avg:48.54ms
step:654/1190 train_time:31766ms step_avg:48.57ms
step:655/1190 train_time:31852ms step_avg:48.63ms
step:656/1190 train_time:31899ms step_avg:48.63ms
step:657/1190 train_time:31939ms step_avg:48.61ms
step:658/1190 train_time:31984ms step_avg:48.61ms
step:659/1190 train_time:32023ms step_avg:48.59ms
step:660/1190 train_time:32078ms step_avg:48.60ms
step:661/1190 train_time:32125ms step_avg:48.60ms
step:662/1190 train_time:32185ms step_avg:48.62ms
step:663/1190 train_time:32229ms step_avg:48.61ms
step:664/1190 train_time:32290ms step_avg:48.63ms
step:665/1190 train_time:32336ms step_avg:48.62ms
step:666/1190 train_time:32395ms step_avg:48.64ms
step:667/1190 train_time:32440ms step_avg:48.64ms
step:668/1190 train_time:32500ms step_avg:48.65ms
step:669/1190 train_time:32545ms step_avg:48.65ms
step:670/1190 train_time:32605ms step_avg:48.66ms
step:671/1190 train_time:32653ms step_avg:48.66ms
step:672/1190 train_time:32711ms step_avg:48.68ms
step:673/1190 train_time:32758ms step_avg:48.67ms
step:674/1190 train_time:32819ms step_avg:48.69ms
step:675/1190 train_time:32864ms step_avg:48.69ms
step:676/1190 train_time:32924ms step_avg:48.70ms
step:677/1190 train_time:32970ms step_avg:48.70ms
step:678/1190 train_time:33029ms step_avg:48.72ms
step:679/1190 train_time:33076ms step_avg:48.71ms
step:680/1190 train_time:33134ms step_avg:48.73ms
step:681/1190 train_time:33180ms step_avg:48.72ms
step:682/1190 train_time:33240ms step_avg:48.74ms
step:683/1190 train_time:33284ms step_avg:48.73ms
step:684/1190 train_time:33346ms step_avg:48.75ms
step:685/1190 train_time:33389ms step_avg:48.74ms
step:686/1190 train_time:33449ms step_avg:48.76ms
step:687/1190 train_time:33495ms step_avg:48.76ms
step:688/1190 train_time:33554ms step_avg:48.77ms
step:689/1190 train_time:33600ms step_avg:48.77ms
step:690/1190 train_time:33659ms step_avg:48.78ms
step:691/1190 train_time:33705ms step_avg:48.78ms
step:692/1190 train_time:33766ms step_avg:48.79ms
step:693/1190 train_time:33811ms step_avg:48.79ms
step:694/1190 train_time:33873ms step_avg:48.81ms
step:695/1190 train_time:33918ms step_avg:48.80ms
step:696/1190 train_time:33978ms step_avg:48.82ms
step:697/1190 train_time:34022ms step_avg:48.81ms
step:698/1190 train_time:34082ms step_avg:48.83ms
step:699/1190 train_time:34128ms step_avg:48.82ms
step:700/1190 train_time:34188ms step_avg:48.84ms
step:701/1190 train_time:34233ms step_avg:48.83ms
step:702/1190 train_time:34292ms step_avg:48.85ms
step:703/1190 train_time:34340ms step_avg:48.85ms
step:704/1190 train_time:34399ms step_avg:48.86ms
step:705/1190 train_time:34444ms step_avg:48.86ms
step:706/1190 train_time:34504ms step_avg:48.87ms
step:707/1190 train_time:34550ms step_avg:48.87ms
step:708/1190 train_time:34611ms step_avg:48.89ms
step:709/1190 train_time:34681ms step_avg:48.92ms
step:710/1190 train_time:34766ms step_avg:48.97ms
step:711/1190 train_time:34833ms step_avg:48.99ms
step:712/1190 train_time:34915ms step_avg:49.04ms
step:713/1190 train_time:34985ms step_avg:49.07ms
step:714/1190 train_time:35066ms step_avg:49.11ms
step:715/1190 train_time:35135ms step_avg:49.14ms
step:716/1190 train_time:35218ms step_avg:49.19ms
step:717/1190 train_time:35286ms step_avg:49.21ms
step:718/1190 train_time:35370ms step_avg:49.26ms
step:719/1190 train_time:35437ms step_avg:49.29ms
step:720/1190 train_time:35520ms step_avg:49.33ms
step:721/1190 train_time:35588ms step_avg:49.36ms
step:722/1190 train_time:35673ms step_avg:49.41ms
step:723/1190 train_time:35739ms step_avg:49.43ms
step:724/1190 train_time:35822ms step_avg:49.48ms
step:725/1190 train_time:35890ms step_avg:49.50ms
step:726/1190 train_time:35974ms step_avg:49.55ms
step:727/1190 train_time:36043ms step_avg:49.58ms
step:728/1190 train_time:36126ms step_avg:49.62ms
step:729/1190 train_time:36195ms step_avg:49.65ms
step:730/1190 train_time:36278ms step_avg:49.70ms
step:731/1190 train_time:36345ms step_avg:49.72ms
step:732/1190 train_time:36430ms step_avg:49.77ms
step:733/1190 train_time:36496ms step_avg:49.79ms
step:734/1190 train_time:36580ms step_avg:49.84ms
step:735/1190 train_time:36649ms step_avg:49.86ms
step:736/1190 train_time:36732ms step_avg:49.91ms
step:737/1190 train_time:36800ms step_avg:49.93ms
step:738/1190 train_time:36883ms step_avg:49.98ms
step:739/1190 train_time:36951ms step_avg:50.00ms
step:740/1190 train_time:37035ms step_avg:50.05ms
step:741/1190 train_time:37105ms step_avg:50.07ms
step:742/1190 train_time:37188ms step_avg:50.12ms
step:743/1190 train_time:37255ms step_avg:50.14ms
step:744/1190 train_time:37336ms step_avg:50.18ms
step:745/1190 train_time:37404ms step_avg:50.21ms
step:746/1190 train_time:37489ms step_avg:50.25ms
step:747/1190 train_time:37556ms step_avg:50.28ms
step:748/1190 train_time:37640ms step_avg:50.32ms
step:749/1190 train_time:37709ms step_avg:50.35ms
step:750/1190 train_time:37791ms step_avg:50.39ms
step:750/1190 val_loss:3.50957179 train_time:37864ms step_avg:50.49ms
step:751/1190 train_time:37902ms step_avg:50.47ms
step:752/1190 train_time:37951ms step_avg:50.47ms
step:753/1190 train_time:38016ms step_avg:50.49ms
step:754/1190 train_time:38100ms step_avg:50.53ms
step:755/1190 train_time:38171ms step_avg:50.56ms
step:756/1190 train_time:38254ms step_avg:50.60ms
step:757/1190 train_time:38322ms step_avg:50.62ms
step:758/1190 train_time:38405ms step_avg:50.67ms
step:759/1190 train_time:38473ms step_avg:50.69ms
step:760/1190 train_time:38555ms step_avg:50.73ms
step:761/1190 train_time:38623ms step_avg:50.75ms
step:762/1190 train_time:38705ms step_avg:50.79ms
step:763/1190 train_time:38774ms step_avg:50.82ms
step:764/1190 train_time:38857ms step_avg:50.86ms
step:765/1190 train_time:38927ms step_avg:50.88ms
step:766/1190 train_time:39010ms step_avg:50.93ms
step:767/1190 train_time:39078ms step_avg:50.95ms
step:768/1190 train_time:39162ms step_avg:50.99ms
step:769/1190 train_time:39230ms step_avg:51.01ms
step:770/1190 train_time:39312ms step_avg:51.05ms
step:771/1190 train_time:39381ms step_avg:51.08ms
step:772/1190 train_time:39466ms step_avg:51.12ms
step:773/1190 train_time:39534ms step_avg:51.14ms
step:774/1190 train_time:39617ms step_avg:51.19ms
step:775/1190 train_time:39684ms step_avg:51.21ms
step:776/1190 train_time:39767ms step_avg:51.25ms
step:777/1190 train_time:39836ms step_avg:51.27ms
step:778/1190 train_time:39920ms step_avg:51.31ms
step:779/1190 train_time:39988ms step_avg:51.33ms
step:780/1190 train_time:40071ms step_avg:51.37ms
step:781/1190 train_time:40141ms step_avg:51.40ms
step:782/1190 train_time:40224ms step_avg:51.44ms
step:783/1190 train_time:40293ms step_avg:51.46ms
step:784/1190 train_time:40376ms step_avg:51.50ms
step:785/1190 train_time:40445ms step_avg:51.52ms
step:786/1190 train_time:40527ms step_avg:51.56ms
step:787/1190 train_time:40596ms step_avg:51.58ms
step:788/1190 train_time:40679ms step_avg:51.62ms
step:789/1190 train_time:40748ms step_avg:51.65ms
step:790/1190 train_time:40830ms step_avg:51.68ms
step:791/1190 train_time:40898ms step_avg:51.70ms
step:792/1190 train_time:40982ms step_avg:51.74ms
step:793/1190 train_time:41051ms step_avg:51.77ms
step:794/1190 train_time:41135ms step_avg:51.81ms
step:795/1190 train_time:41202ms step_avg:51.83ms
step:796/1190 train_time:41286ms step_avg:51.87ms
step:797/1190 train_time:41355ms step_avg:51.89ms
step:798/1190 train_time:41439ms step_avg:51.93ms
step:799/1190 train_time:41509ms step_avg:51.95ms
step:800/1190 train_time:41591ms step_avg:51.99ms
step:801/1190 train_time:41659ms step_avg:52.01ms
step:802/1190 train_time:41741ms step_avg:52.05ms
step:803/1190 train_time:41810ms step_avg:52.07ms
step:804/1190 train_time:41892ms step_avg:52.10ms
step:805/1190 train_time:41961ms step_avg:52.13ms
step:806/1190 train_time:42044ms step_avg:52.16ms
step:807/1190 train_time:42113ms step_avg:52.18ms
step:808/1190 train_time:42195ms step_avg:52.22ms
step:809/1190 train_time:42266ms step_avg:52.24ms
step:810/1190 train_time:42347ms step_avg:52.28ms
step:811/1190 train_time:42417ms step_avg:52.30ms
step:812/1190 train_time:42498ms step_avg:52.34ms
step:813/1190 train_time:42568ms step_avg:52.36ms
step:814/1190 train_time:42652ms step_avg:52.40ms
step:815/1190 train_time:42719ms step_avg:52.42ms
step:816/1190 train_time:42801ms step_avg:52.45ms
step:817/1190 train_time:42870ms step_avg:52.47ms
step:818/1190 train_time:42956ms step_avg:52.51ms
step:819/1190 train_time:43022ms step_avg:52.53ms
step:820/1190 train_time:43106ms step_avg:52.57ms
step:821/1190 train_time:43175ms step_avg:52.59ms
step:822/1190 train_time:43259ms step_avg:52.63ms
step:823/1190 train_time:43327ms step_avg:52.65ms
step:824/1190 train_time:43411ms step_avg:52.68ms
step:825/1190 train_time:43478ms step_avg:52.70ms
step:826/1190 train_time:43562ms step_avg:52.74ms
step:827/1190 train_time:43629ms step_avg:52.76ms
step:828/1190 train_time:43712ms step_avg:52.79ms
step:829/1190 train_time:43782ms step_avg:52.81ms
step:830/1190 train_time:43864ms step_avg:52.85ms
step:831/1190 train_time:43933ms step_avg:52.87ms
step:832/1190 train_time:44016ms step_avg:52.90ms
step:833/1190 train_time:44085ms step_avg:52.92ms
step:834/1190 train_time:44169ms step_avg:52.96ms
step:835/1190 train_time:44237ms step_avg:52.98ms
step:836/1190 train_time:44320ms step_avg:53.01ms
step:837/1190 train_time:44389ms step_avg:53.03ms
step:838/1190 train_time:44472ms step_avg:53.07ms
step:839/1190 train_time:44540ms step_avg:53.09ms
step:840/1190 train_time:44622ms step_avg:53.12ms
step:841/1190 train_time:44693ms step_avg:53.14ms
step:842/1190 train_time:44777ms step_avg:53.18ms
step:843/1190 train_time:44844ms step_avg:53.20ms
step:844/1190 train_time:44928ms step_avg:53.23ms
step:845/1190 train_time:44995ms step_avg:53.25ms
step:846/1190 train_time:45078ms step_avg:53.28ms
step:847/1190 train_time:45149ms step_avg:53.31ms
step:848/1190 train_time:45233ms step_avg:53.34ms
step:849/1190 train_time:45300ms step_avg:53.36ms
step:850/1190 train_time:45381ms step_avg:53.39ms
step:851/1190 train_time:45451ms step_avg:53.41ms
step:852/1190 train_time:45533ms step_avg:53.44ms
step:853/1190 train_time:45604ms step_avg:53.46ms
step:854/1190 train_time:45687ms step_avg:53.50ms
step:855/1190 train_time:45755ms step_avg:53.51ms
step:856/1190 train_time:45838ms step_avg:53.55ms
step:857/1190 train_time:45907ms step_avg:53.57ms
step:858/1190 train_time:45988ms step_avg:53.60ms
step:859/1190 train_time:46060ms step_avg:53.62ms
step:860/1190 train_time:46141ms step_avg:53.65ms
step:861/1190 train_time:46211ms step_avg:53.67ms
step:862/1190 train_time:46295ms step_avg:53.71ms
step:863/1190 train_time:46363ms step_avg:53.72ms
step:864/1190 train_time:46445ms step_avg:53.76ms
step:865/1190 train_time:46515ms step_avg:53.77ms
step:866/1190 train_time:46599ms step_avg:53.81ms
step:867/1190 train_time:46668ms step_avg:53.83ms
step:868/1190 train_time:46752ms step_avg:53.86ms
step:869/1190 train_time:46820ms step_avg:53.88ms
step:870/1190 train_time:46903ms step_avg:53.91ms
step:871/1190 train_time:46972ms step_avg:53.93ms
step:872/1190 train_time:47055ms step_avg:53.96ms
step:873/1190 train_time:47123ms step_avg:53.98ms
step:874/1190 train_time:47205ms step_avg:54.01ms
step:875/1190 train_time:47275ms step_avg:54.03ms
step:876/1190 train_time:47358ms step_avg:54.06ms
step:877/1190 train_time:47429ms step_avg:54.08ms
step:878/1190 train_time:47510ms step_avg:54.11ms
step:879/1190 train_time:47579ms step_avg:54.13ms
step:880/1190 train_time:47662ms step_avg:54.16ms
step:881/1190 train_time:47732ms step_avg:54.18ms
step:882/1190 train_time:47815ms step_avg:54.21ms
step:883/1190 train_time:47882ms step_avg:54.23ms
step:884/1190 train_time:47965ms step_avg:54.26ms
step:885/1190 train_time:48036ms step_avg:54.28ms
step:886/1190 train_time:48129ms step_avg:54.32ms
step:887/1190 train_time:48233ms step_avg:54.38ms
step:888/1190 train_time:48282ms step_avg:54.37ms
step:889/1190 train_time:48339ms step_avg:54.37ms
step:890/1190 train_time:48425ms step_avg:54.41ms
step:891/1190 train_time:48492ms step_avg:54.42ms
step:892/1190 train_time:48576ms step_avg:54.46ms
step:893/1190 train_time:48644ms step_avg:54.47ms
step:894/1190 train_time:48726ms step_avg:54.50ms
step:895/1190 train_time:48797ms step_avg:54.52ms
step:896/1190 train_time:48881ms step_avg:54.55ms
step:897/1190 train_time:48949ms step_avg:54.57ms
step:898/1190 train_time:49032ms step_avg:54.60ms
step:899/1190 train_time:49100ms step_avg:54.62ms
step:900/1190 train_time:49183ms step_avg:54.65ms
step:901/1190 train_time:49252ms step_avg:54.66ms
step:902/1190 train_time:49335ms step_avg:54.70ms
step:903/1190 train_time:49404ms step_avg:54.71ms
step:904/1190 train_time:49487ms step_avg:54.74ms
step:905/1190 train_time:49555ms step_avg:54.76ms
step:906/1190 train_time:49638ms step_avg:54.79ms
step:907/1190 train_time:49710ms step_avg:54.81ms
step:908/1190 train_time:49791ms step_avg:54.84ms
step:909/1190 train_time:49859ms step_avg:54.85ms
step:910/1190 train_time:49944ms step_avg:54.88ms
step:911/1190 train_time:50012ms step_avg:54.90ms
step:912/1190 train_time:50095ms step_avg:54.93ms
step:913/1190 train_time:50163ms step_avg:54.94ms
step:914/1190 train_time:50246ms step_avg:54.97ms
step:915/1190 train_time:50317ms step_avg:54.99ms
step:916/1190 train_time:50399ms step_avg:55.02ms
step:917/1190 train_time:50469ms step_avg:55.04ms
step:918/1190 train_time:50552ms step_avg:55.07ms
step:919/1190 train_time:50619ms step_avg:55.08ms
step:920/1190 train_time:50704ms step_avg:55.11ms
step:921/1190 train_time:50772ms step_avg:55.13ms
step:922/1190 train_time:50855ms step_avg:55.16ms
step:923/1190 train_time:50923ms step_avg:55.17ms
step:924/1190 train_time:51007ms step_avg:55.20ms
step:925/1190 train_time:51075ms step_avg:55.22ms
step:926/1190 train_time:51159ms step_avg:55.25ms
step:927/1190 train_time:51228ms step_avg:55.26ms
step:928/1190 train_time:51311ms step_avg:55.29ms
step:929/1190 train_time:51378ms step_avg:55.30ms
step:930/1190 train_time:51462ms step_avg:55.34ms
step:931/1190 train_time:51530ms step_avg:55.35ms
step:932/1190 train_time:51614ms step_avg:55.38ms
step:933/1190 train_time:51681ms step_avg:55.39ms
step:934/1190 train_time:51766ms step_avg:55.42ms
step:935/1190 train_time:51834ms step_avg:55.44ms
step:936/1190 train_time:51918ms step_avg:55.47ms
step:937/1190 train_time:51987ms step_avg:55.48ms
step:938/1190 train_time:52068ms step_avg:55.51ms
step:939/1190 train_time:52138ms step_avg:55.52ms
step:940/1190 train_time:52223ms step_avg:55.56ms
step:941/1190 train_time:52289ms step_avg:55.57ms
step:942/1190 train_time:52371ms step_avg:55.60ms
step:943/1190 train_time:52441ms step_avg:55.61ms
step:944/1190 train_time:52524ms step_avg:55.64ms
step:945/1190 train_time:52593ms step_avg:55.65ms
step:946/1190 train_time:52677ms step_avg:55.68ms
step:947/1190 train_time:52745ms step_avg:55.70ms
step:948/1190 train_time:52830ms step_avg:55.73ms
step:949/1190 train_time:52898ms step_avg:55.74ms
step:950/1190 train_time:52983ms step_avg:55.77ms
step:951/1190 train_time:53051ms step_avg:55.78ms
step:952/1190 train_time:53132ms step_avg:55.81ms
step:953/1190 train_time:53201ms step_avg:55.82ms
step:954/1190 train_time:53284ms step_avg:55.85ms
step:955/1190 train_time:53353ms step_avg:55.87ms
step:956/1190 train_time:53437ms step_avg:55.90ms
step:957/1190 train_time:53504ms step_avg:55.91ms
step:958/1190 train_time:53587ms step_avg:55.94ms
step:959/1190 train_time:53656ms step_avg:55.95ms
step:960/1190 train_time:53741ms step_avg:55.98ms
step:961/1190 train_time:53810ms step_avg:55.99ms
step:962/1190 train_time:53893ms step_avg:56.02ms
step:963/1190 train_time:53960ms step_avg:56.03ms
step:964/1190 train_time:54044ms step_avg:56.06ms
step:965/1190 train_time:54113ms step_avg:56.08ms
step:966/1190 train_time:54194ms step_avg:56.10ms
step:967/1190 train_time:54264ms step_avg:56.12ms
step:968/1190 train_time:54348ms step_avg:56.14ms
step:969/1190 train_time:54416ms step_avg:56.16ms
step:970/1190 train_time:54497ms step_avg:56.18ms
step:971/1190 train_time:54567ms step_avg:56.20ms
step:972/1190 train_time:54652ms step_avg:56.23ms
step:973/1190 train_time:54719ms step_avg:56.24ms
step:974/1190 train_time:54802ms step_avg:56.26ms
step:975/1190 train_time:54870ms step_avg:56.28ms
step:976/1190 train_time:54954ms step_avg:56.30ms
step:977/1190 train_time:55021ms step_avg:56.32ms
step:978/1190 train_time:55105ms step_avg:56.35ms
step:979/1190 train_time:55174ms step_avg:56.36ms
step:980/1190 train_time:55257ms step_avg:56.39ms
step:981/1190 train_time:55326ms step_avg:56.40ms
step:982/1190 train_time:55408ms step_avg:56.42ms
step:983/1190 train_time:55478ms step_avg:56.44ms
step:984/1190 train_time:55560ms step_avg:56.46ms
step:985/1190 train_time:55630ms step_avg:56.48ms
step:986/1190 train_time:55712ms step_avg:56.50ms
step:987/1190 train_time:55781ms step_avg:56.52ms
step:988/1190 train_time:55864ms step_avg:56.54ms
step:989/1190 train_time:55932ms step_avg:56.55ms
step:990/1190 train_time:56016ms step_avg:56.58ms
step:991/1190 train_time:56084ms step_avg:56.59ms
step:992/1190 train_time:56169ms step_avg:56.62ms
step:993/1190 train_time:56237ms step_avg:56.63ms
step:994/1190 train_time:56319ms step_avg:56.66ms
step:995/1190 train_time:56388ms step_avg:56.67ms
step:996/1190 train_time:56471ms step_avg:56.70ms
step:997/1190 train_time:56539ms step_avg:56.71ms
step:998/1190 train_time:56624ms step_avg:56.74ms
step:999/1190 train_time:56692ms step_avg:56.75ms
step:1000/1190 train_time:56776ms step_avg:56.78ms
step:1000/1190 val_loss:3.34976554 train_time:56848ms step_avg:56.85ms
step:1001/1190 train_time:56886ms step_avg:56.83ms
step:1002/1190 train_time:56932ms step_avg:56.82ms
step:1003/1190 train_time:57000ms step_avg:56.83ms
step:1004/1190 train_time:57083ms step_avg:56.86ms
step:1005/1190 train_time:57158ms step_avg:56.87ms
step:1006/1190 train_time:57252ms step_avg:56.91ms
step:1007/1190 train_time:57308ms step_avg:56.91ms
step:1008/1190 train_time:57393ms step_avg:56.94ms
step:1009/1190 train_time:57488ms step_avg:56.98ms
step:1010/1190 train_time:57597ms step_avg:57.03ms
step:1011/1190 train_time:57723ms step_avg:57.10ms
step:1012/1190 train_time:57787ms step_avg:57.10ms
step:1013/1190 train_time:57829ms step_avg:57.09ms
step:1014/1190 train_time:57897ms step_avg:57.10ms
step:1015/1190 train_time:57967ms step_avg:57.11ms
step:1016/1190 train_time:58044ms step_avg:57.13ms
step:1017/1190 train_time:58114ms step_avg:57.14ms
step:1018/1190 train_time:58194ms step_avg:57.17ms
step:1019/1190 train_time:58266ms step_avg:57.18ms
step:1020/1190 train_time:58346ms step_avg:57.20ms
step:1021/1190 train_time:58414ms step_avg:57.21ms
step:1022/1190 train_time:58497ms step_avg:57.24ms
step:1023/1190 train_time:58563ms step_avg:57.25ms
step:1024/1190 train_time:58649ms step_avg:57.27ms
step:1025/1190 train_time:58716ms step_avg:57.28ms
step:1026/1190 train_time:58802ms step_avg:57.31ms
step:1027/1190 train_time:58872ms step_avg:57.32ms
step:1028/1190 train_time:58955ms step_avg:57.35ms
step:1029/1190 train_time:59023ms step_avg:57.36ms
step:1030/1190 train_time:59106ms step_avg:57.38ms
step:1031/1190 train_time:59173ms step_avg:57.39ms
step:1032/1190 train_time:59264ms step_avg:57.43ms
step:1033/1190 train_time:59324ms step_avg:57.43ms
step:1034/1190 train_time:59406ms step_avg:57.45ms
step:1035/1190 train_time:59476ms step_avg:57.46ms
step:1036/1190 train_time:59559ms step_avg:57.49ms
step:1037/1190 train_time:59627ms step_avg:57.50ms
step:1038/1190 train_time:59709ms step_avg:57.52ms
step:1039/1190 train_time:59778ms step_avg:57.53ms
step:1040/1190 train_time:59863ms step_avg:57.56ms
step:1041/1190 train_time:59931ms step_avg:57.57ms
step:1042/1190 train_time:60017ms step_avg:57.60ms
step:1043/1190 train_time:60083ms step_avg:57.61ms
step:1044/1190 train_time:60168ms step_avg:57.63ms
step:1045/1190 train_time:60237ms step_avg:57.64ms
step:1046/1190 train_time:60320ms step_avg:57.67ms
step:1047/1190 train_time:60387ms step_avg:57.68ms
step:1048/1190 train_time:60471ms step_avg:57.70ms
step:1049/1190 train_time:60538ms step_avg:57.71ms
step:1050/1190 train_time:60621ms step_avg:57.73ms
step:1051/1190 train_time:60688ms step_avg:57.74ms
step:1052/1190 train_time:60773ms step_avg:57.77ms
step:1053/1190 train_time:60840ms step_avg:57.78ms
step:1054/1190 train_time:60923ms step_avg:57.80ms
step:1055/1190 train_time:60991ms step_avg:57.81ms
step:1056/1190 train_time:61074ms step_avg:57.84ms
step:1057/1190 train_time:61144ms step_avg:57.85ms
step:1058/1190 train_time:61226ms step_avg:57.87ms
step:1059/1190 train_time:61296ms step_avg:57.88ms
step:1060/1190 train_time:61380ms step_avg:57.91ms
step:1061/1190 train_time:61446ms step_avg:57.91ms
step:1062/1190 train_time:61529ms step_avg:57.94ms
step:1063/1190 train_time:61599ms step_avg:57.95ms
step:1064/1190 train_time:61683ms step_avg:57.97ms
step:1065/1190 train_time:61751ms step_avg:57.98ms
step:1066/1190 train_time:61832ms step_avg:58.00ms
step:1067/1190 train_time:61901ms step_avg:58.01ms
step:1068/1190 train_time:61984ms step_avg:58.04ms
step:1069/1190 train_time:62054ms step_avg:58.05ms
step:1070/1190 train_time:62136ms step_avg:58.07ms
step:1071/1190 train_time:62205ms step_avg:58.08ms
step:1072/1190 train_time:62288ms step_avg:58.10ms
step:1073/1190 train_time:62358ms step_avg:58.12ms
step:1074/1190 train_time:62440ms step_avg:58.14ms
step:1075/1190 train_time:62508ms step_avg:58.15ms
step:1076/1190 train_time:62589ms step_avg:58.17ms
step:1077/1190 train_time:62660ms step_avg:58.18ms
step:1078/1190 train_time:62741ms step_avg:58.20ms
step:1079/1190 train_time:62811ms step_avg:58.21ms
step:1080/1190 train_time:62895ms step_avg:58.24ms
step:1081/1190 train_time:62962ms step_avg:58.24ms
step:1082/1190 train_time:63045ms step_avg:58.27ms
step:1083/1190 train_time:63111ms step_avg:58.27ms
step:1084/1190 train_time:63193ms step_avg:58.30ms
step:1085/1190 train_time:63265ms step_avg:58.31ms
step:1086/1190 train_time:63346ms step_avg:58.33ms
step:1087/1190 train_time:63417ms step_avg:58.34ms
step:1088/1190 train_time:63502ms step_avg:58.37ms
step:1089/1190 train_time:63571ms step_avg:58.38ms
step:1090/1190 train_time:63652ms step_avg:58.40ms
step:1091/1190 train_time:63719ms step_avg:58.40ms
step:1092/1190 train_time:63802ms step_avg:58.43ms
step:1093/1190 train_time:63871ms step_avg:58.44ms
step:1094/1190 train_time:63951ms step_avg:58.46ms
step:1095/1190 train_time:64020ms step_avg:58.47ms
step:1096/1190 train_time:64105ms step_avg:58.49ms
step:1097/1190 train_time:64172ms step_avg:58.50ms
step:1098/1190 train_time:64278ms step_avg:58.54ms
step:1099/1190 train_time:64335ms step_avg:58.54ms
step:1100/1190 train_time:64422ms step_avg:58.57ms
step:1101/1190 train_time:64489ms step_avg:58.57ms
step:1102/1190 train_time:64568ms step_avg:58.59ms
step:1103/1190 train_time:64638ms step_avg:58.60ms
step:1104/1190 train_time:64721ms step_avg:58.62ms
step:1105/1190 train_time:64790ms step_avg:58.63ms
step:1106/1190 train_time:64871ms step_avg:58.65ms
step:1107/1190 train_time:64938ms step_avg:58.66ms
step:1108/1190 train_time:65023ms step_avg:58.69ms
step:1109/1190 train_time:65088ms step_avg:58.69ms
step:1110/1190 train_time:65175ms step_avg:58.72ms
step:1111/1190 train_time:65240ms step_avg:58.72ms
step:1112/1190 train_time:65325ms step_avg:58.75ms
step:1113/1190 train_time:65392ms step_avg:58.75ms
step:1114/1190 train_time:65478ms step_avg:58.78ms
step:1115/1190 train_time:65543ms step_avg:58.78ms
step:1116/1190 train_time:65627ms step_avg:58.81ms
step:1117/1190 train_time:65695ms step_avg:58.81ms
step:1118/1190 train_time:65776ms step_avg:58.83ms
step:1119/1190 train_time:65846ms step_avg:58.84ms
step:1120/1190 train_time:65932ms step_avg:58.87ms
step:1121/1190 train_time:65997ms step_avg:58.87ms
step:1122/1190 train_time:66080ms step_avg:58.89ms
step:1123/1190 train_time:66147ms step_avg:58.90ms
step:1124/1190 train_time:66229ms step_avg:58.92ms
step:1125/1190 train_time:66298ms step_avg:58.93ms
step:1126/1190 train_time:66384ms step_avg:58.96ms
step:1127/1190 train_time:66456ms step_avg:58.97ms
step:1128/1190 train_time:66533ms step_avg:58.98ms
step:1129/1190 train_time:66601ms step_avg:58.99ms
step:1130/1190 train_time:66685ms step_avg:59.01ms
step:1131/1190 train_time:66754ms step_avg:59.02ms
step:1132/1190 train_time:66838ms step_avg:59.04ms
step:1133/1190 train_time:66908ms step_avg:59.05ms
step:1134/1190 train_time:66990ms step_avg:59.07ms
step:1135/1190 train_time:67060ms step_avg:59.08ms
step:1136/1190 train_time:67146ms step_avg:59.11ms
step:1137/1190 train_time:67210ms step_avg:59.11ms
step:1138/1190 train_time:67296ms step_avg:59.14ms
step:1139/1190 train_time:67364ms step_avg:59.14ms
step:1140/1190 train_time:67446ms step_avg:59.16ms
step:1141/1190 train_time:67514ms step_avg:59.17ms
step:1142/1190 train_time:67599ms step_avg:59.19ms
step:1143/1190 train_time:67665ms step_avg:59.20ms
step:1144/1190 train_time:67747ms step_avg:59.22ms
step:1145/1190 train_time:67818ms step_avg:59.23ms
step:1146/1190 train_time:67902ms step_avg:59.25ms
step:1147/1190 train_time:67970ms step_avg:59.26ms
step:1148/1190 train_time:68056ms step_avg:59.28ms
step:1149/1190 train_time:68122ms step_avg:59.29ms
step:1150/1190 train_time:68204ms step_avg:59.31ms
step:1151/1190 train_time:68273ms step_avg:59.32ms
step:1152/1190 train_time:68357ms step_avg:59.34ms
step:1153/1190 train_time:68425ms step_avg:59.34ms
step:1154/1190 train_time:68507ms step_avg:59.36ms
step:1155/1190 train_time:68578ms step_avg:59.37ms
step:1156/1190 train_time:68662ms step_avg:59.40ms
step:1157/1190 train_time:68730ms step_avg:59.40ms
step:1158/1190 train_time:68811ms step_avg:59.42ms
step:1159/1190 train_time:68880ms step_avg:59.43ms
step:1160/1190 train_time:68964ms step_avg:59.45ms
step:1161/1190 train_time:69032ms step_avg:59.46ms
step:1162/1190 train_time:69116ms step_avg:59.48ms
step:1163/1190 train_time:69182ms step_avg:59.49ms
step:1164/1190 train_time:69264ms step_avg:59.51ms
step:1165/1190 train_time:69334ms step_avg:59.51ms
step:1166/1190 train_time:69417ms step_avg:59.53ms
step:1167/1190 train_time:69486ms step_avg:59.54ms
step:1168/1190 train_time:69567ms step_avg:59.56ms
step:1169/1190 train_time:69636ms step_avg:59.57ms
step:1170/1190 train_time:69720ms step_avg:59.59ms
step:1171/1190 train_time:69790ms step_avg:59.60ms
step:1172/1190 train_time:69870ms step_avg:59.62ms
step:1173/1190 train_time:69940ms step_avg:59.62ms
step:1174/1190 train_time:70023ms step_avg:59.65ms
step:1175/1190 train_time:70093ms step_avg:59.65ms
step:1176/1190 train_time:70176ms step_avg:59.67ms
step:1177/1190 train_time:70244ms step_avg:59.68ms
step:1178/1190 train_time:70327ms step_avg:59.70ms
step:1179/1190 train_time:70396ms step_avg:59.71ms
step:1180/1190 train_time:70480ms step_avg:59.73ms
step:1181/1190 train_time:70547ms step_avg:59.74ms
step:1182/1190 train_time:70630ms step_avg:59.75ms
step:1183/1190 train_time:70699ms step_avg:59.76ms
step:1184/1190 train_time:70783ms step_avg:59.78ms
step:1185/1190 train_time:70851ms step_avg:59.79ms
step:1186/1190 train_time:70934ms step_avg:59.81ms
step:1187/1190 train_time:71003ms step_avg:59.82ms
step:1188/1190 train_time:71085ms step_avg:59.84ms
step:1189/1190 train_time:71155ms step_avg:59.84ms
step:1190/1190 train_time:71239ms step_avg:59.86ms
step:1190/1190 val_loss:3.27758145 train_time:71312ms step_avg:59.93ms
peak memory allocated: 31514 MiB reserved: 43520 MiB
