HARNESS_TRAINING_ENV={"OMP_NUM_THREADS": "1", "MKL_NUM_THREADS": "1", "torch_num_threads": 1, "torch_num_interop_threads": 43}
[Gloo] Rank 7 is connected to 7 peer ranks. Expected number of connected peer ranks is : 7
[Gloo] Rank 0 is connected to 7 peer ranks. Expected number of connected peer ranks is : 7
[Gloo] Rank 1 is connected to 7 peer ranks. Expected number of connected peer ranks is : 7
[Gloo] Rank 2 is connected to 7 peer ranks. Expected number of connected peer ranks is : 7[Gloo] Rank 4 is connected to 
7 peer ranks. Expected number of connected peer ranks is : 7
[Gloo] Rank 3 is connected to 7 peer ranks. Expected number of connected peer ranks is : 7
[Gloo] Rank 5 is connected to [Gloo] Rank 7 peer ranks. 6Expected number of connected peer ranks is :  is connected to 77 peer ranks. Expected number of connected peer ranks is : 
7
/workspace/train_gpt.py:1084: UserWarning: Skipping publisher trust check for 'kernels-community/flash-attn3' because Hugging Face Hub is in offline mode.
  flash_attn_interface = get_kernel('kernels-community/flash-attn3', version=1).flash_attn_interface
/workspace/train_gpt.py:1084: UserWarning: Skipping publisher trust check for 'kernels-community/flash-attn3' because Hugging Face Hub is in offline mode.
  flash_attn_interface = get_kernel('kernels-community/flash-attn3', version=1).flash_attn_interface
/workspace/train_gpt.py:1084: UserWarning: Skipping publisher trust check for 'kernels-community/flash-attn3' because Hugging Face Hub is in offline mode.
  flash_attn_interface = get_kernel('kernels-community/flash-attn3', version=1).flash_attn_interface
/workspace/train_gpt.py:1084: UserWarning: Skipping publisher trust check for 'kernels-community/flash-attn3' because Hugging Face Hub is in offline mode.
  flash_attn_interface = get_kernel('kernels-community/flash-attn3', version=1).flash_attn_interface
/workspace/train_gpt.py:1084: UserWarning: Skipping publisher trust check for 'kernels-community/flash-attn3' because Hugging Face Hub is in offline mode.
  flash_attn_interface = get_kernel('kernels-community/flash-attn3', version=1).flash_attn_interface
/workspace/train_gpt.py:1084: UserWarning: Skipping publisher trust check for 'kernels-community/flash-attn3' because Hugging Face Hub is in offline mode.
  flash_attn_interface = get_kernel('kernels-community/flash-attn3', version=1).flash_attn_interface
/workspace/train_gpt.py:1084: UserWarning: Skipping publisher trust check for 'kernels-community/flash-attn3' because Hugging Face Hub is in offline mode.
  flash_attn_interface = get_kernel('kernels-community/flash-attn3', version=1).flash_attn_interface
/workspace/train_gpt.py:1084: UserWarning: Skipping publisher trust check for 'kernels-community/flash-attn3' because Hugging Face Hub is in offline mode.
  flash_attn_interface = get_kernel('kernels-community/flash-attn3', version=1).flash_attn_interface
logs/97230b47-11e2-4f7a-8761-54e8bdbb4c62.txt
Compiling model and warming up kernels (~7 minutes on first execution)
Sampling steps [0, 1, 281, 282, 283, 284, 705, 706, 707, 708, 1128, 1129, 1130, 1131] for warmup
Resetting Model
step:0/1190 val_loss:10.82943153 train_time:77ms step_avg:77.27ms
step:1/1190 train_time:237ms step_avg:237.46ms
step:2/1190 train_time:308ms step_avg:154.13ms
step:3/1190 train_time:349ms step_avg:116.40ms
step:4/1190 train_time:399ms step_avg:99.87ms
step:5/1190 train_time:441ms step_avg:88.21ms
step:6/1190 train_time:489ms step_avg:81.48ms
step:7/1190 train_time:530ms step_avg:75.67ms
step:8/1190 train_time:582ms step_avg:72.76ms
step:9/1190 train_time:625ms step_avg:69.39ms
step:10/1190 train_time:674ms step_avg:67.37ms
step:11/1190 train_time:712ms step_avg:64.77ms
step:12/1190 train_time:759ms step_avg:63.25ms
step:13/1190 train_time:798ms step_avg:61.36ms
step:14/1190 train_time:845ms step_avg:60.33ms
step:15/1190 train_time:884ms step_avg:58.93ms
step:16/1190 train_time:933ms step_avg:58.29ms
step:17/1190 train_time:969ms step_avg:57.00ms
step:18/1190 train_time:1017ms step_avg:56.49ms
step:19/1190 train_time:1057ms step_avg:55.63ms
step:20/1190 train_time:1106ms step_avg:55.28ms
step:21/1190 train_time:1147ms step_avg:54.63ms
step:22/1190 train_time:1193ms step_avg:54.23ms
step:23/1190 train_time:1234ms step_avg:53.64ms
step:24/1190 train_time:1280ms step_avg:53.34ms
step:25/1190 train_time:1319ms step_avg:52.78ms
step:26/1190 train_time:1364ms step_avg:52.47ms
step:27/1190 train_time:1404ms step_avg:51.99ms
step:28/1190 train_time:1452ms step_avg:51.86ms
step:29/1190 train_time:1491ms step_avg:51.41ms
step:30/1190 train_time:1539ms step_avg:51.31ms
step:31/1190 train_time:1577ms step_avg:50.86ms
step:32/1190 train_time:1622ms step_avg:50.70ms
step:33/1190 train_time:1663ms step_avg:50.39ms
step:34/1190 train_time:1712ms step_avg:50.35ms
step:35/1190 train_time:1752ms step_avg:50.05ms
step:36/1190 train_time:1798ms step_avg:49.94ms
step:37/1190 train_time:1838ms step_avg:49.69ms
step:38/1190 train_time:1884ms step_avg:49.58ms
step:39/1190 train_time:1923ms step_avg:49.32ms
step:40/1190 train_time:1975ms step_avg:49.37ms
step:41/1190 train_time:2014ms step_avg:49.12ms
step:42/1190 train_time:2061ms step_avg:49.08ms
step:43/1190 train_time:2100ms step_avg:48.84ms
step:44/1190 train_time:2147ms step_avg:48.80ms
step:45/1190 train_time:2186ms step_avg:48.58ms
step:46/1190 train_time:2232ms step_avg:48.53ms
step:47/1190 train_time:2273ms step_avg:48.36ms
step:48/1190 train_time:2318ms step_avg:48.29ms
step:49/1190 train_time:2357ms step_avg:48.10ms
step:50/1190 train_time:2403ms step_avg:48.06ms
step:51/1190 train_time:2442ms step_avg:47.88ms
step:52/1190 train_time:2486ms step_avg:47.80ms
step:53/1190 train_time:2525ms step_avg:47.65ms
step:54/1190 train_time:2574ms step_avg:47.67ms
step:55/1190 train_time:2612ms step_avg:47.48ms
step:56/1190 train_time:2658ms step_avg:47.47ms
step:57/1190 train_time:2696ms step_avg:47.30ms
step:58/1190 train_time:2743ms step_avg:47.30ms
step:59/1190 train_time:2783ms step_avg:47.16ms
step:60/1190 train_time:2830ms step_avg:47.16ms
step:61/1190 train_time:2870ms step_avg:47.04ms
step:62/1190 train_time:2916ms step_avg:47.03ms
step:63/1190 train_time:2957ms step_avg:46.93ms
step:64/1190 train_time:3002ms step_avg:46.91ms
step:65/1190 train_time:3039ms step_avg:46.76ms
step:66/1190 train_time:3087ms step_avg:46.77ms
step:67/1190 train_time:3128ms step_avg:46.69ms
step:68/1190 train_time:3176ms step_avg:46.71ms
step:69/1190 train_time:3214ms step_avg:46.58ms
step:70/1190 train_time:3257ms step_avg:46.54ms
step:71/1190 train_time:3295ms step_avg:46.41ms
step:72/1190 train_time:3342ms step_avg:46.42ms
step:73/1190 train_time:3380ms step_avg:46.30ms
step:74/1190 train_time:3426ms step_avg:46.29ms
step:75/1190 train_time:3464ms step_avg:46.19ms
step:76/1190 train_time:3510ms step_avg:46.19ms
step:77/1190 train_time:3550ms step_avg:46.10ms
step:78/1190 train_time:3596ms step_avg:46.10ms
step:79/1190 train_time:3634ms step_avg:46.00ms
step:80/1190 train_time:3683ms step_avg:46.03ms
step:81/1190 train_time:3719ms step_avg:45.91ms
step:82/1190 train_time:3761ms step_avg:45.87ms
step:83/1190 train_time:3802ms step_avg:45.80ms
step:84/1190 train_time:3848ms step_avg:45.81ms
step:85/1190 train_time:3888ms step_avg:45.74ms
step:86/1190 train_time:3932ms step_avg:45.72ms
step:87/1190 train_time:3971ms step_avg:45.64ms
step:88/1190 train_time:4016ms step_avg:45.64ms
step:89/1190 train_time:4055ms step_avg:45.56ms
step:90/1190 train_time:4104ms step_avg:45.60ms
step:91/1190 train_time:4144ms step_avg:45.54ms
step:92/1190 train_time:4187ms step_avg:45.52ms
step:93/1190 train_time:4227ms step_avg:45.45ms
step:94/1190 train_time:4274ms step_avg:45.46ms
step:95/1190 train_time:4312ms step_avg:45.39ms
step:96/1190 train_time:4359ms step_avg:45.41ms
step:97/1190 train_time:4399ms step_avg:45.35ms
step:98/1190 train_time:4445ms step_avg:45.36ms
step:99/1190 train_time:4484ms step_avg:45.29ms
step:100/1190 train_time:4526ms step_avg:45.26ms
step:101/1190 train_time:4569ms step_avg:45.24ms
step:102/1190 train_time:4616ms step_avg:45.25ms
step:103/1190 train_time:4657ms step_avg:45.22ms
step:104/1190 train_time:4702ms step_avg:45.21ms
step:105/1190 train_time:4743ms step_avg:45.17ms
step:106/1190 train_time:4791ms step_avg:45.19ms
step:107/1190 train_time:4829ms step_avg:45.13ms
step:108/1190 train_time:4874ms step_avg:45.13ms
step:109/1190 train_time:4911ms step_avg:45.06ms
step:110/1190 train_time:4957ms step_avg:45.07ms
step:111/1190 train_time:4998ms step_avg:45.02ms
step:112/1190 train_time:5044ms step_avg:45.04ms
step:113/1190 train_time:5084ms step_avg:44.99ms
step:114/1190 train_time:5130ms step_avg:45.00ms
step:115/1190 train_time:5169ms step_avg:44.95ms
step:116/1190 train_time:5215ms step_avg:44.95ms
step:117/1190 train_time:5254ms step_avg:44.90ms
step:118/1190 train_time:5303ms step_avg:44.94ms
step:119/1190 train_time:5342ms step_avg:44.89ms
step:120/1190 train_time:5391ms step_avg:44.92ms
step:121/1190 train_time:5429ms step_avg:44.87ms
step:122/1190 train_time:5477ms step_avg:44.89ms
step:123/1190 train_time:5517ms step_avg:44.86ms
step:124/1190 train_time:5565ms step_avg:44.88ms
step:125/1190 train_time:5610ms step_avg:44.88ms
step:126/1190 train_time:5656ms step_avg:44.89ms
step:127/1190 train_time:5696ms step_avg:44.85ms
step:128/1190 train_time:5742ms step_avg:44.86ms
step:129/1190 train_time:5781ms step_avg:44.81ms
step:130/1190 train_time:5827ms step_avg:44.83ms
step:131/1190 train_time:5865ms step_avg:44.77ms
step:132/1190 train_time:5910ms step_avg:44.77ms
step:133/1190 train_time:5949ms step_avg:44.73ms
step:134/1190 train_time:5996ms step_avg:44.75ms
step:135/1190 train_time:6034ms step_avg:44.70ms
step:136/1190 train_time:6081ms step_avg:44.71ms
step:137/1190 train_time:6117ms step_avg:44.65ms
step:138/1190 train_time:6162ms step_avg:44.65ms
step:139/1190 train_time:6202ms step_avg:44.62ms
step:140/1190 train_time:6247ms step_avg:44.62ms
step:141/1190 train_time:6287ms step_avg:44.59ms
step:142/1190 train_time:6332ms step_avg:44.59ms
step:143/1190 train_time:6374ms step_avg:44.58ms
step:144/1190 train_time:6420ms step_avg:44.58ms
step:145/1190 train_time:6458ms step_avg:44.54ms
step:146/1190 train_time:6507ms step_avg:44.57ms
step:147/1190 train_time:6546ms step_avg:44.53ms
step:148/1190 train_time:6594ms step_avg:44.55ms
step:149/1190 train_time:6630ms step_avg:44.50ms
step:150/1190 train_time:6673ms step_avg:44.49ms
step:151/1190 train_time:6714ms step_avg:44.46ms
step:152/1190 train_time:6759ms step_avg:44.47ms
step:153/1190 train_time:6796ms step_avg:44.42ms
step:154/1190 train_time:6841ms step_avg:44.42ms
step:155/1190 train_time:6882ms step_avg:44.40ms
step:156/1190 train_time:6928ms step_avg:44.41ms
step:157/1190 train_time:6966ms step_avg:44.37ms
step:158/1190 train_time:7014ms step_avg:44.39ms
step:159/1190 train_time:7055ms step_avg:44.37ms
step:160/1190 train_time:7106ms step_avg:44.41ms
step:161/1190 train_time:7146ms step_avg:44.38ms
step:162/1190 train_time:7194ms step_avg:44.41ms
step:163/1190 train_time:7233ms step_avg:44.37ms
step:164/1190 train_time:7280ms step_avg:44.39ms
step:165/1190 train_time:7320ms step_avg:44.36ms
step:166/1190 train_time:7370ms step_avg:44.40ms
step:167/1190 train_time:7409ms step_avg:44.37ms
step:168/1190 train_time:7456ms step_avg:44.38ms
step:169/1190 train_time:7496ms step_avg:44.36ms
step:170/1190 train_time:7544ms step_avg:44.37ms
step:171/1190 train_time:7582ms step_avg:44.34ms
step:172/1190 train_time:7627ms step_avg:44.34ms
step:173/1190 train_time:7668ms step_avg:44.32ms
step:174/1190 train_time:7713ms step_avg:44.33ms
step:175/1190 train_time:7753ms step_avg:44.30ms
step:176/1190 train_time:7799ms step_avg:44.32ms
step:177/1190 train_time:7838ms step_avg:44.28ms
step:178/1190 train_time:7885ms step_avg:44.30ms
step:179/1190 train_time:7926ms step_avg:44.28ms
step:180/1190 train_time:7972ms step_avg:44.29ms
step:181/1190 train_time:8013ms step_avg:44.27ms
step:182/1190 train_time:8062ms step_avg:44.30ms
step:183/1190 train_time:8100ms step_avg:44.26ms
step:184/1190 train_time:8143ms step_avg:44.26ms
step:185/1190 train_time:8185ms step_avg:44.24ms
step:186/1190 train_time:8228ms step_avg:44.24ms
step:187/1190 train_time:8267ms step_avg:44.21ms
step:188/1190 train_time:8313ms step_avg:44.22ms
step:189/1190 train_time:8353ms step_avg:44.20ms
step:190/1190 train_time:8400ms step_avg:44.21ms
step:191/1190 train_time:8439ms step_avg:44.18ms
step:192/1190 train_time:8483ms step_avg:44.18ms
step:193/1190 train_time:8529ms step_avg:44.19ms
step:194/1190 train_time:8575ms step_avg:44.20ms
step:195/1190 train_time:8617ms step_avg:44.19ms
step:196/1190 train_time:8664ms step_avg:44.20ms
step:197/1190 train_time:8703ms step_avg:44.18ms
step:198/1190 train_time:8750ms step_avg:44.19ms
step:199/1190 train_time:8788ms step_avg:44.16ms
step:200/1190 train_time:8833ms step_avg:44.16ms
step:201/1190 train_time:8876ms step_avg:44.16ms
step:202/1190 train_time:8923ms step_avg:44.18ms
step:203/1190 train_time:8964ms step_avg:44.16ms
step:204/1190 train_time:9009ms step_avg:44.16ms
step:205/1190 train_time:9051ms step_avg:44.15ms
step:206/1190 train_time:9094ms step_avg:44.15ms
step:207/1190 train_time:9137ms step_avg:44.14ms
step:208/1190 train_time:9182ms step_avg:44.14ms
step:209/1190 train_time:9222ms step_avg:44.12ms
step:210/1190 train_time:9268ms step_avg:44.13ms
step:211/1190 train_time:9311ms step_avg:44.13ms
step:212/1190 train_time:9359ms step_avg:44.15ms
step:213/1190 train_time:9400ms step_avg:44.13ms
step:214/1190 train_time:9445ms step_avg:44.14ms
step:215/1190 train_time:9484ms step_avg:44.11ms
step:216/1190 train_time:9532ms step_avg:44.13ms
step:217/1190 train_time:9570ms step_avg:44.10ms
step:218/1190 train_time:9615ms step_avg:44.10ms
step:219/1190 train_time:9656ms step_avg:44.09ms
step:220/1190 train_time:9701ms step_avg:44.09ms
step:221/1190 train_time:9742ms step_avg:44.08ms
step:222/1190 train_time:9788ms step_avg:44.09ms
step:223/1190 train_time:9828ms step_avg:44.07ms
step:224/1190 train_time:9874ms step_avg:44.08ms
step:225/1190 train_time:9914ms step_avg:44.06ms
step:226/1190 train_time:9959ms step_avg:44.07ms
step:227/1190 train_time:9998ms step_avg:44.05ms
step:228/1190 train_time:10044ms step_avg:44.05ms
step:229/1190 train_time:10081ms step_avg:44.02ms
step:230/1190 train_time:10125ms step_avg:44.02ms
step:231/1190 train_time:10163ms step_avg:44.00ms
step:232/1190 train_time:10210ms step_avg:44.01ms
step:233/1190 train_time:10251ms step_avg:44.00ms
step:234/1190 train_time:10301ms step_avg:44.02ms
step:235/1190 train_time:10343ms step_avg:44.01ms
step:236/1190 train_time:10391ms step_avg:44.03ms
step:237/1190 train_time:10432ms step_avg:44.01ms
step:238/1190 train_time:10477ms step_avg:44.02ms
step:239/1190 train_time:10518ms step_avg:44.01ms
step:240/1190 train_time:10564ms step_avg:44.02ms
step:241/1190 train_time:10604ms step_avg:44.00ms
step:242/1190 train_time:10652ms step_avg:44.01ms
step:243/1190 train_time:10690ms step_avg:43.99ms
step:244/1190 train_time:10736ms step_avg:44.00ms
step:245/1190 train_time:10777ms step_avg:43.99ms
step:246/1190 train_time:10825ms step_avg:44.00ms
step:247/1190 train_time:10863ms step_avg:43.98ms
step:248/1190 train_time:10909ms step_avg:43.99ms
step:249/1190 train_time:10950ms step_avg:43.97ms
step:250/1190 train_time:10996ms step_avg:43.98ms
step:250/1190 val_loss:4.36489105 train_time:11001ms step_avg:44.00ms
step:251/1190 train_time:11041ms step_avg:43.99ms
step:252/1190 train_time:11086ms step_avg:43.99ms
step:253/1190 train_time:11126ms step_avg:43.98ms
step:254/1190 train_time:11171ms step_avg:43.98ms
step:255/1190 train_time:11210ms step_avg:43.96ms
step:256/1190 train_time:11255ms step_avg:43.96ms
step:257/1190 train_time:11293ms step_avg:43.94ms
step:258/1190 train_time:11338ms step_avg:43.94ms
step:259/1190 train_time:11378ms step_avg:43.93ms
step:260/1190 train_time:11425ms step_avg:43.94ms
step:261/1190 train_time:11460ms step_avg:43.91ms
step:262/1190 train_time:11505ms step_avg:43.91ms
step:263/1190 train_time:11544ms step_avg:43.89ms
step:264/1190 train_time:11592ms step_avg:43.91ms
step:265/1190 train_time:11632ms step_avg:43.89ms
step:266/1190 train_time:11678ms step_avg:43.90ms
step:267/1190 train_time:11716ms step_avg:43.88ms
step:268/1190 train_time:11760ms step_avg:43.88ms
step:269/1190 train_time:11797ms step_avg:43.85ms
step:270/1190 train_time:11837ms step_avg:43.84ms
step:271/1190 train_time:11877ms step_avg:43.83ms
step:272/1190 train_time:11920ms step_avg:43.82ms
step:273/1190 train_time:11959ms step_avg:43.81ms
step:274/1190 train_time:12003ms step_avg:43.81ms
step:275/1190 train_time:12040ms step_avg:43.78ms
step:276/1190 train_time:12089ms step_avg:43.80ms
step:277/1190 train_time:12129ms step_avg:43.79ms
step:278/1190 train_time:12176ms step_avg:43.80ms
step:279/1190 train_time:12216ms step_avg:43.78ms
step:280/1190 train_time:12263ms step_avg:43.79ms
step:281/1190 train_time:12302ms step_avg:43.78ms
step:282/1190 train_time:12346ms step_avg:43.78ms
step:283/1190 train_time:12387ms step_avg:43.77ms
step:284/1190 train_time:12433ms step_avg:43.78ms
step:285/1190 train_time:12473ms step_avg:43.76ms
step:286/1190 train_time:12519ms step_avg:43.77ms
step:287/1190 train_time:12559ms step_avg:43.76ms
step:288/1190 train_time:12612ms step_avg:43.79ms
step:289/1190 train_time:12655ms step_avg:43.79ms
step:290/1190 train_time:12716ms step_avg:43.85ms
step:291/1190 train_time:12762ms step_avg:43.86ms
step:292/1190 train_time:12822ms step_avg:43.91ms
step:293/1190 train_time:12865ms step_avg:43.91ms
step:294/1190 train_time:12926ms step_avg:43.97ms
step:295/1190 train_time:12971ms step_avg:43.97ms
step:296/1190 train_time:13032ms step_avg:44.03ms
step:297/1190 train_time:13076ms step_avg:44.03ms
step:298/1190 train_time:13135ms step_avg:44.08ms
step:299/1190 train_time:13179ms step_avg:44.08ms
step:300/1190 train_time:13240ms step_avg:44.13ms
step:301/1190 train_time:13285ms step_avg:44.14ms
step:302/1190 train_time:13344ms step_avg:44.19ms
step:303/1190 train_time:13389ms step_avg:44.19ms
step:304/1190 train_time:13450ms step_avg:44.24ms
step:305/1190 train_time:13495ms step_avg:44.25ms
step:306/1190 train_time:13553ms step_avg:44.29ms
step:307/1190 train_time:13600ms step_avg:44.30ms
step:308/1190 train_time:13659ms step_avg:44.35ms
step:309/1190 train_time:13706ms step_avg:44.36ms
step:310/1190 train_time:13765ms step_avg:44.40ms
step:311/1190 train_time:13810ms step_avg:44.40ms
step:312/1190 train_time:13871ms step_avg:44.46ms
step:313/1190 train_time:13914ms step_avg:44.46ms
step:314/1190 train_time:13974ms step_avg:44.50ms
step:315/1190 train_time:14020ms step_avg:44.51ms
step:316/1190 train_time:14079ms step_avg:44.55ms
step:317/1190 train_time:14125ms step_avg:44.56ms
step:318/1190 train_time:14187ms step_avg:44.61ms
step:319/1190 train_time:14229ms step_avg:44.61ms
step:320/1190 train_time:14291ms step_avg:44.66ms
step:321/1190 train_time:14334ms step_avg:44.65ms
step:322/1190 train_time:14395ms step_avg:44.70ms
step:323/1190 train_time:14438ms step_avg:44.70ms
step:324/1190 train_time:14498ms step_avg:44.75ms
step:325/1190 train_time:14545ms step_avg:44.75ms
step:326/1190 train_time:14602ms step_avg:44.79ms
step:327/1190 train_time:14650ms step_avg:44.80ms
step:328/1190 train_time:14709ms step_avg:44.84ms
step:329/1190 train_time:14755ms step_avg:44.85ms
step:330/1190 train_time:14813ms step_avg:44.89ms
step:331/1190 train_time:14859ms step_avg:44.89ms
step:332/1190 train_time:14918ms step_avg:44.93ms
step:333/1190 train_time:14962ms step_avg:44.93ms
step:334/1190 train_time:15024ms step_avg:44.98ms
step:335/1190 train_time:15069ms step_avg:44.98ms
step:336/1190 train_time:15128ms step_avg:45.02ms
step:337/1190 train_time:15231ms step_avg:45.20ms
step:338/1190 train_time:15279ms step_avg:45.20ms
step:339/1190 train_time:15320ms step_avg:45.19ms
step:340/1190 train_time:15370ms step_avg:45.21ms
step:341/1190 train_time:15411ms step_avg:45.19ms
step:342/1190 train_time:15457ms step_avg:45.20ms
step:343/1190 train_time:15501ms step_avg:45.19ms
step:344/1190 train_time:15560ms step_avg:45.23ms
step:345/1190 train_time:15606ms step_avg:45.24ms
step:346/1190 train_time:15662ms step_avg:45.27ms
step:347/1190 train_time:15711ms step_avg:45.28ms
step:348/1190 train_time:15769ms step_avg:45.31ms
step:349/1190 train_time:15815ms step_avg:45.31ms
step:350/1190 train_time:15875ms step_avg:45.36ms
step:351/1190 train_time:15919ms step_avg:45.35ms
step:352/1190 train_time:15979ms step_avg:45.39ms
step:353/1190 train_time:16025ms step_avg:45.40ms
step:354/1190 train_time:16085ms step_avg:45.44ms
step:355/1190 train_time:16129ms step_avg:45.43ms
step:356/1190 train_time:16187ms step_avg:45.47ms
step:357/1190 train_time:16233ms step_avg:45.47ms
step:358/1190 train_time:16294ms step_avg:45.52ms
step:359/1190 train_time:16339ms step_avg:45.51ms
step:360/1190 train_time:16400ms step_avg:45.56ms
step:361/1190 train_time:16445ms step_avg:45.55ms
step:362/1190 train_time:16504ms step_avg:45.59ms
step:363/1190 train_time:16548ms step_avg:45.59ms
step:364/1190 train_time:16609ms step_avg:45.63ms
step:365/1190 train_time:16654ms step_avg:45.63ms
step:366/1190 train_time:16714ms step_avg:45.67ms
step:367/1190 train_time:16758ms step_avg:45.66ms
step:368/1190 train_time:16819ms step_avg:45.71ms
step:369/1190 train_time:16863ms step_avg:45.70ms
step:370/1190 train_time:16922ms step_avg:45.74ms
step:371/1190 train_time:16969ms step_avg:45.74ms
step:372/1190 train_time:17029ms step_avg:45.78ms
step:373/1190 train_time:17074ms step_avg:45.77ms
step:374/1190 train_time:17133ms step_avg:45.81ms
step:375/1190 train_time:17177ms step_avg:45.81ms
step:376/1190 train_time:17238ms step_avg:45.85ms
step:377/1190 train_time:17282ms step_avg:45.84ms
step:378/1190 train_time:17342ms step_avg:45.88ms
step:379/1190 train_time:17386ms step_avg:45.87ms
step:380/1190 train_time:17447ms step_avg:45.91ms
step:381/1190 train_time:17492ms step_avg:45.91ms
step:382/1190 train_time:17553ms step_avg:45.95ms
step:383/1190 train_time:17597ms step_avg:45.95ms
step:384/1190 train_time:17658ms step_avg:45.99ms
step:385/1190 train_time:17703ms step_avg:45.98ms
step:386/1190 train_time:17763ms step_avg:46.02ms
step:387/1190 train_time:17807ms step_avg:46.01ms
step:388/1190 train_time:17867ms step_avg:46.05ms
step:389/1190 train_time:17911ms step_avg:46.04ms
step:390/1190 train_time:17970ms step_avg:46.08ms
step:391/1190 train_time:18017ms step_avg:46.08ms
step:392/1190 train_time:18077ms step_avg:46.11ms
step:393/1190 train_time:18122ms step_avg:46.11ms
step:394/1190 train_time:18181ms step_avg:46.15ms
step:395/1190 train_time:18227ms step_avg:46.15ms
step:396/1190 train_time:18287ms step_avg:46.18ms
step:397/1190 train_time:18333ms step_avg:46.18ms
step:398/1190 train_time:18391ms step_avg:46.21ms
step:399/1190 train_time:18437ms step_avg:46.21ms
step:400/1190 train_time:18497ms step_avg:46.24ms
step:401/1190 train_time:18542ms step_avg:46.24ms
step:402/1190 train_time:18601ms step_avg:46.27ms
step:403/1190 train_time:18649ms step_avg:46.28ms
step:404/1190 train_time:18707ms step_avg:46.31ms
step:405/1190 train_time:18753ms step_avg:46.30ms
step:406/1190 train_time:18812ms step_avg:46.34ms
step:407/1190 train_time:18857ms step_avg:46.33ms
step:408/1190 train_time:18916ms step_avg:46.36ms
step:409/1190 train_time:18963ms step_avg:46.36ms
step:410/1190 train_time:19023ms step_avg:46.40ms
step:411/1190 train_time:19067ms step_avg:46.39ms
step:412/1190 train_time:19127ms step_avg:46.42ms
step:413/1190 train_time:19170ms step_avg:46.42ms
step:414/1190 train_time:19230ms step_avg:46.45ms
step:415/1190 train_time:19277ms step_avg:46.45ms
step:416/1190 train_time:19339ms step_avg:46.49ms
step:417/1190 train_time:19383ms step_avg:46.48ms
step:418/1190 train_time:19441ms step_avg:46.51ms
step:419/1190 train_time:19486ms step_avg:46.51ms
step:420/1190 train_time:19547ms step_avg:46.54ms
step:421/1190 train_time:19592ms step_avg:46.54ms
step:422/1190 train_time:19652ms step_avg:46.57ms
step:423/1190 train_time:19697ms step_avg:46.56ms
step:424/1190 train_time:19758ms step_avg:46.60ms
step:425/1190 train_time:19802ms step_avg:46.59ms
step:426/1190 train_time:19863ms step_avg:46.63ms
step:427/1190 train_time:19908ms step_avg:46.62ms
step:428/1190 train_time:19968ms step_avg:46.65ms
step:429/1190 train_time:20012ms step_avg:46.65ms
step:430/1190 train_time:20072ms step_avg:46.68ms
step:431/1190 train_time:20118ms step_avg:46.68ms
step:432/1190 train_time:20178ms step_avg:46.71ms
step:433/1190 train_time:20224ms step_avg:46.71ms
step:434/1190 train_time:20284ms step_avg:46.74ms
step:435/1190 train_time:20329ms step_avg:46.73ms
step:436/1190 train_time:20388ms step_avg:46.76ms
step:437/1190 train_time:20434ms step_avg:46.76ms
step:438/1190 train_time:20493ms step_avg:46.79ms
step:439/1190 train_time:20539ms step_avg:46.79ms
step:440/1190 train_time:20598ms step_avg:46.81ms
step:441/1190 train_time:20642ms step_avg:46.81ms
step:442/1190 train_time:20701ms step_avg:46.83ms
step:443/1190 train_time:20749ms step_avg:46.84ms
step:444/1190 train_time:20808ms step_avg:46.87ms
step:445/1190 train_time:20853ms step_avg:46.86ms
step:446/1190 train_time:20914ms step_avg:46.89ms
step:447/1190 train_time:20959ms step_avg:46.89ms
step:448/1190 train_time:21017ms step_avg:46.91ms
step:449/1190 train_time:21064ms step_avg:46.91ms
step:450/1190 train_time:21123ms step_avg:46.94ms
step:451/1190 train_time:21168ms step_avg:46.94ms
step:452/1190 train_time:21226ms step_avg:46.96ms
step:453/1190 train_time:21272ms step_avg:46.96ms
step:454/1190 train_time:21332ms step_avg:46.99ms
step:455/1190 train_time:21378ms step_avg:46.99ms
step:456/1190 train_time:21439ms step_avg:47.01ms
step:457/1190 train_time:21482ms step_avg:47.01ms
step:458/1190 train_time:21544ms step_avg:47.04ms
step:459/1190 train_time:21588ms step_avg:47.03ms
step:460/1190 train_time:21649ms step_avg:47.06ms
step:461/1190 train_time:21694ms step_avg:47.06ms
step:462/1190 train_time:21753ms step_avg:47.08ms
step:463/1190 train_time:21798ms step_avg:47.08ms
step:464/1190 train_time:21858ms step_avg:47.11ms
step:465/1190 train_time:21902ms step_avg:47.10ms
step:466/1190 train_time:21962ms step_avg:47.13ms
step:467/1190 train_time:22007ms step_avg:47.12ms
step:468/1190 train_time:22068ms step_avg:47.15ms
step:469/1190 train_time:22113ms step_avg:47.15ms
step:470/1190 train_time:22171ms step_avg:47.17ms
step:471/1190 train_time:22218ms step_avg:47.17ms
step:472/1190 train_time:22278ms step_avg:47.20ms
step:473/1190 train_time:22323ms step_avg:47.19ms
step:474/1190 train_time:22383ms step_avg:47.22ms
step:475/1190 train_time:22428ms step_avg:47.22ms
step:476/1190 train_time:22489ms step_avg:47.25ms
step:477/1190 train_time:22533ms step_avg:47.24ms
step:478/1190 train_time:22594ms step_avg:47.27ms
step:479/1190 train_time:22639ms step_avg:47.26ms
step:480/1190 train_time:22698ms step_avg:47.29ms
step:481/1190 train_time:22743ms step_avg:47.28ms
step:482/1190 train_time:22803ms step_avg:47.31ms
step:483/1190 train_time:22850ms step_avg:47.31ms
step:484/1190 train_time:22908ms step_avg:47.33ms
step:485/1190 train_time:22954ms step_avg:47.33ms
step:486/1190 train_time:23013ms step_avg:47.35ms
step:487/1190 train_time:23059ms step_avg:47.35ms
step:488/1190 train_time:23118ms step_avg:47.37ms
step:489/1190 train_time:23163ms step_avg:47.37ms
step:490/1190 train_time:23223ms step_avg:47.39ms
step:491/1190 train_time:23269ms step_avg:47.39ms
step:492/1190 train_time:23328ms step_avg:47.42ms
step:493/1190 train_time:23374ms step_avg:47.41ms
step:494/1190 train_time:23433ms step_avg:47.44ms
step:495/1190 train_time:23478ms step_avg:47.43ms
step:496/1190 train_time:23539ms step_avg:47.46ms
step:497/1190 train_time:23585ms step_avg:47.45ms
step:498/1190 train_time:23641ms step_avg:47.47ms
step:499/1190 train_time:23688ms step_avg:47.47ms
step:500/1190 train_time:23750ms step_avg:47.50ms
step:500/1190 val_loss:3.88410616 train_time:23797ms step_avg:47.59ms
step:501/1190 train_time:23835ms step_avg:47.57ms
step:502/1190 train_time:23881ms step_avg:47.57ms
step:503/1190 train_time:23922ms step_avg:47.56ms
step:504/1190 train_time:23966ms step_avg:47.55ms
step:505/1190 train_time:24013ms step_avg:47.55ms
step:506/1190 train_time:24074ms step_avg:47.58ms
step:507/1190 train_time:24120ms step_avg:47.57ms
step:508/1190 train_time:24179ms step_avg:47.60ms
step:509/1190 train_time:24225ms step_avg:47.59ms
step:510/1190 train_time:24285ms step_avg:47.62ms
step:511/1190 train_time:24330ms step_avg:47.61ms
step:512/1190 train_time:24389ms step_avg:47.63ms
step:513/1190 train_time:24435ms step_avg:47.63ms
step:514/1190 train_time:24495ms step_avg:47.66ms
step:515/1190 train_time:24540ms step_avg:47.65ms
step:516/1190 train_time:24599ms step_avg:47.67ms
step:517/1190 train_time:24645ms step_avg:47.67ms
step:518/1190 train_time:24705ms step_avg:47.69ms
step:519/1190 train_time:24750ms step_avg:47.69ms
step:520/1190 train_time:24811ms step_avg:47.71ms
step:521/1190 train_time:24855ms step_avg:47.71ms
step:522/1190 train_time:24915ms step_avg:47.73ms
step:523/1190 train_time:24960ms step_avg:47.72ms
step:524/1190 train_time:25021ms step_avg:47.75ms
step:525/1190 train_time:25066ms step_avg:47.74ms
step:526/1190 train_time:25125ms step_avg:47.77ms
step:527/1190 train_time:25171ms step_avg:47.76ms
step:528/1190 train_time:25232ms step_avg:47.79ms
step:529/1190 train_time:25276ms step_avg:47.78ms
step:530/1190 train_time:25335ms step_avg:47.80ms
step:531/1190 train_time:25383ms step_avg:47.80ms
step:532/1190 train_time:25440ms step_avg:47.82ms
step:533/1190 train_time:25486ms step_avg:47.82ms
step:534/1190 train_time:25547ms step_avg:47.84ms
step:535/1190 train_time:25592ms step_avg:47.84ms
step:536/1190 train_time:25651ms step_avg:47.86ms
step:537/1190 train_time:25695ms step_avg:47.85ms
step:538/1190 train_time:25756ms step_avg:47.87ms
step:539/1190 train_time:25801ms step_avg:47.87ms
step:540/1190 train_time:25861ms step_avg:47.89ms
step:541/1190 train_time:25906ms step_avg:47.89ms
step:542/1190 train_time:25967ms step_avg:47.91ms
step:543/1190 train_time:26012ms step_avg:47.90ms
step:544/1190 train_time:26071ms step_avg:47.93ms
step:545/1190 train_time:26118ms step_avg:47.92ms
step:546/1190 train_time:26178ms step_avg:47.94ms
step:547/1190 train_time:26223ms step_avg:47.94ms
step:548/1190 train_time:26283ms step_avg:47.96ms
step:549/1190 train_time:26328ms step_avg:47.96ms
step:550/1190 train_time:26388ms step_avg:47.98ms
step:551/1190 train_time:26434ms step_avg:47.97ms
step:552/1190 train_time:26493ms step_avg:47.99ms
step:553/1190 train_time:26538ms step_avg:47.99ms
step:554/1190 train_time:26598ms step_avg:48.01ms
step:555/1190 train_time:26642ms step_avg:48.00ms
step:556/1190 train_time:26702ms step_avg:48.03ms
step:557/1190 train_time:26748ms step_avg:48.02ms
step:558/1190 train_time:26807ms step_avg:48.04ms
step:559/1190 train_time:26853ms step_avg:48.04ms
step:560/1190 train_time:26912ms step_avg:48.06ms
step:561/1190 train_time:26957ms step_avg:48.05ms
step:562/1190 train_time:27017ms step_avg:48.07ms
step:563/1190 train_time:27064ms step_avg:48.07ms
step:564/1190 train_time:27122ms step_avg:48.09ms
step:565/1190 train_time:27168ms step_avg:48.09ms
step:566/1190 train_time:27231ms step_avg:48.11ms
step:567/1190 train_time:27274ms step_avg:48.10ms
step:568/1190 train_time:27334ms step_avg:48.12ms
step:569/1190 train_time:27379ms step_avg:48.12ms
step:570/1190 train_time:27439ms step_avg:48.14ms
step:571/1190 train_time:27485ms step_avg:48.14ms
step:572/1190 train_time:27544ms step_avg:48.15ms
step:573/1190 train_time:27589ms step_avg:48.15ms
step:574/1190 train_time:27649ms step_avg:48.17ms
step:575/1190 train_time:27694ms step_avg:48.16ms
step:576/1190 train_time:27754ms step_avg:48.18ms
step:577/1190 train_time:27798ms step_avg:48.18ms
step:578/1190 train_time:27861ms step_avg:48.20ms
step:579/1190 train_time:27905ms step_avg:48.20ms
step:580/1190 train_time:27964ms step_avg:48.21ms
step:581/1190 train_time:28010ms step_avg:48.21ms
step:582/1190 train_time:28069ms step_avg:48.23ms
step:583/1190 train_time:28115ms step_avg:48.23ms
step:584/1190 train_time:28175ms step_avg:48.25ms
step:585/1190 train_time:28221ms step_avg:48.24ms
step:586/1190 train_time:28281ms step_avg:48.26ms
step:587/1190 train_time:28326ms step_avg:48.26ms
step:588/1190 train_time:28386ms step_avg:48.28ms
step:589/1190 train_time:28431ms step_avg:48.27ms
step:590/1190 train_time:28491ms step_avg:48.29ms
step:591/1190 train_time:28536ms step_avg:48.28ms
step:592/1190 train_time:28598ms step_avg:48.31ms
step:593/1190 train_time:28641ms step_avg:48.30ms
step:594/1190 train_time:28703ms step_avg:48.32ms
step:595/1190 train_time:28746ms step_avg:48.31ms
step:596/1190 train_time:28807ms step_avg:48.33ms
step:597/1190 train_time:28851ms step_avg:48.33ms
step:598/1190 train_time:28910ms step_avg:48.34ms
step:599/1190 train_time:28957ms step_avg:48.34ms
step:600/1190 train_time:29015ms step_avg:48.36ms
step:601/1190 train_time:29060ms step_avg:48.35ms
step:602/1190 train_time:29121ms step_avg:48.37ms
step:603/1190 train_time:29168ms step_avg:48.37ms
step:604/1190 train_time:29226ms step_avg:48.39ms
step:605/1190 train_time:29273ms step_avg:48.38ms
step:606/1190 train_time:29331ms step_avg:48.40ms
step:607/1190 train_time:29376ms step_avg:48.39ms
step:608/1190 train_time:29437ms step_avg:48.42ms
step:609/1190 train_time:29482ms step_avg:48.41ms
step:610/1190 train_time:29543ms step_avg:48.43ms
step:611/1190 train_time:29588ms step_avg:48.43ms
step:612/1190 train_time:29650ms step_avg:48.45ms
step:613/1190 train_time:29693ms step_avg:48.44ms
step:614/1190 train_time:29754ms step_avg:48.46ms
step:615/1190 train_time:29797ms step_avg:48.45ms
step:616/1190 train_time:29857ms step_avg:48.47ms
step:617/1190 train_time:29903ms step_avg:48.47ms
step:618/1190 train_time:29962ms step_avg:48.48ms
step:619/1190 train_time:30009ms step_avg:48.48ms
step:620/1190 train_time:30068ms step_avg:48.50ms
step:621/1190 train_time:30113ms step_avg:48.49ms
step:622/1190 train_time:30172ms step_avg:48.51ms
step:623/1190 train_time:30218ms step_avg:48.50ms
step:624/1190 train_time:30278ms step_avg:48.52ms
step:625/1190 train_time:30323ms step_avg:48.52ms
step:626/1190 train_time:30384ms step_avg:48.54ms
step:627/1190 train_time:30428ms step_avg:48.53ms
step:628/1190 train_time:30490ms step_avg:48.55ms
step:629/1190 train_time:30533ms step_avg:48.54ms
step:630/1190 train_time:30594ms step_avg:48.56ms
step:631/1190 train_time:30637ms step_avg:48.55ms
step:632/1190 train_time:30698ms step_avg:48.57ms
step:633/1190 train_time:30744ms step_avg:48.57ms
step:634/1190 train_time:30804ms step_avg:48.59ms
step:635/1190 train_time:30849ms step_avg:48.58ms
step:636/1190 train_time:30909ms step_avg:48.60ms
step:637/1190 train_time:30953ms step_avg:48.59ms
step:638/1190 train_time:31014ms step_avg:48.61ms
step:639/1190 train_time:31060ms step_avg:48.61ms
step:640/1190 train_time:31119ms step_avg:48.62ms
step:641/1190 train_time:31166ms step_avg:48.62ms
step:642/1190 train_time:31223ms step_avg:48.63ms
step:643/1190 train_time:31269ms step_avg:48.63ms
step:644/1190 train_time:31330ms step_avg:48.65ms
step:645/1190 train_time:31376ms step_avg:48.65ms
step:646/1190 train_time:31435ms step_avg:48.66ms
step:647/1190 train_time:31480ms step_avg:48.66ms
step:648/1190 train_time:31541ms step_avg:48.67ms
step:649/1190 train_time:31587ms step_avg:48.67ms
step:650/1190 train_time:31646ms step_avg:48.69ms
step:651/1190 train_time:31691ms step_avg:48.68ms
step:652/1190 train_time:31750ms step_avg:48.70ms
step:653/1190 train_time:31796ms step_avg:48.69ms
step:654/1190 train_time:31860ms step_avg:48.72ms
step:655/1190 train_time:31911ms step_avg:48.72ms
step:656/1190 train_time:31962ms step_avg:48.72ms
step:657/1190 train_time:32007ms step_avg:48.72ms
step:658/1190 train_time:32070ms step_avg:48.74ms
step:659/1190 train_time:32112ms step_avg:48.73ms
step:660/1190 train_time:32173ms step_avg:48.75ms
step:661/1190 train_time:32217ms step_avg:48.74ms
step:662/1190 train_time:32282ms step_avg:48.76ms
step:663/1190 train_time:32323ms step_avg:48.75ms
step:664/1190 train_time:32385ms step_avg:48.77ms
step:665/1190 train_time:32429ms step_avg:48.77ms
step:666/1190 train_time:32488ms step_avg:48.78ms
step:667/1190 train_time:32535ms step_avg:48.78ms
step:668/1190 train_time:32594ms step_avg:48.79ms
step:669/1190 train_time:32638ms step_avg:48.79ms
step:670/1190 train_time:32699ms step_avg:48.80ms
step:671/1190 train_time:32745ms step_avg:48.80ms
step:672/1190 train_time:32804ms step_avg:48.81ms
step:673/1190 train_time:32850ms step_avg:48.81ms
step:674/1190 train_time:32909ms step_avg:48.83ms
step:675/1190 train_time:32954ms step_avg:48.82ms
step:676/1190 train_time:33015ms step_avg:48.84ms
step:677/1190 train_time:33059ms step_avg:48.83ms
step:678/1190 train_time:33118ms step_avg:48.85ms
step:679/1190 train_time:33166ms step_avg:48.84ms
step:680/1190 train_time:33225ms step_avg:48.86ms
step:681/1190 train_time:33269ms step_avg:48.85ms
step:682/1190 train_time:33329ms step_avg:48.87ms
step:683/1190 train_time:33377ms step_avg:48.87ms
step:684/1190 train_time:33433ms step_avg:48.88ms
step:685/1190 train_time:33481ms step_avg:48.88ms
step:686/1190 train_time:33541ms step_avg:48.89ms
step:687/1190 train_time:33587ms step_avg:48.89ms
step:688/1190 train_time:33646ms step_avg:48.90ms
step:689/1190 train_time:33691ms step_avg:48.90ms
step:690/1190 train_time:33752ms step_avg:48.92ms
step:691/1190 train_time:33796ms step_avg:48.91ms
step:692/1190 train_time:33857ms step_avg:48.93ms
step:693/1190 train_time:33899ms step_avg:48.92ms
step:694/1190 train_time:33962ms step_avg:48.94ms
step:695/1190 train_time:34006ms step_avg:48.93ms
step:696/1190 train_time:34066ms step_avg:48.95ms
step:697/1190 train_time:34112ms step_avg:48.94ms
step:698/1190 train_time:34170ms step_avg:48.95ms
step:699/1190 train_time:34217ms step_avg:48.95ms
step:700/1190 train_time:34276ms step_avg:48.97ms
step:701/1190 train_time:34322ms step_avg:48.96ms
step:702/1190 train_time:34382ms step_avg:48.98ms
step:703/1190 train_time:34432ms step_avg:48.98ms
step:704/1190 train_time:34488ms step_avg:48.99ms
step:705/1190 train_time:34532ms step_avg:48.98ms
step:706/1190 train_time:34592ms step_avg:49.00ms
step:707/1190 train_time:34637ms step_avg:48.99ms
step:708/1190 train_time:34697ms step_avg:49.01ms
step:709/1190 train_time:34768ms step_avg:49.04ms
step:710/1190 train_time:34853ms step_avg:49.09ms
step:711/1190 train_time:34919ms step_avg:49.11ms
step:712/1190 train_time:35003ms step_avg:49.16ms
step:713/1190 train_time:35070ms step_avg:49.19ms
step:714/1190 train_time:35154ms step_avg:49.24ms
step:715/1190 train_time:35222ms step_avg:49.26ms
step:716/1190 train_time:35306ms step_avg:49.31ms
step:717/1190 train_time:35373ms step_avg:49.34ms
step:718/1190 train_time:35458ms step_avg:49.38ms
step:719/1190 train_time:35526ms step_avg:49.41ms
step:720/1190 train_time:35608ms step_avg:49.46ms
step:721/1190 train_time:35677ms step_avg:49.48ms
step:722/1190 train_time:35760ms step_avg:49.53ms
step:723/1190 train_time:35828ms step_avg:49.56ms
step:724/1190 train_time:35910ms step_avg:49.60ms
step:725/1190 train_time:35979ms step_avg:49.63ms
step:726/1190 train_time:36062ms step_avg:49.67ms
step:727/1190 train_time:36130ms step_avg:49.70ms
step:728/1190 train_time:36213ms step_avg:49.74ms
step:729/1190 train_time:36283ms step_avg:49.77ms
step:730/1190 train_time:36365ms step_avg:49.82ms
step:731/1190 train_time:36434ms step_avg:49.84ms
step:732/1190 train_time:36517ms step_avg:49.89ms
step:733/1190 train_time:36586ms step_avg:49.91ms
step:734/1190 train_time:36666ms step_avg:49.95ms
step:735/1190 train_time:36737ms step_avg:49.98ms
step:736/1190 train_time:36820ms step_avg:50.03ms
step:737/1190 train_time:36890ms step_avg:50.05ms
step:738/1190 train_time:36972ms step_avg:50.10ms
step:739/1190 train_time:37041ms step_avg:50.12ms
step:740/1190 train_time:37122ms step_avg:50.17ms
step:741/1190 train_time:37193ms step_avg:50.19ms
step:742/1190 train_time:37274ms step_avg:50.23ms
step:743/1190 train_time:37342ms step_avg:50.26ms
step:744/1190 train_time:37427ms step_avg:50.31ms
step:745/1190 train_time:37493ms step_avg:50.33ms
step:746/1190 train_time:37576ms step_avg:50.37ms
step:747/1190 train_time:37645ms step_avg:50.40ms
step:748/1190 train_time:37728ms step_avg:50.44ms
step:749/1190 train_time:37796ms step_avg:50.46ms
step:750/1190 train_time:37880ms step_avg:50.51ms
step:750/1190 val_loss:3.50984073 train_time:37952ms step_avg:50.60ms
step:751/1190 train_time:37994ms step_avg:50.59ms
step:752/1190 train_time:38041ms step_avg:50.59ms
step:753/1190 train_time:38105ms step_avg:50.60ms
step:754/1190 train_time:38190ms step_avg:50.65ms
step:755/1190 train_time:38260ms step_avg:50.68ms
step:756/1190 train_time:38344ms step_avg:50.72ms
step:757/1190 train_time:38413ms step_avg:50.74ms
step:758/1190 train_time:38494ms step_avg:50.78ms
step:759/1190 train_time:38563ms step_avg:50.81ms
step:760/1190 train_time:38643ms step_avg:50.85ms
step:761/1190 train_time:38712ms step_avg:50.87ms
step:762/1190 train_time:38794ms step_avg:50.91ms
step:763/1190 train_time:38862ms step_avg:50.93ms
step:764/1190 train_time:38944ms step_avg:50.97ms
step:765/1190 train_time:39013ms step_avg:51.00ms
step:766/1190 train_time:39097ms step_avg:51.04ms
step:767/1190 train_time:39166ms step_avg:51.06ms
step:768/1190 train_time:39250ms step_avg:51.11ms
step:769/1190 train_time:39319ms step_avg:51.13ms
step:770/1190 train_time:39404ms step_avg:51.17ms
step:771/1190 train_time:39471ms step_avg:51.19ms
step:772/1190 train_time:39553ms step_avg:51.23ms
step:773/1190 train_time:39622ms step_avg:51.26ms
step:774/1190 train_time:39703ms step_avg:51.30ms
step:775/1190 train_time:39772ms step_avg:51.32ms
step:776/1190 train_time:39854ms step_avg:51.36ms
step:777/1190 train_time:39923ms step_avg:51.38ms
step:778/1190 train_time:40006ms step_avg:51.42ms
step:779/1190 train_time:40074ms step_avg:51.44ms
step:780/1190 train_time:40158ms step_avg:51.49ms
step:781/1190 train_time:40226ms step_avg:51.51ms
step:782/1190 train_time:40306ms step_avg:51.54ms
step:783/1190 train_time:40377ms step_avg:51.57ms
step:784/1190 train_time:40461ms step_avg:51.61ms
step:785/1190 train_time:40529ms step_avg:51.63ms
step:786/1190 train_time:40610ms step_avg:51.67ms
step:787/1190 train_time:40680ms step_avg:51.69ms
step:788/1190 train_time:40762ms step_avg:51.73ms
step:789/1190 train_time:40833ms step_avg:51.75ms
step:790/1190 train_time:40916ms step_avg:51.79ms
step:791/1190 train_time:40984ms step_avg:51.81ms
step:792/1190 train_time:41067ms step_avg:51.85ms
step:793/1190 train_time:41137ms step_avg:51.88ms
step:794/1190 train_time:41220ms step_avg:51.91ms
step:795/1190 train_time:41288ms step_avg:51.93ms
step:796/1190 train_time:41372ms step_avg:51.97ms
step:797/1190 train_time:41441ms step_avg:52.00ms
step:798/1190 train_time:41524ms step_avg:52.04ms
step:799/1190 train_time:41591ms step_avg:52.05ms
step:800/1190 train_time:41675ms step_avg:52.09ms
step:801/1190 train_time:41744ms step_avg:52.11ms
step:802/1190 train_time:41827ms step_avg:52.15ms
step:803/1190 train_time:41895ms step_avg:52.17ms
step:804/1190 train_time:41978ms step_avg:52.21ms
step:805/1190 train_time:42046ms step_avg:52.23ms
step:806/1190 train_time:42130ms step_avg:52.27ms
step:807/1190 train_time:42196ms step_avg:52.29ms
step:808/1190 train_time:42279ms step_avg:52.33ms
step:809/1190 train_time:42349ms step_avg:52.35ms
step:810/1190 train_time:42433ms step_avg:52.39ms
step:811/1190 train_time:42501ms step_avg:52.41ms
step:812/1190 train_time:42583ms step_avg:52.44ms
step:813/1190 train_time:42652ms step_avg:52.46ms
step:814/1190 train_time:42736ms step_avg:52.50ms
step:815/1190 train_time:42804ms step_avg:52.52ms
step:816/1190 train_time:42888ms step_avg:52.56ms
step:817/1190 train_time:42956ms step_avg:52.58ms
step:818/1190 train_time:43040ms step_avg:52.62ms
step:819/1190 train_time:43108ms step_avg:52.64ms
step:820/1190 train_time:43193ms step_avg:52.67ms
step:821/1190 train_time:43259ms step_avg:52.69ms
step:822/1190 train_time:43343ms step_avg:52.73ms
step:823/1190 train_time:43411ms step_avg:52.75ms
step:824/1190 train_time:43498ms step_avg:52.79ms
step:825/1190 train_time:43563ms step_avg:52.80ms
step:826/1190 train_time:43647ms step_avg:52.84ms
step:827/1190 train_time:43713ms step_avg:52.86ms
step:828/1190 train_time:43798ms step_avg:52.90ms
step:829/1190 train_time:43866ms step_avg:52.91ms
step:830/1190 train_time:43950ms step_avg:52.95ms
step:831/1190 train_time:44017ms step_avg:52.97ms
step:832/1190 train_time:44101ms step_avg:53.01ms
step:833/1190 train_time:44168ms step_avg:53.02ms
step:834/1190 train_time:44251ms step_avg:53.06ms
step:835/1190 train_time:44320ms step_avg:53.08ms
step:836/1190 train_time:44403ms step_avg:53.11ms
step:837/1190 train_time:44473ms step_avg:53.13ms
step:838/1190 train_time:44556ms step_avg:53.17ms
step:839/1190 train_time:44625ms step_avg:53.19ms
step:840/1190 train_time:44710ms step_avg:53.23ms
step:841/1190 train_time:44777ms step_avg:53.24ms
step:842/1190 train_time:44860ms step_avg:53.28ms
step:843/1190 train_time:44928ms step_avg:53.30ms
step:844/1190 train_time:45012ms step_avg:53.33ms
step:845/1190 train_time:45081ms step_avg:53.35ms
step:846/1190 train_time:45165ms step_avg:53.39ms
step:847/1190 train_time:45232ms step_avg:53.40ms
step:848/1190 train_time:45316ms step_avg:53.44ms
step:849/1190 train_time:45384ms step_avg:53.46ms
step:850/1190 train_time:45466ms step_avg:53.49ms
step:851/1190 train_time:45536ms step_avg:53.51ms
step:852/1190 train_time:45619ms step_avg:53.54ms
step:853/1190 train_time:45687ms step_avg:53.56ms
step:854/1190 train_time:45770ms step_avg:53.59ms
step:855/1190 train_time:45840ms step_avg:53.61ms
step:856/1190 train_time:45924ms step_avg:53.65ms
step:857/1190 train_time:45990ms step_avg:53.66ms
step:858/1190 train_time:46073ms step_avg:53.70ms
step:859/1190 train_time:46143ms step_avg:53.72ms
step:860/1190 train_time:46226ms step_avg:53.75ms
step:861/1190 train_time:46294ms step_avg:53.77ms
step:862/1190 train_time:46378ms step_avg:53.80ms
step:863/1190 train_time:46444ms step_avg:53.82ms
step:864/1190 train_time:46527ms step_avg:53.85ms
step:865/1190 train_time:46596ms step_avg:53.87ms
step:866/1190 train_time:46679ms step_avg:53.90ms
step:867/1190 train_time:46748ms step_avg:53.92ms
step:868/1190 train_time:46832ms step_avg:53.95ms
step:869/1190 train_time:46900ms step_avg:53.97ms
step:870/1190 train_time:46982ms step_avg:54.00ms
step:871/1190 train_time:47052ms step_avg:54.02ms
step:872/1190 train_time:47136ms step_avg:54.06ms
step:873/1190 train_time:47205ms step_avg:54.07ms
step:874/1190 train_time:47288ms step_avg:54.11ms
step:875/1190 train_time:47357ms step_avg:54.12ms
step:876/1190 train_time:47440ms step_avg:54.16ms
step:877/1190 train_time:47508ms step_avg:54.17ms
step:878/1190 train_time:47590ms step_avg:54.20ms
step:879/1190 train_time:47659ms step_avg:54.22ms
step:880/1190 train_time:47743ms step_avg:54.25ms
step:881/1190 train_time:47812ms step_avg:54.27ms
step:882/1190 train_time:47896ms step_avg:54.30ms
step:883/1190 train_time:47963ms step_avg:54.32ms
step:884/1190 train_time:48047ms step_avg:54.35ms
step:885/1190 train_time:48115ms step_avg:54.37ms
step:886/1190 train_time:48202ms step_avg:54.40ms
step:887/1190 train_time:48283ms step_avg:54.43ms
step:888/1190 train_time:48350ms step_avg:54.45ms
step:889/1190 train_time:48418ms step_avg:54.46ms
step:890/1190 train_time:48501ms step_avg:54.50ms
step:891/1190 train_time:48570ms step_avg:54.51ms
step:892/1190 train_time:48652ms step_avg:54.54ms
step:893/1190 train_time:48720ms step_avg:54.56ms
step:894/1190 train_time:48804ms step_avg:54.59ms
step:895/1190 train_time:48872ms step_avg:54.61ms
step:896/1190 train_time:48957ms step_avg:54.64ms
step:897/1190 train_time:49026ms step_avg:54.66ms
step:898/1190 train_time:49109ms step_avg:54.69ms
step:899/1190 train_time:49178ms step_avg:54.70ms
step:900/1190 train_time:49261ms step_avg:54.73ms
step:901/1190 train_time:49330ms step_avg:54.75ms
step:902/1190 train_time:49411ms step_avg:54.78ms
step:903/1190 train_time:49481ms step_avg:54.80ms
step:904/1190 train_time:49562ms step_avg:54.83ms
step:905/1190 train_time:49632ms step_avg:54.84ms
step:906/1190 train_time:49716ms step_avg:54.87ms
step:907/1190 train_time:49784ms step_avg:54.89ms
step:908/1190 train_time:49867ms step_avg:54.92ms
step:909/1190 train_time:49936ms step_avg:54.94ms
step:910/1190 train_time:50021ms step_avg:54.97ms
step:911/1190 train_time:50088ms step_avg:54.98ms
step:912/1190 train_time:50170ms step_avg:55.01ms
step:913/1190 train_time:50239ms step_avg:55.03ms
step:914/1190 train_time:50322ms step_avg:55.06ms
step:915/1190 train_time:50391ms step_avg:55.07ms
step:916/1190 train_time:50474ms step_avg:55.10ms
step:917/1190 train_time:50542ms step_avg:55.12ms
step:918/1190 train_time:50626ms step_avg:55.15ms
step:919/1190 train_time:50695ms step_avg:55.16ms
step:920/1190 train_time:50777ms step_avg:55.19ms
step:921/1190 train_time:50845ms step_avg:55.21ms
step:922/1190 train_time:50930ms step_avg:55.24ms
step:923/1190 train_time:50997ms step_avg:55.25ms
step:924/1190 train_time:51082ms step_avg:55.28ms
step:925/1190 train_time:51148ms step_avg:55.30ms
step:926/1190 train_time:51231ms step_avg:55.33ms
step:927/1190 train_time:51299ms step_avg:55.34ms
step:928/1190 train_time:51382ms step_avg:55.37ms
step:929/1190 train_time:51452ms step_avg:55.38ms
step:930/1190 train_time:51536ms step_avg:55.42ms
step:931/1190 train_time:51604ms step_avg:55.43ms
step:932/1190 train_time:51688ms step_avg:55.46ms
step:933/1190 train_time:51755ms step_avg:55.47ms
step:934/1190 train_time:51839ms step_avg:55.50ms
step:935/1190 train_time:51909ms step_avg:55.52ms
step:936/1190 train_time:51991ms step_avg:55.55ms
step:937/1190 train_time:52060ms step_avg:55.56ms
step:938/1190 train_time:52142ms step_avg:55.59ms
step:939/1190 train_time:52211ms step_avg:55.60ms
step:940/1190 train_time:52295ms step_avg:55.63ms
step:941/1190 train_time:52364ms step_avg:55.65ms
step:942/1190 train_time:52448ms step_avg:55.68ms
step:943/1190 train_time:52514ms step_avg:55.69ms
step:944/1190 train_time:52596ms step_avg:55.72ms
step:945/1190 train_time:52667ms step_avg:55.73ms
step:946/1190 train_time:52749ms step_avg:55.76ms
step:947/1190 train_time:52818ms step_avg:55.77ms
step:948/1190 train_time:52900ms step_avg:55.80ms
step:949/1190 train_time:52970ms step_avg:55.82ms
step:950/1190 train_time:53054ms step_avg:55.85ms
step:951/1190 train_time:53121ms step_avg:55.86ms
step:952/1190 train_time:53204ms step_avg:55.89ms
step:953/1190 train_time:53273ms step_avg:55.90ms
step:954/1190 train_time:53355ms step_avg:55.93ms
step:955/1190 train_time:53424ms step_avg:55.94ms
step:956/1190 train_time:53508ms step_avg:55.97ms
step:957/1190 train_time:53577ms step_avg:55.98ms
step:958/1190 train_time:53659ms step_avg:56.01ms
step:959/1190 train_time:53730ms step_avg:56.03ms
step:960/1190 train_time:53811ms step_avg:56.05ms
step:961/1190 train_time:53882ms step_avg:56.07ms
step:962/1190 train_time:53965ms step_avg:56.10ms
step:963/1190 train_time:54032ms step_avg:56.11ms
step:964/1190 train_time:54115ms step_avg:56.14ms
step:965/1190 train_time:54184ms step_avg:56.15ms
step:966/1190 train_time:54266ms step_avg:56.18ms
step:967/1190 train_time:54335ms step_avg:56.19ms
step:968/1190 train_time:54419ms step_avg:56.22ms
step:969/1190 train_time:54487ms step_avg:56.23ms
step:970/1190 train_time:54571ms step_avg:56.26ms
step:971/1190 train_time:54639ms step_avg:56.27ms
step:972/1190 train_time:54722ms step_avg:56.30ms
step:973/1190 train_time:54790ms step_avg:56.31ms
step:974/1190 train_time:54873ms step_avg:56.34ms
step:975/1190 train_time:54941ms step_avg:56.35ms
step:976/1190 train_time:55026ms step_avg:56.38ms
step:977/1190 train_time:55093ms step_avg:56.39ms
step:978/1190 train_time:55177ms step_avg:56.42ms
step:979/1190 train_time:55244ms step_avg:56.43ms
step:980/1190 train_time:55328ms step_avg:56.46ms
step:981/1190 train_time:55396ms step_avg:56.47ms
step:982/1190 train_time:55478ms step_avg:56.49ms
step:983/1190 train_time:55548ms step_avg:56.51ms
step:984/1190 train_time:55629ms step_avg:56.53ms
step:985/1190 train_time:55699ms step_avg:56.55ms
step:986/1190 train_time:55783ms step_avg:56.58ms
step:987/1190 train_time:55851ms step_avg:56.59ms
step:988/1190 train_time:55935ms step_avg:56.61ms
step:989/1190 train_time:56004ms step_avg:56.63ms
step:990/1190 train_time:56086ms step_avg:56.65ms
step:991/1190 train_time:56153ms step_avg:56.66ms
step:992/1190 train_time:56238ms step_avg:56.69ms
step:993/1190 train_time:56306ms step_avg:56.70ms
step:994/1190 train_time:56388ms step_avg:56.73ms
step:995/1190 train_time:56457ms step_avg:56.74ms
step:996/1190 train_time:56542ms step_avg:56.77ms
step:997/1190 train_time:56609ms step_avg:56.78ms
step:998/1190 train_time:56691ms step_avg:56.81ms
step:999/1190 train_time:56760ms step_avg:56.82ms
step:1000/1190 train_time:56844ms step_avg:56.84ms
step:1000/1190 val_loss:3.34848166 train_time:56916ms step_avg:56.92ms
step:1001/1190 train_time:56960ms step_avg:56.90ms
step:1002/1190 train_time:57007ms step_avg:56.89ms
step:1003/1190 train_time:57074ms step_avg:56.90ms
step:1004/1190 train_time:57159ms step_avg:56.93ms
step:1005/1190 train_time:57227ms step_avg:56.94ms
step:1006/1190 train_time:57310ms step_avg:56.97ms
step:1007/1190 train_time:57377ms step_avg:56.98ms
step:1008/1190 train_time:57460ms step_avg:57.00ms
step:1009/1190 train_time:57529ms step_avg:57.02ms
step:1010/1190 train_time:57610ms step_avg:57.04ms
step:1011/1190 train_time:57678ms step_avg:57.05ms
step:1012/1190 train_time:57768ms step_avg:57.08ms
step:1013/1190 train_time:57828ms step_avg:57.09ms
step:1014/1190 train_time:57911ms step_avg:57.11ms
step:1015/1190 train_time:57980ms step_avg:57.12ms
step:1016/1190 train_time:58066ms step_avg:57.15ms
step:1017/1190 train_time:58132ms step_avg:57.16ms
step:1018/1190 train_time:58216ms step_avg:57.19ms
step:1019/1190 train_time:58285ms step_avg:57.20ms
step:1020/1190 train_time:58370ms step_avg:57.23ms
step:1021/1190 train_time:58436ms step_avg:57.23ms
step:1022/1190 train_time:58520ms step_avg:57.26ms
step:1023/1190 train_time:58591ms step_avg:57.27ms
step:1024/1190 train_time:58672ms step_avg:57.30ms
step:1025/1190 train_time:58739ms step_avg:57.31ms
step:1026/1190 train_time:58820ms step_avg:57.33ms
step:1027/1190 train_time:58888ms step_avg:57.34ms
step:1028/1190 train_time:58974ms step_avg:57.37ms
step:1029/1190 train_time:59040ms step_avg:57.38ms
step:1030/1190 train_time:59124ms step_avg:57.40ms
step:1031/1190 train_time:59192ms step_avg:57.41ms
step:1032/1190 train_time:59277ms step_avg:57.44ms
step:1033/1190 train_time:59343ms step_avg:57.45ms
step:1034/1190 train_time:59424ms step_avg:57.47ms
step:1035/1190 train_time:59495ms step_avg:57.48ms
step:1036/1190 train_time:59578ms step_avg:57.51ms
step:1037/1190 train_time:59646ms step_avg:57.52ms
step:1038/1190 train_time:59730ms step_avg:57.54ms
step:1039/1190 train_time:59798ms step_avg:57.55ms
step:1040/1190 train_time:59882ms step_avg:57.58ms
step:1041/1190 train_time:59949ms step_avg:57.59ms
step:1042/1190 train_time:60033ms step_avg:57.61ms
step:1043/1190 train_time:60101ms step_avg:57.62ms
step:1044/1190 train_time:60184ms step_avg:57.65ms
step:1045/1190 train_time:60252ms step_avg:57.66ms
step:1046/1190 train_time:60334ms step_avg:57.68ms
step:1047/1190 train_time:60405ms step_avg:57.69ms
step:1048/1190 train_time:60485ms step_avg:57.71ms
step:1049/1190 train_time:60553ms step_avg:57.72ms
step:1050/1190 train_time:60635ms step_avg:57.75ms
step:1051/1190 train_time:60704ms step_avg:57.76ms
step:1052/1190 train_time:60786ms step_avg:57.78ms
step:1053/1190 train_time:60856ms step_avg:57.79ms
step:1054/1190 train_time:60940ms step_avg:57.82ms
step:1055/1190 train_time:61007ms step_avg:57.83ms
step:1056/1190 train_time:61092ms step_avg:57.85ms
step:1057/1190 train_time:61159ms step_avg:57.86ms
step:1058/1190 train_time:61244ms step_avg:57.89ms
step:1059/1190 train_time:61310ms step_avg:57.89ms
step:1060/1190 train_time:61396ms step_avg:57.92ms
step:1061/1190 train_time:61463ms step_avg:57.93ms
step:1062/1190 train_time:61546ms step_avg:57.95ms
step:1063/1190 train_time:61614ms step_avg:57.96ms
step:1064/1190 train_time:61699ms step_avg:57.99ms
step:1065/1190 train_time:61767ms step_avg:58.00ms
step:1066/1190 train_time:61849ms step_avg:58.02ms
step:1067/1190 train_time:61915ms step_avg:58.03ms
step:1068/1190 train_time:61999ms step_avg:58.05ms
step:1069/1190 train_time:62067ms step_avg:58.06ms
step:1070/1190 train_time:62152ms step_avg:58.09ms
step:1071/1190 train_time:62219ms step_avg:58.09ms
step:1072/1190 train_time:62303ms step_avg:58.12ms
step:1073/1190 train_time:62370ms step_avg:58.13ms
step:1074/1190 train_time:62455ms step_avg:58.15ms
step:1075/1190 train_time:62524ms step_avg:58.16ms
step:1076/1190 train_time:62605ms step_avg:58.18ms
step:1077/1190 train_time:62673ms step_avg:58.19ms
step:1078/1190 train_time:62756ms step_avg:58.22ms
step:1079/1190 train_time:62825ms step_avg:58.23ms
step:1080/1190 train_time:62910ms step_avg:58.25ms
step:1081/1190 train_time:62974ms step_avg:58.26ms
step:1082/1190 train_time:63060ms step_avg:58.28ms
step:1083/1190 train_time:63126ms step_avg:58.29ms
step:1084/1190 train_time:63214ms step_avg:58.32ms
step:1085/1190 train_time:63276ms step_avg:58.32ms
step:1086/1190 train_time:63359ms step_avg:58.34ms
step:1087/1190 train_time:63428ms step_avg:58.35ms
step:1088/1190 train_time:63510ms step_avg:58.37ms
step:1089/1190 train_time:63579ms step_avg:58.38ms
step:1090/1190 train_time:63660ms step_avg:58.40ms
step:1091/1190 train_time:63729ms step_avg:58.41ms
step:1092/1190 train_time:63813ms step_avg:58.44ms
step:1093/1190 train_time:63880ms step_avg:58.44ms
step:1094/1190 train_time:63964ms step_avg:58.47ms
step:1095/1190 train_time:64033ms step_avg:58.48ms
step:1096/1190 train_time:64115ms step_avg:58.50ms
step:1097/1190 train_time:64182ms step_avg:58.51ms
step:1098/1190 train_time:64266ms step_avg:58.53ms
step:1099/1190 train_time:64335ms step_avg:58.54ms
step:1100/1190 train_time:64418ms step_avg:58.56ms
step:1101/1190 train_time:64486ms step_avg:58.57ms
step:1102/1190 train_time:64567ms step_avg:58.59ms
step:1103/1190 train_time:64635ms step_avg:58.60ms
step:1104/1190 train_time:64720ms step_avg:58.62ms
step:1105/1190 train_time:64789ms step_avg:58.63ms
step:1106/1190 train_time:64869ms step_avg:58.65ms
step:1107/1190 train_time:64941ms step_avg:58.66ms
step:1108/1190 train_time:65025ms step_avg:58.69ms
step:1109/1190 train_time:65091ms step_avg:58.69ms
step:1110/1190 train_time:65176ms step_avg:58.72ms
step:1111/1190 train_time:65242ms step_avg:58.72ms
step:1112/1190 train_time:65324ms step_avg:58.74ms
step:1113/1190 train_time:65395ms step_avg:58.76ms
step:1114/1190 train_time:65474ms step_avg:58.77ms
step:1115/1190 train_time:65542ms step_avg:58.78ms
step:1116/1190 train_time:65625ms step_avg:58.80ms
step:1117/1190 train_time:65694ms step_avg:58.81ms
step:1118/1190 train_time:65776ms step_avg:58.83ms
step:1119/1190 train_time:65843ms step_avg:58.84ms
step:1120/1190 train_time:65927ms step_avg:58.86ms
step:1121/1190 train_time:65994ms step_avg:58.87ms
step:1122/1190 train_time:66077ms step_avg:58.89ms
step:1123/1190 train_time:66145ms step_avg:58.90ms
step:1124/1190 train_time:66228ms step_avg:58.92ms
step:1125/1190 train_time:66296ms step_avg:58.93ms
step:1126/1190 train_time:66380ms step_avg:58.95ms
step:1127/1190 train_time:66447ms step_avg:58.96ms
step:1128/1190 train_time:66531ms step_avg:58.98ms
step:1129/1190 train_time:66599ms step_avg:58.99ms
step:1130/1190 train_time:66680ms step_avg:59.01ms
step:1131/1190 train_time:66751ms step_avg:59.02ms
step:1132/1190 train_time:66835ms step_avg:59.04ms
step:1133/1190 train_time:66904ms step_avg:59.05ms
step:1134/1190 train_time:66986ms step_avg:59.07ms
step:1135/1190 train_time:67055ms step_avg:59.08ms
step:1136/1190 train_time:67138ms step_avg:59.10ms
step:1137/1190 train_time:67207ms step_avg:59.11ms
step:1138/1190 train_time:67291ms step_avg:59.13ms
step:1139/1190 train_time:67358ms step_avg:59.14ms
step:1140/1190 train_time:67440ms step_avg:59.16ms
step:1141/1190 train_time:67511ms step_avg:59.17ms
step:1142/1190 train_time:67596ms step_avg:59.19ms
step:1143/1190 train_time:67662ms step_avg:59.20ms
step:1144/1190 train_time:67746ms step_avg:59.22ms
step:1145/1190 train_time:67815ms step_avg:59.23ms
step:1146/1190 train_time:67898ms step_avg:59.25ms
step:1147/1190 train_time:67967ms step_avg:59.26ms
step:1148/1190 train_time:68050ms step_avg:59.28ms
step:1149/1190 train_time:68118ms step_avg:59.28ms
step:1150/1190 train_time:68202ms step_avg:59.31ms
step:1151/1190 train_time:68272ms step_avg:59.32ms
step:1152/1190 train_time:68354ms step_avg:59.33ms
step:1153/1190 train_time:68421ms step_avg:59.34ms
step:1154/1190 train_time:68505ms step_avg:59.36ms
step:1155/1190 train_time:68574ms step_avg:59.37ms
step:1156/1190 train_time:68657ms step_avg:59.39ms
step:1157/1190 train_time:68724ms step_avg:59.40ms
step:1158/1190 train_time:68806ms step_avg:59.42ms
step:1159/1190 train_time:68875ms step_avg:59.43ms
step:1160/1190 train_time:68958ms step_avg:59.45ms
step:1161/1190 train_time:69027ms step_avg:59.45ms
step:1162/1190 train_time:69111ms step_avg:59.48ms
step:1163/1190 train_time:69178ms step_avg:59.48ms
step:1164/1190 train_time:69260ms step_avg:59.50ms
step:1165/1190 train_time:69329ms step_avg:59.51ms
step:1166/1190 train_time:69412ms step_avg:59.53ms
step:1167/1190 train_time:69480ms step_avg:59.54ms
step:1168/1190 train_time:69562ms step_avg:59.56ms
step:1169/1190 train_time:69632ms step_avg:59.57ms
step:1170/1190 train_time:69716ms step_avg:59.59ms
step:1171/1190 train_time:69785ms step_avg:59.59ms
step:1172/1190 train_time:69866ms step_avg:59.61ms
step:1173/1190 train_time:69935ms step_avg:59.62ms
step:1174/1190 train_time:70019ms step_avg:59.64ms
step:1175/1190 train_time:70088ms step_avg:59.65ms
step:1176/1190 train_time:70171ms step_avg:59.67ms
step:1177/1190 train_time:70239ms step_avg:59.68ms
step:1178/1190 train_time:70324ms step_avg:59.70ms
step:1179/1190 train_time:70391ms step_avg:59.70ms
step:1180/1190 train_time:70474ms step_avg:59.72ms
step:1181/1190 train_time:70543ms step_avg:59.73ms
step:1182/1190 train_time:70626ms step_avg:59.75ms
step:1183/1190 train_time:70695ms step_avg:59.76ms
step:1184/1190 train_time:70778ms step_avg:59.78ms
step:1185/1190 train_time:70845ms step_avg:59.78ms
step:1186/1190 train_time:70929ms step_avg:59.80ms
step:1187/1190 train_time:70997ms step_avg:59.81ms
step:1188/1190 train_time:71079ms step_avg:59.83ms
step:1189/1190 train_time:71149ms step_avg:59.84ms
step:1190/1190 train_time:71232ms step_avg:59.86ms
step:1190/1190 val_loss:3.27589941 train_time:71305ms step_avg:59.92ms
peak memory allocated: 32011 MiB reserved: 42320 MiB
