HARNESS_TRAINING_ENV={"OMP_NUM_THREADS": "1", "MKL_NUM_THREADS": "1", "torch_num_threads": 1, "torch_num_interop_threads": 43}
[Gloo] Rank 1 is connected to 7 peer ranks. Expected number of connected peer ranks is : 7
[Gloo] Rank 3 is connected to 7 peer ranks. Expected number of connected peer ranks is : 7
[Gloo] Rank 0 is connected to 7 peer ranks. Expected number of connected peer ranks is : 7
[Gloo] Rank 6 is connected to 7 peer ranks. Expected number of connected peer ranks is : 7[Gloo] Rank 
5 is connected to 7 peer ranks. Expected number of connected peer ranks is : 7
[Gloo] Rank 2 is connected to 7 peer ranks. Expected number of connected peer ranks is : 7
[Gloo] Rank 4 is connected to 7 peer ranks. Expected number of connected peer ranks is : 7
[Gloo] Rank 7 is connected to 7 peer ranks. Expected number of connected peer ranks is : 7
/workspace/train_gpt.py:1084: UserWarning: Skipping publisher trust check for 'kernels-community/flash-attn3' because Hugging Face Hub is in offline mode.
  flash_attn_interface = get_kernel('kernels-community/flash-attn3', version=1).flash_attn_interface
/workspace/train_gpt.py:1084: UserWarning: Skipping publisher trust check for 'kernels-community/flash-attn3' because Hugging Face Hub is in offline mode.
  flash_attn_interface = get_kernel('kernels-community/flash-attn3', version=1).flash_attn_interface
/workspace/train_gpt.py:1084: UserWarning: Skipping publisher trust check for 'kernels-community/flash-attn3' because Hugging Face Hub is in offline mode.
  flash_attn_interface = get_kernel('kernels-community/flash-attn3', version=1).flash_attn_interface
/workspace/train_gpt.py:1084: UserWarning: Skipping publisher trust check for 'kernels-community/flash-attn3' because Hugging Face Hub is in offline mode.
  flash_attn_interface = get_kernel('kernels-community/flash-attn3', version=1).flash_attn_interface
/workspace/train_gpt.py:1084: UserWarning: Skipping publisher trust check for 'kernels-community/flash-attn3' because Hugging Face Hub is in offline mode.
  flash_attn_interface = get_kernel('kernels-community/flash-attn3', version=1).flash_attn_interface
/workspace/train_gpt.py:1084: UserWarning: Skipping publisher trust check for 'kernels-community/flash-attn3' because Hugging Face Hub is in offline mode.
  flash_attn_interface = get_kernel('kernels-community/flash-attn3', version=1).flash_attn_interface
/workspace/train_gpt.py:1084: UserWarning: Skipping publisher trust check for 'kernels-community/flash-attn3' because Hugging Face Hub is in offline mode.
  flash_attn_interface = get_kernel('kernels-community/flash-attn3', version=1).flash_attn_interface
/workspace/train_gpt.py:1084: UserWarning: Skipping publisher trust check for 'kernels-community/flash-attn3' because Hugging Face Hub is in offline mode.
  flash_attn_interface = get_kernel('kernels-community/flash-attn3', version=1).flash_attn_interface
logs/eaae6373-2f85-4159-8202-9393528cf6c5.txt
Compiling model and warming up kernels (~7 minutes on first execution)
Sampling steps [0, 1, 281, 282, 283, 284, 705, 706, 707, 708, 1128, 1129, 1130, 1131] for warmup
Resetting Model
step:0/1190 val_loss:10.82990456 train_time:83ms step_avg:83.31ms
step:1/1190 train_time:248ms step_avg:247.63ms
step:2/1190 train_time:298ms step_avg:149.13ms
step:3/1190 train_time:342ms step_avg:113.95ms
step:4/1190 train_time:393ms step_avg:98.32ms
step:5/1190 train_time:431ms step_avg:86.21ms
step:6/1190 train_time:476ms step_avg:79.38ms
step:7/1190 train_time:515ms step_avg:73.57ms
step:8/1190 train_time:561ms step_avg:70.17ms
step:9/1190 train_time:605ms step_avg:67.25ms
step:10/1190 train_time:654ms step_avg:65.38ms
step:11/1190 train_time:691ms step_avg:62.84ms
step:12/1190 train_time:741ms step_avg:61.75ms
step:13/1190 train_time:777ms step_avg:59.80ms
step:14/1190 train_time:821ms step_avg:58.66ms
step:15/1190 train_time:864ms step_avg:57.59ms
step:16/1190 train_time:911ms step_avg:56.94ms
step:17/1190 train_time:951ms step_avg:55.96ms
step:18/1190 train_time:997ms step_avg:55.40ms
step:19/1190 train_time:1038ms step_avg:54.62ms
step:20/1190 train_time:1083ms step_avg:54.15ms
step:21/1190 train_time:1120ms step_avg:53.34ms
step:22/1190 train_time:1168ms step_avg:53.09ms
step:23/1190 train_time:1207ms step_avg:52.48ms
step:24/1190 train_time:1254ms step_avg:52.27ms
step:25/1190 train_time:1292ms step_avg:51.69ms
step:26/1190 train_time:1344ms step_avg:51.68ms
step:27/1190 train_time:1383ms step_avg:51.22ms
step:28/1190 train_time:1427ms step_avg:50.98ms
step:29/1190 train_time:1467ms step_avg:50.60ms
step:30/1190 train_time:1511ms step_avg:50.38ms
step:31/1190 train_time:1552ms step_avg:50.05ms
step:32/1190 train_time:1598ms step_avg:49.94ms
step:33/1190 train_time:1638ms step_avg:49.65ms
step:34/1190 train_time:1682ms step_avg:49.47ms
step:35/1190 train_time:1720ms step_avg:49.14ms
step:36/1190 train_time:1764ms step_avg:49.01ms
step:37/1190 train_time:1803ms step_avg:48.73ms
step:38/1190 train_time:1850ms step_avg:48.67ms
step:39/1190 train_time:1888ms step_avg:48.42ms
step:40/1190 train_time:1935ms step_avg:48.38ms
step:41/1190 train_time:1973ms step_avg:48.11ms
step:42/1190 train_time:2016ms step_avg:48.00ms
step:43/1190 train_time:2058ms step_avg:47.86ms
step:44/1190 train_time:2103ms step_avg:47.81ms
step:45/1190 train_time:2143ms step_avg:47.63ms
step:46/1190 train_time:2190ms step_avg:47.62ms
step:47/1190 train_time:2229ms step_avg:47.42ms
step:48/1190 train_time:2274ms step_avg:47.38ms
step:49/1190 train_time:2313ms step_avg:47.20ms
step:50/1190 train_time:2361ms step_avg:47.22ms
step:51/1190 train_time:2399ms step_avg:47.05ms
step:52/1190 train_time:2443ms step_avg:46.98ms
step:53/1190 train_time:2481ms step_avg:46.82ms
step:54/1190 train_time:2528ms step_avg:46.82ms
step:55/1190 train_time:2566ms step_avg:46.66ms
step:56/1190 train_time:2610ms step_avg:46.60ms
step:57/1190 train_time:2650ms step_avg:46.50ms
step:58/1190 train_time:2698ms step_avg:46.51ms
step:59/1190 train_time:2736ms step_avg:46.37ms
step:60/1190 train_time:2779ms step_avg:46.32ms
step:61/1190 train_time:2818ms step_avg:46.20ms
step:62/1190 train_time:2865ms step_avg:46.20ms
step:63/1190 train_time:2904ms step_avg:46.09ms
step:64/1190 train_time:2948ms step_avg:46.06ms
step:65/1190 train_time:2989ms step_avg:45.98ms
step:66/1190 train_time:3034ms step_avg:45.96ms
step:67/1190 train_time:3075ms step_avg:45.89ms
step:68/1190 train_time:3122ms step_avg:45.92ms
step:69/1190 train_time:3163ms step_avg:45.84ms
step:70/1190 train_time:3210ms step_avg:45.86ms
step:71/1190 train_time:3250ms step_avg:45.77ms
step:72/1190 train_time:3295ms step_avg:45.76ms
step:73/1190 train_time:3333ms step_avg:45.66ms
step:74/1190 train_time:3378ms step_avg:45.65ms
step:75/1190 train_time:3415ms step_avg:45.53ms
step:76/1190 train_time:3464ms step_avg:45.58ms
step:77/1190 train_time:3503ms step_avg:45.50ms
step:78/1190 train_time:3548ms step_avg:45.49ms
step:79/1190 train_time:3586ms step_avg:45.39ms
step:80/1190 train_time:3631ms step_avg:45.39ms
step:81/1190 train_time:3671ms step_avg:45.32ms
step:82/1190 train_time:3717ms step_avg:45.33ms
step:83/1190 train_time:3759ms step_avg:45.29ms
step:84/1190 train_time:3804ms step_avg:45.29ms
step:85/1190 train_time:3844ms step_avg:45.22ms
step:86/1190 train_time:3891ms step_avg:45.25ms
step:87/1190 train_time:3931ms step_avg:45.19ms
step:88/1190 train_time:3980ms step_avg:45.23ms
step:89/1190 train_time:4019ms step_avg:45.16ms
step:90/1190 train_time:4067ms step_avg:45.19ms
step:91/1190 train_time:4102ms step_avg:45.08ms
step:92/1190 train_time:4149ms step_avg:45.09ms
step:93/1190 train_time:4189ms step_avg:45.04ms
step:94/1190 train_time:4234ms step_avg:45.05ms
step:95/1190 train_time:4274ms step_avg:44.99ms
step:96/1190 train_time:4321ms step_avg:45.01ms
step:97/1190 train_time:4362ms step_avg:44.97ms
step:98/1190 train_time:4408ms step_avg:44.98ms
step:99/1190 train_time:4449ms step_avg:44.94ms
step:100/1190 train_time:4492ms step_avg:44.92ms
step:101/1190 train_time:4531ms step_avg:44.86ms
step:102/1190 train_time:4578ms step_avg:44.88ms
step:103/1190 train_time:4619ms step_avg:44.84ms
step:104/1190 train_time:4665ms step_avg:44.85ms
step:105/1190 train_time:4704ms step_avg:44.80ms
step:106/1190 train_time:4750ms step_avg:44.81ms
step:107/1190 train_time:4788ms step_avg:44.75ms
step:108/1190 train_time:4834ms step_avg:44.76ms
step:109/1190 train_time:4874ms step_avg:44.71ms
step:110/1190 train_time:4919ms step_avg:44.72ms
step:111/1190 train_time:4958ms step_avg:44.67ms
step:112/1190 train_time:5002ms step_avg:44.66ms
step:113/1190 train_time:5041ms step_avg:44.61ms
step:114/1190 train_time:5089ms step_avg:44.64ms
step:115/1190 train_time:5129ms step_avg:44.60ms
step:116/1190 train_time:5177ms step_avg:44.63ms
step:117/1190 train_time:5213ms step_avg:44.56ms
step:118/1190 train_time:5261ms step_avg:44.59ms
step:119/1190 train_time:5297ms step_avg:44.51ms
step:120/1190 train_time:5340ms step_avg:44.50ms
step:121/1190 train_time:5379ms step_avg:44.45ms
step:122/1190 train_time:5423ms step_avg:44.45ms
step:123/1190 train_time:5464ms step_avg:44.42ms
step:124/1190 train_time:5509ms step_avg:44.43ms
step:125/1190 train_time:5547ms step_avg:44.38ms
step:126/1190 train_time:5594ms step_avg:44.40ms
step:127/1190 train_time:5630ms step_avg:44.33ms
step:128/1190 train_time:5671ms step_avg:44.31ms
step:129/1190 train_time:5710ms step_avg:44.26ms
step:130/1190 train_time:5757ms step_avg:44.28ms
step:131/1190 train_time:5796ms step_avg:44.24ms
step:132/1190 train_time:5841ms step_avg:44.25ms
step:133/1190 train_time:5882ms step_avg:44.23ms
step:134/1190 train_time:5930ms step_avg:44.25ms
step:135/1190 train_time:5967ms step_avg:44.20ms
step:136/1190 train_time:6013ms step_avg:44.22ms
step:137/1190 train_time:6051ms step_avg:44.17ms
step:138/1190 train_time:6096ms step_avg:44.17ms
step:139/1190 train_time:6136ms step_avg:44.14ms
step:140/1190 train_time:6184ms step_avg:44.17ms
step:141/1190 train_time:6221ms step_avg:44.12ms
step:142/1190 train_time:6266ms step_avg:44.13ms
step:143/1190 train_time:6304ms step_avg:44.09ms
step:144/1190 train_time:6347ms step_avg:44.07ms
step:145/1190 train_time:6390ms step_avg:44.07ms
step:146/1190 train_time:6433ms step_avg:44.06ms
step:147/1190 train_time:6470ms step_avg:44.01ms
step:148/1190 train_time:6518ms step_avg:44.04ms
step:149/1190 train_time:6558ms step_avg:44.01ms
step:150/1190 train_time:6606ms step_avg:44.04ms
step:151/1190 train_time:6645ms step_avg:44.00ms
step:152/1190 train_time:6695ms step_avg:44.05ms
step:153/1190 train_time:6731ms step_avg:43.99ms
step:154/1190 train_time:6775ms step_avg:44.00ms
step:155/1190 train_time:6814ms step_avg:43.96ms
step:156/1190 train_time:6860ms step_avg:43.97ms
step:157/1190 train_time:6899ms step_avg:43.95ms
step:158/1190 train_time:6944ms step_avg:43.95ms
step:159/1190 train_time:6982ms step_avg:43.91ms
step:160/1190 train_time:7028ms step_avg:43.92ms
step:161/1190 train_time:7069ms step_avg:43.91ms
step:162/1190 train_time:7116ms step_avg:43.93ms
step:163/1190 train_time:7155ms step_avg:43.89ms
step:164/1190 train_time:7198ms step_avg:43.89ms
step:165/1190 train_time:7237ms step_avg:43.86ms
step:166/1190 train_time:7283ms step_avg:43.87ms
step:167/1190 train_time:7321ms step_avg:43.84ms
step:168/1190 train_time:7367ms step_avg:43.85ms
step:169/1190 train_time:7411ms step_avg:43.85ms
step:170/1190 train_time:7457ms step_avg:43.87ms
step:171/1190 train_time:7496ms step_avg:43.84ms
step:172/1190 train_time:7541ms step_avg:43.85ms
step:173/1190 train_time:7578ms step_avg:43.80ms
step:174/1190 train_time:7623ms step_avg:43.81ms
step:175/1190 train_time:7662ms step_avg:43.78ms
step:176/1190 train_time:7710ms step_avg:43.81ms
step:177/1190 train_time:7750ms step_avg:43.79ms
step:178/1190 train_time:7795ms step_avg:43.79ms
step:179/1190 train_time:7837ms step_avg:43.78ms
step:180/1190 train_time:7885ms step_avg:43.81ms
step:181/1190 train_time:7925ms step_avg:43.78ms
step:182/1190 train_time:7971ms step_avg:43.80ms
step:183/1190 train_time:8010ms step_avg:43.77ms
step:184/1190 train_time:8055ms step_avg:43.78ms
step:185/1190 train_time:8095ms step_avg:43.75ms
step:186/1190 train_time:8138ms step_avg:43.76ms
step:187/1190 train_time:8178ms step_avg:43.73ms
step:188/1190 train_time:8221ms step_avg:43.73ms
step:189/1190 train_time:8259ms step_avg:43.70ms
step:190/1190 train_time:8303ms step_avg:43.70ms
step:191/1190 train_time:8341ms step_avg:43.67ms
step:192/1190 train_time:8389ms step_avg:43.69ms
step:193/1190 train_time:8429ms step_avg:43.67ms
step:194/1190 train_time:8473ms step_avg:43.68ms
step:195/1190 train_time:8511ms step_avg:43.65ms
step:196/1190 train_time:8556ms step_avg:43.65ms
step:197/1190 train_time:8590ms step_avg:43.61ms
step:198/1190 train_time:8635ms step_avg:43.61ms
step:199/1190 train_time:8672ms step_avg:43.58ms
step:200/1190 train_time:8719ms step_avg:43.59ms
step:201/1190 train_time:8759ms step_avg:43.57ms
step:202/1190 train_time:8805ms step_avg:43.59ms
step:203/1190 train_time:8844ms step_avg:43.57ms
step:204/1190 train_time:8889ms step_avg:43.57ms
step:205/1190 train_time:8929ms step_avg:43.55ms
step:206/1190 train_time:8974ms step_avg:43.56ms
step:207/1190 train_time:9014ms step_avg:43.54ms
step:208/1190 train_time:9058ms step_avg:43.55ms
step:209/1190 train_time:9098ms step_avg:43.53ms
step:210/1190 train_time:9144ms step_avg:43.54ms
step:211/1190 train_time:9180ms step_avg:43.51ms
step:212/1190 train_time:9228ms step_avg:43.53ms
step:213/1190 train_time:9264ms step_avg:43.49ms
step:214/1190 train_time:9315ms step_avg:43.53ms
step:215/1190 train_time:9353ms step_avg:43.50ms
step:216/1190 train_time:9402ms step_avg:43.53ms
step:217/1190 train_time:9442ms step_avg:43.51ms
step:218/1190 train_time:9488ms step_avg:43.52ms
step:219/1190 train_time:9529ms step_avg:43.51ms
step:220/1190 train_time:9575ms step_avg:43.52ms
step:221/1190 train_time:9615ms step_avg:43.51ms
step:222/1190 train_time:9659ms step_avg:43.51ms
step:223/1190 train_time:9698ms step_avg:43.49ms
step:224/1190 train_time:9741ms step_avg:43.49ms
step:225/1190 train_time:9782ms step_avg:43.47ms
step:226/1190 train_time:9830ms step_avg:43.49ms
step:227/1190 train_time:9867ms step_avg:43.47ms
step:228/1190 train_time:9915ms step_avg:43.48ms
step:229/1190 train_time:9952ms step_avg:43.46ms
step:230/1190 train_time:9997ms step_avg:43.47ms
step:231/1190 train_time:10036ms step_avg:43.45ms
step:232/1190 train_time:10079ms step_avg:43.45ms
step:233/1190 train_time:10122ms step_avg:43.44ms
step:234/1190 train_time:10166ms step_avg:43.44ms
step:235/1190 train_time:10205ms step_avg:43.43ms
step:236/1190 train_time:10249ms step_avg:43.43ms
step:237/1190 train_time:10284ms step_avg:43.39ms
step:238/1190 train_time:10333ms step_avg:43.42ms
step:239/1190 train_time:10370ms step_avg:43.39ms
step:240/1190 train_time:10415ms step_avg:43.40ms
step:241/1190 train_time:10456ms step_avg:43.38ms
step:242/1190 train_time:10499ms step_avg:43.38ms
step:243/1190 train_time:10536ms step_avg:43.36ms
step:244/1190 train_time:10582ms step_avg:43.37ms
step:245/1190 train_time:10620ms step_avg:43.35ms
step:246/1190 train_time:10667ms step_avg:43.36ms
step:247/1190 train_time:10706ms step_avg:43.34ms
step:248/1190 train_time:10749ms step_avg:43.34ms
step:249/1190 train_time:10788ms step_avg:43.33ms
step:250/1190 train_time:10836ms step_avg:43.34ms
step:250/1190 val_loss:4.38270807 train_time:10840ms step_avg:43.36ms
step:251/1190 train_time:10883ms step_avg:43.36ms
step:252/1190 train_time:10927ms step_avg:43.36ms
step:253/1190 train_time:10967ms step_avg:43.35ms
step:254/1190 train_time:11012ms step_avg:43.36ms
step:255/1190 train_time:11051ms step_avg:43.34ms
step:256/1190 train_time:11095ms step_avg:43.34ms
step:257/1190 train_time:11133ms step_avg:43.32ms
step:258/1190 train_time:11178ms step_avg:43.32ms
step:259/1190 train_time:11216ms step_avg:43.31ms
step:260/1190 train_time:11257ms step_avg:43.30ms
step:261/1190 train_time:11297ms step_avg:43.28ms
step:262/1190 train_time:11344ms step_avg:43.30ms
step:263/1190 train_time:11383ms step_avg:43.28ms
step:264/1190 train_time:11429ms step_avg:43.29ms
step:265/1190 train_time:11467ms step_avg:43.27ms
step:266/1190 train_time:11512ms step_avg:43.28ms
step:267/1190 train_time:11552ms step_avg:43.27ms
step:268/1190 train_time:11600ms step_avg:43.28ms
step:269/1190 train_time:11637ms step_avg:43.26ms
step:270/1190 train_time:11685ms step_avg:43.28ms
step:271/1190 train_time:11721ms step_avg:43.25ms
step:272/1190 train_time:11768ms step_avg:43.26ms
step:273/1190 train_time:11806ms step_avg:43.25ms
step:274/1190 train_time:11853ms step_avg:43.26ms
step:275/1190 train_time:11893ms step_avg:43.25ms
step:276/1190 train_time:11939ms step_avg:43.26ms
step:277/1190 train_time:11980ms step_avg:43.25ms
step:278/1190 train_time:12026ms step_avg:43.26ms
step:279/1190 train_time:12063ms step_avg:43.24ms
step:280/1190 train_time:12110ms step_avg:43.25ms
step:281/1190 train_time:12147ms step_avg:43.23ms
step:282/1190 train_time:12192ms step_avg:43.23ms
step:283/1190 train_time:12232ms step_avg:43.22ms
step:284/1190 train_time:12279ms step_avg:43.24ms
step:285/1190 train_time:12318ms step_avg:43.22ms
step:286/1190 train_time:12364ms step_avg:43.23ms
step:287/1190 train_time:12405ms step_avg:43.22ms
step:288/1190 train_time:12458ms step_avg:43.26ms
step:289/1190 train_time:12502ms step_avg:43.26ms
step:290/1190 train_time:12565ms step_avg:43.33ms
step:291/1190 train_time:12608ms step_avg:43.33ms
step:292/1190 train_time:12668ms step_avg:43.38ms
step:293/1190 train_time:12712ms step_avg:43.38ms
step:294/1190 train_time:12771ms step_avg:43.44ms
step:295/1190 train_time:12817ms step_avg:43.45ms
step:296/1190 train_time:12878ms step_avg:43.51ms
step:297/1190 train_time:12922ms step_avg:43.51ms
step:298/1190 train_time:12981ms step_avg:43.56ms
step:299/1190 train_time:13028ms step_avg:43.57ms
step:300/1190 train_time:13087ms step_avg:43.62ms
step:301/1190 train_time:13134ms step_avg:43.64ms
step:302/1190 train_time:13194ms step_avg:43.69ms
step:303/1190 train_time:13240ms step_avg:43.70ms
step:304/1190 train_time:13301ms step_avg:43.75ms
step:305/1190 train_time:13344ms step_avg:43.75ms
step:306/1190 train_time:13405ms step_avg:43.81ms
step:307/1190 train_time:13449ms step_avg:43.81ms
step:308/1190 train_time:13509ms step_avg:43.86ms
step:309/1190 train_time:13555ms step_avg:43.87ms
step:310/1190 train_time:13614ms step_avg:43.92ms
step:311/1190 train_time:13659ms step_avg:43.92ms
step:312/1190 train_time:13716ms step_avg:43.96ms
step:313/1190 train_time:13762ms step_avg:43.97ms
step:314/1190 train_time:13823ms step_avg:44.02ms
step:315/1190 train_time:13870ms step_avg:44.03ms
step:316/1190 train_time:13929ms step_avg:44.08ms
step:317/1190 train_time:13973ms step_avg:44.08ms
step:318/1190 train_time:14033ms step_avg:44.13ms
step:319/1190 train_time:14080ms step_avg:44.14ms
step:320/1190 train_time:14138ms step_avg:44.18ms
step:321/1190 train_time:14184ms step_avg:44.19ms
step:322/1190 train_time:14245ms step_avg:44.24ms
step:323/1190 train_time:14289ms step_avg:44.24ms
step:324/1190 train_time:14347ms step_avg:44.28ms
step:325/1190 train_time:14394ms step_avg:44.29ms
step:326/1190 train_time:14453ms step_avg:44.34ms
step:327/1190 train_time:14498ms step_avg:44.34ms
step:328/1190 train_time:14558ms step_avg:44.39ms
step:329/1190 train_time:14602ms step_avg:44.38ms
step:330/1190 train_time:14663ms step_avg:44.43ms
step:331/1190 train_time:14708ms step_avg:44.44ms
step:332/1190 train_time:14769ms step_avg:44.48ms
step:333/1190 train_time:14813ms step_avg:44.48ms
step:334/1190 train_time:14871ms step_avg:44.52ms
step:335/1190 train_time:14918ms step_avg:44.53ms
step:336/1190 train_time:14979ms step_avg:44.58ms
step:337/1190 train_time:15025ms step_avg:44.58ms
step:338/1190 train_time:15126ms step_avg:44.75ms
step:339/1190 train_time:15163ms step_avg:44.73ms
step:340/1190 train_time:15218ms step_avg:44.76ms
step:341/1190 train_time:15263ms step_avg:44.76ms
step:342/1190 train_time:15322ms step_avg:44.80ms
step:343/1190 train_time:15367ms step_avg:44.80ms
step:344/1190 train_time:15427ms step_avg:44.85ms
step:345/1190 train_time:15473ms step_avg:44.85ms
step:346/1190 train_time:15531ms step_avg:44.89ms
step:347/1190 train_time:15576ms step_avg:44.89ms
step:348/1190 train_time:15636ms step_avg:44.93ms
step:349/1190 train_time:15682ms step_avg:44.93ms
step:350/1190 train_time:15742ms step_avg:44.98ms
step:351/1190 train_time:15787ms step_avg:44.98ms
step:352/1190 train_time:15846ms step_avg:45.02ms
step:353/1190 train_time:15892ms step_avg:45.02ms
step:354/1190 train_time:15951ms step_avg:45.06ms
step:355/1190 train_time:15997ms step_avg:45.06ms
step:356/1190 train_time:16056ms step_avg:45.10ms
step:357/1190 train_time:16101ms step_avg:45.10ms
step:358/1190 train_time:16161ms step_avg:45.14ms
step:359/1190 train_time:16207ms step_avg:45.14ms
step:360/1190 train_time:16265ms step_avg:45.18ms
step:361/1190 train_time:16312ms step_avg:45.19ms
step:362/1190 train_time:16371ms step_avg:45.22ms
step:363/1190 train_time:16418ms step_avg:45.23ms
step:364/1190 train_time:16477ms step_avg:45.27ms
step:365/1190 train_time:16523ms step_avg:45.27ms
step:366/1190 train_time:16580ms step_avg:45.30ms
step:367/1190 train_time:16629ms step_avg:45.31ms
step:368/1190 train_time:16688ms step_avg:45.35ms
step:369/1190 train_time:16733ms step_avg:45.35ms
step:370/1190 train_time:16792ms step_avg:45.39ms
step:371/1190 train_time:16837ms step_avg:45.38ms
step:372/1190 train_time:16897ms step_avg:45.42ms
step:373/1190 train_time:16944ms step_avg:45.43ms
step:374/1190 train_time:17003ms step_avg:45.46ms
step:375/1190 train_time:17049ms step_avg:45.46ms
step:376/1190 train_time:17107ms step_avg:45.50ms
step:377/1190 train_time:17152ms step_avg:45.50ms
step:378/1190 train_time:17211ms step_avg:45.53ms
step:379/1190 train_time:17258ms step_avg:45.54ms
step:380/1190 train_time:17317ms step_avg:45.57ms
step:381/1190 train_time:17362ms step_avg:45.57ms
step:382/1190 train_time:17422ms step_avg:45.61ms
step:383/1190 train_time:17466ms step_avg:45.60ms
step:384/1190 train_time:17529ms step_avg:45.65ms
step:385/1190 train_time:17573ms step_avg:45.64ms
step:386/1190 train_time:17633ms step_avg:45.68ms
step:387/1190 train_time:17678ms step_avg:45.68ms
step:388/1190 train_time:17737ms step_avg:45.71ms
step:389/1190 train_time:17785ms step_avg:45.72ms
step:390/1190 train_time:17844ms step_avg:45.75ms
step:391/1190 train_time:17887ms step_avg:45.75ms
step:392/1190 train_time:17949ms step_avg:45.79ms
step:393/1190 train_time:17994ms step_avg:45.79ms
step:394/1190 train_time:18052ms step_avg:45.82ms
step:395/1190 train_time:18098ms step_avg:45.82ms
step:396/1190 train_time:18157ms step_avg:45.85ms
step:397/1190 train_time:18204ms step_avg:45.85ms
step:398/1190 train_time:18263ms step_avg:45.89ms
step:399/1190 train_time:18309ms step_avg:45.89ms
step:400/1190 train_time:18369ms step_avg:45.92ms
step:401/1190 train_time:18413ms step_avg:45.92ms
step:402/1190 train_time:18474ms step_avg:45.96ms
step:403/1190 train_time:18520ms step_avg:45.96ms
step:404/1190 train_time:18579ms step_avg:45.99ms
step:405/1190 train_time:18624ms step_avg:45.98ms
step:406/1190 train_time:18685ms step_avg:46.02ms
step:407/1190 train_time:18730ms step_avg:46.02ms
step:408/1190 train_time:18790ms step_avg:46.05ms
step:409/1190 train_time:18835ms step_avg:46.05ms
step:410/1190 train_time:18894ms step_avg:46.08ms
step:411/1190 train_time:18939ms step_avg:46.08ms
step:412/1190 train_time:19000ms step_avg:46.12ms
step:413/1190 train_time:19046ms step_avg:46.12ms
step:414/1190 train_time:19105ms step_avg:46.15ms
step:415/1190 train_time:19150ms step_avg:46.14ms
step:416/1190 train_time:19209ms step_avg:46.18ms
step:417/1190 train_time:19255ms step_avg:46.17ms
step:418/1190 train_time:19313ms step_avg:46.20ms
step:419/1190 train_time:19359ms step_avg:46.20ms
step:420/1190 train_time:19419ms step_avg:46.23ms
step:421/1190 train_time:19464ms step_avg:46.23ms
step:422/1190 train_time:19525ms step_avg:46.27ms
step:423/1190 train_time:19570ms step_avg:46.26ms
step:424/1190 train_time:19629ms step_avg:46.30ms
step:425/1190 train_time:19675ms step_avg:46.29ms
step:426/1190 train_time:19735ms step_avg:46.33ms
step:427/1190 train_time:19784ms step_avg:46.33ms
step:428/1190 train_time:19840ms step_avg:46.35ms
step:429/1190 train_time:19886ms step_avg:46.35ms
step:430/1190 train_time:19944ms step_avg:46.38ms
step:431/1190 train_time:19991ms step_avg:46.38ms
step:432/1190 train_time:20051ms step_avg:46.41ms
step:433/1190 train_time:20094ms step_avg:46.41ms
step:434/1190 train_time:20156ms step_avg:46.44ms
step:435/1190 train_time:20201ms step_avg:46.44ms
step:436/1190 train_time:20262ms step_avg:46.47ms
step:437/1190 train_time:20306ms step_avg:46.47ms
step:438/1190 train_time:20365ms step_avg:46.50ms
step:439/1190 train_time:20411ms step_avg:46.49ms
step:440/1190 train_time:20472ms step_avg:46.53ms
step:441/1190 train_time:20516ms step_avg:46.52ms
step:442/1190 train_time:20578ms step_avg:46.56ms
step:443/1190 train_time:20623ms step_avg:46.55ms
step:444/1190 train_time:20684ms step_avg:46.59ms
step:445/1190 train_time:20729ms step_avg:46.58ms
step:446/1190 train_time:20789ms step_avg:46.61ms
step:447/1190 train_time:20834ms step_avg:46.61ms
step:448/1190 train_time:20893ms step_avg:46.64ms
step:449/1190 train_time:20940ms step_avg:46.64ms
step:450/1190 train_time:20998ms step_avg:46.66ms
step:451/1190 train_time:21044ms step_avg:46.66ms
step:452/1190 train_time:21105ms step_avg:46.69ms
step:453/1190 train_time:21149ms step_avg:46.69ms
step:454/1190 train_time:21209ms step_avg:46.72ms
step:455/1190 train_time:21253ms step_avg:46.71ms
step:456/1190 train_time:21313ms step_avg:46.74ms
step:457/1190 train_time:21360ms step_avg:46.74ms
step:458/1190 train_time:21419ms step_avg:46.77ms
step:459/1190 train_time:21465ms step_avg:46.76ms
step:460/1190 train_time:21524ms step_avg:46.79ms
step:461/1190 train_time:21570ms step_avg:46.79ms
step:462/1190 train_time:21630ms step_avg:46.82ms
step:463/1190 train_time:21674ms step_avg:46.81ms
step:464/1190 train_time:21735ms step_avg:46.84ms
step:465/1190 train_time:21781ms step_avg:46.84ms
step:466/1190 train_time:21840ms step_avg:46.87ms
step:467/1190 train_time:21886ms step_avg:46.86ms
step:468/1190 train_time:21945ms step_avg:46.89ms
step:469/1190 train_time:21992ms step_avg:46.89ms
step:470/1190 train_time:22050ms step_avg:46.92ms
step:471/1190 train_time:22096ms step_avg:46.91ms
step:472/1190 train_time:22155ms step_avg:46.94ms
step:473/1190 train_time:22201ms step_avg:46.94ms
step:474/1190 train_time:22263ms step_avg:46.97ms
step:475/1190 train_time:22306ms step_avg:46.96ms
step:476/1190 train_time:22368ms step_avg:46.99ms
step:477/1190 train_time:22412ms step_avg:46.99ms
step:478/1190 train_time:22473ms step_avg:47.01ms
step:479/1190 train_time:22517ms step_avg:47.01ms
step:480/1190 train_time:22578ms step_avg:47.04ms
step:481/1190 train_time:22623ms step_avg:47.03ms
step:482/1190 train_time:22682ms step_avg:47.06ms
step:483/1190 train_time:22728ms step_avg:47.06ms
step:484/1190 train_time:22788ms step_avg:47.08ms
step:485/1190 train_time:22833ms step_avg:47.08ms
step:486/1190 train_time:22893ms step_avg:47.11ms
step:487/1190 train_time:22939ms step_avg:47.10ms
step:488/1190 train_time:22998ms step_avg:47.13ms
step:489/1190 train_time:23044ms step_avg:47.12ms
step:490/1190 train_time:23106ms step_avg:47.15ms
step:491/1190 train_time:23149ms step_avg:47.15ms
step:492/1190 train_time:23209ms step_avg:47.17ms
step:493/1190 train_time:23253ms step_avg:47.17ms
step:494/1190 train_time:23313ms step_avg:47.19ms
step:495/1190 train_time:23359ms step_avg:47.19ms
step:496/1190 train_time:23418ms step_avg:47.21ms
step:497/1190 train_time:23465ms step_avg:47.21ms
step:498/1190 train_time:23523ms step_avg:47.24ms
step:499/1190 train_time:23569ms step_avg:47.23ms
step:500/1190 train_time:23628ms step_avg:47.26ms
step:500/1190 val_loss:3.89492559 train_time:23677ms step_avg:47.35ms
step:501/1190 train_time:23717ms step_avg:47.34ms
step:502/1190 train_time:23763ms step_avg:47.34ms
step:503/1190 train_time:23799ms step_avg:47.31ms
step:504/1190 train_time:23846ms step_avg:47.31ms
step:505/1190 train_time:23893ms step_avg:47.31ms
step:506/1190 train_time:23955ms step_avg:47.34ms
step:507/1190 train_time:23999ms step_avg:47.34ms
step:508/1190 train_time:24061ms step_avg:47.36ms
step:509/1190 train_time:24106ms step_avg:47.36ms
step:510/1190 train_time:24166ms step_avg:47.38ms
step:511/1190 train_time:24210ms step_avg:47.38ms
step:512/1190 train_time:24268ms step_avg:47.40ms
step:513/1190 train_time:24315ms step_avg:47.40ms
step:514/1190 train_time:24374ms step_avg:47.42ms
step:515/1190 train_time:24419ms step_avg:47.41ms
step:516/1190 train_time:24480ms step_avg:47.44ms
step:517/1190 train_time:24525ms step_avg:47.44ms
step:518/1190 train_time:24585ms step_avg:47.46ms
step:519/1190 train_time:24628ms step_avg:47.45ms
step:520/1190 train_time:24690ms step_avg:47.48ms
step:521/1190 train_time:24735ms step_avg:47.48ms
step:522/1190 train_time:24796ms step_avg:47.50ms
step:523/1190 train_time:24840ms step_avg:47.50ms
step:524/1190 train_time:24901ms step_avg:47.52ms
step:525/1190 train_time:24947ms step_avg:47.52ms
step:526/1190 train_time:25006ms step_avg:47.54ms
step:527/1190 train_time:25054ms step_avg:47.54ms
step:528/1190 train_time:25114ms step_avg:47.56ms
step:529/1190 train_time:25157ms step_avg:47.56ms
step:530/1190 train_time:25219ms step_avg:47.58ms
step:531/1190 train_time:25262ms step_avg:47.58ms
step:532/1190 train_time:25322ms step_avg:47.60ms
step:533/1190 train_time:25366ms step_avg:47.59ms
step:534/1190 train_time:25426ms step_avg:47.61ms
step:535/1190 train_time:25473ms step_avg:47.61ms
step:536/1190 train_time:25532ms step_avg:47.63ms
step:537/1190 train_time:25577ms step_avg:47.63ms
step:538/1190 train_time:25637ms step_avg:47.65ms
step:539/1190 train_time:25682ms step_avg:47.65ms
step:540/1190 train_time:25741ms step_avg:47.67ms
step:541/1190 train_time:25787ms step_avg:47.66ms
step:542/1190 train_time:25850ms step_avg:47.69ms
step:543/1190 train_time:25893ms step_avg:47.68ms
step:544/1190 train_time:25953ms step_avg:47.71ms
step:545/1190 train_time:25999ms step_avg:47.70ms
step:546/1190 train_time:26058ms step_avg:47.73ms
step:547/1190 train_time:26104ms step_avg:47.72ms
step:548/1190 train_time:26164ms step_avg:47.74ms
step:549/1190 train_time:26209ms step_avg:47.74ms
step:550/1190 train_time:26271ms step_avg:47.76ms
step:551/1190 train_time:26315ms step_avg:47.76ms
step:552/1190 train_time:26375ms step_avg:47.78ms
step:553/1190 train_time:26422ms step_avg:47.78ms
step:554/1190 train_time:26479ms step_avg:47.80ms
step:555/1190 train_time:26525ms step_avg:47.79ms
step:556/1190 train_time:26585ms step_avg:47.81ms
step:557/1190 train_time:26630ms step_avg:47.81ms
step:558/1190 train_time:26689ms step_avg:47.83ms
step:559/1190 train_time:26734ms step_avg:47.83ms
step:560/1190 train_time:26797ms step_avg:47.85ms
step:561/1190 train_time:26840ms step_avg:47.84ms
step:562/1190 train_time:26899ms step_avg:47.86ms
step:563/1190 train_time:26948ms step_avg:47.86ms
step:564/1190 train_time:27007ms step_avg:47.89ms
step:565/1190 train_time:27052ms step_avg:47.88ms
step:566/1190 train_time:27111ms step_avg:47.90ms
step:567/1190 train_time:27158ms step_avg:47.90ms
step:568/1190 train_time:27218ms step_avg:47.92ms
step:569/1190 train_time:27265ms step_avg:47.92ms
step:570/1190 train_time:27323ms step_avg:47.94ms
step:571/1190 train_time:27367ms step_avg:47.93ms
step:572/1190 train_time:27430ms step_avg:47.95ms
step:573/1190 train_time:27473ms step_avg:47.95ms
step:574/1190 train_time:27536ms step_avg:47.97ms
step:575/1190 train_time:27579ms step_avg:47.96ms
step:576/1190 train_time:27639ms step_avg:47.98ms
step:577/1190 train_time:27685ms step_avg:47.98ms
step:578/1190 train_time:27745ms step_avg:48.00ms
step:579/1190 train_time:27790ms step_avg:48.00ms
step:580/1190 train_time:27848ms step_avg:48.01ms
step:581/1190 train_time:27896ms step_avg:48.01ms
step:582/1190 train_time:27955ms step_avg:48.03ms
step:583/1190 train_time:28002ms step_avg:48.03ms
step:584/1190 train_time:28062ms step_avg:48.05ms
step:585/1190 train_time:28107ms step_avg:48.05ms
step:586/1190 train_time:28167ms step_avg:48.07ms
step:587/1190 train_time:28213ms step_avg:48.06ms
step:588/1190 train_time:28272ms step_avg:48.08ms
step:589/1190 train_time:28317ms step_avg:48.08ms
step:590/1190 train_time:28377ms step_avg:48.10ms
step:591/1190 train_time:28422ms step_avg:48.09ms
step:592/1190 train_time:28483ms step_avg:48.11ms
step:593/1190 train_time:28527ms step_avg:48.11ms
step:594/1190 train_time:28587ms step_avg:48.13ms
step:595/1190 train_time:28632ms step_avg:48.12ms
step:596/1190 train_time:28692ms step_avg:48.14ms
step:597/1190 train_time:28738ms step_avg:48.14ms
step:598/1190 train_time:28796ms step_avg:48.15ms
step:599/1190 train_time:28842ms step_avg:48.15ms
step:600/1190 train_time:28902ms step_avg:48.17ms
step:601/1190 train_time:28949ms step_avg:48.17ms
step:602/1190 train_time:29009ms step_avg:48.19ms
step:603/1190 train_time:29054ms step_avg:48.18ms
step:604/1190 train_time:29114ms step_avg:48.20ms
step:605/1190 train_time:29160ms step_avg:48.20ms
step:606/1190 train_time:29219ms step_avg:48.22ms
step:607/1190 train_time:29264ms step_avg:48.21ms
step:608/1190 train_time:29325ms step_avg:48.23ms
step:609/1190 train_time:29369ms step_avg:48.22ms
step:610/1190 train_time:29429ms step_avg:48.24ms
step:611/1190 train_time:29476ms step_avg:48.24ms
step:612/1190 train_time:29534ms step_avg:48.26ms
step:613/1190 train_time:29579ms step_avg:48.25ms
step:614/1190 train_time:29640ms step_avg:48.27ms
step:615/1190 train_time:29684ms step_avg:48.27ms
step:616/1190 train_time:29750ms step_avg:48.29ms
step:617/1190 train_time:29792ms step_avg:48.28ms
step:618/1190 train_time:29851ms step_avg:48.30ms
step:619/1190 train_time:29897ms step_avg:48.30ms
step:620/1190 train_time:29957ms step_avg:48.32ms
step:621/1190 train_time:30001ms step_avg:48.31ms
step:622/1190 train_time:30059ms step_avg:48.33ms
step:623/1190 train_time:30107ms step_avg:48.33ms
step:624/1190 train_time:30167ms step_avg:48.34ms
step:625/1190 train_time:30212ms step_avg:48.34ms
step:626/1190 train_time:30275ms step_avg:48.36ms
step:627/1190 train_time:30317ms step_avg:48.35ms
step:628/1190 train_time:30376ms step_avg:48.37ms
step:629/1190 train_time:30421ms step_avg:48.36ms
step:630/1190 train_time:30483ms step_avg:48.39ms
step:631/1190 train_time:30528ms step_avg:48.38ms
step:632/1190 train_time:30588ms step_avg:48.40ms
step:633/1190 train_time:30632ms step_avg:48.39ms
step:634/1190 train_time:30693ms step_avg:48.41ms
step:635/1190 train_time:30738ms step_avg:48.41ms
step:636/1190 train_time:30798ms step_avg:48.43ms
step:637/1190 train_time:30844ms step_avg:48.42ms
step:638/1190 train_time:30904ms step_avg:48.44ms
step:639/1190 train_time:30950ms step_avg:48.44ms
step:640/1190 train_time:31010ms step_avg:48.45ms
step:641/1190 train_time:31053ms step_avg:48.44ms
step:642/1190 train_time:31115ms step_avg:48.47ms
step:643/1190 train_time:31160ms step_avg:48.46ms
step:644/1190 train_time:31220ms step_avg:48.48ms
step:645/1190 train_time:31266ms step_avg:48.47ms
step:646/1190 train_time:31325ms step_avg:48.49ms
step:647/1190 train_time:31371ms step_avg:48.49ms
step:648/1190 train_time:31430ms step_avg:48.50ms
step:649/1190 train_time:31475ms step_avg:48.50ms
step:650/1190 train_time:31535ms step_avg:48.52ms
step:651/1190 train_time:31581ms step_avg:48.51ms
step:652/1190 train_time:31643ms step_avg:48.53ms
step:653/1190 train_time:31686ms step_avg:48.52ms
step:654/1190 train_time:31775ms step_avg:48.59ms
step:655/1190 train_time:31817ms step_avg:48.58ms
step:656/1190 train_time:31864ms step_avg:48.57ms
step:657/1190 train_time:31904ms step_avg:48.56ms
step:658/1190 train_time:31958ms step_avg:48.57ms
step:659/1190 train_time:32005ms step_avg:48.57ms
step:660/1190 train_time:32063ms step_avg:48.58ms
step:661/1190 train_time:32109ms step_avg:48.58ms
step:662/1190 train_time:32169ms step_avg:48.59ms
step:663/1190 train_time:32214ms step_avg:48.59ms
step:664/1190 train_time:32272ms step_avg:48.60ms
step:665/1190 train_time:32319ms step_avg:48.60ms
step:666/1190 train_time:32379ms step_avg:48.62ms
step:667/1190 train_time:32424ms step_avg:48.61ms
step:668/1190 train_time:32485ms step_avg:48.63ms
step:669/1190 train_time:32530ms step_avg:48.62ms
step:670/1190 train_time:32590ms step_avg:48.64ms
step:671/1190 train_time:32636ms step_avg:48.64ms
step:672/1190 train_time:32695ms step_avg:48.65ms
step:673/1190 train_time:32740ms step_avg:48.65ms
step:674/1190 train_time:32801ms step_avg:48.67ms
step:675/1190 train_time:32846ms step_avg:48.66ms
step:676/1190 train_time:32906ms step_avg:48.68ms
step:677/1190 train_time:32952ms step_avg:48.67ms
step:678/1190 train_time:33012ms step_avg:48.69ms
step:679/1190 train_time:33056ms step_avg:48.68ms
step:680/1190 train_time:33117ms step_avg:48.70ms
step:681/1190 train_time:33162ms step_avg:48.70ms
step:682/1190 train_time:33222ms step_avg:48.71ms
step:683/1190 train_time:33268ms step_avg:48.71ms
step:684/1190 train_time:33329ms step_avg:48.73ms
step:685/1190 train_time:33371ms step_avg:48.72ms
step:686/1190 train_time:33431ms step_avg:48.73ms
step:687/1190 train_time:33477ms step_avg:48.73ms
step:688/1190 train_time:33539ms step_avg:48.75ms
step:689/1190 train_time:33584ms step_avg:48.74ms
step:690/1190 train_time:33643ms step_avg:48.76ms
step:691/1190 train_time:33690ms step_avg:48.76ms
step:692/1190 train_time:33749ms step_avg:48.77ms
step:693/1190 train_time:33795ms step_avg:48.77ms
step:694/1190 train_time:33854ms step_avg:48.78ms
step:695/1190 train_time:33900ms step_avg:48.78ms
step:696/1190 train_time:33961ms step_avg:48.80ms
step:697/1190 train_time:34005ms step_avg:48.79ms
step:698/1190 train_time:34065ms step_avg:48.80ms
step:699/1190 train_time:34110ms step_avg:48.80ms
step:700/1190 train_time:34172ms step_avg:48.82ms
step:701/1190 train_time:34217ms step_avg:48.81ms
step:702/1190 train_time:34276ms step_avg:48.83ms
step:703/1190 train_time:34321ms step_avg:48.82ms
step:704/1190 train_time:34382ms step_avg:48.84ms
step:705/1190 train_time:34425ms step_avg:48.83ms
step:706/1190 train_time:34486ms step_avg:48.85ms
step:707/1190 train_time:34530ms step_avg:48.84ms
step:708/1190 train_time:34594ms step_avg:48.86ms
step:709/1190 train_time:34662ms step_avg:48.89ms
step:710/1190 train_time:34745ms step_avg:48.94ms
step:711/1190 train_time:34814ms step_avg:48.97ms
step:712/1190 train_time:34896ms step_avg:49.01ms
step:713/1190 train_time:34966ms step_avg:49.04ms
step:714/1190 train_time:35049ms step_avg:49.09ms
step:715/1190 train_time:35118ms step_avg:49.12ms
step:716/1190 train_time:35202ms step_avg:49.16ms
step:717/1190 train_time:35270ms step_avg:49.19ms
step:718/1190 train_time:35354ms step_avg:49.24ms
step:719/1190 train_time:35422ms step_avg:49.27ms
step:720/1190 train_time:35505ms step_avg:49.31ms
step:721/1190 train_time:35572ms step_avg:49.34ms
step:722/1190 train_time:35656ms step_avg:49.38ms
step:723/1190 train_time:35724ms step_avg:49.41ms
step:724/1190 train_time:35807ms step_avg:49.46ms
step:725/1190 train_time:35876ms step_avg:49.48ms
step:726/1190 train_time:35958ms step_avg:49.53ms
step:727/1190 train_time:36027ms step_avg:49.56ms
step:728/1190 train_time:36112ms step_avg:49.60ms
step:729/1190 train_time:36180ms step_avg:49.63ms
step:730/1190 train_time:36263ms step_avg:49.67ms
step:731/1190 train_time:36332ms step_avg:49.70ms
step:732/1190 train_time:36414ms step_avg:49.75ms
step:733/1190 train_time:36481ms step_avg:49.77ms
step:734/1190 train_time:36566ms step_avg:49.82ms
step:735/1190 train_time:36634ms step_avg:49.84ms
step:736/1190 train_time:36715ms step_avg:49.88ms
step:737/1190 train_time:36785ms step_avg:49.91ms
step:738/1190 train_time:36868ms step_avg:49.96ms
step:739/1190 train_time:36936ms step_avg:49.98ms
step:740/1190 train_time:37018ms step_avg:50.02ms
step:741/1190 train_time:37088ms step_avg:50.05ms
step:742/1190 train_time:37171ms step_avg:50.10ms
step:743/1190 train_time:37240ms step_avg:50.12ms
step:744/1190 train_time:37322ms step_avg:50.16ms
step:745/1190 train_time:37390ms step_avg:50.19ms
step:746/1190 train_time:37474ms step_avg:50.23ms
step:747/1190 train_time:37541ms step_avg:50.26ms
step:748/1190 train_time:37624ms step_avg:50.30ms
step:749/1190 train_time:37693ms step_avg:50.32ms
step:750/1190 train_time:37776ms step_avg:50.37ms
step:750/1190 val_loss:3.50444841 train_time:37850ms step_avg:50.47ms
step:751/1190 train_time:37890ms step_avg:50.45ms
step:752/1190 train_time:37935ms step_avg:50.45ms
step:753/1190 train_time:38003ms step_avg:50.47ms
step:754/1190 train_time:38086ms step_avg:50.51ms
step:755/1190 train_time:38161ms step_avg:50.54ms
step:756/1190 train_time:38243ms step_avg:50.59ms
step:757/1190 train_time:38312ms step_avg:50.61ms
step:758/1190 train_time:38394ms step_avg:50.65ms
step:759/1190 train_time:38461ms step_avg:50.67ms
step:760/1190 train_time:38544ms step_avg:50.72ms
step:761/1190 train_time:38612ms step_avg:50.74ms
step:762/1190 train_time:38695ms step_avg:50.78ms
step:763/1190 train_time:38762ms step_avg:50.80ms
step:764/1190 train_time:38845ms step_avg:50.84ms
step:765/1190 train_time:38914ms step_avg:50.87ms
step:766/1190 train_time:38998ms step_avg:50.91ms
step:767/1190 train_time:39067ms step_avg:50.94ms
step:768/1190 train_time:39151ms step_avg:50.98ms
step:769/1190 train_time:39221ms step_avg:51.00ms
step:770/1190 train_time:39303ms step_avg:51.04ms
step:771/1190 train_time:39372ms step_avg:51.07ms
step:772/1190 train_time:39455ms step_avg:51.11ms
step:773/1190 train_time:39523ms step_avg:51.13ms
step:774/1190 train_time:39606ms step_avg:51.17ms
step:775/1190 train_time:39674ms step_avg:51.19ms
step:776/1190 train_time:39757ms step_avg:51.23ms
step:777/1190 train_time:39826ms step_avg:51.26ms
step:778/1190 train_time:39908ms step_avg:51.30ms
step:779/1190 train_time:39977ms step_avg:51.32ms
step:780/1190 train_time:40060ms step_avg:51.36ms
step:781/1190 train_time:40131ms step_avg:51.38ms
step:782/1190 train_time:40214ms step_avg:51.42ms
step:783/1190 train_time:40283ms step_avg:51.45ms
step:784/1190 train_time:40364ms step_avg:51.48ms
step:785/1190 train_time:40434ms step_avg:51.51ms
step:786/1190 train_time:40517ms step_avg:51.55ms
step:787/1190 train_time:40585ms step_avg:51.57ms
step:788/1190 train_time:40668ms step_avg:51.61ms
step:789/1190 train_time:40736ms step_avg:51.63ms
step:790/1190 train_time:40818ms step_avg:51.67ms
step:791/1190 train_time:40887ms step_avg:51.69ms
step:792/1190 train_time:40971ms step_avg:51.73ms
step:793/1190 train_time:41039ms step_avg:51.75ms
step:794/1190 train_time:41122ms step_avg:51.79ms
step:795/1190 train_time:41191ms step_avg:51.81ms
step:796/1190 train_time:41273ms step_avg:51.85ms
step:797/1190 train_time:41342ms step_avg:51.87ms
step:798/1190 train_time:41425ms step_avg:51.91ms
step:799/1190 train_time:41494ms step_avg:51.93ms
step:800/1190 train_time:41578ms step_avg:51.97ms
step:801/1190 train_time:41647ms step_avg:51.99ms
step:802/1190 train_time:41729ms step_avg:52.03ms
step:803/1190 train_time:41797ms step_avg:52.05ms
step:804/1190 train_time:41881ms step_avg:52.09ms
step:805/1190 train_time:41949ms step_avg:52.11ms
step:806/1190 train_time:42031ms step_avg:52.15ms
step:807/1190 train_time:42100ms step_avg:52.17ms
step:808/1190 train_time:42183ms step_avg:52.21ms
step:809/1190 train_time:42253ms step_avg:52.23ms
step:810/1190 train_time:42336ms step_avg:52.27ms
step:811/1190 train_time:42404ms step_avg:52.29ms
step:812/1190 train_time:42487ms step_avg:52.32ms
step:813/1190 train_time:42555ms step_avg:52.34ms
step:814/1190 train_time:42637ms step_avg:52.38ms
step:815/1190 train_time:42706ms step_avg:52.40ms
step:816/1190 train_time:42790ms step_avg:52.44ms
step:817/1190 train_time:42857ms step_avg:52.46ms
step:818/1190 train_time:42940ms step_avg:52.49ms
step:819/1190 train_time:43009ms step_avg:52.51ms
step:820/1190 train_time:43092ms step_avg:52.55ms
step:821/1190 train_time:43161ms step_avg:52.57ms
step:822/1190 train_time:43244ms step_avg:52.61ms
step:823/1190 train_time:43314ms step_avg:52.63ms
step:824/1190 train_time:43398ms step_avg:52.67ms
step:825/1190 train_time:43465ms step_avg:52.68ms
step:826/1190 train_time:43549ms step_avg:52.72ms
step:827/1190 train_time:43617ms step_avg:52.74ms
step:828/1190 train_time:43702ms step_avg:52.78ms
step:829/1190 train_time:43769ms step_avg:52.80ms
step:830/1190 train_time:43853ms step_avg:52.84ms
step:831/1190 train_time:43920ms step_avg:52.85ms
step:832/1190 train_time:44003ms step_avg:52.89ms
step:833/1190 train_time:44072ms step_avg:52.91ms
step:834/1190 train_time:44155ms step_avg:52.94ms
step:835/1190 train_time:44224ms step_avg:52.96ms
step:836/1190 train_time:44311ms step_avg:53.00ms
step:837/1190 train_time:44376ms step_avg:53.02ms
step:838/1190 train_time:44459ms step_avg:53.05ms
step:839/1190 train_time:44527ms step_avg:53.07ms
step:840/1190 train_time:44609ms step_avg:53.11ms
step:841/1190 train_time:44677ms step_avg:53.12ms
step:842/1190 train_time:44761ms step_avg:53.16ms
step:843/1190 train_time:44829ms step_avg:53.18ms
step:844/1190 train_time:44912ms step_avg:53.21ms
step:845/1190 train_time:44981ms step_avg:53.23ms
step:846/1190 train_time:45065ms step_avg:53.27ms
step:847/1190 train_time:45133ms step_avg:53.29ms
step:848/1190 train_time:45215ms step_avg:53.32ms
step:849/1190 train_time:45285ms step_avg:53.34ms
step:850/1190 train_time:45371ms step_avg:53.38ms
step:851/1190 train_time:45436ms step_avg:53.39ms
step:852/1190 train_time:45519ms step_avg:53.43ms
step:853/1190 train_time:45588ms step_avg:53.44ms
step:854/1190 train_time:45671ms step_avg:53.48ms
step:855/1190 train_time:45739ms step_avg:53.50ms
step:856/1190 train_time:45822ms step_avg:53.53ms
step:857/1190 train_time:45890ms step_avg:53.55ms
step:858/1190 train_time:45973ms step_avg:53.58ms
step:859/1190 train_time:46041ms step_avg:53.60ms
step:860/1190 train_time:46124ms step_avg:53.63ms
step:861/1190 train_time:46193ms step_avg:53.65ms
step:862/1190 train_time:46276ms step_avg:53.68ms
step:863/1190 train_time:46345ms step_avg:53.70ms
step:864/1190 train_time:46429ms step_avg:53.74ms
step:865/1190 train_time:46497ms step_avg:53.75ms
step:866/1190 train_time:46582ms step_avg:53.79ms
step:867/1190 train_time:46651ms step_avg:53.81ms
step:868/1190 train_time:46734ms step_avg:53.84ms
step:869/1190 train_time:46802ms step_avg:53.86ms
step:870/1190 train_time:46885ms step_avg:53.89ms
step:871/1190 train_time:46954ms step_avg:53.91ms
step:872/1190 train_time:47036ms step_avg:53.94ms
step:873/1190 train_time:47105ms step_avg:53.96ms
step:874/1190 train_time:47187ms step_avg:53.99ms
step:875/1190 train_time:47257ms step_avg:54.01ms
step:876/1190 train_time:47340ms step_avg:54.04ms
step:877/1190 train_time:47410ms step_avg:54.06ms
step:878/1190 train_time:47491ms step_avg:54.09ms
step:879/1190 train_time:47561ms step_avg:54.11ms
step:880/1190 train_time:47643ms step_avg:54.14ms
step:881/1190 train_time:47713ms step_avg:54.16ms
step:882/1190 train_time:47796ms step_avg:54.19ms
step:883/1190 train_time:47864ms step_avg:54.21ms
step:884/1190 train_time:47946ms step_avg:54.24ms
step:885/1190 train_time:48016ms step_avg:54.26ms
step:886/1190 train_time:48109ms step_avg:54.30ms
step:887/1190 train_time:48169ms step_avg:54.31ms
step:888/1190 train_time:48252ms step_avg:54.34ms
step:889/1190 train_time:48321ms step_avg:54.35ms
step:890/1190 train_time:48403ms step_avg:54.39ms
step:891/1190 train_time:48474ms step_avg:54.40ms
step:892/1190 train_time:48556ms step_avg:54.44ms
step:893/1190 train_time:48624ms step_avg:54.45ms
step:894/1190 train_time:48706ms step_avg:54.48ms
step:895/1190 train_time:48779ms step_avg:54.50ms
step:896/1190 train_time:48860ms step_avg:54.53ms
step:897/1190 train_time:48927ms step_avg:54.55ms
step:898/1190 train_time:49011ms step_avg:54.58ms
step:899/1190 train_time:49080ms step_avg:54.59ms
step:900/1190 train_time:49164ms step_avg:54.63ms
step:901/1190 train_time:49232ms step_avg:54.64ms
step:902/1190 train_time:49315ms step_avg:54.67ms
step:903/1190 train_time:49383ms step_avg:54.69ms
step:904/1190 train_time:49466ms step_avg:54.72ms
step:905/1190 train_time:49534ms step_avg:54.73ms
step:906/1190 train_time:49617ms step_avg:54.77ms
step:907/1190 train_time:49686ms step_avg:54.78ms
step:908/1190 train_time:49771ms step_avg:54.81ms
step:909/1190 train_time:49838ms step_avg:54.83ms
step:910/1190 train_time:49921ms step_avg:54.86ms
step:911/1190 train_time:49990ms step_avg:54.87ms
step:912/1190 train_time:50074ms step_avg:54.91ms
step:913/1190 train_time:50142ms step_avg:54.92ms
step:914/1190 train_time:50226ms step_avg:54.95ms
step:915/1190 train_time:50295ms step_avg:54.97ms
step:916/1190 train_time:50377ms step_avg:55.00ms
step:917/1190 train_time:50445ms step_avg:55.01ms
step:918/1190 train_time:50529ms step_avg:55.04ms
step:919/1190 train_time:50596ms step_avg:55.06ms
step:920/1190 train_time:50679ms step_avg:55.09ms
step:921/1190 train_time:50750ms step_avg:55.10ms
step:922/1190 train_time:50832ms step_avg:55.13ms
step:923/1190 train_time:50900ms step_avg:55.15ms
step:924/1190 train_time:50983ms step_avg:55.18ms
step:925/1190 train_time:51051ms step_avg:55.19ms
step:926/1190 train_time:51136ms step_avg:55.22ms
step:927/1190 train_time:51203ms step_avg:55.24ms
step:928/1190 train_time:51287ms step_avg:55.27ms
step:929/1190 train_time:51354ms step_avg:55.28ms
step:930/1190 train_time:51438ms step_avg:55.31ms
step:931/1190 train_time:51505ms step_avg:55.32ms
step:932/1190 train_time:51588ms step_avg:55.35ms
step:933/1190 train_time:51657ms step_avg:55.37ms
step:934/1190 train_time:51741ms step_avg:55.40ms
step:935/1190 train_time:51809ms step_avg:55.41ms
step:936/1190 train_time:51892ms step_avg:55.44ms
step:937/1190 train_time:51961ms step_avg:55.45ms
step:938/1190 train_time:52045ms step_avg:55.49ms
step:939/1190 train_time:52113ms step_avg:55.50ms
step:940/1190 train_time:52197ms step_avg:55.53ms
step:941/1190 train_time:52266ms step_avg:55.54ms
step:942/1190 train_time:52349ms step_avg:55.57ms
step:943/1190 train_time:52417ms step_avg:55.59ms
step:944/1190 train_time:52500ms step_avg:55.61ms
step:945/1190 train_time:52571ms step_avg:55.63ms
step:946/1190 train_time:52653ms step_avg:55.66ms
step:947/1190 train_time:52722ms step_avg:55.67ms
step:948/1190 train_time:52805ms step_avg:55.70ms
step:949/1190 train_time:52873ms step_avg:55.71ms
step:950/1190 train_time:52958ms step_avg:55.75ms
step:951/1190 train_time:53024ms step_avg:55.76ms
step:952/1190 train_time:53108ms step_avg:55.79ms
step:953/1190 train_time:53175ms step_avg:55.80ms
step:954/1190 train_time:53260ms step_avg:55.83ms
step:955/1190 train_time:53327ms step_avg:55.84ms
step:956/1190 train_time:53411ms step_avg:55.87ms
step:957/1190 train_time:53478ms step_avg:55.88ms
step:958/1190 train_time:53561ms step_avg:55.91ms
step:959/1190 train_time:53632ms step_avg:55.92ms
step:960/1190 train_time:53715ms step_avg:55.95ms
step:961/1190 train_time:53782ms step_avg:55.96ms
step:962/1190 train_time:53867ms step_avg:56.00ms
step:963/1190 train_time:53933ms step_avg:56.00ms
step:964/1190 train_time:54017ms step_avg:56.03ms
step:965/1190 train_time:54092ms step_avg:56.05ms
step:966/1190 train_time:54169ms step_avg:56.08ms
step:967/1190 train_time:54237ms step_avg:56.09ms
step:968/1190 train_time:54318ms step_avg:56.11ms
step:969/1190 train_time:54388ms step_avg:56.13ms
step:970/1190 train_time:54471ms step_avg:56.16ms
step:971/1190 train_time:54539ms step_avg:56.17ms
step:972/1190 train_time:54623ms step_avg:56.20ms
step:973/1190 train_time:54690ms step_avg:56.21ms
step:974/1190 train_time:54775ms step_avg:56.24ms
step:975/1190 train_time:54842ms step_avg:56.25ms
step:976/1190 train_time:54925ms step_avg:56.28ms
step:977/1190 train_time:54993ms step_avg:56.29ms
step:978/1190 train_time:55075ms step_avg:56.31ms
step:979/1190 train_time:55145ms step_avg:56.33ms
step:980/1190 train_time:55227ms step_avg:56.35ms
step:981/1190 train_time:55295ms step_avg:56.37ms
step:982/1190 train_time:55379ms step_avg:56.39ms
step:983/1190 train_time:55448ms step_avg:56.41ms
step:984/1190 train_time:55531ms step_avg:56.43ms
step:985/1190 train_time:55599ms step_avg:56.45ms
step:986/1190 train_time:55682ms step_avg:56.47ms
step:987/1190 train_time:55751ms step_avg:56.49ms
step:988/1190 train_time:55835ms step_avg:56.51ms
step:989/1190 train_time:55903ms step_avg:56.52ms
step:990/1190 train_time:55984ms step_avg:56.55ms
step:991/1190 train_time:56053ms step_avg:56.56ms
step:992/1190 train_time:56136ms step_avg:56.59ms
step:993/1190 train_time:56204ms step_avg:56.60ms
step:994/1190 train_time:56286ms step_avg:56.63ms
step:995/1190 train_time:56355ms step_avg:56.64ms
step:996/1190 train_time:56439ms step_avg:56.67ms
step:997/1190 train_time:56506ms step_avg:56.68ms
step:998/1190 train_time:56589ms step_avg:56.70ms
step:999/1190 train_time:56658ms step_avg:56.71ms
step:1000/1190 train_time:56742ms step_avg:56.74ms
step:1000/1190 val_loss:3.35037541 train_time:56814ms step_avg:56.81ms
step:1001/1190 train_time:56853ms step_avg:56.80ms
step:1002/1190 train_time:56899ms step_avg:56.79ms
step:1003/1190 train_time:56969ms step_avg:56.80ms
step:1004/1190 train_time:57053ms step_avg:56.83ms
step:1005/1190 train_time:57123ms step_avg:56.84ms
step:1006/1190 train_time:57207ms step_avg:56.87ms
step:1007/1190 train_time:57275ms step_avg:56.88ms
step:1008/1190 train_time:57356ms step_avg:56.90ms
step:1009/1190 train_time:57426ms step_avg:56.91ms
step:1010/1190 train_time:57508ms step_avg:56.94ms
step:1011/1190 train_time:57576ms step_avg:56.95ms
step:1012/1190 train_time:57658ms step_avg:56.97ms
step:1013/1190 train_time:57726ms step_avg:56.98ms
step:1014/1190 train_time:57810ms step_avg:57.01ms
step:1015/1190 train_time:57878ms step_avg:57.02ms
step:1016/1190 train_time:57962ms step_avg:57.05ms
step:1017/1190 train_time:58032ms step_avg:57.06ms
step:1018/1190 train_time:58113ms step_avg:57.09ms
step:1019/1190 train_time:58183ms step_avg:57.10ms
step:1020/1190 train_time:58272ms step_avg:57.13ms
step:1021/1190 train_time:58338ms step_avg:57.14ms
step:1022/1190 train_time:58543ms step_avg:57.28ms
step:1023/1190 train_time:58615ms step_avg:57.30ms
step:1024/1190 train_time:58678ms step_avg:57.30ms
step:1025/1190 train_time:58751ms step_avg:57.32ms
step:1026/1190 train_time:58833ms step_avg:57.34ms
step:1027/1190 train_time:58900ms step_avg:57.35ms
step:1028/1190 train_time:58984ms step_avg:57.38ms
step:1029/1190 train_time:59051ms step_avg:57.39ms
step:1030/1190 train_time:59133ms step_avg:57.41ms
step:1031/1190 train_time:59201ms step_avg:57.42ms
step:1032/1190 train_time:59287ms step_avg:57.45ms
step:1033/1190 train_time:59356ms step_avg:57.46ms
step:1034/1190 train_time:59434ms step_avg:57.48ms
step:1035/1190 train_time:59506ms step_avg:57.49ms
step:1036/1190 train_time:59586ms step_avg:57.52ms
step:1037/1190 train_time:59656ms step_avg:57.53ms
step:1038/1190 train_time:59739ms step_avg:57.55ms
step:1039/1190 train_time:59808ms step_avg:57.56ms
step:1040/1190 train_time:59891ms step_avg:57.59ms
step:1041/1190 train_time:59961ms step_avg:57.60ms
step:1042/1190 train_time:60043ms step_avg:57.62ms
step:1043/1190 train_time:60111ms step_avg:57.63ms
step:1044/1190 train_time:60194ms step_avg:57.66ms
step:1045/1190 train_time:60262ms step_avg:57.67ms
step:1046/1190 train_time:60346ms step_avg:57.69ms
step:1047/1190 train_time:60414ms step_avg:57.70ms
step:1048/1190 train_time:60496ms step_avg:57.73ms
step:1049/1190 train_time:60564ms step_avg:57.74ms
step:1050/1190 train_time:60647ms step_avg:57.76ms
step:1051/1190 train_time:60716ms step_avg:57.77ms
step:1052/1190 train_time:60801ms step_avg:57.80ms
step:1053/1190 train_time:60867ms step_avg:57.80ms
step:1054/1190 train_time:60952ms step_avg:57.83ms
step:1055/1190 train_time:61018ms step_avg:57.84ms
step:1056/1190 train_time:61100ms step_avg:57.86ms
step:1057/1190 train_time:61170ms step_avg:57.87ms
step:1058/1190 train_time:61252ms step_avg:57.89ms
step:1059/1190 train_time:61321ms step_avg:57.90ms
step:1060/1190 train_time:61404ms step_avg:57.93ms
step:1061/1190 train_time:61473ms step_avg:57.94ms
step:1062/1190 train_time:61555ms step_avg:57.96ms
step:1063/1190 train_time:61625ms step_avg:57.97ms
step:1064/1190 train_time:61708ms step_avg:58.00ms
step:1065/1190 train_time:61778ms step_avg:58.01ms
step:1066/1190 train_time:61859ms step_avg:58.03ms
step:1067/1190 train_time:61930ms step_avg:58.04ms
step:1068/1190 train_time:62012ms step_avg:58.06ms
step:1069/1190 train_time:62081ms step_avg:58.07ms
step:1070/1190 train_time:62166ms step_avg:58.10ms
step:1071/1190 train_time:62233ms step_avg:58.11ms
step:1072/1190 train_time:62316ms step_avg:58.13ms
step:1073/1190 train_time:62384ms step_avg:58.14ms
step:1074/1190 train_time:62467ms step_avg:58.16ms
step:1075/1190 train_time:62535ms step_avg:58.17ms
step:1076/1190 train_time:62618ms step_avg:58.20ms
step:1077/1190 train_time:62686ms step_avg:58.20ms
step:1078/1190 train_time:62768ms step_avg:58.23ms
step:1079/1190 train_time:62838ms step_avg:58.24ms
step:1080/1190 train_time:62921ms step_avg:58.26ms
step:1081/1190 train_time:62990ms step_avg:58.27ms
step:1082/1190 train_time:63074ms step_avg:58.29ms
step:1083/1190 train_time:63143ms step_avg:58.30ms
step:1084/1190 train_time:63224ms step_avg:58.32ms
step:1085/1190 train_time:63292ms step_avg:58.33ms
step:1086/1190 train_time:63374ms step_avg:58.36ms
step:1087/1190 train_time:63444ms step_avg:58.37ms
step:1088/1190 train_time:63526ms step_avg:58.39ms
step:1089/1190 train_time:63593ms step_avg:58.40ms
step:1090/1190 train_time:63675ms step_avg:58.42ms
step:1091/1190 train_time:63745ms step_avg:58.43ms
step:1092/1190 train_time:63827ms step_avg:58.45ms
step:1093/1190 train_time:63896ms step_avg:58.46ms
step:1094/1190 train_time:63979ms step_avg:58.48ms
step:1095/1190 train_time:64049ms step_avg:58.49ms
step:1096/1190 train_time:64131ms step_avg:58.51ms
step:1097/1190 train_time:64199ms step_avg:58.52ms
step:1098/1190 train_time:64304ms step_avg:58.57ms
step:1099/1190 train_time:64374ms step_avg:58.57ms
step:1100/1190 train_time:64447ms step_avg:58.59ms
step:1101/1190 train_time:64514ms step_avg:58.60ms
step:1102/1190 train_time:64595ms step_avg:58.62ms
step:1103/1190 train_time:64662ms step_avg:58.62ms
step:1104/1190 train_time:64745ms step_avg:58.65ms
step:1105/1190 train_time:64813ms step_avg:58.65ms
step:1106/1190 train_time:64896ms step_avg:58.68ms
step:1107/1190 train_time:64963ms step_avg:58.68ms
step:1108/1190 train_time:65051ms step_avg:58.71ms
step:1109/1190 train_time:65115ms step_avg:58.72ms
step:1110/1190 train_time:65197ms step_avg:58.74ms
step:1111/1190 train_time:65269ms step_avg:58.75ms
step:1112/1190 train_time:65349ms step_avg:58.77ms
step:1113/1190 train_time:65419ms step_avg:58.78ms
step:1114/1190 train_time:65501ms step_avg:58.80ms
step:1115/1190 train_time:65576ms step_avg:58.81ms
step:1116/1190 train_time:65652ms step_avg:58.83ms
step:1117/1190 train_time:65721ms step_avg:58.84ms
step:1118/1190 train_time:65804ms step_avg:58.86ms
step:1119/1190 train_time:65879ms step_avg:58.87ms
step:1120/1190 train_time:65955ms step_avg:58.89ms
step:1121/1190 train_time:66020ms step_avg:58.89ms
step:1122/1190 train_time:66106ms step_avg:58.92ms
step:1123/1190 train_time:66174ms step_avg:58.93ms
step:1124/1190 train_time:66257ms step_avg:58.95ms
step:1125/1190 train_time:66325ms step_avg:58.96ms
step:1126/1190 train_time:66408ms step_avg:58.98ms
step:1127/1190 train_time:66475ms step_avg:58.98ms
step:1128/1190 train_time:66558ms step_avg:59.01ms
step:1129/1190 train_time:66625ms step_avg:59.01ms
step:1130/1190 train_time:66708ms step_avg:59.03ms
step:1131/1190 train_time:66779ms step_avg:59.04ms
step:1132/1190 train_time:66864ms step_avg:59.07ms
step:1133/1190 train_time:66932ms step_avg:59.07ms
step:1134/1190 train_time:67013ms step_avg:59.09ms
step:1135/1190 train_time:67083ms step_avg:59.10ms
step:1136/1190 train_time:67167ms step_avg:59.13ms
step:1137/1190 train_time:67235ms step_avg:59.13ms
step:1138/1190 train_time:67318ms step_avg:59.15ms
step:1139/1190 train_time:67386ms step_avg:59.16ms
step:1140/1190 train_time:67469ms step_avg:59.18ms
step:1141/1190 train_time:67538ms step_avg:59.19ms
step:1142/1190 train_time:67621ms step_avg:59.21ms
step:1143/1190 train_time:67690ms step_avg:59.22ms
step:1144/1190 train_time:67772ms step_avg:59.24ms
step:1145/1190 train_time:67843ms step_avg:59.25ms
step:1146/1190 train_time:67932ms step_avg:59.28ms
step:1147/1190 train_time:67995ms step_avg:59.28ms
step:1148/1190 train_time:68078ms step_avg:59.30ms
step:1149/1190 train_time:68145ms step_avg:59.31ms
step:1150/1190 train_time:68229ms step_avg:59.33ms
step:1151/1190 train_time:68296ms step_avg:59.34ms
step:1152/1190 train_time:68380ms step_avg:59.36ms
step:1153/1190 train_time:68448ms step_avg:59.37ms
step:1154/1190 train_time:68531ms step_avg:59.39ms
step:1155/1190 train_time:68598ms step_avg:59.39ms
step:1156/1190 train_time:68682ms step_avg:59.41ms
step:1157/1190 train_time:68750ms step_avg:59.42ms
step:1158/1190 train_time:68833ms step_avg:59.44ms
step:1159/1190 train_time:68902ms step_avg:59.45ms
step:1160/1190 train_time:68984ms step_avg:59.47ms
step:1161/1190 train_time:69053ms step_avg:59.48ms
step:1162/1190 train_time:69137ms step_avg:59.50ms
step:1163/1190 train_time:69204ms step_avg:59.50ms
step:1164/1190 train_time:69288ms step_avg:59.53ms
step:1165/1190 train_time:69355ms step_avg:59.53ms
step:1166/1190 train_time:69437ms step_avg:59.55ms
step:1167/1190 train_time:69506ms step_avg:59.56ms
step:1168/1190 train_time:69589ms step_avg:59.58ms
step:1169/1190 train_time:69659ms step_avg:59.59ms
step:1170/1190 train_time:69742ms step_avg:59.61ms
step:1171/1190 train_time:69811ms step_avg:59.62ms
step:1172/1190 train_time:69892ms step_avg:59.64ms
step:1173/1190 train_time:69963ms step_avg:59.64ms
step:1174/1190 train_time:70046ms step_avg:59.66ms
step:1175/1190 train_time:70114ms step_avg:59.67ms
step:1176/1190 train_time:70197ms step_avg:59.69ms
step:1177/1190 train_time:70265ms step_avg:59.70ms
step:1178/1190 train_time:70349ms step_avg:59.72ms
step:1179/1190 train_time:70417ms step_avg:59.73ms
step:1180/1190 train_time:70501ms step_avg:59.75ms
step:1181/1190 train_time:70569ms step_avg:59.75ms
step:1182/1190 train_time:70653ms step_avg:59.77ms
step:1183/1190 train_time:70721ms step_avg:59.78ms
step:1184/1190 train_time:70803ms step_avg:59.80ms
step:1185/1190 train_time:70872ms step_avg:59.81ms
step:1186/1190 train_time:70955ms step_avg:59.83ms
step:1187/1190 train_time:71023ms step_avg:59.83ms
step:1188/1190 train_time:71107ms step_avg:59.85ms
step:1189/1190 train_time:71176ms step_avg:59.86ms
step:1190/1190 train_time:71258ms step_avg:59.88ms
step:1190/1190 val_loss:3.27834988 train_time:71332ms step_avg:59.94ms
peak memory allocated: 32011 MiB reserved: 42700 MiB
