HARNESS_TRAINING_ENV={"OMP_NUM_THREADS": "1", "MKL_NUM_THREADS": "1", "torch_num_threads": 1, "torch_num_interop_threads": 43}
[Gloo] Rank 4 is connected to 7 peer ranks. Expected number of connected peer ranks is : 7
[Gloo] Rank 0 is connected to 7 peer ranks. Expected number of connected peer ranks is : 7
[Gloo] Rank 2 is connected to 7 peer ranks. Expected number of connected peer ranks is : 7
[Gloo] Rank 1 is connected to 7 peer ranks. Expected number of connected peer ranks is : 7
[Gloo] Rank [Gloo] Rank 3 is connected to 5 is connected to 77 peer ranks.  peer ranks. Expected number of connected peer ranks is : Expected number of connected peer ranks is : 77

[Gloo] Rank 7 is connected to 7 peer ranks. Expected number of connected peer ranks is : [Gloo] Rank 76
 is connected to 7 peer ranks. Expected number of connected peer ranks is : 7
/workspace/train_gpt.py:1084: UserWarning: Skipping publisher trust check for 'kernels-community/flash-attn3' because Hugging Face Hub is in offline mode.
  flash_attn_interface = get_kernel('kernels-community/flash-attn3', version=1).flash_attn_interface
/workspace/train_gpt.py:1084: UserWarning: Skipping publisher trust check for 'kernels-community/flash-attn3' because Hugging Face Hub is in offline mode.
  flash_attn_interface = get_kernel('kernels-community/flash-attn3', version=1).flash_attn_interface
/workspace/train_gpt.py:1084: UserWarning: Skipping publisher trust check for 'kernels-community/flash-attn3' because Hugging Face Hub is in offline mode.
  flash_attn_interface = get_kernel('kernels-community/flash-attn3', version=1).flash_attn_interface
/workspace/train_gpt.py:1084: UserWarning: Skipping publisher trust check for 'kernels-community/flash-attn3' because Hugging Face Hub is in offline mode.
  flash_attn_interface = get_kernel('kernels-community/flash-attn3', version=1).flash_attn_interface
/workspace/train_gpt.py:1084: UserWarning: Skipping publisher trust check for 'kernels-community/flash-attn3' because Hugging Face Hub is in offline mode.
  flash_attn_interface = get_kernel('kernels-community/flash-attn3', version=1).flash_attn_interface
/workspace/train_gpt.py:1084: UserWarning: Skipping publisher trust check for 'kernels-community/flash-attn3' because Hugging Face Hub is in offline mode.
  flash_attn_interface = get_kernel('kernels-community/flash-attn3', version=1).flash_attn_interface
/workspace/train_gpt.py:1084: UserWarning: Skipping publisher trust check for 'kernels-community/flash-attn3' because Hugging Face Hub is in offline mode.
  flash_attn_interface = get_kernel('kernels-community/flash-attn3', version=1).flash_attn_interface
/workspace/train_gpt.py:1084: UserWarning: Skipping publisher trust check for 'kernels-community/flash-attn3' because Hugging Face Hub is in offline mode.
  flash_attn_interface = get_kernel('kernels-community/flash-attn3', version=1).flash_attn_interface
logs/e12ed2e4-b9d9-40ad-b771-5cab28322c79.txt
Compiling model and warming up kernels (~7 minutes on first execution)
Sampling steps [0, 1, 281, 282, 283, 284, 705, 706, 707, 708, 1128, 1129, 1130, 1131] for warmup
Resetting Model
step:0/1190 val_loss:10.83046150 train_time:68ms step_avg:68.12ms
step:1/1190 train_time:225ms step_avg:224.70ms
step:2/1190 train_time:282ms step_avg:141.03ms
step:3/1190 train_time:323ms step_avg:107.77ms
step:4/1190 train_time:374ms step_avg:93.39ms
step:5/1190 train_time:417ms step_avg:83.45ms
step:6/1190 train_time:464ms step_avg:77.29ms
step:7/1190 train_time:504ms step_avg:72.07ms
step:8/1190 train_time:552ms step_avg:69.04ms
step:9/1190 train_time:597ms step_avg:66.35ms
step:10/1190 train_time:646ms step_avg:64.57ms
step:11/1190 train_time:686ms step_avg:62.41ms
step:12/1190 train_time:730ms step_avg:60.80ms
step:13/1190 train_time:769ms step_avg:59.17ms
step:14/1190 train_time:822ms step_avg:58.68ms
step:15/1190 train_time:860ms step_avg:57.30ms
step:16/1190 train_time:907ms step_avg:56.67ms
step:17/1190 train_time:941ms step_avg:55.38ms
step:18/1190 train_time:987ms step_avg:54.83ms
step:19/1190 train_time:1028ms step_avg:54.12ms
step:20/1190 train_time:1074ms step_avg:53.68ms
step:21/1190 train_time:1110ms step_avg:52.84ms
step:22/1190 train_time:1154ms step_avg:52.47ms
step:23/1190 train_time:1194ms step_avg:51.90ms
step:24/1190 train_time:1240ms step_avg:51.68ms
step:25/1190 train_time:1279ms step_avg:51.15ms
step:26/1190 train_time:1327ms step_avg:51.03ms
step:27/1190 train_time:1365ms step_avg:50.56ms
step:28/1190 train_time:1411ms step_avg:50.38ms
step:29/1190 train_time:1450ms step_avg:49.99ms
step:30/1190 train_time:1497ms step_avg:49.89ms
step:31/1190 train_time:1539ms step_avg:49.64ms
step:32/1190 train_time:1584ms step_avg:49.51ms
step:33/1190 train_time:1625ms step_avg:49.25ms
step:34/1190 train_time:1668ms step_avg:49.05ms
step:35/1190 train_time:1707ms step_avg:48.76ms
step:36/1190 train_time:1751ms step_avg:48.64ms
step:37/1190 train_time:1790ms step_avg:48.37ms
step:38/1190 train_time:1838ms step_avg:48.36ms
step:39/1190 train_time:1876ms step_avg:48.11ms
step:40/1190 train_time:1923ms step_avg:48.08ms
step:41/1190 train_time:1963ms step_avg:47.88ms
step:42/1190 train_time:2008ms step_avg:47.81ms
step:43/1190 train_time:2049ms step_avg:47.66ms
step:44/1190 train_time:2097ms step_avg:47.67ms
step:45/1190 train_time:2135ms step_avg:47.45ms
step:46/1190 train_time:2179ms step_avg:47.37ms
step:47/1190 train_time:2217ms step_avg:47.17ms
step:48/1190 train_time:2262ms step_avg:47.12ms
step:49/1190 train_time:2300ms step_avg:46.94ms
step:50/1190 train_time:2347ms step_avg:46.94ms
step:51/1190 train_time:2384ms step_avg:46.74ms
step:52/1190 train_time:2433ms step_avg:46.79ms
step:53/1190 train_time:2470ms step_avg:46.61ms
step:54/1190 train_time:2518ms step_avg:46.63ms
step:55/1190 train_time:2557ms step_avg:46.49ms
step:56/1190 train_time:2603ms step_avg:46.49ms
step:57/1190 train_time:2641ms step_avg:46.34ms
step:58/1190 train_time:2689ms step_avg:46.36ms
step:59/1190 train_time:2729ms step_avg:46.25ms
step:60/1190 train_time:2774ms step_avg:46.24ms
step:61/1190 train_time:2814ms step_avg:46.13ms
step:62/1190 train_time:2859ms step_avg:46.12ms
step:63/1190 train_time:2897ms step_avg:45.98ms
step:64/1190 train_time:2945ms step_avg:46.01ms
step:65/1190 train_time:2980ms step_avg:45.85ms
step:66/1190 train_time:3021ms step_avg:45.77ms
step:67/1190 train_time:3061ms step_avg:45.68ms
step:68/1190 train_time:3108ms step_avg:45.71ms
step:69/1190 train_time:3148ms step_avg:45.62ms
step:70/1190 train_time:3194ms step_avg:45.63ms
step:71/1190 train_time:3232ms step_avg:45.52ms
step:72/1190 train_time:3274ms step_avg:45.48ms
step:73/1190 train_time:3313ms step_avg:45.38ms
step:74/1190 train_time:3360ms step_avg:45.40ms
step:75/1190 train_time:3398ms step_avg:45.31ms
step:76/1190 train_time:3445ms step_avg:45.33ms
step:77/1190 train_time:3484ms step_avg:45.24ms
step:78/1190 train_time:3529ms step_avg:45.24ms
step:79/1190 train_time:3569ms step_avg:45.18ms
step:80/1190 train_time:3614ms step_avg:45.18ms
step:81/1190 train_time:3654ms step_avg:45.11ms
step:82/1190 train_time:3700ms step_avg:45.12ms
step:83/1190 train_time:3738ms step_avg:45.04ms
step:84/1190 train_time:3784ms step_avg:45.05ms
step:85/1190 train_time:3823ms step_avg:44.98ms
step:86/1190 train_time:3871ms step_avg:45.01ms
step:87/1190 train_time:3908ms step_avg:44.92ms
step:88/1190 train_time:3955ms step_avg:44.95ms
step:89/1190 train_time:3994ms step_avg:44.87ms
step:90/1190 train_time:4041ms step_avg:44.90ms
step:91/1190 train_time:4081ms step_avg:44.85ms
step:92/1190 train_time:4128ms step_avg:44.87ms
step:93/1190 train_time:4168ms step_avg:44.82ms
step:94/1190 train_time:4213ms step_avg:44.81ms
step:95/1190 train_time:4251ms step_avg:44.74ms
step:96/1190 train_time:4296ms step_avg:44.75ms
step:97/1190 train_time:4334ms step_avg:44.68ms
step:98/1190 train_time:4379ms step_avg:44.68ms
step:99/1190 train_time:4418ms step_avg:44.62ms
step:100/1190 train_time:4466ms step_avg:44.66ms
step:101/1190 train_time:4505ms step_avg:44.60ms
step:102/1190 train_time:4551ms step_avg:44.62ms
step:103/1190 train_time:4589ms step_avg:44.55ms
step:104/1190 train_time:4634ms step_avg:44.56ms
step:105/1190 train_time:4671ms step_avg:44.48ms
step:106/1190 train_time:4715ms step_avg:44.48ms
step:107/1190 train_time:4756ms step_avg:44.45ms
step:108/1190 train_time:4801ms step_avg:44.45ms
step:109/1190 train_time:4841ms step_avg:44.41ms
step:110/1190 train_time:4885ms step_avg:44.41ms
step:111/1190 train_time:4924ms step_avg:44.36ms
step:112/1190 train_time:4971ms step_avg:44.38ms
step:113/1190 train_time:5008ms step_avg:44.32ms
step:114/1190 train_time:5051ms step_avg:44.30ms
step:115/1190 train_time:5090ms step_avg:44.26ms
step:116/1190 train_time:5139ms step_avg:44.30ms
step:117/1190 train_time:5179ms step_avg:44.26ms
step:118/1190 train_time:5225ms step_avg:44.28ms
step:119/1190 train_time:5266ms step_avg:44.25ms
step:120/1190 train_time:5312ms step_avg:44.26ms
step:121/1190 train_time:5350ms step_avg:44.22ms
step:122/1190 train_time:5394ms step_avg:44.21ms
step:123/1190 train_time:5430ms step_avg:44.15ms
step:124/1190 train_time:5477ms step_avg:44.17ms
step:125/1190 train_time:5518ms step_avg:44.14ms
step:126/1190 train_time:5563ms step_avg:44.15ms
step:127/1190 train_time:5603ms step_avg:44.12ms
step:128/1190 train_time:5651ms step_avg:44.15ms
step:129/1190 train_time:5690ms step_avg:44.11ms
step:130/1190 train_time:5737ms step_avg:44.13ms
step:131/1190 train_time:5776ms step_avg:44.09ms
step:132/1190 train_time:5821ms step_avg:44.10ms
step:133/1190 train_time:5861ms step_avg:44.07ms
step:134/1190 train_time:5907ms step_avg:44.08ms
step:135/1190 train_time:5947ms step_avg:44.05ms
step:136/1190 train_time:5992ms step_avg:44.06ms
step:137/1190 train_time:6031ms step_avg:44.02ms
step:138/1190 train_time:6078ms step_avg:44.05ms
step:139/1190 train_time:6117ms step_avg:44.00ms
step:140/1190 train_time:6164ms step_avg:44.03ms
step:141/1190 train_time:6202ms step_avg:43.99ms
step:142/1190 train_time:6249ms step_avg:44.01ms
step:143/1190 train_time:6287ms step_avg:43.96ms
step:144/1190 train_time:6332ms step_avg:43.97ms
step:145/1190 train_time:6372ms step_avg:43.94ms
step:146/1190 train_time:6420ms step_avg:43.97ms
step:147/1190 train_time:6460ms step_avg:43.95ms
step:148/1190 train_time:6506ms step_avg:43.96ms
step:149/1190 train_time:6546ms step_avg:43.93ms
step:150/1190 train_time:6592ms step_avg:43.95ms
step:151/1190 train_time:6631ms step_avg:43.92ms
step:152/1190 train_time:6676ms step_avg:43.92ms
step:153/1190 train_time:6715ms step_avg:43.89ms
step:154/1190 train_time:6762ms step_avg:43.91ms
step:155/1190 train_time:6800ms step_avg:43.87ms
step:156/1190 train_time:6846ms step_avg:43.89ms
step:157/1190 train_time:6888ms step_avg:43.87ms
step:158/1190 train_time:6934ms step_avg:43.89ms
step:159/1190 train_time:6973ms step_avg:43.86ms
step:160/1190 train_time:7020ms step_avg:43.88ms
step:161/1190 train_time:7060ms step_avg:43.85ms
step:162/1190 train_time:7107ms step_avg:43.87ms
step:163/1190 train_time:7147ms step_avg:43.84ms
step:164/1190 train_time:7195ms step_avg:43.87ms
step:165/1190 train_time:7234ms step_avg:43.84ms
step:166/1190 train_time:7281ms step_avg:43.86ms
step:167/1190 train_time:7320ms step_avg:43.83ms
step:168/1190 train_time:7367ms step_avg:43.85ms
step:169/1190 train_time:7404ms step_avg:43.81ms
step:170/1190 train_time:7449ms step_avg:43.81ms
step:171/1190 train_time:7490ms step_avg:43.80ms
step:172/1190 train_time:7535ms step_avg:43.81ms
step:173/1190 train_time:7575ms step_avg:43.78ms
step:174/1190 train_time:7621ms step_avg:43.80ms
step:175/1190 train_time:7660ms step_avg:43.77ms
step:176/1190 train_time:7706ms step_avg:43.79ms
step:177/1190 train_time:7744ms step_avg:43.75ms
step:178/1190 train_time:7793ms step_avg:43.78ms
step:179/1190 train_time:7832ms step_avg:43.75ms
step:180/1190 train_time:7878ms step_avg:43.77ms
step:181/1190 train_time:7917ms step_avg:43.74ms
step:182/1190 train_time:7961ms step_avg:43.74ms
step:183/1190 train_time:8003ms step_avg:43.73ms
step:184/1190 train_time:8045ms step_avg:43.72ms
step:185/1190 train_time:8085ms step_avg:43.71ms
step:186/1190 train_time:8132ms step_avg:43.72ms
step:187/1190 train_time:8168ms step_avg:43.68ms
step:188/1190 train_time:8213ms step_avg:43.69ms
step:189/1190 train_time:8251ms step_avg:43.66ms
step:190/1190 train_time:8297ms step_avg:43.67ms
step:191/1190 train_time:8336ms step_avg:43.64ms
step:192/1190 train_time:8382ms step_avg:43.65ms
step:193/1190 train_time:8418ms step_avg:43.62ms
step:194/1190 train_time:8463ms step_avg:43.62ms
step:195/1190 train_time:8503ms step_avg:43.60ms
step:196/1190 train_time:8550ms step_avg:43.62ms
step:197/1190 train_time:8588ms step_avg:43.59ms
step:198/1190 train_time:8629ms step_avg:43.58ms
step:199/1190 train_time:8666ms step_avg:43.55ms
step:200/1190 train_time:8715ms step_avg:43.58ms
step:201/1190 train_time:8755ms step_avg:43.56ms
step:202/1190 train_time:8802ms step_avg:43.57ms
step:203/1190 train_time:8840ms step_avg:43.55ms
step:204/1190 train_time:8885ms step_avg:43.56ms
step:205/1190 train_time:8925ms step_avg:43.54ms
step:206/1190 train_time:8970ms step_avg:43.54ms
step:207/1190 train_time:9008ms step_avg:43.52ms
step:208/1190 train_time:9055ms step_avg:43.53ms
step:209/1190 train_time:9093ms step_avg:43.51ms
step:210/1190 train_time:9137ms step_avg:43.51ms
step:211/1190 train_time:9177ms step_avg:43.49ms
step:212/1190 train_time:9225ms step_avg:43.51ms
step:213/1190 train_time:9264ms step_avg:43.49ms
step:214/1190 train_time:9313ms step_avg:43.52ms
step:215/1190 train_time:9352ms step_avg:43.50ms
step:216/1190 train_time:9398ms step_avg:43.51ms
step:217/1190 train_time:9437ms step_avg:43.49ms
step:218/1190 train_time:9483ms step_avg:43.50ms
step:219/1190 train_time:9522ms step_avg:43.48ms
step:220/1190 train_time:9567ms step_avg:43.49ms
step:221/1190 train_time:9607ms step_avg:43.47ms
step:222/1190 train_time:9650ms step_avg:43.47ms
step:223/1190 train_time:9687ms step_avg:43.44ms
step:224/1190 train_time:9730ms step_avg:43.44ms
step:225/1190 train_time:9769ms step_avg:43.42ms
step:226/1190 train_time:9815ms step_avg:43.43ms
step:227/1190 train_time:9855ms step_avg:43.42ms
step:228/1190 train_time:9902ms step_avg:43.43ms
step:229/1190 train_time:9943ms step_avg:43.42ms
step:230/1190 train_time:9987ms step_avg:43.42ms
step:231/1190 train_time:10025ms step_avg:43.40ms
step:232/1190 train_time:10070ms step_avg:43.41ms
step:233/1190 train_time:10110ms step_avg:43.39ms
step:234/1190 train_time:10156ms step_avg:43.40ms
step:235/1190 train_time:10196ms step_avg:43.39ms
step:236/1190 train_time:10243ms step_avg:43.40ms
step:237/1190 train_time:10282ms step_avg:43.38ms
step:238/1190 train_time:10330ms step_avg:43.40ms
step:239/1190 train_time:10369ms step_avg:43.39ms
step:240/1190 train_time:10415ms step_avg:43.40ms
step:241/1190 train_time:10455ms step_avg:43.38ms
step:242/1190 train_time:10502ms step_avg:43.40ms
step:243/1190 train_time:10541ms step_avg:43.38ms
step:244/1190 train_time:10587ms step_avg:43.39ms
step:245/1190 train_time:10629ms step_avg:43.39ms
step:246/1190 train_time:10675ms step_avg:43.40ms
step:247/1190 train_time:10718ms step_avg:43.39ms
step:248/1190 train_time:10764ms step_avg:43.40ms
step:249/1190 train_time:10805ms step_avg:43.39ms
step:250/1190 train_time:10851ms step_avg:43.40ms
step:250/1190 val_loss:4.38267136 train_time:10856ms step_avg:43.42ms
step:251/1190 train_time:10895ms step_avg:43.41ms
step:252/1190 train_time:10939ms step_avg:43.41ms
step:253/1190 train_time:10978ms step_avg:43.39ms
step:254/1190 train_time:11025ms step_avg:43.41ms
step:255/1190 train_time:11064ms step_avg:43.39ms
step:256/1190 train_time:11109ms step_avg:43.39ms
step:257/1190 train_time:11146ms step_avg:43.37ms
step:258/1190 train_time:11192ms step_avg:43.38ms
step:259/1190 train_time:11232ms step_avg:43.37ms
step:260/1190 train_time:11279ms step_avg:43.38ms
step:261/1190 train_time:11318ms step_avg:43.36ms
step:262/1190 train_time:11360ms step_avg:43.36ms
step:263/1190 train_time:11400ms step_avg:43.35ms
step:264/1190 train_time:11445ms step_avg:43.35ms
step:265/1190 train_time:11482ms step_avg:43.33ms
step:266/1190 train_time:11530ms step_avg:43.35ms
step:267/1190 train_time:11569ms step_avg:43.33ms
step:268/1190 train_time:11616ms step_avg:43.34ms
step:269/1190 train_time:11653ms step_avg:43.32ms
step:270/1190 train_time:11699ms step_avg:43.33ms
step:271/1190 train_time:11738ms step_avg:43.31ms
step:272/1190 train_time:11785ms step_avg:43.33ms
step:273/1190 train_time:11824ms step_avg:43.31ms
step:274/1190 train_time:11869ms step_avg:43.32ms
step:275/1190 train_time:11908ms step_avg:43.30ms
step:276/1190 train_time:11951ms step_avg:43.30ms
step:277/1190 train_time:11991ms step_avg:43.29ms
step:278/1190 train_time:12039ms step_avg:43.31ms
step:279/1190 train_time:12079ms step_avg:43.29ms
step:280/1190 train_time:12128ms step_avg:43.32ms
step:281/1190 train_time:12167ms step_avg:43.30ms
step:282/1190 train_time:12211ms step_avg:43.30ms
step:283/1190 train_time:12251ms step_avg:43.29ms
step:284/1190 train_time:12297ms step_avg:43.30ms
step:285/1190 train_time:12336ms step_avg:43.29ms
step:286/1190 train_time:12383ms step_avg:43.30ms
step:287/1190 train_time:12423ms step_avg:43.29ms
step:288/1190 train_time:12476ms step_avg:43.32ms
step:289/1190 train_time:12520ms step_avg:43.32ms
step:290/1190 train_time:12581ms step_avg:43.38ms
step:291/1190 train_time:12625ms step_avg:43.38ms
step:292/1190 train_time:12686ms step_avg:43.45ms
step:293/1190 train_time:12731ms step_avg:43.45ms
step:294/1190 train_time:12790ms step_avg:43.50ms
step:295/1190 train_time:12836ms step_avg:43.51ms
step:296/1190 train_time:12896ms step_avg:43.57ms
step:297/1190 train_time:12939ms step_avg:43.57ms
step:298/1190 train_time:13000ms step_avg:43.62ms
step:299/1190 train_time:13046ms step_avg:43.63ms
step:300/1190 train_time:13105ms step_avg:43.68ms
step:301/1190 train_time:13149ms step_avg:43.68ms
step:302/1190 train_time:13209ms step_avg:43.74ms
step:303/1190 train_time:13255ms step_avg:43.75ms
step:304/1190 train_time:13317ms step_avg:43.80ms
step:305/1190 train_time:13360ms step_avg:43.80ms
step:306/1190 train_time:13421ms step_avg:43.86ms
step:307/1190 train_time:13465ms step_avg:43.86ms
step:308/1190 train_time:13527ms step_avg:43.92ms
step:309/1190 train_time:13570ms step_avg:43.92ms
step:310/1190 train_time:13635ms step_avg:43.98ms
step:311/1190 train_time:13674ms step_avg:43.97ms
step:312/1190 train_time:13735ms step_avg:44.02ms
step:313/1190 train_time:13781ms step_avg:44.03ms
step:314/1190 train_time:13840ms step_avg:44.07ms
step:315/1190 train_time:13884ms step_avg:44.07ms
step:316/1190 train_time:13946ms step_avg:44.13ms
step:317/1190 train_time:13992ms step_avg:44.14ms
step:318/1190 train_time:14050ms step_avg:44.18ms
step:319/1190 train_time:14096ms step_avg:44.19ms
step:320/1190 train_time:14158ms step_avg:44.24ms
step:321/1190 train_time:14201ms step_avg:44.24ms
step:322/1190 train_time:14262ms step_avg:44.29ms
step:323/1190 train_time:14304ms step_avg:44.29ms
step:324/1190 train_time:14367ms step_avg:44.34ms
step:325/1190 train_time:14411ms step_avg:44.34ms
step:326/1190 train_time:14469ms step_avg:44.38ms
step:327/1190 train_time:14514ms step_avg:44.39ms
step:328/1190 train_time:14576ms step_avg:44.44ms
step:329/1190 train_time:14620ms step_avg:44.44ms
step:330/1190 train_time:14681ms step_avg:44.49ms
step:331/1190 train_time:14726ms step_avg:44.49ms
step:332/1190 train_time:14786ms step_avg:44.54ms
step:333/1190 train_time:14831ms step_avg:44.54ms
step:334/1190 train_time:14890ms step_avg:44.58ms
step:335/1190 train_time:14936ms step_avg:44.58ms
step:336/1190 train_time:14996ms step_avg:44.63ms
step:337/1190 train_time:15058ms step_avg:44.68ms
step:338/1190 train_time:15106ms step_avg:44.69ms
step:339/1190 train_time:15152ms step_avg:44.70ms
step:340/1190 train_time:15210ms step_avg:44.73ms
step:341/1190 train_time:15254ms step_avg:44.73ms
step:342/1190 train_time:15312ms step_avg:44.77ms
step:343/1190 train_time:15358ms step_avg:44.77ms
step:344/1190 train_time:15417ms step_avg:44.82ms
step:345/1190 train_time:15463ms step_avg:44.82ms
step:346/1190 train_time:15524ms step_avg:44.87ms
step:347/1190 train_time:15569ms step_avg:44.87ms
step:348/1190 train_time:15627ms step_avg:44.90ms
step:349/1190 train_time:15673ms step_avg:44.91ms
step:350/1190 train_time:15731ms step_avg:44.95ms
step:351/1190 train_time:15777ms step_avg:44.95ms
step:352/1190 train_time:15839ms step_avg:45.00ms
step:353/1190 train_time:15883ms step_avg:44.99ms
step:354/1190 train_time:15945ms step_avg:45.04ms
step:355/1190 train_time:15987ms step_avg:45.03ms
step:356/1190 train_time:16048ms step_avg:45.08ms
step:357/1190 train_time:16092ms step_avg:45.07ms
step:358/1190 train_time:16153ms step_avg:45.12ms
step:359/1190 train_time:16197ms step_avg:45.12ms
step:360/1190 train_time:16257ms step_avg:45.16ms
step:361/1190 train_time:16302ms step_avg:45.16ms
step:362/1190 train_time:16360ms step_avg:45.19ms
step:363/1190 train_time:16407ms step_avg:45.20ms
step:364/1190 train_time:16468ms step_avg:45.24ms
step:365/1190 train_time:16511ms step_avg:45.24ms
step:366/1190 train_time:16571ms step_avg:45.28ms
step:367/1190 train_time:16616ms step_avg:45.28ms
step:368/1190 train_time:16678ms step_avg:45.32ms
step:369/1190 train_time:16721ms step_avg:45.31ms
step:370/1190 train_time:16781ms step_avg:45.36ms
step:371/1190 train_time:16827ms step_avg:45.35ms
step:372/1190 train_time:16887ms step_avg:45.40ms
step:373/1190 train_time:16931ms step_avg:45.39ms
step:374/1190 train_time:16990ms step_avg:45.43ms
step:375/1190 train_time:17036ms step_avg:45.43ms
step:376/1190 train_time:17098ms step_avg:45.47ms
step:377/1190 train_time:17143ms step_avg:45.47ms
step:378/1190 train_time:17201ms step_avg:45.51ms
step:379/1190 train_time:17246ms step_avg:45.51ms
step:380/1190 train_time:17306ms step_avg:45.54ms
step:381/1190 train_time:17350ms step_avg:45.54ms
step:382/1190 train_time:17412ms step_avg:45.58ms
step:383/1190 train_time:17458ms step_avg:45.58ms
step:384/1190 train_time:17517ms step_avg:45.62ms
step:385/1190 train_time:17563ms step_avg:45.62ms
step:386/1190 train_time:17622ms step_avg:45.65ms
step:387/1190 train_time:17667ms step_avg:45.65ms
step:388/1190 train_time:17728ms step_avg:45.69ms
step:389/1190 train_time:17773ms step_avg:45.69ms
step:390/1190 train_time:17832ms step_avg:45.72ms
step:391/1190 train_time:17878ms step_avg:45.72ms
step:392/1190 train_time:17936ms step_avg:45.76ms
step:393/1190 train_time:17982ms step_avg:45.75ms
step:394/1190 train_time:18042ms step_avg:45.79ms
step:395/1190 train_time:18087ms step_avg:45.79ms
step:396/1190 train_time:18146ms step_avg:45.82ms
step:397/1190 train_time:18191ms step_avg:45.82ms
step:398/1190 train_time:18251ms step_avg:45.86ms
step:399/1190 train_time:18296ms step_avg:45.85ms
step:400/1190 train_time:18358ms step_avg:45.89ms
step:401/1190 train_time:18401ms step_avg:45.89ms
step:402/1190 train_time:18463ms step_avg:45.93ms
step:403/1190 train_time:18507ms step_avg:45.92ms
step:404/1190 train_time:18568ms step_avg:45.96ms
step:405/1190 train_time:18610ms step_avg:45.95ms
step:406/1190 train_time:18671ms step_avg:45.99ms
step:407/1190 train_time:18718ms step_avg:45.99ms
step:408/1190 train_time:18777ms step_avg:46.02ms
step:409/1190 train_time:18822ms step_avg:46.02ms
step:410/1190 train_time:18880ms step_avg:46.05ms
step:411/1190 train_time:18927ms step_avg:46.05ms
step:412/1190 train_time:18986ms step_avg:46.08ms
step:413/1190 train_time:19030ms step_avg:46.08ms
step:414/1190 train_time:19093ms step_avg:46.12ms
step:415/1190 train_time:19137ms step_avg:46.11ms
step:416/1190 train_time:19197ms step_avg:46.15ms
step:417/1190 train_time:19242ms step_avg:46.14ms
step:418/1190 train_time:19301ms step_avg:46.17ms
step:419/1190 train_time:19348ms step_avg:46.18ms
step:420/1190 train_time:19408ms step_avg:46.21ms
step:421/1190 train_time:19452ms step_avg:46.20ms
step:422/1190 train_time:19513ms step_avg:46.24ms
step:423/1190 train_time:19557ms step_avg:46.23ms
step:424/1190 train_time:19617ms step_avg:46.27ms
step:425/1190 train_time:19662ms step_avg:46.26ms
step:426/1190 train_time:19722ms step_avg:46.29ms
step:427/1190 train_time:19768ms step_avg:46.29ms
step:428/1190 train_time:19825ms step_avg:46.32ms
step:429/1190 train_time:19874ms step_avg:46.33ms
step:430/1190 train_time:19932ms step_avg:46.35ms
step:431/1190 train_time:19978ms step_avg:46.35ms
step:432/1190 train_time:20036ms step_avg:46.38ms
step:433/1190 train_time:20083ms step_avg:46.38ms
step:434/1190 train_time:20142ms step_avg:46.41ms
step:435/1190 train_time:20188ms step_avg:46.41ms
step:436/1190 train_time:20248ms step_avg:46.44ms
step:437/1190 train_time:20293ms step_avg:46.44ms
step:438/1190 train_time:20353ms step_avg:46.47ms
step:439/1190 train_time:20398ms step_avg:46.47ms
step:440/1190 train_time:20459ms step_avg:46.50ms
step:441/1190 train_time:20504ms step_avg:46.49ms
step:442/1190 train_time:20564ms step_avg:46.52ms
step:443/1190 train_time:20608ms step_avg:46.52ms
step:444/1190 train_time:20667ms step_avg:46.55ms
step:445/1190 train_time:20713ms step_avg:46.55ms
step:446/1190 train_time:20774ms step_avg:46.58ms
step:447/1190 train_time:20819ms step_avg:46.57ms
step:448/1190 train_time:20878ms step_avg:46.60ms
step:449/1190 train_time:20922ms step_avg:46.60ms
step:450/1190 train_time:20983ms step_avg:46.63ms
step:451/1190 train_time:21029ms step_avg:46.63ms
step:452/1190 train_time:21089ms step_avg:46.66ms
step:453/1190 train_time:21132ms step_avg:46.65ms
step:454/1190 train_time:21193ms step_avg:46.68ms
step:455/1190 train_time:21238ms step_avg:46.68ms
step:456/1190 train_time:21299ms step_avg:46.71ms
step:457/1190 train_time:21344ms step_avg:46.70ms
step:458/1190 train_time:21405ms step_avg:46.74ms
step:459/1190 train_time:21450ms step_avg:46.73ms
step:460/1190 train_time:21511ms step_avg:46.76ms
step:461/1190 train_time:21555ms step_avg:46.76ms
step:462/1190 train_time:21615ms step_avg:46.79ms
step:463/1190 train_time:21660ms step_avg:46.78ms
step:464/1190 train_time:21719ms step_avg:46.81ms
step:465/1190 train_time:21765ms step_avg:46.81ms
step:466/1190 train_time:21826ms step_avg:46.84ms
step:467/1190 train_time:21870ms step_avg:46.83ms
step:468/1190 train_time:21928ms step_avg:46.85ms
step:469/1190 train_time:21974ms step_avg:46.85ms
step:470/1190 train_time:22033ms step_avg:46.88ms
step:471/1190 train_time:22080ms step_avg:46.88ms
step:472/1190 train_time:22139ms step_avg:46.90ms
step:473/1190 train_time:22185ms step_avg:46.90ms
step:474/1190 train_time:22243ms step_avg:46.93ms
step:475/1190 train_time:22289ms step_avg:46.92ms
step:476/1190 train_time:22349ms step_avg:46.95ms
step:477/1190 train_time:22393ms step_avg:46.95ms
step:478/1190 train_time:22455ms step_avg:46.98ms
step:479/1190 train_time:22501ms step_avg:46.97ms
step:480/1190 train_time:22561ms step_avg:47.00ms
step:481/1190 train_time:22606ms step_avg:47.00ms
step:482/1190 train_time:22666ms step_avg:47.03ms
step:483/1190 train_time:22711ms step_avg:47.02ms
step:484/1190 train_time:22771ms step_avg:47.05ms
step:485/1190 train_time:22816ms step_avg:47.04ms
step:486/1190 train_time:22875ms step_avg:47.07ms
step:487/1190 train_time:22920ms step_avg:47.06ms
step:488/1190 train_time:22980ms step_avg:47.09ms
step:489/1190 train_time:23025ms step_avg:47.09ms
step:490/1190 train_time:23087ms step_avg:47.12ms
step:491/1190 train_time:23132ms step_avg:47.11ms
step:492/1190 train_time:23191ms step_avg:47.14ms
step:493/1190 train_time:23235ms step_avg:47.13ms
step:494/1190 train_time:23297ms step_avg:47.16ms
step:495/1190 train_time:23340ms step_avg:47.15ms
step:496/1190 train_time:23403ms step_avg:47.18ms
step:497/1190 train_time:23447ms step_avg:47.18ms
step:498/1190 train_time:23508ms step_avg:47.21ms
step:499/1190 train_time:23554ms step_avg:47.20ms
step:500/1190 train_time:23611ms step_avg:47.22ms
step:500/1190 val_loss:3.88206053 train_time:23660ms step_avg:47.32ms
step:501/1190 train_time:23700ms step_avg:47.31ms
step:502/1190 train_time:23749ms step_avg:47.31ms
step:503/1190 train_time:23789ms step_avg:47.29ms
step:504/1190 train_time:23836ms step_avg:47.29ms
step:505/1190 train_time:23876ms step_avg:47.28ms
step:506/1190 train_time:23938ms step_avg:47.31ms
step:507/1190 train_time:23983ms step_avg:47.30ms
step:508/1190 train_time:24044ms step_avg:47.33ms
step:509/1190 train_time:24089ms step_avg:47.33ms
step:510/1190 train_time:24150ms step_avg:47.35ms
step:511/1190 train_time:24194ms step_avg:47.35ms
step:512/1190 train_time:24254ms step_avg:47.37ms
step:513/1190 train_time:24300ms step_avg:47.37ms
step:514/1190 train_time:24361ms step_avg:47.40ms
step:515/1190 train_time:24403ms step_avg:47.38ms
step:516/1190 train_time:24464ms step_avg:47.41ms
step:517/1190 train_time:24509ms step_avg:47.41ms
step:518/1190 train_time:24569ms step_avg:47.43ms
step:519/1190 train_time:24614ms step_avg:47.43ms
step:520/1190 train_time:24673ms step_avg:47.45ms
step:521/1190 train_time:24719ms step_avg:47.44ms
step:522/1190 train_time:24780ms step_avg:47.47ms
step:523/1190 train_time:24825ms step_avg:47.47ms
step:524/1190 train_time:24884ms step_avg:47.49ms
step:525/1190 train_time:24930ms step_avg:47.49ms
step:526/1190 train_time:24991ms step_avg:47.51ms
step:527/1190 train_time:25036ms step_avg:47.51ms
step:528/1190 train_time:25098ms step_avg:47.53ms
step:529/1190 train_time:25140ms step_avg:47.52ms
step:530/1190 train_time:25200ms step_avg:47.55ms
step:531/1190 train_time:25246ms step_avg:47.54ms
step:532/1190 train_time:25305ms step_avg:47.57ms
step:533/1190 train_time:25351ms step_avg:47.56ms
step:534/1190 train_time:25410ms step_avg:47.58ms
step:535/1190 train_time:25456ms step_avg:47.58ms
step:536/1190 train_time:25515ms step_avg:47.60ms
step:537/1190 train_time:25562ms step_avg:47.60ms
step:538/1190 train_time:25619ms step_avg:47.62ms
step:539/1190 train_time:25665ms step_avg:47.62ms
step:540/1190 train_time:25726ms step_avg:47.64ms
step:541/1190 train_time:25770ms step_avg:47.63ms
step:542/1190 train_time:25830ms step_avg:47.66ms
step:543/1190 train_time:25877ms step_avg:47.66ms
step:544/1190 train_time:25934ms step_avg:47.67ms
step:545/1190 train_time:25981ms step_avg:47.67ms
step:546/1190 train_time:26039ms step_avg:47.69ms
step:547/1190 train_time:26088ms step_avg:47.69ms
step:548/1190 train_time:26146ms step_avg:47.71ms
step:549/1190 train_time:26193ms step_avg:47.71ms
step:550/1190 train_time:26252ms step_avg:47.73ms
step:551/1190 train_time:26297ms step_avg:47.73ms
step:552/1190 train_time:26358ms step_avg:47.75ms
step:553/1190 train_time:26403ms step_avg:47.74ms
step:554/1190 train_time:26463ms step_avg:47.77ms
step:555/1190 train_time:26508ms step_avg:47.76ms
step:556/1190 train_time:26566ms step_avg:47.78ms
step:557/1190 train_time:26614ms step_avg:47.78ms
step:558/1190 train_time:26673ms step_avg:47.80ms
step:559/1190 train_time:26717ms step_avg:47.79ms
step:560/1190 train_time:26779ms step_avg:47.82ms
step:561/1190 train_time:26823ms step_avg:47.81ms
step:562/1190 train_time:26884ms step_avg:47.84ms
step:563/1190 train_time:26927ms step_avg:47.83ms
step:564/1190 train_time:26988ms step_avg:47.85ms
step:565/1190 train_time:27033ms step_avg:47.85ms
step:566/1190 train_time:27094ms step_avg:47.87ms
step:567/1190 train_time:27139ms step_avg:47.86ms
step:568/1190 train_time:27199ms step_avg:47.89ms
step:569/1190 train_time:27244ms step_avg:47.88ms
step:570/1190 train_time:27303ms step_avg:47.90ms
step:571/1190 train_time:27348ms step_avg:47.90ms
step:572/1190 train_time:27410ms step_avg:47.92ms
step:573/1190 train_time:27454ms step_avg:47.91ms
step:574/1190 train_time:27514ms step_avg:47.93ms
step:575/1190 train_time:27558ms step_avg:47.93ms
step:576/1190 train_time:27618ms step_avg:47.95ms
step:577/1190 train_time:27665ms step_avg:47.95ms
step:578/1190 train_time:27724ms step_avg:47.97ms
step:579/1190 train_time:27769ms step_avg:47.96ms
step:580/1190 train_time:27829ms step_avg:47.98ms
step:581/1190 train_time:27875ms step_avg:47.98ms
step:582/1190 train_time:27934ms step_avg:48.00ms
step:583/1190 train_time:27980ms step_avg:47.99ms
step:584/1190 train_time:28040ms step_avg:48.01ms
step:585/1190 train_time:28086ms step_avg:48.01ms
step:586/1190 train_time:28145ms step_avg:48.03ms
step:587/1190 train_time:28191ms step_avg:48.03ms
step:588/1190 train_time:28251ms step_avg:48.05ms
step:589/1190 train_time:28296ms step_avg:48.04ms
step:590/1190 train_time:28354ms step_avg:48.06ms
step:591/1190 train_time:28401ms step_avg:48.06ms
step:592/1190 train_time:28462ms step_avg:48.08ms
step:593/1190 train_time:28506ms step_avg:48.07ms
step:594/1190 train_time:28566ms step_avg:48.09ms
step:595/1190 train_time:28612ms step_avg:48.09ms
step:596/1190 train_time:28671ms step_avg:48.11ms
step:597/1190 train_time:28718ms step_avg:48.10ms
step:598/1190 train_time:28775ms step_avg:48.12ms
step:599/1190 train_time:28821ms step_avg:48.12ms
step:600/1190 train_time:28882ms step_avg:48.14ms
step:601/1190 train_time:28928ms step_avg:48.13ms
step:602/1190 train_time:28987ms step_avg:48.15ms
step:603/1190 train_time:29031ms step_avg:48.14ms
step:604/1190 train_time:29091ms step_avg:48.16ms
step:605/1190 train_time:29139ms step_avg:48.16ms
step:606/1190 train_time:29200ms step_avg:48.18ms
step:607/1190 train_time:29242ms step_avg:48.17ms
step:608/1190 train_time:29305ms step_avg:48.20ms
step:609/1190 train_time:29349ms step_avg:48.19ms
step:610/1190 train_time:29408ms step_avg:48.21ms
step:611/1190 train_time:29454ms step_avg:48.21ms
step:612/1190 train_time:29514ms step_avg:48.23ms
step:613/1190 train_time:29559ms step_avg:48.22ms
step:614/1190 train_time:29619ms step_avg:48.24ms
step:615/1190 train_time:29663ms step_avg:48.23ms
step:616/1190 train_time:29726ms step_avg:48.26ms
step:617/1190 train_time:29769ms step_avg:48.25ms
step:618/1190 train_time:29830ms step_avg:48.27ms
step:619/1190 train_time:29875ms step_avg:48.26ms
step:620/1190 train_time:29935ms step_avg:48.28ms
step:621/1190 train_time:29980ms step_avg:48.28ms
step:622/1190 train_time:30042ms step_avg:48.30ms
step:623/1190 train_time:30086ms step_avg:48.29ms
step:624/1190 train_time:30146ms step_avg:48.31ms
step:625/1190 train_time:30190ms step_avg:48.30ms
step:626/1190 train_time:30251ms step_avg:48.32ms
step:627/1190 train_time:30296ms step_avg:48.32ms
step:628/1190 train_time:30358ms step_avg:48.34ms
step:629/1190 train_time:30402ms step_avg:48.33ms
step:630/1190 train_time:30461ms step_avg:48.35ms
step:631/1190 train_time:30506ms step_avg:48.35ms
step:632/1190 train_time:30566ms step_avg:48.36ms
step:633/1190 train_time:30612ms step_avg:48.36ms
step:634/1190 train_time:30671ms step_avg:48.38ms
step:635/1190 train_time:30718ms step_avg:48.37ms
step:636/1190 train_time:30777ms step_avg:48.39ms
step:637/1190 train_time:30823ms step_avg:48.39ms
step:638/1190 train_time:30881ms step_avg:48.40ms
step:639/1190 train_time:30928ms step_avg:48.40ms
step:640/1190 train_time:30988ms step_avg:48.42ms
step:641/1190 train_time:31035ms step_avg:48.42ms
step:642/1190 train_time:31093ms step_avg:48.43ms
step:643/1190 train_time:31139ms step_avg:48.43ms
step:644/1190 train_time:31200ms step_avg:48.45ms
step:645/1190 train_time:31244ms step_avg:48.44ms
step:646/1190 train_time:31305ms step_avg:48.46ms
step:647/1190 train_time:31350ms step_avg:48.45ms
step:648/1190 train_time:31410ms step_avg:48.47ms
step:649/1190 train_time:31455ms step_avg:48.47ms
step:650/1190 train_time:31516ms step_avg:48.49ms
step:651/1190 train_time:31561ms step_avg:48.48ms
step:652/1190 train_time:31621ms step_avg:48.50ms
step:653/1190 train_time:31666ms step_avg:48.49ms
step:654/1190 train_time:31743ms step_avg:48.54ms
step:655/1190 train_time:31797ms step_avg:48.55ms
step:656/1190 train_time:31845ms step_avg:48.54ms
step:657/1190 train_time:31886ms step_avg:48.53ms
step:658/1190 train_time:31945ms step_avg:48.55ms
step:659/1190 train_time:31990ms step_avg:48.54ms
step:660/1190 train_time:32052ms step_avg:48.56ms
step:661/1190 train_time:32095ms step_avg:48.56ms
step:662/1190 train_time:32157ms step_avg:48.58ms
step:663/1190 train_time:32201ms step_avg:48.57ms
step:664/1190 train_time:32263ms step_avg:48.59ms
step:665/1190 train_time:32308ms step_avg:48.58ms
step:666/1190 train_time:32367ms step_avg:48.60ms
step:667/1190 train_time:32412ms step_avg:48.59ms
step:668/1190 train_time:32472ms step_avg:48.61ms
step:669/1190 train_time:32518ms step_avg:48.61ms
step:670/1190 train_time:32577ms step_avg:48.62ms
step:671/1190 train_time:32624ms step_avg:48.62ms
step:672/1190 train_time:32683ms step_avg:48.64ms
step:673/1190 train_time:32729ms step_avg:48.63ms
step:674/1190 train_time:32788ms step_avg:48.65ms
step:675/1190 train_time:32835ms step_avg:48.64ms
step:676/1190 train_time:32894ms step_avg:48.66ms
step:677/1190 train_time:32939ms step_avg:48.65ms
step:678/1190 train_time:32998ms step_avg:48.67ms
step:679/1190 train_time:33046ms step_avg:48.67ms
step:680/1190 train_time:33104ms step_avg:48.68ms
step:681/1190 train_time:33150ms step_avg:48.68ms
step:682/1190 train_time:33208ms step_avg:48.69ms
step:683/1190 train_time:33254ms step_avg:48.69ms
step:684/1190 train_time:33315ms step_avg:48.71ms
step:685/1190 train_time:33360ms step_avg:48.70ms
step:686/1190 train_time:33419ms step_avg:48.72ms
step:687/1190 train_time:33466ms step_avg:48.71ms
step:688/1190 train_time:33524ms step_avg:48.73ms
step:689/1190 train_time:33571ms step_avg:48.72ms
step:690/1190 train_time:33631ms step_avg:48.74ms
step:691/1190 train_time:33675ms step_avg:48.73ms
step:692/1190 train_time:33737ms step_avg:48.75ms
step:693/1190 train_time:33781ms step_avg:48.75ms
step:694/1190 train_time:33842ms step_avg:48.76ms
step:695/1190 train_time:33887ms step_avg:48.76ms
step:696/1190 train_time:33947ms step_avg:48.77ms
step:697/1190 train_time:33991ms step_avg:48.77ms
step:698/1190 train_time:34051ms step_avg:48.78ms
step:699/1190 train_time:34097ms step_avg:48.78ms
step:700/1190 train_time:34159ms step_avg:48.80ms
step:701/1190 train_time:34203ms step_avg:48.79ms
step:702/1190 train_time:34264ms step_avg:48.81ms
step:703/1190 train_time:34307ms step_avg:48.80ms
step:704/1190 train_time:34368ms step_avg:48.82ms
step:705/1190 train_time:34413ms step_avg:48.81ms
step:706/1190 train_time:34474ms step_avg:48.83ms
step:707/1190 train_time:34517ms step_avg:48.82ms
step:708/1190 train_time:34581ms step_avg:48.84ms
step:709/1190 train_time:34648ms step_avg:48.87ms
step:710/1190 train_time:34731ms step_avg:48.92ms
step:711/1190 train_time:34800ms step_avg:48.95ms
step:712/1190 train_time:34882ms step_avg:48.99ms
step:713/1190 train_time:34951ms step_avg:49.02ms
step:714/1190 train_time:35036ms step_avg:49.07ms
step:715/1190 train_time:35102ms step_avg:49.09ms
step:716/1190 train_time:35186ms step_avg:49.14ms
step:717/1190 train_time:35253ms step_avg:49.17ms
step:718/1190 train_time:35336ms step_avg:49.21ms
step:719/1190 train_time:35404ms step_avg:49.24ms
step:720/1190 train_time:35485ms step_avg:49.29ms
step:721/1190 train_time:35557ms step_avg:49.32ms
step:722/1190 train_time:35640ms step_avg:49.36ms
step:723/1190 train_time:35708ms step_avg:49.39ms
step:724/1190 train_time:35790ms step_avg:49.43ms
step:725/1190 train_time:35859ms step_avg:49.46ms
step:726/1190 train_time:35939ms step_avg:49.50ms
step:727/1190 train_time:36011ms step_avg:49.53ms
step:728/1190 train_time:36095ms step_avg:49.58ms
step:729/1190 train_time:36163ms step_avg:49.61ms
step:730/1190 train_time:36245ms step_avg:49.65ms
step:731/1190 train_time:36314ms step_avg:49.68ms
step:732/1190 train_time:36398ms step_avg:49.72ms
step:733/1190 train_time:36465ms step_avg:49.75ms
step:734/1190 train_time:36549ms step_avg:49.79ms
step:735/1190 train_time:36619ms step_avg:49.82ms
step:736/1190 train_time:36700ms step_avg:49.86ms
step:737/1190 train_time:36769ms step_avg:49.89ms
step:738/1190 train_time:36853ms step_avg:49.94ms
step:739/1190 train_time:36922ms step_avg:49.96ms
step:740/1190 train_time:37003ms step_avg:50.00ms
step:741/1190 train_time:37072ms step_avg:50.03ms
step:742/1190 train_time:37153ms step_avg:50.07ms
step:743/1190 train_time:37223ms step_avg:50.10ms
step:744/1190 train_time:37305ms step_avg:50.14ms
step:745/1190 train_time:37374ms step_avg:50.17ms
step:746/1190 train_time:37461ms step_avg:50.22ms
step:747/1190 train_time:37527ms step_avg:50.24ms
step:748/1190 train_time:37609ms step_avg:50.28ms
step:749/1190 train_time:37677ms step_avg:50.30ms
step:750/1190 train_time:37759ms step_avg:50.35ms
step:750/1190 val_loss:3.50281739 train_time:37834ms step_avg:50.44ms
step:751/1190 train_time:37873ms step_avg:50.43ms
step:752/1190 train_time:37918ms step_avg:50.42ms
step:753/1190 train_time:37990ms step_avg:50.45ms
step:754/1190 train_time:38074ms step_avg:50.50ms
step:755/1190 train_time:38146ms step_avg:50.52ms
step:756/1190 train_time:38229ms step_avg:50.57ms
step:757/1190 train_time:38295ms step_avg:50.59ms
step:758/1190 train_time:38380ms step_avg:50.63ms
step:759/1190 train_time:38446ms step_avg:50.65ms
step:760/1190 train_time:38529ms step_avg:50.70ms
step:761/1190 train_time:38598ms step_avg:50.72ms
step:762/1190 train_time:38681ms step_avg:50.76ms
step:763/1190 train_time:38752ms step_avg:50.79ms
step:764/1190 train_time:38831ms step_avg:50.83ms
step:765/1190 train_time:38900ms step_avg:50.85ms
step:766/1190 train_time:38983ms step_avg:50.89ms
step:767/1190 train_time:39053ms step_avg:50.92ms
step:768/1190 train_time:39137ms step_avg:50.96ms
step:769/1190 train_time:39205ms step_avg:50.98ms
step:770/1190 train_time:39290ms step_avg:51.03ms
step:771/1190 train_time:39357ms step_avg:51.05ms
step:772/1190 train_time:39440ms step_avg:51.09ms
step:773/1190 train_time:39508ms step_avg:51.11ms
step:774/1190 train_time:39592ms step_avg:51.15ms
step:775/1190 train_time:39660ms step_avg:51.17ms
step:776/1190 train_time:39742ms step_avg:51.21ms
step:777/1190 train_time:39811ms step_avg:51.24ms
step:778/1190 train_time:39894ms step_avg:51.28ms
step:779/1190 train_time:39963ms step_avg:51.30ms
step:780/1190 train_time:40046ms step_avg:51.34ms
step:781/1190 train_time:40117ms step_avg:51.37ms
step:782/1190 train_time:40200ms step_avg:51.41ms
step:783/1190 train_time:40269ms step_avg:51.43ms
step:784/1190 train_time:40351ms step_avg:51.47ms
step:785/1190 train_time:40420ms step_avg:51.49ms
step:786/1190 train_time:40503ms step_avg:51.53ms
step:787/1190 train_time:40571ms step_avg:51.55ms
step:788/1190 train_time:40654ms step_avg:51.59ms
step:789/1190 train_time:40723ms step_avg:51.61ms
step:790/1190 train_time:40806ms step_avg:51.65ms
step:791/1190 train_time:40875ms step_avg:51.68ms
step:792/1190 train_time:40957ms step_avg:51.71ms
step:793/1190 train_time:41026ms step_avg:51.73ms
step:794/1190 train_time:41110ms step_avg:51.78ms
step:795/1190 train_time:41178ms step_avg:51.80ms
step:796/1190 train_time:41261ms step_avg:51.84ms
step:797/1190 train_time:41329ms step_avg:51.86ms
step:798/1190 train_time:41415ms step_avg:51.90ms
step:799/1190 train_time:41481ms step_avg:51.92ms
step:800/1190 train_time:41565ms step_avg:51.96ms
step:801/1190 train_time:41633ms step_avg:51.98ms
step:802/1190 train_time:41715ms step_avg:52.01ms
step:803/1190 train_time:41784ms step_avg:52.03ms
step:804/1190 train_time:41867ms step_avg:52.07ms
step:805/1190 train_time:41936ms step_avg:52.09ms
step:806/1190 train_time:42020ms step_avg:52.13ms
step:807/1190 train_time:42088ms step_avg:52.15ms
step:808/1190 train_time:42172ms step_avg:52.19ms
step:809/1190 train_time:42241ms step_avg:52.21ms
step:810/1190 train_time:42323ms step_avg:52.25ms
step:811/1190 train_time:42392ms step_avg:52.27ms
step:812/1190 train_time:42474ms step_avg:52.31ms
step:813/1190 train_time:42543ms step_avg:52.33ms
step:814/1190 train_time:42626ms step_avg:52.37ms
step:815/1190 train_time:42694ms step_avg:52.39ms
step:816/1190 train_time:42779ms step_avg:52.42ms
step:817/1190 train_time:42845ms step_avg:52.44ms
step:818/1190 train_time:42930ms step_avg:52.48ms
step:819/1190 train_time:42998ms step_avg:52.50ms
step:820/1190 train_time:43081ms step_avg:52.54ms
step:821/1190 train_time:43149ms step_avg:52.56ms
step:822/1190 train_time:43232ms step_avg:52.59ms
step:823/1190 train_time:43303ms step_avg:52.62ms
step:824/1190 train_time:43387ms step_avg:52.65ms
step:825/1190 train_time:43453ms step_avg:52.67ms
step:826/1190 train_time:43536ms step_avg:52.71ms
step:827/1190 train_time:43604ms step_avg:52.73ms
step:828/1190 train_time:43689ms step_avg:52.76ms
step:829/1190 train_time:43756ms step_avg:52.78ms
step:830/1190 train_time:43840ms step_avg:52.82ms
step:831/1190 train_time:43907ms step_avg:52.84ms
step:832/1190 train_time:43991ms step_avg:52.87ms
step:833/1190 train_time:44060ms step_avg:52.89ms
step:834/1190 train_time:44142ms step_avg:52.93ms
step:835/1190 train_time:44210ms step_avg:52.95ms
step:836/1190 train_time:44292ms step_avg:52.98ms
step:837/1190 train_time:44363ms step_avg:53.00ms
step:838/1190 train_time:44447ms step_avg:53.04ms
step:839/1190 train_time:44515ms step_avg:53.06ms
step:840/1190 train_time:44599ms step_avg:53.09ms
step:841/1190 train_time:44667ms step_avg:53.11ms
step:842/1190 train_time:44748ms step_avg:53.15ms
step:843/1190 train_time:44818ms step_avg:53.17ms
step:844/1190 train_time:44901ms step_avg:53.20ms
step:845/1190 train_time:44969ms step_avg:53.22ms
step:846/1190 train_time:45052ms step_avg:53.25ms
step:847/1190 train_time:45122ms step_avg:53.27ms
step:848/1190 train_time:45204ms step_avg:53.31ms
step:849/1190 train_time:45274ms step_avg:53.33ms
step:850/1190 train_time:45357ms step_avg:53.36ms
step:851/1190 train_time:45425ms step_avg:53.38ms
step:852/1190 train_time:45510ms step_avg:53.41ms
step:853/1190 train_time:45577ms step_avg:53.43ms
step:854/1190 train_time:45661ms step_avg:53.47ms
step:855/1190 train_time:45729ms step_avg:53.48ms
step:856/1190 train_time:45812ms step_avg:53.52ms
step:857/1190 train_time:45880ms step_avg:53.54ms
step:858/1190 train_time:45962ms step_avg:53.57ms
step:859/1190 train_time:46031ms step_avg:53.59ms
step:860/1190 train_time:46117ms step_avg:53.62ms
step:861/1190 train_time:46184ms step_avg:53.64ms
step:862/1190 train_time:46267ms step_avg:53.67ms
step:863/1190 train_time:46336ms step_avg:53.69ms
step:864/1190 train_time:46418ms step_avg:53.72ms
step:865/1190 train_time:46488ms step_avg:53.74ms
step:866/1190 train_time:46569ms step_avg:53.78ms
step:867/1190 train_time:46639ms step_avg:53.79ms
step:868/1190 train_time:46720ms step_avg:53.83ms
step:869/1190 train_time:46792ms step_avg:53.85ms
step:870/1190 train_time:46876ms step_avg:53.88ms
step:871/1190 train_time:46942ms step_avg:53.89ms
step:872/1190 train_time:47026ms step_avg:53.93ms
step:873/1190 train_time:47095ms step_avg:53.95ms
step:874/1190 train_time:47178ms step_avg:53.98ms
step:875/1190 train_time:47245ms step_avg:53.99ms
step:876/1190 train_time:47330ms step_avg:54.03ms
step:877/1190 train_time:47399ms step_avg:54.05ms
step:878/1190 train_time:47481ms step_avg:54.08ms
step:879/1190 train_time:47549ms step_avg:54.09ms
step:880/1190 train_time:47633ms step_avg:54.13ms
step:881/1190 train_time:47702ms step_avg:54.14ms
step:882/1190 train_time:47788ms step_avg:54.18ms
step:883/1190 train_time:47853ms step_avg:54.19ms
step:884/1190 train_time:47936ms step_avg:54.23ms
step:885/1190 train_time:48005ms step_avg:54.24ms
step:886/1190 train_time:48132ms step_avg:54.33ms
step:887/1190 train_time:48181ms step_avg:54.32ms
step:888/1190 train_time:48240ms step_avg:54.32ms
step:889/1190 train_time:48309ms step_avg:54.34ms
step:890/1190 train_time:48393ms step_avg:54.37ms
step:891/1190 train_time:48462ms step_avg:54.39ms
step:892/1190 train_time:48545ms step_avg:54.42ms
step:893/1190 train_time:48613ms step_avg:54.44ms
step:894/1190 train_time:48696ms step_avg:54.47ms
step:895/1190 train_time:48765ms step_avg:54.49ms
step:896/1190 train_time:48848ms step_avg:54.52ms
step:897/1190 train_time:48915ms step_avg:54.53ms
step:898/1190 train_time:49000ms step_avg:54.57ms
step:899/1190 train_time:49068ms step_avg:54.58ms
step:900/1190 train_time:49151ms step_avg:54.61ms
step:901/1190 train_time:49220ms step_avg:54.63ms
step:902/1190 train_time:49301ms step_avg:54.66ms
step:903/1190 train_time:49370ms step_avg:54.67ms
step:904/1190 train_time:49454ms step_avg:54.71ms
step:905/1190 train_time:49523ms step_avg:54.72ms
step:906/1190 train_time:49604ms step_avg:54.75ms
step:907/1190 train_time:49675ms step_avg:54.77ms
step:908/1190 train_time:49757ms step_avg:54.80ms
step:909/1190 train_time:49826ms step_avg:54.81ms
step:910/1190 train_time:49910ms step_avg:54.85ms
step:911/1190 train_time:49979ms step_avg:54.86ms
step:912/1190 train_time:50061ms step_avg:54.89ms
step:913/1190 train_time:50130ms step_avg:54.91ms
step:914/1190 train_time:50213ms step_avg:54.94ms
step:915/1190 train_time:50282ms step_avg:54.95ms
step:916/1190 train_time:50365ms step_avg:54.98ms
step:917/1190 train_time:50434ms step_avg:55.00ms
step:918/1190 train_time:50517ms step_avg:55.03ms
step:919/1190 train_time:50586ms step_avg:55.04ms
step:920/1190 train_time:50669ms step_avg:55.07ms
step:921/1190 train_time:50739ms step_avg:55.09ms
step:922/1190 train_time:50822ms step_avg:55.12ms
step:923/1190 train_time:50891ms step_avg:55.14ms
step:924/1190 train_time:50973ms step_avg:55.17ms
step:925/1190 train_time:51043ms step_avg:55.18ms
step:926/1190 train_time:51128ms step_avg:55.21ms
step:927/1190 train_time:51195ms step_avg:55.23ms
step:928/1190 train_time:51278ms step_avg:55.26ms
step:929/1190 train_time:51345ms step_avg:55.27ms
step:930/1190 train_time:51430ms step_avg:55.30ms
step:931/1190 train_time:51498ms step_avg:55.31ms
step:932/1190 train_time:51581ms step_avg:55.34ms
step:933/1190 train_time:51649ms step_avg:55.36ms
step:934/1190 train_time:51731ms step_avg:55.39ms
step:935/1190 train_time:51801ms step_avg:55.40ms
step:936/1190 train_time:51884ms step_avg:55.43ms
step:937/1190 train_time:51953ms step_avg:55.45ms
step:938/1190 train_time:52035ms step_avg:55.47ms
step:939/1190 train_time:52106ms step_avg:55.49ms
step:940/1190 train_time:52190ms step_avg:55.52ms
step:941/1190 train_time:52256ms step_avg:55.53ms
step:942/1190 train_time:52339ms step_avg:55.56ms
step:943/1190 train_time:52408ms step_avg:55.58ms
step:944/1190 train_time:52491ms step_avg:55.60ms
step:945/1190 train_time:52561ms step_avg:55.62ms
step:946/1190 train_time:52643ms step_avg:55.65ms
step:947/1190 train_time:52711ms step_avg:55.66ms
step:948/1190 train_time:52795ms step_avg:55.69ms
step:949/1190 train_time:52864ms step_avg:55.71ms
step:950/1190 train_time:52947ms step_avg:55.73ms
step:951/1190 train_time:53016ms step_avg:55.75ms
step:952/1190 train_time:53098ms step_avg:55.77ms
step:953/1190 train_time:53166ms step_avg:55.79ms
step:954/1190 train_time:53250ms step_avg:55.82ms
step:955/1190 train_time:53319ms step_avg:55.83ms
step:956/1190 train_time:53403ms step_avg:55.86ms
step:957/1190 train_time:53471ms step_avg:55.87ms
step:958/1190 train_time:53552ms step_avg:55.90ms
step:959/1190 train_time:53623ms step_avg:55.92ms
step:960/1190 train_time:53704ms step_avg:55.94ms
step:961/1190 train_time:53773ms step_avg:55.96ms
step:962/1190 train_time:53854ms step_avg:55.98ms
step:963/1190 train_time:53926ms step_avg:56.00ms
step:964/1190 train_time:54008ms step_avg:56.03ms
step:965/1190 train_time:54076ms step_avg:56.04ms
step:966/1190 train_time:54159ms step_avg:56.07ms
step:967/1190 train_time:54228ms step_avg:56.08ms
step:968/1190 train_time:54312ms step_avg:56.11ms
step:969/1190 train_time:54380ms step_avg:56.12ms
step:970/1190 train_time:54462ms step_avg:56.15ms
step:971/1190 train_time:54531ms step_avg:56.16ms
step:972/1190 train_time:54616ms step_avg:56.19ms
step:973/1190 train_time:54682ms step_avg:56.20ms
step:974/1190 train_time:54767ms step_avg:56.23ms
step:975/1190 train_time:54834ms step_avg:56.24ms
step:976/1190 train_time:54917ms step_avg:56.27ms
step:977/1190 train_time:54986ms step_avg:56.28ms
step:978/1190 train_time:55068ms step_avg:56.31ms
step:979/1190 train_time:55136ms step_avg:56.32ms
step:980/1190 train_time:55220ms step_avg:56.35ms
step:981/1190 train_time:55287ms step_avg:56.36ms
step:982/1190 train_time:55371ms step_avg:56.39ms
step:983/1190 train_time:55439ms step_avg:56.40ms
step:984/1190 train_time:55522ms step_avg:56.42ms
step:985/1190 train_time:55591ms step_avg:56.44ms
step:986/1190 train_time:55674ms step_avg:56.46ms
step:987/1190 train_time:55742ms step_avg:56.48ms
step:988/1190 train_time:55828ms step_avg:56.51ms
step:989/1190 train_time:55894ms step_avg:56.52ms
step:990/1190 train_time:55977ms step_avg:56.54ms
step:991/1190 train_time:56045ms step_avg:56.55ms
step:992/1190 train_time:56131ms step_avg:56.58ms
step:993/1190 train_time:56197ms step_avg:56.59ms
step:994/1190 train_time:56281ms step_avg:56.62ms
step:995/1190 train_time:56349ms step_avg:56.63ms
step:996/1190 train_time:56434ms step_avg:56.66ms
step:997/1190 train_time:56501ms step_avg:56.67ms
step:998/1190 train_time:56585ms step_avg:56.70ms
step:999/1190 train_time:56653ms step_avg:56.71ms
step:1000/1190 train_time:56737ms step_avg:56.74ms
step:1000/1190 val_loss:3.34932590 train_time:56809ms step_avg:56.81ms
step:1001/1190 train_time:56848ms step_avg:56.79ms
step:1002/1190 train_time:56894ms step_avg:56.78ms
step:1003/1190 train_time:56963ms step_avg:56.79ms
step:1004/1190 train_time:57046ms step_avg:56.82ms
step:1005/1190 train_time:57118ms step_avg:56.83ms
step:1006/1190 train_time:57202ms step_avg:56.86ms
step:1007/1190 train_time:57268ms step_avg:56.87ms
step:1008/1190 train_time:57351ms step_avg:56.90ms
step:1009/1190 train_time:57421ms step_avg:56.91ms
step:1010/1190 train_time:57501ms step_avg:56.93ms
step:1011/1190 train_time:57569ms step_avg:56.94ms
step:1012/1190 train_time:57653ms step_avg:56.97ms
step:1013/1190 train_time:57720ms step_avg:56.98ms
step:1014/1190 train_time:57804ms step_avg:57.01ms
step:1015/1190 train_time:57873ms step_avg:57.02ms
step:1016/1190 train_time:57956ms step_avg:57.04ms
step:1017/1190 train_time:58029ms step_avg:57.06ms
step:1018/1190 train_time:58107ms step_avg:57.08ms
step:1019/1190 train_time:58177ms step_avg:57.09ms
step:1020/1190 train_time:58260ms step_avg:57.12ms
step:1021/1190 train_time:58329ms step_avg:57.13ms
step:1022/1190 train_time:58413ms step_avg:57.16ms
step:1023/1190 train_time:58479ms step_avg:57.16ms
step:1024/1190 train_time:58563ms step_avg:57.19ms
step:1025/1190 train_time:58630ms step_avg:57.20ms
step:1026/1190 train_time:58712ms step_avg:57.22ms
step:1027/1190 train_time:58784ms step_avg:57.24ms
step:1028/1190 train_time:58864ms step_avg:57.26ms
step:1029/1190 train_time:58954ms step_avg:57.29ms
step:1030/1190 train_time:59196ms step_avg:57.47ms
step:1031/1190 train_time:59375ms step_avg:57.59ms
step:1032/1190 train_time:59492ms step_avg:57.65ms
step:1033/1190 train_time:59558ms step_avg:57.66ms
step:1034/1190 train_time:59619ms step_avg:57.66ms
step:1035/1190 train_time:59676ms step_avg:57.66ms
step:1036/1190 train_time:59757ms step_avg:57.68ms
step:1037/1190 train_time:59827ms step_avg:57.69ms
step:1038/1190 train_time:59909ms step_avg:57.72ms
step:1039/1190 train_time:59975ms step_avg:57.72ms
step:1040/1190 train_time:60057ms step_avg:57.75ms
step:1041/1190 train_time:60125ms step_avg:57.76ms
step:1042/1190 train_time:60209ms step_avg:57.78ms
step:1043/1190 train_time:60277ms step_avg:57.79ms
step:1044/1190 train_time:60360ms step_avg:57.82ms
step:1045/1190 train_time:60427ms step_avg:57.83ms
step:1046/1190 train_time:60511ms step_avg:57.85ms
step:1047/1190 train_time:60580ms step_avg:57.86ms
step:1048/1190 train_time:60663ms step_avg:57.88ms
step:1049/1190 train_time:60737ms step_avg:57.90ms
step:1050/1190 train_time:60822ms step_avg:57.93ms
step:1051/1190 train_time:60882ms step_avg:57.93ms
step:1052/1190 train_time:60964ms step_avg:57.95ms
step:1053/1190 train_time:61034ms step_avg:57.96ms
step:1054/1190 train_time:61116ms step_avg:57.98ms
step:1055/1190 train_time:61186ms step_avg:58.00ms
step:1056/1190 train_time:61267ms step_avg:58.02ms
step:1057/1190 train_time:61335ms step_avg:58.03ms
step:1058/1190 train_time:61418ms step_avg:58.05ms
step:1059/1190 train_time:61486ms step_avg:58.06ms
step:1060/1190 train_time:61570ms step_avg:58.09ms
step:1061/1190 train_time:61639ms step_avg:58.09ms
step:1062/1190 train_time:61724ms step_avg:58.12ms
step:1063/1190 train_time:61793ms step_avg:58.13ms
step:1064/1190 train_time:61874ms step_avg:58.15ms
step:1065/1190 train_time:61941ms step_avg:58.16ms
step:1066/1190 train_time:62028ms step_avg:58.19ms
step:1067/1190 train_time:62093ms step_avg:58.19ms
step:1068/1190 train_time:62176ms step_avg:58.22ms
step:1069/1190 train_time:62243ms step_avg:58.23ms
step:1070/1190 train_time:62327ms step_avg:58.25ms
step:1071/1190 train_time:62396ms step_avg:58.26ms
step:1072/1190 train_time:62476ms step_avg:58.28ms
step:1073/1190 train_time:62545ms step_avg:58.29ms
step:1074/1190 train_time:62628ms step_avg:58.31ms
step:1075/1190 train_time:62696ms step_avg:58.32ms
step:1076/1190 train_time:62780ms step_avg:58.35ms
step:1077/1190 train_time:62848ms step_avg:58.35ms
step:1078/1190 train_time:62928ms step_avg:58.38ms
step:1079/1190 train_time:62998ms step_avg:58.39ms
step:1080/1190 train_time:63082ms step_avg:58.41ms
step:1081/1190 train_time:63149ms step_avg:58.42ms
step:1082/1190 train_time:63230ms step_avg:58.44ms
step:1083/1190 train_time:63301ms step_avg:58.45ms
step:1084/1190 train_time:63383ms step_avg:58.47ms
step:1085/1190 train_time:63451ms step_avg:58.48ms
step:1086/1190 train_time:63536ms step_avg:58.50ms
step:1087/1190 train_time:63602ms step_avg:58.51ms
step:1088/1190 train_time:63686ms step_avg:58.54ms
step:1089/1190 train_time:63753ms step_avg:58.54ms
step:1090/1190 train_time:63838ms step_avg:58.57ms
step:1091/1190 train_time:63907ms step_avg:58.58ms
step:1092/1190 train_time:63988ms step_avg:58.60ms
step:1093/1190 train_time:64057ms step_avg:58.61ms
step:1094/1190 train_time:64139ms step_avg:58.63ms
step:1095/1190 train_time:64207ms step_avg:58.64ms
step:1096/1190 train_time:64290ms step_avg:58.66ms
step:1097/1190 train_time:64358ms step_avg:58.67ms
step:1098/1190 train_time:64448ms step_avg:58.70ms
step:1099/1190 train_time:64511ms step_avg:58.70ms
step:1100/1190 train_time:64592ms step_avg:58.72ms
step:1101/1190 train_time:64660ms step_avg:58.73ms
step:1102/1190 train_time:64745ms step_avg:58.75ms
step:1103/1190 train_time:64812ms step_avg:58.76ms
step:1104/1190 train_time:64895ms step_avg:58.78ms
step:1105/1190 train_time:64963ms step_avg:58.79ms
step:1106/1190 train_time:65048ms step_avg:58.81ms
step:1107/1190 train_time:65116ms step_avg:58.82ms
step:1108/1190 train_time:65198ms step_avg:58.84ms
step:1109/1190 train_time:65266ms step_avg:58.85ms
step:1110/1190 train_time:65349ms step_avg:58.87ms
step:1111/1190 train_time:65418ms step_avg:58.88ms
step:1112/1190 train_time:65501ms step_avg:58.90ms
step:1113/1190 train_time:65568ms step_avg:58.91ms
step:1114/1190 train_time:65650ms step_avg:58.93ms
step:1115/1190 train_time:65718ms step_avg:58.94ms
step:1116/1190 train_time:65802ms step_avg:58.96ms
step:1117/1190 train_time:65869ms step_avg:58.97ms
step:1118/1190 train_time:65951ms step_avg:58.99ms
step:1119/1190 train_time:66021ms step_avg:59.00ms
step:1120/1190 train_time:66103ms step_avg:59.02ms
step:1121/1190 train_time:66172ms step_avg:59.03ms
step:1122/1190 train_time:66254ms step_avg:59.05ms
step:1123/1190 train_time:66322ms step_avg:59.06ms
step:1124/1190 train_time:66406ms step_avg:59.08ms
step:1125/1190 train_time:66475ms step_avg:59.09ms
step:1126/1190 train_time:66561ms step_avg:59.11ms
step:1127/1190 train_time:66628ms step_avg:59.12ms
step:1128/1190 train_time:66709ms step_avg:59.14ms
step:1129/1190 train_time:66779ms step_avg:59.15ms
step:1130/1190 train_time:66859ms step_avg:59.17ms
step:1131/1190 train_time:66929ms step_avg:59.18ms
step:1132/1190 train_time:67013ms step_avg:59.20ms
step:1133/1190 train_time:67082ms step_avg:59.21ms
step:1134/1190 train_time:67166ms step_avg:59.23ms
step:1135/1190 train_time:67236ms step_avg:59.24ms
step:1136/1190 train_time:67323ms step_avg:59.26ms
step:1137/1190 train_time:67384ms step_avg:59.27ms
step:1138/1190 train_time:67473ms step_avg:59.29ms
step:1139/1190 train_time:67537ms step_avg:59.30ms
step:1140/1190 train_time:67620ms step_avg:59.32ms
step:1141/1190 train_time:67688ms step_avg:59.32ms
step:1142/1190 train_time:67769ms step_avg:59.34ms
step:1143/1190 train_time:67840ms step_avg:59.35ms
step:1144/1190 train_time:67923ms step_avg:59.37ms
step:1145/1190 train_time:67990ms step_avg:59.38ms
step:1146/1190 train_time:68075ms step_avg:59.40ms
step:1147/1190 train_time:68143ms step_avg:59.41ms
step:1148/1190 train_time:68225ms step_avg:59.43ms
step:1149/1190 train_time:68293ms step_avg:59.44ms
step:1150/1190 train_time:68376ms step_avg:59.46ms
step:1151/1190 train_time:68445ms step_avg:59.47ms
step:1152/1190 train_time:68528ms step_avg:59.49ms
step:1153/1190 train_time:68597ms step_avg:59.49ms
step:1154/1190 train_time:68683ms step_avg:59.52ms
step:1155/1190 train_time:68753ms step_avg:59.53ms
step:1156/1190 train_time:68835ms step_avg:59.55ms
step:1157/1190 train_time:68903ms step_avg:59.55ms
step:1158/1190 train_time:68985ms step_avg:59.57ms
step:1159/1190 train_time:69052ms step_avg:59.58ms
step:1160/1190 train_time:69133ms step_avg:59.60ms
step:1161/1190 train_time:69203ms step_avg:59.61ms
step:1162/1190 train_time:69288ms step_avg:59.63ms
step:1163/1190 train_time:69355ms step_avg:59.63ms
step:1164/1190 train_time:69436ms step_avg:59.65ms
step:1165/1190 train_time:69506ms step_avg:59.66ms
step:1166/1190 train_time:69589ms step_avg:59.68ms
step:1167/1190 train_time:69657ms step_avg:59.69ms
step:1168/1190 train_time:69740ms step_avg:59.71ms
step:1169/1190 train_time:69808ms step_avg:59.72ms
step:1170/1190 train_time:69892ms step_avg:59.74ms
step:1171/1190 train_time:69960ms step_avg:59.74ms
step:1172/1190 train_time:70044ms step_avg:59.76ms
step:1173/1190 train_time:70113ms step_avg:59.77ms
step:1174/1190 train_time:70197ms step_avg:59.79ms
step:1175/1190 train_time:70263ms step_avg:59.80ms
step:1176/1190 train_time:70349ms step_avg:59.82ms
step:1177/1190 train_time:70416ms step_avg:59.83ms
step:1178/1190 train_time:70502ms step_avg:59.85ms
step:1179/1190 train_time:70566ms step_avg:59.85ms
step:1180/1190 train_time:70650ms step_avg:59.87ms
step:1181/1190 train_time:70719ms step_avg:59.88ms
step:1182/1190 train_time:70804ms step_avg:59.90ms
step:1183/1190 train_time:70871ms step_avg:59.91ms
step:1184/1190 train_time:70958ms step_avg:59.93ms
step:1185/1190 train_time:71022ms step_avg:59.93ms
step:1186/1190 train_time:71107ms step_avg:59.95ms
step:1187/1190 train_time:71173ms step_avg:59.96ms
step:1188/1190 train_time:71257ms step_avg:59.98ms
step:1189/1190 train_time:71326ms step_avg:59.99ms
step:1190/1190 train_time:71410ms step_avg:60.01ms
step:1190/1190 val_loss:3.27626848 train_time:71483ms step_avg:60.07ms
peak memory allocated: 31988 MiB reserved: 43500 MiB
