HARNESS_TRAINING_ENV={"OMP_NUM_THREADS": "1", "MKL_NUM_THREADS": "1", "torch_num_threads": 1, "torch_num_interop_threads": 43}
[Gloo] Rank 7 is connected to 7 peer ranks. Expected number of connected peer ranks is : 7
[Gloo] Rank 0 is connected to 7 peer ranks. Expected number of connected peer ranks is : 7
[Gloo] Rank [Gloo] Rank 12 is connected to 7 peer ranks. Expected number of connected peer ranks is : 7
 is connected to 7 peer ranks. Expected number of connected peer ranks is : [Gloo] Rank 7
4 is connected to 7 peer ranks. Expected number of connected peer ranks is : 7
[Gloo] Rank 3 is connected to 7 peer ranks. Expected number of connected peer ranks is : 7
[Gloo] Rank 5 is connected to 7 peer ranks. Expected number of connected peer ranks is : 7
[Gloo] Rank 6 is connected to 7 peer ranks. Expected number of connected peer ranks is : 7
/workspace/train_gpt.py:1084: UserWarning: Skipping publisher trust check for 'kernels-community/flash-attn3' because Hugging Face Hub is in offline mode.
  flash_attn_interface = get_kernel('kernels-community/flash-attn3', version=1).flash_attn_interface
/workspace/train_gpt.py:1084: UserWarning: Skipping publisher trust check for 'kernels-community/flash-attn3' because Hugging Face Hub is in offline mode.
  flash_attn_interface = get_kernel('kernels-community/flash-attn3', version=1).flash_attn_interface
/workspace/train_gpt.py:1084: UserWarning: Skipping publisher trust check for 'kernels-community/flash-attn3' because Hugging Face Hub is in offline mode.
  flash_attn_interface = get_kernel('kernels-community/flash-attn3', version=1).flash_attn_interface
/workspace/train_gpt.py:1084: UserWarning: Skipping publisher trust check for 'kernels-community/flash-attn3' because Hugging Face Hub is in offline mode.
  flash_attn_interface = get_kernel('kernels-community/flash-attn3', version=1).flash_attn_interface
/workspace/train_gpt.py:1084: UserWarning: Skipping publisher trust check for 'kernels-community/flash-attn3' because Hugging Face Hub is in offline mode.
  flash_attn_interface = get_kernel('kernels-community/flash-attn3', version=1).flash_attn_interface
/workspace/train_gpt.py:1084: UserWarning: Skipping publisher trust check for 'kernels-community/flash-attn3' because Hugging Face Hub is in offline mode.
  flash_attn_interface = get_kernel('kernels-community/flash-attn3', version=1).flash_attn_interface
/workspace/train_gpt.py:1084: UserWarning: Skipping publisher trust check for 'kernels-community/flash-attn3' because Hugging Face Hub is in offline mode.
  flash_attn_interface = get_kernel('kernels-community/flash-attn3', version=1).flash_attn_interface
/workspace/train_gpt.py:1084: UserWarning: Skipping publisher trust check for 'kernels-community/flash-attn3' because Hugging Face Hub is in offline mode.
  flash_attn_interface = get_kernel('kernels-community/flash-attn3', version=1).flash_attn_interface
logs/2e4b396c-4720-4785-bb7f-7d127903b773.txt
Compiling model and warming up kernels (~7 minutes on first execution)
Sampling steps [0, 1, 281, 282, 283, 284, 705, 706, 707, 708, 1128, 1129, 1130, 1131] for warmup
Resetting Model
step:0/1190 val_loss:10.83033180 train_time:83ms step_avg:83.28ms
step:1/1190 train_time:241ms step_avg:241.44ms
step:2/1190 train_time:293ms step_avg:146.38ms
step:3/1190 train_time:336ms step_avg:112.13ms
step:4/1190 train_time:383ms step_avg:95.73ms
step:5/1190 train_time:424ms step_avg:84.88ms
step:6/1190 train_time:468ms step_avg:78.06ms
step:7/1190 train_time:509ms step_avg:72.76ms
step:8/1190 train_time:555ms step_avg:69.37ms
step:9/1190 train_time:600ms step_avg:66.66ms
step:10/1190 train_time:645ms step_avg:64.50ms
step:11/1190 train_time:682ms step_avg:61.99ms
step:12/1190 train_time:728ms step_avg:60.68ms
step:13/1190 train_time:766ms step_avg:58.93ms
step:14/1190 train_time:811ms step_avg:57.94ms
step:15/1190 train_time:851ms step_avg:56.71ms
step:16/1190 train_time:896ms step_avg:55.98ms
step:17/1190 train_time:930ms step_avg:54.71ms
step:18/1190 train_time:972ms step_avg:54.02ms
step:19/1190 train_time:1014ms step_avg:53.37ms
step:20/1190 train_time:1060ms step_avg:53.02ms
step:21/1190 train_time:1099ms step_avg:52.33ms
step:22/1190 train_time:1144ms step_avg:52.00ms
step:23/1190 train_time:1182ms step_avg:51.41ms
step:24/1190 train_time:1224ms step_avg:50.99ms
step:25/1190 train_time:1262ms step_avg:50.50ms
step:26/1190 train_time:1307ms step_avg:50.28ms
step:27/1190 train_time:1345ms step_avg:49.80ms
step:28/1190 train_time:1389ms step_avg:49.61ms
step:29/1190 train_time:1428ms step_avg:49.24ms
step:30/1190 train_time:1474ms step_avg:49.12ms
step:31/1190 train_time:1513ms step_avg:48.82ms
step:32/1190 train_time:1556ms step_avg:48.64ms
step:33/1190 train_time:1595ms step_avg:48.34ms
step:34/1190 train_time:1641ms step_avg:48.26ms
step:35/1190 train_time:1678ms step_avg:47.95ms
step:36/1190 train_time:1726ms step_avg:47.94ms
step:37/1190 train_time:1763ms step_avg:47.65ms
step:38/1190 train_time:1807ms step_avg:47.56ms
step:39/1190 train_time:1846ms step_avg:47.33ms
step:40/1190 train_time:1895ms step_avg:47.37ms
step:41/1190 train_time:1933ms step_avg:47.15ms
step:42/1190 train_time:1977ms step_avg:47.07ms
step:43/1190 train_time:2017ms step_avg:46.90ms
step:44/1190 train_time:2062ms step_avg:46.86ms
step:45/1190 train_time:2100ms step_avg:46.67ms
step:46/1190 train_time:2145ms step_avg:46.63ms
step:47/1190 train_time:2184ms step_avg:46.47ms
step:48/1190 train_time:2233ms step_avg:46.53ms
step:49/1190 train_time:2271ms step_avg:46.35ms
step:50/1190 train_time:2314ms step_avg:46.29ms
step:51/1190 train_time:2355ms step_avg:46.17ms
step:52/1190 train_time:2400ms step_avg:46.16ms
step:53/1190 train_time:2438ms step_avg:46.00ms
step:54/1190 train_time:2483ms step_avg:45.97ms
step:55/1190 train_time:2522ms step_avg:45.85ms
step:56/1190 train_time:2565ms step_avg:45.80ms
step:57/1190 train_time:2603ms step_avg:45.67ms
step:58/1190 train_time:2649ms step_avg:45.67ms
step:59/1190 train_time:2690ms step_avg:45.60ms
step:60/1190 train_time:2738ms step_avg:45.63ms
step:61/1190 train_time:2773ms step_avg:45.45ms
step:62/1190 train_time:2818ms step_avg:45.45ms
step:63/1190 train_time:2856ms step_avg:45.33ms
step:64/1190 train_time:2899ms step_avg:45.30ms
step:65/1190 train_time:2939ms step_avg:45.21ms
step:66/1190 train_time:2986ms step_avg:45.24ms
step:67/1190 train_time:3026ms step_avg:45.16ms
step:68/1190 train_time:3073ms step_avg:45.19ms
step:69/1190 train_time:3110ms step_avg:45.08ms
step:70/1190 train_time:3157ms step_avg:45.11ms
step:71/1190 train_time:3193ms step_avg:44.97ms
step:72/1190 train_time:3239ms step_avg:44.98ms
step:73/1190 train_time:3276ms step_avg:44.87ms
step:74/1190 train_time:3319ms step_avg:44.85ms
step:75/1190 train_time:3357ms step_avg:44.77ms
step:76/1190 train_time:3401ms step_avg:44.75ms
step:77/1190 train_time:3440ms step_avg:44.67ms
step:78/1190 train_time:3484ms step_avg:44.67ms
step:79/1190 train_time:3522ms step_avg:44.58ms
step:80/1190 train_time:3566ms step_avg:44.58ms
step:81/1190 train_time:3605ms step_avg:44.51ms
step:82/1190 train_time:3652ms step_avg:44.54ms
step:83/1190 train_time:3693ms step_avg:44.49ms
step:84/1190 train_time:3740ms step_avg:44.52ms
step:85/1190 train_time:3778ms step_avg:44.45ms
step:86/1190 train_time:3822ms step_avg:44.44ms
step:87/1190 train_time:3858ms step_avg:44.35ms
step:88/1190 train_time:3903ms step_avg:44.35ms
step:89/1190 train_time:3940ms step_avg:44.27ms
step:90/1190 train_time:3982ms step_avg:44.25ms
step:91/1190 train_time:4019ms step_avg:44.17ms
step:92/1190 train_time:4066ms step_avg:44.19ms
step:93/1190 train_time:4108ms step_avg:44.17ms
step:94/1190 train_time:4155ms step_avg:44.20ms
step:95/1190 train_time:4191ms step_avg:44.12ms
step:96/1190 train_time:4238ms step_avg:44.14ms
step:97/1190 train_time:4275ms step_avg:44.07ms
step:98/1190 train_time:4320ms step_avg:44.08ms
step:99/1190 train_time:4361ms step_avg:44.05ms
step:100/1190 train_time:4405ms step_avg:44.05ms
step:101/1190 train_time:4444ms step_avg:44.00ms
step:102/1190 train_time:4488ms step_avg:44.00ms
step:103/1190 train_time:4526ms step_avg:43.94ms
step:104/1190 train_time:4572ms step_avg:43.97ms
step:105/1190 train_time:4610ms step_avg:43.91ms
step:106/1190 train_time:4658ms step_avg:43.94ms
step:107/1190 train_time:4694ms step_avg:43.86ms
step:108/1190 train_time:4738ms step_avg:43.87ms
step:109/1190 train_time:4775ms step_avg:43.81ms
step:110/1190 train_time:4821ms step_avg:43.82ms
step:111/1190 train_time:4860ms step_avg:43.78ms
step:112/1190 train_time:4904ms step_avg:43.79ms
step:113/1190 train_time:4942ms step_avg:43.73ms
step:114/1190 train_time:4989ms step_avg:43.76ms
step:115/1190 train_time:5027ms step_avg:43.71ms
step:116/1190 train_time:5073ms step_avg:43.73ms
step:117/1190 train_time:5111ms step_avg:43.69ms
step:118/1190 train_time:5156ms step_avg:43.70ms
step:119/1190 train_time:5196ms step_avg:43.66ms
step:120/1190 train_time:5242ms step_avg:43.69ms
step:121/1190 train_time:5281ms step_avg:43.64ms
step:122/1190 train_time:5328ms step_avg:43.67ms
step:123/1190 train_time:5369ms step_avg:43.65ms
step:124/1190 train_time:5414ms step_avg:43.66ms
step:125/1190 train_time:5451ms step_avg:43.61ms
step:126/1190 train_time:5491ms step_avg:43.58ms
step:127/1190 train_time:5529ms step_avg:43.53ms
step:128/1190 train_time:5573ms step_avg:43.54ms
step:129/1190 train_time:5612ms step_avg:43.50ms
step:130/1190 train_time:5654ms step_avg:43.49ms
step:131/1190 train_time:5692ms step_avg:43.45ms
step:132/1190 train_time:5735ms step_avg:43.44ms
step:133/1190 train_time:5774ms step_avg:43.41ms
step:134/1190 train_time:5817ms step_avg:43.41ms
step:135/1190 train_time:5857ms step_avg:43.38ms
step:136/1190 train_time:5902ms step_avg:43.40ms
step:137/1190 train_time:5940ms step_avg:43.36ms
step:138/1190 train_time:5985ms step_avg:43.37ms
step:139/1190 train_time:6021ms step_avg:43.32ms
step:140/1190 train_time:6067ms step_avg:43.33ms
step:141/1190 train_time:6104ms step_avg:43.29ms
step:142/1190 train_time:6150ms step_avg:43.31ms
step:143/1190 train_time:6186ms step_avg:43.26ms
step:144/1190 train_time:6232ms step_avg:43.28ms
step:145/1190 train_time:6271ms step_avg:43.25ms
step:146/1190 train_time:6317ms step_avg:43.26ms
step:147/1190 train_time:6352ms step_avg:43.21ms
step:148/1190 train_time:6399ms step_avg:43.23ms
step:149/1190 train_time:6440ms step_avg:43.22ms
step:150/1190 train_time:6487ms step_avg:43.25ms
step:151/1190 train_time:6525ms step_avg:43.21ms
step:152/1190 train_time:6571ms step_avg:43.23ms
step:153/1190 train_time:6609ms step_avg:43.19ms
step:154/1190 train_time:6654ms step_avg:43.20ms
step:155/1190 train_time:6690ms step_avg:43.16ms
step:156/1190 train_time:6737ms step_avg:43.19ms
step:157/1190 train_time:6778ms step_avg:43.17ms
step:158/1190 train_time:6825ms step_avg:43.19ms
step:159/1190 train_time:6863ms step_avg:43.17ms
step:160/1190 train_time:6906ms step_avg:43.16ms
step:161/1190 train_time:6944ms step_avg:43.13ms
step:162/1190 train_time:6990ms step_avg:43.15ms
step:163/1190 train_time:7028ms step_avg:43.11ms
step:164/1190 train_time:7074ms step_avg:43.13ms
step:165/1190 train_time:7110ms step_avg:43.09ms
step:166/1190 train_time:7153ms step_avg:43.09ms
step:167/1190 train_time:7190ms step_avg:43.05ms
step:168/1190 train_time:7234ms step_avg:43.06ms
step:169/1190 train_time:7275ms step_avg:43.05ms
step:170/1190 train_time:7316ms step_avg:43.04ms
step:171/1190 train_time:7354ms step_avg:43.00ms
step:172/1190 train_time:7399ms step_avg:43.02ms
step:173/1190 train_time:7436ms step_avg:42.98ms
step:174/1190 train_time:7484ms step_avg:43.01ms
step:175/1190 train_time:7522ms step_avg:42.98ms
step:176/1190 train_time:7566ms step_avg:42.99ms
step:177/1190 train_time:7606ms step_avg:42.97ms
step:178/1190 train_time:7652ms step_avg:42.99ms
step:179/1190 train_time:7692ms step_avg:42.97ms
step:180/1190 train_time:7737ms step_avg:42.98ms
step:181/1190 train_time:7777ms step_avg:42.97ms
step:182/1190 train_time:7823ms step_avg:42.98ms
step:183/1190 train_time:7860ms step_avg:42.95ms
step:184/1190 train_time:7906ms step_avg:42.97ms
step:185/1190 train_time:7943ms step_avg:42.94ms
step:186/1190 train_time:7990ms step_avg:42.96ms
step:187/1190 train_time:8027ms step_avg:42.93ms
step:188/1190 train_time:8073ms step_avg:42.94ms
step:189/1190 train_time:8111ms step_avg:42.91ms
step:190/1190 train_time:8154ms step_avg:42.91ms
step:191/1190 train_time:8193ms step_avg:42.90ms
step:192/1190 train_time:8238ms step_avg:42.90ms
step:193/1190 train_time:8277ms step_avg:42.88ms
step:194/1190 train_time:8320ms step_avg:42.89ms
step:195/1190 train_time:8358ms step_avg:42.86ms
step:196/1190 train_time:8405ms step_avg:42.88ms
step:197/1190 train_time:8443ms step_avg:42.86ms
step:198/1190 train_time:8491ms step_avg:42.88ms
step:199/1190 train_time:8528ms step_avg:42.86ms
step:200/1190 train_time:8571ms step_avg:42.86ms
step:201/1190 train_time:8611ms step_avg:42.84ms
step:202/1190 train_time:8657ms step_avg:42.85ms
step:203/1190 train_time:8696ms step_avg:42.84ms
step:204/1190 train_time:8742ms step_avg:42.85ms
step:205/1190 train_time:8780ms step_avg:42.83ms
step:206/1190 train_time:8824ms step_avg:42.84ms
step:207/1190 train_time:8863ms step_avg:42.82ms
step:208/1190 train_time:8909ms step_avg:42.83ms
step:209/1190 train_time:8944ms step_avg:42.79ms
step:210/1190 train_time:8984ms step_avg:42.78ms
step:211/1190 train_time:9021ms step_avg:42.75ms
step:212/1190 train_time:9061ms step_avg:42.74ms
step:213/1190 train_time:9103ms step_avg:42.74ms
step:214/1190 train_time:9149ms step_avg:42.75ms
step:215/1190 train_time:9188ms step_avg:42.73ms
step:216/1190 train_time:9230ms step_avg:42.73ms
step:217/1190 train_time:9269ms step_avg:42.71ms
step:218/1190 train_time:9313ms step_avg:42.72ms
step:219/1190 train_time:9353ms step_avg:42.71ms
step:220/1190 train_time:9397ms step_avg:42.72ms
step:221/1190 train_time:9436ms step_avg:42.70ms
step:222/1190 train_time:9477ms step_avg:42.69ms
step:223/1190 train_time:9517ms step_avg:42.68ms
step:224/1190 train_time:9560ms step_avg:42.68ms
step:225/1190 train_time:9599ms step_avg:42.66ms
step:226/1190 train_time:9644ms step_avg:42.67ms
step:227/1190 train_time:9682ms step_avg:42.65ms
step:228/1190 train_time:9725ms step_avg:42.65ms
step:229/1190 train_time:9765ms step_avg:42.64ms
step:230/1190 train_time:9812ms step_avg:42.66ms
step:231/1190 train_time:9849ms step_avg:42.64ms
step:232/1190 train_time:9894ms step_avg:42.65ms
step:233/1190 train_time:9932ms step_avg:42.63ms
step:234/1190 train_time:9980ms step_avg:42.65ms
step:235/1190 train_time:10018ms step_avg:42.63ms
step:236/1190 train_time:10061ms step_avg:42.63ms
step:237/1190 train_time:10099ms step_avg:42.61ms
step:238/1190 train_time:10141ms step_avg:42.61ms
step:239/1190 train_time:10179ms step_avg:42.59ms
step:240/1190 train_time:10225ms step_avg:42.60ms
step:241/1190 train_time:10262ms step_avg:42.58ms
step:242/1190 train_time:10307ms step_avg:42.59ms
step:243/1190 train_time:10346ms step_avg:42.57ms
step:244/1190 train_time:10392ms step_avg:42.59ms
step:245/1190 train_time:10431ms step_avg:42.58ms
step:246/1190 train_time:10476ms step_avg:42.58ms
step:247/1190 train_time:10513ms step_avg:42.56ms
step:248/1190 train_time:10555ms step_avg:42.56ms
step:249/1190 train_time:10592ms step_avg:42.54ms
step:250/1190 train_time:10637ms step_avg:42.55ms
step:250/1190 val_loss:4.41019058 train_time:10646ms step_avg:42.58ms
step:251/1190 train_time:10684ms step_avg:42.56ms
step:252/1190 train_time:10728ms step_avg:42.57ms
step:253/1190 train_time:10766ms step_avg:42.55ms
step:254/1190 train_time:10814ms step_avg:42.57ms
step:255/1190 train_time:10851ms step_avg:42.55ms
step:256/1190 train_time:10899ms step_avg:42.57ms
step:257/1190 train_time:10934ms step_avg:42.55ms
step:258/1190 train_time:10979ms step_avg:42.55ms
step:259/1190 train_time:11015ms step_avg:42.53ms
step:260/1190 train_time:11059ms step_avg:42.53ms
step:261/1190 train_time:11095ms step_avg:42.51ms
step:262/1190 train_time:11139ms step_avg:42.51ms
step:263/1190 train_time:11176ms step_avg:42.49ms
step:264/1190 train_time:11219ms step_avg:42.50ms
step:265/1190 train_time:11257ms step_avg:42.48ms
step:266/1190 train_time:11300ms step_avg:42.48ms
step:267/1190 train_time:11336ms step_avg:42.46ms
step:268/1190 train_time:11382ms step_avg:42.47ms
step:269/1190 train_time:11421ms step_avg:42.46ms
step:270/1190 train_time:11466ms step_avg:42.47ms
step:271/1190 train_time:11504ms step_avg:42.45ms
step:272/1190 train_time:11550ms step_avg:42.46ms
step:273/1190 train_time:11587ms step_avg:42.44ms
step:274/1190 train_time:11631ms step_avg:42.45ms
step:275/1190 train_time:11668ms step_avg:42.43ms
step:276/1190 train_time:11713ms step_avg:42.44ms
step:277/1190 train_time:11750ms step_avg:42.42ms
step:278/1190 train_time:11796ms step_avg:42.43ms
step:279/1190 train_time:11835ms step_avg:42.42ms
step:280/1190 train_time:11880ms step_avg:42.43ms
step:281/1190 train_time:11920ms step_avg:42.42ms
step:282/1190 train_time:11964ms step_avg:42.43ms
step:283/1190 train_time:12001ms step_avg:42.41ms
step:284/1190 train_time:12047ms step_avg:42.42ms
step:285/1190 train_time:12086ms step_avg:42.41ms
step:286/1190 train_time:12133ms step_avg:42.42ms
step:287/1190 train_time:12173ms step_avg:42.41ms
step:288/1190 train_time:12229ms step_avg:42.46ms
step:289/1190 train_time:12274ms step_avg:42.47ms
step:290/1190 train_time:12335ms step_avg:42.53ms
step:291/1190 train_time:12379ms step_avg:42.54ms
step:292/1190 train_time:12438ms step_avg:42.60ms
step:293/1190 train_time:12484ms step_avg:42.61ms
step:294/1190 train_time:12543ms step_avg:42.66ms
step:295/1190 train_time:12589ms step_avg:42.67ms
step:296/1190 train_time:12649ms step_avg:42.73ms
step:297/1190 train_time:12694ms step_avg:42.74ms
step:298/1190 train_time:12752ms step_avg:42.79ms
step:299/1190 train_time:12798ms step_avg:42.80ms
step:300/1190 train_time:12857ms step_avg:42.86ms
step:301/1190 train_time:12902ms step_avg:42.86ms
step:302/1190 train_time:12964ms step_avg:42.93ms
step:303/1190 train_time:13008ms step_avg:42.93ms
step:304/1190 train_time:13068ms step_avg:42.99ms
step:305/1190 train_time:13113ms step_avg:42.99ms
step:306/1190 train_time:13173ms step_avg:43.05ms
step:307/1190 train_time:13219ms step_avg:43.06ms
step:308/1190 train_time:13278ms step_avg:43.11ms
step:309/1190 train_time:13324ms step_avg:43.12ms
step:310/1190 train_time:13383ms step_avg:43.17ms
step:311/1190 train_time:13427ms step_avg:43.17ms
step:312/1190 train_time:13488ms step_avg:43.23ms
step:313/1190 train_time:13533ms step_avg:43.24ms
step:314/1190 train_time:13593ms step_avg:43.29ms
step:315/1190 train_time:13637ms step_avg:43.29ms
step:316/1190 train_time:13697ms step_avg:43.35ms
step:317/1190 train_time:13743ms step_avg:43.35ms
step:318/1190 train_time:13801ms step_avg:43.40ms
step:319/1190 train_time:13848ms step_avg:43.41ms
step:320/1190 train_time:13905ms step_avg:43.45ms
step:321/1190 train_time:13953ms step_avg:43.47ms
step:322/1190 train_time:14010ms step_avg:43.51ms
step:323/1190 train_time:14057ms step_avg:43.52ms
step:324/1190 train_time:14115ms step_avg:43.56ms
step:325/1190 train_time:14161ms step_avg:43.57ms
step:326/1190 train_time:14221ms step_avg:43.62ms
step:327/1190 train_time:14265ms step_avg:43.62ms
step:328/1190 train_time:14330ms step_avg:43.69ms
step:329/1190 train_time:14372ms step_avg:43.68ms
step:330/1190 train_time:14430ms step_avg:43.73ms
step:331/1190 train_time:14474ms step_avg:43.73ms
step:332/1190 train_time:14535ms step_avg:43.78ms
step:333/1190 train_time:14581ms step_avg:43.79ms
step:334/1190 train_time:14641ms step_avg:43.84ms
step:335/1190 train_time:14685ms step_avg:43.84ms
step:336/1190 train_time:14745ms step_avg:43.88ms
step:337/1190 train_time:14789ms step_avg:43.88ms
step:338/1190 train_time:14892ms step_avg:44.06ms
step:339/1190 train_time:14933ms step_avg:44.05ms
step:340/1190 train_time:14978ms step_avg:44.05ms
step:341/1190 train_time:15018ms step_avg:44.04ms
step:342/1190 train_time:15065ms step_avg:44.05ms
step:343/1190 train_time:15110ms step_avg:44.05ms
step:344/1190 train_time:15170ms step_avg:44.10ms
step:345/1190 train_time:15214ms step_avg:44.10ms
step:346/1190 train_time:15274ms step_avg:44.15ms
step:347/1190 train_time:15319ms step_avg:44.15ms
step:348/1190 train_time:15379ms step_avg:44.19ms
step:349/1190 train_time:15425ms step_avg:44.20ms
step:350/1190 train_time:15485ms step_avg:44.24ms
step:351/1190 train_time:15530ms step_avg:44.24ms
step:352/1190 train_time:15589ms step_avg:44.29ms
step:353/1190 train_time:15636ms step_avg:44.29ms
step:354/1190 train_time:15695ms step_avg:44.33ms
step:355/1190 train_time:15740ms step_avg:44.34ms
step:356/1190 train_time:15798ms step_avg:44.38ms
step:357/1190 train_time:15845ms step_avg:44.38ms
step:358/1190 train_time:15904ms step_avg:44.42ms
step:359/1190 train_time:15949ms step_avg:44.43ms
step:360/1190 train_time:16010ms step_avg:44.47ms
step:361/1190 train_time:16054ms step_avg:44.47ms
step:362/1190 train_time:16115ms step_avg:44.52ms
step:363/1190 train_time:16159ms step_avg:44.52ms
step:364/1190 train_time:16218ms step_avg:44.55ms
step:365/1190 train_time:16265ms step_avg:44.56ms
step:366/1190 train_time:16323ms step_avg:44.60ms
step:367/1190 train_time:16370ms step_avg:44.60ms
step:368/1190 train_time:16429ms step_avg:44.64ms
step:369/1190 train_time:16476ms step_avg:44.65ms
step:370/1190 train_time:16534ms step_avg:44.69ms
step:371/1190 train_time:16579ms step_avg:44.69ms
step:372/1190 train_time:16638ms step_avg:44.72ms
step:373/1190 train_time:16683ms step_avg:44.73ms
step:374/1190 train_time:16746ms step_avg:44.78ms
step:375/1190 train_time:16788ms step_avg:44.77ms
step:376/1190 train_time:16849ms step_avg:44.81ms
step:377/1190 train_time:16893ms step_avg:44.81ms
step:378/1190 train_time:16953ms step_avg:44.85ms
step:379/1190 train_time:16996ms step_avg:44.85ms
step:380/1190 train_time:17057ms step_avg:44.89ms
step:381/1190 train_time:17102ms step_avg:44.89ms
step:382/1190 train_time:17163ms step_avg:44.93ms
step:383/1190 train_time:17207ms step_avg:44.93ms
step:384/1190 train_time:17268ms step_avg:44.97ms
step:385/1190 train_time:17313ms step_avg:44.97ms
step:386/1190 train_time:17373ms step_avg:45.01ms
step:387/1190 train_time:17418ms step_avg:45.01ms
step:388/1190 train_time:17476ms step_avg:45.04ms
step:389/1190 train_time:17523ms step_avg:45.05ms
step:390/1190 train_time:17583ms step_avg:45.08ms
step:391/1190 train_time:17628ms step_avg:45.08ms
step:392/1190 train_time:17688ms step_avg:45.12ms
step:393/1190 train_time:17733ms step_avg:45.12ms
step:394/1190 train_time:17792ms step_avg:45.16ms
step:395/1190 train_time:17836ms step_avg:45.16ms
step:396/1190 train_time:17895ms step_avg:45.19ms
step:397/1190 train_time:17941ms step_avg:45.19ms
step:398/1190 train_time:18002ms step_avg:45.23ms
step:399/1190 train_time:18047ms step_avg:45.23ms
step:400/1190 train_time:18106ms step_avg:45.27ms
step:401/1190 train_time:18151ms step_avg:45.27ms
step:402/1190 train_time:18212ms step_avg:45.30ms
step:403/1190 train_time:18257ms step_avg:45.30ms
step:404/1190 train_time:18317ms step_avg:45.34ms
step:405/1190 train_time:18361ms step_avg:45.33ms
step:406/1190 train_time:18422ms step_avg:45.37ms
step:407/1190 train_time:18466ms step_avg:45.37ms
step:408/1190 train_time:18526ms step_avg:45.41ms
step:409/1190 train_time:18572ms step_avg:45.41ms
step:410/1190 train_time:18631ms step_avg:45.44ms
step:411/1190 train_time:18676ms step_avg:45.44ms
step:412/1190 train_time:18737ms step_avg:45.48ms
step:413/1190 train_time:18782ms step_avg:45.48ms
step:414/1190 train_time:18842ms step_avg:45.51ms
step:415/1190 train_time:18887ms step_avg:45.51ms
step:416/1190 train_time:18948ms step_avg:45.55ms
step:417/1190 train_time:18992ms step_avg:45.55ms
step:418/1190 train_time:19052ms step_avg:45.58ms
step:419/1190 train_time:19097ms step_avg:45.58ms
step:420/1190 train_time:19155ms step_avg:45.61ms
step:421/1190 train_time:19202ms step_avg:45.61ms
step:422/1190 train_time:19261ms step_avg:45.64ms
step:423/1190 train_time:19308ms step_avg:45.64ms
step:424/1190 train_time:19368ms step_avg:45.68ms
step:425/1190 train_time:19413ms step_avg:45.68ms
step:426/1190 train_time:19471ms step_avg:45.71ms
step:427/1190 train_time:19518ms step_avg:45.71ms
step:428/1190 train_time:19577ms step_avg:45.74ms
step:429/1190 train_time:19622ms step_avg:45.74ms
step:430/1190 train_time:19683ms step_avg:45.77ms
step:431/1190 train_time:19728ms step_avg:45.77ms
step:432/1190 train_time:19788ms step_avg:45.81ms
step:433/1190 train_time:19833ms step_avg:45.80ms
step:434/1190 train_time:19893ms step_avg:45.84ms
step:435/1190 train_time:19936ms step_avg:45.83ms
step:436/1190 train_time:19996ms step_avg:45.86ms
step:437/1190 train_time:20041ms step_avg:45.86ms
step:438/1190 train_time:20103ms step_avg:45.90ms
step:439/1190 train_time:20146ms step_avg:45.89ms
step:440/1190 train_time:20206ms step_avg:45.92ms
step:441/1190 train_time:20250ms step_avg:45.92ms
step:442/1190 train_time:20313ms step_avg:45.96ms
step:443/1190 train_time:20356ms step_avg:45.95ms
step:444/1190 train_time:20416ms step_avg:45.98ms
step:445/1190 train_time:20460ms step_avg:45.98ms
step:446/1190 train_time:20523ms step_avg:46.01ms
step:447/1190 train_time:20566ms step_avg:46.01ms
step:448/1190 train_time:20624ms step_avg:46.04ms
step:449/1190 train_time:20670ms step_avg:46.04ms
step:450/1190 train_time:20732ms step_avg:46.07ms
step:451/1190 train_time:20778ms step_avg:46.07ms
step:452/1190 train_time:20836ms step_avg:46.10ms
step:453/1190 train_time:20882ms step_avg:46.10ms
step:454/1190 train_time:20941ms step_avg:46.12ms
step:455/1190 train_time:20987ms step_avg:46.13ms
step:456/1190 train_time:21046ms step_avg:46.15ms
step:457/1190 train_time:21092ms step_avg:46.15ms
step:458/1190 train_time:21151ms step_avg:46.18ms
step:459/1190 train_time:21196ms step_avg:46.18ms
step:460/1190 train_time:21256ms step_avg:46.21ms
step:461/1190 train_time:21299ms step_avg:46.20ms
step:462/1190 train_time:21359ms step_avg:46.23ms
step:463/1190 train_time:21407ms step_avg:46.24ms
step:464/1190 train_time:21466ms step_avg:46.26ms
step:465/1190 train_time:21512ms step_avg:46.26ms
step:466/1190 train_time:21572ms step_avg:46.29ms
step:467/1190 train_time:21617ms step_avg:46.29ms
step:468/1190 train_time:21676ms step_avg:46.32ms
step:469/1190 train_time:21722ms step_avg:46.32ms
step:470/1190 train_time:21782ms step_avg:46.34ms
step:471/1190 train_time:21827ms step_avg:46.34ms
step:472/1190 train_time:21887ms step_avg:46.37ms
step:473/1190 train_time:21932ms step_avg:46.37ms
step:474/1190 train_time:21992ms step_avg:46.40ms
step:475/1190 train_time:22036ms step_avg:46.39ms
step:476/1190 train_time:22096ms step_avg:46.42ms
step:477/1190 train_time:22140ms step_avg:46.42ms
step:478/1190 train_time:22201ms step_avg:46.45ms
step:479/1190 train_time:22247ms step_avg:46.44ms
step:480/1190 train_time:22306ms step_avg:46.47ms
step:481/1190 train_time:22350ms step_avg:46.47ms
step:482/1190 train_time:22411ms step_avg:46.50ms
step:483/1190 train_time:22456ms step_avg:46.49ms
step:484/1190 train_time:22516ms step_avg:46.52ms
step:485/1190 train_time:22561ms step_avg:46.52ms
step:486/1190 train_time:22621ms step_avg:46.55ms
step:487/1190 train_time:22666ms step_avg:46.54ms
step:488/1190 train_time:22725ms step_avg:46.57ms
step:489/1190 train_time:22772ms step_avg:46.57ms
step:490/1190 train_time:22831ms step_avg:46.59ms
step:491/1190 train_time:22876ms step_avg:46.59ms
step:492/1190 train_time:22936ms step_avg:46.62ms
step:493/1190 train_time:22980ms step_avg:46.61ms
step:494/1190 train_time:23042ms step_avg:46.64ms
step:495/1190 train_time:23086ms step_avg:46.64ms
step:496/1190 train_time:23146ms step_avg:46.67ms
step:497/1190 train_time:23192ms step_avg:46.66ms
step:498/1190 train_time:23251ms step_avg:46.69ms
step:499/1190 train_time:23295ms step_avg:46.68ms
step:500/1190 train_time:23356ms step_avg:46.71ms
step:500/1190 val_loss:3.88744569 train_time:23403ms step_avg:46.81ms
step:501/1190 train_time:23439ms step_avg:46.79ms
step:502/1190 train_time:23483ms step_avg:46.78ms
step:503/1190 train_time:23521ms step_avg:46.76ms
step:504/1190 train_time:23570ms step_avg:46.77ms
step:505/1190 train_time:23621ms step_avg:46.77ms
step:506/1190 train_time:23681ms step_avg:46.80ms
step:507/1190 train_time:23729ms step_avg:46.80ms
step:508/1190 train_time:23789ms step_avg:46.83ms
step:509/1190 train_time:23834ms step_avg:46.83ms
step:510/1190 train_time:23893ms step_avg:46.85ms
step:511/1190 train_time:23939ms step_avg:46.85ms
step:512/1190 train_time:23999ms step_avg:46.87ms
step:513/1190 train_time:24044ms step_avg:46.87ms
step:514/1190 train_time:24104ms step_avg:46.90ms
step:515/1190 train_time:24150ms step_avg:46.89ms
step:516/1190 train_time:24209ms step_avg:46.92ms
step:517/1190 train_time:24256ms step_avg:46.92ms
step:518/1190 train_time:24313ms step_avg:46.94ms
step:519/1190 train_time:24359ms step_avg:46.93ms
step:520/1190 train_time:24419ms step_avg:46.96ms
step:521/1190 train_time:24464ms step_avg:46.96ms
step:522/1190 train_time:24523ms step_avg:46.98ms
step:523/1190 train_time:24570ms step_avg:46.98ms
step:524/1190 train_time:24629ms step_avg:47.00ms
step:525/1190 train_time:24675ms step_avg:47.00ms
step:526/1190 train_time:24734ms step_avg:47.02ms
step:527/1190 train_time:24781ms step_avg:47.02ms
step:528/1190 train_time:24840ms step_avg:47.05ms
step:529/1190 train_time:24884ms step_avg:47.04ms
step:530/1190 train_time:24945ms step_avg:47.07ms
step:531/1190 train_time:24991ms step_avg:47.06ms
step:532/1190 train_time:25051ms step_avg:47.09ms
step:533/1190 train_time:25096ms step_avg:47.08ms
step:534/1190 train_time:25155ms step_avg:47.11ms
step:535/1190 train_time:25200ms step_avg:47.10ms
step:536/1190 train_time:25260ms step_avg:47.13ms
step:537/1190 train_time:25306ms step_avg:47.12ms
step:538/1190 train_time:25367ms step_avg:47.15ms
step:539/1190 train_time:25411ms step_avg:47.15ms
step:540/1190 train_time:25470ms step_avg:47.17ms
step:541/1190 train_time:25515ms step_avg:47.16ms
step:542/1190 train_time:25574ms step_avg:47.18ms
step:543/1190 train_time:25620ms step_avg:47.18ms
step:544/1190 train_time:25680ms step_avg:47.21ms
step:545/1190 train_time:25726ms step_avg:47.20ms
step:546/1190 train_time:25787ms step_avg:47.23ms
step:547/1190 train_time:25830ms step_avg:47.22ms
step:548/1190 train_time:25891ms step_avg:47.25ms
step:549/1190 train_time:25937ms step_avg:47.24ms
step:550/1190 train_time:25997ms step_avg:47.27ms
step:551/1190 train_time:26040ms step_avg:47.26ms
step:552/1190 train_time:26100ms step_avg:47.28ms
step:553/1190 train_time:26145ms step_avg:47.28ms
step:554/1190 train_time:26207ms step_avg:47.31ms
step:555/1190 train_time:26250ms step_avg:47.30ms
step:556/1190 train_time:26311ms step_avg:47.32ms
step:557/1190 train_time:26358ms step_avg:47.32ms
step:558/1190 train_time:26418ms step_avg:47.34ms
step:559/1190 train_time:26461ms step_avg:47.34ms
step:560/1190 train_time:26523ms step_avg:47.36ms
step:561/1190 train_time:26567ms step_avg:47.36ms
step:562/1190 train_time:26628ms step_avg:47.38ms
step:563/1190 train_time:26670ms step_avg:47.37ms
step:564/1190 train_time:26732ms step_avg:47.40ms
step:565/1190 train_time:26778ms step_avg:47.39ms
step:566/1190 train_time:26838ms step_avg:47.42ms
step:567/1190 train_time:26883ms step_avg:47.41ms
step:568/1190 train_time:26942ms step_avg:47.43ms
step:569/1190 train_time:26988ms step_avg:47.43ms
step:570/1190 train_time:27047ms step_avg:47.45ms
step:571/1190 train_time:27093ms step_avg:47.45ms
step:572/1190 train_time:27152ms step_avg:47.47ms
step:573/1190 train_time:27197ms step_avg:47.46ms
step:574/1190 train_time:27257ms step_avg:47.49ms
step:575/1190 train_time:27302ms step_avg:47.48ms
step:576/1190 train_time:27361ms step_avg:47.50ms
step:577/1190 train_time:27407ms step_avg:47.50ms
step:578/1190 train_time:27468ms step_avg:47.52ms
step:579/1190 train_time:27512ms step_avg:47.52ms
step:580/1190 train_time:27570ms step_avg:47.53ms
step:581/1190 train_time:27618ms step_avg:47.53ms
step:582/1190 train_time:27678ms step_avg:47.56ms
step:583/1190 train_time:27723ms step_avg:47.55ms
step:584/1190 train_time:27785ms step_avg:47.58ms
step:585/1190 train_time:27829ms step_avg:47.57ms
step:586/1190 train_time:27889ms step_avg:47.59ms
step:587/1190 train_time:27934ms step_avg:47.59ms
step:588/1190 train_time:27992ms step_avg:47.61ms
step:589/1190 train_time:28037ms step_avg:47.60ms
step:590/1190 train_time:28099ms step_avg:47.63ms
step:591/1190 train_time:28144ms step_avg:47.62ms
step:592/1190 train_time:28205ms step_avg:47.64ms
step:593/1190 train_time:28249ms step_avg:47.64ms
step:594/1190 train_time:28310ms step_avg:47.66ms
step:595/1190 train_time:28356ms step_avg:47.66ms
step:596/1190 train_time:28415ms step_avg:47.68ms
step:597/1190 train_time:28460ms step_avg:47.67ms
step:598/1190 train_time:28520ms step_avg:47.69ms
step:599/1190 train_time:28565ms step_avg:47.69ms
step:600/1190 train_time:28624ms step_avg:47.71ms
step:601/1190 train_time:28670ms step_avg:47.70ms
step:602/1190 train_time:28731ms step_avg:47.73ms
step:603/1190 train_time:28776ms step_avg:47.72ms
step:604/1190 train_time:28837ms step_avg:47.74ms
step:605/1190 train_time:28880ms step_avg:47.74ms
step:606/1190 train_time:28941ms step_avg:47.76ms
step:607/1190 train_time:28987ms step_avg:47.75ms
step:608/1190 train_time:29045ms step_avg:47.77ms
step:609/1190 train_time:29092ms step_avg:47.77ms
step:610/1190 train_time:29150ms step_avg:47.79ms
step:611/1190 train_time:29196ms step_avg:47.78ms
step:612/1190 train_time:29256ms step_avg:47.80ms
step:613/1190 train_time:29300ms step_avg:47.80ms
step:614/1190 train_time:29358ms step_avg:47.81ms
step:615/1190 train_time:29406ms step_avg:47.82ms
step:616/1190 train_time:29467ms step_avg:47.84ms
step:617/1190 train_time:29512ms step_avg:47.83ms
step:618/1190 train_time:29570ms step_avg:47.85ms
step:619/1190 train_time:29617ms step_avg:47.85ms
step:620/1190 train_time:29677ms step_avg:47.87ms
step:621/1190 train_time:29722ms step_avg:47.86ms
step:622/1190 train_time:29782ms step_avg:47.88ms
step:623/1190 train_time:29828ms step_avg:47.88ms
step:624/1190 train_time:29885ms step_avg:47.89ms
step:625/1190 train_time:29933ms step_avg:47.89ms
step:626/1190 train_time:29993ms step_avg:47.91ms
step:627/1190 train_time:30037ms step_avg:47.91ms
step:628/1190 train_time:30096ms step_avg:47.92ms
step:629/1190 train_time:30142ms step_avg:47.92ms
step:630/1190 train_time:30202ms step_avg:47.94ms
step:631/1190 train_time:30249ms step_avg:47.94ms
step:632/1190 train_time:30309ms step_avg:47.96ms
step:633/1190 train_time:30354ms step_avg:47.95ms
step:634/1190 train_time:30413ms step_avg:47.97ms
step:635/1190 train_time:30458ms step_avg:47.97ms
step:636/1190 train_time:30518ms step_avg:47.98ms
step:637/1190 train_time:30564ms step_avg:47.98ms
step:638/1190 train_time:30625ms step_avg:48.00ms
step:639/1190 train_time:30671ms step_avg:48.00ms
step:640/1190 train_time:30729ms step_avg:48.01ms
step:641/1190 train_time:30775ms step_avg:48.01ms
step:642/1190 train_time:30836ms step_avg:48.03ms
step:643/1190 train_time:30880ms step_avg:48.02ms
step:644/1190 train_time:30941ms step_avg:48.04ms
step:645/1190 train_time:30985ms step_avg:48.04ms
step:646/1190 train_time:31045ms step_avg:48.06ms
step:647/1190 train_time:31090ms step_avg:48.05ms
step:648/1190 train_time:31149ms step_avg:48.07ms
step:649/1190 train_time:31195ms step_avg:48.07ms
step:650/1190 train_time:31253ms step_avg:48.08ms
step:651/1190 train_time:31299ms step_avg:48.08ms
step:652/1190 train_time:31362ms step_avg:48.10ms
step:653/1190 train_time:31406ms step_avg:48.10ms
step:654/1190 train_time:31476ms step_avg:48.13ms
step:655/1190 train_time:31521ms step_avg:48.12ms
step:656/1190 train_time:31574ms step_avg:48.13ms
step:657/1190 train_time:31618ms step_avg:48.12ms
step:658/1190 train_time:31678ms step_avg:48.14ms
step:659/1190 train_time:31723ms step_avg:48.14ms
step:660/1190 train_time:31782ms step_avg:48.16ms
step:661/1190 train_time:31829ms step_avg:48.15ms
step:662/1190 train_time:31889ms step_avg:48.17ms
step:663/1190 train_time:31934ms step_avg:48.17ms
step:664/1190 train_time:31992ms step_avg:48.18ms
step:665/1190 train_time:32038ms step_avg:48.18ms
step:666/1190 train_time:32098ms step_avg:48.20ms
step:667/1190 train_time:32144ms step_avg:48.19ms
step:668/1190 train_time:32203ms step_avg:48.21ms
step:669/1190 train_time:32250ms step_avg:48.21ms
step:670/1190 train_time:32309ms step_avg:48.22ms
step:671/1190 train_time:32354ms step_avg:48.22ms
step:672/1190 train_time:32414ms step_avg:48.24ms
step:673/1190 train_time:32459ms step_avg:48.23ms
step:674/1190 train_time:32519ms step_avg:48.25ms
step:675/1190 train_time:32565ms step_avg:48.24ms
step:676/1190 train_time:32624ms step_avg:48.26ms
step:677/1190 train_time:32670ms step_avg:48.26ms
step:678/1190 train_time:32729ms step_avg:48.27ms
step:679/1190 train_time:32776ms step_avg:48.27ms
step:680/1190 train_time:32834ms step_avg:48.29ms
step:681/1190 train_time:32880ms step_avg:48.28ms
step:682/1190 train_time:32940ms step_avg:48.30ms
step:683/1190 train_time:32986ms step_avg:48.30ms
step:684/1190 train_time:33044ms step_avg:48.31ms
step:685/1190 train_time:33092ms step_avg:48.31ms
step:686/1190 train_time:33152ms step_avg:48.33ms
step:687/1190 train_time:33197ms step_avg:48.32ms
step:688/1190 train_time:33255ms step_avg:48.34ms
step:689/1190 train_time:33301ms step_avg:48.33ms
step:690/1190 train_time:33362ms step_avg:48.35ms
step:691/1190 train_time:33406ms step_avg:48.35ms
step:692/1190 train_time:33467ms step_avg:48.36ms
step:693/1190 train_time:33512ms step_avg:48.36ms
step:694/1190 train_time:33573ms step_avg:48.38ms
step:695/1190 train_time:33617ms step_avg:48.37ms
step:696/1190 train_time:33678ms step_avg:48.39ms
step:697/1190 train_time:33723ms step_avg:48.38ms
step:698/1190 train_time:33782ms step_avg:48.40ms
step:699/1190 train_time:33828ms step_avg:48.40ms
step:700/1190 train_time:33890ms step_avg:48.41ms
step:701/1190 train_time:33933ms step_avg:48.41ms
step:702/1190 train_time:33992ms step_avg:48.42ms
step:703/1190 train_time:34038ms step_avg:48.42ms
step:704/1190 train_time:34098ms step_avg:48.44ms
step:705/1190 train_time:34143ms step_avg:48.43ms
step:706/1190 train_time:34205ms step_avg:48.45ms
step:707/1190 train_time:34247ms step_avg:48.44ms
step:708/1190 train_time:34309ms step_avg:48.46ms
step:709/1190 train_time:34378ms step_avg:48.49ms
step:710/1190 train_time:34464ms step_avg:48.54ms
step:711/1190 train_time:34530ms step_avg:48.57ms
step:712/1190 train_time:34612ms step_avg:48.61ms
step:713/1190 train_time:34681ms step_avg:48.64ms
step:714/1190 train_time:34762ms step_avg:48.69ms
step:715/1190 train_time:34833ms step_avg:48.72ms
step:716/1190 train_time:34915ms step_avg:48.76ms
step:717/1190 train_time:34984ms step_avg:48.79ms
step:718/1190 train_time:35067ms step_avg:48.84ms
step:719/1190 train_time:35135ms step_avg:48.87ms
step:720/1190 train_time:35218ms step_avg:48.91ms
step:721/1190 train_time:35287ms step_avg:48.94ms
step:722/1190 train_time:35372ms step_avg:48.99ms
step:723/1190 train_time:35438ms step_avg:49.02ms
step:724/1190 train_time:35522ms step_avg:49.06ms
step:725/1190 train_time:35590ms step_avg:49.09ms
step:726/1190 train_time:35674ms step_avg:49.14ms
step:727/1190 train_time:35742ms step_avg:49.16ms
step:728/1190 train_time:35827ms step_avg:49.21ms
step:729/1190 train_time:35893ms step_avg:49.24ms
step:730/1190 train_time:35977ms step_avg:49.28ms
step:731/1190 train_time:36048ms step_avg:49.31ms
step:732/1190 train_time:36129ms step_avg:49.36ms
step:733/1190 train_time:36197ms step_avg:49.38ms
step:734/1190 train_time:36280ms step_avg:49.43ms
step:735/1190 train_time:36348ms step_avg:49.45ms
step:736/1190 train_time:36430ms step_avg:49.50ms
step:737/1190 train_time:36500ms step_avg:49.53ms
step:738/1190 train_time:36582ms step_avg:49.57ms
step:739/1190 train_time:36652ms step_avg:49.60ms
step:740/1190 train_time:36734ms step_avg:49.64ms
step:741/1190 train_time:36801ms step_avg:49.66ms
step:742/1190 train_time:36885ms step_avg:49.71ms
step:743/1190 train_time:36954ms step_avg:49.74ms
step:744/1190 train_time:37036ms step_avg:49.78ms
step:745/1190 train_time:37105ms step_avg:49.81ms
step:746/1190 train_time:37189ms step_avg:49.85ms
step:747/1190 train_time:37256ms step_avg:49.87ms
step:748/1190 train_time:37339ms step_avg:49.92ms
step:749/1190 train_time:37408ms step_avg:49.94ms
step:750/1190 train_time:37491ms step_avg:49.99ms
step:750/1190 val_loss:3.50519562 train_time:37563ms step_avg:50.08ms
step:751/1190 train_time:37600ms step_avg:50.07ms
step:752/1190 train_time:37647ms step_avg:50.06ms
step:753/1190 train_time:37719ms step_avg:50.09ms
step:754/1190 train_time:37804ms step_avg:50.14ms
step:755/1190 train_time:37873ms step_avg:50.16ms
step:756/1190 train_time:37956ms step_avg:50.21ms
step:757/1190 train_time:38024ms step_avg:50.23ms
step:758/1190 train_time:38105ms step_avg:50.27ms
step:759/1190 train_time:38173ms step_avg:50.29ms
step:760/1190 train_time:38256ms step_avg:50.34ms
step:761/1190 train_time:38324ms step_avg:50.36ms
step:762/1190 train_time:38407ms step_avg:50.40ms
step:763/1190 train_time:38474ms step_avg:50.43ms
step:764/1190 train_time:38558ms step_avg:50.47ms
step:765/1190 train_time:38627ms step_avg:50.49ms
step:766/1190 train_time:38711ms step_avg:50.54ms
step:767/1190 train_time:38780ms step_avg:50.56ms
step:768/1190 train_time:38865ms step_avg:50.61ms
step:769/1190 train_time:38932ms step_avg:50.63ms
step:770/1190 train_time:39015ms step_avg:50.67ms
step:771/1190 train_time:39085ms step_avg:50.69ms
step:772/1190 train_time:39168ms step_avg:50.74ms
step:773/1190 train_time:39236ms step_avg:50.76ms
step:774/1190 train_time:39318ms step_avg:50.80ms
step:775/1190 train_time:39386ms step_avg:50.82ms
step:776/1190 train_time:39470ms step_avg:50.86ms
step:777/1190 train_time:39537ms step_avg:50.88ms
step:778/1190 train_time:39619ms step_avg:50.92ms
step:779/1190 train_time:39689ms step_avg:50.95ms
step:780/1190 train_time:39772ms step_avg:50.99ms
step:781/1190 train_time:39843ms step_avg:51.02ms
step:782/1190 train_time:39926ms step_avg:51.06ms
step:783/1190 train_time:39994ms step_avg:51.08ms
step:784/1190 train_time:40077ms step_avg:51.12ms
step:785/1190 train_time:40146ms step_avg:51.14ms
step:786/1190 train_time:40229ms step_avg:51.18ms
step:787/1190 train_time:40297ms step_avg:51.20ms
step:788/1190 train_time:40381ms step_avg:51.25ms
step:789/1190 train_time:40450ms step_avg:51.27ms
step:790/1190 train_time:40531ms step_avg:51.30ms
step:791/1190 train_time:40600ms step_avg:51.33ms
step:792/1190 train_time:40681ms step_avg:51.37ms
step:793/1190 train_time:40752ms step_avg:51.39ms
step:794/1190 train_time:40835ms step_avg:51.43ms
step:795/1190 train_time:40905ms step_avg:51.45ms
step:796/1190 train_time:40988ms step_avg:51.49ms
step:797/1190 train_time:41056ms step_avg:51.51ms
step:798/1190 train_time:41139ms step_avg:51.55ms
step:799/1190 train_time:41208ms step_avg:51.57ms
step:800/1190 train_time:41291ms step_avg:51.61ms
step:801/1190 train_time:41359ms step_avg:51.63ms
step:802/1190 train_time:41441ms step_avg:51.67ms
step:803/1190 train_time:41510ms step_avg:51.69ms
step:804/1190 train_time:41593ms step_avg:51.73ms
step:805/1190 train_time:41662ms step_avg:51.75ms
step:806/1190 train_time:41744ms step_avg:51.79ms
step:807/1190 train_time:41812ms step_avg:51.81ms
step:808/1190 train_time:41895ms step_avg:51.85ms
step:809/1190 train_time:41964ms step_avg:51.87ms
step:810/1190 train_time:42046ms step_avg:51.91ms
step:811/1190 train_time:42117ms step_avg:51.93ms
step:812/1190 train_time:42198ms step_avg:51.97ms
step:813/1190 train_time:42268ms step_avg:51.99ms
step:814/1190 train_time:42351ms step_avg:52.03ms
step:815/1190 train_time:42421ms step_avg:52.05ms
step:816/1190 train_time:42502ms step_avg:52.09ms
step:817/1190 train_time:42572ms step_avg:52.11ms
step:818/1190 train_time:42655ms step_avg:52.15ms
step:819/1190 train_time:42722ms step_avg:52.16ms
step:820/1190 train_time:42805ms step_avg:52.20ms
step:821/1190 train_time:42873ms step_avg:52.22ms
step:822/1190 train_time:42955ms step_avg:52.26ms
step:823/1190 train_time:43025ms step_avg:52.28ms
step:824/1190 train_time:43108ms step_avg:52.32ms
step:825/1190 train_time:43178ms step_avg:52.34ms
step:826/1190 train_time:43262ms step_avg:52.38ms
step:827/1190 train_time:43329ms step_avg:52.39ms
step:828/1190 train_time:43412ms step_avg:52.43ms
step:829/1190 train_time:43480ms step_avg:52.45ms
step:830/1190 train_time:43561ms step_avg:52.48ms
step:831/1190 train_time:43631ms step_avg:52.50ms
step:832/1190 train_time:43714ms step_avg:52.54ms
step:833/1190 train_time:43784ms step_avg:52.56ms
step:834/1190 train_time:43866ms step_avg:52.60ms
step:835/1190 train_time:43934ms step_avg:52.62ms
step:836/1190 train_time:44016ms step_avg:52.65ms
step:837/1190 train_time:44086ms step_avg:52.67ms
step:838/1190 train_time:44170ms step_avg:52.71ms
step:839/1190 train_time:44237ms step_avg:52.73ms
step:840/1190 train_time:44322ms step_avg:52.76ms
step:841/1190 train_time:44389ms step_avg:52.78ms
step:842/1190 train_time:44475ms step_avg:52.82ms
step:843/1190 train_time:44543ms step_avg:52.84ms
step:844/1190 train_time:44624ms step_avg:52.87ms
step:845/1190 train_time:44693ms step_avg:52.89ms
step:846/1190 train_time:44776ms step_avg:52.93ms
step:847/1190 train_time:44845ms step_avg:52.95ms
step:848/1190 train_time:44928ms step_avg:52.98ms
step:849/1190 train_time:44997ms step_avg:53.00ms
step:850/1190 train_time:45079ms step_avg:53.03ms
step:851/1190 train_time:45148ms step_avg:53.05ms
step:852/1190 train_time:45231ms step_avg:53.09ms
step:853/1190 train_time:45301ms step_avg:53.11ms
step:854/1190 train_time:45385ms step_avg:53.14ms
step:855/1190 train_time:45453ms step_avg:53.16ms
step:856/1190 train_time:45537ms step_avg:53.20ms
step:857/1190 train_time:45605ms step_avg:53.22ms
step:858/1190 train_time:45690ms step_avg:53.25ms
step:859/1190 train_time:45757ms step_avg:53.27ms
step:860/1190 train_time:45840ms step_avg:53.30ms
step:861/1190 train_time:45910ms step_avg:53.32ms
step:862/1190 train_time:45994ms step_avg:53.36ms
step:863/1190 train_time:46062ms step_avg:53.37ms
step:864/1190 train_time:46145ms step_avg:53.41ms
step:865/1190 train_time:46213ms step_avg:53.43ms
step:866/1190 train_time:46297ms step_avg:53.46ms
step:867/1190 train_time:46367ms step_avg:53.48ms
step:868/1190 train_time:46449ms step_avg:53.51ms
step:869/1190 train_time:46517ms step_avg:53.53ms
step:870/1190 train_time:46599ms step_avg:53.56ms
step:871/1190 train_time:46668ms step_avg:53.58ms
step:872/1190 train_time:46752ms step_avg:53.62ms
step:873/1190 train_time:46820ms step_avg:53.63ms
step:874/1190 train_time:46903ms step_avg:53.66ms
step:875/1190 train_time:46972ms step_avg:53.68ms
step:876/1190 train_time:47055ms step_avg:53.72ms
step:877/1190 train_time:47123ms step_avg:53.73ms
step:878/1190 train_time:47207ms step_avg:53.77ms
step:879/1190 train_time:47274ms step_avg:53.78ms
step:880/1190 train_time:47357ms step_avg:53.82ms
step:881/1190 train_time:47426ms step_avg:53.83ms
step:882/1190 train_time:47511ms step_avg:53.87ms
step:883/1190 train_time:47578ms step_avg:53.88ms
step:884/1190 train_time:47660ms step_avg:53.91ms
step:885/1190 train_time:47730ms step_avg:53.93ms
step:886/1190 train_time:47885ms step_avg:54.05ms
step:887/1190 train_time:47921ms step_avg:54.03ms
step:888/1190 train_time:47996ms step_avg:54.05ms
step:889/1190 train_time:48063ms step_avg:54.06ms
step:890/1190 train_time:48145ms step_avg:54.10ms
step:891/1190 train_time:48215ms step_avg:54.11ms
step:892/1190 train_time:48298ms step_avg:54.15ms
step:893/1190 train_time:48365ms step_avg:54.16ms
step:894/1190 train_time:48445ms step_avg:54.19ms
step:895/1190 train_time:48515ms step_avg:54.21ms
step:896/1190 train_time:48599ms step_avg:54.24ms
step:897/1190 train_time:48666ms step_avg:54.25ms
step:898/1190 train_time:48747ms step_avg:54.28ms
step:899/1190 train_time:48819ms step_avg:54.30ms
step:900/1190 train_time:48902ms step_avg:54.34ms
step:901/1190 train_time:48973ms step_avg:54.35ms
step:902/1190 train_time:49056ms step_avg:54.39ms
step:903/1190 train_time:49124ms step_avg:54.40ms
step:904/1190 train_time:49207ms step_avg:54.43ms
step:905/1190 train_time:49276ms step_avg:54.45ms
step:906/1190 train_time:49359ms step_avg:54.48ms
step:907/1190 train_time:49427ms step_avg:54.49ms
step:908/1190 train_time:49510ms step_avg:54.53ms
step:909/1190 train_time:49578ms step_avg:54.54ms
step:910/1190 train_time:49661ms step_avg:54.57ms
step:911/1190 train_time:49730ms step_avg:54.59ms
step:912/1190 train_time:49813ms step_avg:54.62ms
step:913/1190 train_time:49882ms step_avg:54.64ms
step:914/1190 train_time:49966ms step_avg:54.67ms
step:915/1190 train_time:50034ms step_avg:54.68ms
step:916/1190 train_time:50118ms step_avg:54.71ms
step:917/1190 train_time:50186ms step_avg:54.73ms
step:918/1190 train_time:50270ms step_avg:54.76ms
step:919/1190 train_time:50340ms step_avg:54.78ms
step:920/1190 train_time:50420ms step_avg:54.80ms
step:921/1190 train_time:50489ms step_avg:54.82ms
step:922/1190 train_time:50572ms step_avg:54.85ms
step:923/1190 train_time:50642ms step_avg:54.87ms
step:924/1190 train_time:50723ms step_avg:54.90ms
step:925/1190 train_time:50793ms step_avg:54.91ms
step:926/1190 train_time:50877ms step_avg:54.94ms
step:927/1190 train_time:50945ms step_avg:54.96ms
step:928/1190 train_time:51029ms step_avg:54.99ms
step:929/1190 train_time:51097ms step_avg:55.00ms
step:930/1190 train_time:51181ms step_avg:55.03ms
step:931/1190 train_time:51249ms step_avg:55.05ms
step:932/1190 train_time:51331ms step_avg:55.08ms
step:933/1190 train_time:51400ms step_avg:55.09ms
step:934/1190 train_time:51483ms step_avg:55.12ms
step:935/1190 train_time:51552ms step_avg:55.14ms
step:936/1190 train_time:51632ms step_avg:55.16ms
step:937/1190 train_time:51703ms step_avg:55.18ms
step:938/1190 train_time:51784ms step_avg:55.21ms
step:939/1190 train_time:51855ms step_avg:55.22ms
step:940/1190 train_time:51936ms step_avg:55.25ms
step:941/1190 train_time:52008ms step_avg:55.27ms
step:942/1190 train_time:52091ms step_avg:55.30ms
step:943/1190 train_time:52159ms step_avg:55.31ms
step:944/1190 train_time:52243ms step_avg:55.34ms
step:945/1190 train_time:52312ms step_avg:55.36ms
step:946/1190 train_time:52396ms step_avg:55.39ms
step:947/1190 train_time:52465ms step_avg:55.40ms
step:948/1190 train_time:52547ms step_avg:55.43ms
step:949/1190 train_time:52616ms step_avg:55.44ms
step:950/1190 train_time:52699ms step_avg:55.47ms
step:951/1190 train_time:52767ms step_avg:55.49ms
step:952/1190 train_time:52850ms step_avg:55.51ms
step:953/1190 train_time:52918ms step_avg:55.53ms
step:954/1190 train_time:53001ms step_avg:55.56ms
step:955/1190 train_time:53071ms step_avg:55.57ms
step:956/1190 train_time:53155ms step_avg:55.60ms
step:957/1190 train_time:53223ms step_avg:55.61ms
step:958/1190 train_time:53305ms step_avg:55.64ms
step:959/1190 train_time:53376ms step_avg:55.66ms
step:960/1190 train_time:53458ms step_avg:55.69ms
step:961/1190 train_time:53527ms step_avg:55.70ms
step:962/1190 train_time:53610ms step_avg:55.73ms
step:963/1190 train_time:53678ms step_avg:55.74ms
step:964/1190 train_time:53761ms step_avg:55.77ms
step:965/1190 train_time:53829ms step_avg:55.78ms
step:966/1190 train_time:53912ms step_avg:55.81ms
step:967/1190 train_time:53981ms step_avg:55.82ms
step:968/1190 train_time:54066ms step_avg:55.85ms
step:969/1190 train_time:54134ms step_avg:55.87ms
step:970/1190 train_time:54216ms step_avg:55.89ms
step:971/1190 train_time:54285ms step_avg:55.91ms
step:972/1190 train_time:54369ms step_avg:55.93ms
step:973/1190 train_time:54437ms step_avg:55.95ms
step:974/1190 train_time:54520ms step_avg:55.98ms
step:975/1190 train_time:54588ms step_avg:55.99ms
step:976/1190 train_time:54672ms step_avg:56.02ms
step:977/1190 train_time:54740ms step_avg:56.03ms
step:978/1190 train_time:54821ms step_avg:56.05ms
step:979/1190 train_time:54892ms step_avg:56.07ms
step:980/1190 train_time:54974ms step_avg:56.10ms
step:981/1190 train_time:55043ms step_avg:56.11ms
step:982/1190 train_time:55123ms step_avg:56.13ms
step:983/1190 train_time:55195ms step_avg:56.15ms
step:984/1190 train_time:55278ms step_avg:56.18ms
step:985/1190 train_time:55348ms step_avg:56.19ms
step:986/1190 train_time:55429ms step_avg:56.22ms
step:987/1190 train_time:55498ms step_avg:56.23ms
step:988/1190 train_time:55582ms step_avg:56.26ms
step:989/1190 train_time:55650ms step_avg:56.27ms
step:990/1190 train_time:55734ms step_avg:56.30ms
step:991/1190 train_time:55801ms step_avg:56.31ms
step:992/1190 train_time:55885ms step_avg:56.34ms
step:993/1190 train_time:55953ms step_avg:56.35ms
step:994/1190 train_time:56035ms step_avg:56.37ms
step:995/1190 train_time:56104ms step_avg:56.39ms
step:996/1190 train_time:56187ms step_avg:56.41ms
step:997/1190 train_time:56256ms step_avg:56.43ms
step:998/1190 train_time:56340ms step_avg:56.45ms
step:999/1190 train_time:56409ms step_avg:56.47ms
step:1000/1190 train_time:56491ms step_avg:56.49ms
step:1000/1190 val_loss:3.35014439 train_time:56565ms step_avg:56.57ms
step:1001/1190 train_time:56605ms step_avg:56.55ms
step:1002/1190 train_time:56653ms step_avg:56.54ms
step:1003/1190 train_time:56721ms step_avg:56.55ms
step:1004/1190 train_time:56805ms step_avg:56.58ms
step:1005/1190 train_time:56874ms step_avg:56.59ms
step:1006/1190 train_time:56959ms step_avg:56.62ms
step:1007/1190 train_time:57027ms step_avg:56.63ms
step:1008/1190 train_time:57109ms step_avg:56.66ms
step:1009/1190 train_time:57178ms step_avg:56.67ms
step:1010/1190 train_time:57259ms step_avg:56.69ms
step:1011/1190 train_time:57326ms step_avg:56.70ms
step:1012/1190 train_time:57410ms step_avg:56.73ms
step:1013/1190 train_time:57478ms step_avg:56.74ms
step:1014/1190 train_time:57565ms step_avg:56.77ms
step:1015/1190 train_time:57630ms step_avg:56.78ms
step:1016/1190 train_time:57714ms step_avg:56.80ms
step:1017/1190 train_time:57783ms step_avg:56.82ms
step:1018/1190 train_time:57866ms step_avg:56.84ms
step:1019/1190 train_time:57935ms step_avg:56.86ms
step:1020/1190 train_time:58019ms step_avg:56.88ms
step:1021/1190 train_time:58088ms step_avg:56.89ms
step:1022/1190 train_time:58170ms step_avg:56.92ms
step:1023/1190 train_time:58238ms step_avg:56.93ms
step:1024/1190 train_time:58322ms step_avg:56.96ms
step:1025/1190 train_time:58390ms step_avg:56.97ms
step:1026/1190 train_time:58470ms step_avg:56.99ms
step:1027/1190 train_time:58538ms step_avg:57.00ms
step:1028/1190 train_time:58621ms step_avg:57.02ms
step:1029/1190 train_time:58694ms step_avg:57.04ms
step:1030/1190 train_time:58775ms step_avg:57.06ms
step:1031/1190 train_time:58843ms step_avg:57.07ms
step:1032/1190 train_time:58927ms step_avg:57.10ms
step:1033/1190 train_time:58996ms step_avg:57.11ms
step:1034/1190 train_time:59078ms step_avg:57.14ms
step:1035/1190 train_time:59147ms step_avg:57.15ms
step:1036/1190 train_time:59231ms step_avg:57.17ms
step:1037/1190 train_time:59299ms step_avg:57.18ms
step:1038/1190 train_time:59486ms step_avg:57.31ms
step:1039/1190 train_time:59593ms step_avg:57.36ms
step:1040/1190 train_time:59684ms step_avg:57.39ms
step:1041/1190 train_time:59846ms step_avg:57.49ms
step:1042/1190 train_time:59999ms step_avg:57.58ms
step:1043/1190 train_time:60060ms step_avg:57.58ms
step:1044/1190 train_time:60110ms step_avg:57.58ms
step:1045/1190 train_time:60171ms step_avg:57.58ms
step:1046/1190 train_time:60251ms step_avg:57.60ms
step:1047/1190 train_time:60320ms step_avg:57.61ms
step:1048/1190 train_time:60400ms step_avg:57.63ms
step:1049/1190 train_time:60468ms step_avg:57.64ms
step:1050/1190 train_time:60550ms step_avg:57.67ms
step:1051/1190 train_time:60618ms step_avg:57.68ms
step:1052/1190 train_time:60701ms step_avg:57.70ms
step:1053/1190 train_time:60767ms step_avg:57.71ms
step:1054/1190 train_time:60851ms step_avg:57.73ms
step:1055/1190 train_time:60918ms step_avg:57.74ms
step:1056/1190 train_time:61003ms step_avg:57.77ms
step:1057/1190 train_time:61070ms step_avg:57.78ms
step:1058/1190 train_time:61152ms step_avg:57.80ms
step:1059/1190 train_time:61224ms step_avg:57.81ms
step:1060/1190 train_time:61306ms step_avg:57.84ms
step:1061/1190 train_time:61375ms step_avg:57.85ms
step:1062/1190 train_time:61458ms step_avg:57.87ms
step:1063/1190 train_time:61526ms step_avg:57.88ms
step:1064/1190 train_time:61618ms step_avg:57.91ms
step:1065/1190 train_time:61676ms step_avg:57.91ms
step:1066/1190 train_time:61757ms step_avg:57.93ms
step:1067/1190 train_time:61826ms step_avg:57.94ms
step:1068/1190 train_time:61909ms step_avg:57.97ms
step:1069/1190 train_time:61977ms step_avg:57.98ms
step:1070/1190 train_time:62065ms step_avg:58.00ms
step:1071/1190 train_time:62129ms step_avg:58.01ms
step:1072/1190 train_time:62212ms step_avg:58.03ms
step:1073/1190 train_time:62281ms step_avg:58.04ms
step:1074/1190 train_time:62368ms step_avg:58.07ms
step:1075/1190 train_time:62434ms step_avg:58.08ms
step:1076/1190 train_time:62515ms step_avg:58.10ms
step:1077/1190 train_time:62583ms step_avg:58.11ms
step:1078/1190 train_time:62665ms step_avg:58.13ms
step:1079/1190 train_time:62736ms step_avg:58.14ms
step:1080/1190 train_time:62816ms step_avg:58.16ms
step:1081/1190 train_time:62883ms step_avg:58.17ms
step:1082/1190 train_time:62967ms step_avg:58.19ms
step:1083/1190 train_time:63035ms step_avg:58.20ms
step:1084/1190 train_time:63117ms step_avg:58.23ms
step:1085/1190 train_time:63187ms step_avg:58.24ms
step:1086/1190 train_time:63271ms step_avg:58.26ms
step:1087/1190 train_time:63338ms step_avg:58.27ms
step:1088/1190 train_time:63421ms step_avg:58.29ms
step:1089/1190 train_time:63490ms step_avg:58.30ms
step:1090/1190 train_time:63572ms step_avg:58.32ms
step:1091/1190 train_time:63642ms step_avg:58.33ms
step:1092/1190 train_time:63725ms step_avg:58.36ms
step:1093/1190 train_time:63793ms step_avg:58.36ms
step:1094/1190 train_time:63875ms step_avg:58.39ms
step:1095/1190 train_time:63945ms step_avg:58.40ms
step:1096/1190 train_time:64027ms step_avg:58.42ms
step:1097/1190 train_time:64096ms step_avg:58.43ms
step:1098/1190 train_time:64206ms step_avg:58.48ms
step:1099/1190 train_time:64248ms step_avg:58.46ms
step:1100/1190 train_time:64331ms step_avg:58.48ms
step:1101/1190 train_time:64398ms step_avg:58.49ms
step:1102/1190 train_time:64481ms step_avg:58.51ms
step:1103/1190 train_time:64548ms step_avg:58.52ms
step:1104/1190 train_time:64632ms step_avg:58.54ms
step:1105/1190 train_time:64699ms step_avg:58.55ms
step:1106/1190 train_time:64783ms step_avg:58.57ms
step:1107/1190 train_time:64851ms step_avg:58.58ms
step:1108/1190 train_time:64935ms step_avg:58.61ms
step:1109/1190 train_time:65003ms step_avg:58.61ms
step:1110/1190 train_time:65085ms step_avg:58.63ms
step:1111/1190 train_time:65153ms step_avg:58.64ms
step:1112/1190 train_time:65237ms step_avg:58.67ms
step:1113/1190 train_time:65306ms step_avg:58.68ms
step:1114/1190 train_time:65388ms step_avg:58.70ms
step:1115/1190 train_time:65456ms step_avg:58.70ms
step:1116/1190 train_time:65540ms step_avg:58.73ms
step:1117/1190 train_time:65608ms step_avg:58.74ms
step:1118/1190 train_time:65692ms step_avg:58.76ms
step:1119/1190 train_time:65758ms step_avg:58.77ms
step:1120/1190 train_time:65840ms step_avg:58.79ms
step:1121/1190 train_time:65908ms step_avg:58.79ms
step:1122/1190 train_time:65994ms step_avg:58.82ms
step:1123/1190 train_time:66060ms step_avg:58.82ms
step:1124/1190 train_time:66142ms step_avg:58.85ms
step:1125/1190 train_time:66210ms step_avg:58.85ms
step:1126/1190 train_time:66294ms step_avg:58.88ms
step:1127/1190 train_time:66361ms step_avg:58.88ms
step:1128/1190 train_time:66446ms step_avg:58.91ms
step:1129/1190 train_time:66521ms step_avg:58.92ms
step:1130/1190 train_time:66596ms step_avg:58.93ms
step:1131/1190 train_time:66667ms step_avg:58.95ms
step:1132/1190 train_time:66752ms step_avg:58.97ms
step:1133/1190 train_time:66821ms step_avg:58.98ms
step:1134/1190 train_time:66905ms step_avg:59.00ms
step:1135/1190 train_time:66974ms step_avg:59.01ms
step:1136/1190 train_time:67055ms step_avg:59.03ms
step:1137/1190 train_time:67123ms step_avg:59.04ms
step:1138/1190 train_time:67206ms step_avg:59.06ms
step:1139/1190 train_time:67275ms step_avg:59.07ms
step:1140/1190 train_time:67359ms step_avg:59.09ms
step:1141/1190 train_time:67426ms step_avg:59.09ms
step:1142/1190 train_time:67510ms step_avg:59.12ms
step:1143/1190 train_time:67577ms step_avg:59.12ms
step:1144/1190 train_time:67661ms step_avg:59.14ms
step:1145/1190 train_time:67729ms step_avg:59.15ms
step:1146/1190 train_time:67811ms step_avg:59.17ms
step:1147/1190 train_time:67881ms step_avg:59.18ms
step:1148/1190 train_time:67964ms step_avg:59.20ms
step:1149/1190 train_time:68038ms step_avg:59.21ms
step:1150/1190 train_time:68115ms step_avg:59.23ms
step:1151/1190 train_time:68184ms step_avg:59.24ms
step:1152/1190 train_time:68267ms step_avg:59.26ms
step:1153/1190 train_time:68335ms step_avg:59.27ms
step:1154/1190 train_time:68419ms step_avg:59.29ms
step:1155/1190 train_time:68491ms step_avg:59.30ms
step:1156/1190 train_time:68569ms step_avg:59.32ms
step:1157/1190 train_time:68637ms step_avg:59.32ms
step:1158/1190 train_time:68721ms step_avg:59.34ms
step:1159/1190 train_time:68789ms step_avg:59.35ms
step:1160/1190 train_time:68874ms step_avg:59.37ms
step:1161/1190 train_time:68945ms step_avg:59.38ms
step:1162/1190 train_time:69026ms step_avg:59.40ms
step:1163/1190 train_time:69094ms step_avg:59.41ms
step:1164/1190 train_time:69179ms step_avg:59.43ms
step:1165/1190 train_time:69244ms step_avg:59.44ms
step:1166/1190 train_time:69328ms step_avg:59.46ms
step:1167/1190 train_time:69398ms step_avg:59.47ms
step:1168/1190 train_time:69481ms step_avg:59.49ms
step:1169/1190 train_time:69550ms step_avg:59.49ms
step:1170/1190 train_time:69632ms step_avg:59.51ms
step:1171/1190 train_time:69701ms step_avg:59.52ms
step:1172/1190 train_time:69784ms step_avg:59.54ms
step:1173/1190 train_time:69852ms step_avg:59.55ms
step:1174/1190 train_time:69935ms step_avg:59.57ms
step:1175/1190 train_time:70004ms step_avg:59.58ms
step:1176/1190 train_time:70087ms step_avg:59.60ms
step:1177/1190 train_time:70155ms step_avg:59.60ms
step:1178/1190 train_time:70238ms step_avg:59.63ms
step:1179/1190 train_time:70307ms step_avg:59.63ms
step:1180/1190 train_time:70389ms step_avg:59.65ms
step:1181/1190 train_time:70460ms step_avg:59.66ms
step:1182/1190 train_time:70543ms step_avg:59.68ms
step:1183/1190 train_time:70611ms step_avg:59.69ms
step:1184/1190 train_time:70694ms step_avg:59.71ms
step:1185/1190 train_time:70762ms step_avg:59.72ms
step:1186/1190 train_time:70844ms step_avg:59.73ms
step:1187/1190 train_time:70915ms step_avg:59.74ms
step:1188/1190 train_time:70997ms step_avg:59.76ms
step:1189/1190 train_time:71065ms step_avg:59.77ms
step:1190/1190 train_time:71148ms step_avg:59.79ms
step:1190/1190 val_loss:3.27743077 train_time:71221ms step_avg:59.85ms
peak memory allocated: 32011 MiB reserved: 42700 MiB
