HARNESS_TRAINING_ENV={"OMP_NUM_THREADS": "1", "MKL_NUM_THREADS": "1", "torch_num_threads": 1, "torch_num_interop_threads": 43}
[Gloo] Rank [Gloo] Rank 02 is connected to  is connected to 77 peer ranks.  peer ranks. Expected number of connected peer ranks is : 7Expected number of connected peer ranks is : 
7
[Gloo] Rank 1 is connected to 7 peer ranks. Expected number of connected peer ranks is : 7
[Gloo] Rank 3 is connected to 7 peer ranks. Expected number of connected peer ranks is : 7
[Gloo] Rank 4 is connected to 7 peer ranks. Expected number of connected peer ranks is : 7
[Gloo] Rank 5 is connected to 7 peer ranks. Expected number of connected peer ranks is : 7
[Gloo] Rank 6 is connected to 7 peer ranks. [Gloo] Rank Expected number of connected peer ranks is : 77
 is connected to 7 peer ranks. Expected number of connected peer ranks is : 7
/workspace/train_gpt.py:1084: UserWarning: Skipping publisher trust check for 'kernels-community/flash-attn3' because Hugging Face Hub is in offline mode.
  flash_attn_interface = get_kernel('kernels-community/flash-attn3', version=1).flash_attn_interface
/workspace/train_gpt.py:1084: UserWarning: Skipping publisher trust check for 'kernels-community/flash-attn3' because Hugging Face Hub is in offline mode.
  flash_attn_interface = get_kernel('kernels-community/flash-attn3', version=1).flash_attn_interface
/workspace/train_gpt.py:1084: UserWarning: Skipping publisher trust check for 'kernels-community/flash-attn3' because Hugging Face Hub is in offline mode.
  flash_attn_interface = get_kernel('kernels-community/flash-attn3', version=1).flash_attn_interface
/workspace/train_gpt.py:1084: UserWarning: Skipping publisher trust check for 'kernels-community/flash-attn3' because Hugging Face Hub is in offline mode.
  flash_attn_interface = get_kernel('kernels-community/flash-attn3', version=1).flash_attn_interface
/workspace/train_gpt.py:1084: UserWarning: Skipping publisher trust check for 'kernels-community/flash-attn3' because Hugging Face Hub is in offline mode.
  flash_attn_interface = get_kernel('kernels-community/flash-attn3', version=1).flash_attn_interface
/workspace/train_gpt.py:1084: UserWarning: Skipping publisher trust check for 'kernels-community/flash-attn3' because Hugging Face Hub is in offline mode.
  flash_attn_interface = get_kernel('kernels-community/flash-attn3', version=1).flash_attn_interface
/workspace/train_gpt.py:1084: UserWarning: Skipping publisher trust check for 'kernels-community/flash-attn3' because Hugging Face Hub is in offline mode.
  flash_attn_interface = get_kernel('kernels-community/flash-attn3', version=1).flash_attn_interface
/workspace/train_gpt.py:1084: UserWarning: Skipping publisher trust check for 'kernels-community/flash-attn3' because Hugging Face Hub is in offline mode.
  flash_attn_interface = get_kernel('kernels-community/flash-attn3', version=1).flash_attn_interface
logs/a902cdd2-da51-47fe-ab8b-228d73a5e182.txt
Compiling model and warming up kernels (~7 minutes on first execution)
Sampling steps [0, 1, 281, 282, 283, 284, 705, 706, 707, 708, 1128, 1129, 1130, 1131] for warmup
Resetting Model
step:0/1190 val_loss:10.83187580 train_time:73ms step_avg:72.68ms
step:1/1190 train_time:236ms step_avg:236.43ms
step:2/1190 train_time:286ms step_avg:142.93ms
step:3/1190 train_time:324ms step_avg:107.99ms
step:4/1190 train_time:372ms step_avg:93.02ms
step:5/1190 train_time:411ms step_avg:82.24ms
step:6/1190 train_time:462ms step_avg:76.96ms
step:7/1190 train_time:502ms step_avg:71.65ms
step:8/1190 train_time:550ms step_avg:68.77ms
step:9/1190 train_time:595ms step_avg:66.09ms
step:10/1190 train_time:640ms step_avg:64.03ms
step:11/1190 train_time:684ms step_avg:62.15ms
step:12/1190 train_time:730ms step_avg:60.87ms
step:13/1190 train_time:772ms step_avg:59.38ms
step:14/1190 train_time:818ms step_avg:58.39ms
step:15/1190 train_time:856ms step_avg:57.04ms
step:16/1190 train_time:903ms step_avg:56.42ms
step:17/1190 train_time:940ms step_avg:55.30ms
step:18/1190 train_time:984ms step_avg:54.68ms
step:19/1190 train_time:1024ms step_avg:53.89ms
step:20/1190 train_time:1071ms step_avg:53.54ms
step:21/1190 train_time:1108ms step_avg:52.75ms
step:22/1190 train_time:1156ms step_avg:52.55ms
step:23/1190 train_time:1198ms step_avg:52.09ms
step:24/1190 train_time:1241ms step_avg:51.71ms
step:25/1190 train_time:1281ms step_avg:51.23ms
step:26/1190 train_time:1326ms step_avg:51.02ms
step:27/1190 train_time:1365ms step_avg:50.56ms
step:28/1190 train_time:1411ms step_avg:50.38ms
step:29/1190 train_time:1450ms step_avg:50.00ms
step:30/1190 train_time:1498ms step_avg:49.93ms
step:31/1190 train_time:1534ms step_avg:49.48ms
step:32/1190 train_time:1580ms step_avg:49.38ms
step:33/1190 train_time:1619ms step_avg:49.06ms
step:34/1190 train_time:1665ms step_avg:48.97ms
step:35/1190 train_time:1705ms step_avg:48.72ms
step:36/1190 train_time:1752ms step_avg:48.66ms
step:37/1190 train_time:1791ms step_avg:48.42ms
step:38/1190 train_time:1838ms step_avg:48.36ms
step:39/1190 train_time:1880ms step_avg:48.20ms
step:40/1190 train_time:1925ms step_avg:48.13ms
step:41/1190 train_time:1965ms step_avg:47.93ms
step:42/1190 train_time:2013ms step_avg:47.92ms
step:43/1190 train_time:2051ms step_avg:47.70ms
step:44/1190 train_time:2098ms step_avg:47.68ms
step:45/1190 train_time:2137ms step_avg:47.49ms
step:46/1190 train_time:2188ms step_avg:47.56ms
step:47/1190 train_time:2227ms step_avg:47.37ms
step:48/1190 train_time:2272ms step_avg:47.33ms
step:49/1190 train_time:2313ms step_avg:47.20ms
step:50/1190 train_time:2359ms step_avg:47.18ms
step:51/1190 train_time:2396ms step_avg:46.98ms
step:52/1190 train_time:2438ms step_avg:46.89ms
step:53/1190 train_time:2476ms step_avg:46.72ms
step:54/1190 train_time:2522ms step_avg:46.70ms
step:55/1190 train_time:2560ms step_avg:46.54ms
step:56/1190 train_time:2607ms step_avg:46.55ms
step:57/1190 train_time:2646ms step_avg:46.42ms
step:58/1190 train_time:2691ms step_avg:46.40ms
step:59/1190 train_time:2729ms step_avg:46.26ms
step:60/1190 train_time:2773ms step_avg:46.21ms
step:61/1190 train_time:2813ms step_avg:46.12ms
step:62/1190 train_time:2858ms step_avg:46.10ms
step:63/1190 train_time:2898ms step_avg:45.99ms
step:64/1190 train_time:2943ms step_avg:45.98ms
step:65/1190 train_time:2980ms step_avg:45.85ms
step:66/1190 train_time:3026ms step_avg:45.86ms
step:67/1190 train_time:3064ms step_avg:45.73ms
step:68/1190 train_time:3112ms step_avg:45.76ms
step:69/1190 train_time:3150ms step_avg:45.66ms
step:70/1190 train_time:3197ms step_avg:45.67ms
step:71/1190 train_time:3237ms step_avg:45.59ms
step:72/1190 train_time:3281ms step_avg:45.57ms
step:73/1190 train_time:3321ms step_avg:45.50ms
step:74/1190 train_time:3365ms step_avg:45.47ms
step:75/1190 train_time:3405ms step_avg:45.40ms
step:76/1190 train_time:3453ms step_avg:45.44ms
step:77/1190 train_time:3491ms step_avg:45.33ms
step:78/1190 train_time:3536ms step_avg:45.33ms
step:79/1190 train_time:3574ms step_avg:45.24ms
step:80/1190 train_time:3621ms step_avg:45.26ms
step:81/1190 train_time:3661ms step_avg:45.20ms
step:82/1190 train_time:3707ms step_avg:45.21ms
step:83/1190 train_time:3744ms step_avg:45.11ms
step:84/1190 train_time:3789ms step_avg:45.11ms
step:85/1190 train_time:3827ms step_avg:45.02ms
step:86/1190 train_time:3872ms step_avg:45.03ms
step:87/1190 train_time:3913ms step_avg:44.98ms
step:88/1190 train_time:3963ms step_avg:45.03ms
step:89/1190 train_time:4002ms step_avg:44.97ms
step:90/1190 train_time:4047ms step_avg:44.96ms
step:91/1190 train_time:4083ms step_avg:44.87ms
step:92/1190 train_time:4128ms step_avg:44.87ms
step:93/1190 train_time:4169ms step_avg:44.82ms
step:94/1190 train_time:4214ms step_avg:44.83ms
step:95/1190 train_time:4252ms step_avg:44.76ms
step:96/1190 train_time:4296ms step_avg:44.75ms
step:97/1190 train_time:4336ms step_avg:44.70ms
step:98/1190 train_time:4382ms step_avg:44.71ms
step:99/1190 train_time:4422ms step_avg:44.67ms
step:100/1190 train_time:4465ms step_avg:44.65ms
step:101/1190 train_time:4507ms step_avg:44.62ms
step:102/1190 train_time:4552ms step_avg:44.63ms
step:103/1190 train_time:4592ms step_avg:44.58ms
step:104/1190 train_time:4639ms step_avg:44.61ms
step:105/1190 train_time:4679ms step_avg:44.56ms
step:106/1190 train_time:4725ms step_avg:44.57ms
step:107/1190 train_time:4764ms step_avg:44.53ms
step:108/1190 train_time:4809ms step_avg:44.53ms
step:109/1190 train_time:4849ms step_avg:44.49ms
step:110/1190 train_time:4898ms step_avg:44.53ms
step:111/1190 train_time:4938ms step_avg:44.48ms
step:112/1190 train_time:4983ms step_avg:44.49ms
step:113/1190 train_time:5021ms step_avg:44.43ms
step:114/1190 train_time:5065ms step_avg:44.43ms
step:115/1190 train_time:5103ms step_avg:44.37ms
step:116/1190 train_time:5149ms step_avg:44.39ms
step:117/1190 train_time:5188ms step_avg:44.34ms
step:118/1190 train_time:5236ms step_avg:44.37ms
step:119/1190 train_time:5274ms step_avg:44.32ms
step:120/1190 train_time:5324ms step_avg:44.36ms
step:121/1190 train_time:5362ms step_avg:44.31ms
step:122/1190 train_time:5407ms step_avg:44.32ms
step:123/1190 train_time:5446ms step_avg:44.28ms
step:124/1190 train_time:5493ms step_avg:44.30ms
step:125/1190 train_time:5534ms step_avg:44.27ms
step:126/1190 train_time:5578ms step_avg:44.27ms
step:127/1190 train_time:5618ms step_avg:44.23ms
step:128/1190 train_time:5663ms step_avg:44.24ms
step:129/1190 train_time:5706ms step_avg:44.23ms
step:130/1190 train_time:5753ms step_avg:44.25ms
step:131/1190 train_time:5791ms step_avg:44.21ms
step:132/1190 train_time:5837ms step_avg:44.22ms
step:133/1190 train_time:5875ms step_avg:44.17ms
step:134/1190 train_time:5922ms step_avg:44.20ms
step:135/1190 train_time:5962ms step_avg:44.16ms
step:136/1190 train_time:6007ms step_avg:44.17ms
step:137/1190 train_time:6047ms step_avg:44.14ms
step:138/1190 train_time:6091ms step_avg:44.14ms
step:139/1190 train_time:6130ms step_avg:44.10ms
step:140/1190 train_time:6177ms step_avg:44.12ms
step:141/1190 train_time:6220ms step_avg:44.11ms
step:142/1190 train_time:6267ms step_avg:44.13ms
step:143/1190 train_time:6305ms step_avg:44.09ms
step:144/1190 train_time:6352ms step_avg:44.11ms
step:145/1190 train_time:6391ms step_avg:44.08ms
step:146/1190 train_time:6437ms step_avg:44.09ms
step:147/1190 train_time:6475ms step_avg:44.05ms
step:148/1190 train_time:6518ms step_avg:44.04ms
step:149/1190 train_time:6556ms step_avg:44.00ms
step:150/1190 train_time:6603ms step_avg:44.02ms
step:151/1190 train_time:6644ms step_avg:44.00ms
step:152/1190 train_time:6689ms step_avg:44.00ms
step:153/1190 train_time:6726ms step_avg:43.96ms
step:154/1190 train_time:6772ms step_avg:43.97ms
step:155/1190 train_time:6809ms step_avg:43.93ms
step:156/1190 train_time:6854ms step_avg:43.94ms
step:157/1190 train_time:6894ms step_avg:43.91ms
step:158/1190 train_time:6940ms step_avg:43.92ms
step:159/1190 train_time:6979ms step_avg:43.89ms
step:160/1190 train_time:7023ms step_avg:43.90ms
step:161/1190 train_time:7065ms step_avg:43.88ms
step:162/1190 train_time:7112ms step_avg:43.90ms
step:163/1190 train_time:7151ms step_avg:43.87ms
step:164/1190 train_time:7197ms step_avg:43.88ms
step:165/1190 train_time:7236ms step_avg:43.85ms
step:166/1190 train_time:7282ms step_avg:43.87ms
step:167/1190 train_time:7323ms step_avg:43.85ms
step:168/1190 train_time:7366ms step_avg:43.85ms
step:169/1190 train_time:7410ms step_avg:43.84ms
step:170/1190 train_time:7454ms step_avg:43.85ms
step:171/1190 train_time:7492ms step_avg:43.81ms
step:172/1190 train_time:7539ms step_avg:43.83ms
step:173/1190 train_time:7575ms step_avg:43.78ms
step:174/1190 train_time:7620ms step_avg:43.79ms
step:175/1190 train_time:7659ms step_avg:43.77ms
step:176/1190 train_time:7705ms step_avg:43.78ms
step:177/1190 train_time:7744ms step_avg:43.75ms
step:178/1190 train_time:7788ms step_avg:43.75ms
step:179/1190 train_time:7826ms step_avg:43.72ms
step:180/1190 train_time:7873ms step_avg:43.74ms
step:181/1190 train_time:7911ms step_avg:43.71ms
step:182/1190 train_time:7957ms step_avg:43.72ms
step:183/1190 train_time:7996ms step_avg:43.70ms
step:184/1190 train_time:8044ms step_avg:43.72ms
step:185/1190 train_time:8082ms step_avg:43.69ms
step:186/1190 train_time:8129ms step_avg:43.70ms
step:187/1190 train_time:8170ms step_avg:43.69ms
step:188/1190 train_time:8215ms step_avg:43.70ms
step:189/1190 train_time:8255ms step_avg:43.68ms
step:190/1190 train_time:8300ms step_avg:43.68ms
step:191/1190 train_time:8339ms step_avg:43.66ms
step:192/1190 train_time:8384ms step_avg:43.67ms
step:193/1190 train_time:8421ms step_avg:43.63ms
step:194/1190 train_time:8469ms step_avg:43.65ms
step:195/1190 train_time:8510ms step_avg:43.64ms
step:196/1190 train_time:8558ms step_avg:43.66ms
step:197/1190 train_time:8595ms step_avg:43.63ms
step:198/1190 train_time:8641ms step_avg:43.64ms
step:199/1190 train_time:8681ms step_avg:43.62ms
step:200/1190 train_time:8727ms step_avg:43.64ms
step:201/1190 train_time:8766ms step_avg:43.61ms
step:202/1190 train_time:8811ms step_avg:43.62ms
step:203/1190 train_time:8851ms step_avg:43.60ms
step:204/1190 train_time:8896ms step_avg:43.61ms
step:205/1190 train_time:8933ms step_avg:43.57ms
step:206/1190 train_time:8981ms step_avg:43.60ms
step:207/1190 train_time:9018ms step_avg:43.57ms
step:208/1190 train_time:9064ms step_avg:43.58ms
step:209/1190 train_time:9101ms step_avg:43.55ms
step:210/1190 train_time:9146ms step_avg:43.55ms
step:211/1190 train_time:9187ms step_avg:43.54ms
step:212/1190 train_time:9232ms step_avg:43.55ms
step:213/1190 train_time:9274ms step_avg:43.54ms
step:214/1190 train_time:9317ms step_avg:43.54ms
step:215/1190 train_time:9357ms step_avg:43.52ms
step:216/1190 train_time:9401ms step_avg:43.52ms
step:217/1190 train_time:9439ms step_avg:43.50ms
step:218/1190 train_time:9488ms step_avg:43.52ms
step:219/1190 train_time:9524ms step_avg:43.49ms
step:220/1190 train_time:9573ms step_avg:43.51ms
step:221/1190 train_time:9611ms step_avg:43.49ms
step:222/1190 train_time:9654ms step_avg:43.49ms
step:223/1190 train_time:9694ms step_avg:43.47ms
step:224/1190 train_time:9740ms step_avg:43.48ms
step:225/1190 train_time:9780ms step_avg:43.47ms
step:226/1190 train_time:9825ms step_avg:43.47ms
step:227/1190 train_time:9862ms step_avg:43.45ms
step:228/1190 train_time:9906ms step_avg:43.45ms
step:229/1190 train_time:9946ms step_avg:43.43ms
step:230/1190 train_time:9991ms step_avg:43.44ms
step:231/1190 train_time:10030ms step_avg:43.42ms
step:232/1190 train_time:10077ms step_avg:43.44ms
step:233/1190 train_time:10116ms step_avg:43.41ms
step:234/1190 train_time:10162ms step_avg:43.43ms
step:235/1190 train_time:10201ms step_avg:43.41ms
step:236/1190 train_time:10249ms step_avg:43.43ms
step:237/1190 train_time:10290ms step_avg:43.42ms
step:238/1190 train_time:10334ms step_avg:43.42ms
step:239/1190 train_time:10372ms step_avg:43.40ms
step:240/1190 train_time:10420ms step_avg:43.42ms
step:241/1190 train_time:10460ms step_avg:43.40ms
step:242/1190 train_time:10503ms step_avg:43.40ms
step:243/1190 train_time:10541ms step_avg:43.38ms
step:244/1190 train_time:10589ms step_avg:43.40ms
step:245/1190 train_time:10628ms step_avg:43.38ms
step:246/1190 train_time:10672ms step_avg:43.38ms
step:247/1190 train_time:10710ms step_avg:43.36ms
step:248/1190 train_time:10754ms step_avg:43.36ms
step:249/1190 train_time:10795ms step_avg:43.35ms
step:250/1190 train_time:10841ms step_avg:43.36ms
step:250/1190 val_loss:4.38193798 train_time:10847ms step_avg:43.39ms
step:251/1190 train_time:10885ms step_avg:43.37ms
step:252/1190 train_time:10931ms step_avg:43.38ms
step:253/1190 train_time:10972ms step_avg:43.37ms
step:254/1190 train_time:11017ms step_avg:43.37ms
step:255/1190 train_time:11057ms step_avg:43.36ms
step:256/1190 train_time:11102ms step_avg:43.37ms
step:257/1190 train_time:11140ms step_avg:43.35ms
step:258/1190 train_time:11186ms step_avg:43.36ms
step:259/1190 train_time:11225ms step_avg:43.34ms
step:260/1190 train_time:11269ms step_avg:43.34ms
step:261/1190 train_time:11304ms step_avg:43.31ms
step:262/1190 train_time:11350ms step_avg:43.32ms
step:263/1190 train_time:11383ms step_avg:43.28ms
step:264/1190 train_time:11428ms step_avg:43.29ms
step:265/1190 train_time:11465ms step_avg:43.26ms
step:266/1190 train_time:11508ms step_avg:43.26ms
step:267/1190 train_time:11547ms step_avg:43.25ms
step:268/1190 train_time:11590ms step_avg:43.25ms
step:269/1190 train_time:11629ms step_avg:43.23ms
step:270/1190 train_time:11677ms step_avg:43.25ms
step:271/1190 train_time:11716ms step_avg:43.23ms
step:272/1190 train_time:11762ms step_avg:43.24ms
step:273/1190 train_time:11800ms step_avg:43.22ms
step:274/1190 train_time:11843ms step_avg:43.22ms
step:275/1190 train_time:11880ms step_avg:43.20ms
step:276/1190 train_time:11927ms step_avg:43.21ms
step:277/1190 train_time:11967ms step_avg:43.20ms
step:278/1190 train_time:12013ms step_avg:43.21ms
step:279/1190 train_time:12051ms step_avg:43.19ms
step:280/1190 train_time:12098ms step_avg:43.21ms
step:281/1190 train_time:12136ms step_avg:43.19ms
step:282/1190 train_time:12183ms step_avg:43.20ms
step:283/1190 train_time:12218ms step_avg:43.17ms
step:284/1190 train_time:12264ms step_avg:43.18ms
step:285/1190 train_time:12304ms step_avg:43.17ms
step:286/1190 train_time:12349ms step_avg:43.18ms
step:287/1190 train_time:12389ms step_avg:43.17ms
step:288/1190 train_time:12447ms step_avg:43.22ms
step:289/1190 train_time:12493ms step_avg:43.23ms
step:290/1190 train_time:12553ms step_avg:43.29ms
step:291/1190 train_time:12596ms step_avg:43.29ms
step:292/1190 train_time:12661ms step_avg:43.36ms
step:293/1190 train_time:12702ms step_avg:43.35ms
step:294/1190 train_time:12763ms step_avg:43.41ms
step:295/1190 train_time:12807ms step_avg:43.41ms
step:296/1190 train_time:12869ms step_avg:43.48ms
step:297/1190 train_time:12913ms step_avg:43.48ms
step:298/1190 train_time:12973ms step_avg:43.53ms
step:299/1190 train_time:13018ms step_avg:43.54ms
step:300/1190 train_time:13078ms step_avg:43.59ms
step:301/1190 train_time:13122ms step_avg:43.59ms
step:302/1190 train_time:13181ms step_avg:43.64ms
step:303/1190 train_time:13227ms step_avg:43.65ms
step:304/1190 train_time:13287ms step_avg:43.71ms
step:305/1190 train_time:13333ms step_avg:43.71ms
step:306/1190 train_time:13392ms step_avg:43.76ms
step:307/1190 train_time:13438ms step_avg:43.77ms
step:308/1190 train_time:13498ms step_avg:43.82ms
step:309/1190 train_time:13542ms step_avg:43.83ms
step:310/1190 train_time:13603ms step_avg:43.88ms
step:311/1190 train_time:13648ms step_avg:43.88ms
step:312/1190 train_time:13708ms step_avg:43.94ms
step:313/1190 train_time:13754ms step_avg:43.94ms
step:314/1190 train_time:13813ms step_avg:43.99ms
step:315/1190 train_time:13857ms step_avg:43.99ms
step:316/1190 train_time:13919ms step_avg:44.05ms
step:317/1190 train_time:13963ms step_avg:44.05ms
step:318/1190 train_time:14024ms step_avg:44.10ms
step:319/1190 train_time:14070ms step_avg:44.11ms
step:320/1190 train_time:14130ms step_avg:44.16ms
step:321/1190 train_time:14174ms step_avg:44.16ms
step:322/1190 train_time:14232ms step_avg:44.20ms
step:323/1190 train_time:14276ms step_avg:44.20ms
step:324/1190 train_time:14338ms step_avg:44.25ms
step:325/1190 train_time:14383ms step_avg:44.25ms
step:326/1190 train_time:14441ms step_avg:44.30ms
step:327/1190 train_time:14488ms step_avg:44.31ms
step:328/1190 train_time:14550ms step_avg:44.36ms
step:329/1190 train_time:14593ms step_avg:44.36ms
step:330/1190 train_time:14653ms step_avg:44.40ms
step:331/1190 train_time:14700ms step_avg:44.41ms
step:332/1190 train_time:14759ms step_avg:44.46ms
step:333/1190 train_time:14805ms step_avg:44.46ms
step:334/1190 train_time:14865ms step_avg:44.51ms
step:335/1190 train_time:14910ms step_avg:44.51ms
step:336/1190 train_time:14971ms step_avg:44.56ms
step:337/1190 train_time:15037ms step_avg:44.62ms
step:338/1190 train_time:15112ms step_avg:44.71ms
step:339/1190 train_time:15152ms step_avg:44.70ms
step:340/1190 train_time:15197ms step_avg:44.70ms
step:341/1190 train_time:15245ms step_avg:44.71ms
step:342/1190 train_time:15305ms step_avg:44.75ms
step:343/1190 train_time:15350ms step_avg:44.75ms
step:344/1190 train_time:15410ms step_avg:44.80ms
step:345/1190 train_time:15455ms step_avg:44.80ms
step:346/1190 train_time:15515ms step_avg:44.84ms
step:347/1190 train_time:15558ms step_avg:44.84ms
step:348/1190 train_time:15619ms step_avg:44.88ms
step:349/1190 train_time:15665ms step_avg:44.88ms
step:350/1190 train_time:15723ms step_avg:44.92ms
step:351/1190 train_time:15770ms step_avg:44.93ms
step:352/1190 train_time:15830ms step_avg:44.97ms
step:353/1190 train_time:15874ms step_avg:44.97ms
step:354/1190 train_time:15933ms step_avg:45.01ms
step:355/1190 train_time:15977ms step_avg:45.00ms
step:356/1190 train_time:16036ms step_avg:45.04ms
step:357/1190 train_time:16082ms step_avg:45.05ms
step:358/1190 train_time:16141ms step_avg:45.09ms
step:359/1190 train_time:16187ms step_avg:45.09ms
step:360/1190 train_time:16254ms step_avg:45.15ms
step:361/1190 train_time:16294ms step_avg:45.13ms
step:362/1190 train_time:16354ms step_avg:45.18ms
step:363/1190 train_time:16398ms step_avg:45.17ms
step:364/1190 train_time:16458ms step_avg:45.21ms
step:365/1190 train_time:16502ms step_avg:45.21ms
step:366/1190 train_time:16563ms step_avg:45.25ms
step:367/1190 train_time:16611ms step_avg:45.26ms
step:368/1190 train_time:16670ms step_avg:45.30ms
step:369/1190 train_time:16716ms step_avg:45.30ms
step:370/1190 train_time:16773ms step_avg:45.33ms
step:371/1190 train_time:16821ms step_avg:45.34ms
step:372/1190 train_time:16877ms step_avg:45.37ms
step:373/1190 train_time:16924ms step_avg:45.37ms
step:374/1190 train_time:16985ms step_avg:45.41ms
step:375/1190 train_time:17029ms step_avg:45.41ms
step:376/1190 train_time:17089ms step_avg:45.45ms
step:377/1190 train_time:17135ms step_avg:45.45ms
step:378/1190 train_time:17195ms step_avg:45.49ms
step:379/1190 train_time:17240ms step_avg:45.49ms
step:380/1190 train_time:17299ms step_avg:45.52ms
step:381/1190 train_time:17345ms step_avg:45.53ms
step:382/1190 train_time:17405ms step_avg:45.56ms
step:383/1190 train_time:17452ms step_avg:45.57ms
step:384/1190 train_time:17511ms step_avg:45.60ms
step:385/1190 train_time:17556ms step_avg:45.60ms
step:386/1190 train_time:17615ms step_avg:45.64ms
step:387/1190 train_time:17662ms step_avg:45.64ms
step:388/1190 train_time:17722ms step_avg:45.68ms
step:389/1190 train_time:17768ms step_avg:45.67ms
step:390/1190 train_time:17829ms step_avg:45.71ms
step:391/1190 train_time:17871ms step_avg:45.71ms
step:392/1190 train_time:17934ms step_avg:45.75ms
step:393/1190 train_time:17978ms step_avg:45.74ms
step:394/1190 train_time:18037ms step_avg:45.78ms
step:395/1190 train_time:18082ms step_avg:45.78ms
step:396/1190 train_time:18142ms step_avg:45.81ms
step:397/1190 train_time:18187ms step_avg:45.81ms
step:398/1190 train_time:18249ms step_avg:45.85ms
step:399/1190 train_time:18293ms step_avg:45.85ms
step:400/1190 train_time:18352ms step_avg:45.88ms
step:401/1190 train_time:18397ms step_avg:45.88ms
step:402/1190 train_time:18457ms step_avg:45.91ms
step:403/1190 train_time:18503ms step_avg:45.91ms
step:404/1190 train_time:18562ms step_avg:45.95ms
step:405/1190 train_time:18608ms step_avg:45.95ms
step:406/1190 train_time:18668ms step_avg:45.98ms
step:407/1190 train_time:18712ms step_avg:45.98ms
step:408/1190 train_time:18774ms step_avg:46.01ms
step:409/1190 train_time:18816ms step_avg:46.01ms
step:410/1190 train_time:18878ms step_avg:46.04ms
step:411/1190 train_time:18923ms step_avg:46.04ms
step:412/1190 train_time:18984ms step_avg:46.08ms
step:413/1190 train_time:19028ms step_avg:46.07ms
step:414/1190 train_time:19089ms step_avg:46.11ms
step:415/1190 train_time:19135ms step_avg:46.11ms
step:416/1190 train_time:19194ms step_avg:46.14ms
step:417/1190 train_time:19239ms step_avg:46.14ms
step:418/1190 train_time:19299ms step_avg:46.17ms
step:419/1190 train_time:19344ms step_avg:46.17ms
step:420/1190 train_time:19404ms step_avg:46.20ms
step:421/1190 train_time:19449ms step_avg:46.20ms
step:422/1190 train_time:19510ms step_avg:46.23ms
step:423/1190 train_time:19556ms step_avg:46.23ms
step:424/1190 train_time:19614ms step_avg:46.26ms
step:425/1190 train_time:19659ms step_avg:46.26ms
step:426/1190 train_time:19719ms step_avg:46.29ms
step:427/1190 train_time:19765ms step_avg:46.29ms
step:428/1190 train_time:19824ms step_avg:46.32ms
step:429/1190 train_time:19871ms step_avg:46.32ms
step:430/1190 train_time:19932ms step_avg:46.35ms
step:431/1190 train_time:19977ms step_avg:46.35ms
step:432/1190 train_time:20036ms step_avg:46.38ms
step:433/1190 train_time:20081ms step_avg:46.38ms
step:434/1190 train_time:20140ms step_avg:46.41ms
step:435/1190 train_time:20186ms step_avg:46.40ms
step:436/1190 train_time:20246ms step_avg:46.44ms
step:437/1190 train_time:20292ms step_avg:46.43ms
step:438/1190 train_time:20351ms step_avg:46.46ms
step:439/1190 train_time:20396ms step_avg:46.46ms
step:440/1190 train_time:20454ms step_avg:46.49ms
step:441/1190 train_time:20502ms step_avg:46.49ms
step:442/1190 train_time:20563ms step_avg:46.52ms
step:443/1190 train_time:20608ms step_avg:46.52ms
step:444/1190 train_time:20667ms step_avg:46.55ms
step:445/1190 train_time:20712ms step_avg:46.54ms
step:446/1190 train_time:20774ms step_avg:46.58ms
step:447/1190 train_time:20818ms step_avg:46.57ms
step:448/1190 train_time:20879ms step_avg:46.60ms
step:449/1190 train_time:20922ms step_avg:46.60ms
step:450/1190 train_time:20983ms step_avg:46.63ms
step:451/1190 train_time:21028ms step_avg:46.63ms
step:452/1190 train_time:21088ms step_avg:46.65ms
step:453/1190 train_time:21133ms step_avg:46.65ms
step:454/1190 train_time:21195ms step_avg:46.69ms
step:455/1190 train_time:21239ms step_avg:46.68ms
step:456/1190 train_time:21301ms step_avg:46.71ms
step:457/1190 train_time:21345ms step_avg:46.71ms
step:458/1190 train_time:21404ms step_avg:46.73ms
step:459/1190 train_time:21451ms step_avg:46.73ms
step:460/1190 train_time:21510ms step_avg:46.76ms
step:461/1190 train_time:21556ms step_avg:46.76ms
step:462/1190 train_time:21614ms step_avg:46.78ms
step:463/1190 train_time:21660ms step_avg:46.78ms
step:464/1190 train_time:21721ms step_avg:46.81ms
step:465/1190 train_time:21767ms step_avg:46.81ms
step:466/1190 train_time:21825ms step_avg:46.83ms
step:467/1190 train_time:21872ms step_avg:46.83ms
step:468/1190 train_time:21932ms step_avg:46.86ms
step:469/1190 train_time:21977ms step_avg:46.86ms
step:470/1190 train_time:22036ms step_avg:46.89ms
step:471/1190 train_time:22083ms step_avg:46.89ms
step:472/1190 train_time:22141ms step_avg:46.91ms
step:473/1190 train_time:22187ms step_avg:46.91ms
step:474/1190 train_time:22247ms step_avg:46.93ms
step:475/1190 train_time:22291ms step_avg:46.93ms
step:476/1190 train_time:22351ms step_avg:46.96ms
step:477/1190 train_time:22398ms step_avg:46.96ms
step:478/1190 train_time:22456ms step_avg:46.98ms
step:479/1190 train_time:22504ms step_avg:46.98ms
step:480/1190 train_time:22564ms step_avg:47.01ms
step:481/1190 train_time:22607ms step_avg:47.00ms
step:482/1190 train_time:22670ms step_avg:47.03ms
step:483/1190 train_time:22714ms step_avg:47.03ms
step:484/1190 train_time:22773ms step_avg:47.05ms
step:485/1190 train_time:22817ms step_avg:47.05ms
step:486/1190 train_time:22877ms step_avg:47.07ms
step:487/1190 train_time:22924ms step_avg:47.07ms
step:488/1190 train_time:22982ms step_avg:47.09ms
step:489/1190 train_time:23028ms step_avg:47.09ms
step:490/1190 train_time:23088ms step_avg:47.12ms
step:491/1190 train_time:23134ms step_avg:47.12ms
step:492/1190 train_time:23195ms step_avg:47.14ms
step:493/1190 train_time:23238ms step_avg:47.14ms
step:494/1190 train_time:23299ms step_avg:47.16ms
step:495/1190 train_time:23344ms step_avg:47.16ms
step:496/1190 train_time:23404ms step_avg:47.18ms
step:497/1190 train_time:23450ms step_avg:47.18ms
step:498/1190 train_time:23509ms step_avg:47.21ms
step:499/1190 train_time:23553ms step_avg:47.20ms
step:500/1190 train_time:23615ms step_avg:47.23ms
step:500/1190 val_loss:3.89135623 train_time:23663ms step_avg:47.33ms
step:501/1190 train_time:23702ms step_avg:47.31ms
step:502/1190 train_time:23751ms step_avg:47.31ms
step:503/1190 train_time:23791ms step_avg:47.30ms
step:504/1190 train_time:23839ms step_avg:47.30ms
step:505/1190 train_time:23878ms step_avg:47.28ms
step:506/1190 train_time:23938ms step_avg:47.31ms
step:507/1190 train_time:23984ms step_avg:47.31ms
step:508/1190 train_time:24047ms step_avg:47.34ms
step:509/1190 train_time:24089ms step_avg:47.33ms
step:510/1190 train_time:24152ms step_avg:47.36ms
step:511/1190 train_time:24195ms step_avg:47.35ms
step:512/1190 train_time:24254ms step_avg:47.37ms
step:513/1190 train_time:24300ms step_avg:47.37ms
step:514/1190 train_time:24359ms step_avg:47.39ms
step:515/1190 train_time:24403ms step_avg:47.39ms
step:516/1190 train_time:24465ms step_avg:47.41ms
step:517/1190 train_time:24510ms step_avg:47.41ms
step:518/1190 train_time:24569ms step_avg:47.43ms
step:519/1190 train_time:24615ms step_avg:47.43ms
step:520/1190 train_time:24676ms step_avg:47.45ms
step:521/1190 train_time:24721ms step_avg:47.45ms
step:522/1190 train_time:24780ms step_avg:47.47ms
step:523/1190 train_time:24826ms step_avg:47.47ms
step:524/1190 train_time:24885ms step_avg:47.49ms
step:525/1190 train_time:24931ms step_avg:47.49ms
step:526/1190 train_time:24994ms step_avg:47.52ms
step:527/1190 train_time:25038ms step_avg:47.51ms
step:528/1190 train_time:25098ms step_avg:47.53ms
step:529/1190 train_time:25142ms step_avg:47.53ms
step:530/1190 train_time:25203ms step_avg:47.55ms
step:531/1190 train_time:25247ms step_avg:47.55ms
step:532/1190 train_time:25308ms step_avg:47.57ms
step:533/1190 train_time:25354ms step_avg:47.57ms
step:534/1190 train_time:25411ms step_avg:47.59ms
step:535/1190 train_time:25457ms step_avg:47.58ms
step:536/1190 train_time:25518ms step_avg:47.61ms
step:537/1190 train_time:25564ms step_avg:47.61ms
step:538/1190 train_time:25623ms step_avg:47.63ms
step:539/1190 train_time:25668ms step_avg:47.62ms
step:540/1190 train_time:25728ms step_avg:47.64ms
step:541/1190 train_time:25775ms step_avg:47.64ms
step:542/1190 train_time:25834ms step_avg:47.66ms
step:543/1190 train_time:25882ms step_avg:47.66ms
step:544/1190 train_time:25939ms step_avg:47.68ms
step:545/1190 train_time:25987ms step_avg:47.68ms
step:546/1190 train_time:26047ms step_avg:47.70ms
step:547/1190 train_time:26091ms step_avg:47.70ms
step:548/1190 train_time:26151ms step_avg:47.72ms
step:549/1190 train_time:26196ms step_avg:47.72ms
step:550/1190 train_time:26254ms step_avg:47.73ms
step:551/1190 train_time:26302ms step_avg:47.74ms
step:552/1190 train_time:26363ms step_avg:47.76ms
step:553/1190 train_time:26408ms step_avg:47.75ms
step:554/1190 train_time:26470ms step_avg:47.78ms
step:555/1190 train_time:26513ms step_avg:47.77ms
step:556/1190 train_time:26573ms step_avg:47.79ms
step:557/1190 train_time:26617ms step_avg:47.79ms
step:558/1190 train_time:26679ms step_avg:47.81ms
step:559/1190 train_time:26724ms step_avg:47.81ms
step:560/1190 train_time:26783ms step_avg:47.83ms
step:561/1190 train_time:26827ms step_avg:47.82ms
step:562/1190 train_time:26888ms step_avg:47.84ms
step:563/1190 train_time:26934ms step_avg:47.84ms
step:564/1190 train_time:26992ms step_avg:47.86ms
step:565/1190 train_time:27040ms step_avg:47.86ms
step:566/1190 train_time:27099ms step_avg:47.88ms
step:567/1190 train_time:27144ms step_avg:47.87ms
step:568/1190 train_time:27206ms step_avg:47.90ms
step:569/1190 train_time:27249ms step_avg:47.89ms
step:570/1190 train_time:27310ms step_avg:47.91ms
step:571/1190 train_time:27357ms step_avg:47.91ms
step:572/1190 train_time:27416ms step_avg:47.93ms
step:573/1190 train_time:27461ms step_avg:47.93ms
step:574/1190 train_time:27520ms step_avg:47.94ms
step:575/1190 train_time:27565ms step_avg:47.94ms
step:576/1190 train_time:27626ms step_avg:47.96ms
step:577/1190 train_time:27671ms step_avg:47.96ms
step:578/1190 train_time:27730ms step_avg:47.98ms
step:579/1190 train_time:27778ms step_avg:47.98ms
step:580/1190 train_time:27837ms step_avg:47.99ms
step:581/1190 train_time:27882ms step_avg:47.99ms
step:582/1190 train_time:27941ms step_avg:48.01ms
step:583/1190 train_time:27987ms step_avg:48.00ms
step:584/1190 train_time:28047ms step_avg:48.02ms
step:585/1190 train_time:28094ms step_avg:48.02ms
step:586/1190 train_time:28153ms step_avg:48.04ms
step:587/1190 train_time:28200ms step_avg:48.04ms
step:588/1190 train_time:28259ms step_avg:48.06ms
step:589/1190 train_time:28304ms step_avg:48.05ms
step:590/1190 train_time:28363ms step_avg:48.07ms
step:591/1190 train_time:28409ms step_avg:48.07ms
step:592/1190 train_time:28470ms step_avg:48.09ms
step:593/1190 train_time:28516ms step_avg:48.09ms
step:594/1190 train_time:28576ms step_avg:48.11ms
step:595/1190 train_time:28621ms step_avg:48.10ms
step:596/1190 train_time:28680ms step_avg:48.12ms
step:597/1190 train_time:28726ms step_avg:48.12ms
step:598/1190 train_time:28785ms step_avg:48.14ms
step:599/1190 train_time:28830ms step_avg:48.13ms
step:600/1190 train_time:28894ms step_avg:48.16ms
step:601/1190 train_time:28936ms step_avg:48.15ms
step:602/1190 train_time:28997ms step_avg:48.17ms
step:603/1190 train_time:29041ms step_avg:48.16ms
step:604/1190 train_time:29104ms step_avg:48.19ms
step:605/1190 train_time:29148ms step_avg:48.18ms
step:606/1190 train_time:29206ms step_avg:48.19ms
step:607/1190 train_time:29253ms step_avg:48.19ms
step:608/1190 train_time:29314ms step_avg:48.21ms
step:609/1190 train_time:29359ms step_avg:48.21ms
step:610/1190 train_time:29418ms step_avg:48.23ms
step:611/1190 train_time:29463ms step_avg:48.22ms
step:612/1190 train_time:29525ms step_avg:48.24ms
step:613/1190 train_time:29570ms step_avg:48.24ms
step:614/1190 train_time:29630ms step_avg:48.26ms
step:615/1190 train_time:29674ms step_avg:48.25ms
step:616/1190 train_time:29735ms step_avg:48.27ms
step:617/1190 train_time:29782ms step_avg:48.27ms
step:618/1190 train_time:29841ms step_avg:48.29ms
step:619/1190 train_time:29886ms step_avg:48.28ms
step:620/1190 train_time:29946ms step_avg:48.30ms
step:621/1190 train_time:29991ms step_avg:48.29ms
step:622/1190 train_time:30050ms step_avg:48.31ms
step:623/1190 train_time:30097ms step_avg:48.31ms
step:624/1190 train_time:30158ms step_avg:48.33ms
step:625/1190 train_time:30202ms step_avg:48.32ms
step:626/1190 train_time:30259ms step_avg:48.34ms
step:627/1190 train_time:30306ms step_avg:48.33ms
step:628/1190 train_time:30368ms step_avg:48.36ms
step:629/1190 train_time:30411ms step_avg:48.35ms
step:630/1190 train_time:30473ms step_avg:48.37ms
step:631/1190 train_time:30517ms step_avg:48.36ms
step:632/1190 train_time:30576ms step_avg:48.38ms
step:633/1190 train_time:30623ms step_avg:48.38ms
step:634/1190 train_time:30683ms step_avg:48.40ms
step:635/1190 train_time:30729ms step_avg:48.39ms
step:636/1190 train_time:30789ms step_avg:48.41ms
step:637/1190 train_time:30834ms step_avg:48.40ms
step:638/1190 train_time:30894ms step_avg:48.42ms
step:639/1190 train_time:30940ms step_avg:48.42ms
step:640/1190 train_time:31000ms step_avg:48.44ms
step:641/1190 train_time:31045ms step_avg:48.43ms
step:642/1190 train_time:31106ms step_avg:48.45ms
step:643/1190 train_time:31151ms step_avg:48.45ms
step:644/1190 train_time:31212ms step_avg:48.47ms
step:645/1190 train_time:31255ms step_avg:48.46ms
step:646/1190 train_time:31317ms step_avg:48.48ms
step:647/1190 train_time:31361ms step_avg:48.47ms
step:648/1190 train_time:31421ms step_avg:48.49ms
step:649/1190 train_time:31467ms step_avg:48.48ms
step:650/1190 train_time:31526ms step_avg:48.50ms
step:651/1190 train_time:31572ms step_avg:48.50ms
step:652/1190 train_time:31632ms step_avg:48.51ms
step:653/1190 train_time:31677ms step_avg:48.51ms
step:654/1190 train_time:31795ms step_avg:48.62ms
step:655/1190 train_time:31839ms step_avg:48.61ms
step:656/1190 train_time:31884ms step_avg:48.60ms
step:657/1190 train_time:31925ms step_avg:48.59ms
step:658/1190 train_time:31974ms step_avg:48.59ms
step:659/1190 train_time:32015ms step_avg:48.58ms
step:660/1190 train_time:32069ms step_avg:48.59ms
step:661/1190 train_time:32115ms step_avg:48.59ms
step:662/1190 train_time:32175ms step_avg:48.60ms
step:663/1190 train_time:32220ms step_avg:48.60ms
step:664/1190 train_time:32278ms step_avg:48.61ms
step:665/1190 train_time:32326ms step_avg:48.61ms
step:666/1190 train_time:32385ms step_avg:48.63ms
step:667/1190 train_time:32430ms step_avg:48.62ms
step:668/1190 train_time:32490ms step_avg:48.64ms
step:669/1190 train_time:32535ms step_avg:48.63ms
step:670/1190 train_time:32595ms step_avg:48.65ms
step:671/1190 train_time:32641ms step_avg:48.65ms
step:672/1190 train_time:32700ms step_avg:48.66ms
step:673/1190 train_time:32747ms step_avg:48.66ms
step:674/1190 train_time:32806ms step_avg:48.67ms
step:675/1190 train_time:32852ms step_avg:48.67ms
step:676/1190 train_time:32911ms step_avg:48.68ms
step:677/1190 train_time:32959ms step_avg:48.68ms
step:678/1190 train_time:33018ms step_avg:48.70ms
step:679/1190 train_time:33063ms step_avg:48.69ms
step:680/1190 train_time:33121ms step_avg:48.71ms
step:681/1190 train_time:33167ms step_avg:48.70ms
step:682/1190 train_time:33231ms step_avg:48.73ms
step:683/1190 train_time:33274ms step_avg:48.72ms
step:684/1190 train_time:33333ms step_avg:48.73ms
step:685/1190 train_time:33380ms step_avg:48.73ms
step:686/1190 train_time:33440ms step_avg:48.75ms
step:687/1190 train_time:33486ms step_avg:48.74ms
step:688/1190 train_time:33543ms step_avg:48.75ms
step:689/1190 train_time:33589ms step_avg:48.75ms
step:690/1190 train_time:33649ms step_avg:48.77ms
step:691/1190 train_time:33695ms step_avg:48.76ms
step:692/1190 train_time:33754ms step_avg:48.78ms
step:693/1190 train_time:33800ms step_avg:48.77ms
step:694/1190 train_time:33860ms step_avg:48.79ms
step:695/1190 train_time:33905ms step_avg:48.78ms
step:696/1190 train_time:33965ms step_avg:48.80ms
step:697/1190 train_time:34013ms step_avg:48.80ms
step:698/1190 train_time:34071ms step_avg:48.81ms
step:699/1190 train_time:34119ms step_avg:48.81ms
step:700/1190 train_time:34178ms step_avg:48.83ms
step:701/1190 train_time:34221ms step_avg:48.82ms
step:702/1190 train_time:34283ms step_avg:48.84ms
step:703/1190 train_time:34328ms step_avg:48.83ms
step:704/1190 train_time:34389ms step_avg:48.85ms
step:705/1190 train_time:34433ms step_avg:48.84ms
step:706/1190 train_time:34494ms step_avg:48.86ms
step:707/1190 train_time:34540ms step_avg:48.85ms
step:708/1190 train_time:34599ms step_avg:48.87ms
step:709/1190 train_time:34669ms step_avg:48.90ms
step:710/1190 train_time:34752ms step_avg:48.95ms
step:711/1190 train_time:34821ms step_avg:48.97ms
step:712/1190 train_time:34902ms step_avg:49.02ms
step:713/1190 train_time:34972ms step_avg:49.05ms
step:714/1190 train_time:35055ms step_avg:49.10ms
step:715/1190 train_time:35123ms step_avg:49.12ms
step:716/1190 train_time:35208ms step_avg:49.17ms
step:717/1190 train_time:35275ms step_avg:49.20ms
step:718/1190 train_time:35359ms step_avg:49.25ms
step:719/1190 train_time:35428ms step_avg:49.27ms
step:720/1190 train_time:35510ms step_avg:49.32ms
step:721/1190 train_time:35579ms step_avg:49.35ms
step:722/1190 train_time:35662ms step_avg:49.39ms
step:723/1190 train_time:35731ms step_avg:49.42ms
step:724/1190 train_time:35814ms step_avg:49.47ms
step:725/1190 train_time:35881ms step_avg:49.49ms
step:726/1190 train_time:35964ms step_avg:49.54ms
step:727/1190 train_time:36032ms step_avg:49.56ms
step:728/1190 train_time:36117ms step_avg:49.61ms
step:729/1190 train_time:36184ms step_avg:49.64ms
step:730/1190 train_time:36267ms step_avg:49.68ms
step:731/1190 train_time:36336ms step_avg:49.71ms
step:732/1190 train_time:36419ms step_avg:49.75ms
step:733/1190 train_time:36489ms step_avg:49.78ms
step:734/1190 train_time:36571ms step_avg:49.82ms
step:735/1190 train_time:36639ms step_avg:49.85ms
step:736/1190 train_time:36724ms step_avg:49.90ms
step:737/1190 train_time:36791ms step_avg:49.92ms
step:738/1190 train_time:36873ms step_avg:49.96ms
step:739/1190 train_time:36943ms step_avg:49.99ms
step:740/1190 train_time:37027ms step_avg:50.04ms
step:741/1190 train_time:37095ms step_avg:50.06ms
step:742/1190 train_time:37179ms step_avg:50.11ms
step:743/1190 train_time:37246ms step_avg:50.13ms
step:744/1190 train_time:37328ms step_avg:50.17ms
step:745/1190 train_time:37397ms step_avg:50.20ms
step:746/1190 train_time:37481ms step_avg:50.24ms
step:747/1190 train_time:37549ms step_avg:50.27ms
step:748/1190 train_time:37630ms step_avg:50.31ms
step:749/1190 train_time:37701ms step_avg:50.33ms
step:750/1190 train_time:37783ms step_avg:50.38ms
step:750/1190 val_loss:3.50041342 train_time:37857ms step_avg:50.48ms
step:751/1190 train_time:37895ms step_avg:50.46ms
step:752/1190 train_time:37943ms step_avg:50.46ms
step:753/1190 train_time:38013ms step_avg:50.48ms
step:754/1190 train_time:38098ms step_avg:50.53ms
step:755/1190 train_time:38167ms step_avg:50.55ms
step:756/1190 train_time:38251ms step_avg:50.60ms
step:757/1190 train_time:38319ms step_avg:50.62ms
step:758/1190 train_time:38401ms step_avg:50.66ms
step:759/1190 train_time:38468ms step_avg:50.68ms
step:760/1190 train_time:38552ms step_avg:50.73ms
step:761/1190 train_time:38621ms step_avg:50.75ms
step:762/1190 train_time:38703ms step_avg:50.79ms
step:763/1190 train_time:38770ms step_avg:50.81ms
step:764/1190 train_time:38853ms step_avg:50.85ms
step:765/1190 train_time:38923ms step_avg:50.88ms
step:766/1190 train_time:39005ms step_avg:50.92ms
step:767/1190 train_time:39074ms step_avg:50.94ms
step:768/1190 train_time:39158ms step_avg:50.99ms
step:769/1190 train_time:39227ms step_avg:51.01ms
step:770/1190 train_time:39309ms step_avg:51.05ms
step:771/1190 train_time:39377ms step_avg:51.07ms
step:772/1190 train_time:39461ms step_avg:51.12ms
step:773/1190 train_time:39530ms step_avg:51.14ms
step:774/1190 train_time:39613ms step_avg:51.18ms
step:775/1190 train_time:39680ms step_avg:51.20ms
step:776/1190 train_time:39762ms step_avg:51.24ms
step:777/1190 train_time:39833ms step_avg:51.27ms
step:778/1190 train_time:39914ms step_avg:51.30ms
step:779/1190 train_time:39982ms step_avg:51.33ms
step:780/1190 train_time:40066ms step_avg:51.37ms
step:781/1190 train_time:40135ms step_avg:51.39ms
step:782/1190 train_time:40219ms step_avg:51.43ms
step:783/1190 train_time:40288ms step_avg:51.45ms
step:784/1190 train_time:40371ms step_avg:51.49ms
step:785/1190 train_time:40439ms step_avg:51.51ms
step:786/1190 train_time:40523ms step_avg:51.56ms
step:787/1190 train_time:40591ms step_avg:51.58ms
step:788/1190 train_time:40675ms step_avg:51.62ms
step:789/1190 train_time:40744ms step_avg:51.64ms
step:790/1190 train_time:40826ms step_avg:51.68ms
step:791/1190 train_time:40894ms step_avg:51.70ms
step:792/1190 train_time:40978ms step_avg:51.74ms
step:793/1190 train_time:41046ms step_avg:51.76ms
step:794/1190 train_time:41130ms step_avg:51.80ms
step:795/1190 train_time:41198ms step_avg:51.82ms
step:796/1190 train_time:41281ms step_avg:51.86ms
step:797/1190 train_time:41350ms step_avg:51.88ms
step:798/1190 train_time:41434ms step_avg:51.92ms
step:799/1190 train_time:41503ms step_avg:51.94ms
step:800/1190 train_time:41586ms step_avg:51.98ms
step:801/1190 train_time:41654ms step_avg:52.00ms
step:802/1190 train_time:41739ms step_avg:52.04ms
step:803/1190 train_time:41806ms step_avg:52.06ms
step:804/1190 train_time:41889ms step_avg:52.10ms
step:805/1190 train_time:41957ms step_avg:52.12ms
step:806/1190 train_time:42042ms step_avg:52.16ms
step:807/1190 train_time:42110ms step_avg:52.18ms
step:808/1190 train_time:42194ms step_avg:52.22ms
step:809/1190 train_time:42261ms step_avg:52.24ms
step:810/1190 train_time:42343ms step_avg:52.28ms
step:811/1190 train_time:42413ms step_avg:52.30ms
step:812/1190 train_time:42497ms step_avg:52.34ms
step:813/1190 train_time:42563ms step_avg:52.35ms
step:814/1190 train_time:42647ms step_avg:52.39ms
step:815/1190 train_time:42716ms step_avg:52.41ms
step:816/1190 train_time:42797ms step_avg:52.45ms
step:817/1190 train_time:42867ms step_avg:52.47ms
step:818/1190 train_time:42952ms step_avg:52.51ms
step:819/1190 train_time:43018ms step_avg:52.52ms
step:820/1190 train_time:43101ms step_avg:52.56ms
step:821/1190 train_time:43170ms step_avg:52.58ms
step:822/1190 train_time:43256ms step_avg:52.62ms
step:823/1190 train_time:43321ms step_avg:52.64ms
step:824/1190 train_time:43405ms step_avg:52.68ms
step:825/1190 train_time:43473ms step_avg:52.69ms
step:826/1190 train_time:43557ms step_avg:52.73ms
step:827/1190 train_time:43624ms step_avg:52.75ms
step:828/1190 train_time:43707ms step_avg:52.79ms
step:829/1190 train_time:43776ms step_avg:52.81ms
step:830/1190 train_time:43861ms step_avg:52.84ms
step:831/1190 train_time:43929ms step_avg:52.86ms
step:832/1190 train_time:44011ms step_avg:52.90ms
step:833/1190 train_time:44080ms step_avg:52.92ms
step:834/1190 train_time:44164ms step_avg:52.95ms
step:835/1190 train_time:44232ms step_avg:52.97ms
step:836/1190 train_time:44317ms step_avg:53.01ms
step:837/1190 train_time:44384ms step_avg:53.03ms
step:838/1190 train_time:44468ms step_avg:53.06ms
step:839/1190 train_time:44536ms step_avg:53.08ms
step:840/1190 train_time:44620ms step_avg:53.12ms
step:841/1190 train_time:44688ms step_avg:53.14ms
step:842/1190 train_time:44770ms step_avg:53.17ms
step:843/1190 train_time:44839ms step_avg:53.19ms
step:844/1190 train_time:44924ms step_avg:53.23ms
step:845/1190 train_time:44992ms step_avg:53.24ms
step:846/1190 train_time:45075ms step_avg:53.28ms
step:847/1190 train_time:45143ms step_avg:53.30ms
step:848/1190 train_time:45226ms step_avg:53.33ms
step:849/1190 train_time:45296ms step_avg:53.35ms
step:850/1190 train_time:45381ms step_avg:53.39ms
step:851/1190 train_time:45447ms step_avg:53.40ms
step:852/1190 train_time:45531ms step_avg:53.44ms
step:853/1190 train_time:45599ms step_avg:53.46ms
step:854/1190 train_time:45683ms step_avg:53.49ms
step:855/1190 train_time:45751ms step_avg:53.51ms
step:856/1190 train_time:45835ms step_avg:53.55ms
step:857/1190 train_time:45903ms step_avg:53.56ms
step:858/1190 train_time:45986ms step_avg:53.60ms
step:859/1190 train_time:46054ms step_avg:53.61ms
step:860/1190 train_time:46140ms step_avg:53.65ms
step:861/1190 train_time:46206ms step_avg:53.67ms
step:862/1190 train_time:46290ms step_avg:53.70ms
step:863/1190 train_time:46357ms step_avg:53.72ms
step:864/1190 train_time:46440ms step_avg:53.75ms
step:865/1190 train_time:46509ms step_avg:53.77ms
step:866/1190 train_time:46594ms step_avg:53.80ms
step:867/1190 train_time:46661ms step_avg:53.82ms
step:868/1190 train_time:46746ms step_avg:53.86ms
step:869/1190 train_time:46814ms step_avg:53.87ms
step:870/1190 train_time:46898ms step_avg:53.91ms
step:871/1190 train_time:46966ms step_avg:53.92ms
step:872/1190 train_time:47049ms step_avg:53.95ms
step:873/1190 train_time:47116ms step_avg:53.97ms
step:874/1190 train_time:47199ms step_avg:54.00ms
step:875/1190 train_time:47268ms step_avg:54.02ms
step:876/1190 train_time:47350ms step_avg:54.05ms
step:877/1190 train_time:47419ms step_avg:54.07ms
step:878/1190 train_time:47501ms step_avg:54.10ms
step:879/1190 train_time:47571ms step_avg:54.12ms
step:880/1190 train_time:47654ms step_avg:54.15ms
step:881/1190 train_time:47723ms step_avg:54.17ms
step:882/1190 train_time:47805ms step_avg:54.20ms
step:883/1190 train_time:47875ms step_avg:54.22ms
step:884/1190 train_time:47958ms step_avg:54.25ms
step:885/1190 train_time:48027ms step_avg:54.27ms
step:886/1190 train_time:48114ms step_avg:54.30ms
step:887/1190 train_time:48180ms step_avg:54.32ms
step:888/1190 train_time:48262ms step_avg:54.35ms
step:889/1190 train_time:48331ms step_avg:54.37ms
step:890/1190 train_time:48416ms step_avg:54.40ms
step:891/1190 train_time:48484ms step_avg:54.41ms
step:892/1190 train_time:48567ms step_avg:54.45ms
step:893/1190 train_time:48635ms step_avg:54.46ms
step:894/1190 train_time:48718ms step_avg:54.49ms
step:895/1190 train_time:48787ms step_avg:54.51ms
step:896/1190 train_time:48870ms step_avg:54.54ms
step:897/1190 train_time:48939ms step_avg:54.56ms
step:898/1190 train_time:49022ms step_avg:54.59ms
step:899/1190 train_time:49091ms step_avg:54.61ms
step:900/1190 train_time:49174ms step_avg:54.64ms
step:901/1190 train_time:49244ms step_avg:54.65ms
step:902/1190 train_time:49326ms step_avg:54.69ms
step:903/1190 train_time:49396ms step_avg:54.70ms
step:904/1190 train_time:49478ms step_avg:54.73ms
step:905/1190 train_time:49547ms step_avg:54.75ms
step:906/1190 train_time:49631ms step_avg:54.78ms
step:907/1190 train_time:49699ms step_avg:54.79ms
step:908/1190 train_time:49782ms step_avg:54.83ms
step:909/1190 train_time:49851ms step_avg:54.84ms
step:910/1190 train_time:49935ms step_avg:54.87ms
step:911/1190 train_time:50002ms step_avg:54.89ms
step:912/1190 train_time:50085ms step_avg:54.92ms
step:913/1190 train_time:50155ms step_avg:54.93ms
step:914/1190 train_time:50238ms step_avg:54.97ms
step:915/1190 train_time:50307ms step_avg:54.98ms
step:916/1190 train_time:50388ms step_avg:55.01ms
step:917/1190 train_time:50458ms step_avg:55.03ms
step:918/1190 train_time:50542ms step_avg:55.06ms
step:919/1190 train_time:50611ms step_avg:55.07ms
step:920/1190 train_time:50696ms step_avg:55.10ms
step:921/1190 train_time:50763ms step_avg:55.12ms
step:922/1190 train_time:50847ms step_avg:55.15ms
step:923/1190 train_time:50915ms step_avg:55.16ms
step:924/1190 train_time:51000ms step_avg:55.20ms
step:925/1190 train_time:51068ms step_avg:55.21ms
step:926/1190 train_time:51150ms step_avg:55.24ms
step:927/1190 train_time:51218ms step_avg:55.25ms
step:928/1190 train_time:51303ms step_avg:55.28ms
step:929/1190 train_time:51369ms step_avg:55.29ms
step:930/1190 train_time:51453ms step_avg:55.33ms
step:931/1190 train_time:51519ms step_avg:55.34ms
step:932/1190 train_time:51605ms step_avg:55.37ms
step:933/1190 train_time:51672ms step_avg:55.38ms
step:934/1190 train_time:51755ms step_avg:55.41ms
step:935/1190 train_time:51824ms step_avg:55.43ms
step:936/1190 train_time:51906ms step_avg:55.45ms
step:937/1190 train_time:51977ms step_avg:55.47ms
step:938/1190 train_time:52060ms step_avg:55.50ms
step:939/1190 train_time:52127ms step_avg:55.51ms
step:940/1190 train_time:52211ms step_avg:55.54ms
step:941/1190 train_time:52279ms step_avg:55.56ms
step:942/1190 train_time:52364ms step_avg:55.59ms
step:943/1190 train_time:52433ms step_avg:55.60ms
step:944/1190 train_time:52516ms step_avg:55.63ms
step:945/1190 train_time:52582ms step_avg:55.64ms
step:946/1190 train_time:52667ms step_avg:55.67ms
step:947/1190 train_time:52734ms step_avg:55.69ms
step:948/1190 train_time:52818ms step_avg:55.72ms
step:949/1190 train_time:52886ms step_avg:55.73ms
step:950/1190 train_time:52970ms step_avg:55.76ms
step:951/1190 train_time:53038ms step_avg:55.77ms
step:952/1190 train_time:53122ms step_avg:55.80ms
step:953/1190 train_time:53189ms step_avg:55.81ms
step:954/1190 train_time:53273ms step_avg:55.84ms
step:955/1190 train_time:53341ms step_avg:55.85ms
step:956/1190 train_time:53425ms step_avg:55.88ms
step:957/1190 train_time:53492ms step_avg:55.90ms
step:958/1190 train_time:53577ms step_avg:55.93ms
step:959/1190 train_time:53644ms step_avg:55.94ms
step:960/1190 train_time:53727ms step_avg:55.97ms
step:961/1190 train_time:53796ms step_avg:55.98ms
step:962/1190 train_time:53880ms step_avg:56.01ms
step:963/1190 train_time:53948ms step_avg:56.02ms
step:964/1190 train_time:54030ms step_avg:56.05ms
step:965/1190 train_time:54099ms step_avg:56.06ms
step:966/1190 train_time:54180ms step_avg:56.09ms
step:967/1190 train_time:54251ms step_avg:56.10ms
step:968/1190 train_time:54336ms step_avg:56.13ms
step:969/1190 train_time:54402ms step_avg:56.14ms
step:970/1190 train_time:54485ms step_avg:56.17ms
step:971/1190 train_time:54554ms step_avg:56.18ms
step:972/1190 train_time:54637ms step_avg:56.21ms
step:973/1190 train_time:54707ms step_avg:56.22ms
step:974/1190 train_time:54788ms step_avg:56.25ms
step:975/1190 train_time:54857ms step_avg:56.26ms
step:976/1190 train_time:54941ms step_avg:56.29ms
step:977/1190 train_time:55009ms step_avg:56.30ms
step:978/1190 train_time:55093ms step_avg:56.33ms
step:979/1190 train_time:55161ms step_avg:56.34ms
step:980/1190 train_time:55244ms step_avg:56.37ms
step:981/1190 train_time:55312ms step_avg:56.38ms
step:982/1190 train_time:55396ms step_avg:56.41ms
step:983/1190 train_time:55464ms step_avg:56.42ms
step:984/1190 train_time:55548ms step_avg:56.45ms
step:985/1190 train_time:55616ms step_avg:56.46ms
step:986/1190 train_time:55699ms step_avg:56.49ms
step:987/1190 train_time:55768ms step_avg:56.50ms
step:988/1190 train_time:55851ms step_avg:56.53ms
step:989/1190 train_time:55919ms step_avg:56.54ms
step:990/1190 train_time:56001ms step_avg:56.57ms
step:991/1190 train_time:56071ms step_avg:56.58ms
step:992/1190 train_time:56154ms step_avg:56.61ms
step:993/1190 train_time:56221ms step_avg:56.62ms
step:994/1190 train_time:56305ms step_avg:56.65ms
step:995/1190 train_time:56373ms step_avg:56.66ms
step:996/1190 train_time:56456ms step_avg:56.68ms
step:997/1190 train_time:56525ms step_avg:56.70ms
step:998/1190 train_time:56607ms step_avg:56.72ms
step:999/1190 train_time:56676ms step_avg:56.73ms
step:1000/1190 train_time:56761ms step_avg:56.76ms
step:1000/1190 val_loss:3.34818053 train_time:56833ms step_avg:56.83ms
step:1001/1190 train_time:56901ms step_avg:56.84ms
step:1002/1190 train_time:57003ms step_avg:56.89ms
step:1003/1190 train_time:57073ms step_avg:56.90ms
step:1004/1190 train_time:57136ms step_avg:56.91ms
step:1005/1190 train_time:57182ms step_avg:56.90ms
step:1006/1190 train_time:57256ms step_avg:56.91ms
step:1007/1190 train_time:57322ms step_avg:56.92ms
step:1008/1190 train_time:57407ms step_avg:56.95ms
step:1009/1190 train_time:57474ms step_avg:56.96ms
step:1010/1190 train_time:57555ms step_avg:56.99ms
step:1011/1190 train_time:57624ms step_avg:57.00ms
step:1012/1190 train_time:57707ms step_avg:57.02ms
step:1013/1190 train_time:57772ms step_avg:57.03ms
step:1014/1190 train_time:57857ms step_avg:57.06ms
step:1015/1190 train_time:57924ms step_avg:57.07ms
step:1016/1190 train_time:58009ms step_avg:57.10ms
step:1017/1190 train_time:58078ms step_avg:57.11ms
step:1018/1190 train_time:58161ms step_avg:57.13ms
step:1019/1190 train_time:58230ms step_avg:57.14ms
step:1020/1190 train_time:58315ms step_avg:57.17ms
step:1021/1190 train_time:58382ms step_avg:57.18ms
step:1022/1190 train_time:58469ms step_avg:57.21ms
step:1023/1190 train_time:58534ms step_avg:57.22ms
step:1024/1190 train_time:58616ms step_avg:57.24ms
step:1025/1190 train_time:58683ms step_avg:57.25ms
step:1026/1190 train_time:58766ms step_avg:57.28ms
step:1027/1190 train_time:58834ms step_avg:57.29ms
step:1028/1190 train_time:58918ms step_avg:57.31ms
step:1029/1190 train_time:58987ms step_avg:57.32ms
step:1030/1190 train_time:59071ms step_avg:57.35ms
step:1031/1190 train_time:59139ms step_avg:57.36ms
step:1032/1190 train_time:59225ms step_avg:57.39ms
step:1033/1190 train_time:59291ms step_avg:57.40ms
step:1034/1190 train_time:59374ms step_avg:57.42ms
step:1035/1190 train_time:59444ms step_avg:57.43ms
step:1036/1190 train_time:59529ms step_avg:57.46ms
step:1037/1190 train_time:59597ms step_avg:57.47ms
step:1038/1190 train_time:59688ms step_avg:57.50ms
step:1039/1190 train_time:59746ms step_avg:57.50ms
step:1040/1190 train_time:59830ms step_avg:57.53ms
step:1041/1190 train_time:59900ms step_avg:57.54ms
step:1042/1190 train_time:59981ms step_avg:57.56ms
step:1043/1190 train_time:60048ms step_avg:57.57ms
step:1044/1190 train_time:60132ms step_avg:57.60ms
step:1045/1190 train_time:60200ms step_avg:57.61ms
step:1046/1190 train_time:60284ms step_avg:57.63ms
step:1047/1190 train_time:60356ms step_avg:57.65ms
step:1048/1190 train_time:60434ms step_avg:57.67ms
step:1049/1190 train_time:60503ms step_avg:57.68ms
step:1050/1190 train_time:60586ms step_avg:57.70ms
step:1051/1190 train_time:60654ms step_avg:57.71ms
step:1052/1190 train_time:60738ms step_avg:57.74ms
step:1053/1190 train_time:60811ms step_avg:57.75ms
step:1054/1190 train_time:60895ms step_avg:57.77ms
step:1055/1190 train_time:60959ms step_avg:57.78ms
step:1056/1190 train_time:61040ms step_avg:57.80ms
step:1057/1190 train_time:61110ms step_avg:57.81ms
step:1058/1190 train_time:61190ms step_avg:57.84ms
step:1059/1190 train_time:61263ms step_avg:57.85ms
step:1060/1190 train_time:61347ms step_avg:57.87ms
step:1061/1190 train_time:61414ms step_avg:57.88ms
step:1062/1190 train_time:61497ms step_avg:57.91ms
step:1063/1190 train_time:61565ms step_avg:57.92ms
step:1064/1190 train_time:61650ms step_avg:57.94ms
step:1065/1190 train_time:61716ms step_avg:57.95ms
step:1066/1190 train_time:61800ms step_avg:57.97ms
step:1067/1190 train_time:61868ms step_avg:57.98ms
step:1068/1190 train_time:61952ms step_avg:58.01ms
step:1069/1190 train_time:62020ms step_avg:58.02ms
step:1070/1190 train_time:62106ms step_avg:58.04ms
step:1071/1190 train_time:62172ms step_avg:58.05ms
step:1072/1190 train_time:62256ms step_avg:58.07ms
step:1073/1190 train_time:62324ms step_avg:58.08ms
step:1074/1190 train_time:62409ms step_avg:58.11ms
step:1075/1190 train_time:62477ms step_avg:58.12ms
step:1076/1190 train_time:62557ms step_avg:58.14ms
step:1077/1190 train_time:62626ms step_avg:58.15ms
step:1078/1190 train_time:62709ms step_avg:58.17ms
step:1079/1190 train_time:62776ms step_avg:58.18ms
step:1080/1190 train_time:62860ms step_avg:58.20ms
step:1081/1190 train_time:62927ms step_avg:58.21ms
step:1082/1190 train_time:63011ms step_avg:58.24ms
step:1083/1190 train_time:63080ms step_avg:58.25ms
step:1084/1190 train_time:63162ms step_avg:58.27ms
step:1085/1190 train_time:63231ms step_avg:58.28ms
step:1086/1190 train_time:63312ms step_avg:58.30ms
step:1087/1190 train_time:63382ms step_avg:58.31ms
step:1088/1190 train_time:63464ms step_avg:58.33ms
step:1089/1190 train_time:63537ms step_avg:58.34ms
step:1090/1190 train_time:63616ms step_avg:58.36ms
step:1091/1190 train_time:63686ms step_avg:58.37ms
step:1092/1190 train_time:63769ms step_avg:58.40ms
step:1093/1190 train_time:63837ms step_avg:58.41ms
step:1094/1190 train_time:63918ms step_avg:58.43ms
step:1095/1190 train_time:63988ms step_avg:58.44ms
step:1096/1190 train_time:64073ms step_avg:58.46ms
step:1097/1190 train_time:64138ms step_avg:58.47ms
step:1098/1190 train_time:64241ms step_avg:58.51ms
step:1099/1190 train_time:64290ms step_avg:58.50ms
step:1100/1190 train_time:64373ms step_avg:58.52ms
step:1101/1190 train_time:64443ms step_avg:58.53ms
step:1102/1190 train_time:64524ms step_avg:58.55ms
step:1103/1190 train_time:64592ms step_avg:58.56ms
step:1104/1190 train_time:64673ms step_avg:58.58ms
step:1105/1190 train_time:64743ms step_avg:58.59ms
step:1106/1190 train_time:64829ms step_avg:58.62ms
step:1107/1190 train_time:64898ms step_avg:58.62ms
step:1108/1190 train_time:64977ms step_avg:58.64ms
step:1109/1190 train_time:65047ms step_avg:58.65ms
step:1110/1190 train_time:65132ms step_avg:58.68ms
step:1111/1190 train_time:65201ms step_avg:58.69ms
step:1112/1190 train_time:65282ms step_avg:58.71ms
step:1113/1190 train_time:65348ms step_avg:58.71ms
step:1114/1190 train_time:65431ms step_avg:58.74ms
step:1115/1190 train_time:65500ms step_avg:58.74ms
step:1116/1190 train_time:65581ms step_avg:58.76ms
step:1117/1190 train_time:65653ms step_avg:58.78ms
step:1118/1190 train_time:65734ms step_avg:58.80ms
step:1119/1190 train_time:65807ms step_avg:58.81ms
step:1120/1190 train_time:65886ms step_avg:58.83ms
step:1121/1190 train_time:65955ms step_avg:58.84ms
step:1122/1190 train_time:66036ms step_avg:58.86ms
step:1123/1190 train_time:66106ms step_avg:58.87ms
step:1124/1190 train_time:66205ms step_avg:58.90ms
step:1125/1190 train_time:66257ms step_avg:58.90ms
step:1126/1190 train_time:66342ms step_avg:58.92ms
step:1127/1190 train_time:66408ms step_avg:58.92ms
step:1128/1190 train_time:66493ms step_avg:58.95ms
step:1129/1190 train_time:66559ms step_avg:58.95ms
step:1130/1190 train_time:66641ms step_avg:58.97ms
step:1131/1190 train_time:66712ms step_avg:58.99ms
step:1132/1190 train_time:66797ms step_avg:59.01ms
step:1133/1190 train_time:66865ms step_avg:59.02ms
step:1134/1190 train_time:66949ms step_avg:59.04ms
step:1135/1190 train_time:67018ms step_avg:59.05ms
step:1136/1190 train_time:67099ms step_avg:59.07ms
step:1137/1190 train_time:67168ms step_avg:59.07ms
step:1138/1190 train_time:67253ms step_avg:59.10ms
step:1139/1190 train_time:67321ms step_avg:59.11ms
step:1140/1190 train_time:67404ms step_avg:59.13ms
step:1141/1190 train_time:67472ms step_avg:59.13ms
step:1142/1190 train_time:67553ms step_avg:59.15ms
step:1143/1190 train_time:67623ms step_avg:59.16ms
step:1144/1190 train_time:67707ms step_avg:59.18ms
step:1145/1190 train_time:67776ms step_avg:59.19ms
step:1146/1190 train_time:67859ms step_avg:59.21ms
step:1147/1190 train_time:67927ms step_avg:59.22ms
step:1148/1190 train_time:68011ms step_avg:59.24ms
step:1149/1190 train_time:68078ms step_avg:59.25ms
step:1150/1190 train_time:68163ms step_avg:59.27ms
step:1151/1190 train_time:68230ms step_avg:59.28ms
step:1152/1190 train_time:68314ms step_avg:59.30ms
step:1153/1190 train_time:68382ms step_avg:59.31ms
step:1154/1190 train_time:68467ms step_avg:59.33ms
step:1155/1190 train_time:68534ms step_avg:59.34ms
step:1156/1190 train_time:68616ms step_avg:59.36ms
step:1157/1190 train_time:68686ms step_avg:59.37ms
step:1158/1190 train_time:68769ms step_avg:59.39ms
step:1159/1190 train_time:68839ms step_avg:59.39ms
step:1160/1190 train_time:68921ms step_avg:59.41ms
step:1161/1190 train_time:68990ms step_avg:59.42ms
step:1162/1190 train_time:69073ms step_avg:59.44ms
step:1163/1190 train_time:69141ms step_avg:59.45ms
step:1164/1190 train_time:69223ms step_avg:59.47ms
step:1165/1190 train_time:69293ms step_avg:59.48ms
step:1166/1190 train_time:69377ms step_avg:59.50ms
step:1167/1190 train_time:69443ms step_avg:59.51ms
step:1168/1190 train_time:69527ms step_avg:59.53ms
step:1169/1190 train_time:69594ms step_avg:59.53ms
step:1170/1190 train_time:69679ms step_avg:59.56ms
step:1171/1190 train_time:69747ms step_avg:59.56ms
step:1172/1190 train_time:69829ms step_avg:59.58ms
step:1173/1190 train_time:69897ms step_avg:59.59ms
step:1174/1190 train_time:69981ms step_avg:59.61ms
step:1175/1190 train_time:70050ms step_avg:59.62ms
step:1176/1190 train_time:70134ms step_avg:59.64ms
step:1177/1190 train_time:70203ms step_avg:59.65ms
step:1178/1190 train_time:70286ms step_avg:59.67ms
step:1179/1190 train_time:70354ms step_avg:59.67ms
step:1180/1190 train_time:70437ms step_avg:59.69ms
step:1181/1190 train_time:70506ms step_avg:59.70ms
step:1182/1190 train_time:70589ms step_avg:59.72ms
step:1183/1190 train_time:70658ms step_avg:59.73ms
step:1184/1190 train_time:70742ms step_avg:59.75ms
step:1185/1190 train_time:70809ms step_avg:59.75ms
step:1186/1190 train_time:70893ms step_avg:59.77ms
step:1187/1190 train_time:70962ms step_avg:59.78ms
step:1188/1190 train_time:71047ms step_avg:59.80ms
step:1189/1190 train_time:71115ms step_avg:59.81ms
step:1190/1190 train_time:71196ms step_avg:59.83ms
step:1190/1190 val_loss:3.27689099 train_time:71271ms step_avg:59.89ms
peak memory allocated: 32011 MiB reserved: 42700 MiB
