HARNESS_TRAINING_ENV={"OMP_NUM_THREADS": "1", "MKL_NUM_THREADS": "1", "torch_num_threads": 1, "torch_num_interop_threads": 43}
[Gloo] Rank 4 is connected to 7 peer ranks. Expected number of connected peer ranks is : 7
[Gloo] Rank 0 is connected to 7 peer ranks. Expected number of connected peer ranks is : 7
[Gloo] Rank 1 is connected to 7 peer ranks. Expected number of connected peer ranks is : 7
[Gloo] Rank 2 is connected to 7 peer ranks. Expected number of connected peer ranks is : 7
[Gloo] Rank 3 is connected to [Gloo] Rank 7 peer ranks. Expected number of connected peer ranks is : 57 is connected to 
7 peer ranks. Expected number of connected peer ranks is : 7
[Gloo] Rank 6 is connected to 7[Gloo] Rank  peer ranks. 7Expected number of connected peer ranks is :  is connected to 77
 peer ranks. Expected number of connected peer ranks is : 7
/workspace/train_gpt.py:1084: UserWarning: Skipping publisher trust check for 'kernels-community/flash-attn3' because Hugging Face Hub is in offline mode.
  flash_attn_interface = get_kernel('kernels-community/flash-attn3', version=1).flash_attn_interface
/workspace/train_gpt.py:1084: UserWarning: Skipping publisher trust check for 'kernels-community/flash-attn3' because Hugging Face Hub is in offline mode.
  flash_attn_interface = get_kernel('kernels-community/flash-attn3', version=1).flash_attn_interface
/workspace/train_gpt.py:1084: UserWarning: Skipping publisher trust check for 'kernels-community/flash-attn3' because Hugging Face Hub is in offline mode.
  flash_attn_interface = get_kernel('kernels-community/flash-attn3', version=1).flash_attn_interface
/workspace/train_gpt.py:1084: UserWarning: Skipping publisher trust check for 'kernels-community/flash-attn3' because Hugging Face Hub is in offline mode.
  flash_attn_interface = get_kernel('kernels-community/flash-attn3', version=1).flash_attn_interface
/workspace/train_gpt.py:1084: UserWarning: Skipping publisher trust check for 'kernels-community/flash-attn3' because Hugging Face Hub is in offline mode.
  flash_attn_interface = get_kernel('kernels-community/flash-attn3', version=1).flash_attn_interface
/workspace/train_gpt.py:1084: UserWarning: Skipping publisher trust check for 'kernels-community/flash-attn3' because Hugging Face Hub is in offline mode.
  flash_attn_interface = get_kernel('kernels-community/flash-attn3', version=1).flash_attn_interface
/workspace/train_gpt.py:1084: UserWarning: Skipping publisher trust check for 'kernels-community/flash-attn3' because Hugging Face Hub is in offline mode.
  flash_attn_interface = get_kernel('kernels-community/flash-attn3', version=1).flash_attn_interface
/workspace/train_gpt.py:1084: UserWarning: Skipping publisher trust check for 'kernels-community/flash-attn3' because Hugging Face Hub is in offline mode.
  flash_attn_interface = get_kernel('kernels-community/flash-attn3', version=1).flash_attn_interface
logs/2d028a59-ed5b-450a-9cd5-8f0114793622.txt
Compiling model and warming up kernels (~7 minutes on first execution)
Sampling steps [0, 1, 281, 282, 283, 284, 705, 706, 707, 708, 1128, 1129, 1130, 1131] for warmup
Resetting Model
step:0/1190 val_loss:10.83086109 train_time:71ms step_avg:71.20ms
step:1/1190 train_time:205ms step_avg:204.57ms
step:2/1190 train_time:258ms step_avg:128.79ms
step:3/1190 train_time:304ms step_avg:101.42ms
step:4/1190 train_time:350ms step_avg:87.47ms
step:5/1190 train_time:390ms step_avg:77.99ms
step:6/1190 train_time:436ms step_avg:72.70ms
step:7/1190 train_time:475ms step_avg:67.86ms
step:8/1190 train_time:523ms step_avg:65.34ms
step:9/1190 train_time:564ms step_avg:62.68ms
step:10/1190 train_time:610ms step_avg:60.98ms
step:11/1190 train_time:652ms step_avg:59.26ms
step:12/1190 train_time:699ms step_avg:58.22ms
step:13/1190 train_time:736ms step_avg:56.65ms
step:14/1190 train_time:784ms step_avg:56.02ms
step:15/1190 train_time:821ms step_avg:54.73ms
step:16/1190 train_time:866ms step_avg:54.13ms
step:17/1190 train_time:906ms step_avg:53.31ms
step:18/1190 train_time:955ms step_avg:53.03ms
step:19/1190 train_time:993ms step_avg:52.26ms
step:20/1190 train_time:1039ms step_avg:51.97ms
step:21/1190 train_time:1077ms step_avg:51.29ms
step:22/1190 train_time:1118ms step_avg:50.84ms
step:23/1190 train_time:1156ms step_avg:50.25ms
step:24/1190 train_time:1204ms step_avg:50.18ms
step:25/1190 train_time:1243ms step_avg:49.73ms
step:26/1190 train_time:1286ms step_avg:49.47ms
step:27/1190 train_time:1324ms step_avg:49.03ms
step:28/1190 train_time:1368ms step_avg:48.85ms
step:29/1190 train_time:1408ms step_avg:48.56ms
step:30/1190 train_time:1452ms step_avg:48.40ms
step:31/1190 train_time:1494ms step_avg:48.18ms
step:32/1190 train_time:1536ms step_avg:48.00ms
step:33/1190 train_time:1572ms step_avg:47.64ms
step:34/1190 train_time:1618ms step_avg:47.58ms
step:35/1190 train_time:1655ms step_avg:47.30ms
step:36/1190 train_time:1702ms step_avg:47.29ms
step:37/1190 train_time:1740ms step_avg:47.02ms
step:38/1190 train_time:1783ms step_avg:46.93ms
step:39/1190 train_time:1821ms step_avg:46.69ms
step:40/1190 train_time:1865ms step_avg:46.63ms
step:41/1190 train_time:1905ms step_avg:46.47ms
step:42/1190 train_time:1951ms step_avg:46.44ms
step:43/1190 train_time:1992ms step_avg:46.32ms
step:44/1190 train_time:2035ms step_avg:46.25ms
step:45/1190 train_time:2073ms step_avg:46.07ms
step:46/1190 train_time:2119ms step_avg:46.06ms
step:47/1190 train_time:2153ms step_avg:45.82ms
step:48/1190 train_time:2199ms step_avg:45.82ms
step:49/1190 train_time:2235ms step_avg:45.62ms
step:50/1190 train_time:2282ms step_avg:45.63ms
step:51/1190 train_time:2320ms step_avg:45.50ms
step:52/1190 train_time:2364ms step_avg:45.47ms
step:53/1190 train_time:2401ms step_avg:45.30ms
step:54/1190 train_time:2446ms step_avg:45.29ms
step:55/1190 train_time:2484ms step_avg:45.16ms
step:56/1190 train_time:2530ms step_avg:45.19ms
step:57/1190 train_time:2568ms step_avg:45.06ms
step:58/1190 train_time:2616ms step_avg:45.10ms
step:59/1190 train_time:2660ms step_avg:45.09ms
step:60/1190 train_time:2706ms step_avg:45.10ms
step:61/1190 train_time:2745ms step_avg:45.01ms
step:62/1190 train_time:2786ms step_avg:44.94ms
step:63/1190 train_time:2825ms step_avg:44.84ms
step:64/1190 train_time:2869ms step_avg:44.83ms
step:65/1190 train_time:2908ms step_avg:44.73ms
step:66/1190 train_time:2954ms step_avg:44.76ms
step:67/1190 train_time:2992ms step_avg:44.66ms
step:68/1190 train_time:3039ms step_avg:44.69ms
step:69/1190 train_time:3078ms step_avg:44.61ms
step:70/1190 train_time:3125ms step_avg:44.64ms
step:71/1190 train_time:3162ms step_avg:44.54ms
step:72/1190 train_time:3208ms step_avg:44.55ms
step:73/1190 train_time:3245ms step_avg:44.46ms
step:74/1190 train_time:3288ms step_avg:44.43ms
step:75/1190 train_time:3330ms step_avg:44.41ms
step:76/1190 train_time:3374ms step_avg:44.39ms
step:77/1190 train_time:3413ms step_avg:44.32ms
step:78/1190 train_time:3453ms step_avg:44.26ms
step:79/1190 train_time:3490ms step_avg:44.18ms
step:80/1190 train_time:3536ms step_avg:44.21ms
step:81/1190 train_time:3575ms step_avg:44.13ms
step:82/1190 train_time:3617ms step_avg:44.11ms
step:83/1190 train_time:3655ms step_avg:44.04ms
step:84/1190 train_time:3700ms step_avg:44.04ms
step:85/1190 train_time:3738ms step_avg:43.97ms
step:86/1190 train_time:3784ms step_avg:44.00ms
step:87/1190 train_time:3822ms step_avg:43.93ms
step:88/1190 train_time:3866ms step_avg:43.93ms
step:89/1190 train_time:3902ms step_avg:43.85ms
step:90/1190 train_time:3948ms step_avg:43.87ms
step:91/1190 train_time:3986ms step_avg:43.81ms
step:92/1190 train_time:4031ms step_avg:43.82ms
step:93/1190 train_time:4068ms step_avg:43.74ms
step:94/1190 train_time:4114ms step_avg:43.76ms
step:95/1190 train_time:4151ms step_avg:43.70ms
step:96/1190 train_time:4197ms step_avg:43.72ms
step:97/1190 train_time:4238ms step_avg:43.69ms
step:98/1190 train_time:4281ms step_avg:43.69ms
step:99/1190 train_time:4318ms step_avg:43.62ms
step:100/1190 train_time:4360ms step_avg:43.60ms
step:101/1190 train_time:4401ms step_avg:43.57ms
step:102/1190 train_time:4448ms step_avg:43.61ms
step:103/1190 train_time:4485ms step_avg:43.54ms
step:104/1190 train_time:4529ms step_avg:43.54ms
step:105/1190 train_time:4568ms step_avg:43.51ms
step:106/1190 train_time:4610ms step_avg:43.49ms
step:107/1190 train_time:4647ms step_avg:43.43ms
step:108/1190 train_time:4693ms step_avg:43.45ms
step:109/1190 train_time:4731ms step_avg:43.40ms
step:110/1190 train_time:4776ms step_avg:43.42ms
step:111/1190 train_time:4815ms step_avg:43.38ms
step:112/1190 train_time:4859ms step_avg:43.38ms
step:113/1190 train_time:4899ms step_avg:43.35ms
step:114/1190 train_time:4943ms step_avg:43.36ms
step:115/1190 train_time:4980ms step_avg:43.30ms
step:116/1190 train_time:5022ms step_avg:43.29ms
step:117/1190 train_time:5060ms step_avg:43.25ms
step:118/1190 train_time:5106ms step_avg:43.27ms
step:119/1190 train_time:5147ms step_avg:43.25ms
step:120/1190 train_time:5191ms step_avg:43.26ms
step:121/1190 train_time:5227ms step_avg:43.20ms
step:122/1190 train_time:5271ms step_avg:43.21ms
step:123/1190 train_time:5309ms step_avg:43.17ms
step:124/1190 train_time:5355ms step_avg:43.18ms
step:125/1190 train_time:5393ms step_avg:43.15ms
step:126/1190 train_time:5440ms step_avg:43.17ms
step:127/1190 train_time:5478ms step_avg:43.13ms
step:128/1190 train_time:5522ms step_avg:43.14ms
step:129/1190 train_time:5562ms step_avg:43.11ms
step:130/1190 train_time:5607ms step_avg:43.13ms
step:131/1190 train_time:5651ms step_avg:43.14ms
step:132/1190 train_time:5697ms step_avg:43.16ms
step:133/1190 train_time:5734ms step_avg:43.11ms
step:134/1190 train_time:5778ms step_avg:43.12ms
step:135/1190 train_time:5818ms step_avg:43.09ms
step:136/1190 train_time:5864ms step_avg:43.12ms
step:137/1190 train_time:5903ms step_avg:43.09ms
step:138/1190 train_time:5949ms step_avg:43.11ms
step:139/1190 train_time:5986ms step_avg:43.07ms
step:140/1190 train_time:6032ms step_avg:43.09ms
step:141/1190 train_time:6070ms step_avg:43.05ms
step:142/1190 train_time:6112ms step_avg:43.04ms
step:143/1190 train_time:6152ms step_avg:43.02ms
step:144/1190 train_time:6201ms step_avg:43.06ms
step:145/1190 train_time:6239ms step_avg:43.03ms
step:146/1190 train_time:6286ms step_avg:43.05ms
step:147/1190 train_time:6323ms step_avg:43.02ms
step:148/1190 train_time:6368ms step_avg:43.03ms
step:149/1190 train_time:6406ms step_avg:43.00ms
step:150/1190 train_time:6451ms step_avg:43.01ms
step:151/1190 train_time:6489ms step_avg:42.97ms
step:152/1190 train_time:6534ms step_avg:42.99ms
step:153/1190 train_time:6571ms step_avg:42.94ms
step:154/1190 train_time:6612ms step_avg:42.93ms
step:155/1190 train_time:6652ms step_avg:42.91ms
step:156/1190 train_time:6696ms step_avg:42.92ms
step:157/1190 train_time:6734ms step_avg:42.89ms
step:158/1190 train_time:6780ms step_avg:42.91ms
step:159/1190 train_time:6819ms step_avg:42.89ms
step:160/1190 train_time:6864ms step_avg:42.90ms
step:161/1190 train_time:6901ms step_avg:42.87ms
step:162/1190 train_time:6947ms step_avg:42.88ms
step:163/1190 train_time:6986ms step_avg:42.86ms
step:164/1190 train_time:7031ms step_avg:42.87ms
step:165/1190 train_time:7073ms step_avg:42.86ms
step:166/1190 train_time:7117ms step_avg:42.87ms
step:167/1190 train_time:7155ms step_avg:42.84ms
step:168/1190 train_time:7199ms step_avg:42.85ms
step:169/1190 train_time:7237ms step_avg:42.82ms
step:170/1190 train_time:7283ms step_avg:42.84ms
step:171/1190 train_time:7321ms step_avg:42.81ms
step:172/1190 train_time:7367ms step_avg:42.83ms
step:173/1190 train_time:7404ms step_avg:42.80ms
step:174/1190 train_time:7449ms step_avg:42.81ms
step:175/1190 train_time:7489ms step_avg:42.79ms
step:176/1190 train_time:7531ms step_avg:42.79ms
step:177/1190 train_time:7569ms step_avg:42.76ms
step:178/1190 train_time:7613ms step_avg:42.77ms
step:179/1190 train_time:7653ms step_avg:42.75ms
step:180/1190 train_time:7699ms step_avg:42.77ms
step:181/1190 train_time:7738ms step_avg:42.75ms
step:182/1190 train_time:7783ms step_avg:42.76ms
step:183/1190 train_time:7824ms step_avg:42.75ms
step:184/1190 train_time:7869ms step_avg:42.76ms
step:185/1190 train_time:7906ms step_avg:42.74ms
step:186/1190 train_time:7952ms step_avg:42.75ms
step:187/1190 train_time:7990ms step_avg:42.73ms
step:188/1190 train_time:8034ms step_avg:42.73ms
step:189/1190 train_time:8075ms step_avg:42.72ms
step:190/1190 train_time:8117ms step_avg:42.72ms
step:191/1190 train_time:8154ms step_avg:42.69ms
step:192/1190 train_time:8200ms step_avg:42.71ms
step:193/1190 train_time:8237ms step_avg:42.68ms
step:194/1190 train_time:8280ms step_avg:42.68ms
step:195/1190 train_time:8319ms step_avg:42.66ms
step:196/1190 train_time:8364ms step_avg:42.67ms
step:197/1190 train_time:8403ms step_avg:42.65ms
step:198/1190 train_time:8449ms step_avg:42.67ms
step:199/1190 train_time:8486ms step_avg:42.65ms
step:200/1190 train_time:8530ms step_avg:42.65ms
step:201/1190 train_time:8570ms step_avg:42.64ms
step:202/1190 train_time:8612ms step_avg:42.63ms
step:203/1190 train_time:8649ms step_avg:42.60ms
step:204/1190 train_time:8693ms step_avg:42.61ms
step:205/1190 train_time:8731ms step_avg:42.59ms
step:206/1190 train_time:8778ms step_avg:42.61ms
step:207/1190 train_time:8816ms step_avg:42.59ms
step:208/1190 train_time:8859ms step_avg:42.59ms
step:209/1190 train_time:8899ms step_avg:42.58ms
step:210/1190 train_time:8944ms step_avg:42.59ms
step:211/1190 train_time:8981ms step_avg:42.56ms
step:212/1190 train_time:9026ms step_avg:42.57ms
step:213/1190 train_time:9066ms step_avg:42.57ms
step:214/1190 train_time:9111ms step_avg:42.57ms
step:215/1190 train_time:9149ms step_avg:42.55ms
step:216/1190 train_time:9196ms step_avg:42.57ms
step:217/1190 train_time:9233ms step_avg:42.55ms
step:218/1190 train_time:9280ms step_avg:42.57ms
step:219/1190 train_time:9318ms step_avg:42.55ms
step:220/1190 train_time:9367ms step_avg:42.58ms
step:221/1190 train_time:9405ms step_avg:42.55ms
step:222/1190 train_time:9447ms step_avg:42.56ms
step:223/1190 train_time:9486ms step_avg:42.54ms
step:224/1190 train_time:9530ms step_avg:42.55ms
step:225/1190 train_time:9571ms step_avg:42.54ms
step:226/1190 train_time:9613ms step_avg:42.53ms
step:227/1190 train_time:9653ms step_avg:42.52ms
step:228/1190 train_time:9700ms step_avg:42.54ms
step:229/1190 train_time:9737ms step_avg:42.52ms
step:230/1190 train_time:9785ms step_avg:42.54ms
step:231/1190 train_time:9823ms step_avg:42.53ms
step:232/1190 train_time:9870ms step_avg:42.54ms
step:233/1190 train_time:9908ms step_avg:42.53ms
step:234/1190 train_time:9954ms step_avg:42.54ms
step:235/1190 train_time:9993ms step_avg:42.52ms
step:236/1190 train_time:10034ms step_avg:42.52ms
step:237/1190 train_time:10074ms step_avg:42.51ms
step:238/1190 train_time:10119ms step_avg:42.52ms
step:239/1190 train_time:10157ms step_avg:42.50ms
step:240/1190 train_time:10204ms step_avg:42.52ms
step:241/1190 train_time:10241ms step_avg:42.49ms
step:242/1190 train_time:10287ms step_avg:42.51ms
step:243/1190 train_time:10324ms step_avg:42.48ms
step:244/1190 train_time:10368ms step_avg:42.49ms
step:245/1190 train_time:10407ms step_avg:42.48ms
step:246/1190 train_time:10452ms step_avg:42.49ms
step:247/1190 train_time:10494ms step_avg:42.49ms
step:248/1190 train_time:10539ms step_avg:42.50ms
step:249/1190 train_time:10579ms step_avg:42.49ms
step:250/1190 train_time:10623ms step_avg:42.49ms
step:250/1190 val_loss:4.37805128 train_time:10630ms step_avg:42.52ms
step:251/1190 train_time:10668ms step_avg:42.50ms
step:252/1190 train_time:10715ms step_avg:42.52ms
step:253/1190 train_time:10753ms step_avg:42.50ms
step:254/1190 train_time:10801ms step_avg:42.52ms
step:255/1190 train_time:10838ms step_avg:42.50ms
step:256/1190 train_time:10884ms step_avg:42.51ms
step:257/1190 train_time:10919ms step_avg:42.49ms
step:258/1190 train_time:10961ms step_avg:42.48ms
step:259/1190 train_time:10999ms step_avg:42.47ms
step:260/1190 train_time:11043ms step_avg:42.47ms
step:261/1190 train_time:11079ms step_avg:42.45ms
step:262/1190 train_time:11117ms step_avg:42.43ms
step:263/1190 train_time:11154ms step_avg:42.41ms
step:264/1190 train_time:11199ms step_avg:42.42ms
step:265/1190 train_time:11235ms step_avg:42.40ms
step:266/1190 train_time:11280ms step_avg:42.41ms
step:267/1190 train_time:11317ms step_avg:42.39ms
step:268/1190 train_time:11360ms step_avg:42.39ms
step:269/1190 train_time:11400ms step_avg:42.38ms
step:270/1190 train_time:11446ms step_avg:42.39ms
step:271/1190 train_time:11484ms step_avg:42.38ms
step:272/1190 train_time:11529ms step_avg:42.39ms
step:273/1190 train_time:11568ms step_avg:42.37ms
step:274/1190 train_time:11612ms step_avg:42.38ms
step:275/1190 train_time:11650ms step_avg:42.36ms
step:276/1190 train_time:11700ms step_avg:42.39ms
step:277/1190 train_time:11735ms step_avg:42.37ms
step:278/1190 train_time:11783ms step_avg:42.39ms
step:279/1190 train_time:11821ms step_avg:42.37ms
step:280/1190 train_time:11865ms step_avg:42.38ms
step:281/1190 train_time:11905ms step_avg:42.37ms
step:282/1190 train_time:11947ms step_avg:42.36ms
step:283/1190 train_time:11981ms step_avg:42.34ms
step:284/1190 train_time:12026ms step_avg:42.35ms
step:285/1190 train_time:12065ms step_avg:42.33ms
step:286/1190 train_time:12110ms step_avg:42.34ms
step:287/1190 train_time:12154ms step_avg:42.35ms
step:288/1190 train_time:12215ms step_avg:42.41ms
step:289/1190 train_time:12260ms step_avg:42.42ms
step:290/1190 train_time:12319ms step_avg:42.48ms
step:291/1190 train_time:12365ms step_avg:42.49ms
step:292/1190 train_time:12426ms step_avg:42.55ms
step:293/1190 train_time:12470ms step_avg:42.56ms
step:294/1190 train_time:12529ms step_avg:42.62ms
step:295/1190 train_time:12575ms step_avg:42.63ms
step:296/1190 train_time:12636ms step_avg:42.69ms
step:297/1190 train_time:12680ms step_avg:42.69ms
step:298/1190 train_time:12741ms step_avg:42.75ms
step:299/1190 train_time:12785ms step_avg:42.76ms
step:300/1190 train_time:12845ms step_avg:42.82ms
step:301/1190 train_time:12890ms step_avg:42.82ms
step:302/1190 train_time:12949ms step_avg:42.88ms
step:303/1190 train_time:12995ms step_avg:42.89ms
step:304/1190 train_time:13056ms step_avg:42.95ms
step:305/1190 train_time:13099ms step_avg:42.95ms
step:306/1190 train_time:13161ms step_avg:43.01ms
step:307/1190 train_time:13206ms step_avg:43.02ms
step:308/1190 train_time:13266ms step_avg:43.07ms
step:309/1190 train_time:13312ms step_avg:43.08ms
step:310/1190 train_time:13370ms step_avg:43.13ms
step:311/1190 train_time:13416ms step_avg:43.14ms
step:312/1190 train_time:13475ms step_avg:43.19ms
step:313/1190 train_time:13520ms step_avg:43.20ms
step:314/1190 train_time:13581ms step_avg:43.25ms
step:315/1190 train_time:13627ms step_avg:43.26ms
step:316/1190 train_time:13686ms step_avg:43.31ms
step:317/1190 train_time:13731ms step_avg:43.32ms
step:318/1190 train_time:13791ms step_avg:43.37ms
step:319/1190 train_time:13836ms step_avg:43.37ms
step:320/1190 train_time:13897ms step_avg:43.43ms
step:321/1190 train_time:13940ms step_avg:43.43ms
step:322/1190 train_time:14001ms step_avg:43.48ms
step:323/1190 train_time:14045ms step_avg:43.48ms
step:324/1190 train_time:14106ms step_avg:43.54ms
step:325/1190 train_time:14151ms step_avg:43.54ms
step:326/1190 train_time:14210ms step_avg:43.59ms
step:327/1190 train_time:14254ms step_avg:43.59ms
step:328/1190 train_time:14315ms step_avg:43.64ms
step:329/1190 train_time:14362ms step_avg:43.65ms
step:330/1190 train_time:14422ms step_avg:43.70ms
step:331/1190 train_time:14466ms step_avg:43.70ms
step:332/1190 train_time:14525ms step_avg:43.75ms
step:333/1190 train_time:14571ms step_avg:43.76ms
step:334/1190 train_time:14631ms step_avg:43.80ms
step:335/1190 train_time:14677ms step_avg:43.81ms
step:336/1190 train_time:14736ms step_avg:43.86ms
step:337/1190 train_time:14801ms step_avg:43.92ms
step:338/1190 train_time:14881ms step_avg:44.03ms
step:339/1190 train_time:14923ms step_avg:44.02ms
step:340/1190 train_time:14970ms step_avg:44.03ms
step:341/1190 train_time:15011ms step_avg:44.02ms
step:342/1190 train_time:15060ms step_avg:44.03ms
step:343/1190 train_time:15107ms step_avg:44.04ms
step:344/1190 train_time:15166ms step_avg:44.09ms
step:345/1190 train_time:15212ms step_avg:44.09ms
step:346/1190 train_time:15271ms step_avg:44.14ms
step:347/1190 train_time:15315ms step_avg:44.14ms
step:348/1190 train_time:15375ms step_avg:44.18ms
step:349/1190 train_time:15419ms step_avg:44.18ms
step:350/1190 train_time:15480ms step_avg:44.23ms
step:351/1190 train_time:15526ms step_avg:44.23ms
step:352/1190 train_time:15584ms step_avg:44.27ms
step:353/1190 train_time:15630ms step_avg:44.28ms
step:354/1190 train_time:15688ms step_avg:44.32ms
step:355/1190 train_time:15737ms step_avg:44.33ms
step:356/1190 train_time:15795ms step_avg:44.37ms
step:357/1190 train_time:15839ms step_avg:44.37ms
step:358/1190 train_time:15901ms step_avg:44.42ms
step:359/1190 train_time:15945ms step_avg:44.41ms
step:360/1190 train_time:16005ms step_avg:44.46ms
step:361/1190 train_time:16052ms step_avg:44.46ms
step:362/1190 train_time:16111ms step_avg:44.51ms
step:363/1190 train_time:16156ms step_avg:44.51ms
step:364/1190 train_time:16217ms step_avg:44.55ms
step:365/1190 train_time:16261ms step_avg:44.55ms
step:366/1190 train_time:16321ms step_avg:44.59ms
step:367/1190 train_time:16366ms step_avg:44.59ms
step:368/1190 train_time:16426ms step_avg:44.64ms
step:369/1190 train_time:16471ms step_avg:44.64ms
step:370/1190 train_time:16531ms step_avg:44.68ms
step:371/1190 train_time:16576ms step_avg:44.68ms
step:372/1190 train_time:16635ms step_avg:44.72ms
step:373/1190 train_time:16680ms step_avg:44.72ms
step:374/1190 train_time:16743ms step_avg:44.77ms
step:375/1190 train_time:16786ms step_avg:44.76ms
step:376/1190 train_time:16847ms step_avg:44.81ms
step:377/1190 train_time:16892ms step_avg:44.81ms
step:378/1190 train_time:16952ms step_avg:44.85ms
step:379/1190 train_time:16997ms step_avg:44.85ms
step:380/1190 train_time:17055ms step_avg:44.88ms
step:381/1190 train_time:17101ms step_avg:44.88ms
step:382/1190 train_time:17161ms step_avg:44.92ms
step:383/1190 train_time:17206ms step_avg:44.92ms
step:384/1190 train_time:17266ms step_avg:44.96ms
step:385/1190 train_time:17313ms step_avg:44.97ms
step:386/1190 train_time:17370ms step_avg:45.00ms
step:387/1190 train_time:17417ms step_avg:45.00ms
step:388/1190 train_time:17477ms step_avg:45.04ms
step:389/1190 train_time:17521ms step_avg:45.04ms
step:390/1190 train_time:17582ms step_avg:45.08ms
step:391/1190 train_time:17627ms step_avg:45.08ms
step:392/1190 train_time:17685ms step_avg:45.12ms
step:393/1190 train_time:17732ms step_avg:45.12ms
step:394/1190 train_time:17792ms step_avg:45.16ms
step:395/1190 train_time:17837ms step_avg:45.16ms
step:396/1190 train_time:17895ms step_avg:45.19ms
step:397/1190 train_time:17942ms step_avg:45.19ms
step:398/1190 train_time:18000ms step_avg:45.23ms
step:399/1190 train_time:18047ms step_avg:45.23ms
step:400/1190 train_time:18106ms step_avg:45.26ms
step:401/1190 train_time:18151ms step_avg:45.26ms
step:402/1190 train_time:18213ms step_avg:45.31ms
step:403/1190 train_time:18258ms step_avg:45.30ms
step:404/1190 train_time:18317ms step_avg:45.34ms
step:405/1190 train_time:18362ms step_avg:45.34ms
step:406/1190 train_time:18421ms step_avg:45.37ms
step:407/1190 train_time:18467ms step_avg:45.37ms
step:408/1190 train_time:18529ms step_avg:45.41ms
step:409/1190 train_time:18573ms step_avg:45.41ms
step:410/1190 train_time:18633ms step_avg:45.45ms
step:411/1190 train_time:18677ms step_avg:45.44ms
step:412/1190 train_time:18739ms step_avg:45.48ms
step:413/1190 train_time:18782ms step_avg:45.48ms
step:414/1190 train_time:18843ms step_avg:45.51ms
step:415/1190 train_time:18887ms step_avg:45.51ms
step:416/1190 train_time:18948ms step_avg:45.55ms
step:417/1190 train_time:18993ms step_avg:45.55ms
step:418/1190 train_time:19054ms step_avg:45.58ms
step:419/1190 train_time:19097ms step_avg:45.58ms
step:420/1190 train_time:19157ms step_avg:45.61ms
step:421/1190 train_time:19201ms step_avg:45.61ms
step:422/1190 train_time:19262ms step_avg:45.65ms
step:423/1190 train_time:19307ms step_avg:45.64ms
step:424/1190 train_time:19367ms step_avg:45.68ms
step:425/1190 train_time:19413ms step_avg:45.68ms
step:426/1190 train_time:19474ms step_avg:45.71ms
step:427/1190 train_time:19520ms step_avg:45.71ms
step:428/1190 train_time:19577ms step_avg:45.74ms
step:429/1190 train_time:19623ms step_avg:45.74ms
step:430/1190 train_time:19684ms step_avg:45.78ms
step:431/1190 train_time:19729ms step_avg:45.78ms
step:432/1190 train_time:19788ms step_avg:45.81ms
step:433/1190 train_time:19834ms step_avg:45.81ms
step:434/1190 train_time:19894ms step_avg:45.84ms
step:435/1190 train_time:19940ms step_avg:45.84ms
step:436/1190 train_time:20000ms step_avg:45.87ms
step:437/1190 train_time:20044ms step_avg:45.87ms
step:438/1190 train_time:20103ms step_avg:45.90ms
step:439/1190 train_time:20150ms step_avg:45.90ms
step:440/1190 train_time:20209ms step_avg:45.93ms
step:441/1190 train_time:20254ms step_avg:45.93ms
step:442/1190 train_time:20313ms step_avg:45.96ms
step:443/1190 train_time:20360ms step_avg:45.96ms
step:444/1190 train_time:20418ms step_avg:45.99ms
step:445/1190 train_time:20463ms step_avg:45.99ms
step:446/1190 train_time:20524ms step_avg:46.02ms
step:447/1190 train_time:20571ms step_avg:46.02ms
step:448/1190 train_time:20629ms step_avg:46.05ms
step:449/1190 train_time:20677ms step_avg:46.05ms
step:450/1190 train_time:20735ms step_avg:46.08ms
step:451/1190 train_time:20779ms step_avg:46.07ms
step:452/1190 train_time:20838ms step_avg:46.10ms
step:453/1190 train_time:20886ms step_avg:46.11ms
step:454/1190 train_time:20947ms step_avg:46.14ms
step:455/1190 train_time:20992ms step_avg:46.14ms
step:456/1190 train_time:21053ms step_avg:46.17ms
step:457/1190 train_time:21095ms step_avg:46.16ms
step:458/1190 train_time:21158ms step_avg:46.20ms
step:459/1190 train_time:21201ms step_avg:46.19ms
step:460/1190 train_time:21263ms step_avg:46.22ms
step:461/1190 train_time:21307ms step_avg:46.22ms
step:462/1190 train_time:21367ms step_avg:46.25ms
step:463/1190 train_time:21412ms step_avg:46.25ms
step:464/1190 train_time:21471ms step_avg:46.27ms
step:465/1190 train_time:21517ms step_avg:46.27ms
step:466/1190 train_time:21577ms step_avg:46.30ms
step:467/1190 train_time:21621ms step_avg:46.30ms
step:468/1190 train_time:21681ms step_avg:46.33ms
step:469/1190 train_time:21727ms step_avg:46.33ms
step:470/1190 train_time:21786ms step_avg:46.35ms
step:471/1190 train_time:21832ms step_avg:46.35ms
step:472/1190 train_time:21890ms step_avg:46.38ms
step:473/1190 train_time:21937ms step_avg:46.38ms
step:474/1190 train_time:21997ms step_avg:46.41ms
step:475/1190 train_time:22041ms step_avg:46.40ms
step:476/1190 train_time:22101ms step_avg:46.43ms
step:477/1190 train_time:22146ms step_avg:46.43ms
step:478/1190 train_time:22207ms step_avg:46.46ms
step:479/1190 train_time:22251ms step_avg:46.45ms
step:480/1190 train_time:22311ms step_avg:46.48ms
step:481/1190 train_time:22356ms step_avg:46.48ms
step:482/1190 train_time:22416ms step_avg:46.51ms
step:483/1190 train_time:22463ms step_avg:46.51ms
step:484/1190 train_time:22521ms step_avg:46.53ms
step:485/1190 train_time:22567ms step_avg:46.53ms
step:486/1190 train_time:22627ms step_avg:46.56ms
step:487/1190 train_time:22672ms step_avg:46.56ms
step:488/1190 train_time:22732ms step_avg:46.58ms
step:489/1190 train_time:22778ms step_avg:46.58ms
step:490/1190 train_time:22838ms step_avg:46.61ms
step:491/1190 train_time:22883ms step_avg:46.61ms
step:492/1190 train_time:22943ms step_avg:46.63ms
step:493/1190 train_time:22987ms step_avg:46.63ms
step:494/1190 train_time:23048ms step_avg:46.66ms
step:495/1190 train_time:23094ms step_avg:46.65ms
step:496/1190 train_time:23153ms step_avg:46.68ms
step:497/1190 train_time:23198ms step_avg:46.68ms
step:498/1190 train_time:23259ms step_avg:46.70ms
step:499/1190 train_time:23304ms step_avg:46.70ms
step:500/1190 train_time:23364ms step_avg:46.73ms
step:500/1190 val_loss:3.88242626 train_time:23412ms step_avg:46.82ms
step:501/1190 train_time:23451ms step_avg:46.81ms
step:502/1190 train_time:23499ms step_avg:46.81ms
step:503/1190 train_time:23539ms step_avg:46.80ms
step:504/1190 train_time:23586ms step_avg:46.80ms
step:505/1190 train_time:23628ms step_avg:46.79ms
step:506/1190 train_time:23689ms step_avg:46.82ms
step:507/1190 train_time:23735ms step_avg:46.81ms
step:508/1190 train_time:23796ms step_avg:46.84ms
step:509/1190 train_time:23841ms step_avg:46.84ms
step:510/1190 train_time:23901ms step_avg:46.87ms
step:511/1190 train_time:23945ms step_avg:46.86ms
step:512/1190 train_time:24005ms step_avg:46.88ms
step:513/1190 train_time:24051ms step_avg:46.88ms
step:514/1190 train_time:24110ms step_avg:46.91ms
step:515/1190 train_time:24156ms step_avg:46.90ms
step:516/1190 train_time:24215ms step_avg:46.93ms
step:517/1190 train_time:24260ms step_avg:46.93ms
step:518/1190 train_time:24321ms step_avg:46.95ms
step:519/1190 train_time:24364ms step_avg:46.94ms
step:520/1190 train_time:24425ms step_avg:46.97ms
step:521/1190 train_time:24469ms step_avg:46.97ms
step:522/1190 train_time:24531ms step_avg:46.99ms
step:523/1190 train_time:24577ms step_avg:46.99ms
step:524/1190 train_time:24638ms step_avg:47.02ms
step:525/1190 train_time:24683ms step_avg:47.02ms
step:526/1190 train_time:24742ms step_avg:47.04ms
step:527/1190 train_time:24788ms step_avg:47.04ms
step:528/1190 train_time:24851ms step_avg:47.07ms
step:529/1190 train_time:24894ms step_avg:47.06ms
step:530/1190 train_time:24955ms step_avg:47.08ms
step:531/1190 train_time:24999ms step_avg:47.08ms
step:532/1190 train_time:25059ms step_avg:47.10ms
step:533/1190 train_time:25104ms step_avg:47.10ms
step:534/1190 train_time:25163ms step_avg:47.12ms
step:535/1190 train_time:25207ms step_avg:47.12ms
step:536/1190 train_time:25269ms step_avg:47.14ms
step:537/1190 train_time:25314ms step_avg:47.14ms
step:538/1190 train_time:25375ms step_avg:47.17ms
step:539/1190 train_time:25418ms step_avg:47.16ms
step:540/1190 train_time:25479ms step_avg:47.18ms
step:541/1190 train_time:25523ms step_avg:47.18ms
step:542/1190 train_time:25583ms step_avg:47.20ms
step:543/1190 train_time:25631ms step_avg:47.20ms
step:544/1190 train_time:25691ms step_avg:47.23ms
step:545/1190 train_time:25735ms step_avg:47.22ms
step:546/1190 train_time:25796ms step_avg:47.25ms
step:547/1190 train_time:25841ms step_avg:47.24ms
step:548/1190 train_time:25901ms step_avg:47.26ms
step:549/1190 train_time:25946ms step_avg:47.26ms
step:550/1190 train_time:26007ms step_avg:47.29ms
step:551/1190 train_time:26053ms step_avg:47.28ms
step:552/1190 train_time:26111ms step_avg:47.30ms
step:553/1190 train_time:26157ms step_avg:47.30ms
step:554/1190 train_time:26216ms step_avg:47.32ms
step:555/1190 train_time:26262ms step_avg:47.32ms
step:556/1190 train_time:26320ms step_avg:47.34ms
step:557/1190 train_time:26368ms step_avg:47.34ms
step:558/1190 train_time:26428ms step_avg:47.36ms
step:559/1190 train_time:26471ms step_avg:47.36ms
step:560/1190 train_time:26534ms step_avg:47.38ms
step:561/1190 train_time:26579ms step_avg:47.38ms
step:562/1190 train_time:26638ms step_avg:47.40ms
step:563/1190 train_time:26684ms step_avg:47.40ms
step:564/1190 train_time:26743ms step_avg:47.42ms
step:565/1190 train_time:26788ms step_avg:47.41ms
step:566/1190 train_time:26848ms step_avg:47.43ms
step:567/1190 train_time:26895ms step_avg:47.43ms
step:568/1190 train_time:26954ms step_avg:47.45ms
step:569/1190 train_time:27000ms step_avg:47.45ms
step:570/1190 train_time:27058ms step_avg:47.47ms
step:571/1190 train_time:27105ms step_avg:47.47ms
step:572/1190 train_time:27168ms step_avg:47.50ms
step:573/1190 train_time:27211ms step_avg:47.49ms
step:574/1190 train_time:27273ms step_avg:47.51ms
step:575/1190 train_time:27315ms step_avg:47.50ms
step:576/1190 train_time:27377ms step_avg:47.53ms
step:577/1190 train_time:27421ms step_avg:47.52ms
step:578/1190 train_time:27479ms step_avg:47.54ms
step:579/1190 train_time:27526ms step_avg:47.54ms
step:580/1190 train_time:27583ms step_avg:47.56ms
step:581/1190 train_time:27632ms step_avg:47.56ms
step:582/1190 train_time:27692ms step_avg:47.58ms
step:583/1190 train_time:27737ms step_avg:47.58ms
step:584/1190 train_time:27797ms step_avg:47.60ms
step:585/1190 train_time:27843ms step_avg:47.59ms
step:586/1190 train_time:27902ms step_avg:47.62ms
step:587/1190 train_time:27949ms step_avg:47.61ms
step:588/1190 train_time:28007ms step_avg:47.63ms
step:589/1190 train_time:28054ms step_avg:47.63ms
step:590/1190 train_time:28113ms step_avg:47.65ms
step:591/1190 train_time:28157ms step_avg:47.64ms
step:592/1190 train_time:28215ms step_avg:47.66ms
step:593/1190 train_time:28263ms step_avg:47.66ms
step:594/1190 train_time:28324ms step_avg:47.68ms
step:595/1190 train_time:28369ms step_avg:47.68ms
step:596/1190 train_time:28430ms step_avg:47.70ms
step:597/1190 train_time:28475ms step_avg:47.70ms
step:598/1190 train_time:28533ms step_avg:47.71ms
step:599/1190 train_time:28579ms step_avg:47.71ms
step:600/1190 train_time:28639ms step_avg:47.73ms
step:601/1190 train_time:28683ms step_avg:47.73ms
step:602/1190 train_time:28746ms step_avg:47.75ms
step:603/1190 train_time:28790ms step_avg:47.74ms
step:604/1190 train_time:28849ms step_avg:47.76ms
step:605/1190 train_time:28895ms step_avg:47.76ms
step:606/1190 train_time:28954ms step_avg:47.78ms
step:607/1190 train_time:29001ms step_avg:47.78ms
step:608/1190 train_time:29059ms step_avg:47.79ms
step:609/1190 train_time:29105ms step_avg:47.79ms
step:610/1190 train_time:29163ms step_avg:47.81ms
step:611/1190 train_time:29211ms step_avg:47.81ms
step:612/1190 train_time:29271ms step_avg:47.83ms
step:613/1190 train_time:29316ms step_avg:47.82ms
step:614/1190 train_time:29374ms step_avg:47.84ms
step:615/1190 train_time:29422ms step_avg:47.84ms
step:616/1190 train_time:29482ms step_avg:47.86ms
step:617/1190 train_time:29526ms step_avg:47.85ms
step:618/1190 train_time:29587ms step_avg:47.87ms
step:619/1190 train_time:29632ms step_avg:47.87ms
step:620/1190 train_time:29693ms step_avg:47.89ms
step:621/1190 train_time:29737ms step_avg:47.89ms
step:622/1190 train_time:29797ms step_avg:47.91ms
step:623/1190 train_time:29842ms step_avg:47.90ms
step:624/1190 train_time:29901ms step_avg:47.92ms
step:625/1190 train_time:29948ms step_avg:47.92ms
step:626/1190 train_time:30009ms step_avg:47.94ms
step:627/1190 train_time:30054ms step_avg:47.93ms
step:628/1190 train_time:30114ms step_avg:47.95ms
step:629/1190 train_time:30158ms step_avg:47.95ms
step:630/1190 train_time:30218ms step_avg:47.96ms
step:631/1190 train_time:30263ms step_avg:47.96ms
step:632/1190 train_time:30325ms step_avg:47.98ms
step:633/1190 train_time:30369ms step_avg:47.98ms
step:634/1190 train_time:30429ms step_avg:47.99ms
step:635/1190 train_time:30475ms step_avg:47.99ms
step:636/1190 train_time:30535ms step_avg:48.01ms
step:637/1190 train_time:30580ms step_avg:48.01ms
step:638/1190 train_time:30641ms step_avg:48.03ms
step:639/1190 train_time:30686ms step_avg:48.02ms
step:640/1190 train_time:30746ms step_avg:48.04ms
step:641/1190 train_time:30790ms step_avg:48.03ms
step:642/1190 train_time:30852ms step_avg:48.06ms
step:643/1190 train_time:30897ms step_avg:48.05ms
step:644/1190 train_time:30957ms step_avg:48.07ms
step:645/1190 train_time:31001ms step_avg:48.06ms
step:646/1190 train_time:31062ms step_avg:48.08ms
step:647/1190 train_time:31107ms step_avg:48.08ms
step:648/1190 train_time:31166ms step_avg:48.10ms
step:649/1190 train_time:31212ms step_avg:48.09ms
step:650/1190 train_time:31271ms step_avg:48.11ms
step:651/1190 train_time:31318ms step_avg:48.11ms
step:652/1190 train_time:31376ms step_avg:48.12ms
step:653/1190 train_time:31423ms step_avg:48.12ms
step:654/1190 train_time:31486ms step_avg:48.14ms
step:655/1190 train_time:31556ms step_avg:48.18ms
step:656/1190 train_time:31605ms step_avg:48.18ms
step:657/1190 train_time:31646ms step_avg:48.17ms
step:658/1190 train_time:31695ms step_avg:48.17ms
step:659/1190 train_time:31740ms step_avg:48.16ms
step:660/1190 train_time:31800ms step_avg:48.18ms
step:661/1190 train_time:31845ms step_avg:48.18ms
step:662/1190 train_time:31908ms step_avg:48.20ms
step:663/1190 train_time:31950ms step_avg:48.19ms
step:664/1190 train_time:32012ms step_avg:48.21ms
step:665/1190 train_time:32057ms step_avg:48.21ms
step:666/1190 train_time:32117ms step_avg:48.22ms
step:667/1190 train_time:32161ms step_avg:48.22ms
step:668/1190 train_time:32221ms step_avg:48.24ms
step:669/1190 train_time:32268ms step_avg:48.23ms
step:670/1190 train_time:32326ms step_avg:48.25ms
step:671/1190 train_time:32372ms step_avg:48.24ms
step:672/1190 train_time:32432ms step_avg:48.26ms
step:673/1190 train_time:32478ms step_avg:48.26ms
step:674/1190 train_time:32536ms step_avg:48.27ms
step:675/1190 train_time:32584ms step_avg:48.27ms
step:676/1190 train_time:32642ms step_avg:48.29ms
step:677/1190 train_time:32689ms step_avg:48.29ms
step:678/1190 train_time:32749ms step_avg:48.30ms
step:679/1190 train_time:32794ms step_avg:48.30ms
step:680/1190 train_time:32854ms step_avg:48.31ms
step:681/1190 train_time:32898ms step_avg:48.31ms
step:682/1190 train_time:32960ms step_avg:48.33ms
step:683/1190 train_time:33005ms step_avg:48.32ms
step:684/1190 train_time:33067ms step_avg:48.34ms
step:685/1190 train_time:33111ms step_avg:48.34ms
step:686/1190 train_time:33170ms step_avg:48.35ms
step:687/1190 train_time:33217ms step_avg:48.35ms
step:688/1190 train_time:33274ms step_avg:48.36ms
step:689/1190 train_time:33321ms step_avg:48.36ms
step:690/1190 train_time:33380ms step_avg:48.38ms
step:691/1190 train_time:33427ms step_avg:48.38ms
step:692/1190 train_time:33486ms step_avg:48.39ms
step:693/1190 train_time:33532ms step_avg:48.39ms
step:694/1190 train_time:33592ms step_avg:48.40ms
step:695/1190 train_time:33637ms step_avg:48.40ms
step:696/1190 train_time:33698ms step_avg:48.42ms
step:697/1190 train_time:33742ms step_avg:48.41ms
step:698/1190 train_time:33802ms step_avg:48.43ms
step:699/1190 train_time:33849ms step_avg:48.42ms
step:700/1190 train_time:33909ms step_avg:48.44ms
step:701/1190 train_time:33954ms step_avg:48.44ms
step:702/1190 train_time:34013ms step_avg:48.45ms
step:703/1190 train_time:34060ms step_avg:48.45ms
step:704/1190 train_time:34119ms step_avg:48.47ms
step:705/1190 train_time:34163ms step_avg:48.46ms
step:706/1190 train_time:34225ms step_avg:48.48ms
step:707/1190 train_time:34270ms step_avg:48.47ms
step:708/1190 train_time:34332ms step_avg:48.49ms
step:709/1190 train_time:34401ms step_avg:48.52ms
step:710/1190 train_time:34485ms step_avg:48.57ms
step:711/1190 train_time:34552ms step_avg:48.60ms
step:712/1190 train_time:34637ms step_avg:48.65ms
step:713/1190 train_time:34704ms step_avg:48.67ms
step:714/1190 train_time:34787ms step_avg:48.72ms
step:715/1190 train_time:34856ms step_avg:48.75ms
step:716/1190 train_time:34939ms step_avg:48.80ms
step:717/1190 train_time:35007ms step_avg:48.82ms
step:718/1190 train_time:35090ms step_avg:48.87ms
step:719/1190 train_time:35160ms step_avg:48.90ms
step:720/1190 train_time:35241ms step_avg:48.95ms
step:721/1190 train_time:35311ms step_avg:48.97ms
step:722/1190 train_time:35395ms step_avg:49.02ms
step:723/1190 train_time:35462ms step_avg:49.05ms
step:724/1190 train_time:35547ms step_avg:49.10ms
step:725/1190 train_time:35616ms step_avg:49.13ms
step:726/1190 train_time:35697ms step_avg:49.17ms
step:727/1190 train_time:35767ms step_avg:49.20ms
step:728/1190 train_time:35851ms step_avg:49.25ms
step:729/1190 train_time:35918ms step_avg:49.27ms
step:730/1190 train_time:36001ms step_avg:49.32ms
step:731/1190 train_time:36069ms step_avg:49.34ms
step:732/1190 train_time:36152ms step_avg:49.39ms
step:733/1190 train_time:36220ms step_avg:49.41ms
step:734/1190 train_time:36303ms step_avg:49.46ms
step:735/1190 train_time:36371ms step_avg:49.48ms
step:736/1190 train_time:36454ms step_avg:49.53ms
step:737/1190 train_time:36523ms step_avg:49.56ms
step:738/1190 train_time:36607ms step_avg:49.60ms
step:739/1190 train_time:36674ms step_avg:49.63ms
step:740/1190 train_time:36758ms step_avg:49.67ms
step:741/1190 train_time:36826ms step_avg:49.70ms
step:742/1190 train_time:36910ms step_avg:49.74ms
step:743/1190 train_time:36977ms step_avg:49.77ms
step:744/1190 train_time:37062ms step_avg:49.81ms
step:745/1190 train_time:37129ms step_avg:49.84ms
step:746/1190 train_time:37212ms step_avg:49.88ms
step:747/1190 train_time:37280ms step_avg:49.91ms
step:748/1190 train_time:37365ms step_avg:49.95ms
step:749/1190 train_time:37432ms step_avg:49.98ms
step:750/1190 train_time:37515ms step_avg:50.02ms
step:750/1190 val_loss:3.50110507 train_time:37589ms step_avg:50.12ms
step:751/1190 train_time:37629ms step_avg:50.10ms
step:752/1190 train_time:37676ms step_avg:50.10ms
step:753/1190 train_time:37746ms step_avg:50.13ms
step:754/1190 train_time:37831ms step_avg:50.17ms
step:755/1190 train_time:37904ms step_avg:50.20ms
step:756/1190 train_time:37987ms step_avg:50.25ms
step:757/1190 train_time:38057ms step_avg:50.27ms
step:758/1190 train_time:38136ms step_avg:50.31ms
step:759/1190 train_time:38204ms step_avg:50.33ms
step:760/1190 train_time:38287ms step_avg:50.38ms
step:761/1190 train_time:38357ms step_avg:50.40ms
step:762/1190 train_time:38438ms step_avg:50.44ms
step:763/1190 train_time:38506ms step_avg:50.47ms
step:764/1190 train_time:38589ms step_avg:50.51ms
step:765/1190 train_time:38659ms step_avg:50.53ms
step:766/1190 train_time:38741ms step_avg:50.58ms
step:767/1190 train_time:38810ms step_avg:50.60ms
step:768/1190 train_time:38895ms step_avg:50.65ms
step:769/1190 train_time:38963ms step_avg:50.67ms
step:770/1190 train_time:39045ms step_avg:50.71ms
step:771/1190 train_time:39114ms step_avg:50.73ms
step:772/1190 train_time:39198ms step_avg:50.77ms
step:773/1190 train_time:39264ms step_avg:50.79ms
step:774/1190 train_time:39348ms step_avg:50.84ms
step:775/1190 train_time:39415ms step_avg:50.86ms
step:776/1190 train_time:39499ms step_avg:50.90ms
step:777/1190 train_time:39567ms step_avg:50.92ms
step:778/1190 train_time:39650ms step_avg:50.96ms
step:779/1190 train_time:39718ms step_avg:50.99ms
step:780/1190 train_time:39802ms step_avg:51.03ms
step:781/1190 train_time:39872ms step_avg:51.05ms
step:782/1190 train_time:39954ms step_avg:51.09ms
step:783/1190 train_time:40023ms step_avg:51.12ms
step:784/1190 train_time:40107ms step_avg:51.16ms
step:785/1190 train_time:40175ms step_avg:51.18ms
step:786/1190 train_time:40258ms step_avg:51.22ms
step:787/1190 train_time:40327ms step_avg:51.24ms
step:788/1190 train_time:40410ms step_avg:51.28ms
step:789/1190 train_time:40479ms step_avg:51.30ms
step:790/1190 train_time:40562ms step_avg:51.34ms
step:791/1190 train_time:40629ms step_avg:51.36ms
step:792/1190 train_time:40712ms step_avg:51.40ms
step:793/1190 train_time:40781ms step_avg:51.43ms
step:794/1190 train_time:40866ms step_avg:51.47ms
step:795/1190 train_time:40933ms step_avg:51.49ms
step:796/1190 train_time:41018ms step_avg:51.53ms
step:797/1190 train_time:41086ms step_avg:51.55ms
step:798/1190 train_time:41169ms step_avg:51.59ms
step:799/1190 train_time:41238ms step_avg:51.61ms
step:800/1190 train_time:41321ms step_avg:51.65ms
step:801/1190 train_time:41389ms step_avg:51.67ms
step:802/1190 train_time:41474ms step_avg:51.71ms
step:803/1190 train_time:41541ms step_avg:51.73ms
step:804/1190 train_time:41624ms step_avg:51.77ms
step:805/1190 train_time:41692ms step_avg:51.79ms
step:806/1190 train_time:41775ms step_avg:51.83ms
step:807/1190 train_time:41843ms step_avg:51.85ms
step:808/1190 train_time:41925ms step_avg:51.89ms
step:809/1190 train_time:41994ms step_avg:51.91ms
step:810/1190 train_time:42079ms step_avg:51.95ms
step:811/1190 train_time:42145ms step_avg:51.97ms
step:812/1190 train_time:42226ms step_avg:52.00ms
step:813/1190 train_time:42297ms step_avg:52.03ms
step:814/1190 train_time:42383ms step_avg:52.07ms
step:815/1190 train_time:42451ms step_avg:52.09ms
step:816/1190 train_time:42533ms step_avg:52.12ms
step:817/1190 train_time:42599ms step_avg:52.14ms
step:818/1190 train_time:42684ms step_avg:52.18ms
step:819/1190 train_time:42753ms step_avg:52.20ms
step:820/1190 train_time:42835ms step_avg:52.24ms
step:821/1190 train_time:42903ms step_avg:52.26ms
step:822/1190 train_time:42988ms step_avg:52.30ms
step:823/1190 train_time:43057ms step_avg:52.32ms
step:824/1190 train_time:43139ms step_avg:52.35ms
step:825/1190 train_time:43207ms step_avg:52.37ms
step:826/1190 train_time:43291ms step_avg:52.41ms
step:827/1190 train_time:43359ms step_avg:52.43ms
step:828/1190 train_time:43443ms step_avg:52.47ms
step:829/1190 train_time:43511ms step_avg:52.49ms
step:830/1190 train_time:43595ms step_avg:52.52ms
step:831/1190 train_time:43663ms step_avg:52.54ms
step:832/1190 train_time:43746ms step_avg:52.58ms
step:833/1190 train_time:43814ms step_avg:52.60ms
step:834/1190 train_time:43898ms step_avg:52.64ms
step:835/1190 train_time:43966ms step_avg:52.65ms
step:836/1190 train_time:44048ms step_avg:52.69ms
step:837/1190 train_time:44118ms step_avg:52.71ms
step:838/1190 train_time:44200ms step_avg:52.74ms
step:839/1190 train_time:44269ms step_avg:52.76ms
step:840/1190 train_time:44352ms step_avg:52.80ms
step:841/1190 train_time:44421ms step_avg:52.82ms
step:842/1190 train_time:44505ms step_avg:52.86ms
step:843/1190 train_time:44573ms step_avg:52.87ms
step:844/1190 train_time:44656ms step_avg:52.91ms
step:845/1190 train_time:44723ms step_avg:52.93ms
step:846/1190 train_time:44807ms step_avg:52.96ms
step:847/1190 train_time:44877ms step_avg:52.98ms
step:848/1190 train_time:44959ms step_avg:53.02ms
step:849/1190 train_time:45027ms step_avg:53.04ms
step:850/1190 train_time:45111ms step_avg:53.07ms
step:851/1190 train_time:45180ms step_avg:53.09ms
step:852/1190 train_time:45262ms step_avg:53.12ms
step:853/1190 train_time:45330ms step_avg:53.14ms
step:854/1190 train_time:45414ms step_avg:53.18ms
step:855/1190 train_time:45481ms step_avg:53.19ms
step:856/1190 train_time:45565ms step_avg:53.23ms
step:857/1190 train_time:45635ms step_avg:53.25ms
step:858/1190 train_time:45717ms step_avg:53.28ms
step:859/1190 train_time:45786ms step_avg:53.30ms
step:860/1190 train_time:45868ms step_avg:53.34ms
step:861/1190 train_time:45936ms step_avg:53.35ms
step:862/1190 train_time:46021ms step_avg:53.39ms
step:863/1190 train_time:46088ms step_avg:53.40ms
step:864/1190 train_time:46171ms step_avg:53.44ms
step:865/1190 train_time:46239ms step_avg:53.46ms
step:866/1190 train_time:46324ms step_avg:53.49ms
step:867/1190 train_time:46392ms step_avg:53.51ms
step:868/1190 train_time:46476ms step_avg:53.54ms
step:869/1190 train_time:46545ms step_avg:53.56ms
step:870/1190 train_time:46627ms step_avg:53.59ms
step:871/1190 train_time:46696ms step_avg:53.61ms
step:872/1190 train_time:46779ms step_avg:53.65ms
step:873/1190 train_time:46848ms step_avg:53.66ms
step:874/1190 train_time:46930ms step_avg:53.70ms
step:875/1190 train_time:46998ms step_avg:53.71ms
step:876/1190 train_time:47082ms step_avg:53.75ms
step:877/1190 train_time:47150ms step_avg:53.76ms
step:878/1190 train_time:47233ms step_avg:53.80ms
step:879/1190 train_time:47301ms step_avg:53.81ms
step:880/1190 train_time:47385ms step_avg:53.85ms
step:881/1190 train_time:47453ms step_avg:53.86ms
step:882/1190 train_time:47537ms step_avg:53.90ms
step:883/1190 train_time:47605ms step_avg:53.91ms
step:884/1190 train_time:47689ms step_avg:53.95ms
step:885/1190 train_time:47757ms step_avg:53.96ms
step:886/1190 train_time:47888ms step_avg:54.05ms
step:887/1190 train_time:47930ms step_avg:54.04ms
step:888/1190 train_time:47991ms step_avg:54.04ms
step:889/1190 train_time:48060ms step_avg:54.06ms
step:890/1190 train_time:48142ms step_avg:54.09ms
step:891/1190 train_time:48212ms step_avg:54.11ms
step:892/1190 train_time:48294ms step_avg:54.14ms
step:893/1190 train_time:48364ms step_avg:54.16ms
step:894/1190 train_time:48447ms step_avg:54.19ms
step:895/1190 train_time:48516ms step_avg:54.21ms
step:896/1190 train_time:48599ms step_avg:54.24ms
step:897/1190 train_time:48667ms step_avg:54.26ms
step:898/1190 train_time:48755ms step_avg:54.29ms
step:899/1190 train_time:48820ms step_avg:54.30ms
step:900/1190 train_time:48905ms step_avg:54.34ms
step:901/1190 train_time:48971ms step_avg:54.35ms
step:902/1190 train_time:49057ms step_avg:54.39ms
step:903/1190 train_time:49124ms step_avg:54.40ms
step:904/1190 train_time:49207ms step_avg:54.43ms
step:905/1190 train_time:49275ms step_avg:54.45ms
step:906/1190 train_time:49358ms step_avg:54.48ms
step:907/1190 train_time:49429ms step_avg:54.50ms
step:908/1190 train_time:49510ms step_avg:54.53ms
step:909/1190 train_time:49580ms step_avg:54.54ms
step:910/1190 train_time:49665ms step_avg:54.58ms
step:911/1190 train_time:49731ms step_avg:54.59ms
step:912/1190 train_time:49814ms step_avg:54.62ms
step:913/1190 train_time:49883ms step_avg:54.64ms
step:914/1190 train_time:49969ms step_avg:54.67ms
step:915/1190 train_time:50035ms step_avg:54.68ms
step:916/1190 train_time:50118ms step_avg:54.71ms
step:917/1190 train_time:50187ms step_avg:54.73ms
step:918/1190 train_time:50270ms step_avg:54.76ms
step:919/1190 train_time:50339ms step_avg:54.78ms
step:920/1190 train_time:50421ms step_avg:54.81ms
step:921/1190 train_time:50491ms step_avg:54.82ms
step:922/1190 train_time:50573ms step_avg:54.85ms
step:923/1190 train_time:50642ms step_avg:54.87ms
step:924/1190 train_time:50726ms step_avg:54.90ms
step:925/1190 train_time:50793ms step_avg:54.91ms
step:926/1190 train_time:50877ms step_avg:54.94ms
step:927/1190 train_time:50945ms step_avg:54.96ms
step:928/1190 train_time:51027ms step_avg:54.99ms
step:929/1190 train_time:51096ms step_avg:55.00ms
step:930/1190 train_time:51181ms step_avg:55.03ms
step:931/1190 train_time:51248ms step_avg:55.05ms
step:932/1190 train_time:51331ms step_avg:55.08ms
step:933/1190 train_time:51399ms step_avg:55.09ms
step:934/1190 train_time:51484ms step_avg:55.12ms
step:935/1190 train_time:51550ms step_avg:55.13ms
step:936/1190 train_time:51633ms step_avg:55.16ms
step:937/1190 train_time:51702ms step_avg:55.18ms
step:938/1190 train_time:51784ms step_avg:55.21ms
step:939/1190 train_time:51853ms step_avg:55.22ms
step:940/1190 train_time:51935ms step_avg:55.25ms
step:941/1190 train_time:52006ms step_avg:55.27ms
step:942/1190 train_time:52089ms step_avg:55.30ms
step:943/1190 train_time:52157ms step_avg:55.31ms
step:944/1190 train_time:52241ms step_avg:55.34ms
step:945/1190 train_time:52310ms step_avg:55.35ms
step:946/1190 train_time:52394ms step_avg:55.38ms
step:947/1190 train_time:52461ms step_avg:55.40ms
step:948/1190 train_time:52546ms step_avg:55.43ms
step:949/1190 train_time:52612ms step_avg:55.44ms
step:950/1190 train_time:52696ms step_avg:55.47ms
step:951/1190 train_time:52765ms step_avg:55.48ms
step:952/1190 train_time:52847ms step_avg:55.51ms
step:953/1190 train_time:52916ms step_avg:55.53ms
step:954/1190 train_time:52998ms step_avg:55.55ms
step:955/1190 train_time:53066ms step_avg:55.57ms
step:956/1190 train_time:53150ms step_avg:55.60ms
step:957/1190 train_time:53218ms step_avg:55.61ms
step:958/1190 train_time:53301ms step_avg:55.64ms
step:959/1190 train_time:53372ms step_avg:55.65ms
step:960/1190 train_time:53455ms step_avg:55.68ms
step:961/1190 train_time:53524ms step_avg:55.70ms
step:962/1190 train_time:53606ms step_avg:55.72ms
step:963/1190 train_time:53674ms step_avg:55.74ms
step:964/1190 train_time:53757ms step_avg:55.76ms
step:965/1190 train_time:53825ms step_avg:55.78ms
step:966/1190 train_time:53908ms step_avg:55.81ms
step:967/1190 train_time:53978ms step_avg:55.82ms
step:968/1190 train_time:54061ms step_avg:55.85ms
step:969/1190 train_time:54128ms step_avg:55.86ms
step:970/1190 train_time:54211ms step_avg:55.89ms
step:971/1190 train_time:54279ms step_avg:55.90ms
step:972/1190 train_time:54364ms step_avg:55.93ms
step:973/1190 train_time:54431ms step_avg:55.94ms
step:974/1190 train_time:54513ms step_avg:55.97ms
step:975/1190 train_time:54582ms step_avg:55.98ms
step:976/1190 train_time:54665ms step_avg:56.01ms
step:977/1190 train_time:54733ms step_avg:56.02ms
step:978/1190 train_time:54816ms step_avg:56.05ms
step:979/1190 train_time:54885ms step_avg:56.06ms
step:980/1190 train_time:54969ms step_avg:56.09ms
step:981/1190 train_time:55037ms step_avg:56.10ms
step:982/1190 train_time:55121ms step_avg:56.13ms
step:983/1190 train_time:55189ms step_avg:56.14ms
step:984/1190 train_time:55272ms step_avg:56.17ms
step:985/1190 train_time:55341ms step_avg:56.18ms
step:986/1190 train_time:55422ms step_avg:56.21ms
step:987/1190 train_time:55492ms step_avg:56.22ms
step:988/1190 train_time:55575ms step_avg:56.25ms
step:989/1190 train_time:55644ms step_avg:56.26ms
step:990/1190 train_time:55725ms step_avg:56.29ms
step:991/1190 train_time:55797ms step_avg:56.30ms
step:992/1190 train_time:55877ms step_avg:56.33ms
step:993/1190 train_time:55947ms step_avg:56.34ms
step:994/1190 train_time:56030ms step_avg:56.37ms
step:995/1190 train_time:56098ms step_avg:56.38ms
step:996/1190 train_time:56181ms step_avg:56.41ms
step:997/1190 train_time:56251ms step_avg:56.42ms
step:998/1190 train_time:56333ms step_avg:56.45ms
step:999/1190 train_time:56401ms step_avg:56.46ms
step:1000/1190 train_time:56484ms step_avg:56.48ms
step:1000/1190 val_loss:3.34635639 train_time:56557ms step_avg:56.56ms
step:1001/1190 train_time:56597ms step_avg:56.54ms
step:1002/1190 train_time:56645ms step_avg:56.53ms
step:1003/1190 train_time:56713ms step_avg:56.54ms
step:1004/1190 train_time:56797ms step_avg:56.57ms
step:1005/1190 train_time:56868ms step_avg:56.59ms
step:1006/1190 train_time:56953ms step_avg:56.61ms
step:1007/1190 train_time:57020ms step_avg:56.62ms
step:1008/1190 train_time:57103ms step_avg:56.65ms
step:1009/1190 train_time:57175ms step_avg:56.67ms
step:1010/1190 train_time:57253ms step_avg:56.69ms
step:1011/1190 train_time:57322ms step_avg:56.70ms
step:1012/1190 train_time:57535ms step_avg:56.85ms
step:1013/1190 train_time:57647ms step_avg:56.91ms
step:1014/1190 train_time:57707ms step_avg:56.91ms
step:1015/1190 train_time:57779ms step_avg:56.92ms
step:1016/1190 train_time:57866ms step_avg:56.95ms
step:1017/1190 train_time:57926ms step_avg:56.96ms
step:1018/1190 train_time:57994ms step_avg:56.97ms
step:1019/1190 train_time:58051ms step_avg:56.97ms
step:1020/1190 train_time:58133ms step_avg:56.99ms
step:1021/1190 train_time:58201ms step_avg:57.00ms
step:1022/1190 train_time:58284ms step_avg:57.03ms
step:1023/1190 train_time:58352ms step_avg:57.04ms
step:1024/1190 train_time:58434ms step_avg:57.06ms
step:1025/1190 train_time:58505ms step_avg:57.08ms
step:1026/1190 train_time:58583ms step_avg:57.10ms
step:1027/1190 train_time:58653ms step_avg:57.11ms
step:1028/1190 train_time:58739ms step_avg:57.14ms
step:1029/1190 train_time:58807ms step_avg:57.15ms
step:1030/1190 train_time:58895ms step_avg:57.18ms
step:1031/1190 train_time:58958ms step_avg:57.19ms
step:1032/1190 train_time:59043ms step_avg:57.21ms
step:1033/1190 train_time:59110ms step_avg:57.22ms
step:1034/1190 train_time:59194ms step_avg:57.25ms
step:1035/1190 train_time:59263ms step_avg:57.26ms
step:1036/1190 train_time:59343ms step_avg:57.28ms
step:1037/1190 train_time:59412ms step_avg:57.29ms
step:1038/1190 train_time:59504ms step_avg:57.33ms
step:1039/1190 train_time:59563ms step_avg:57.33ms
step:1040/1190 train_time:59647ms step_avg:57.35ms
step:1041/1190 train_time:59715ms step_avg:57.36ms
step:1042/1190 train_time:59799ms step_avg:57.39ms
step:1043/1190 train_time:59867ms step_avg:57.40ms
step:1044/1190 train_time:59955ms step_avg:57.43ms
step:1045/1190 train_time:60019ms step_avg:57.43ms
step:1046/1190 train_time:60100ms step_avg:57.46ms
step:1047/1190 train_time:60174ms step_avg:57.47ms
step:1048/1190 train_time:60250ms step_avg:57.49ms
step:1049/1190 train_time:60323ms step_avg:57.50ms
step:1050/1190 train_time:60403ms step_avg:57.53ms
step:1051/1190 train_time:60471ms step_avg:57.54ms
step:1052/1190 train_time:60556ms step_avg:57.56ms
step:1053/1190 train_time:60622ms step_avg:57.57ms
step:1054/1190 train_time:60706ms step_avg:57.60ms
step:1055/1190 train_time:60773ms step_avg:57.60ms
step:1056/1190 train_time:60856ms step_avg:57.63ms
step:1057/1190 train_time:60926ms step_avg:57.64ms
step:1058/1190 train_time:61008ms step_avg:57.66ms
step:1059/1190 train_time:61076ms step_avg:57.67ms
step:1060/1190 train_time:61159ms step_avg:57.70ms
step:1061/1190 train_time:61228ms step_avg:57.71ms
step:1062/1190 train_time:61312ms step_avg:57.73ms
step:1063/1190 train_time:61379ms step_avg:57.74ms
step:1064/1190 train_time:61461ms step_avg:57.76ms
step:1065/1190 train_time:61531ms step_avg:57.78ms
step:1066/1190 train_time:61612ms step_avg:57.80ms
step:1067/1190 train_time:61682ms step_avg:57.81ms
step:1068/1190 train_time:61765ms step_avg:57.83ms
step:1069/1190 train_time:61834ms step_avg:57.84ms
step:1070/1190 train_time:61915ms step_avg:57.86ms
step:1071/1190 train_time:61987ms step_avg:57.88ms
step:1072/1190 train_time:62070ms step_avg:57.90ms
step:1073/1190 train_time:62137ms step_avg:57.91ms
step:1074/1190 train_time:62221ms step_avg:57.93ms
step:1075/1190 train_time:62288ms step_avg:57.94ms
step:1076/1190 train_time:62370ms step_avg:57.96ms
step:1077/1190 train_time:62438ms step_avg:57.97ms
step:1078/1190 train_time:62521ms step_avg:58.00ms
step:1079/1190 train_time:62589ms step_avg:58.01ms
step:1080/1190 train_time:62672ms step_avg:58.03ms
step:1081/1190 train_time:62741ms step_avg:58.04ms
step:1082/1190 train_time:62824ms step_avg:58.06ms
step:1083/1190 train_time:62893ms step_avg:58.07ms
step:1084/1190 train_time:62977ms step_avg:58.10ms
step:1085/1190 train_time:63045ms step_avg:58.11ms
step:1086/1190 train_time:63129ms step_avg:58.13ms
step:1087/1190 train_time:63195ms step_avg:58.14ms
step:1088/1190 train_time:63278ms step_avg:58.16ms
step:1089/1190 train_time:63345ms step_avg:58.17ms
step:1090/1190 train_time:63428ms step_avg:58.19ms
step:1091/1190 train_time:63497ms step_avg:58.20ms
step:1092/1190 train_time:63580ms step_avg:58.22ms
step:1093/1190 train_time:63649ms step_avg:58.23ms
step:1094/1190 train_time:63732ms step_avg:58.26ms
step:1095/1190 train_time:63801ms step_avg:58.27ms
step:1096/1190 train_time:63883ms step_avg:58.29ms
step:1097/1190 train_time:63951ms step_avg:58.30ms
step:1098/1190 train_time:64040ms step_avg:58.32ms
step:1099/1190 train_time:64103ms step_avg:58.33ms
step:1100/1190 train_time:64186ms step_avg:58.35ms
step:1101/1190 train_time:64256ms step_avg:58.36ms
step:1102/1190 train_time:64335ms step_avg:58.38ms
step:1103/1190 train_time:64403ms step_avg:58.39ms
step:1104/1190 train_time:64499ms step_avg:58.42ms
step:1105/1190 train_time:64554ms step_avg:58.42ms
step:1106/1190 train_time:64638ms step_avg:58.44ms
step:1107/1190 train_time:64706ms step_avg:58.45ms
step:1108/1190 train_time:64788ms step_avg:58.47ms
step:1109/1190 train_time:64858ms step_avg:58.48ms
step:1110/1190 train_time:64940ms step_avg:58.50ms
step:1111/1190 train_time:65009ms step_avg:58.51ms
step:1112/1190 train_time:65094ms step_avg:58.54ms
step:1113/1190 train_time:65164ms step_avg:58.55ms
step:1114/1190 train_time:65244ms step_avg:58.57ms
step:1115/1190 train_time:65313ms step_avg:58.58ms
step:1116/1190 train_time:65395ms step_avg:58.60ms
step:1117/1190 train_time:65463ms step_avg:58.61ms
step:1118/1190 train_time:65546ms step_avg:58.63ms
step:1119/1190 train_time:65614ms step_avg:58.64ms
step:1120/1190 train_time:65697ms step_avg:58.66ms
step:1121/1190 train_time:65764ms step_avg:58.67ms
step:1122/1190 train_time:65849ms step_avg:58.69ms
step:1123/1190 train_time:65917ms step_avg:58.70ms
step:1124/1190 train_time:66000ms step_avg:58.72ms
step:1125/1190 train_time:66068ms step_avg:58.73ms
step:1126/1190 train_time:66157ms step_avg:58.75ms
step:1127/1190 train_time:66219ms step_avg:58.76ms
step:1128/1190 train_time:66304ms step_avg:58.78ms
step:1129/1190 train_time:66370ms step_avg:58.79ms
step:1130/1190 train_time:66457ms step_avg:58.81ms
step:1131/1190 train_time:66524ms step_avg:58.82ms
step:1132/1190 train_time:66609ms step_avg:58.84ms
step:1133/1190 train_time:66677ms step_avg:58.85ms
step:1134/1190 train_time:66761ms step_avg:58.87ms
step:1135/1190 train_time:66830ms step_avg:58.88ms
step:1136/1190 train_time:66912ms step_avg:58.90ms
step:1137/1190 train_time:66980ms step_avg:58.91ms
step:1138/1190 train_time:67065ms step_avg:58.93ms
step:1139/1190 train_time:67132ms step_avg:58.94ms
step:1140/1190 train_time:67216ms step_avg:58.96ms
step:1141/1190 train_time:67286ms step_avg:58.97ms
step:1142/1190 train_time:67367ms step_avg:58.99ms
step:1143/1190 train_time:67436ms step_avg:59.00ms
step:1144/1190 train_time:67521ms step_avg:59.02ms
step:1145/1190 train_time:67589ms step_avg:59.03ms
step:1146/1190 train_time:67672ms step_avg:59.05ms
step:1147/1190 train_time:67740ms step_avg:59.06ms
step:1148/1190 train_time:67824ms step_avg:59.08ms
step:1149/1190 train_time:67893ms step_avg:59.09ms
step:1150/1190 train_time:67975ms step_avg:59.11ms
step:1151/1190 train_time:68042ms step_avg:59.12ms
step:1152/1190 train_time:68126ms step_avg:59.14ms
step:1153/1190 train_time:68193ms step_avg:59.14ms
step:1154/1190 train_time:68278ms step_avg:59.17ms
step:1155/1190 train_time:68346ms step_avg:59.17ms
step:1156/1190 train_time:68430ms step_avg:59.20ms
step:1157/1190 train_time:68497ms step_avg:59.20ms
step:1158/1190 train_time:68579ms step_avg:59.22ms
step:1159/1190 train_time:68650ms step_avg:59.23ms
step:1160/1190 train_time:68733ms step_avg:59.25ms
step:1161/1190 train_time:68802ms step_avg:59.26ms
step:1162/1190 train_time:68884ms step_avg:59.28ms
step:1163/1190 train_time:68951ms step_avg:59.29ms
step:1164/1190 train_time:69036ms step_avg:59.31ms
step:1165/1190 train_time:69103ms step_avg:59.32ms
step:1166/1190 train_time:69187ms step_avg:59.34ms
step:1167/1190 train_time:69255ms step_avg:59.34ms
step:1168/1190 train_time:69338ms step_avg:59.36ms
step:1169/1190 train_time:69407ms step_avg:59.37ms
step:1170/1190 train_time:69491ms step_avg:59.39ms
step:1171/1190 train_time:69559ms step_avg:59.40ms
step:1172/1190 train_time:69641ms step_avg:59.42ms
step:1173/1190 train_time:69711ms step_avg:59.43ms
step:1174/1190 train_time:69795ms step_avg:59.45ms
step:1175/1190 train_time:69863ms step_avg:59.46ms
step:1176/1190 train_time:69947ms step_avg:59.48ms
step:1177/1190 train_time:70019ms step_avg:59.49ms
step:1178/1190 train_time:70097ms step_avg:59.51ms
step:1179/1190 train_time:70165ms step_avg:59.51ms
step:1180/1190 train_time:70249ms step_avg:59.53ms
step:1181/1190 train_time:70317ms step_avg:59.54ms
step:1182/1190 train_time:70401ms step_avg:59.56ms
step:1183/1190 train_time:70468ms step_avg:59.57ms
step:1184/1190 train_time:70552ms step_avg:59.59ms
step:1185/1190 train_time:70621ms step_avg:59.60ms
step:1186/1190 train_time:70704ms step_avg:59.62ms
step:1187/1190 train_time:70772ms step_avg:59.62ms
step:1188/1190 train_time:70856ms step_avg:59.64ms
step:1189/1190 train_time:70925ms step_avg:59.65ms
step:1190/1190 train_time:71008ms step_avg:59.67ms
step:1190/1190 val_loss:3.27454662 train_time:71082ms step_avg:59.73ms
peak memory allocated: 32011 MiB reserved: 43660 MiB
