HARNESS_TRAINING_ENV={"OMP_NUM_THREADS": "1", "MKL_NUM_THREADS": "1", "torch_num_threads": 1, "torch_num_interop_threads": 43}
[Gloo] Rank 0 is connected to 7 peer ranks. Expected number of connected peer ranks is : 7
[Gloo] Rank 1 is connected to 7 peer ranks. Expected number of connected peer ranks is : 7
[Gloo] Rank 2[Gloo] Rank  is connected to 75 peer ranks. Expected number of connected peer ranks is :  is connected to 7
7 peer ranks. Expected number of connected peer ranks is : 7
[Gloo] Rank 3 is connected to 7 peer ranks. Expected number of connected peer ranks is : 7[Gloo] Rank 
7 is connected to 7 peer ranks. Expected number of connected peer ranks is : 7
[Gloo] Rank 4 is connected to 7[Gloo] Rank  peer ranks. 6Expected number of connected peer ranks is :  is connected to 7
7 peer ranks. Expected number of connected peer ranks is : 7
/workspace/train_gpt.py:1069: UserWarning: Skipping publisher trust check for 'kernels-community/flash-attn3' because Hugging Face Hub is in offline mode.
  flash_attn_interface = get_kernel('kernels-community/flash-attn3', version=1).flash_attn_interface
/workspace/train_gpt.py:1069: UserWarning: Skipping publisher trust check for 'kernels-community/flash-attn3' because Hugging Face Hub is in offline mode.
  flash_attn_interface = get_kernel('kernels-community/flash-attn3', version=1).flash_attn_interface
/workspace/train_gpt.py:1069: UserWarning: Skipping publisher trust check for 'kernels-community/flash-attn3' because Hugging Face Hub is in offline mode.
  flash_attn_interface = get_kernel('kernels-community/flash-attn3', version=1).flash_attn_interface
/workspace/train_gpt.py:1069: UserWarning: Skipping publisher trust check for 'kernels-community/flash-attn3' because Hugging Face Hub is in offline mode.
  flash_attn_interface = get_kernel('kernels-community/flash-attn3', version=1).flash_attn_interface
/workspace/train_gpt.py:1069: UserWarning: Skipping publisher trust check for 'kernels-community/flash-attn3' because Hugging Face Hub is in offline mode.
  flash_attn_interface = get_kernel('kernels-community/flash-attn3', version=1).flash_attn_interface
/workspace/train_gpt.py:1069: UserWarning: Skipping publisher trust check for 'kernels-community/flash-attn3' because Hugging Face Hub is in offline mode.
  flash_attn_interface = get_kernel('kernels-community/flash-attn3', version=1).flash_attn_interface
/workspace/train_gpt.py:1069: UserWarning: Skipping publisher trust check for 'kernels-community/flash-attn3' because Hugging Face Hub is in offline mode.
  flash_attn_interface = get_kernel('kernels-community/flash-attn3', version=1).flash_attn_interface
/workspace/train_gpt.py:1069: UserWarning: Skipping publisher trust check for 'kernels-community/flash-attn3' because Hugging Face Hub is in offline mode.
  flash_attn_interface = get_kernel('kernels-community/flash-attn3', version=1).flash_attn_interface
logs/5c55489f-b8e9-456e-875a-ea083deb84bb.txt
Compiling model and warming up kernels (~7 minutes on first execution)
Sampling steps [0, 1, 421, 422, 423, 424, 845, 846, 847, 848, 1268, 1269, 1270, 1271] for warmup
Resetting Model
step:0/1285 val_loss:10.83077431 train_time:110ms step_avg:110.34ms
step:1/1285 train_time:323ms step_avg:322.84ms
step:2/1285 train_time:390ms step_avg:195.24ms
step:3/1285 train_time:443ms step_avg:147.57ms
step:4/1285 train_time:499ms step_avg:124.77ms
step:5/1285 train_time:548ms step_avg:109.65ms
step:6/1285 train_time:623ms step_avg:103.89ms
step:7/1285 train_time:684ms step_avg:97.67ms
step:8/1285 train_time:743ms step_avg:92.90ms
step:9/1285 train_time:794ms step_avg:88.18ms
step:10/1285 train_time:853ms step_avg:85.25ms
step:11/1285 train_time:902ms step_avg:82.02ms
step:12/1285 train_time:958ms step_avg:79.85ms
step:13/1285 train_time:1010ms step_avg:77.70ms
step:14/1285 train_time:1068ms step_avg:76.32ms
step:15/1285 train_time:1120ms step_avg:74.69ms
step:16/1285 train_time:1178ms step_avg:73.63ms
step:17/1285 train_time:1227ms step_avg:72.19ms
step:18/1285 train_time:1283ms step_avg:71.28ms
step:19/1285 train_time:1334ms step_avg:70.19ms
step:20/1285 train_time:1389ms step_avg:69.43ms
step:21/1285 train_time:1437ms step_avg:68.44ms
step:22/1285 train_time:1497ms step_avg:68.02ms
step:23/1285 train_time:1545ms step_avg:67.19ms
step:24/1285 train_time:1603ms step_avg:66.80ms
step:25/1285 train_time:1655ms step_avg:66.18ms
step:26/1285 train_time:1711ms step_avg:65.80ms
step:27/1285 train_time:1760ms step_avg:65.20ms
step:28/1285 train_time:1816ms step_avg:64.87ms
step:29/1285 train_time:1867ms step_avg:64.39ms
step:30/1285 train_time:1924ms step_avg:64.13ms
step:31/1285 train_time:1973ms step_avg:63.64ms
step:32/1285 train_time:2028ms step_avg:63.38ms
step:33/1285 train_time:2077ms step_avg:62.94ms
step:34/1285 train_time:2135ms step_avg:62.80ms
step:35/1285 train_time:2182ms step_avg:62.36ms
step:36/1285 train_time:2240ms step_avg:62.23ms
step:37/1285 train_time:2291ms step_avg:61.92ms
step:38/1285 train_time:2349ms step_avg:61.82ms
step:39/1285 train_time:2399ms step_avg:61.52ms
step:40/1285 train_time:2458ms step_avg:61.45ms
step:41/1285 train_time:2506ms step_avg:61.12ms
step:42/1285 train_time:2562ms step_avg:61.01ms
step:43/1285 train_time:2613ms step_avg:60.76ms
step:44/1285 train_time:2670ms step_avg:60.68ms
step:45/1285 train_time:2726ms step_avg:60.57ms
step:46/1285 train_time:2783ms step_avg:60.50ms
step:47/1285 train_time:2835ms step_avg:60.32ms
step:48/1285 train_time:2891ms step_avg:60.24ms
step:49/1285 train_time:2940ms step_avg:60.00ms
step:50/1285 train_time:2996ms step_avg:59.91ms
step:51/1285 train_time:3046ms step_avg:59.73ms
step:52/1285 train_time:3103ms step_avg:59.67ms
step:53/1285 train_time:3154ms step_avg:59.50ms
step:54/1285 train_time:3214ms step_avg:59.52ms
step:55/1285 train_time:3265ms step_avg:59.37ms
step:56/1285 train_time:3324ms step_avg:59.35ms
step:57/1285 train_time:3376ms step_avg:59.22ms
step:58/1285 train_time:3436ms step_avg:59.24ms
step:59/1285 train_time:3487ms step_avg:59.10ms
step:60/1285 train_time:3542ms step_avg:59.03ms
step:61/1285 train_time:3594ms step_avg:58.92ms
step:62/1285 train_time:3651ms step_avg:58.88ms
step:63/1285 train_time:3699ms step_avg:58.72ms
step:64/1285 train_time:3758ms step_avg:58.71ms
step:65/1285 train_time:3807ms step_avg:58.57ms
step:66/1285 train_time:3864ms step_avg:58.54ms
step:67/1285 train_time:3913ms step_avg:58.40ms
step:68/1285 train_time:3968ms step_avg:58.35ms
step:69/1285 train_time:4028ms step_avg:58.38ms
step:70/1285 train_time:4089ms step_avg:58.41ms
step:71/1285 train_time:4142ms step_avg:58.34ms
step:72/1285 train_time:4199ms step_avg:58.31ms
step:73/1285 train_time:4252ms step_avg:58.25ms
step:74/1285 train_time:4309ms step_avg:58.23ms
step:75/1285 train_time:4359ms step_avg:58.12ms
step:76/1285 train_time:4417ms step_avg:58.11ms
step:77/1285 train_time:4466ms step_avg:58.00ms
step:78/1285 train_time:4521ms step_avg:57.97ms
step:79/1285 train_time:4567ms step_avg:57.81ms
step:80/1285 train_time:4623ms step_avg:57.79ms
step:81/1285 train_time:4670ms step_avg:57.66ms
step:82/1285 train_time:4729ms step_avg:57.67ms
step:83/1285 train_time:4778ms step_avg:57.57ms
step:84/1285 train_time:4836ms step_avg:57.57ms
step:85/1285 train_time:4885ms step_avg:57.47ms
step:86/1285 train_time:4940ms step_avg:57.45ms
step:87/1285 train_time:4990ms step_avg:57.36ms
step:88/1285 train_time:5047ms step_avg:57.36ms
step:89/1285 train_time:5094ms step_avg:57.24ms
step:90/1285 train_time:5149ms step_avg:57.22ms
step:91/1285 train_time:5196ms step_avg:57.10ms
step:92/1285 train_time:5253ms step_avg:57.10ms
step:93/1285 train_time:5300ms step_avg:56.99ms
step:94/1285 train_time:5356ms step_avg:56.98ms
step:95/1285 train_time:5406ms step_avg:56.91ms
step:96/1285 train_time:5464ms step_avg:56.91ms
step:97/1285 train_time:5514ms step_avg:56.84ms
step:98/1285 train_time:5571ms step_avg:56.85ms
step:99/1285 train_time:5621ms step_avg:56.77ms
step:100/1285 train_time:5678ms step_avg:56.78ms
step:101/1285 train_time:5727ms step_avg:56.70ms
step:102/1285 train_time:5784ms step_avg:56.71ms
step:103/1285 train_time:5834ms step_avg:56.64ms
step:104/1285 train_time:5890ms step_avg:56.63ms
step:105/1285 train_time:5941ms step_avg:56.58ms
step:106/1285 train_time:5998ms step_avg:56.58ms
step:107/1285 train_time:6048ms step_avg:56.53ms
step:108/1285 train_time:6106ms step_avg:56.53ms
step:109/1285 train_time:6157ms step_avg:56.48ms
step:110/1285 train_time:6215ms step_avg:56.50ms
step:111/1285 train_time:6265ms step_avg:56.44ms
step:112/1285 train_time:6321ms step_avg:56.44ms
step:113/1285 train_time:6370ms step_avg:56.37ms
step:114/1285 train_time:6429ms step_avg:56.39ms
step:115/1285 train_time:6481ms step_avg:56.35ms
step:116/1285 train_time:6538ms step_avg:56.36ms
step:117/1285 train_time:6588ms step_avg:56.31ms
step:118/1285 train_time:6646ms step_avg:56.32ms
step:119/1285 train_time:6697ms step_avg:56.28ms
step:120/1285 train_time:6755ms step_avg:56.29ms
step:121/1285 train_time:6806ms step_avg:56.24ms
step:122/1285 train_time:6862ms step_avg:56.24ms
step:123/1285 train_time:6911ms step_avg:56.19ms
step:124/1285 train_time:6968ms step_avg:56.19ms
step:125/1285 train_time:7015ms step_avg:56.12ms
step:126/1285 train_time:7070ms step_avg:56.11ms
step:127/1285 train_time:7121ms step_avg:56.07ms
step:128/1285 train_time:7180ms step_avg:56.10ms
step:129/1285 train_time:7230ms step_avg:56.05ms
step:130/1285 train_time:7286ms step_avg:56.04ms
step:131/1285 train_time:7335ms step_avg:56.00ms
step:132/1285 train_time:7390ms step_avg:55.98ms
step:133/1285 train_time:7440ms step_avg:55.94ms
step:134/1285 train_time:7494ms step_avg:55.92ms
step:135/1285 train_time:7542ms step_avg:55.87ms
step:136/1285 train_time:7600ms step_avg:55.88ms
step:137/1285 train_time:7648ms step_avg:55.83ms
step:138/1285 train_time:7705ms step_avg:55.83ms
step:139/1285 train_time:7754ms step_avg:55.79ms
step:140/1285 train_time:7809ms step_avg:55.78ms
step:141/1285 train_time:7859ms step_avg:55.74ms
step:142/1285 train_time:7915ms step_avg:55.74ms
step:143/1285 train_time:7963ms step_avg:55.69ms
step:144/1285 train_time:8019ms step_avg:55.69ms
step:145/1285 train_time:8071ms step_avg:55.66ms
step:146/1285 train_time:8127ms step_avg:55.67ms
step:147/1285 train_time:8179ms step_avg:55.64ms
step:148/1285 train_time:8234ms step_avg:55.64ms
step:149/1285 train_time:8282ms step_avg:55.59ms
step:150/1285 train_time:8339ms step_avg:55.59ms
step:151/1285 train_time:8388ms step_avg:55.55ms
step:152/1285 train_time:8445ms step_avg:55.56ms
step:153/1285 train_time:8494ms step_avg:55.52ms
step:154/1285 train_time:8551ms step_avg:55.52ms
step:155/1285 train_time:8600ms step_avg:55.48ms
step:156/1285 train_time:8656ms step_avg:55.49ms
step:157/1285 train_time:8704ms step_avg:55.44ms
step:158/1285 train_time:8760ms step_avg:55.44ms
step:159/1285 train_time:8810ms step_avg:55.41ms
step:160/1285 train_time:8867ms step_avg:55.42ms
step:161/1285 train_time:8916ms step_avg:55.38ms
step:162/1285 train_time:8971ms step_avg:55.38ms
step:163/1285 train_time:9018ms step_avg:55.32ms
step:164/1285 train_time:9071ms step_avg:55.31ms
step:165/1285 train_time:9119ms step_avg:55.27ms
step:166/1285 train_time:9175ms step_avg:55.27ms
step:167/1285 train_time:9225ms step_avg:55.24ms
step:168/1285 train_time:9279ms step_avg:55.23ms
step:169/1285 train_time:9331ms step_avg:55.21ms
step:170/1285 train_time:9389ms step_avg:55.23ms
step:171/1285 train_time:9436ms step_avg:55.18ms
step:172/1285 train_time:9490ms step_avg:55.18ms
step:173/1285 train_time:9538ms step_avg:55.13ms
step:174/1285 train_time:9596ms step_avg:55.15ms
step:175/1285 train_time:9646ms step_avg:55.12ms
step:176/1285 train_time:9701ms step_avg:55.12ms
step:177/1285 train_time:9751ms step_avg:55.09ms
step:178/1285 train_time:9806ms step_avg:55.09ms
step:179/1285 train_time:9856ms step_avg:55.06ms
step:180/1285 train_time:9912ms step_avg:55.07ms
step:181/1285 train_time:9962ms step_avg:55.04ms
step:182/1285 train_time:10019ms step_avg:55.05ms
step:183/1285 train_time:10067ms step_avg:55.01ms
step:184/1285 train_time:10122ms step_avg:55.01ms
step:185/1285 train_time:10171ms step_avg:54.98ms
step:186/1285 train_time:10228ms step_avg:54.99ms
step:187/1285 train_time:10275ms step_avg:54.95ms
step:188/1285 train_time:10331ms step_avg:54.95ms
step:189/1285 train_time:10381ms step_avg:54.92ms
step:190/1285 train_time:10435ms step_avg:54.92ms
step:191/1285 train_time:10486ms step_avg:54.90ms
step:192/1285 train_time:10541ms step_avg:54.90ms
step:193/1285 train_time:10593ms step_avg:54.88ms
step:194/1285 train_time:10648ms step_avg:54.89ms
step:195/1285 train_time:10698ms step_avg:54.86ms
step:196/1285 train_time:10754ms step_avg:54.87ms
step:197/1285 train_time:10808ms step_avg:54.86ms
step:198/1285 train_time:10864ms step_avg:54.87ms
step:199/1285 train_time:10912ms step_avg:54.83ms
step:200/1285 train_time:10969ms step_avg:54.84ms
step:201/1285 train_time:11018ms step_avg:54.82ms
step:202/1285 train_time:11076ms step_avg:54.83ms
step:203/1285 train_time:11125ms step_avg:54.80ms
step:204/1285 train_time:11182ms step_avg:54.81ms
step:205/1285 train_time:11231ms step_avg:54.79ms
step:206/1285 train_time:11289ms step_avg:54.80ms
step:207/1285 train_time:11338ms step_avg:54.77ms
step:208/1285 train_time:11393ms step_avg:54.78ms
step:209/1285 train_time:11444ms step_avg:54.76ms
step:210/1285 train_time:11502ms step_avg:54.77ms
step:211/1285 train_time:11552ms step_avg:54.75ms
step:212/1285 train_time:11610ms step_avg:54.76ms
step:213/1285 train_time:11660ms step_avg:54.74ms
step:214/1285 train_time:11717ms step_avg:54.75ms
step:215/1285 train_time:11767ms step_avg:54.73ms
step:216/1285 train_time:11825ms step_avg:54.74ms
step:217/1285 train_time:11876ms step_avg:54.73ms
step:218/1285 train_time:11932ms step_avg:54.74ms
step:219/1285 train_time:11982ms step_avg:54.71ms
step:220/1285 train_time:12038ms step_avg:54.72ms
step:221/1285 train_time:12086ms step_avg:54.69ms
step:222/1285 train_time:12141ms step_avg:54.69ms
step:223/1285 train_time:12189ms step_avg:54.66ms
step:224/1285 train_time:12246ms step_avg:54.67ms
step:225/1285 train_time:12295ms step_avg:54.64ms
step:226/1285 train_time:12351ms step_avg:54.65ms
step:227/1285 train_time:12401ms step_avg:54.63ms
step:228/1285 train_time:12456ms step_avg:54.63ms
step:229/1285 train_time:12504ms step_avg:54.60ms
step:230/1285 train_time:12560ms step_avg:54.61ms
step:231/1285 train_time:12609ms step_avg:54.58ms
step:232/1285 train_time:12665ms step_avg:54.59ms
step:233/1285 train_time:12715ms step_avg:54.57ms
step:234/1285 train_time:12772ms step_avg:54.58ms
step:235/1285 train_time:12820ms step_avg:54.55ms
step:236/1285 train_time:12877ms step_avg:54.56ms
step:237/1285 train_time:12926ms step_avg:54.54ms
step:238/1285 train_time:12981ms step_avg:54.54ms
step:239/1285 train_time:13030ms step_avg:54.52ms
step:240/1285 train_time:13088ms step_avg:54.53ms
step:241/1285 train_time:13136ms step_avg:54.51ms
step:242/1285 train_time:13195ms step_avg:54.52ms
step:243/1285 train_time:13243ms step_avg:54.50ms
step:244/1285 train_time:13299ms step_avg:54.51ms
step:245/1285 train_time:13348ms step_avg:54.48ms
step:246/1285 train_time:13404ms step_avg:54.49ms
step:247/1285 train_time:13453ms step_avg:54.47ms
step:248/1285 train_time:13509ms step_avg:54.47ms
step:249/1285 train_time:13557ms step_avg:54.45ms
step:250/1285 train_time:13610ms step_avg:54.44ms
step:250/1285 val_loss:4.48538589 train_time:13612ms step_avg:54.45ms
step:251/1285 train_time:13665ms step_avg:54.44ms
step:252/1285 train_time:13721ms step_avg:54.45ms
step:253/1285 train_time:13773ms step_avg:54.44ms
step:254/1285 train_time:13832ms step_avg:54.46ms
step:255/1285 train_time:13882ms step_avg:54.44ms
step:256/1285 train_time:13938ms step_avg:54.45ms
step:257/1285 train_time:13988ms step_avg:54.43ms
step:258/1285 train_time:14045ms step_avg:54.44ms
step:259/1285 train_time:14096ms step_avg:54.42ms
step:260/1285 train_time:14151ms step_avg:54.43ms
step:261/1285 train_time:14201ms step_avg:54.41ms
step:262/1285 train_time:14258ms step_avg:54.42ms
step:263/1285 train_time:14308ms step_avg:54.40ms
step:264/1285 train_time:14367ms step_avg:54.42ms
step:265/1285 train_time:14417ms step_avg:54.40ms
step:266/1285 train_time:14472ms step_avg:54.40ms
step:267/1285 train_time:14521ms step_avg:54.39ms
step:268/1285 train_time:14577ms step_avg:54.39ms
step:269/1285 train_time:14627ms step_avg:54.38ms
step:270/1285 train_time:14682ms step_avg:54.38ms
step:271/1285 train_time:14731ms step_avg:54.36ms
step:272/1285 train_time:14786ms step_avg:54.36ms
step:273/1285 train_time:14835ms step_avg:54.34ms
step:274/1285 train_time:14891ms step_avg:54.35ms
step:275/1285 train_time:14941ms step_avg:54.33ms
step:276/1285 train_time:15001ms step_avg:54.35ms
step:277/1285 train_time:15054ms step_avg:54.35ms
step:278/1285 train_time:15109ms step_avg:54.35ms
step:279/1285 train_time:15158ms step_avg:54.33ms
step:280/1285 train_time:15215ms step_avg:54.34ms
step:281/1285 train_time:15264ms step_avg:54.32ms
step:282/1285 train_time:15322ms step_avg:54.33ms
step:283/1285 train_time:15371ms step_avg:54.32ms
step:284/1285 train_time:15428ms step_avg:54.33ms
step:285/1285 train_time:15479ms step_avg:54.31ms
step:286/1285 train_time:15533ms step_avg:54.31ms
step:287/1285 train_time:15582ms step_avg:54.29ms
step:288/1285 train_time:15637ms step_avg:54.30ms
step:289/1285 train_time:15687ms step_avg:54.28ms
step:290/1285 train_time:15742ms step_avg:54.28ms
step:291/1285 train_time:15792ms step_avg:54.27ms
step:292/1285 train_time:15851ms step_avg:54.29ms
step:293/1285 train_time:15900ms step_avg:54.27ms
step:294/1285 train_time:15957ms step_avg:54.28ms
step:295/1285 train_time:16008ms step_avg:54.27ms
step:296/1285 train_time:16064ms step_avg:54.27ms
step:297/1285 train_time:16114ms step_avg:54.26ms
step:298/1285 train_time:16171ms step_avg:54.26ms
step:299/1285 train_time:16220ms step_avg:54.25ms
step:300/1285 train_time:16276ms step_avg:54.25ms
step:301/1285 train_time:16327ms step_avg:54.24ms
step:302/1285 train_time:16385ms step_avg:54.25ms
step:303/1285 train_time:16435ms step_avg:54.24ms
step:304/1285 train_time:16491ms step_avg:54.25ms
step:305/1285 train_time:16540ms step_avg:54.23ms
step:306/1285 train_time:16597ms step_avg:54.24ms
step:307/1285 train_time:16648ms step_avg:54.23ms
step:308/1285 train_time:16703ms step_avg:54.23ms
step:309/1285 train_time:16752ms step_avg:54.22ms
step:310/1285 train_time:16809ms step_avg:54.22ms
step:311/1285 train_time:16859ms step_avg:54.21ms
step:312/1285 train_time:16916ms step_avg:54.22ms
step:313/1285 train_time:16964ms step_avg:54.20ms
step:314/1285 train_time:17020ms step_avg:54.20ms
step:315/1285 train_time:17070ms step_avg:54.19ms
step:316/1285 train_time:17125ms step_avg:54.19ms
step:317/1285 train_time:17175ms step_avg:54.18ms
step:318/1285 train_time:17232ms step_avg:54.19ms
step:319/1285 train_time:17279ms step_avg:54.17ms
step:320/1285 train_time:17336ms step_avg:54.17ms
step:321/1285 train_time:17385ms step_avg:54.16ms
step:322/1285 train_time:17442ms step_avg:54.17ms
step:323/1285 train_time:17493ms step_avg:54.16ms
step:324/1285 train_time:17552ms step_avg:54.17ms
step:325/1285 train_time:17600ms step_avg:54.15ms
step:326/1285 train_time:17657ms step_avg:54.16ms
step:327/1285 train_time:17705ms step_avg:54.14ms
step:328/1285 train_time:17760ms step_avg:54.15ms
step:329/1285 train_time:17810ms step_avg:54.13ms
step:330/1285 train_time:17866ms step_avg:54.14ms
step:331/1285 train_time:17918ms step_avg:54.13ms
step:332/1285 train_time:17973ms step_avg:54.14ms
step:333/1285 train_time:18023ms step_avg:54.12ms
step:334/1285 train_time:18079ms step_avg:54.13ms
step:335/1285 train_time:18127ms step_avg:54.11ms
step:336/1285 train_time:18181ms step_avg:54.11ms
step:337/1285 train_time:18231ms step_avg:54.10ms
step:338/1285 train_time:18286ms step_avg:54.10ms
step:339/1285 train_time:18335ms step_avg:54.09ms
step:340/1285 train_time:18391ms step_avg:54.09ms
step:341/1285 train_time:18443ms step_avg:54.08ms
step:342/1285 train_time:18496ms step_avg:54.08ms
step:343/1285 train_time:18544ms step_avg:54.07ms
step:344/1285 train_time:18601ms step_avg:54.07ms
step:345/1285 train_time:18650ms step_avg:54.06ms
step:346/1285 train_time:18704ms step_avg:54.06ms
step:347/1285 train_time:18754ms step_avg:54.05ms
step:348/1285 train_time:18808ms step_avg:54.04ms
step:349/1285 train_time:18857ms step_avg:54.03ms
step:350/1285 train_time:18914ms step_avg:54.04ms
step:351/1285 train_time:18964ms step_avg:54.03ms
step:352/1285 train_time:19019ms step_avg:54.03ms
step:353/1285 train_time:19067ms step_avg:54.01ms
step:354/1285 train_time:19122ms step_avg:54.02ms
step:355/1285 train_time:19171ms step_avg:54.00ms
step:356/1285 train_time:19226ms step_avg:54.01ms
step:357/1285 train_time:19274ms step_avg:53.99ms
step:358/1285 train_time:19331ms step_avg:54.00ms
step:359/1285 train_time:19379ms step_avg:53.98ms
step:360/1285 train_time:19435ms step_avg:53.98ms
step:361/1285 train_time:19483ms step_avg:53.97ms
step:362/1285 train_time:19538ms step_avg:53.97ms
step:363/1285 train_time:19589ms step_avg:53.96ms
step:364/1285 train_time:19645ms step_avg:53.97ms
step:365/1285 train_time:19693ms step_avg:53.95ms
step:366/1285 train_time:19749ms step_avg:53.96ms
step:367/1285 train_time:19797ms step_avg:53.94ms
step:368/1285 train_time:19854ms step_avg:53.95ms
step:369/1285 train_time:19902ms step_avg:53.94ms
step:370/1285 train_time:19960ms step_avg:53.95ms
step:371/1285 train_time:20009ms step_avg:53.93ms
step:372/1285 train_time:20066ms step_avg:53.94ms
step:373/1285 train_time:20114ms step_avg:53.93ms
step:374/1285 train_time:20169ms step_avg:53.93ms
step:375/1285 train_time:20217ms step_avg:53.91ms
step:376/1285 train_time:20272ms step_avg:53.91ms
step:377/1285 train_time:20324ms step_avg:53.91ms
step:378/1285 train_time:20379ms step_avg:53.91ms
step:379/1285 train_time:20426ms step_avg:53.90ms
step:380/1285 train_time:20483ms step_avg:53.90ms
step:381/1285 train_time:20530ms step_avg:53.88ms
step:382/1285 train_time:20587ms step_avg:53.89ms
step:383/1285 train_time:20638ms step_avg:53.88ms
step:384/1285 train_time:20693ms step_avg:53.89ms
step:385/1285 train_time:20741ms step_avg:53.87ms
step:386/1285 train_time:20795ms step_avg:53.87ms
step:387/1285 train_time:20845ms step_avg:53.86ms
step:388/1285 train_time:20901ms step_avg:53.87ms
step:389/1285 train_time:20951ms step_avg:53.86ms
step:390/1285 train_time:21009ms step_avg:53.87ms
step:391/1285 train_time:21058ms step_avg:53.86ms
step:392/1285 train_time:21117ms step_avg:53.87ms
step:393/1285 train_time:21167ms step_avg:53.86ms
step:394/1285 train_time:21224ms step_avg:53.87ms
step:395/1285 train_time:21274ms step_avg:53.86ms
step:396/1285 train_time:21333ms step_avg:53.87ms
step:397/1285 train_time:21384ms step_avg:53.86ms
step:398/1285 train_time:21445ms step_avg:53.88ms
step:399/1285 train_time:21494ms step_avg:53.87ms
step:400/1285 train_time:21551ms step_avg:53.88ms
step:401/1285 train_time:21604ms step_avg:53.88ms
step:402/1285 train_time:21661ms step_avg:53.88ms
step:403/1285 train_time:21710ms step_avg:53.87ms
step:404/1285 train_time:21766ms step_avg:53.88ms
step:405/1285 train_time:21813ms step_avg:53.86ms
step:406/1285 train_time:21868ms step_avg:53.86ms
step:407/1285 train_time:21920ms step_avg:53.86ms
step:408/1285 train_time:21976ms step_avg:53.86ms
step:409/1285 train_time:22023ms step_avg:53.85ms
step:410/1285 train_time:22075ms step_avg:53.84ms
step:411/1285 train_time:22122ms step_avg:53.83ms
step:412/1285 train_time:22179ms step_avg:53.83ms
step:413/1285 train_time:22228ms step_avg:53.82ms
step:414/1285 train_time:22284ms step_avg:53.83ms
step:415/1285 train_time:22335ms step_avg:53.82ms
step:416/1285 train_time:22393ms step_avg:53.83ms
step:417/1285 train_time:22441ms step_avg:53.82ms
step:418/1285 train_time:22497ms step_avg:53.82ms
step:419/1285 train_time:22545ms step_avg:53.81ms
step:420/1285 train_time:22601ms step_avg:53.81ms
step:421/1285 train_time:22650ms step_avg:53.80ms
step:422/1285 train_time:22706ms step_avg:53.81ms
step:423/1285 train_time:22756ms step_avg:53.80ms
step:424/1285 train_time:22813ms step_avg:53.81ms
step:425/1285 train_time:22864ms step_avg:53.80ms
step:426/1285 train_time:22922ms step_avg:53.81ms
step:427/1285 train_time:22974ms step_avg:53.80ms
step:428/1285 train_time:23033ms step_avg:53.81ms
step:429/1285 train_time:23083ms step_avg:53.81ms
step:430/1285 train_time:23141ms step_avg:53.82ms
step:431/1285 train_time:23190ms step_avg:53.81ms
step:432/1285 train_time:23246ms step_avg:53.81ms
step:433/1285 train_time:23297ms step_avg:53.80ms
step:434/1285 train_time:23354ms step_avg:53.81ms
step:435/1285 train_time:23403ms step_avg:53.80ms
step:436/1285 train_time:23461ms step_avg:53.81ms
step:437/1285 train_time:23512ms step_avg:53.80ms
step:438/1285 train_time:23570ms step_avg:53.81ms
step:439/1285 train_time:23623ms step_avg:53.81ms
step:440/1285 train_time:23676ms step_avg:53.81ms
step:441/1285 train_time:23728ms step_avg:53.81ms
step:442/1285 train_time:23793ms step_avg:53.83ms
step:443/1285 train_time:23845ms step_avg:53.83ms
step:444/1285 train_time:23910ms step_avg:53.85ms
step:445/1285 train_time:23962ms step_avg:53.85ms
step:446/1285 train_time:24025ms step_avg:53.87ms
step:447/1285 train_time:24076ms step_avg:53.86ms
step:448/1285 train_time:24138ms step_avg:53.88ms
step:449/1285 train_time:24191ms step_avg:53.88ms
step:450/1285 train_time:24252ms step_avg:53.89ms
step:451/1285 train_time:24306ms step_avg:53.89ms
step:452/1285 train_time:24368ms step_avg:53.91ms
step:453/1285 train_time:24421ms step_avg:53.91ms
step:454/1285 train_time:24480ms step_avg:53.92ms
step:455/1285 train_time:24531ms step_avg:53.92ms
step:456/1285 train_time:24594ms step_avg:53.94ms
step:457/1285 train_time:24644ms step_avg:53.93ms
step:458/1285 train_time:24709ms step_avg:53.95ms
step:459/1285 train_time:24761ms step_avg:53.95ms
step:460/1285 train_time:24826ms step_avg:53.97ms
step:461/1285 train_time:24877ms step_avg:53.96ms
step:462/1285 train_time:24941ms step_avg:53.99ms
step:463/1285 train_time:24993ms step_avg:53.98ms
step:464/1285 train_time:25056ms step_avg:54.00ms
step:465/1285 train_time:25107ms step_avg:53.99ms
step:466/1285 train_time:25170ms step_avg:54.01ms
step:467/1285 train_time:25221ms step_avg:54.01ms
step:468/1285 train_time:25286ms step_avg:54.03ms
step:469/1285 train_time:25336ms step_avg:54.02ms
step:470/1285 train_time:25400ms step_avg:54.04ms
step:471/1285 train_time:25452ms step_avg:54.04ms
step:472/1285 train_time:25514ms step_avg:54.05ms
step:473/1285 train_time:25564ms step_avg:54.05ms
step:474/1285 train_time:25629ms step_avg:54.07ms
step:475/1285 train_time:25680ms step_avg:54.06ms
step:476/1285 train_time:25744ms step_avg:54.08ms
step:477/1285 train_time:25827ms step_avg:54.14ms
step:478/1285 train_time:25888ms step_avg:54.16ms
step:479/1285 train_time:25944ms step_avg:54.16ms
step:480/1285 train_time:26002ms step_avg:54.17ms
step:481/1285 train_time:26050ms step_avg:54.16ms
step:482/1285 train_time:26104ms step_avg:54.16ms
step:483/1285 train_time:26157ms step_avg:54.16ms
step:484/1285 train_time:26216ms step_avg:54.17ms
step:485/1285 train_time:26267ms step_avg:54.16ms
step:486/1285 train_time:26330ms step_avg:54.18ms
step:487/1285 train_time:26382ms step_avg:54.17ms
step:488/1285 train_time:26445ms step_avg:54.19ms
step:489/1285 train_time:26499ms step_avg:54.19ms
step:490/1285 train_time:26558ms step_avg:54.20ms
step:491/1285 train_time:26611ms step_avg:54.20ms
step:492/1285 train_time:26673ms step_avg:54.21ms
step:493/1285 train_time:26724ms step_avg:54.21ms
step:494/1285 train_time:26789ms step_avg:54.23ms
step:495/1285 train_time:26842ms step_avg:54.23ms
step:496/1285 train_time:26906ms step_avg:54.25ms
step:497/1285 train_time:26960ms step_avg:54.24ms
step:498/1285 train_time:27022ms step_avg:54.26ms
step:499/1285 train_time:27073ms step_avg:54.25ms
step:500/1285 train_time:27136ms step_avg:54.27ms
step:500/1285 val_loss:4.12531519 train_time:27194ms step_avg:54.39ms
step:501/1285 train_time:27250ms step_avg:54.39ms
step:502/1285 train_time:27311ms step_avg:54.41ms
step:503/1285 train_time:27363ms step_avg:54.40ms
step:504/1285 train_time:27420ms step_avg:54.41ms
step:505/1285 train_time:27472ms step_avg:54.40ms
step:506/1285 train_time:27530ms step_avg:54.41ms
step:507/1285 train_time:27582ms step_avg:54.40ms
step:508/1285 train_time:27638ms step_avg:54.41ms
step:509/1285 train_time:27689ms step_avg:54.40ms
step:510/1285 train_time:27746ms step_avg:54.40ms
step:511/1285 train_time:27795ms step_avg:54.39ms
step:512/1285 train_time:27854ms step_avg:54.40ms
step:513/1285 train_time:27906ms step_avg:54.40ms
step:514/1285 train_time:27961ms step_avg:54.40ms
step:515/1285 train_time:28014ms step_avg:54.40ms
step:516/1285 train_time:28071ms step_avg:54.40ms
step:517/1285 train_time:28122ms step_avg:54.39ms
step:518/1285 train_time:28179ms step_avg:54.40ms
step:519/1285 train_time:28231ms step_avg:54.40ms
step:520/1285 train_time:28295ms step_avg:54.41ms
step:521/1285 train_time:28348ms step_avg:54.41ms
step:522/1285 train_time:28412ms step_avg:54.43ms
step:523/1285 train_time:28465ms step_avg:54.43ms
step:524/1285 train_time:28528ms step_avg:54.44ms
step:525/1285 train_time:28580ms step_avg:54.44ms
step:526/1285 train_time:28642ms step_avg:54.45ms
step:527/1285 train_time:28695ms step_avg:54.45ms
step:528/1285 train_time:28757ms step_avg:54.46ms
step:529/1285 train_time:28807ms step_avg:54.46ms
step:530/1285 train_time:28871ms step_avg:54.47ms
step:531/1285 train_time:28922ms step_avg:54.47ms
step:532/1285 train_time:28984ms step_avg:54.48ms
step:533/1285 train_time:29035ms step_avg:54.47ms
step:534/1285 train_time:29099ms step_avg:54.49ms
step:535/1285 train_time:29151ms step_avg:54.49ms
step:536/1285 train_time:29214ms step_avg:54.50ms
step:537/1285 train_time:29265ms step_avg:54.50ms
step:538/1285 train_time:29330ms step_avg:54.52ms
step:539/1285 train_time:29380ms step_avg:54.51ms
step:540/1285 train_time:29445ms step_avg:54.53ms
step:541/1285 train_time:29495ms step_avg:54.52ms
step:542/1285 train_time:29562ms step_avg:54.54ms
step:543/1285 train_time:29611ms step_avg:54.53ms
step:544/1285 train_time:29676ms step_avg:54.55ms
step:545/1285 train_time:29726ms step_avg:54.54ms
step:546/1285 train_time:29791ms step_avg:54.56ms
step:547/1285 train_time:29841ms step_avg:54.55ms
step:548/1285 train_time:29905ms step_avg:54.57ms
step:549/1285 train_time:29958ms step_avg:54.57ms
step:550/1285 train_time:30019ms step_avg:54.58ms
step:551/1285 train_time:30072ms step_avg:54.58ms
step:552/1285 train_time:30136ms step_avg:54.59ms
step:553/1285 train_time:30188ms step_avg:54.59ms
step:554/1285 train_time:30250ms step_avg:54.60ms
step:555/1285 train_time:30300ms step_avg:54.59ms
step:556/1285 train_time:30365ms step_avg:54.61ms
step:557/1285 train_time:30415ms step_avg:54.61ms
step:558/1285 train_time:30481ms step_avg:54.63ms
step:559/1285 train_time:30533ms step_avg:54.62ms
step:560/1285 train_time:30595ms step_avg:54.63ms
step:561/1285 train_time:30646ms step_avg:54.63ms
step:562/1285 train_time:30711ms step_avg:54.65ms
step:563/1285 train_time:30760ms step_avg:54.64ms
step:564/1285 train_time:30825ms step_avg:54.65ms
step:565/1285 train_time:30877ms step_avg:54.65ms
step:566/1285 train_time:30940ms step_avg:54.66ms
step:567/1285 train_time:30991ms step_avg:54.66ms
step:568/1285 train_time:31054ms step_avg:54.67ms
step:569/1285 train_time:31105ms step_avg:54.67ms
step:570/1285 train_time:31168ms step_avg:54.68ms
step:571/1285 train_time:31218ms step_avg:54.67ms
step:572/1285 train_time:31283ms step_avg:54.69ms
step:573/1285 train_time:31334ms step_avg:54.68ms
step:574/1285 train_time:31397ms step_avg:54.70ms
step:575/1285 train_time:31450ms step_avg:54.70ms
step:576/1285 train_time:31515ms step_avg:54.71ms
step:577/1285 train_time:31566ms step_avg:54.71ms
step:578/1285 train_time:31630ms step_avg:54.72ms
step:579/1285 train_time:31681ms step_avg:54.72ms
step:580/1285 train_time:31744ms step_avg:54.73ms
step:581/1285 train_time:31797ms step_avg:54.73ms
step:582/1285 train_time:31864ms step_avg:54.75ms
step:583/1285 train_time:31918ms step_avg:54.75ms
step:584/1285 train_time:31978ms step_avg:54.76ms
step:585/1285 train_time:32030ms step_avg:54.75ms
step:586/1285 train_time:32090ms step_avg:54.76ms
step:587/1285 train_time:32142ms step_avg:54.76ms
step:588/1285 train_time:32205ms step_avg:54.77ms
step:589/1285 train_time:32257ms step_avg:54.77ms
step:590/1285 train_time:32318ms step_avg:54.78ms
step:591/1285 train_time:32373ms step_avg:54.78ms
step:592/1285 train_time:32436ms step_avg:54.79ms
step:593/1285 train_time:32487ms step_avg:54.78ms
step:594/1285 train_time:32551ms step_avg:54.80ms
step:595/1285 train_time:32602ms step_avg:54.79ms
step:596/1285 train_time:32666ms step_avg:54.81ms
step:597/1285 train_time:32719ms step_avg:54.81ms
step:598/1285 train_time:32783ms step_avg:54.82ms
step:599/1285 train_time:32834ms step_avg:54.81ms
step:600/1285 train_time:32899ms step_avg:54.83ms
step:601/1285 train_time:32951ms step_avg:54.83ms
step:602/1285 train_time:33013ms step_avg:54.84ms
step:603/1285 train_time:33066ms step_avg:54.84ms
step:604/1285 train_time:33127ms step_avg:54.85ms
step:605/1285 train_time:33179ms step_avg:54.84ms
step:606/1285 train_time:33243ms step_avg:54.86ms
step:607/1285 train_time:33296ms step_avg:54.85ms
step:608/1285 train_time:33359ms step_avg:54.87ms
step:609/1285 train_time:33410ms step_avg:54.86ms
step:610/1285 train_time:33476ms step_avg:54.88ms
step:611/1285 train_time:33530ms step_avg:54.88ms
step:612/1285 train_time:33591ms step_avg:54.89ms
step:613/1285 train_time:33644ms step_avg:54.88ms
step:614/1285 train_time:33705ms step_avg:54.89ms
step:615/1285 train_time:33756ms step_avg:54.89ms
step:616/1285 train_time:33821ms step_avg:54.90ms
step:617/1285 train_time:33872ms step_avg:54.90ms
step:618/1285 train_time:33934ms step_avg:54.91ms
step:619/1285 train_time:33986ms step_avg:54.90ms
step:620/1285 train_time:34052ms step_avg:54.92ms
step:621/1285 train_time:34104ms step_avg:54.92ms
step:622/1285 train_time:34165ms step_avg:54.93ms
step:623/1285 train_time:34217ms step_avg:54.92ms
step:624/1285 train_time:34281ms step_avg:54.94ms
step:625/1285 train_time:34332ms step_avg:54.93ms
step:626/1285 train_time:34396ms step_avg:54.95ms
step:627/1285 train_time:34447ms step_avg:54.94ms
step:628/1285 train_time:34511ms step_avg:54.95ms
step:629/1285 train_time:34563ms step_avg:54.95ms
step:630/1285 train_time:34626ms step_avg:54.96ms
step:631/1285 train_time:34678ms step_avg:54.96ms
step:632/1285 train_time:34742ms step_avg:54.97ms
step:633/1285 train_time:34793ms step_avg:54.97ms
step:634/1285 train_time:34858ms step_avg:54.98ms
step:635/1285 train_time:34910ms step_avg:54.98ms
step:636/1285 train_time:34971ms step_avg:54.99ms
step:637/1285 train_time:35023ms step_avg:54.98ms
step:638/1285 train_time:35087ms step_avg:55.00ms
step:639/1285 train_time:35140ms step_avg:54.99ms
step:640/1285 train_time:35203ms step_avg:55.00ms
step:641/1285 train_time:35255ms step_avg:55.00ms
step:642/1285 train_time:35319ms step_avg:55.01ms
step:643/1285 train_time:35370ms step_avg:55.01ms
step:644/1285 train_time:35435ms step_avg:55.02ms
step:645/1285 train_time:35487ms step_avg:55.02ms
step:646/1285 train_time:35550ms step_avg:55.03ms
step:647/1285 train_time:35603ms step_avg:55.03ms
step:648/1285 train_time:35667ms step_avg:55.04ms
step:649/1285 train_time:35717ms step_avg:55.03ms
step:650/1285 train_time:35781ms step_avg:55.05ms
step:651/1285 train_time:35833ms step_avg:55.04ms
step:652/1285 train_time:35897ms step_avg:55.06ms
step:653/1285 train_time:35948ms step_avg:55.05ms
step:654/1285 train_time:36013ms step_avg:55.07ms
step:655/1285 train_time:36065ms step_avg:55.06ms
step:656/1285 train_time:36128ms step_avg:55.07ms
step:657/1285 train_time:36185ms step_avg:55.08ms
step:658/1285 train_time:36243ms step_avg:55.08ms
step:659/1285 train_time:36294ms step_avg:55.07ms
step:660/1285 train_time:36358ms step_avg:55.09ms
step:661/1285 train_time:36410ms step_avg:55.08ms
step:662/1285 train_time:36475ms step_avg:55.10ms
step:663/1285 train_time:36526ms step_avg:55.09ms
step:664/1285 train_time:36590ms step_avg:55.11ms
step:665/1285 train_time:36639ms step_avg:55.10ms
step:666/1285 train_time:36705ms step_avg:55.11ms
step:667/1285 train_time:36758ms step_avg:55.11ms
step:668/1285 train_time:36820ms step_avg:55.12ms
step:669/1285 train_time:36870ms step_avg:55.11ms
step:670/1285 train_time:36933ms step_avg:55.12ms
step:671/1285 train_time:36985ms step_avg:55.12ms
step:672/1285 train_time:37049ms step_avg:55.13ms
step:673/1285 train_time:37100ms step_avg:55.13ms
step:674/1285 train_time:37164ms step_avg:55.14ms
step:675/1285 train_time:37216ms step_avg:55.14ms
step:676/1285 train_time:37280ms step_avg:55.15ms
step:677/1285 train_time:37330ms step_avg:55.14ms
step:678/1285 train_time:37396ms step_avg:55.16ms
step:679/1285 train_time:37448ms step_avg:55.15ms
step:680/1285 train_time:37510ms step_avg:55.16ms
step:681/1285 train_time:37562ms step_avg:55.16ms
step:682/1285 train_time:37625ms step_avg:55.17ms
step:683/1285 train_time:37676ms step_avg:55.16ms
step:684/1285 train_time:37739ms step_avg:55.17ms
step:685/1285 train_time:37792ms step_avg:55.17ms
step:686/1285 train_time:37854ms step_avg:55.18ms
step:687/1285 train_time:37906ms step_avg:55.18ms
step:688/1285 train_time:37970ms step_avg:55.19ms
step:689/1285 train_time:38024ms step_avg:55.19ms
step:690/1285 train_time:38088ms step_avg:55.20ms
step:691/1285 train_time:38140ms step_avg:55.19ms
step:692/1285 train_time:38202ms step_avg:55.21ms
step:693/1285 train_time:38256ms step_avg:55.20ms
step:694/1285 train_time:38317ms step_avg:55.21ms
step:695/1285 train_time:38368ms step_avg:55.21ms
step:696/1285 train_time:38432ms step_avg:55.22ms
step:697/1285 train_time:38483ms step_avg:55.21ms
step:698/1285 train_time:38548ms step_avg:55.23ms
step:699/1285 train_time:38598ms step_avg:55.22ms
step:700/1285 train_time:38662ms step_avg:55.23ms
step:701/1285 train_time:38714ms step_avg:55.23ms
step:702/1285 train_time:38776ms step_avg:55.24ms
step:703/1285 train_time:38828ms step_avg:55.23ms
step:704/1285 train_time:38893ms step_avg:55.25ms
step:705/1285 train_time:38943ms step_avg:55.24ms
step:706/1285 train_time:39008ms step_avg:55.25ms
step:707/1285 train_time:39060ms step_avg:55.25ms
step:708/1285 train_time:39123ms step_avg:55.26ms
step:709/1285 train_time:39174ms step_avg:55.25ms
step:710/1285 train_time:39240ms step_avg:55.27ms
step:711/1285 train_time:39291ms step_avg:55.26ms
step:712/1285 train_time:39354ms step_avg:55.27ms
step:713/1285 train_time:39406ms step_avg:55.27ms
step:714/1285 train_time:39470ms step_avg:55.28ms
step:715/1285 train_time:39521ms step_avg:55.27ms
step:716/1285 train_time:39585ms step_avg:55.29ms
step:717/1285 train_time:39637ms step_avg:55.28ms
step:718/1285 train_time:39700ms step_avg:55.29ms
step:719/1285 train_time:39750ms step_avg:55.29ms
step:720/1285 train_time:39816ms step_avg:55.30ms
step:721/1285 train_time:39867ms step_avg:55.29ms
step:722/1285 train_time:39931ms step_avg:55.31ms
step:723/1285 train_time:39983ms step_avg:55.30ms
step:724/1285 train_time:40045ms step_avg:55.31ms
step:725/1285 train_time:40099ms step_avg:55.31ms
step:726/1285 train_time:40161ms step_avg:55.32ms
step:727/1285 train_time:40212ms step_avg:55.31ms
step:728/1285 train_time:40276ms step_avg:55.32ms
step:729/1285 train_time:40327ms step_avg:55.32ms
step:730/1285 train_time:40392ms step_avg:55.33ms
step:731/1285 train_time:40444ms step_avg:55.33ms
step:732/1285 train_time:40509ms step_avg:55.34ms
step:733/1285 train_time:40561ms step_avg:55.34ms
step:734/1285 train_time:40623ms step_avg:55.34ms
step:735/1285 train_time:40675ms step_avg:55.34ms
step:736/1285 train_time:40738ms step_avg:55.35ms
step:737/1285 train_time:40789ms step_avg:55.35ms
step:738/1285 train_time:40855ms step_avg:55.36ms
step:739/1285 train_time:40907ms step_avg:55.35ms
step:740/1285 train_time:40969ms step_avg:55.36ms
step:741/1285 train_time:41022ms step_avg:55.36ms
step:742/1285 train_time:41084ms step_avg:55.37ms
step:743/1285 train_time:41136ms step_avg:55.36ms
step:744/1285 train_time:41200ms step_avg:55.38ms
step:745/1285 train_time:41251ms step_avg:55.37ms
step:746/1285 train_time:41316ms step_avg:55.38ms
step:747/1285 train_time:41368ms step_avg:55.38ms
step:748/1285 train_time:41431ms step_avg:55.39ms
step:749/1285 train_time:41484ms step_avg:55.39ms
step:750/1285 train_time:41548ms step_avg:55.40ms
step:750/1285 val_loss:3.69161153 train_time:41606ms step_avg:55.47ms
step:751/1285 train_time:41661ms step_avg:55.47ms
step:752/1285 train_time:41721ms step_avg:55.48ms
step:753/1285 train_time:41772ms step_avg:55.47ms
step:754/1285 train_time:41830ms step_avg:55.48ms
step:755/1285 train_time:41880ms step_avg:55.47ms
step:756/1285 train_time:41937ms step_avg:55.47ms
step:757/1285 train_time:41987ms step_avg:55.46ms
step:758/1285 train_time:42044ms step_avg:55.47ms
step:759/1285 train_time:42096ms step_avg:55.46ms
step:760/1285 train_time:42155ms step_avg:55.47ms
step:761/1285 train_time:42203ms step_avg:55.46ms
step:762/1285 train_time:42258ms step_avg:55.46ms
step:763/1285 train_time:42308ms step_avg:55.45ms
step:764/1285 train_time:42365ms step_avg:55.45ms
step:765/1285 train_time:42414ms step_avg:55.44ms
step:766/1285 train_time:42479ms step_avg:55.46ms
step:767/1285 train_time:42530ms step_avg:55.45ms
step:768/1285 train_time:42596ms step_avg:55.46ms
step:769/1285 train_time:42648ms step_avg:55.46ms
step:770/1285 train_time:42714ms step_avg:55.47ms
step:771/1285 train_time:42767ms step_avg:55.47ms
step:772/1285 train_time:42832ms step_avg:55.48ms
step:773/1285 train_time:42886ms step_avg:55.48ms
step:774/1285 train_time:42949ms step_avg:55.49ms
step:775/1285 train_time:43001ms step_avg:55.49ms
step:776/1285 train_time:43064ms step_avg:55.49ms
step:777/1285 train_time:43118ms step_avg:55.49ms
step:778/1285 train_time:43178ms step_avg:55.50ms
step:779/1285 train_time:43231ms step_avg:55.50ms
step:780/1285 train_time:43295ms step_avg:55.51ms
step:781/1285 train_time:43344ms step_avg:55.50ms
step:782/1285 train_time:43408ms step_avg:55.51ms
step:783/1285 train_time:43458ms step_avg:55.50ms
step:784/1285 train_time:43523ms step_avg:55.51ms
step:785/1285 train_time:43574ms step_avg:55.51ms
step:786/1285 train_time:43641ms step_avg:55.52ms
step:787/1285 train_time:43692ms step_avg:55.52ms
step:788/1285 train_time:43757ms step_avg:55.53ms
step:789/1285 train_time:43809ms step_avg:55.52ms
step:790/1285 train_time:43874ms step_avg:55.54ms
step:791/1285 train_time:43925ms step_avg:55.53ms
step:792/1285 train_time:43991ms step_avg:55.54ms
step:793/1285 train_time:44042ms step_avg:55.54ms
step:794/1285 train_time:44123ms step_avg:55.57ms
step:795/1285 train_time:44178ms step_avg:55.57ms
step:796/1285 train_time:44244ms step_avg:55.58ms
step:797/1285 train_time:44298ms step_avg:55.58ms
step:798/1285 train_time:44354ms step_avg:55.58ms
step:799/1285 train_time:44404ms step_avg:55.57ms
step:800/1285 train_time:44469ms step_avg:55.59ms
step:801/1285 train_time:44520ms step_avg:55.58ms
step:802/1285 train_time:44585ms step_avg:55.59ms
step:803/1285 train_time:44636ms step_avg:55.59ms
step:804/1285 train_time:44701ms step_avg:55.60ms
step:805/1285 train_time:44753ms step_avg:55.59ms
step:806/1285 train_time:44816ms step_avg:55.60ms
step:807/1285 train_time:44868ms step_avg:55.60ms
step:808/1285 train_time:44932ms step_avg:55.61ms
step:809/1285 train_time:44983ms step_avg:55.60ms
step:810/1285 train_time:45047ms step_avg:55.61ms
step:811/1285 train_time:45100ms step_avg:55.61ms
step:812/1285 train_time:45161ms step_avg:55.62ms
step:813/1285 train_time:45215ms step_avg:55.61ms
step:814/1285 train_time:45280ms step_avg:55.63ms
step:815/1285 train_time:45333ms step_avg:55.62ms
step:816/1285 train_time:45398ms step_avg:55.63ms
step:817/1285 train_time:45448ms step_avg:55.63ms
step:818/1285 train_time:45514ms step_avg:55.64ms
step:819/1285 train_time:45565ms step_avg:55.63ms
step:820/1285 train_time:45628ms step_avg:55.64ms
step:821/1285 train_time:45679ms step_avg:55.64ms
step:822/1285 train_time:45744ms step_avg:55.65ms
step:823/1285 train_time:45796ms step_avg:55.65ms
step:824/1285 train_time:45860ms step_avg:55.66ms
step:825/1285 train_time:45911ms step_avg:55.65ms
step:826/1285 train_time:45977ms step_avg:55.66ms
step:827/1285 train_time:46032ms step_avg:55.66ms
step:828/1285 train_time:46092ms step_avg:55.67ms
step:829/1285 train_time:46143ms step_avg:55.66ms
step:830/1285 train_time:46210ms step_avg:55.67ms
step:831/1285 train_time:46258ms step_avg:55.67ms
step:832/1285 train_time:46324ms step_avg:55.68ms
step:833/1285 train_time:46374ms step_avg:55.67ms
step:834/1285 train_time:46439ms step_avg:55.68ms
step:835/1285 train_time:46489ms step_avg:55.68ms
step:836/1285 train_time:46556ms step_avg:55.69ms
step:837/1285 train_time:46610ms step_avg:55.69ms
step:838/1285 train_time:46671ms step_avg:55.69ms
step:839/1285 train_time:46723ms step_avg:55.69ms
step:840/1285 train_time:46784ms step_avg:55.70ms
step:841/1285 train_time:46837ms step_avg:55.69ms
step:842/1285 train_time:46901ms step_avg:55.70ms
step:843/1285 train_time:46952ms step_avg:55.70ms
step:844/1285 train_time:47017ms step_avg:55.71ms
step:845/1285 train_time:47070ms step_avg:55.70ms
step:846/1285 train_time:47135ms step_avg:55.72ms
step:847/1285 train_time:47185ms step_avg:55.71ms
step:848/1285 train_time:47253ms step_avg:55.72ms
step:849/1285 train_time:47331ms step_avg:55.75ms
step:850/1285 train_time:47421ms step_avg:55.79ms
step:851/1285 train_time:47497ms step_avg:55.81ms
step:852/1285 train_time:47586ms step_avg:55.85ms
step:853/1285 train_time:47663ms step_avg:55.88ms
step:854/1285 train_time:47755ms step_avg:55.92ms
step:855/1285 train_time:47832ms step_avg:55.94ms
step:856/1285 train_time:47922ms step_avg:55.98ms
step:857/1285 train_time:47998ms step_avg:56.01ms
step:858/1285 train_time:48088ms step_avg:56.05ms
step:859/1285 train_time:48165ms step_avg:56.07ms
step:860/1285 train_time:48256ms step_avg:56.11ms
step:861/1285 train_time:48333ms step_avg:56.14ms
step:862/1285 train_time:48422ms step_avg:56.17ms
step:863/1285 train_time:48499ms step_avg:56.20ms
step:864/1285 train_time:48589ms step_avg:56.24ms
step:865/1285 train_time:48667ms step_avg:56.26ms
step:866/1285 train_time:48757ms step_avg:56.30ms
step:867/1285 train_time:48834ms step_avg:56.33ms
step:868/1285 train_time:48923ms step_avg:56.36ms
step:869/1285 train_time:49000ms step_avg:56.39ms
step:870/1285 train_time:49090ms step_avg:56.42ms
step:871/1285 train_time:49168ms step_avg:56.45ms
step:872/1285 train_time:49258ms step_avg:56.49ms
step:873/1285 train_time:49336ms step_avg:56.51ms
step:874/1285 train_time:49425ms step_avg:56.55ms
step:875/1285 train_time:49503ms step_avg:56.57ms
step:876/1285 train_time:49592ms step_avg:56.61ms
step:877/1285 train_time:49669ms step_avg:56.63ms
step:878/1285 train_time:49759ms step_avg:56.67ms
step:879/1285 train_time:49836ms step_avg:56.70ms
step:880/1285 train_time:49925ms step_avg:56.73ms
step:881/1285 train_time:50002ms step_avg:56.76ms
step:882/1285 train_time:50094ms step_avg:56.80ms
step:883/1285 train_time:50170ms step_avg:56.82ms
step:884/1285 train_time:50261ms step_avg:56.86ms
step:885/1285 train_time:50336ms step_avg:56.88ms
step:886/1285 train_time:50428ms step_avg:56.92ms
step:887/1285 train_time:50505ms step_avg:56.94ms
step:888/1285 train_time:50597ms step_avg:56.98ms
step:889/1285 train_time:50671ms step_avg:57.00ms
step:890/1285 train_time:50762ms step_avg:57.04ms
step:891/1285 train_time:50838ms step_avg:57.06ms
step:892/1285 train_time:50929ms step_avg:57.10ms
step:893/1285 train_time:51006ms step_avg:57.12ms
step:894/1285 train_time:51096ms step_avg:57.15ms
step:895/1285 train_time:51172ms step_avg:57.18ms
step:896/1285 train_time:51262ms step_avg:57.21ms
step:897/1285 train_time:51339ms step_avg:57.23ms
step:898/1285 train_time:51429ms step_avg:57.27ms
step:899/1285 train_time:51507ms step_avg:57.29ms
step:900/1285 train_time:51597ms step_avg:57.33ms
step:901/1285 train_time:51673ms step_avg:57.35ms
step:902/1285 train_time:51762ms step_avg:57.39ms
step:903/1285 train_time:51839ms step_avg:57.41ms
step:904/1285 train_time:51929ms step_avg:57.44ms
step:905/1285 train_time:52008ms step_avg:57.47ms
step:906/1285 train_time:52098ms step_avg:57.50ms
step:907/1285 train_time:52173ms step_avg:57.52ms
step:908/1285 train_time:52263ms step_avg:57.56ms
step:909/1285 train_time:52340ms step_avg:57.58ms
step:910/1285 train_time:52430ms step_avg:57.62ms
step:911/1285 train_time:52509ms step_avg:57.64ms
step:912/1285 train_time:52598ms step_avg:57.67ms
step:913/1285 train_time:52674ms step_avg:57.69ms
step:914/1285 train_time:52763ms step_avg:57.73ms
step:915/1285 train_time:52840ms step_avg:57.75ms
step:916/1285 train_time:52930ms step_avg:57.78ms
step:917/1285 train_time:53008ms step_avg:57.81ms
step:918/1285 train_time:53099ms step_avg:57.84ms
step:919/1285 train_time:53175ms step_avg:57.86ms
step:920/1285 train_time:53265ms step_avg:57.90ms
step:921/1285 train_time:53342ms step_avg:57.92ms
step:922/1285 train_time:53434ms step_avg:57.95ms
step:923/1285 train_time:53512ms step_avg:57.98ms
step:924/1285 train_time:53602ms step_avg:58.01ms
step:925/1285 train_time:53679ms step_avg:58.03ms
step:926/1285 train_time:53769ms step_avg:58.07ms
step:927/1285 train_time:53847ms step_avg:58.09ms
step:928/1285 train_time:53937ms step_avg:58.12ms
step:929/1285 train_time:54014ms step_avg:58.14ms
step:930/1285 train_time:54105ms step_avg:58.18ms
step:931/1285 train_time:54180ms step_avg:58.20ms
step:932/1285 train_time:54269ms step_avg:58.23ms
step:933/1285 train_time:54349ms step_avg:58.25ms
step:934/1285 train_time:54440ms step_avg:58.29ms
step:935/1285 train_time:54515ms step_avg:58.31ms
step:936/1285 train_time:54605ms step_avg:58.34ms
step:937/1285 train_time:54682ms step_avg:58.36ms
step:938/1285 train_time:54773ms step_avg:58.39ms
step:939/1285 train_time:54851ms step_avg:58.41ms
step:940/1285 train_time:54943ms step_avg:58.45ms
step:941/1285 train_time:55018ms step_avg:58.47ms
step:942/1285 train_time:55109ms step_avg:58.50ms
step:943/1285 train_time:55186ms step_avg:58.52ms
step:944/1285 train_time:55275ms step_avg:58.55ms
step:945/1285 train_time:55352ms step_avg:58.57ms
step:946/1285 train_time:55441ms step_avg:58.61ms
step:947/1285 train_time:55518ms step_avg:58.63ms
step:948/1285 train_time:55609ms step_avg:58.66ms
step:949/1285 train_time:55687ms step_avg:58.68ms
step:950/1285 train_time:55776ms step_avg:58.71ms
step:951/1285 train_time:55854ms step_avg:58.73ms
step:952/1285 train_time:55944ms step_avg:58.76ms
step:953/1285 train_time:56021ms step_avg:58.78ms
step:954/1285 train_time:56111ms step_avg:58.82ms
step:955/1285 train_time:56189ms step_avg:58.84ms
step:956/1285 train_time:56278ms step_avg:58.87ms
step:957/1285 train_time:56354ms step_avg:58.89ms
step:958/1285 train_time:56444ms step_avg:58.92ms
step:959/1285 train_time:56520ms step_avg:58.94ms
step:960/1285 train_time:56611ms step_avg:58.97ms
step:961/1285 train_time:56688ms step_avg:58.99ms
step:962/1285 train_time:56777ms step_avg:59.02ms
step:963/1285 train_time:56855ms step_avg:59.04ms
step:964/1285 train_time:56946ms step_avg:59.07ms
step:965/1285 train_time:57023ms step_avg:59.09ms
step:966/1285 train_time:57113ms step_avg:59.12ms
step:967/1285 train_time:57192ms step_avg:59.14ms
step:968/1285 train_time:57282ms step_avg:59.18ms
step:969/1285 train_time:57357ms step_avg:59.19ms
step:970/1285 train_time:57448ms step_avg:59.22ms
step:971/1285 train_time:57525ms step_avg:59.24ms
step:972/1285 train_time:57615ms step_avg:59.27ms
step:973/1285 train_time:57693ms step_avg:59.29ms
step:974/1285 train_time:57782ms step_avg:59.32ms
step:975/1285 train_time:57860ms step_avg:59.34ms
step:976/1285 train_time:57950ms step_avg:59.38ms
step:977/1285 train_time:58028ms step_avg:59.39ms
step:978/1285 train_time:58118ms step_avg:59.43ms
step:979/1285 train_time:58196ms step_avg:59.44ms
step:980/1285 train_time:58284ms step_avg:59.47ms
step:981/1285 train_time:58361ms step_avg:59.49ms
step:982/1285 train_time:58452ms step_avg:59.52ms
step:983/1285 train_time:58529ms step_avg:59.54ms
step:984/1285 train_time:58620ms step_avg:59.57ms
step:985/1285 train_time:58697ms step_avg:59.59ms
step:986/1285 train_time:58787ms step_avg:59.62ms
step:987/1285 train_time:58864ms step_avg:59.64ms
step:988/1285 train_time:58955ms step_avg:59.67ms
step:989/1285 train_time:59033ms step_avg:59.69ms
step:990/1285 train_time:59124ms step_avg:59.72ms
step:991/1285 train_time:59200ms step_avg:59.74ms
step:992/1285 train_time:59291ms step_avg:59.77ms
step:993/1285 train_time:59367ms step_avg:59.79ms
step:994/1285 train_time:59458ms step_avg:59.82ms
step:995/1285 train_time:59535ms step_avg:59.83ms
step:996/1285 train_time:59625ms step_avg:59.86ms
step:997/1285 train_time:59704ms step_avg:59.88ms
step:998/1285 train_time:59793ms step_avg:59.91ms
step:999/1285 train_time:59870ms step_avg:59.93ms
step:1000/1285 train_time:59961ms step_avg:59.96ms
step:1000/1285 val_loss:3.41733909 train_time:60049ms step_avg:60.05ms
step:1001/1285 train_time:60103ms step_avg:60.04ms
step:1002/1285 train_time:60161ms step_avg:60.04ms
step:1003/1285 train_time:60213ms step_avg:60.03ms
step:1004/1285 train_time:60307ms step_avg:60.07ms
step:1005/1285 train_time:60385ms step_avg:60.08ms
step:1006/1285 train_time:60475ms step_avg:60.11ms
step:1007/1285 train_time:60551ms step_avg:60.13ms
step:1008/1285 train_time:60640ms step_avg:60.16ms
step:1009/1285 train_time:60716ms step_avg:60.17ms
step:1010/1285 train_time:60806ms step_avg:60.20ms
step:1011/1285 train_time:60882ms step_avg:60.22ms
step:1012/1285 train_time:60971ms step_avg:60.25ms
step:1013/1285 train_time:61048ms step_avg:60.27ms
step:1014/1285 train_time:61143ms step_avg:60.30ms
step:1015/1285 train_time:61222ms step_avg:60.32ms
step:1016/1285 train_time:61312ms step_avg:60.35ms
step:1017/1285 train_time:61390ms step_avg:60.36ms
step:1018/1285 train_time:61479ms step_avg:60.39ms
step:1019/1285 train_time:61558ms step_avg:60.41ms
step:1020/1285 train_time:61647ms step_avg:60.44ms
step:1021/1285 train_time:61722ms step_avg:60.45ms
step:1022/1285 train_time:61812ms step_avg:60.48ms
step:1023/1285 train_time:61888ms step_avg:60.50ms
step:1024/1285 train_time:61977ms step_avg:60.52ms
step:1025/1285 train_time:62056ms step_avg:60.54ms
step:1026/1285 train_time:62192ms step_avg:60.62ms
step:1027/1285 train_time:62245ms step_avg:60.61ms
step:1028/1285 train_time:62314ms step_avg:60.62ms
step:1029/1285 train_time:62393ms step_avg:60.63ms
step:1030/1285 train_time:62485ms step_avg:60.66ms
step:1031/1285 train_time:62562ms step_avg:60.68ms
step:1032/1285 train_time:62652ms step_avg:60.71ms
step:1033/1285 train_time:62728ms step_avg:60.72ms
step:1034/1285 train_time:62818ms step_avg:60.75ms
step:1035/1285 train_time:62894ms step_avg:60.77ms
step:1036/1285 train_time:62985ms step_avg:60.80ms
step:1037/1285 train_time:63062ms step_avg:60.81ms
step:1038/1285 train_time:63153ms step_avg:60.84ms
step:1039/1285 train_time:63230ms step_avg:60.86ms
step:1040/1285 train_time:63321ms step_avg:60.89ms
step:1041/1285 train_time:63399ms step_avg:60.90ms
step:1042/1285 train_time:63489ms step_avg:60.93ms
step:1043/1285 train_time:63567ms step_avg:60.95ms
step:1044/1285 train_time:63655ms step_avg:60.97ms
step:1045/1285 train_time:63732ms step_avg:60.99ms
step:1046/1285 train_time:63822ms step_avg:61.02ms
step:1047/1285 train_time:63900ms step_avg:61.03ms
step:1048/1285 train_time:63991ms step_avg:61.06ms
step:1049/1285 train_time:64066ms step_avg:61.07ms
step:1050/1285 train_time:64158ms step_avg:61.10ms
step:1051/1285 train_time:64236ms step_avg:61.12ms
step:1052/1285 train_time:64327ms step_avg:61.15ms
step:1053/1285 train_time:64404ms step_avg:61.16ms
step:1054/1285 train_time:64494ms step_avg:61.19ms
step:1055/1285 train_time:64571ms step_avg:61.20ms
step:1056/1285 train_time:64661ms step_avg:61.23ms
step:1057/1285 train_time:64737ms step_avg:61.25ms
step:1058/1285 train_time:64827ms step_avg:61.27ms
step:1059/1285 train_time:64904ms step_avg:61.29ms
step:1060/1285 train_time:64995ms step_avg:61.32ms
step:1061/1285 train_time:65071ms step_avg:61.33ms
step:1062/1285 train_time:65163ms step_avg:61.36ms
step:1063/1285 train_time:65240ms step_avg:61.37ms
step:1064/1285 train_time:65329ms step_avg:61.40ms
step:1065/1285 train_time:65407ms step_avg:61.41ms
step:1066/1285 train_time:65498ms step_avg:61.44ms
step:1067/1285 train_time:65575ms step_avg:61.46ms
step:1068/1285 train_time:65664ms step_avg:61.48ms
step:1069/1285 train_time:65740ms step_avg:61.50ms
step:1070/1285 train_time:65829ms step_avg:61.52ms
step:1071/1285 train_time:65906ms step_avg:61.54ms
step:1072/1285 train_time:65996ms step_avg:61.56ms
step:1073/1285 train_time:66073ms step_avg:61.58ms
step:1074/1285 train_time:66164ms step_avg:61.61ms
step:1075/1285 train_time:66242ms step_avg:61.62ms
step:1076/1285 train_time:66330ms step_avg:61.65ms
step:1077/1285 train_time:66408ms step_avg:61.66ms
step:1078/1285 train_time:66500ms step_avg:61.69ms
step:1079/1285 train_time:66577ms step_avg:61.70ms
step:1080/1285 train_time:66668ms step_avg:61.73ms
step:1081/1285 train_time:66744ms step_avg:61.74ms
step:1082/1285 train_time:66832ms step_avg:61.77ms
step:1083/1285 train_time:66909ms step_avg:61.78ms
step:1084/1285 train_time:66999ms step_avg:61.81ms
step:1085/1285 train_time:67078ms step_avg:61.82ms
step:1086/1285 train_time:67168ms step_avg:61.85ms
step:1087/1285 train_time:67243ms step_avg:61.86ms
step:1088/1285 train_time:67333ms step_avg:61.89ms
step:1089/1285 train_time:67410ms step_avg:61.90ms
step:1090/1285 train_time:67502ms step_avg:61.93ms
step:1091/1285 train_time:67579ms step_avg:61.94ms
step:1092/1285 train_time:67670ms step_avg:61.97ms
step:1093/1285 train_time:67746ms step_avg:61.98ms
step:1094/1285 train_time:67834ms step_avg:62.01ms
step:1095/1285 train_time:67912ms step_avg:62.02ms
step:1096/1285 train_time:68004ms step_avg:62.05ms
step:1097/1285 train_time:68080ms step_avg:62.06ms
step:1098/1285 train_time:68169ms step_avg:62.08ms
step:1099/1285 train_time:68246ms step_avg:62.10ms
step:1100/1285 train_time:68334ms step_avg:62.12ms
step:1101/1285 train_time:68413ms step_avg:62.14ms
step:1102/1285 train_time:68504ms step_avg:62.16ms
step:1103/1285 train_time:68580ms step_avg:62.18ms
step:1104/1285 train_time:68670ms step_avg:62.20ms
step:1105/1285 train_time:68746ms step_avg:62.21ms
step:1106/1285 train_time:68835ms step_avg:62.24ms
step:1107/1285 train_time:68913ms step_avg:62.25ms
step:1108/1285 train_time:69005ms step_avg:62.28ms
step:1109/1285 train_time:69081ms step_avg:62.29ms
step:1110/1285 train_time:69172ms step_avg:62.32ms
step:1111/1285 train_time:69247ms step_avg:62.33ms
step:1112/1285 train_time:69338ms step_avg:62.35ms
step:1113/1285 train_time:69416ms step_avg:62.37ms
step:1114/1285 train_time:69508ms step_avg:62.40ms
step:1115/1285 train_time:69582ms step_avg:62.41ms
step:1116/1285 train_time:69674ms step_avg:62.43ms
step:1117/1285 train_time:69749ms step_avg:62.44ms
step:1118/1285 train_time:69838ms step_avg:62.47ms
step:1119/1285 train_time:69917ms step_avg:62.48ms
step:1120/1285 train_time:70008ms step_avg:62.51ms
step:1121/1285 train_time:70083ms step_avg:62.52ms
step:1122/1285 train_time:70174ms step_avg:62.54ms
step:1123/1285 train_time:70250ms step_avg:62.56ms
step:1124/1285 train_time:70340ms step_avg:62.58ms
step:1125/1285 train_time:70418ms step_avg:62.59ms
step:1126/1285 train_time:70511ms step_avg:62.62ms
step:1127/1285 train_time:70586ms step_avg:62.63ms
step:1128/1285 train_time:70675ms step_avg:62.66ms
step:1129/1285 train_time:70750ms step_avg:62.67ms
step:1130/1285 train_time:70841ms step_avg:62.69ms
step:1131/1285 train_time:70919ms step_avg:62.70ms
step:1132/1285 train_time:71009ms step_avg:62.73ms
step:1133/1285 train_time:71085ms step_avg:62.74ms
step:1134/1285 train_time:71174ms step_avg:62.76ms
step:1135/1285 train_time:71251ms step_avg:62.78ms
step:1136/1285 train_time:71341ms step_avg:62.80ms
step:1137/1285 train_time:71419ms step_avg:62.81ms
step:1138/1285 train_time:71511ms step_avg:62.84ms
step:1139/1285 train_time:71586ms step_avg:62.85ms
step:1140/1285 train_time:71675ms step_avg:62.87ms
step:1141/1285 train_time:71752ms step_avg:62.89ms
step:1142/1285 train_time:71841ms step_avg:62.91ms
step:1143/1285 train_time:71919ms step_avg:62.92ms
step:1144/1285 train_time:72010ms step_avg:62.95ms
step:1145/1285 train_time:72086ms step_avg:62.96ms
step:1146/1285 train_time:72176ms step_avg:62.98ms
step:1147/1285 train_time:72251ms step_avg:62.99ms
step:1148/1285 train_time:72342ms step_avg:63.02ms
step:1149/1285 train_time:72420ms step_avg:63.03ms
step:1150/1285 train_time:72510ms step_avg:63.05ms
step:1151/1285 train_time:72586ms step_avg:63.06ms
step:1152/1285 train_time:72675ms step_avg:63.09ms
step:1153/1285 train_time:72751ms step_avg:63.10ms
step:1154/1285 train_time:72842ms step_avg:63.12ms
step:1155/1285 train_time:72924ms step_avg:63.14ms
step:1156/1285 train_time:73010ms step_avg:63.16ms
step:1157/1285 train_time:73087ms step_avg:63.17ms
step:1158/1285 train_time:73176ms step_avg:63.19ms
step:1159/1285 train_time:73252ms step_avg:63.20ms
step:1160/1285 train_time:73342ms step_avg:63.23ms
step:1161/1285 train_time:73419ms step_avg:63.24ms
step:1162/1285 train_time:73511ms step_avg:63.26ms
step:1163/1285 train_time:73586ms step_avg:63.27ms
step:1164/1285 train_time:73674ms step_avg:63.29ms
step:1165/1285 train_time:73751ms step_avg:63.31ms
step:1166/1285 train_time:73842ms step_avg:63.33ms
step:1167/1285 train_time:73921ms step_avg:63.34ms
step:1168/1285 train_time:74010ms step_avg:63.36ms
step:1169/1285 train_time:74086ms step_avg:63.38ms
step:1170/1285 train_time:74178ms step_avg:63.40ms
step:1171/1285 train_time:74255ms step_avg:63.41ms
step:1172/1285 train_time:74344ms step_avg:63.43ms
step:1173/1285 train_time:74421ms step_avg:63.45ms
step:1174/1285 train_time:74510ms step_avg:63.47ms
step:1175/1285 train_time:74588ms step_avg:63.48ms
step:1176/1285 train_time:74677ms step_avg:63.50ms
step:1177/1285 train_time:74755ms step_avg:63.51ms
step:1178/1285 train_time:74844ms step_avg:63.53ms
step:1179/1285 train_time:74920ms step_avg:63.55ms
step:1180/1285 train_time:75011ms step_avg:63.57ms
step:1181/1285 train_time:75087ms step_avg:63.58ms
step:1182/1285 train_time:75178ms step_avg:63.60ms
step:1183/1285 train_time:75255ms step_avg:63.61ms
step:1184/1285 train_time:75344ms step_avg:63.64ms
step:1185/1285 train_time:75421ms step_avg:63.65ms
step:1186/1285 train_time:75511ms step_avg:63.67ms
step:1187/1285 train_time:75586ms step_avg:63.68ms
step:1188/1285 train_time:75676ms step_avg:63.70ms
step:1189/1285 train_time:75753ms step_avg:63.71ms
step:1190/1285 train_time:75845ms step_avg:63.73ms
step:1191/1285 train_time:75919ms step_avg:63.74ms
step:1192/1285 train_time:76010ms step_avg:63.77ms
step:1193/1285 train_time:76086ms step_avg:63.78ms
step:1194/1285 train_time:76175ms step_avg:63.80ms
step:1195/1285 train_time:76253ms step_avg:63.81ms
step:1196/1285 train_time:76345ms step_avg:63.83ms
step:1197/1285 train_time:76421ms step_avg:63.84ms
step:1198/1285 train_time:76510ms step_avg:63.87ms
step:1199/1285 train_time:76587ms step_avg:63.88ms
step:1200/1285 train_time:76676ms step_avg:63.90ms
step:1201/1285 train_time:76753ms step_avg:63.91ms
step:1202/1285 train_time:76843ms step_avg:63.93ms
step:1203/1285 train_time:76922ms step_avg:63.94ms
step:1204/1285 train_time:77011ms step_avg:63.96ms
step:1205/1285 train_time:77086ms step_avg:63.97ms
step:1206/1285 train_time:77176ms step_avg:63.99ms
step:1207/1285 train_time:77253ms step_avg:64.00ms
step:1208/1285 train_time:77343ms step_avg:64.03ms
step:1209/1285 train_time:77420ms step_avg:64.04ms
step:1210/1285 train_time:77511ms step_avg:64.06ms
step:1211/1285 train_time:77586ms step_avg:64.07ms
step:1212/1285 train_time:77726ms step_avg:64.13ms
step:1213/1285 train_time:78220ms step_avg:64.48ms
step:1214/1285 train_time:78346ms step_avg:64.54ms
step:1215/1285 train_time:78413ms step_avg:64.54ms
step:1216/1285 train_time:78527ms step_avg:64.58ms
step:1217/1285 train_time:78610ms step_avg:64.59ms
step:1218/1285 train_time:78678ms step_avg:64.60ms
step:1219/1285 train_time:78745ms step_avg:64.60ms
step:1220/1285 train_time:78812ms step_avg:64.60ms
step:1221/1285 train_time:78886ms step_avg:64.61ms
step:1222/1285 train_time:78975ms step_avg:64.63ms
step:1223/1285 train_time:79050ms step_avg:64.64ms
step:1224/1285 train_time:79138ms step_avg:64.66ms
step:1225/1285 train_time:79214ms step_avg:64.66ms
step:1226/1285 train_time:79304ms step_avg:64.68ms
step:1227/1285 train_time:79380ms step_avg:64.69ms
step:1228/1285 train_time:79469ms step_avg:64.71ms
step:1229/1285 train_time:79546ms step_avg:64.72ms
step:1230/1285 train_time:79640ms step_avg:64.75ms
step:1231/1285 train_time:79719ms step_avg:64.76ms
step:1232/1285 train_time:79809ms step_avg:64.78ms
step:1233/1285 train_time:79884ms step_avg:64.79ms
step:1234/1285 train_time:79973ms step_avg:64.81ms
step:1235/1285 train_time:80047ms step_avg:64.82ms
step:1236/1285 train_time:80138ms step_avg:64.84ms
step:1237/1285 train_time:80212ms step_avg:64.84ms
step:1238/1285 train_time:80362ms step_avg:64.91ms
step:1239/1285 train_time:80431ms step_avg:64.92ms
step:1240/1285 train_time:80507ms step_avg:64.92ms
step:1241/1285 train_time:80634ms step_avg:64.97ms
step:1242/1285 train_time:80743ms step_avg:65.01ms
step:1243/1285 train_time:80837ms step_avg:65.03ms
step:1244/1285 train_time:80927ms step_avg:65.05ms
step:1245/1285 train_time:81024ms step_avg:65.08ms
step:1246/1285 train_time:81111ms step_avg:65.10ms
step:1247/1285 train_time:81180ms step_avg:65.10ms
step:1248/1285 train_time:81236ms step_avg:65.09ms
step:1249/1285 train_time:81311ms step_avg:65.10ms
step:1250/1285 train_time:81401ms step_avg:65.12ms
step:1250/1285 val_loss:3.29418755 train_time:81487ms step_avg:65.19ms
step:1251/1285 train_time:81544ms step_avg:65.18ms
step:1252/1285 train_time:81611ms step_avg:65.18ms
step:1253/1285 train_time:81666ms step_avg:65.18ms
step:1254/1285 train_time:81746ms step_avg:65.19ms
step:1255/1285 train_time:81820ms step_avg:65.20ms
step:1256/1285 train_time:81912ms step_avg:65.22ms
step:1257/1285 train_time:81988ms step_avg:65.23ms
step:1258/1285 train_time:82076ms step_avg:65.24ms
step:1259/1285 train_time:82153ms step_avg:65.25ms
step:1260/1285 train_time:82243ms step_avg:65.27ms
step:1261/1285 train_time:82318ms step_avg:65.28ms
step:1262/1285 train_time:82405ms step_avg:65.30ms
step:1263/1285 train_time:82487ms step_avg:65.31ms
step:1264/1285 train_time:82580ms step_avg:65.33ms
step:1265/1285 train_time:82660ms step_avg:65.34ms
step:1266/1285 train_time:82749ms step_avg:65.36ms
step:1267/1285 train_time:82824ms step_avg:65.37ms
step:1268/1285 train_time:82914ms step_avg:65.39ms
step:1269/1285 train_time:82991ms step_avg:65.40ms
step:1270/1285 train_time:83081ms step_avg:65.42ms
step:1271/1285 train_time:83158ms step_avg:65.43ms
step:1272/1285 train_time:83251ms step_avg:65.45ms
step:1273/1285 train_time:83325ms step_avg:65.46ms
step:1274/1285 train_time:83417ms step_avg:65.48ms
step:1275/1285 train_time:83497ms step_avg:65.49ms
step:1276/1285 train_time:83588ms step_avg:65.51ms
step:1277/1285 train_time:83666ms step_avg:65.52ms
step:1278/1285 train_time:83756ms step_avg:65.54ms
step:1279/1285 train_time:83833ms step_avg:65.55ms
step:1280/1285 train_time:83923ms step_avg:65.56ms
step:1281/1285 train_time:83998ms step_avg:65.57ms
step:1282/1285 train_time:84088ms step_avg:65.59ms
step:1283/1285 train_time:84163ms step_avg:65.60ms
step:1284/1285 train_time:84253ms step_avg:65.62ms
step:1285/1285 train_time:84330ms step_avg:65.63ms
step:1285/1285 val_loss:3.27842617 train_time:84421ms step_avg:65.70ms
peak memory allocated: 32129 MiB reserved: 39272 MiB
