HARNESS_TRAINING_ENV={"OMP_NUM_THREADS": "1", "MKL_NUM_THREADS": "1", "torch_num_threads": 1, "torch_num_interop_threads": 43}
[Gloo] Rank 0 is connected to 7 peer ranks. Expected number of connected peer ranks is : 7
[Gloo] Rank 5 is connected to 7 peer ranks. Expected number of connected peer ranks is : 7
[Gloo] Rank 1 is connected to 7 peer ranks. Expected number of connected peer ranks is : 7
[Gloo] Rank 2 is connected to 7 peer ranks. Expected number of connected peer ranks is : 7
[Gloo] Rank 3 is connected to 7 peer ranks. Expected number of connected peer ranks is : 7
[Gloo] Rank 4 is connected to 7 peer ranks. Expected number of connected peer ranks is : 7
[Gloo] Rank 7 is connected to [Gloo] Rank 67 is connected to  peer ranks. 7Expected number of connected peer ranks is :  peer ranks. 7Expected number of connected peer ranks is : 
7
/workspace/train_gpt.py:1069: UserWarning: Skipping publisher trust check for 'kernels-community/flash-attn3' because Hugging Face Hub is in offline mode.
  flash_attn_interface = get_kernel('kernels-community/flash-attn3', version=1).flash_attn_interface
/workspace/train_gpt.py:1069: UserWarning: Skipping publisher trust check for 'kernels-community/flash-attn3' because Hugging Face Hub is in offline mode.
  flash_attn_interface = get_kernel('kernels-community/flash-attn3', version=1).flash_attn_interface
/workspace/train_gpt.py:1069: UserWarning: Skipping publisher trust check for 'kernels-community/flash-attn3' because Hugging Face Hub is in offline mode.
  flash_attn_interface = get_kernel('kernels-community/flash-attn3', version=1).flash_attn_interface
/workspace/train_gpt.py:1069: UserWarning: Skipping publisher trust check for 'kernels-community/flash-attn3' because Hugging Face Hub is in offline mode.
  flash_attn_interface = get_kernel('kernels-community/flash-attn3', version=1).flash_attn_interface
/workspace/train_gpt.py:1069: UserWarning: Skipping publisher trust check for 'kernels-community/flash-attn3' because Hugging Face Hub is in offline mode.
  flash_attn_interface = get_kernel('kernels-community/flash-attn3', version=1).flash_attn_interface
/workspace/train_gpt.py:1069: UserWarning: Skipping publisher trust check for 'kernels-community/flash-attn3' because Hugging Face Hub is in offline mode.
  flash_attn_interface = get_kernel('kernels-community/flash-attn3', version=1).flash_attn_interface
/workspace/train_gpt.py:1069: UserWarning: Skipping publisher trust check for 'kernels-community/flash-attn3' because Hugging Face Hub is in offline mode.
  flash_attn_interface = get_kernel('kernels-community/flash-attn3', version=1).flash_attn_interface
/workspace/train_gpt.py:1069: UserWarning: Skipping publisher trust check for 'kernels-community/flash-attn3' because Hugging Face Hub is in offline mode.
  flash_attn_interface = get_kernel('kernels-community/flash-attn3', version=1).flash_attn_interface
logs/c1d9ccb5-f7fa-4fa8-b77d-e343437120ed.txt
Compiling model and warming up kernels (~7 minutes on first execution)
Sampling steps [0, 1, 421, 422, 423, 424, 845, 846, 847, 848, 1268, 1269, 1270, 1271] for warmup
Resetting Model
step:0/1285 val_loss:10.83183098 train_time:84ms step_avg:84.11ms
step:1/1285 train_time:371ms step_avg:371.22ms
step:2/1285 train_time:434ms step_avg:216.93ms
step:3/1285 train_time:484ms step_avg:161.49ms
step:4/1285 train_time:546ms step_avg:136.51ms
step:5/1285 train_time:616ms step_avg:123.20ms
step:6/1285 train_time:677ms step_avg:112.86ms
step:7/1285 train_time:736ms step_avg:105.12ms
step:8/1285 train_time:795ms step_avg:99.39ms
step:9/1285 train_time:849ms step_avg:94.35ms
step:10/1285 train_time:905ms step_avg:90.55ms
step:11/1285 train_time:959ms step_avg:87.15ms
step:12/1285 train_time:1017ms step_avg:84.72ms
step:13/1285 train_time:1068ms step_avg:82.13ms
step:14/1285 train_time:1127ms step_avg:80.51ms
step:15/1285 train_time:1178ms step_avg:78.52ms
step:16/1285 train_time:1237ms step_avg:77.29ms
step:17/1285 train_time:1286ms step_avg:75.66ms
step:18/1285 train_time:1346ms step_avg:74.80ms
step:19/1285 train_time:1400ms step_avg:73.70ms
step:20/1285 train_time:1460ms step_avg:73.02ms
step:21/1285 train_time:1511ms step_avg:71.95ms
step:22/1285 train_time:1568ms step_avg:71.26ms
step:23/1285 train_time:1617ms step_avg:70.32ms
step:24/1285 train_time:1677ms step_avg:69.88ms
step:25/1285 train_time:1727ms step_avg:69.10ms
step:26/1285 train_time:1784ms step_avg:68.60ms
step:27/1285 train_time:1837ms step_avg:68.05ms
step:28/1285 train_time:1894ms step_avg:67.65ms
step:29/1285 train_time:1945ms step_avg:67.06ms
step:30/1285 train_time:2001ms step_avg:66.70ms
step:31/1285 train_time:2053ms step_avg:66.24ms
step:32/1285 train_time:2111ms step_avg:65.98ms
step:33/1285 train_time:2160ms step_avg:65.47ms
step:34/1285 train_time:2218ms step_avg:65.23ms
step:35/1285 train_time:2268ms step_avg:64.81ms
step:36/1285 train_time:2325ms step_avg:64.59ms
step:37/1285 train_time:2375ms step_avg:64.20ms
step:38/1285 train_time:2433ms step_avg:64.02ms
step:39/1285 train_time:2483ms step_avg:63.66ms
step:40/1285 train_time:2542ms step_avg:63.54ms
step:41/1285 train_time:2591ms step_avg:63.20ms
step:42/1285 train_time:2649ms step_avg:63.07ms
step:43/1285 train_time:2701ms step_avg:62.81ms
step:44/1285 train_time:2758ms step_avg:62.67ms
step:45/1285 train_time:2808ms step_avg:62.39ms
step:46/1285 train_time:2865ms step_avg:62.27ms
step:47/1285 train_time:2920ms step_avg:62.13ms
step:48/1285 train_time:2977ms step_avg:62.03ms
step:49/1285 train_time:3029ms step_avg:61.81ms
step:50/1285 train_time:3089ms step_avg:61.78ms
step:51/1285 train_time:3140ms step_avg:61.57ms
step:52/1285 train_time:3198ms step_avg:61.51ms
step:53/1285 train_time:3248ms step_avg:61.29ms
step:54/1285 train_time:3307ms step_avg:61.24ms
step:55/1285 train_time:3358ms step_avg:61.05ms
step:56/1285 train_time:3417ms step_avg:61.01ms
step:57/1285 train_time:3471ms step_avg:60.89ms
step:58/1285 train_time:3530ms step_avg:60.86ms
step:59/1285 train_time:3578ms step_avg:60.65ms
step:60/1285 train_time:3633ms step_avg:60.54ms
step:61/1285 train_time:3687ms step_avg:60.45ms
step:62/1285 train_time:3747ms step_avg:60.43ms
step:63/1285 train_time:3799ms step_avg:60.31ms
step:64/1285 train_time:3859ms step_avg:60.30ms
step:65/1285 train_time:3910ms step_avg:60.16ms
step:66/1285 train_time:3966ms step_avg:60.09ms
step:67/1285 train_time:4017ms step_avg:59.96ms
step:68/1285 train_time:4077ms step_avg:59.96ms
step:69/1285 train_time:4129ms step_avg:59.84ms
step:70/1285 train_time:4186ms step_avg:59.80ms
step:71/1285 train_time:4237ms step_avg:59.68ms
step:72/1285 train_time:4293ms step_avg:59.63ms
step:73/1285 train_time:4344ms step_avg:59.51ms
step:74/1285 train_time:4403ms step_avg:59.50ms
step:75/1285 train_time:4454ms step_avg:59.39ms
step:76/1285 train_time:4512ms step_avg:59.37ms
step:77/1285 train_time:4562ms step_avg:59.25ms
step:78/1285 train_time:4616ms step_avg:59.18ms
step:79/1285 train_time:4668ms step_avg:59.09ms
step:80/1285 train_time:4724ms step_avg:59.05ms
step:81/1285 train_time:4774ms step_avg:58.94ms
step:82/1285 train_time:4831ms step_avg:58.91ms
step:83/1285 train_time:4886ms step_avg:58.87ms
step:84/1285 train_time:4946ms step_avg:58.88ms
step:85/1285 train_time:4995ms step_avg:58.77ms
step:86/1285 train_time:5058ms step_avg:58.81ms
step:87/1285 train_time:5109ms step_avg:58.73ms
step:88/1285 train_time:5168ms step_avg:58.73ms
step:89/1285 train_time:5219ms step_avg:58.65ms
step:90/1285 train_time:5278ms step_avg:58.64ms
step:91/1285 train_time:5328ms step_avg:58.55ms
step:92/1285 train_time:5383ms step_avg:58.51ms
step:93/1285 train_time:5432ms step_avg:58.41ms
step:94/1285 train_time:5490ms step_avg:58.40ms
step:95/1285 train_time:5541ms step_avg:58.33ms
step:96/1285 train_time:5599ms step_avg:58.32ms
step:97/1285 train_time:5652ms step_avg:58.27ms
step:98/1285 train_time:5712ms step_avg:58.29ms
step:99/1285 train_time:5762ms step_avg:58.20ms
step:100/1285 train_time:5821ms step_avg:58.21ms
step:101/1285 train_time:5873ms step_avg:58.15ms
step:102/1285 train_time:5929ms step_avg:58.13ms
step:103/1285 train_time:5980ms step_avg:58.05ms
step:104/1285 train_time:6035ms step_avg:58.02ms
step:105/1285 train_time:6086ms step_avg:57.96ms
step:106/1285 train_time:6144ms step_avg:57.96ms
step:107/1285 train_time:6195ms step_avg:57.90ms
step:108/1285 train_time:6255ms step_avg:57.92ms
step:109/1285 train_time:6308ms step_avg:57.87ms
step:110/1285 train_time:6366ms step_avg:57.87ms
step:111/1285 train_time:6417ms step_avg:57.81ms
step:112/1285 train_time:6476ms step_avg:57.82ms
step:113/1285 train_time:6525ms step_avg:57.74ms
step:114/1285 train_time:6583ms step_avg:57.74ms
step:115/1285 train_time:6633ms step_avg:57.67ms
step:116/1285 train_time:6689ms step_avg:57.67ms
step:117/1285 train_time:6741ms step_avg:57.61ms
step:118/1285 train_time:6799ms step_avg:57.62ms
step:119/1285 train_time:6850ms step_avg:57.56ms
step:120/1285 train_time:6905ms step_avg:57.54ms
step:121/1285 train_time:6958ms step_avg:57.50ms
step:122/1285 train_time:7015ms step_avg:57.50ms
step:123/1285 train_time:7068ms step_avg:57.46ms
step:124/1285 train_time:7127ms step_avg:57.48ms
step:125/1285 train_time:7177ms step_avg:57.41ms
step:126/1285 train_time:7235ms step_avg:57.42ms
step:127/1285 train_time:7288ms step_avg:57.39ms
step:128/1285 train_time:7347ms step_avg:57.40ms
step:129/1285 train_time:7399ms step_avg:57.36ms
step:130/1285 train_time:7463ms step_avg:57.40ms
step:131/1285 train_time:7514ms step_avg:57.36ms
step:132/1285 train_time:7570ms step_avg:57.35ms
step:133/1285 train_time:7620ms step_avg:57.30ms
step:134/1285 train_time:7677ms step_avg:57.29ms
step:135/1285 train_time:7729ms step_avg:57.25ms
step:136/1285 train_time:7785ms step_avg:57.25ms
step:137/1285 train_time:7837ms step_avg:57.20ms
step:138/1285 train_time:7894ms step_avg:57.20ms
step:139/1285 train_time:7943ms step_avg:57.14ms
step:140/1285 train_time:7999ms step_avg:57.14ms
step:141/1285 train_time:8049ms step_avg:57.08ms
step:142/1285 train_time:8106ms step_avg:57.08ms
step:143/1285 train_time:8157ms step_avg:57.04ms
step:144/1285 train_time:8215ms step_avg:57.05ms
step:145/1285 train_time:8267ms step_avg:57.01ms
step:146/1285 train_time:8324ms step_avg:57.01ms
step:147/1285 train_time:8376ms step_avg:56.98ms
step:148/1285 train_time:8433ms step_avg:56.98ms
step:149/1285 train_time:8485ms step_avg:56.95ms
step:150/1285 train_time:8541ms step_avg:56.94ms
step:151/1285 train_time:8594ms step_avg:56.91ms
step:152/1285 train_time:8651ms step_avg:56.92ms
step:153/1285 train_time:8704ms step_avg:56.89ms
step:154/1285 train_time:8762ms step_avg:56.90ms
step:155/1285 train_time:8810ms step_avg:56.84ms
step:156/1285 train_time:8866ms step_avg:56.83ms
step:157/1285 train_time:8916ms step_avg:56.79ms
step:158/1285 train_time:8972ms step_avg:56.79ms
step:159/1285 train_time:9026ms step_avg:56.77ms
step:160/1285 train_time:9083ms step_avg:56.77ms
step:161/1285 train_time:9135ms step_avg:56.74ms
step:162/1285 train_time:9190ms step_avg:56.73ms
step:163/1285 train_time:9240ms step_avg:56.69ms
step:164/1285 train_time:9299ms step_avg:56.70ms
step:165/1285 train_time:9347ms step_avg:56.65ms
step:166/1285 train_time:9403ms step_avg:56.64ms
step:167/1285 train_time:9454ms step_avg:56.61ms
step:168/1285 train_time:9511ms step_avg:56.61ms
step:169/1285 train_time:9559ms step_avg:56.56ms
step:170/1285 train_time:9617ms step_avg:56.57ms
step:171/1285 train_time:9666ms step_avg:56.53ms
step:172/1285 train_time:9723ms step_avg:56.53ms
step:173/1285 train_time:9773ms step_avg:56.49ms
step:174/1285 train_time:9829ms step_avg:56.49ms
step:175/1285 train_time:9881ms step_avg:56.46ms
step:176/1285 train_time:9937ms step_avg:56.46ms
step:177/1285 train_time:9988ms step_avg:56.43ms
step:178/1285 train_time:10045ms step_avg:56.43ms
step:179/1285 train_time:10095ms step_avg:56.40ms
step:180/1285 train_time:10153ms step_avg:56.41ms
step:181/1285 train_time:10199ms step_avg:56.35ms
step:182/1285 train_time:10256ms step_avg:56.35ms
step:183/1285 train_time:10305ms step_avg:56.31ms
step:184/1285 train_time:10360ms step_avg:56.30ms
step:185/1285 train_time:10412ms step_avg:56.28ms
step:186/1285 train_time:10470ms step_avg:56.29ms
step:187/1285 train_time:10519ms step_avg:56.25ms
step:188/1285 train_time:10575ms step_avg:56.25ms
step:189/1285 train_time:10627ms step_avg:56.23ms
step:190/1285 train_time:10682ms step_avg:56.22ms
step:191/1285 train_time:10732ms step_avg:56.19ms
step:192/1285 train_time:10786ms step_avg:56.18ms
step:193/1285 train_time:10836ms step_avg:56.15ms
step:194/1285 train_time:10893ms step_avg:56.15ms
step:195/1285 train_time:10941ms step_avg:56.11ms
step:196/1285 train_time:10998ms step_avg:56.11ms
step:197/1285 train_time:11048ms step_avg:56.08ms
step:198/1285 train_time:11106ms step_avg:56.09ms
step:199/1285 train_time:11156ms step_avg:56.06ms
step:200/1285 train_time:11212ms step_avg:56.06ms
step:201/1285 train_time:11263ms step_avg:56.03ms
step:202/1285 train_time:11322ms step_avg:56.05ms
step:203/1285 train_time:11370ms step_avg:56.01ms
step:204/1285 train_time:11428ms step_avg:56.02ms
step:205/1285 train_time:11476ms step_avg:55.98ms
step:206/1285 train_time:11533ms step_avg:55.99ms
step:207/1285 train_time:11583ms step_avg:55.96ms
step:208/1285 train_time:11641ms step_avg:55.97ms
step:209/1285 train_time:11691ms step_avg:55.94ms
step:210/1285 train_time:11751ms step_avg:55.96ms
step:211/1285 train_time:11800ms step_avg:55.92ms
step:212/1285 train_time:11859ms step_avg:55.94ms
step:213/1285 train_time:11909ms step_avg:55.91ms
step:214/1285 train_time:11964ms step_avg:55.91ms
step:215/1285 train_time:12014ms step_avg:55.88ms
step:216/1285 train_time:12070ms step_avg:55.88ms
step:217/1285 train_time:12122ms step_avg:55.86ms
step:218/1285 train_time:12177ms step_avg:55.86ms
step:219/1285 train_time:12225ms step_avg:55.82ms
step:220/1285 train_time:12280ms step_avg:55.82ms
step:221/1285 train_time:12332ms step_avg:55.80ms
step:222/1285 train_time:12390ms step_avg:55.81ms
step:223/1285 train_time:12440ms step_avg:55.78ms
step:224/1285 train_time:12499ms step_avg:55.80ms
step:225/1285 train_time:12550ms step_avg:55.78ms
step:226/1285 train_time:12607ms step_avg:55.79ms
step:227/1285 train_time:12660ms step_avg:55.77ms
step:228/1285 train_time:12716ms step_avg:55.77ms
step:229/1285 train_time:12765ms step_avg:55.74ms
step:230/1285 train_time:12823ms step_avg:55.75ms
step:231/1285 train_time:12873ms step_avg:55.73ms
step:232/1285 train_time:12929ms step_avg:55.73ms
step:233/1285 train_time:12979ms step_avg:55.71ms
step:234/1285 train_time:13038ms step_avg:55.72ms
step:235/1285 train_time:13088ms step_avg:55.69ms
step:236/1285 train_time:13145ms step_avg:55.70ms
step:237/1285 train_time:13194ms step_avg:55.67ms
step:238/1285 train_time:13253ms step_avg:55.69ms
step:239/1285 train_time:13305ms step_avg:55.67ms
step:240/1285 train_time:13362ms step_avg:55.68ms
step:241/1285 train_time:13413ms step_avg:55.66ms
step:242/1285 train_time:13469ms step_avg:55.66ms
step:243/1285 train_time:13521ms step_avg:55.64ms
step:244/1285 train_time:13578ms step_avg:55.65ms
step:245/1285 train_time:13627ms step_avg:55.62ms
step:246/1285 train_time:13683ms step_avg:55.62ms
step:247/1285 train_time:13734ms step_avg:55.60ms
step:248/1285 train_time:13791ms step_avg:55.61ms
step:249/1285 train_time:13839ms step_avg:55.58ms
step:250/1285 train_time:13898ms step_avg:55.59ms
step:250/1285 val_loss:4.48064518 train_time:13899ms step_avg:55.60ms
step:251/1285 train_time:13953ms step_avg:55.59ms
step:252/1285 train_time:14013ms step_avg:55.61ms
step:253/1285 train_time:14063ms step_avg:55.58ms
step:254/1285 train_time:14119ms step_avg:55.59ms
step:255/1285 train_time:14171ms step_avg:55.57ms
step:256/1285 train_time:14232ms step_avg:55.59ms
step:257/1285 train_time:14284ms step_avg:55.58ms
step:258/1285 train_time:14341ms step_avg:55.59ms
step:259/1285 train_time:14393ms step_avg:55.57ms
step:260/1285 train_time:14453ms step_avg:55.59ms
step:261/1285 train_time:14503ms step_avg:55.57ms
step:262/1285 train_time:14561ms step_avg:55.58ms
step:263/1285 train_time:14612ms step_avg:55.56ms
step:264/1285 train_time:14670ms step_avg:55.57ms
step:265/1285 train_time:14719ms step_avg:55.54ms
step:266/1285 train_time:14777ms step_avg:55.55ms
step:267/1285 train_time:14828ms step_avg:55.54ms
step:268/1285 train_time:14885ms step_avg:55.54ms
step:269/1285 train_time:14933ms step_avg:55.51ms
step:270/1285 train_time:14993ms step_avg:55.53ms
step:271/1285 train_time:15042ms step_avg:55.51ms
step:272/1285 train_time:15101ms step_avg:55.52ms
step:273/1285 train_time:15150ms step_avg:55.49ms
step:274/1285 train_time:15208ms step_avg:55.50ms
step:275/1285 train_time:15258ms step_avg:55.48ms
step:276/1285 train_time:15315ms step_avg:55.49ms
step:277/1285 train_time:15366ms step_avg:55.47ms
step:278/1285 train_time:15425ms step_avg:55.48ms
step:279/1285 train_time:15475ms step_avg:55.47ms
step:280/1285 train_time:15534ms step_avg:55.48ms
step:281/1285 train_time:15585ms step_avg:55.46ms
step:282/1285 train_time:15646ms step_avg:55.48ms
step:283/1285 train_time:15697ms step_avg:55.47ms
step:284/1285 train_time:15752ms step_avg:55.46ms
step:285/1285 train_time:15801ms step_avg:55.44ms
step:286/1285 train_time:15857ms step_avg:55.44ms
step:287/1285 train_time:15909ms step_avg:55.43ms
step:288/1285 train_time:15967ms step_avg:55.44ms
step:289/1285 train_time:16017ms step_avg:55.42ms
step:290/1285 train_time:16077ms step_avg:55.44ms
step:291/1285 train_time:16125ms step_avg:55.41ms
step:292/1285 train_time:16185ms step_avg:55.43ms
step:293/1285 train_time:16234ms step_avg:55.41ms
step:294/1285 train_time:16290ms step_avg:55.41ms
step:295/1285 train_time:16340ms step_avg:55.39ms
step:296/1285 train_time:16402ms step_avg:55.41ms
step:297/1285 train_time:16452ms step_avg:55.39ms
step:298/1285 train_time:16508ms step_avg:55.40ms
step:299/1285 train_time:16560ms step_avg:55.38ms
step:300/1285 train_time:16617ms step_avg:55.39ms
step:301/1285 train_time:16665ms step_avg:55.37ms
step:302/1285 train_time:16721ms step_avg:55.37ms
step:303/1285 train_time:16771ms step_avg:55.35ms
step:304/1285 train_time:16827ms step_avg:55.35ms
step:305/1285 train_time:16878ms step_avg:55.34ms
step:306/1285 train_time:16934ms step_avg:55.34ms
step:307/1285 train_time:16983ms step_avg:55.32ms
step:308/1285 train_time:17040ms step_avg:55.33ms
step:309/1285 train_time:17090ms step_avg:55.31ms
step:310/1285 train_time:17146ms step_avg:55.31ms
step:311/1285 train_time:17196ms step_avg:55.29ms
step:312/1285 train_time:17253ms step_avg:55.30ms
step:313/1285 train_time:17302ms step_avg:55.28ms
step:314/1285 train_time:17357ms step_avg:55.28ms
step:315/1285 train_time:17408ms step_avg:55.26ms
step:316/1285 train_time:17466ms step_avg:55.27ms
step:317/1285 train_time:17515ms step_avg:55.25ms
step:318/1285 train_time:17570ms step_avg:55.25ms
step:319/1285 train_time:17621ms step_avg:55.24ms
step:320/1285 train_time:17677ms step_avg:55.24ms
step:321/1285 train_time:17730ms step_avg:55.23ms
step:322/1285 train_time:17788ms step_avg:55.24ms
step:323/1285 train_time:17837ms step_avg:55.22ms
step:324/1285 train_time:17893ms step_avg:55.23ms
step:325/1285 train_time:17942ms step_avg:55.21ms
step:326/1285 train_time:17999ms step_avg:55.21ms
step:327/1285 train_time:18050ms step_avg:55.20ms
step:328/1285 train_time:18107ms step_avg:55.21ms
step:329/1285 train_time:18156ms step_avg:55.19ms
step:330/1285 train_time:18212ms step_avg:55.19ms
step:331/1285 train_time:18263ms step_avg:55.18ms
step:332/1285 train_time:18319ms step_avg:55.18ms
step:333/1285 train_time:18367ms step_avg:55.16ms
step:334/1285 train_time:18425ms step_avg:55.17ms
step:335/1285 train_time:18475ms step_avg:55.15ms
step:336/1285 train_time:18531ms step_avg:55.15ms
step:337/1285 train_time:18580ms step_avg:55.13ms
step:338/1285 train_time:18637ms step_avg:55.14ms
step:339/1285 train_time:18688ms step_avg:55.13ms
step:340/1285 train_time:18745ms step_avg:55.13ms
step:341/1285 train_time:18794ms step_avg:55.11ms
step:342/1285 train_time:18850ms step_avg:55.12ms
step:343/1285 train_time:18900ms step_avg:55.10ms
step:344/1285 train_time:18958ms step_avg:55.11ms
step:345/1285 train_time:19009ms step_avg:55.10ms
step:346/1285 train_time:19067ms step_avg:55.11ms
step:347/1285 train_time:19117ms step_avg:55.09ms
step:348/1285 train_time:19170ms step_avg:55.09ms
step:349/1285 train_time:19222ms step_avg:55.08ms
step:350/1285 train_time:19278ms step_avg:55.08ms
step:351/1285 train_time:19328ms step_avg:55.06ms
step:352/1285 train_time:19385ms step_avg:55.07ms
step:353/1285 train_time:19436ms step_avg:55.06ms
step:354/1285 train_time:19493ms step_avg:55.07ms
step:355/1285 train_time:19542ms step_avg:55.05ms
step:356/1285 train_time:19599ms step_avg:55.05ms
step:357/1285 train_time:19648ms step_avg:55.04ms
step:358/1285 train_time:19707ms step_avg:55.05ms
step:359/1285 train_time:19758ms step_avg:55.04ms
step:360/1285 train_time:19816ms step_avg:55.04ms
step:361/1285 train_time:19870ms step_avg:55.04ms
step:362/1285 train_time:19927ms step_avg:55.05ms
step:363/1285 train_time:19977ms step_avg:55.03ms
step:364/1285 train_time:20035ms step_avg:55.04ms
step:365/1285 train_time:20086ms step_avg:55.03ms
step:366/1285 train_time:20142ms step_avg:55.03ms
step:367/1285 train_time:20190ms step_avg:55.01ms
step:368/1285 train_time:20245ms step_avg:55.01ms
step:369/1285 train_time:20296ms step_avg:55.00ms
step:370/1285 train_time:20354ms step_avg:55.01ms
step:371/1285 train_time:20407ms step_avg:55.00ms
step:372/1285 train_time:20466ms step_avg:55.01ms
step:373/1285 train_time:20516ms step_avg:55.00ms
step:374/1285 train_time:20576ms step_avg:55.02ms
step:375/1285 train_time:20627ms step_avg:55.01ms
step:376/1285 train_time:20684ms step_avg:55.01ms
step:377/1285 train_time:20735ms step_avg:55.00ms
step:378/1285 train_time:20790ms step_avg:55.00ms
step:379/1285 train_time:20841ms step_avg:54.99ms
step:380/1285 train_time:20900ms step_avg:55.00ms
step:381/1285 train_time:20949ms step_avg:54.99ms
step:382/1285 train_time:21008ms step_avg:55.00ms
step:383/1285 train_time:21059ms step_avg:54.98ms
step:384/1285 train_time:21115ms step_avg:54.99ms
step:385/1285 train_time:21168ms step_avg:54.98ms
step:386/1285 train_time:21229ms step_avg:55.00ms
step:387/1285 train_time:21281ms step_avg:54.99ms
step:388/1285 train_time:21339ms step_avg:55.00ms
step:389/1285 train_time:21390ms step_avg:54.99ms
step:390/1285 train_time:21449ms step_avg:55.00ms
step:391/1285 train_time:21499ms step_avg:54.98ms
step:392/1285 train_time:21557ms step_avg:54.99ms
step:393/1285 train_time:21608ms step_avg:54.98ms
step:394/1285 train_time:21667ms step_avg:54.99ms
step:395/1285 train_time:21716ms step_avg:54.98ms
step:396/1285 train_time:21774ms step_avg:54.98ms
step:397/1285 train_time:21824ms step_avg:54.97ms
step:398/1285 train_time:21883ms step_avg:54.98ms
step:399/1285 train_time:21932ms step_avg:54.97ms
step:400/1285 train_time:21991ms step_avg:54.98ms
step:401/1285 train_time:22043ms step_avg:54.97ms
step:402/1285 train_time:22101ms step_avg:54.98ms
step:403/1285 train_time:22153ms step_avg:54.97ms
step:404/1285 train_time:22214ms step_avg:54.98ms
step:405/1285 train_time:22267ms step_avg:54.98ms
step:406/1285 train_time:22329ms step_avg:55.00ms
step:407/1285 train_time:22379ms step_avg:54.98ms
step:408/1285 train_time:22438ms step_avg:55.00ms
step:409/1285 train_time:22488ms step_avg:54.98ms
step:410/1285 train_time:22546ms step_avg:54.99ms
step:411/1285 train_time:22599ms step_avg:54.98ms
step:412/1285 train_time:22657ms step_avg:54.99ms
step:413/1285 train_time:22708ms step_avg:54.98ms
step:414/1285 train_time:22768ms step_avg:54.99ms
step:415/1285 train_time:22819ms step_avg:54.98ms
step:416/1285 train_time:22874ms step_avg:54.99ms
step:417/1285 train_time:22928ms step_avg:54.98ms
step:418/1285 train_time:22983ms step_avg:54.98ms
step:419/1285 train_time:23034ms step_avg:54.97ms
step:420/1285 train_time:23091ms step_avg:54.98ms
step:421/1285 train_time:23143ms step_avg:54.97ms
step:422/1285 train_time:23204ms step_avg:54.98ms
step:423/1285 train_time:23259ms step_avg:54.99ms
step:424/1285 train_time:23319ms step_avg:55.00ms
step:425/1285 train_time:23371ms step_avg:54.99ms
step:426/1285 train_time:23431ms step_avg:55.00ms
step:427/1285 train_time:23480ms step_avg:54.99ms
step:428/1285 train_time:23541ms step_avg:55.00ms
step:429/1285 train_time:23596ms step_avg:55.00ms
step:430/1285 train_time:23657ms step_avg:55.02ms
step:431/1285 train_time:23708ms step_avg:55.01ms
step:432/1285 train_time:23768ms step_avg:55.02ms
step:433/1285 train_time:23818ms step_avg:55.01ms
step:434/1285 train_time:23878ms step_avg:55.02ms
step:435/1285 train_time:23933ms step_avg:55.02ms
step:436/1285 train_time:23990ms step_avg:55.02ms
step:437/1285 train_time:24041ms step_avg:55.01ms
step:438/1285 train_time:24098ms step_avg:55.02ms
step:439/1285 train_time:24148ms step_avg:55.01ms
step:440/1285 train_time:24207ms step_avg:55.02ms
step:441/1285 train_time:24261ms step_avg:55.01ms
step:442/1285 train_time:24319ms step_avg:55.02ms
step:443/1285 train_time:24370ms step_avg:55.01ms
step:444/1285 train_time:24427ms step_avg:55.02ms
step:445/1285 train_time:24480ms step_avg:55.01ms
step:446/1285 train_time:24539ms step_avg:55.02ms
step:447/1285 train_time:24594ms step_avg:55.02ms
step:448/1285 train_time:24653ms step_avg:55.03ms
step:449/1285 train_time:24706ms step_avg:55.02ms
step:450/1285 train_time:24767ms step_avg:55.04ms
step:451/1285 train_time:24821ms step_avg:55.04ms
step:452/1285 train_time:24879ms step_avg:55.04ms
step:453/1285 train_time:24933ms step_avg:55.04ms
step:454/1285 train_time:24994ms step_avg:55.05ms
step:455/1285 train_time:25048ms step_avg:55.05ms
step:456/1285 train_time:25107ms step_avg:55.06ms
step:457/1285 train_time:25156ms step_avg:55.05ms
step:458/1285 train_time:25218ms step_avg:55.06ms
step:459/1285 train_time:25271ms step_avg:55.06ms
step:460/1285 train_time:25340ms step_avg:55.09ms
step:461/1285 train_time:25392ms step_avg:55.08ms
step:462/1285 train_time:25453ms step_avg:55.09ms
step:463/1285 train_time:25503ms step_avg:55.08ms
step:464/1285 train_time:25569ms step_avg:55.10ms
step:465/1285 train_time:25620ms step_avg:55.10ms
step:466/1285 train_time:25683ms step_avg:55.11ms
step:467/1285 train_time:25734ms step_avg:55.11ms
step:468/1285 train_time:25797ms step_avg:55.12ms
step:469/1285 train_time:25847ms step_avg:55.11ms
step:470/1285 train_time:25911ms step_avg:55.13ms
step:471/1285 train_time:25964ms step_avg:55.13ms
step:472/1285 train_time:26025ms step_avg:55.14ms
step:473/1285 train_time:26077ms step_avg:55.13ms
step:474/1285 train_time:26141ms step_avg:55.15ms
step:475/1285 train_time:26192ms step_avg:55.14ms
step:476/1285 train_time:26256ms step_avg:55.16ms
step:477/1285 train_time:26355ms step_avg:55.25ms
step:478/1285 train_time:26416ms step_avg:55.26ms
step:479/1285 train_time:26474ms step_avg:55.27ms
step:480/1285 train_time:26533ms step_avg:55.28ms
step:481/1285 train_time:26583ms step_avg:55.27ms
step:482/1285 train_time:26640ms step_avg:55.27ms
step:483/1285 train_time:26694ms step_avg:55.27ms
step:484/1285 train_time:26751ms step_avg:55.27ms
step:485/1285 train_time:26804ms step_avg:55.27ms
step:486/1285 train_time:26865ms step_avg:55.28ms
step:487/1285 train_time:26917ms step_avg:55.27ms
step:488/1285 train_time:26978ms step_avg:55.28ms
step:489/1285 train_time:27033ms step_avg:55.28ms
step:490/1285 train_time:27092ms step_avg:55.29ms
step:491/1285 train_time:27147ms step_avg:55.29ms
step:492/1285 train_time:27206ms step_avg:55.30ms
step:493/1285 train_time:27258ms step_avg:55.29ms
step:494/1285 train_time:27323ms step_avg:55.31ms
step:495/1285 train_time:27375ms step_avg:55.30ms
step:496/1285 train_time:27449ms step_avg:55.34ms
step:497/1285 train_time:27500ms step_avg:55.33ms
step:498/1285 train_time:27560ms step_avg:55.34ms
step:499/1285 train_time:27613ms step_avg:55.34ms
step:500/1285 train_time:27674ms step_avg:55.35ms
step:500/1285 val_loss:4.15066862 train_time:27730ms step_avg:55.46ms
step:501/1285 train_time:27787ms step_avg:55.46ms
step:502/1285 train_time:27845ms step_avg:55.47ms
step:503/1285 train_time:27897ms step_avg:55.46ms
step:504/1285 train_time:27960ms step_avg:55.48ms
step:505/1285 train_time:28013ms step_avg:55.47ms
step:506/1285 train_time:28072ms step_avg:55.48ms
step:507/1285 train_time:28124ms step_avg:55.47ms
step:508/1285 train_time:28182ms step_avg:55.48ms
step:509/1285 train_time:28235ms step_avg:55.47ms
step:510/1285 train_time:28294ms step_avg:55.48ms
step:511/1285 train_time:28346ms step_avg:55.47ms
step:512/1285 train_time:28405ms step_avg:55.48ms
step:513/1285 train_time:28457ms step_avg:55.47ms
step:514/1285 train_time:28516ms step_avg:55.48ms
step:515/1285 train_time:28566ms step_avg:55.47ms
step:516/1285 train_time:28626ms step_avg:55.48ms
step:517/1285 train_time:28677ms step_avg:55.47ms
step:518/1285 train_time:28737ms step_avg:55.48ms
step:519/1285 train_time:28789ms step_avg:55.47ms
step:520/1285 train_time:28846ms step_avg:55.47ms
step:521/1285 train_time:28898ms step_avg:55.47ms
step:522/1285 train_time:28954ms step_avg:55.47ms
step:523/1285 train_time:29006ms step_avg:55.46ms
step:524/1285 train_time:29071ms step_avg:55.48ms
step:525/1285 train_time:29124ms step_avg:55.47ms
step:526/1285 train_time:29183ms step_avg:55.48ms
step:527/1285 train_time:29237ms step_avg:55.48ms
step:528/1285 train_time:29296ms step_avg:55.49ms
step:529/1285 train_time:29350ms step_avg:55.48ms
step:530/1285 train_time:29410ms step_avg:55.49ms
step:531/1285 train_time:29464ms step_avg:55.49ms
step:532/1285 train_time:29525ms step_avg:55.50ms
step:533/1285 train_time:29578ms step_avg:55.49ms
step:534/1285 train_time:29638ms step_avg:55.50ms
step:535/1285 train_time:29693ms step_avg:55.50ms
step:536/1285 train_time:29754ms step_avg:55.51ms
step:537/1285 train_time:29807ms step_avg:55.51ms
step:538/1285 train_time:29867ms step_avg:55.51ms
step:539/1285 train_time:29922ms step_avg:55.51ms
step:540/1285 train_time:29985ms step_avg:55.53ms
step:541/1285 train_time:30038ms step_avg:55.52ms
step:542/1285 train_time:30102ms step_avg:55.54ms
step:543/1285 train_time:30156ms step_avg:55.54ms
step:544/1285 train_time:30216ms step_avg:55.54ms
step:545/1285 train_time:30268ms step_avg:55.54ms
step:546/1285 train_time:30330ms step_avg:55.55ms
step:547/1285 train_time:30385ms step_avg:55.55ms
step:548/1285 train_time:30445ms step_avg:55.56ms
step:549/1285 train_time:30496ms step_avg:55.55ms
step:550/1285 train_time:30559ms step_avg:55.56ms
step:551/1285 train_time:30611ms step_avg:55.55ms
step:552/1285 train_time:30673ms step_avg:55.57ms
step:553/1285 train_time:30726ms step_avg:55.56ms
step:554/1285 train_time:30787ms step_avg:55.57ms
step:555/1285 train_time:30839ms step_avg:55.57ms
step:556/1285 train_time:30904ms step_avg:55.58ms
step:557/1285 train_time:30956ms step_avg:55.58ms
step:558/1285 train_time:31018ms step_avg:55.59ms
step:559/1285 train_time:31070ms step_avg:55.58ms
step:560/1285 train_time:31133ms step_avg:55.59ms
step:561/1285 train_time:31186ms step_avg:55.59ms
step:562/1285 train_time:31250ms step_avg:55.61ms
step:563/1285 train_time:31306ms step_avg:55.61ms
step:564/1285 train_time:31364ms step_avg:55.61ms
step:565/1285 train_time:31415ms step_avg:55.60ms
step:566/1285 train_time:31479ms step_avg:55.62ms
step:567/1285 train_time:31534ms step_avg:55.61ms
step:568/1285 train_time:31594ms step_avg:55.62ms
step:569/1285 train_time:31645ms step_avg:55.62ms
step:570/1285 train_time:31711ms step_avg:55.63ms
step:571/1285 train_time:31764ms step_avg:55.63ms
step:572/1285 train_time:31824ms step_avg:55.64ms
step:573/1285 train_time:31877ms step_avg:55.63ms
step:574/1285 train_time:31938ms step_avg:55.64ms
step:575/1285 train_time:31990ms step_avg:55.64ms
step:576/1285 train_time:32055ms step_avg:55.65ms
step:577/1285 train_time:32108ms step_avg:55.65ms
step:578/1285 train_time:32171ms step_avg:55.66ms
step:579/1285 train_time:32223ms step_avg:55.65ms
step:580/1285 train_time:32285ms step_avg:55.66ms
step:581/1285 train_time:32336ms step_avg:55.66ms
step:582/1285 train_time:32401ms step_avg:55.67ms
step:583/1285 train_time:32454ms step_avg:55.67ms
step:584/1285 train_time:32517ms step_avg:55.68ms
step:585/1285 train_time:32567ms step_avg:55.67ms
step:586/1285 train_time:32631ms step_avg:55.68ms
step:587/1285 train_time:32684ms step_avg:55.68ms
step:588/1285 train_time:32746ms step_avg:55.69ms
step:589/1285 train_time:32798ms step_avg:55.68ms
step:590/1285 train_time:32862ms step_avg:55.70ms
step:591/1285 train_time:32916ms step_avg:55.70ms
step:592/1285 train_time:32977ms step_avg:55.70ms
step:593/1285 train_time:33030ms step_avg:55.70ms
step:594/1285 train_time:33093ms step_avg:55.71ms
step:595/1285 train_time:33145ms step_avg:55.71ms
step:596/1285 train_time:33208ms step_avg:55.72ms
step:597/1285 train_time:33261ms step_avg:55.71ms
step:598/1285 train_time:33325ms step_avg:55.73ms
step:599/1285 train_time:33378ms step_avg:55.72ms
step:600/1285 train_time:33438ms step_avg:55.73ms
step:601/1285 train_time:33492ms step_avg:55.73ms
step:602/1285 train_time:33556ms step_avg:55.74ms
step:603/1285 train_time:33609ms step_avg:55.74ms
step:604/1285 train_time:33668ms step_avg:55.74ms
step:605/1285 train_time:33723ms step_avg:55.74ms
step:606/1285 train_time:33783ms step_avg:55.75ms
step:607/1285 train_time:33836ms step_avg:55.74ms
step:608/1285 train_time:33898ms step_avg:55.75ms
step:609/1285 train_time:33952ms step_avg:55.75ms
step:610/1285 train_time:34014ms step_avg:55.76ms
step:611/1285 train_time:34067ms step_avg:55.76ms
step:612/1285 train_time:34129ms step_avg:55.77ms
step:613/1285 train_time:34182ms step_avg:55.76ms
step:614/1285 train_time:34244ms step_avg:55.77ms
step:615/1285 train_time:34297ms step_avg:55.77ms
step:616/1285 train_time:34360ms step_avg:55.78ms
step:617/1285 train_time:34413ms step_avg:55.77ms
step:618/1285 train_time:34474ms step_avg:55.78ms
step:619/1285 train_time:34527ms step_avg:55.78ms
step:620/1285 train_time:34590ms step_avg:55.79ms
step:621/1285 train_time:34642ms step_avg:55.78ms
step:622/1285 train_time:34705ms step_avg:55.80ms
step:623/1285 train_time:34757ms step_avg:55.79ms
step:624/1285 train_time:34820ms step_avg:55.80ms
step:625/1285 train_time:34872ms step_avg:55.80ms
step:626/1285 train_time:34935ms step_avg:55.81ms
step:627/1285 train_time:34986ms step_avg:55.80ms
step:628/1285 train_time:35050ms step_avg:55.81ms
step:629/1285 train_time:35100ms step_avg:55.80ms
step:630/1285 train_time:35165ms step_avg:55.82ms
step:631/1285 train_time:35218ms step_avg:55.81ms
step:632/1285 train_time:35280ms step_avg:55.82ms
step:633/1285 train_time:35330ms step_avg:55.81ms
step:634/1285 train_time:35395ms step_avg:55.83ms
step:635/1285 train_time:35448ms step_avg:55.82ms
step:636/1285 train_time:35509ms step_avg:55.83ms
step:637/1285 train_time:35561ms step_avg:55.83ms
step:638/1285 train_time:35624ms step_avg:55.84ms
step:639/1285 train_time:35676ms step_avg:55.83ms
step:640/1285 train_time:35740ms step_avg:55.84ms
step:641/1285 train_time:35792ms step_avg:55.84ms
step:642/1285 train_time:35856ms step_avg:55.85ms
step:643/1285 train_time:35909ms step_avg:55.85ms
step:644/1285 train_time:35971ms step_avg:55.86ms
step:645/1285 train_time:36024ms step_avg:55.85ms
step:646/1285 train_time:36086ms step_avg:55.86ms
step:647/1285 train_time:36144ms step_avg:55.86ms
step:648/1285 train_time:36202ms step_avg:55.87ms
step:649/1285 train_time:36253ms step_avg:55.86ms
step:650/1285 train_time:36317ms step_avg:55.87ms
step:651/1285 train_time:36376ms step_avg:55.88ms
step:652/1285 train_time:36435ms step_avg:55.88ms
step:653/1285 train_time:36491ms step_avg:55.88ms
step:654/1285 train_time:36551ms step_avg:55.89ms
step:655/1285 train_time:36605ms step_avg:55.89ms
step:656/1285 train_time:36663ms step_avg:55.89ms
step:657/1285 train_time:36716ms step_avg:55.89ms
step:658/1285 train_time:36778ms step_avg:55.89ms
step:659/1285 train_time:36830ms step_avg:55.89ms
step:660/1285 train_time:36893ms step_avg:55.90ms
step:661/1285 train_time:36946ms step_avg:55.89ms
step:662/1285 train_time:37008ms step_avg:55.90ms
step:663/1285 train_time:37059ms step_avg:55.90ms
step:664/1285 train_time:37124ms step_avg:55.91ms
step:665/1285 train_time:37176ms step_avg:55.90ms
step:666/1285 train_time:37237ms step_avg:55.91ms
step:667/1285 train_time:37290ms step_avg:55.91ms
step:668/1285 train_time:37354ms step_avg:55.92ms
step:669/1285 train_time:37405ms step_avg:55.91ms
step:670/1285 train_time:37469ms step_avg:55.92ms
step:671/1285 train_time:37521ms step_avg:55.92ms
step:672/1285 train_time:37583ms step_avg:55.93ms
step:673/1285 train_time:37637ms step_avg:55.92ms
step:674/1285 train_time:37702ms step_avg:55.94ms
step:675/1285 train_time:37754ms step_avg:55.93ms
step:676/1285 train_time:37816ms step_avg:55.94ms
step:677/1285 train_time:37871ms step_avg:55.94ms
step:678/1285 train_time:37930ms step_avg:55.94ms
step:679/1285 train_time:37986ms step_avg:55.94ms
step:680/1285 train_time:38047ms step_avg:55.95ms
step:681/1285 train_time:38099ms step_avg:55.95ms
step:682/1285 train_time:38162ms step_avg:55.96ms
step:683/1285 train_time:38214ms step_avg:55.95ms
step:684/1285 train_time:38277ms step_avg:55.96ms
step:685/1285 train_time:38329ms step_avg:55.95ms
step:686/1285 train_time:38393ms step_avg:55.97ms
step:687/1285 train_time:38444ms step_avg:55.96ms
step:688/1285 train_time:38508ms step_avg:55.97ms
step:689/1285 train_time:38560ms step_avg:55.97ms
step:690/1285 train_time:38623ms step_avg:55.98ms
step:691/1285 train_time:38675ms step_avg:55.97ms
step:692/1285 train_time:38740ms step_avg:55.98ms
step:693/1285 train_time:38794ms step_avg:55.98ms
step:694/1285 train_time:38858ms step_avg:55.99ms
step:695/1285 train_time:38909ms step_avg:55.98ms
step:696/1285 train_time:38971ms step_avg:55.99ms
step:697/1285 train_time:39022ms step_avg:55.99ms
step:698/1285 train_time:39085ms step_avg:56.00ms
step:699/1285 train_time:39137ms step_avg:55.99ms
step:700/1285 train_time:39201ms step_avg:56.00ms
step:701/1285 train_time:39254ms step_avg:56.00ms
step:702/1285 train_time:39317ms step_avg:56.01ms
step:703/1285 train_time:39370ms step_avg:56.00ms
step:704/1285 train_time:39431ms step_avg:56.01ms
step:705/1285 train_time:39485ms step_avg:56.01ms
step:706/1285 train_time:39548ms step_avg:56.02ms
step:707/1285 train_time:39599ms step_avg:56.01ms
step:708/1285 train_time:39666ms step_avg:56.03ms
step:709/1285 train_time:39721ms step_avg:56.02ms
step:710/1285 train_time:39781ms step_avg:56.03ms
step:711/1285 train_time:39835ms step_avg:56.03ms
step:712/1285 train_time:39896ms step_avg:56.03ms
step:713/1285 train_time:39948ms step_avg:56.03ms
step:714/1285 train_time:40008ms step_avg:56.03ms
step:715/1285 train_time:40065ms step_avg:56.04ms
step:716/1285 train_time:40126ms step_avg:56.04ms
step:717/1285 train_time:40181ms step_avg:56.04ms
step:718/1285 train_time:40240ms step_avg:56.04ms
step:719/1285 train_time:40292ms step_avg:56.04ms
step:720/1285 train_time:40356ms step_avg:56.05ms
step:721/1285 train_time:40410ms step_avg:56.05ms
step:722/1285 train_time:40472ms step_avg:56.06ms
step:723/1285 train_time:40526ms step_avg:56.05ms
step:724/1285 train_time:40585ms step_avg:56.06ms
step:725/1285 train_time:40636ms step_avg:56.05ms
step:726/1285 train_time:40706ms step_avg:56.07ms
step:727/1285 train_time:40758ms step_avg:56.06ms
step:728/1285 train_time:40819ms step_avg:56.07ms
step:729/1285 train_time:40870ms step_avg:56.06ms
step:730/1285 train_time:40932ms step_avg:56.07ms
step:731/1285 train_time:40984ms step_avg:56.07ms
step:732/1285 train_time:41048ms step_avg:56.08ms
step:733/1285 train_time:41103ms step_avg:56.07ms
step:734/1285 train_time:41163ms step_avg:56.08ms
step:735/1285 train_time:41215ms step_avg:56.07ms
step:736/1285 train_time:41281ms step_avg:56.09ms
step:737/1285 train_time:41333ms step_avg:56.08ms
step:738/1285 train_time:41395ms step_avg:56.09ms
step:739/1285 train_time:41448ms step_avg:56.09ms
step:740/1285 train_time:41511ms step_avg:56.10ms
step:741/1285 train_time:41562ms step_avg:56.09ms
step:742/1285 train_time:41626ms step_avg:56.10ms
step:743/1285 train_time:41681ms step_avg:56.10ms
step:744/1285 train_time:41743ms step_avg:56.11ms
step:745/1285 train_time:41798ms step_avg:56.10ms
step:746/1285 train_time:41859ms step_avg:56.11ms
step:747/1285 train_time:41913ms step_avg:56.11ms
step:748/1285 train_time:41975ms step_avg:56.12ms
step:749/1285 train_time:42027ms step_avg:56.11ms
step:750/1285 train_time:42091ms step_avg:56.12ms
step:750/1285 val_loss:3.69044709 train_time:42148ms step_avg:56.20ms
step:751/1285 train_time:42204ms step_avg:56.20ms
step:752/1285 train_time:42263ms step_avg:56.20ms
step:753/1285 train_time:42315ms step_avg:56.20ms
step:754/1285 train_time:42374ms step_avg:56.20ms
step:755/1285 train_time:42424ms step_avg:56.19ms
step:756/1285 train_time:42482ms step_avg:56.19ms
step:757/1285 train_time:42531ms step_avg:56.18ms
step:758/1285 train_time:42592ms step_avg:56.19ms
step:759/1285 train_time:42643ms step_avg:56.18ms
step:760/1285 train_time:42701ms step_avg:56.18ms
step:761/1285 train_time:42753ms step_avg:56.18ms
step:762/1285 train_time:42811ms step_avg:56.18ms
step:763/1285 train_time:42865ms step_avg:56.18ms
step:764/1285 train_time:42921ms step_avg:56.18ms
step:765/1285 train_time:42974ms step_avg:56.17ms
step:766/1285 train_time:43032ms step_avg:56.18ms
step:767/1285 train_time:43084ms step_avg:56.17ms
step:768/1285 train_time:43142ms step_avg:56.17ms
step:769/1285 train_time:43196ms step_avg:56.17ms
step:770/1285 train_time:43262ms step_avg:56.18ms
step:771/1285 train_time:43313ms step_avg:56.18ms
step:772/1285 train_time:43379ms step_avg:56.19ms
step:773/1285 train_time:43431ms step_avg:56.18ms
step:774/1285 train_time:43496ms step_avg:56.20ms
step:775/1285 train_time:43548ms step_avg:56.19ms
step:776/1285 train_time:43612ms step_avg:56.20ms
step:777/1285 train_time:43666ms step_avg:56.20ms
step:778/1285 train_time:43726ms step_avg:56.20ms
step:779/1285 train_time:43777ms step_avg:56.20ms
step:780/1285 train_time:43840ms step_avg:56.21ms
step:781/1285 train_time:43894ms step_avg:56.20ms
step:782/1285 train_time:43956ms step_avg:56.21ms
step:783/1285 train_time:44006ms step_avg:56.20ms
step:784/1285 train_time:44068ms step_avg:56.21ms
step:785/1285 train_time:44121ms step_avg:56.21ms
step:786/1285 train_time:44187ms step_avg:56.22ms
step:787/1285 train_time:44242ms step_avg:56.22ms
step:788/1285 train_time:44304ms step_avg:56.22ms
step:789/1285 train_time:44357ms step_avg:56.22ms
step:790/1285 train_time:44420ms step_avg:56.23ms
step:791/1285 train_time:44476ms step_avg:56.23ms
step:792/1285 train_time:44536ms step_avg:56.23ms
step:793/1285 train_time:44588ms step_avg:56.23ms
step:794/1285 train_time:44706ms step_avg:56.30ms
step:795/1285 train_time:44764ms step_avg:56.31ms
step:796/1285 train_time:44829ms step_avg:56.32ms
step:797/1285 train_time:44879ms step_avg:56.31ms
step:798/1285 train_time:44936ms step_avg:56.31ms
step:799/1285 train_time:44987ms step_avg:56.30ms
step:800/1285 train_time:45044ms step_avg:56.30ms
step:801/1285 train_time:45098ms step_avg:56.30ms
step:802/1285 train_time:45162ms step_avg:56.31ms
step:803/1285 train_time:45213ms step_avg:56.31ms
step:804/1285 train_time:45271ms step_avg:56.31ms
step:805/1285 train_time:45322ms step_avg:56.30ms
step:806/1285 train_time:45383ms step_avg:56.31ms
step:807/1285 train_time:45435ms step_avg:56.30ms
step:808/1285 train_time:45494ms step_avg:56.30ms
step:809/1285 train_time:45547ms step_avg:56.30ms
step:810/1285 train_time:45605ms step_avg:56.30ms
step:811/1285 train_time:45657ms step_avg:56.30ms
step:812/1285 train_time:45715ms step_avg:56.30ms
step:813/1285 train_time:45769ms step_avg:56.30ms
step:814/1285 train_time:45826ms step_avg:56.30ms
step:815/1285 train_time:45875ms step_avg:56.29ms
step:816/1285 train_time:45938ms step_avg:56.30ms
step:817/1285 train_time:45989ms step_avg:56.29ms
step:818/1285 train_time:46054ms step_avg:56.30ms
step:819/1285 train_time:46107ms step_avg:56.30ms
step:820/1285 train_time:46170ms step_avg:56.30ms
step:821/1285 train_time:46221ms step_avg:56.30ms
step:822/1285 train_time:46284ms step_avg:56.31ms
step:823/1285 train_time:46336ms step_avg:56.30ms
step:824/1285 train_time:46401ms step_avg:56.31ms
step:825/1285 train_time:46455ms step_avg:56.31ms
step:826/1285 train_time:46516ms step_avg:56.31ms
step:827/1285 train_time:46567ms step_avg:56.31ms
step:828/1285 train_time:46631ms step_avg:56.32ms
step:829/1285 train_time:46682ms step_avg:56.31ms
step:830/1285 train_time:46747ms step_avg:56.32ms
step:831/1285 train_time:46801ms step_avg:56.32ms
step:832/1285 train_time:46864ms step_avg:56.33ms
step:833/1285 train_time:46916ms step_avg:56.32ms
step:834/1285 train_time:46979ms step_avg:56.33ms
step:835/1285 train_time:47031ms step_avg:56.32ms
step:836/1285 train_time:47094ms step_avg:56.33ms
step:837/1285 train_time:47146ms step_avg:56.33ms
step:838/1285 train_time:47211ms step_avg:56.34ms
step:839/1285 train_time:47261ms step_avg:56.33ms
step:840/1285 train_time:47326ms step_avg:56.34ms
step:841/1285 train_time:47378ms step_avg:56.34ms
step:842/1285 train_time:47442ms step_avg:56.34ms
step:843/1285 train_time:47492ms step_avg:56.34ms
step:844/1285 train_time:47558ms step_avg:56.35ms
step:845/1285 train_time:47612ms step_avg:56.35ms
step:846/1285 train_time:47676ms step_avg:56.35ms
step:847/1285 train_time:47728ms step_avg:56.35ms
step:848/1285 train_time:47794ms step_avg:56.36ms
step:849/1285 train_time:47873ms step_avg:56.39ms
step:850/1285 train_time:47963ms step_avg:56.43ms
step:851/1285 train_time:48040ms step_avg:56.45ms
step:852/1285 train_time:48129ms step_avg:56.49ms
step:853/1285 train_time:48206ms step_avg:56.51ms
step:854/1285 train_time:48298ms step_avg:56.55ms
step:855/1285 train_time:48375ms step_avg:56.58ms
step:856/1285 train_time:48465ms step_avg:56.62ms
step:857/1285 train_time:48541ms step_avg:56.64ms
step:858/1285 train_time:48630ms step_avg:56.68ms
step:859/1285 train_time:48708ms step_avg:56.70ms
step:860/1285 train_time:48799ms step_avg:56.74ms
step:861/1285 train_time:48877ms step_avg:56.77ms
step:862/1285 train_time:48967ms step_avg:56.81ms
step:863/1285 train_time:49045ms step_avg:56.83ms
step:864/1285 train_time:49134ms step_avg:56.87ms
step:865/1285 train_time:49210ms step_avg:56.89ms
step:866/1285 train_time:49301ms step_avg:56.93ms
step:867/1285 train_time:49378ms step_avg:56.95ms
step:868/1285 train_time:49468ms step_avg:56.99ms
step:869/1285 train_time:49545ms step_avg:57.01ms
step:870/1285 train_time:49635ms step_avg:57.05ms
step:871/1285 train_time:49713ms step_avg:57.08ms
step:872/1285 train_time:49802ms step_avg:57.11ms
step:873/1285 train_time:49882ms step_avg:57.14ms
step:874/1285 train_time:49974ms step_avg:57.18ms
step:875/1285 train_time:50051ms step_avg:57.20ms
step:876/1285 train_time:50142ms step_avg:57.24ms
step:877/1285 train_time:50217ms step_avg:57.26ms
step:878/1285 train_time:50307ms step_avg:57.30ms
step:879/1285 train_time:50385ms step_avg:57.32ms
step:880/1285 train_time:50474ms step_avg:57.36ms
step:881/1285 train_time:50552ms step_avg:57.38ms
step:882/1285 train_time:50642ms step_avg:57.42ms
step:883/1285 train_time:50718ms step_avg:57.44ms
step:884/1285 train_time:50809ms step_avg:57.48ms
step:885/1285 train_time:50886ms step_avg:57.50ms
step:886/1285 train_time:50977ms step_avg:57.54ms
step:887/1285 train_time:51054ms step_avg:57.56ms
step:888/1285 train_time:51144ms step_avg:57.59ms
step:889/1285 train_time:51220ms step_avg:57.62ms
step:890/1285 train_time:51312ms step_avg:57.65ms
step:891/1285 train_time:51387ms step_avg:57.67ms
step:892/1285 train_time:51478ms step_avg:57.71ms
step:893/1285 train_time:51555ms step_avg:57.73ms
step:894/1285 train_time:51645ms step_avg:57.77ms
step:895/1285 train_time:51721ms step_avg:57.79ms
step:896/1285 train_time:51810ms step_avg:57.82ms
step:897/1285 train_time:51889ms step_avg:57.85ms
step:898/1285 train_time:51979ms step_avg:57.88ms
step:899/1285 train_time:52056ms step_avg:57.90ms
step:900/1285 train_time:52147ms step_avg:57.94ms
step:901/1285 train_time:52223ms step_avg:57.96ms
step:902/1285 train_time:52313ms step_avg:58.00ms
step:903/1285 train_time:52391ms step_avg:58.02ms
step:904/1285 train_time:52480ms step_avg:58.05ms
step:905/1285 train_time:52558ms step_avg:58.08ms
step:906/1285 train_time:52649ms step_avg:58.11ms
step:907/1285 train_time:52726ms step_avg:58.13ms
step:908/1285 train_time:52816ms step_avg:58.17ms
step:909/1285 train_time:52894ms step_avg:58.19ms
step:910/1285 train_time:52985ms step_avg:58.22ms
step:911/1285 train_time:53060ms step_avg:58.24ms
step:912/1285 train_time:53151ms step_avg:58.28ms
step:913/1285 train_time:53228ms step_avg:58.30ms
step:914/1285 train_time:53317ms step_avg:58.33ms
step:915/1285 train_time:53396ms step_avg:58.36ms
step:916/1285 train_time:53485ms step_avg:58.39ms
step:917/1285 train_time:53561ms step_avg:58.41ms
step:918/1285 train_time:53652ms step_avg:58.44ms
step:919/1285 train_time:53729ms step_avg:58.47ms
step:920/1285 train_time:53820ms step_avg:58.50ms
step:921/1285 train_time:53898ms step_avg:58.52ms
step:922/1285 train_time:53989ms step_avg:58.56ms
step:923/1285 train_time:54066ms step_avg:58.58ms
step:924/1285 train_time:54156ms step_avg:58.61ms
step:925/1285 train_time:54234ms step_avg:58.63ms
step:926/1285 train_time:54324ms step_avg:58.66ms
step:927/1285 train_time:54401ms step_avg:58.69ms
step:928/1285 train_time:54490ms step_avg:58.72ms
step:929/1285 train_time:54568ms step_avg:58.74ms
step:930/1285 train_time:54658ms step_avg:58.77ms
step:931/1285 train_time:54735ms step_avg:58.79ms
step:932/1285 train_time:54826ms step_avg:58.83ms
step:933/1285 train_time:54902ms step_avg:58.84ms
step:934/1285 train_time:54993ms step_avg:58.88ms
step:935/1285 train_time:55071ms step_avg:58.90ms
step:936/1285 train_time:55162ms step_avg:58.93ms
step:937/1285 train_time:55238ms step_avg:58.95ms
step:938/1285 train_time:55329ms step_avg:58.99ms
step:939/1285 train_time:55406ms step_avg:59.01ms
step:940/1285 train_time:55496ms step_avg:59.04ms
step:941/1285 train_time:55575ms step_avg:59.06ms
step:942/1285 train_time:55664ms step_avg:59.09ms
step:943/1285 train_time:55741ms step_avg:59.11ms
step:944/1285 train_time:55830ms step_avg:59.14ms
step:945/1285 train_time:55907ms step_avg:59.16ms
step:946/1285 train_time:55998ms step_avg:59.19ms
step:947/1285 train_time:56075ms step_avg:59.21ms
step:948/1285 train_time:56165ms step_avg:59.25ms
step:949/1285 train_time:56243ms step_avg:59.27ms
step:950/1285 train_time:56334ms step_avg:59.30ms
step:951/1285 train_time:56409ms step_avg:59.32ms
step:952/1285 train_time:56500ms step_avg:59.35ms
step:953/1285 train_time:56578ms step_avg:59.37ms
step:954/1285 train_time:56670ms step_avg:59.40ms
step:955/1285 train_time:56747ms step_avg:59.42ms
step:956/1285 train_time:56836ms step_avg:59.45ms
step:957/1285 train_time:56912ms step_avg:59.47ms
step:958/1285 train_time:57003ms step_avg:59.50ms
step:959/1285 train_time:57081ms step_avg:59.52ms
step:960/1285 train_time:57170ms step_avg:59.55ms
step:961/1285 train_time:57247ms step_avg:59.57ms
step:962/1285 train_time:57337ms step_avg:59.60ms
step:963/1285 train_time:57415ms step_avg:59.62ms
step:964/1285 train_time:57509ms step_avg:59.66ms
step:965/1285 train_time:57584ms step_avg:59.67ms
step:966/1285 train_time:57674ms step_avg:59.70ms
step:967/1285 train_time:57751ms step_avg:59.72ms
step:968/1285 train_time:57842ms step_avg:59.75ms
step:969/1285 train_time:57919ms step_avg:59.77ms
step:970/1285 train_time:58009ms step_avg:59.80ms
step:971/1285 train_time:58086ms step_avg:59.82ms
step:972/1285 train_time:58177ms step_avg:59.85ms
step:973/1285 train_time:58254ms step_avg:59.87ms
step:974/1285 train_time:58345ms step_avg:59.90ms
step:975/1285 train_time:58421ms step_avg:59.92ms
step:976/1285 train_time:58513ms step_avg:59.95ms
step:977/1285 train_time:58589ms step_avg:59.97ms
step:978/1285 train_time:58681ms step_avg:60.00ms
step:979/1285 train_time:58757ms step_avg:60.02ms
step:980/1285 train_time:58849ms step_avg:60.05ms
step:981/1285 train_time:58925ms step_avg:60.07ms
step:982/1285 train_time:59015ms step_avg:60.10ms
step:983/1285 train_time:59094ms step_avg:60.12ms
step:984/1285 train_time:59183ms step_avg:60.14ms
step:985/1285 train_time:59260ms step_avg:60.16ms
step:986/1285 train_time:59350ms step_avg:60.19ms
step:987/1285 train_time:59427ms step_avg:60.21ms
step:988/1285 train_time:59517ms step_avg:60.24ms
step:989/1285 train_time:59595ms step_avg:60.26ms
step:990/1285 train_time:59686ms step_avg:60.29ms
step:991/1285 train_time:59762ms step_avg:60.31ms
step:992/1285 train_time:59852ms step_avg:60.34ms
step:993/1285 train_time:59929ms step_avg:60.35ms
step:994/1285 train_time:60020ms step_avg:60.38ms
step:995/1285 train_time:60098ms step_avg:60.40ms
step:996/1285 train_time:60187ms step_avg:60.43ms
step:997/1285 train_time:60264ms step_avg:60.45ms
step:998/1285 train_time:60354ms step_avg:60.47ms
step:999/1285 train_time:60431ms step_avg:60.49ms
step:1000/1285 train_time:60522ms step_avg:60.52ms
step:1000/1285 val_loss:3.41591024 train_time:60609ms step_avg:60.61ms
step:1001/1285 train_time:60664ms step_avg:60.60ms
step:1002/1285 train_time:60725ms step_avg:60.60ms
step:1003/1285 train_time:60778ms step_avg:60.60ms
step:1004/1285 train_time:60869ms step_avg:60.63ms
step:1005/1285 train_time:60946ms step_avg:60.64ms
step:1006/1285 train_time:61037ms step_avg:60.67ms
step:1007/1285 train_time:61112ms step_avg:60.69ms
step:1008/1285 train_time:61201ms step_avg:60.72ms
step:1009/1285 train_time:61277ms step_avg:60.73ms
step:1010/1285 train_time:61366ms step_avg:60.76ms
step:1011/1285 train_time:61442ms step_avg:60.77ms
step:1012/1285 train_time:61532ms step_avg:60.80ms
step:1013/1285 train_time:61611ms step_avg:60.82ms
step:1014/1285 train_time:61705ms step_avg:60.85ms
step:1015/1285 train_time:61785ms step_avg:60.87ms
step:1016/1285 train_time:61876ms step_avg:60.90ms
step:1017/1285 train_time:61956ms step_avg:60.92ms
step:1018/1285 train_time:62046ms step_avg:60.95ms
step:1019/1285 train_time:62122ms step_avg:60.96ms
step:1020/1285 train_time:62211ms step_avg:60.99ms
step:1021/1285 train_time:62287ms step_avg:61.01ms
step:1022/1285 train_time:62376ms step_avg:61.03ms
step:1023/1285 train_time:62452ms step_avg:61.05ms
step:1024/1285 train_time:62544ms step_avg:61.08ms
step:1025/1285 train_time:62621ms step_avg:61.09ms
step:1026/1285 train_time:62751ms step_avg:61.16ms
step:1027/1285 train_time:62809ms step_avg:61.16ms
step:1028/1285 train_time:62888ms step_avg:61.17ms
step:1029/1285 train_time:62965ms step_avg:61.19ms
step:1030/1285 train_time:63056ms step_avg:61.22ms
step:1031/1285 train_time:63131ms step_avg:61.23ms
step:1032/1285 train_time:63222ms step_avg:61.26ms
step:1033/1285 train_time:63298ms step_avg:61.28ms
step:1034/1285 train_time:63386ms step_avg:61.30ms
step:1035/1285 train_time:63463ms step_avg:61.32ms
step:1036/1285 train_time:63553ms step_avg:61.34ms
step:1037/1285 train_time:63629ms step_avg:61.36ms
step:1038/1285 train_time:63720ms step_avg:61.39ms
step:1039/1285 train_time:63799ms step_avg:61.40ms
step:1040/1285 train_time:63891ms step_avg:61.43ms
step:1041/1285 train_time:63968ms step_avg:61.45ms
step:1042/1285 train_time:64058ms step_avg:61.48ms
step:1043/1285 train_time:64134ms step_avg:61.49ms
step:1044/1285 train_time:64226ms step_avg:61.52ms
step:1045/1285 train_time:64301ms step_avg:61.53ms
step:1046/1285 train_time:64390ms step_avg:61.56ms
step:1047/1285 train_time:64468ms step_avg:61.57ms
step:1048/1285 train_time:64558ms step_avg:61.60ms
step:1049/1285 train_time:64635ms step_avg:61.62ms
step:1050/1285 train_time:64726ms step_avg:61.64ms
step:1051/1285 train_time:64803ms step_avg:61.66ms
step:1052/1285 train_time:64893ms step_avg:61.69ms
step:1053/1285 train_time:64970ms step_avg:61.70ms
step:1054/1285 train_time:65061ms step_avg:61.73ms
step:1055/1285 train_time:65139ms step_avg:61.74ms
step:1056/1285 train_time:65230ms step_avg:61.77ms
step:1057/1285 train_time:65305ms step_avg:61.78ms
step:1058/1285 train_time:65394ms step_avg:61.81ms
step:1059/1285 train_time:65471ms step_avg:61.82ms
step:1060/1285 train_time:65561ms step_avg:61.85ms
step:1061/1285 train_time:65639ms step_avg:61.87ms
step:1062/1285 train_time:65731ms step_avg:61.89ms
step:1063/1285 train_time:65809ms step_avg:61.91ms
step:1064/1285 train_time:65899ms step_avg:61.93ms
step:1065/1285 train_time:65977ms step_avg:61.95ms
step:1066/1285 train_time:66066ms step_avg:61.98ms
step:1067/1285 train_time:66143ms step_avg:61.99ms
step:1068/1285 train_time:66232ms step_avg:62.02ms
step:1069/1285 train_time:66309ms step_avg:62.03ms
step:1070/1285 train_time:66398ms step_avg:62.05ms
step:1071/1285 train_time:66475ms step_avg:62.07ms
step:1072/1285 train_time:66565ms step_avg:62.09ms
step:1073/1285 train_time:66641ms step_avg:62.11ms
step:1074/1285 train_time:66733ms step_avg:62.14ms
step:1075/1285 train_time:66810ms step_avg:62.15ms
step:1076/1285 train_time:66901ms step_avg:62.18ms
step:1077/1285 train_time:66978ms step_avg:62.19ms
step:1078/1285 train_time:67069ms step_avg:62.22ms
step:1079/1285 train_time:67144ms step_avg:62.23ms
step:1080/1285 train_time:67236ms step_avg:62.26ms
step:1081/1285 train_time:67311ms step_avg:62.27ms
step:1082/1285 train_time:67400ms step_avg:62.29ms
step:1083/1285 train_time:67478ms step_avg:62.31ms
step:1084/1285 train_time:67570ms step_avg:62.33ms
step:1085/1285 train_time:67647ms step_avg:62.35ms
step:1086/1285 train_time:67737ms step_avg:62.37ms
step:1087/1285 train_time:67814ms step_avg:62.39ms
step:1088/1285 train_time:67905ms step_avg:62.41ms
step:1089/1285 train_time:67981ms step_avg:62.43ms
step:1090/1285 train_time:68073ms step_avg:62.45ms
step:1091/1285 train_time:68148ms step_avg:62.46ms
step:1092/1285 train_time:68239ms step_avg:62.49ms
step:1093/1285 train_time:68316ms step_avg:62.50ms
step:1094/1285 train_time:68404ms step_avg:62.53ms
step:1095/1285 train_time:68482ms step_avg:62.54ms
step:1096/1285 train_time:68574ms step_avg:62.57ms
step:1097/1285 train_time:68649ms step_avg:62.58ms
step:1098/1285 train_time:68740ms step_avg:62.60ms
step:1099/1285 train_time:68818ms step_avg:62.62ms
step:1100/1285 train_time:68907ms step_avg:62.64ms
step:1101/1285 train_time:68984ms step_avg:62.66ms
step:1102/1285 train_time:69076ms step_avg:62.68ms
step:1103/1285 train_time:69151ms step_avg:62.69ms
step:1104/1285 train_time:69241ms step_avg:62.72ms
step:1105/1285 train_time:69319ms step_avg:62.73ms
step:1106/1285 train_time:69407ms step_avg:62.76ms
step:1107/1285 train_time:69485ms step_avg:62.77ms
step:1108/1285 train_time:69576ms step_avg:62.79ms
step:1109/1285 train_time:69651ms step_avg:62.81ms
step:1110/1285 train_time:69742ms step_avg:62.83ms
step:1111/1285 train_time:69818ms step_avg:62.84ms
step:1112/1285 train_time:69908ms step_avg:62.87ms
step:1113/1285 train_time:69985ms step_avg:62.88ms
step:1114/1285 train_time:70076ms step_avg:62.90ms
step:1115/1285 train_time:70150ms step_avg:62.91ms
step:1116/1285 train_time:70241ms step_avg:62.94ms
step:1117/1285 train_time:70319ms step_avg:62.95ms
step:1118/1285 train_time:70410ms step_avg:62.98ms
step:1119/1285 train_time:70486ms step_avg:62.99ms
step:1120/1285 train_time:70576ms step_avg:63.01ms
step:1121/1285 train_time:70652ms step_avg:63.03ms
step:1122/1285 train_time:70742ms step_avg:63.05ms
step:1123/1285 train_time:70820ms step_avg:63.06ms
step:1124/1285 train_time:70909ms step_avg:63.09ms
step:1125/1285 train_time:70985ms step_avg:63.10ms
step:1126/1285 train_time:71078ms step_avg:63.12ms
step:1127/1285 train_time:71154ms step_avg:63.14ms
step:1128/1285 train_time:71244ms step_avg:63.16ms
step:1129/1285 train_time:71321ms step_avg:63.17ms
step:1130/1285 train_time:71410ms step_avg:63.19ms
step:1131/1285 train_time:71486ms step_avg:63.21ms
step:1132/1285 train_time:71578ms step_avg:63.23ms
step:1133/1285 train_time:71656ms step_avg:63.24ms
step:1134/1285 train_time:71744ms step_avg:63.27ms
step:1135/1285 train_time:71822ms step_avg:63.28ms
step:1136/1285 train_time:71912ms step_avg:63.30ms
step:1137/1285 train_time:71987ms step_avg:63.31ms
step:1138/1285 train_time:72079ms step_avg:63.34ms
step:1139/1285 train_time:72155ms step_avg:63.35ms
step:1140/1285 train_time:72246ms step_avg:63.37ms
step:1141/1285 train_time:72322ms step_avg:63.39ms
step:1142/1285 train_time:72412ms step_avg:63.41ms
step:1143/1285 train_time:72488ms step_avg:63.42ms
step:1144/1285 train_time:72579ms step_avg:63.44ms
step:1145/1285 train_time:72657ms step_avg:63.46ms
step:1146/1285 train_time:72746ms step_avg:63.48ms
step:1147/1285 train_time:72823ms step_avg:63.49ms
step:1148/1285 train_time:72911ms step_avg:63.51ms
step:1149/1285 train_time:72988ms step_avg:63.52ms
step:1150/1285 train_time:73078ms step_avg:63.55ms
step:1151/1285 train_time:73156ms step_avg:63.56ms
step:1152/1285 train_time:73245ms step_avg:63.58ms
step:1153/1285 train_time:73323ms step_avg:63.59ms
step:1154/1285 train_time:73412ms step_avg:63.62ms
step:1155/1285 train_time:73487ms step_avg:63.63ms
step:1156/1285 train_time:73577ms step_avg:63.65ms
step:1157/1285 train_time:73655ms step_avg:63.66ms
step:1158/1285 train_time:73745ms step_avg:63.68ms
step:1159/1285 train_time:73823ms step_avg:63.70ms
step:1160/1285 train_time:73912ms step_avg:63.72ms
step:1161/1285 train_time:73987ms step_avg:63.73ms
step:1162/1285 train_time:74078ms step_avg:63.75ms
step:1163/1285 train_time:74155ms step_avg:63.76ms
step:1164/1285 train_time:74246ms step_avg:63.79ms
step:1165/1285 train_time:74323ms step_avg:63.80ms
step:1166/1285 train_time:74412ms step_avg:63.82ms
step:1167/1285 train_time:74488ms step_avg:63.83ms
step:1168/1285 train_time:74577ms step_avg:63.85ms
step:1169/1285 train_time:74656ms step_avg:63.86ms
step:1170/1285 train_time:74747ms step_avg:63.89ms
step:1171/1285 train_time:74823ms step_avg:63.90ms
step:1172/1285 train_time:74913ms step_avg:63.92ms
step:1173/1285 train_time:74990ms step_avg:63.93ms
step:1174/1285 train_time:75080ms step_avg:63.95ms
step:1175/1285 train_time:75158ms step_avg:63.96ms
step:1176/1285 train_time:75247ms step_avg:63.99ms
step:1177/1285 train_time:75325ms step_avg:64.00ms
step:1178/1285 train_time:75415ms step_avg:64.02ms
step:1179/1285 train_time:75489ms step_avg:64.03ms
step:1180/1285 train_time:75580ms step_avg:64.05ms
step:1181/1285 train_time:75657ms step_avg:64.06ms
step:1182/1285 train_time:75747ms step_avg:64.08ms
step:1183/1285 train_time:75824ms step_avg:64.09ms
step:1184/1285 train_time:75914ms step_avg:64.12ms
step:1185/1285 train_time:75990ms step_avg:64.13ms
step:1186/1285 train_time:76081ms step_avg:64.15ms
step:1187/1285 train_time:76158ms step_avg:64.16ms
step:1188/1285 train_time:76248ms step_avg:64.18ms
step:1189/1285 train_time:76325ms step_avg:64.19ms
step:1190/1285 train_time:76415ms step_avg:64.21ms
step:1191/1285 train_time:76489ms step_avg:64.22ms
step:1192/1285 train_time:76580ms step_avg:64.25ms
step:1193/1285 train_time:76657ms step_avg:64.26ms
step:1194/1285 train_time:76747ms step_avg:64.28ms
step:1195/1285 train_time:76824ms step_avg:64.29ms
step:1196/1285 train_time:76914ms step_avg:64.31ms
step:1197/1285 train_time:76989ms step_avg:64.32ms
step:1198/1285 train_time:77078ms step_avg:64.34ms
step:1199/1285 train_time:77157ms step_avg:64.35ms
step:1200/1285 train_time:77247ms step_avg:64.37ms
step:1201/1285 train_time:77347ms step_avg:64.40ms
step:1202/1285 train_time:77421ms step_avg:64.41ms
step:1203/1285 train_time:77526ms step_avg:64.44ms
step:1204/1285 train_time:77989ms step_avg:64.78ms
step:1205/1285 train_time:78119ms step_avg:64.83ms
step:1206/1285 train_time:78238ms step_avg:64.87ms
step:1207/1285 train_time:78330ms step_avg:64.90ms
step:1208/1285 train_time:78393ms step_avg:64.89ms
step:1209/1285 train_time:78447ms step_avg:64.89ms
step:1210/1285 train_time:78520ms step_avg:64.89ms
step:1211/1285 train_time:78595ms step_avg:64.90ms
step:1212/1285 train_time:78682ms step_avg:64.92ms
step:1213/1285 train_time:78758ms step_avg:64.93ms
step:1214/1285 train_time:78847ms step_avg:64.95ms
step:1215/1285 train_time:78923ms step_avg:64.96ms
step:1216/1285 train_time:79012ms step_avg:64.98ms
step:1217/1285 train_time:79086ms step_avg:64.98ms
step:1218/1285 train_time:79178ms step_avg:65.01ms
step:1219/1285 train_time:79259ms step_avg:65.02ms
step:1220/1285 train_time:79353ms step_avg:65.04ms
step:1221/1285 train_time:79428ms step_avg:65.05ms
step:1222/1285 train_time:79520ms step_avg:65.07ms
step:1223/1285 train_time:79594ms step_avg:65.08ms
step:1224/1285 train_time:79685ms step_avg:65.10ms
step:1225/1285 train_time:79762ms step_avg:65.11ms
step:1226/1285 train_time:79850ms step_avg:65.13ms
step:1227/1285 train_time:79925ms step_avg:65.14ms
step:1228/1285 train_time:80014ms step_avg:65.16ms
step:1229/1285 train_time:80090ms step_avg:65.17ms
step:1230/1285 train_time:80180ms step_avg:65.19ms
step:1231/1285 train_time:80260ms step_avg:65.20ms
step:1232/1285 train_time:80370ms step_avg:65.24ms
step:1233/1285 train_time:80449ms step_avg:65.25ms
step:1234/1285 train_time:80560ms step_avg:65.28ms
step:1235/1285 train_time:80639ms step_avg:65.29ms
step:1236/1285 train_time:80714ms step_avg:65.30ms
step:1237/1285 train_time:80768ms step_avg:65.29ms
step:1238/1285 train_time:80861ms step_avg:65.32ms
step:1239/1285 train_time:80954ms step_avg:65.34ms
step:1240/1285 train_time:81018ms step_avg:65.34ms
step:1241/1285 train_time:81089ms step_avg:65.34ms
step:1242/1285 train_time:81179ms step_avg:65.36ms
step:1243/1285 train_time:81259ms step_avg:65.37ms
step:1244/1285 train_time:81350ms step_avg:65.39ms
step:1245/1285 train_time:81426ms step_avg:65.40ms
step:1246/1285 train_time:81518ms step_avg:65.42ms
step:1247/1285 train_time:81595ms step_avg:65.43ms
step:1248/1285 train_time:81685ms step_avg:65.45ms
step:1249/1285 train_time:81761ms step_avg:65.46ms
step:1250/1285 train_time:81851ms step_avg:65.48ms
step:1250/1285 val_loss:3.29327035 train_time:81936ms step_avg:65.55ms
step:1251/1285 train_time:82002ms step_avg:65.55ms
step:1252/1285 train_time:82090ms step_avg:65.57ms
step:1253/1285 train_time:82158ms step_avg:65.57ms
step:1254/1285 train_time:82230ms step_avg:65.57ms
step:1255/1285 train_time:82287ms step_avg:65.57ms
step:1256/1285 train_time:82360ms step_avg:65.57ms
step:1257/1285 train_time:82438ms step_avg:65.58ms
step:1258/1285 train_time:82526ms step_avg:65.60ms
step:1259/1285 train_time:82603ms step_avg:65.61ms
step:1260/1285 train_time:82690ms step_avg:65.63ms
step:1261/1285 train_time:82765ms step_avg:65.63ms
step:1262/1285 train_time:82856ms step_avg:65.65ms
step:1263/1285 train_time:82933ms step_avg:65.66ms
step:1264/1285 train_time:83027ms step_avg:65.69ms
step:1265/1285 train_time:83106ms step_avg:65.70ms
step:1266/1285 train_time:83196ms step_avg:65.72ms
step:1267/1285 train_time:83272ms step_avg:65.72ms
step:1268/1285 train_time:83362ms step_avg:65.74ms
step:1269/1285 train_time:83438ms step_avg:65.75ms
step:1270/1285 train_time:83528ms step_avg:65.77ms
step:1271/1285 train_time:83605ms step_avg:65.78ms
step:1272/1285 train_time:83696ms step_avg:65.80ms
step:1273/1285 train_time:83770ms step_avg:65.81ms
step:1274/1285 train_time:83861ms step_avg:65.82ms
step:1275/1285 train_time:83939ms step_avg:65.83ms
step:1276/1285 train_time:84031ms step_avg:65.86ms
step:1277/1285 train_time:84110ms step_avg:65.87ms
step:1278/1285 train_time:84199ms step_avg:65.88ms
step:1279/1285 train_time:84276ms step_avg:65.89ms
step:1280/1285 train_time:84367ms step_avg:65.91ms
step:1281/1285 train_time:84444ms step_avg:65.92ms
step:1282/1285 train_time:84535ms step_avg:65.94ms
step:1283/1285 train_time:84611ms step_avg:65.95ms
step:1284/1285 train_time:84701ms step_avg:65.97ms
step:1285/1285 train_time:84776ms step_avg:65.97ms
step:1285/1285 val_loss:3.27699447 train_time:84866ms step_avg:66.04ms
peak memory allocated: 32129 MiB reserved: 38912 MiB
