HARNESS_TRAINING_ENV={"OMP_NUM_THREADS": "1", "MKL_NUM_THREADS": "1", "torch_num_threads": 1, "torch_num_interop_threads": 43}
[Gloo] Rank 1 is connected to 7 peer ranks. Expected number of connected peer ranks is : 7
[Gloo] Rank 0 is connected to 7 peer ranks. Expected number of connected peer ranks is : 7
[Gloo] Rank 2 is connected to 7 peer ranks. Expected number of connected peer ranks is : 7
[Gloo] Rank 3 is connected to 7 peer ranks. Expected number of connected peer ranks is : 7
[Gloo] Rank 4 is connected to 7 peer ranks. Expected number of connected peer ranks is : 7
[Gloo] Rank 5 is connected to 7 peer ranks. Expected number of connected peer ranks is : 7
[Gloo] Rank 6[Gloo] Rank  is connected to 77 is connected to  peer ranks. Expected number of connected peer ranks is : 77
 peer ranks. Expected number of connected peer ranks is : 7
/workspace/train_gpt.py:1069: UserWarning: Skipping publisher trust check for 'kernels-community/flash-attn3' because Hugging Face Hub is in offline mode.
  flash_attn_interface = get_kernel('kernels-community/flash-attn3', version=1).flash_attn_interface
/workspace/train_gpt.py:1069: UserWarning: Skipping publisher trust check for 'kernels-community/flash-attn3' because Hugging Face Hub is in offline mode.
  flash_attn_interface = get_kernel('kernels-community/flash-attn3', version=1).flash_attn_interface
/workspace/train_gpt.py:1069: UserWarning: Skipping publisher trust check for 'kernels-community/flash-attn3' because Hugging Face Hub is in offline mode.
  flash_attn_interface = get_kernel('kernels-community/flash-attn3', version=1).flash_attn_interface
/workspace/train_gpt.py:1069: UserWarning: Skipping publisher trust check for 'kernels-community/flash-attn3' because Hugging Face Hub is in offline mode.
  flash_attn_interface = get_kernel('kernels-community/flash-attn3', version=1).flash_attn_interface
/workspace/train_gpt.py:1069: UserWarning: Skipping publisher trust check for 'kernels-community/flash-attn3' because Hugging Face Hub is in offline mode.
  flash_attn_interface = get_kernel('kernels-community/flash-attn3', version=1).flash_attn_interface
/workspace/train_gpt.py:1069: UserWarning: Skipping publisher trust check for 'kernels-community/flash-attn3' because Hugging Face Hub is in offline mode.
  flash_attn_interface = get_kernel('kernels-community/flash-attn3', version=1).flash_attn_interface
/workspace/train_gpt.py:1069: UserWarning: Skipping publisher trust check for 'kernels-community/flash-attn3' because Hugging Face Hub is in offline mode.
  flash_attn_interface = get_kernel('kernels-community/flash-attn3', version=1).flash_attn_interface
/workspace/train_gpt.py:1069: UserWarning: Skipping publisher trust check for 'kernels-community/flash-attn3' because Hugging Face Hub is in offline mode.
  flash_attn_interface = get_kernel('kernels-community/flash-attn3', version=1).flash_attn_interface
logs/64788423-7c71-48ed-b9f4-af8267667b65.txt
Compiling model and warming up kernels (~7 minutes on first execution)
Sampling steps [0, 1, 421, 422, 423, 424, 845, 846, 847, 848, 1268, 1269, 1270, 1271] for warmup
Resetting Model
step:0/1285 val_loss:10.83006001 train_time:73ms step_avg:73.43ms
step:1/1285 train_time:270ms step_avg:269.52ms
step:2/1285 train_time:334ms step_avg:166.84ms
step:3/1285 train_time:386ms step_avg:128.62ms
step:4/1285 train_time:442ms step_avg:110.46ms
step:5/1285 train_time:496ms step_avg:99.20ms
step:6/1285 train_time:557ms step_avg:92.78ms
step:7/1285 train_time:616ms step_avg:88.05ms
step:8/1285 train_time:677ms step_avg:84.61ms
step:9/1285 train_time:729ms step_avg:80.96ms
step:10/1285 train_time:786ms step_avg:78.63ms
step:11/1285 train_time:837ms step_avg:76.08ms
step:12/1285 train_time:894ms step_avg:74.47ms
step:13/1285 train_time:943ms step_avg:72.54ms
step:14/1285 train_time:997ms step_avg:71.25ms
step:15/1285 train_time:1046ms step_avg:69.75ms
step:16/1285 train_time:1100ms step_avg:68.76ms
step:17/1285 train_time:1149ms step_avg:67.59ms
step:18/1285 train_time:1205ms step_avg:66.96ms
step:19/1285 train_time:1255ms step_avg:66.07ms
step:20/1285 train_time:1314ms step_avg:65.69ms
step:21/1285 train_time:1361ms step_avg:64.83ms
step:22/1285 train_time:1420ms step_avg:64.53ms
step:23/1285 train_time:1468ms step_avg:63.83ms
step:24/1285 train_time:1523ms step_avg:63.47ms
step:25/1285 train_time:1572ms step_avg:62.87ms
step:26/1285 train_time:1631ms step_avg:62.74ms
step:27/1285 train_time:1683ms step_avg:62.35ms
step:28/1285 train_time:1738ms step_avg:62.07ms
step:29/1285 train_time:1787ms step_avg:61.62ms
step:30/1285 train_time:1846ms step_avg:61.53ms
step:31/1285 train_time:1894ms step_avg:61.10ms
step:32/1285 train_time:1944ms step_avg:60.76ms
step:33/1285 train_time:1990ms step_avg:60.30ms
step:34/1285 train_time:2045ms step_avg:60.15ms
step:35/1285 train_time:2093ms step_avg:59.80ms
step:36/1285 train_time:2146ms step_avg:59.61ms
step:37/1285 train_time:2194ms step_avg:59.30ms
step:38/1285 train_time:2247ms step_avg:59.14ms
step:39/1285 train_time:2292ms step_avg:58.76ms
step:40/1285 train_time:2344ms step_avg:58.60ms
step:41/1285 train_time:2391ms step_avg:58.32ms
step:42/1285 train_time:2444ms step_avg:58.20ms
step:43/1285 train_time:2491ms step_avg:57.94ms
step:44/1285 train_time:2547ms step_avg:57.88ms
step:45/1285 train_time:2594ms step_avg:57.64ms
step:46/1285 train_time:2648ms step_avg:57.56ms
step:47/1285 train_time:2697ms step_avg:57.39ms
step:48/1285 train_time:2753ms step_avg:57.35ms
step:49/1285 train_time:2800ms step_avg:57.14ms
step:50/1285 train_time:2855ms step_avg:57.11ms
step:51/1285 train_time:2906ms step_avg:56.98ms
step:52/1285 train_time:2964ms step_avg:57.00ms
step:53/1285 train_time:3013ms step_avg:56.86ms
step:54/1285 train_time:3068ms step_avg:56.82ms
step:55/1285 train_time:3118ms step_avg:56.69ms
step:56/1285 train_time:3172ms step_avg:56.64ms
step:57/1285 train_time:3221ms step_avg:56.51ms
step:58/1285 train_time:3274ms step_avg:56.44ms
step:59/1285 train_time:3323ms step_avg:56.32ms
step:60/1285 train_time:3380ms step_avg:56.33ms
step:61/1285 train_time:3430ms step_avg:56.23ms
step:62/1285 train_time:3486ms step_avg:56.23ms
step:63/1285 train_time:3536ms step_avg:56.13ms
step:64/1285 train_time:3589ms step_avg:56.08ms
step:65/1285 train_time:3635ms step_avg:55.93ms
step:66/1285 train_time:3690ms step_avg:55.90ms
step:67/1285 train_time:3737ms step_avg:55.77ms
step:68/1285 train_time:3792ms step_avg:55.77ms
step:69/1285 train_time:3841ms step_avg:55.67ms
step:70/1285 train_time:3895ms step_avg:55.64ms
step:71/1285 train_time:3944ms step_avg:55.55ms
step:72/1285 train_time:4001ms step_avg:55.57ms
step:73/1285 train_time:4050ms step_avg:55.48ms
step:74/1285 train_time:4105ms step_avg:55.47ms
step:75/1285 train_time:4152ms step_avg:55.36ms
step:76/1285 train_time:4206ms step_avg:55.34ms
step:77/1285 train_time:4255ms step_avg:55.26ms
step:78/1285 train_time:4311ms step_avg:55.27ms
step:79/1285 train_time:4359ms step_avg:55.18ms
step:80/1285 train_time:4416ms step_avg:55.20ms
step:81/1285 train_time:4466ms step_avg:55.13ms
step:82/1285 train_time:4519ms step_avg:55.11ms
step:83/1285 train_time:4568ms step_avg:55.03ms
step:84/1285 train_time:4624ms step_avg:55.05ms
step:85/1285 train_time:4673ms step_avg:54.98ms
step:86/1285 train_time:4730ms step_avg:54.99ms
step:87/1285 train_time:4779ms step_avg:54.93ms
step:88/1285 train_time:4837ms step_avg:54.96ms
step:89/1285 train_time:4886ms step_avg:54.89ms
step:90/1285 train_time:4940ms step_avg:54.89ms
step:91/1285 train_time:4988ms step_avg:54.81ms
step:92/1285 train_time:5042ms step_avg:54.81ms
step:93/1285 train_time:5093ms step_avg:54.76ms
step:94/1285 train_time:5149ms step_avg:54.77ms
step:95/1285 train_time:5198ms step_avg:54.71ms
step:96/1285 train_time:5254ms step_avg:54.73ms
step:97/1285 train_time:5302ms step_avg:54.66ms
step:98/1285 train_time:5355ms step_avg:54.64ms
step:99/1285 train_time:5404ms step_avg:54.58ms
step:100/1285 train_time:5459ms step_avg:54.59ms
step:101/1285 train_time:5507ms step_avg:54.52ms
step:102/1285 train_time:5562ms step_avg:54.53ms
step:103/1285 train_time:5610ms step_avg:54.46ms
step:104/1285 train_time:5666ms step_avg:54.48ms
step:105/1285 train_time:5715ms step_avg:54.43ms
step:106/1285 train_time:5770ms step_avg:54.43ms
step:107/1285 train_time:5820ms step_avg:54.39ms
step:108/1285 train_time:5873ms step_avg:54.38ms
step:109/1285 train_time:5922ms step_avg:54.33ms
step:110/1285 train_time:5978ms step_avg:54.34ms
step:111/1285 train_time:6026ms step_avg:54.29ms
step:112/1285 train_time:6079ms step_avg:54.27ms
step:113/1285 train_time:6125ms step_avg:54.20ms
step:114/1285 train_time:6180ms step_avg:54.21ms
step:115/1285 train_time:6233ms step_avg:54.20ms
step:116/1285 train_time:6287ms step_avg:54.20ms
step:117/1285 train_time:6337ms step_avg:54.16ms
step:118/1285 train_time:6391ms step_avg:54.16ms
step:119/1285 train_time:6440ms step_avg:54.11ms
step:120/1285 train_time:6494ms step_avg:54.11ms
step:121/1285 train_time:6540ms step_avg:54.05ms
step:122/1285 train_time:6595ms step_avg:54.06ms
step:123/1285 train_time:6647ms step_avg:54.04ms
step:124/1285 train_time:6703ms step_avg:54.05ms
step:125/1285 train_time:6752ms step_avg:54.02ms
step:126/1285 train_time:6810ms step_avg:54.05ms
step:127/1285 train_time:6861ms step_avg:54.02ms
step:128/1285 train_time:6914ms step_avg:54.01ms
step:129/1285 train_time:6960ms step_avg:53.95ms
step:130/1285 train_time:7016ms step_avg:53.97ms
step:131/1285 train_time:7063ms step_avg:53.92ms
step:132/1285 train_time:7117ms step_avg:53.92ms
step:133/1285 train_time:7167ms step_avg:53.88ms
step:134/1285 train_time:7221ms step_avg:53.89ms
step:135/1285 train_time:7270ms step_avg:53.85ms
step:136/1285 train_time:7327ms step_avg:53.88ms
step:137/1285 train_time:7376ms step_avg:53.84ms
step:138/1285 train_time:7433ms step_avg:53.86ms
step:139/1285 train_time:7484ms step_avg:53.84ms
step:140/1285 train_time:7542ms step_avg:53.87ms
step:141/1285 train_time:7592ms step_avg:53.84ms
step:142/1285 train_time:7649ms step_avg:53.87ms
step:143/1285 train_time:7699ms step_avg:53.84ms
step:144/1285 train_time:7756ms step_avg:53.86ms
step:145/1285 train_time:7806ms step_avg:53.84ms
step:146/1285 train_time:7865ms step_avg:53.87ms
step:147/1285 train_time:7919ms step_avg:53.87ms
step:148/1285 train_time:7973ms step_avg:53.87ms
step:149/1285 train_time:8022ms step_avg:53.84ms
step:150/1285 train_time:8078ms step_avg:53.85ms
step:151/1285 train_time:8127ms step_avg:53.82ms
step:152/1285 train_time:8182ms step_avg:53.83ms
step:153/1285 train_time:8231ms step_avg:53.80ms
step:154/1285 train_time:8289ms step_avg:53.82ms
step:155/1285 train_time:8338ms step_avg:53.79ms
step:156/1285 train_time:8394ms step_avg:53.81ms
step:157/1285 train_time:8444ms step_avg:53.79ms
step:158/1285 train_time:8503ms step_avg:53.82ms
step:159/1285 train_time:8555ms step_avg:53.80ms
step:160/1285 train_time:8610ms step_avg:53.81ms
step:161/1285 train_time:8661ms step_avg:53.80ms
step:162/1285 train_time:8716ms step_avg:53.81ms
step:163/1285 train_time:8766ms step_avg:53.78ms
step:164/1285 train_time:8821ms step_avg:53.79ms
step:165/1285 train_time:8871ms step_avg:53.76ms
step:166/1285 train_time:8926ms step_avg:53.77ms
step:167/1285 train_time:8978ms step_avg:53.76ms
step:168/1285 train_time:9034ms step_avg:53.77ms
step:169/1285 train_time:9082ms step_avg:53.74ms
step:170/1285 train_time:9137ms step_avg:53.75ms
step:171/1285 train_time:9187ms step_avg:53.72ms
step:172/1285 train_time:9243ms step_avg:53.74ms
step:173/1285 train_time:9294ms step_avg:53.72ms
step:174/1285 train_time:9348ms step_avg:53.72ms
step:175/1285 train_time:9396ms step_avg:53.69ms
step:176/1285 train_time:9452ms step_avg:53.70ms
step:177/1285 train_time:9502ms step_avg:53.68ms
step:178/1285 train_time:9558ms step_avg:53.70ms
step:179/1285 train_time:9606ms step_avg:53.66ms
step:180/1285 train_time:9665ms step_avg:53.70ms
step:181/1285 train_time:9714ms step_avg:53.67ms
step:182/1285 train_time:9768ms step_avg:53.67ms
step:183/1285 train_time:9817ms step_avg:53.65ms
step:184/1285 train_time:9875ms step_avg:53.67ms
step:185/1285 train_time:9923ms step_avg:53.64ms
step:186/1285 train_time:9979ms step_avg:53.65ms
step:187/1285 train_time:10028ms step_avg:53.62ms
step:188/1285 train_time:10082ms step_avg:53.63ms
step:189/1285 train_time:10131ms step_avg:53.60ms
step:190/1285 train_time:10188ms step_avg:53.62ms
step:191/1285 train_time:10237ms step_avg:53.60ms
step:192/1285 train_time:10292ms step_avg:53.60ms
step:193/1285 train_time:10341ms step_avg:53.58ms
step:194/1285 train_time:10397ms step_avg:53.60ms
step:195/1285 train_time:10447ms step_avg:53.58ms
step:196/1285 train_time:10500ms step_avg:53.57ms
step:197/1285 train_time:10548ms step_avg:53.54ms
step:198/1285 train_time:10604ms step_avg:53.56ms
step:199/1285 train_time:10653ms step_avg:53.53ms
step:200/1285 train_time:10712ms step_avg:53.56ms
step:201/1285 train_time:10760ms step_avg:53.53ms
step:202/1285 train_time:10817ms step_avg:53.55ms
step:203/1285 train_time:10867ms step_avg:53.53ms
step:204/1285 train_time:10922ms step_avg:53.54ms
step:205/1285 train_time:10969ms step_avg:53.51ms
step:206/1285 train_time:11024ms step_avg:53.51ms
step:207/1285 train_time:11075ms step_avg:53.50ms
step:208/1285 train_time:11131ms step_avg:53.52ms
step:209/1285 train_time:11180ms step_avg:53.49ms
step:210/1285 train_time:11237ms step_avg:53.51ms
step:211/1285 train_time:11289ms step_avg:53.50ms
step:212/1285 train_time:11345ms step_avg:53.52ms
step:213/1285 train_time:11396ms step_avg:53.50ms
step:214/1285 train_time:11451ms step_avg:53.51ms
step:215/1285 train_time:11501ms step_avg:53.50ms
step:216/1285 train_time:11557ms step_avg:53.50ms
step:217/1285 train_time:11608ms step_avg:53.49ms
step:218/1285 train_time:11663ms step_avg:53.50ms
step:219/1285 train_time:11713ms step_avg:53.49ms
step:220/1285 train_time:11770ms step_avg:53.50ms
step:221/1285 train_time:11820ms step_avg:53.48ms
step:222/1285 train_time:11878ms step_avg:53.50ms
step:223/1285 train_time:11928ms step_avg:53.49ms
step:224/1285 train_time:11982ms step_avg:53.49ms
step:225/1285 train_time:12032ms step_avg:53.48ms
step:226/1285 train_time:12096ms step_avg:53.52ms
step:227/1285 train_time:12147ms step_avg:53.51ms
step:228/1285 train_time:12205ms step_avg:53.53ms
step:229/1285 train_time:12256ms step_avg:53.52ms
step:230/1285 train_time:12312ms step_avg:53.53ms
step:231/1285 train_time:12361ms step_avg:53.51ms
step:232/1285 train_time:12416ms step_avg:53.52ms
step:233/1285 train_time:12468ms step_avg:53.51ms
step:234/1285 train_time:12526ms step_avg:53.53ms
step:235/1285 train_time:12575ms step_avg:53.51ms
step:236/1285 train_time:12631ms step_avg:53.52ms
step:237/1285 train_time:12680ms step_avg:53.50ms
step:238/1285 train_time:12741ms step_avg:53.54ms
step:239/1285 train_time:12791ms step_avg:53.52ms
step:240/1285 train_time:12848ms step_avg:53.53ms
step:241/1285 train_time:12895ms step_avg:53.51ms
step:242/1285 train_time:12953ms step_avg:53.52ms
step:243/1285 train_time:13004ms step_avg:53.51ms
step:244/1285 train_time:13059ms step_avg:53.52ms
step:245/1285 train_time:13108ms step_avg:53.50ms
step:246/1285 train_time:13166ms step_avg:53.52ms
step:247/1285 train_time:13215ms step_avg:53.50ms
step:248/1285 train_time:13274ms step_avg:53.52ms
step:249/1285 train_time:13324ms step_avg:53.51ms
step:250/1285 train_time:13380ms step_avg:53.52ms
step:250/1285 val_loss:4.52420521 train_time:13417ms step_avg:53.67ms
step:251/1285 train_time:13470ms step_avg:53.67ms
step:252/1285 train_time:13528ms step_avg:53.68ms
step:253/1285 train_time:13577ms step_avg:53.67ms
step:254/1285 train_time:13634ms step_avg:53.68ms
step:255/1285 train_time:13682ms step_avg:53.66ms
step:256/1285 train_time:13738ms step_avg:53.66ms
step:257/1285 train_time:13787ms step_avg:53.64ms
step:258/1285 train_time:13840ms step_avg:53.64ms
step:259/1285 train_time:13891ms step_avg:53.63ms
step:260/1285 train_time:13944ms step_avg:53.63ms
step:261/1285 train_time:13992ms step_avg:53.61ms
step:262/1285 train_time:14047ms step_avg:53.62ms
step:263/1285 train_time:14097ms step_avg:53.60ms
step:264/1285 train_time:14150ms step_avg:53.60ms
step:265/1285 train_time:14197ms step_avg:53.57ms
step:266/1285 train_time:14250ms step_avg:53.57ms
step:267/1285 train_time:14303ms step_avg:53.57ms
step:268/1285 train_time:14357ms step_avg:53.57ms
step:269/1285 train_time:14408ms step_avg:53.56ms
step:270/1285 train_time:14464ms step_avg:53.57ms
step:271/1285 train_time:14514ms step_avg:53.56ms
step:272/1285 train_time:14566ms step_avg:53.55ms
step:273/1285 train_time:14614ms step_avg:53.53ms
step:274/1285 train_time:14669ms step_avg:53.54ms
step:275/1285 train_time:14719ms step_avg:53.52ms
step:276/1285 train_time:14773ms step_avg:53.53ms
step:277/1285 train_time:14824ms step_avg:53.52ms
step:278/1285 train_time:14879ms step_avg:53.52ms
step:279/1285 train_time:14927ms step_avg:53.50ms
step:280/1285 train_time:14981ms step_avg:53.50ms
step:281/1285 train_time:15028ms step_avg:53.48ms
step:282/1285 train_time:15084ms step_avg:53.49ms
step:283/1285 train_time:15135ms step_avg:53.48ms
step:284/1285 train_time:15190ms step_avg:53.48ms
step:285/1285 train_time:15240ms step_avg:53.47ms
step:286/1285 train_time:15293ms step_avg:53.47ms
step:287/1285 train_time:15344ms step_avg:53.46ms
step:288/1285 train_time:15400ms step_avg:53.47ms
step:289/1285 train_time:15450ms step_avg:53.46ms
step:290/1285 train_time:15506ms step_avg:53.47ms
step:291/1285 train_time:15555ms step_avg:53.46ms
step:292/1285 train_time:15613ms step_avg:53.47ms
step:293/1285 train_time:15664ms step_avg:53.46ms
step:294/1285 train_time:15722ms step_avg:53.48ms
step:295/1285 train_time:15770ms step_avg:53.46ms
step:296/1285 train_time:15825ms step_avg:53.46ms
step:297/1285 train_time:15874ms step_avg:53.45ms
step:298/1285 train_time:15932ms step_avg:53.46ms
step:299/1285 train_time:15981ms step_avg:53.45ms
step:300/1285 train_time:16036ms step_avg:53.45ms
step:301/1285 train_time:16083ms step_avg:53.43ms
step:302/1285 train_time:16141ms step_avg:53.45ms
step:303/1285 train_time:16191ms step_avg:53.44ms
step:304/1285 train_time:16247ms step_avg:53.44ms
step:305/1285 train_time:16296ms step_avg:53.43ms
step:306/1285 train_time:16352ms step_avg:53.44ms
step:307/1285 train_time:16402ms step_avg:53.43ms
step:308/1285 train_time:16453ms step_avg:53.42ms
step:309/1285 train_time:16504ms step_avg:53.41ms
step:310/1285 train_time:16561ms step_avg:53.42ms
step:311/1285 train_time:16611ms step_avg:53.41ms
step:312/1285 train_time:16667ms step_avg:53.42ms
step:313/1285 train_time:16718ms step_avg:53.41ms
step:314/1285 train_time:16774ms step_avg:53.42ms
step:315/1285 train_time:16824ms step_avg:53.41ms
step:316/1285 train_time:16880ms step_avg:53.42ms
step:317/1285 train_time:16930ms step_avg:53.41ms
step:318/1285 train_time:16985ms step_avg:53.41ms
step:319/1285 train_time:17034ms step_avg:53.40ms
step:320/1285 train_time:17089ms step_avg:53.40ms
step:321/1285 train_time:17137ms step_avg:53.39ms
step:322/1285 train_time:17194ms step_avg:53.40ms
step:323/1285 train_time:17243ms step_avg:53.38ms
step:324/1285 train_time:17298ms step_avg:53.39ms
step:325/1285 train_time:17348ms step_avg:53.38ms
step:326/1285 train_time:17402ms step_avg:53.38ms
step:327/1285 train_time:17455ms step_avg:53.38ms
step:328/1285 train_time:17513ms step_avg:53.39ms
step:329/1285 train_time:17562ms step_avg:53.38ms
step:330/1285 train_time:17616ms step_avg:53.38ms
step:331/1285 train_time:17665ms step_avg:53.37ms
step:332/1285 train_time:17722ms step_avg:53.38ms
step:333/1285 train_time:17769ms step_avg:53.36ms
step:334/1285 train_time:17825ms step_avg:53.37ms
step:335/1285 train_time:17873ms step_avg:53.35ms
step:336/1285 train_time:17927ms step_avg:53.35ms
step:337/1285 train_time:17976ms step_avg:53.34ms
step:338/1285 train_time:18033ms step_avg:53.35ms
step:339/1285 train_time:18084ms step_avg:53.35ms
step:340/1285 train_time:18137ms step_avg:53.34ms
step:341/1285 train_time:18186ms step_avg:53.33ms
step:342/1285 train_time:18240ms step_avg:53.33ms
step:343/1285 train_time:18292ms step_avg:53.33ms
step:344/1285 train_time:18349ms step_avg:53.34ms
step:345/1285 train_time:18400ms step_avg:53.33ms
step:346/1285 train_time:18455ms step_avg:53.34ms
step:347/1285 train_time:18504ms step_avg:53.33ms
step:348/1285 train_time:18563ms step_avg:53.34ms
step:349/1285 train_time:18613ms step_avg:53.33ms
step:350/1285 train_time:18669ms step_avg:53.34ms
step:351/1285 train_time:18719ms step_avg:53.33ms
step:352/1285 train_time:18774ms step_avg:53.34ms
step:353/1285 train_time:18823ms step_avg:53.32ms
step:354/1285 train_time:18880ms step_avg:53.33ms
step:355/1285 train_time:18930ms step_avg:53.32ms
step:356/1285 train_time:18988ms step_avg:53.34ms
step:357/1285 train_time:19037ms step_avg:53.32ms
step:358/1285 train_time:19093ms step_avg:53.33ms
step:359/1285 train_time:19143ms step_avg:53.32ms
step:360/1285 train_time:19198ms step_avg:53.33ms
step:361/1285 train_time:19247ms step_avg:53.32ms
step:362/1285 train_time:19304ms step_avg:53.33ms
step:363/1285 train_time:19353ms step_avg:53.32ms
step:364/1285 train_time:19408ms step_avg:53.32ms
step:365/1285 train_time:19457ms step_avg:53.31ms
step:366/1285 train_time:19511ms step_avg:53.31ms
step:367/1285 train_time:19562ms step_avg:53.30ms
step:368/1285 train_time:19619ms step_avg:53.31ms
step:369/1285 train_time:19667ms step_avg:53.30ms
step:370/1285 train_time:19722ms step_avg:53.30ms
step:371/1285 train_time:19770ms step_avg:53.29ms
step:372/1285 train_time:19827ms step_avg:53.30ms
step:373/1285 train_time:19876ms step_avg:53.29ms
step:374/1285 train_time:19931ms step_avg:53.29ms
step:375/1285 train_time:19980ms step_avg:53.28ms
step:376/1285 train_time:20036ms step_avg:53.29ms
step:377/1285 train_time:20083ms step_avg:53.27ms
step:378/1285 train_time:20143ms step_avg:53.29ms
step:379/1285 train_time:20194ms step_avg:53.28ms
step:380/1285 train_time:20251ms step_avg:53.29ms
step:381/1285 train_time:20298ms step_avg:53.28ms
step:382/1285 train_time:20352ms step_avg:53.28ms
step:383/1285 train_time:20399ms step_avg:53.26ms
step:384/1285 train_time:20454ms step_avg:53.27ms
step:385/1285 train_time:20502ms step_avg:53.25ms
step:386/1285 train_time:20557ms step_avg:53.26ms
step:387/1285 train_time:20608ms step_avg:53.25ms
step:388/1285 train_time:20666ms step_avg:53.26ms
step:389/1285 train_time:20713ms step_avg:53.25ms
step:390/1285 train_time:20769ms step_avg:53.25ms
step:391/1285 train_time:20819ms step_avg:53.25ms
step:392/1285 train_time:20875ms step_avg:53.25ms
step:393/1285 train_time:20925ms step_avg:53.24ms
step:394/1285 train_time:20981ms step_avg:53.25ms
step:395/1285 train_time:21031ms step_avg:53.24ms
step:396/1285 train_time:21088ms step_avg:53.25ms
step:397/1285 train_time:21139ms step_avg:53.25ms
step:398/1285 train_time:21196ms step_avg:53.26ms
step:399/1285 train_time:21246ms step_avg:53.25ms
step:400/1285 train_time:21300ms step_avg:53.25ms
step:401/1285 train_time:21347ms step_avg:53.24ms
step:402/1285 train_time:21402ms step_avg:53.24ms
step:403/1285 train_time:21453ms step_avg:53.23ms
step:404/1285 train_time:21508ms step_avg:53.24ms
step:405/1285 train_time:21559ms step_avg:53.23ms
step:406/1285 train_time:21615ms step_avg:53.24ms
step:407/1285 train_time:21664ms step_avg:53.23ms
step:408/1285 train_time:21720ms step_avg:53.24ms
step:409/1285 train_time:21769ms step_avg:53.23ms
step:410/1285 train_time:21825ms step_avg:53.23ms
step:411/1285 train_time:21873ms step_avg:53.22ms
step:412/1285 train_time:21927ms step_avg:53.22ms
step:413/1285 train_time:21977ms step_avg:53.21ms
step:414/1285 train_time:22029ms step_avg:53.21ms
step:415/1285 train_time:22076ms step_avg:53.20ms
step:416/1285 train_time:22131ms step_avg:53.20ms
step:417/1285 train_time:22179ms step_avg:53.19ms
step:418/1285 train_time:22231ms step_avg:53.19ms
step:419/1285 train_time:22278ms step_avg:53.17ms
step:420/1285 train_time:22334ms step_avg:53.18ms
step:421/1285 train_time:22384ms step_avg:53.17ms
step:422/1285 train_time:22440ms step_avg:53.18ms
step:423/1285 train_time:22489ms step_avg:53.17ms
step:424/1285 train_time:22546ms step_avg:53.18ms
step:425/1285 train_time:22595ms step_avg:53.17ms
step:426/1285 train_time:22656ms step_avg:53.18ms
step:427/1285 train_time:22707ms step_avg:53.18ms
step:428/1285 train_time:22765ms step_avg:53.19ms
step:429/1285 train_time:22817ms step_avg:53.19ms
step:430/1285 train_time:22873ms step_avg:53.19ms
step:431/1285 train_time:22924ms step_avg:53.19ms
step:432/1285 train_time:22983ms step_avg:53.20ms
step:433/1285 train_time:23033ms step_avg:53.20ms
step:434/1285 train_time:23091ms step_avg:53.20ms
step:435/1285 train_time:23144ms step_avg:53.20ms
step:436/1285 train_time:23204ms step_avg:53.22ms
step:437/1285 train_time:23256ms step_avg:53.22ms
step:438/1285 train_time:23313ms step_avg:53.23ms
step:439/1285 train_time:23367ms step_avg:53.23ms
step:440/1285 train_time:23426ms step_avg:53.24ms
step:441/1285 train_time:23478ms step_avg:53.24ms
step:442/1285 train_time:23535ms step_avg:53.25ms
step:443/1285 train_time:23587ms step_avg:53.24ms
step:444/1285 train_time:23650ms step_avg:53.26ms
step:445/1285 train_time:23701ms step_avg:53.26ms
step:446/1285 train_time:23766ms step_avg:53.29ms
step:447/1285 train_time:23817ms step_avg:53.28ms
step:448/1285 train_time:23881ms step_avg:53.30ms
step:449/1285 train_time:23933ms step_avg:53.30ms
step:450/1285 train_time:23994ms step_avg:53.32ms
step:451/1285 train_time:24044ms step_avg:53.31ms
step:452/1285 train_time:24108ms step_avg:53.34ms
step:453/1285 train_time:24160ms step_avg:53.33ms
step:454/1285 train_time:24221ms step_avg:53.35ms
step:455/1285 train_time:24272ms step_avg:53.35ms
step:456/1285 train_time:24337ms step_avg:53.37ms
step:457/1285 train_time:24389ms step_avg:53.37ms
step:458/1285 train_time:24451ms step_avg:53.39ms
step:459/1285 train_time:24502ms step_avg:53.38ms
step:460/1285 train_time:24567ms step_avg:53.41ms
step:461/1285 train_time:24618ms step_avg:53.40ms
step:462/1285 train_time:24683ms step_avg:53.43ms
step:463/1285 train_time:24731ms step_avg:53.42ms
step:464/1285 train_time:24796ms step_avg:53.44ms
step:465/1285 train_time:24848ms step_avg:53.44ms
step:466/1285 train_time:24910ms step_avg:53.46ms
step:467/1285 train_time:24963ms step_avg:53.45ms
step:468/1285 train_time:25025ms step_avg:53.47ms
step:469/1285 train_time:25076ms step_avg:53.47ms
step:470/1285 train_time:25140ms step_avg:53.49ms
step:471/1285 train_time:25192ms step_avg:53.49ms
step:472/1285 train_time:25253ms step_avg:53.50ms
step:473/1285 train_time:25304ms step_avg:53.50ms
step:474/1285 train_time:25369ms step_avg:53.52ms
step:475/1285 train_time:25422ms step_avg:53.52ms
step:476/1285 train_time:25483ms step_avg:53.54ms
step:477/1285 train_time:25572ms step_avg:53.61ms
step:478/1285 train_time:25633ms step_avg:53.62ms
step:479/1285 train_time:25686ms step_avg:53.62ms
step:480/1285 train_time:25741ms step_avg:53.63ms
step:481/1285 train_time:25791ms step_avg:53.62ms
step:482/1285 train_time:25844ms step_avg:53.62ms
step:483/1285 train_time:25891ms step_avg:53.60ms
step:484/1285 train_time:25950ms step_avg:53.62ms
step:485/1285 train_time:26002ms step_avg:53.61ms
step:486/1285 train_time:26058ms step_avg:53.62ms
step:487/1285 train_time:26110ms step_avg:53.61ms
step:488/1285 train_time:26174ms step_avg:53.64ms
step:489/1285 train_time:26228ms step_avg:53.64ms
step:490/1285 train_time:26287ms step_avg:53.65ms
step:491/1285 train_time:26337ms step_avg:53.64ms
step:492/1285 train_time:26401ms step_avg:53.66ms
step:493/1285 train_time:26451ms step_avg:53.65ms
step:494/1285 train_time:26516ms step_avg:53.68ms
step:495/1285 train_time:26567ms step_avg:53.67ms
step:496/1285 train_time:26631ms step_avg:53.69ms
step:497/1285 train_time:26682ms step_avg:53.69ms
step:498/1285 train_time:26746ms step_avg:53.71ms
step:499/1285 train_time:26797ms step_avg:53.70ms
step:500/1285 train_time:26861ms step_avg:53.72ms
step:500/1285 val_loss:4.13951302 train_time:26920ms step_avg:53.84ms
step:501/1285 train_time:26971ms step_avg:53.84ms
step:502/1285 train_time:27030ms step_avg:53.85ms
step:503/1285 train_time:27083ms step_avg:53.84ms
step:504/1285 train_time:27141ms step_avg:53.85ms
step:505/1285 train_time:27190ms step_avg:53.84ms
step:506/1285 train_time:27246ms step_avg:53.85ms
step:507/1285 train_time:27298ms step_avg:53.84ms
step:508/1285 train_time:27353ms step_avg:53.84ms
step:509/1285 train_time:27402ms step_avg:53.83ms
step:510/1285 train_time:27460ms step_avg:53.84ms
step:511/1285 train_time:27513ms step_avg:53.84ms
step:512/1285 train_time:27570ms step_avg:53.85ms
step:513/1285 train_time:27619ms step_avg:53.84ms
step:514/1285 train_time:27679ms step_avg:53.85ms
step:515/1285 train_time:27732ms step_avg:53.85ms
step:516/1285 train_time:27795ms step_avg:53.87ms
step:517/1285 train_time:27845ms step_avg:53.86ms
step:518/1285 train_time:27908ms step_avg:53.88ms
step:519/1285 train_time:27959ms step_avg:53.87ms
step:520/1285 train_time:28026ms step_avg:53.90ms
step:521/1285 train_time:28081ms step_avg:53.90ms
step:522/1285 train_time:28141ms step_avg:53.91ms
step:523/1285 train_time:28192ms step_avg:53.91ms
step:524/1285 train_time:28256ms step_avg:53.92ms
step:525/1285 train_time:28308ms step_avg:53.92ms
step:526/1285 train_time:28371ms step_avg:53.94ms
step:527/1285 train_time:28421ms step_avg:53.93ms
step:528/1285 train_time:28485ms step_avg:53.95ms
step:529/1285 train_time:28537ms step_avg:53.95ms
step:530/1285 train_time:28601ms step_avg:53.96ms
step:531/1285 train_time:28651ms step_avg:53.96ms
step:532/1285 train_time:28714ms step_avg:53.97ms
step:533/1285 train_time:28766ms step_avg:53.97ms
step:534/1285 train_time:28829ms step_avg:53.99ms
step:535/1285 train_time:28883ms step_avg:53.99ms
step:536/1285 train_time:28943ms step_avg:54.00ms
step:537/1285 train_time:28994ms step_avg:53.99ms
step:538/1285 train_time:29060ms step_avg:54.01ms
step:539/1285 train_time:29111ms step_avg:54.01ms
step:540/1285 train_time:29175ms step_avg:54.03ms
step:541/1285 train_time:29225ms step_avg:54.02ms
step:542/1285 train_time:29291ms step_avg:54.04ms
step:543/1285 train_time:29344ms step_avg:54.04ms
step:544/1285 train_time:29407ms step_avg:54.06ms
step:545/1285 train_time:29459ms step_avg:54.05ms
step:546/1285 train_time:29519ms step_avg:54.06ms
step:547/1285 train_time:29571ms step_avg:54.06ms
step:548/1285 train_time:29635ms step_avg:54.08ms
step:549/1285 train_time:29685ms step_avg:54.07ms
step:550/1285 train_time:29748ms step_avg:54.09ms
step:551/1285 train_time:29798ms step_avg:54.08ms
step:552/1285 train_time:29862ms step_avg:54.10ms
step:553/1285 train_time:29916ms step_avg:54.10ms
step:554/1285 train_time:29977ms step_avg:54.11ms
step:555/1285 train_time:30027ms step_avg:54.10ms
step:556/1285 train_time:30094ms step_avg:54.13ms
step:557/1285 train_time:30146ms step_avg:54.12ms
step:558/1285 train_time:30208ms step_avg:54.14ms
step:559/1285 train_time:30260ms step_avg:54.13ms
step:560/1285 train_time:30323ms step_avg:54.15ms
step:561/1285 train_time:30374ms step_avg:54.14ms
step:562/1285 train_time:30437ms step_avg:54.16ms
step:563/1285 train_time:30490ms step_avg:54.16ms
step:564/1285 train_time:30554ms step_avg:54.17ms
step:565/1285 train_time:30606ms step_avg:54.17ms
step:566/1285 train_time:30668ms step_avg:54.18ms
step:567/1285 train_time:30720ms step_avg:54.18ms
step:568/1285 train_time:30782ms step_avg:54.19ms
step:569/1285 train_time:30833ms step_avg:54.19ms
step:570/1285 train_time:30895ms step_avg:54.20ms
step:571/1285 train_time:30947ms step_avg:54.20ms
step:572/1285 train_time:31011ms step_avg:54.21ms
step:573/1285 train_time:31062ms step_avg:54.21ms
step:574/1285 train_time:31128ms step_avg:54.23ms
step:575/1285 train_time:31179ms step_avg:54.22ms
step:576/1285 train_time:31243ms step_avg:54.24ms
step:577/1285 train_time:31294ms step_avg:54.24ms
step:578/1285 train_time:31359ms step_avg:54.25ms
step:579/1285 train_time:31409ms step_avg:54.25ms
step:580/1285 train_time:31473ms step_avg:54.26ms
step:581/1285 train_time:31528ms step_avg:54.27ms
step:582/1285 train_time:31589ms step_avg:54.28ms
step:583/1285 train_time:31639ms step_avg:54.27ms
step:584/1285 train_time:31703ms step_avg:54.29ms
step:585/1285 train_time:31756ms step_avg:54.28ms
step:586/1285 train_time:31818ms step_avg:54.30ms
step:587/1285 train_time:31869ms step_avg:54.29ms
step:588/1285 train_time:31932ms step_avg:54.31ms
step:589/1285 train_time:31984ms step_avg:54.30ms
step:590/1285 train_time:32048ms step_avg:54.32ms
step:591/1285 train_time:32098ms step_avg:54.31ms
step:592/1285 train_time:32164ms step_avg:54.33ms
step:593/1285 train_time:32215ms step_avg:54.33ms
step:594/1285 train_time:32278ms step_avg:54.34ms
step:595/1285 train_time:32329ms step_avg:54.33ms
step:596/1285 train_time:32393ms step_avg:54.35ms
step:597/1285 train_time:32445ms step_avg:54.35ms
step:598/1285 train_time:32508ms step_avg:54.36ms
step:599/1285 train_time:32558ms step_avg:54.35ms
step:600/1285 train_time:32623ms step_avg:54.37ms
step:601/1285 train_time:32677ms step_avg:54.37ms
step:602/1285 train_time:32738ms step_avg:54.38ms
step:603/1285 train_time:32788ms step_avg:54.38ms
step:604/1285 train_time:32852ms step_avg:54.39ms
step:605/1285 train_time:32904ms step_avg:54.39ms
step:606/1285 train_time:32968ms step_avg:54.40ms
step:607/1285 train_time:33020ms step_avg:54.40ms
step:608/1285 train_time:33083ms step_avg:54.41ms
step:609/1285 train_time:33135ms step_avg:54.41ms
step:610/1285 train_time:33197ms step_avg:54.42ms
step:611/1285 train_time:33248ms step_avg:54.42ms
step:612/1285 train_time:33313ms step_avg:54.43ms
step:613/1285 train_time:33364ms step_avg:54.43ms
step:614/1285 train_time:33427ms step_avg:54.44ms
step:615/1285 train_time:33481ms step_avg:54.44ms
step:616/1285 train_time:33542ms step_avg:54.45ms
step:617/1285 train_time:33593ms step_avg:54.45ms
step:618/1285 train_time:33657ms step_avg:54.46ms
step:619/1285 train_time:33709ms step_avg:54.46ms
step:620/1285 train_time:33773ms step_avg:54.47ms
step:621/1285 train_time:33825ms step_avg:54.47ms
step:622/1285 train_time:33889ms step_avg:54.48ms
step:623/1285 train_time:33942ms step_avg:54.48ms
step:624/1285 train_time:34003ms step_avg:54.49ms
step:625/1285 train_time:34056ms step_avg:54.49ms
step:626/1285 train_time:34119ms step_avg:54.50ms
step:627/1285 train_time:34170ms step_avg:54.50ms
step:628/1285 train_time:34234ms step_avg:54.51ms
step:629/1285 train_time:34285ms step_avg:54.51ms
step:630/1285 train_time:34351ms step_avg:54.53ms
step:631/1285 train_time:34403ms step_avg:54.52ms
step:632/1285 train_time:34465ms step_avg:54.53ms
step:633/1285 train_time:34516ms step_avg:54.53ms
step:634/1285 train_time:34581ms step_avg:54.54ms
step:635/1285 train_time:34633ms step_avg:54.54ms
step:636/1285 train_time:34695ms step_avg:54.55ms
step:637/1285 train_time:34748ms step_avg:54.55ms
step:638/1285 train_time:34810ms step_avg:54.56ms
step:639/1285 train_time:34860ms step_avg:54.55ms
step:640/1285 train_time:34924ms step_avg:54.57ms
step:641/1285 train_time:34976ms step_avg:54.57ms
step:642/1285 train_time:35039ms step_avg:54.58ms
step:643/1285 train_time:35093ms step_avg:54.58ms
step:644/1285 train_time:35156ms step_avg:54.59ms
step:645/1285 train_time:35208ms step_avg:54.59ms
step:646/1285 train_time:35271ms step_avg:54.60ms
step:647/1285 train_time:35322ms step_avg:54.59ms
step:648/1285 train_time:35386ms step_avg:54.61ms
step:649/1285 train_time:35438ms step_avg:54.60ms
step:650/1285 train_time:35500ms step_avg:54.62ms
step:651/1285 train_time:35553ms step_avg:54.61ms
step:652/1285 train_time:35615ms step_avg:54.62ms
step:653/1285 train_time:35668ms step_avg:54.62ms
step:654/1285 train_time:35730ms step_avg:54.63ms
step:655/1285 train_time:35781ms step_avg:54.63ms
step:656/1285 train_time:35847ms step_avg:54.64ms
step:657/1285 train_time:35900ms step_avg:54.64ms
step:658/1285 train_time:35962ms step_avg:54.65ms
step:659/1285 train_time:36016ms step_avg:54.65ms
step:660/1285 train_time:36076ms step_avg:54.66ms
step:661/1285 train_time:36127ms step_avg:54.66ms
step:662/1285 train_time:36191ms step_avg:54.67ms
step:663/1285 train_time:36242ms step_avg:54.66ms
step:664/1285 train_time:36307ms step_avg:54.68ms
step:665/1285 train_time:36358ms step_avg:54.67ms
step:666/1285 train_time:36422ms step_avg:54.69ms
step:667/1285 train_time:36474ms step_avg:54.68ms
step:668/1285 train_time:36536ms step_avg:54.69ms
step:669/1285 train_time:36588ms step_avg:54.69ms
step:670/1285 train_time:36652ms step_avg:54.70ms
step:671/1285 train_time:36705ms step_avg:54.70ms
step:672/1285 train_time:36768ms step_avg:54.71ms
step:673/1285 train_time:36819ms step_avg:54.71ms
step:674/1285 train_time:36884ms step_avg:54.72ms
step:675/1285 train_time:36935ms step_avg:54.72ms
step:676/1285 train_time:36998ms step_avg:54.73ms
step:677/1285 train_time:37050ms step_avg:54.73ms
step:678/1285 train_time:37114ms step_avg:54.74ms
step:679/1285 train_time:37165ms step_avg:54.73ms
step:680/1285 train_time:37228ms step_avg:54.75ms
step:681/1285 train_time:37280ms step_avg:54.74ms
step:682/1285 train_time:37344ms step_avg:54.76ms
step:683/1285 train_time:37398ms step_avg:54.75ms
step:684/1285 train_time:37458ms step_avg:54.76ms
step:685/1285 train_time:37510ms step_avg:54.76ms
step:686/1285 train_time:37575ms step_avg:54.77ms
step:687/1285 train_time:37627ms step_avg:54.77ms
step:688/1285 train_time:37690ms step_avg:54.78ms
step:689/1285 train_time:37741ms step_avg:54.78ms
step:690/1285 train_time:37805ms step_avg:54.79ms
step:691/1285 train_time:37858ms step_avg:54.79ms
step:692/1285 train_time:37921ms step_avg:54.80ms
step:693/1285 train_time:37971ms step_avg:54.79ms
step:694/1285 train_time:38036ms step_avg:54.81ms
step:695/1285 train_time:38088ms step_avg:54.80ms
step:696/1285 train_time:38152ms step_avg:54.82ms
step:697/1285 train_time:38203ms step_avg:54.81ms
step:698/1285 train_time:38268ms step_avg:54.83ms
step:699/1285 train_time:38320ms step_avg:54.82ms
step:700/1285 train_time:38382ms step_avg:54.83ms
step:701/1285 train_time:38433ms step_avg:54.83ms
step:702/1285 train_time:38497ms step_avg:54.84ms
step:703/1285 train_time:38547ms step_avg:54.83ms
step:704/1285 train_time:38613ms step_avg:54.85ms
step:705/1285 train_time:38664ms step_avg:54.84ms
step:706/1285 train_time:38728ms step_avg:54.86ms
step:707/1285 train_time:38778ms step_avg:54.85ms
step:708/1285 train_time:38842ms step_avg:54.86ms
step:709/1285 train_time:38895ms step_avg:54.86ms
step:710/1285 train_time:38957ms step_avg:54.87ms
step:711/1285 train_time:39009ms step_avg:54.87ms
step:712/1285 train_time:39075ms step_avg:54.88ms
step:713/1285 train_time:39127ms step_avg:54.88ms
step:714/1285 train_time:39190ms step_avg:54.89ms
step:715/1285 train_time:39242ms step_avg:54.88ms
step:716/1285 train_time:39304ms step_avg:54.89ms
step:717/1285 train_time:39356ms step_avg:54.89ms
step:718/1285 train_time:39417ms step_avg:54.90ms
step:719/1285 train_time:39476ms step_avg:54.90ms
step:720/1285 train_time:39536ms step_avg:54.91ms
step:721/1285 train_time:39588ms step_avg:54.91ms
step:722/1285 train_time:39647ms step_avg:54.91ms
step:723/1285 train_time:39701ms step_avg:54.91ms
step:724/1285 train_time:39762ms step_avg:54.92ms
step:725/1285 train_time:39815ms step_avg:54.92ms
step:726/1285 train_time:39877ms step_avg:54.93ms
step:727/1285 train_time:39929ms step_avg:54.92ms
step:728/1285 train_time:39995ms step_avg:54.94ms
step:729/1285 train_time:40047ms step_avg:54.93ms
step:730/1285 train_time:40109ms step_avg:54.94ms
step:731/1285 train_time:40161ms step_avg:54.94ms
step:732/1285 train_time:40225ms step_avg:54.95ms
step:733/1285 train_time:40278ms step_avg:54.95ms
step:734/1285 train_time:40339ms step_avg:54.96ms
step:735/1285 train_time:40391ms step_avg:54.95ms
step:736/1285 train_time:40454ms step_avg:54.96ms
step:737/1285 train_time:40508ms step_avg:54.96ms
step:738/1285 train_time:40570ms step_avg:54.97ms
step:739/1285 train_time:40625ms step_avg:54.97ms
step:740/1285 train_time:40688ms step_avg:54.98ms
step:741/1285 train_time:40741ms step_avg:54.98ms
step:742/1285 train_time:40800ms step_avg:54.99ms
step:743/1285 train_time:40855ms step_avg:54.99ms
step:744/1285 train_time:40916ms step_avg:54.99ms
step:745/1285 train_time:40967ms step_avg:54.99ms
step:746/1285 train_time:41030ms step_avg:55.00ms
step:747/1285 train_time:41082ms step_avg:55.00ms
step:748/1285 train_time:41147ms step_avg:55.01ms
step:749/1285 train_time:41202ms step_avg:55.01ms
step:750/1285 train_time:41263ms step_avg:55.02ms
step:750/1285 val_loss:3.68073153 train_time:41321ms step_avg:55.09ms
step:751/1285 train_time:41373ms step_avg:55.09ms
step:752/1285 train_time:41433ms step_avg:55.10ms
step:753/1285 train_time:41486ms step_avg:55.09ms
step:754/1285 train_time:41545ms step_avg:55.10ms
step:755/1285 train_time:41598ms step_avg:55.10ms
step:756/1285 train_time:41654ms step_avg:55.10ms
step:757/1285 train_time:41704ms step_avg:55.09ms
step:758/1285 train_time:41762ms step_avg:55.10ms
step:759/1285 train_time:41812ms step_avg:55.09ms
step:760/1285 train_time:41867ms step_avg:55.09ms
step:761/1285 train_time:41919ms step_avg:55.08ms
step:762/1285 train_time:41978ms step_avg:55.09ms
step:763/1285 train_time:42031ms step_avg:55.09ms
step:764/1285 train_time:42090ms step_avg:55.09ms
step:765/1285 train_time:42140ms step_avg:55.08ms
step:766/1285 train_time:42197ms step_avg:55.09ms
step:767/1285 train_time:42247ms step_avg:55.08ms
step:768/1285 train_time:42313ms step_avg:55.09ms
step:769/1285 train_time:42365ms step_avg:55.09ms
step:770/1285 train_time:42429ms step_avg:55.10ms
step:771/1285 train_time:42484ms step_avg:55.10ms
step:772/1285 train_time:42546ms step_avg:55.11ms
step:773/1285 train_time:42599ms step_avg:55.11ms
step:774/1285 train_time:42660ms step_avg:55.12ms
step:775/1285 train_time:42712ms step_avg:55.11ms
step:776/1285 train_time:42778ms step_avg:55.13ms
step:777/1285 train_time:42828ms step_avg:55.12ms
step:778/1285 train_time:42895ms step_avg:55.13ms
step:779/1285 train_time:42948ms step_avg:55.13ms
step:780/1285 train_time:43007ms step_avg:55.14ms
step:781/1285 train_time:43056ms step_avg:55.13ms
step:782/1285 train_time:43121ms step_avg:55.14ms
step:783/1285 train_time:43174ms step_avg:55.14ms
step:784/1285 train_time:43236ms step_avg:55.15ms
step:785/1285 train_time:43286ms step_avg:55.14ms
step:786/1285 train_time:43354ms step_avg:55.16ms
step:787/1285 train_time:43404ms step_avg:55.15ms
step:788/1285 train_time:43468ms step_avg:55.16ms
step:789/1285 train_time:43520ms step_avg:55.16ms
step:790/1285 train_time:43584ms step_avg:55.17ms
step:791/1285 train_time:43635ms step_avg:55.16ms
step:792/1285 train_time:43701ms step_avg:55.18ms
step:793/1285 train_time:43751ms step_avg:55.17ms
step:794/1285 train_time:43863ms step_avg:55.24ms
step:795/1285 train_time:43924ms step_avg:55.25ms
step:796/1285 train_time:43986ms step_avg:55.26ms
step:797/1285 train_time:44039ms step_avg:55.26ms
step:798/1285 train_time:44096ms step_avg:55.26ms
step:799/1285 train_time:44148ms step_avg:55.25ms
step:800/1285 train_time:44208ms step_avg:55.26ms
step:801/1285 train_time:44258ms step_avg:55.25ms
step:802/1285 train_time:44316ms step_avg:55.26ms
step:803/1285 train_time:44366ms step_avg:55.25ms
step:804/1285 train_time:44424ms step_avg:55.25ms
step:805/1285 train_time:44477ms step_avg:55.25ms
step:806/1285 train_time:44536ms step_avg:55.26ms
step:807/1285 train_time:44588ms step_avg:55.25ms
step:808/1285 train_time:44647ms step_avg:55.26ms
step:809/1285 train_time:44701ms step_avg:55.26ms
step:810/1285 train_time:44762ms step_avg:55.26ms
step:811/1285 train_time:44815ms step_avg:55.26ms
step:812/1285 train_time:44877ms step_avg:55.27ms
step:813/1285 train_time:44930ms step_avg:55.26ms
step:814/1285 train_time:44996ms step_avg:55.28ms
step:815/1285 train_time:45049ms step_avg:55.27ms
step:816/1285 train_time:45112ms step_avg:55.28ms
step:817/1285 train_time:45166ms step_avg:55.28ms
step:818/1285 train_time:45226ms step_avg:55.29ms
step:819/1285 train_time:45278ms step_avg:55.28ms
step:820/1285 train_time:45341ms step_avg:55.29ms
step:821/1285 train_time:45393ms step_avg:55.29ms
step:822/1285 train_time:45457ms step_avg:55.30ms
step:823/1285 train_time:45512ms step_avg:55.30ms
step:824/1285 train_time:45571ms step_avg:55.30ms
step:825/1285 train_time:45624ms step_avg:55.30ms
step:826/1285 train_time:45689ms step_avg:55.31ms
step:827/1285 train_time:45743ms step_avg:55.31ms
step:828/1285 train_time:45803ms step_avg:55.32ms
step:829/1285 train_time:45855ms step_avg:55.31ms
step:830/1285 train_time:45918ms step_avg:55.32ms
step:831/1285 train_time:45971ms step_avg:55.32ms
step:832/1285 train_time:46036ms step_avg:55.33ms
step:833/1285 train_time:46090ms step_avg:55.33ms
step:834/1285 train_time:46152ms step_avg:55.34ms
step:835/1285 train_time:46206ms step_avg:55.34ms
step:836/1285 train_time:46267ms step_avg:55.34ms
step:837/1285 train_time:46319ms step_avg:55.34ms
step:838/1285 train_time:46382ms step_avg:55.35ms
step:839/1285 train_time:46432ms step_avg:55.34ms
step:840/1285 train_time:46498ms step_avg:55.35ms
step:841/1285 train_time:46552ms step_avg:55.35ms
step:842/1285 train_time:46612ms step_avg:55.36ms
step:843/1285 train_time:46664ms step_avg:55.35ms
step:844/1285 train_time:46728ms step_avg:55.36ms
step:845/1285 train_time:46780ms step_avg:55.36ms
step:846/1285 train_time:46843ms step_avg:55.37ms
step:847/1285 train_time:46897ms step_avg:55.37ms
step:848/1285 train_time:46962ms step_avg:55.38ms
step:849/1285 train_time:47039ms step_avg:55.41ms
step:850/1285 train_time:47131ms step_avg:55.45ms
step:851/1285 train_time:47209ms step_avg:55.47ms
step:852/1285 train_time:47298ms step_avg:55.51ms
step:853/1285 train_time:47374ms step_avg:55.54ms
step:854/1285 train_time:47463ms step_avg:55.58ms
step:855/1285 train_time:47540ms step_avg:55.60ms
step:856/1285 train_time:47630ms step_avg:55.64ms
step:857/1285 train_time:47709ms step_avg:55.67ms
step:858/1285 train_time:47798ms step_avg:55.71ms
step:859/1285 train_time:47876ms step_avg:55.73ms
step:860/1285 train_time:47964ms step_avg:55.77ms
step:861/1285 train_time:48042ms step_avg:55.80ms
step:862/1285 train_time:48133ms step_avg:55.84ms
step:863/1285 train_time:48210ms step_avg:55.86ms
step:864/1285 train_time:48300ms step_avg:55.90ms
step:865/1285 train_time:48377ms step_avg:55.93ms
step:866/1285 train_time:48466ms step_avg:55.97ms
step:867/1285 train_time:48542ms step_avg:55.99ms
step:868/1285 train_time:48634ms step_avg:56.03ms
step:869/1285 train_time:48711ms step_avg:56.05ms
step:870/1285 train_time:48801ms step_avg:56.09ms
step:871/1285 train_time:48879ms step_avg:56.12ms
step:872/1285 train_time:48969ms step_avg:56.16ms
step:873/1285 train_time:49047ms step_avg:56.18ms
step:874/1285 train_time:49137ms step_avg:56.22ms
step:875/1285 train_time:49214ms step_avg:56.24ms
step:876/1285 train_time:49304ms step_avg:56.28ms
step:877/1285 train_time:49381ms step_avg:56.31ms
step:878/1285 train_time:49470ms step_avg:56.34ms
step:879/1285 train_time:49547ms step_avg:56.37ms
step:880/1285 train_time:49636ms step_avg:56.40ms
step:881/1285 train_time:49715ms step_avg:56.43ms
step:882/1285 train_time:49804ms step_avg:56.47ms
step:883/1285 train_time:49880ms step_avg:56.49ms
step:884/1285 train_time:49970ms step_avg:56.53ms
step:885/1285 train_time:50048ms step_avg:56.55ms
step:886/1285 train_time:50139ms step_avg:56.59ms
step:887/1285 train_time:50214ms step_avg:56.61ms
step:888/1285 train_time:50305ms step_avg:56.65ms
step:889/1285 train_time:50381ms step_avg:56.67ms
step:890/1285 train_time:50471ms step_avg:56.71ms
step:891/1285 train_time:50549ms step_avg:56.73ms
step:892/1285 train_time:50638ms step_avg:56.77ms
step:893/1285 train_time:50715ms step_avg:56.79ms
step:894/1285 train_time:50806ms step_avg:56.83ms
step:895/1285 train_time:50884ms step_avg:56.85ms
step:896/1285 train_time:50974ms step_avg:56.89ms
step:897/1285 train_time:51051ms step_avg:56.91ms
step:898/1285 train_time:51141ms step_avg:56.95ms
step:899/1285 train_time:51218ms step_avg:56.97ms
step:900/1285 train_time:51307ms step_avg:57.01ms
step:901/1285 train_time:51385ms step_avg:57.03ms
step:902/1285 train_time:51476ms step_avg:57.07ms
step:903/1285 train_time:51552ms step_avg:57.09ms
step:904/1285 train_time:51641ms step_avg:57.13ms
step:905/1285 train_time:51719ms step_avg:57.15ms
step:906/1285 train_time:51810ms step_avg:57.19ms
step:907/1285 train_time:51888ms step_avg:57.21ms
step:908/1285 train_time:51978ms step_avg:57.24ms
step:909/1285 train_time:52054ms step_avg:57.26ms
step:910/1285 train_time:52144ms step_avg:57.30ms
step:911/1285 train_time:52220ms step_avg:57.32ms
step:912/1285 train_time:52312ms step_avg:57.36ms
step:913/1285 train_time:52388ms step_avg:57.38ms
step:914/1285 train_time:52479ms step_avg:57.42ms
step:915/1285 train_time:52554ms step_avg:57.44ms
step:916/1285 train_time:52642ms step_avg:57.47ms
step:917/1285 train_time:52720ms step_avg:57.49ms
step:918/1285 train_time:52811ms step_avg:57.53ms
step:919/1285 train_time:52890ms step_avg:57.55ms
step:920/1285 train_time:52981ms step_avg:57.59ms
step:921/1285 train_time:53057ms step_avg:57.61ms
step:922/1285 train_time:53147ms step_avg:57.64ms
step:923/1285 train_time:53226ms step_avg:57.67ms
step:924/1285 train_time:53315ms step_avg:57.70ms
step:925/1285 train_time:53394ms step_avg:57.72ms
step:926/1285 train_time:53483ms step_avg:57.76ms
step:927/1285 train_time:53561ms step_avg:57.78ms
step:928/1285 train_time:53650ms step_avg:57.81ms
step:929/1285 train_time:53730ms step_avg:57.84ms
step:930/1285 train_time:53819ms step_avg:57.87ms
step:931/1285 train_time:53896ms step_avg:57.89ms
step:932/1285 train_time:53985ms step_avg:57.92ms
step:933/1285 train_time:54061ms step_avg:57.94ms
step:934/1285 train_time:54150ms step_avg:57.98ms
step:935/1285 train_time:54228ms step_avg:58.00ms
step:936/1285 train_time:54319ms step_avg:58.03ms
step:937/1285 train_time:54395ms step_avg:58.05ms
step:938/1285 train_time:54485ms step_avg:58.09ms
step:939/1285 train_time:54563ms step_avg:58.11ms
step:940/1285 train_time:54653ms step_avg:58.14ms
step:941/1285 train_time:54730ms step_avg:58.16ms
step:942/1285 train_time:54820ms step_avg:58.20ms
step:943/1285 train_time:54897ms step_avg:58.22ms
step:944/1285 train_time:54987ms step_avg:58.25ms
step:945/1285 train_time:55064ms step_avg:58.27ms
step:946/1285 train_time:55153ms step_avg:58.30ms
step:947/1285 train_time:55232ms step_avg:58.32ms
step:948/1285 train_time:55322ms step_avg:58.36ms
step:949/1285 train_time:55399ms step_avg:58.38ms
step:950/1285 train_time:55490ms step_avg:58.41ms
step:951/1285 train_time:55568ms step_avg:58.43ms
step:952/1285 train_time:55658ms step_avg:58.46ms
step:953/1285 train_time:55734ms step_avg:58.48ms
step:954/1285 train_time:55824ms step_avg:58.52ms
step:955/1285 train_time:55902ms step_avg:58.54ms
step:956/1285 train_time:55991ms step_avg:58.57ms
step:957/1285 train_time:56070ms step_avg:58.59ms
step:958/1285 train_time:56160ms step_avg:58.62ms
step:959/1285 train_time:56236ms step_avg:58.64ms
step:960/1285 train_time:56328ms step_avg:58.68ms
step:961/1285 train_time:56403ms step_avg:58.69ms
step:962/1285 train_time:56494ms step_avg:58.73ms
step:963/1285 train_time:56572ms step_avg:58.75ms
step:964/1285 train_time:56662ms step_avg:58.78ms
step:965/1285 train_time:56738ms step_avg:58.80ms
step:966/1285 train_time:56828ms step_avg:58.83ms
step:967/1285 train_time:56905ms step_avg:58.85ms
step:968/1285 train_time:56995ms step_avg:58.88ms
step:969/1285 train_time:57073ms step_avg:58.90ms
step:970/1285 train_time:57161ms step_avg:58.93ms
step:971/1285 train_time:57239ms step_avg:58.95ms
step:972/1285 train_time:57328ms step_avg:58.98ms
step:973/1285 train_time:57406ms step_avg:59.00ms
step:974/1285 train_time:57498ms step_avg:59.03ms
step:975/1285 train_time:57576ms step_avg:59.05ms
step:976/1285 train_time:57663ms step_avg:59.08ms
step:977/1285 train_time:57740ms step_avg:59.10ms
step:978/1285 train_time:57831ms step_avg:59.13ms
step:979/1285 train_time:57909ms step_avg:59.15ms
step:980/1285 train_time:58001ms step_avg:59.18ms
step:981/1285 train_time:58076ms step_avg:59.20ms
step:982/1285 train_time:58166ms step_avg:59.23ms
step:983/1285 train_time:58243ms step_avg:59.25ms
step:984/1285 train_time:58333ms step_avg:59.28ms
step:985/1285 train_time:58411ms step_avg:59.30ms
step:986/1285 train_time:58502ms step_avg:59.33ms
step:987/1285 train_time:58578ms step_avg:59.35ms
step:988/1285 train_time:58668ms step_avg:59.38ms
step:989/1285 train_time:58745ms step_avg:59.40ms
step:990/1285 train_time:58836ms step_avg:59.43ms
step:991/1285 train_time:58913ms step_avg:59.45ms
step:992/1285 train_time:59003ms step_avg:59.48ms
step:993/1285 train_time:59081ms step_avg:59.50ms
step:994/1285 train_time:59170ms step_avg:59.53ms
step:995/1285 train_time:59248ms step_avg:59.55ms
step:996/1285 train_time:59338ms step_avg:59.58ms
step:997/1285 train_time:59416ms step_avg:59.59ms
step:998/1285 train_time:59505ms step_avg:59.62ms
step:999/1285 train_time:59582ms step_avg:59.64ms
step:1000/1285 train_time:59673ms step_avg:59.67ms
step:1000/1285 val_loss:3.41605449 train_time:59758ms step_avg:59.76ms
step:1001/1285 train_time:59815ms step_avg:59.76ms
step:1002/1285 train_time:59872ms step_avg:59.75ms
step:1003/1285 train_time:59927ms step_avg:59.75ms
step:1004/1285 train_time:60017ms step_avg:59.78ms
step:1005/1285 train_time:60096ms step_avg:59.80ms
step:1006/1285 train_time:60185ms step_avg:59.83ms
step:1007/1285 train_time:60261ms step_avg:59.84ms
step:1008/1285 train_time:60351ms step_avg:59.87ms
step:1009/1285 train_time:60427ms step_avg:59.89ms
step:1010/1285 train_time:60515ms step_avg:59.92ms
step:1011/1285 train_time:60593ms step_avg:59.93ms
step:1012/1285 train_time:60685ms step_avg:59.97ms
step:1013/1285 train_time:60763ms step_avg:59.98ms
step:1014/1285 train_time:60854ms step_avg:60.01ms
step:1015/1285 train_time:60935ms step_avg:60.03ms
step:1016/1285 train_time:61025ms step_avg:60.06ms
step:1017/1285 train_time:61103ms step_avg:60.08ms
step:1018/1285 train_time:61193ms step_avg:60.11ms
step:1019/1285 train_time:61270ms step_avg:60.13ms
step:1020/1285 train_time:61360ms step_avg:60.16ms
step:1021/1285 train_time:61437ms step_avg:60.17ms
step:1022/1285 train_time:61527ms step_avg:60.20ms
step:1023/1285 train_time:61602ms step_avg:60.22ms
step:1024/1285 train_time:61692ms step_avg:60.25ms
step:1025/1285 train_time:61771ms step_avg:60.26ms
step:1026/1285 train_time:61865ms step_avg:60.30ms
step:1027/1285 train_time:61943ms step_avg:60.31ms
step:1028/1285 train_time:62031ms step_avg:60.34ms
step:1029/1285 train_time:62108ms step_avg:60.36ms
step:1030/1285 train_time:62200ms step_avg:60.39ms
step:1031/1285 train_time:62277ms step_avg:60.40ms
step:1032/1285 train_time:62366ms step_avg:60.43ms
step:1033/1285 train_time:62442ms step_avg:60.45ms
step:1034/1285 train_time:62531ms step_avg:60.47ms
step:1035/1285 train_time:62607ms step_avg:60.49ms
step:1036/1285 train_time:62699ms step_avg:60.52ms
step:1037/1285 train_time:62777ms step_avg:60.54ms
step:1038/1285 train_time:62868ms step_avg:60.57ms
step:1039/1285 train_time:62945ms step_avg:60.58ms
step:1040/1285 train_time:63035ms step_avg:60.61ms
step:1041/1285 train_time:63112ms step_avg:60.63ms
step:1042/1285 train_time:63203ms step_avg:60.66ms
step:1043/1285 train_time:63280ms step_avg:60.67ms
step:1044/1285 train_time:63369ms step_avg:60.70ms
step:1045/1285 train_time:63446ms step_avg:60.71ms
step:1046/1285 train_time:63536ms step_avg:60.74ms
step:1047/1285 train_time:63612ms step_avg:60.76ms
step:1048/1285 train_time:63702ms step_avg:60.78ms
step:1049/1285 train_time:63780ms step_avg:60.80ms
step:1050/1285 train_time:63870ms step_avg:60.83ms
step:1051/1285 train_time:63947ms step_avg:60.84ms
step:1052/1285 train_time:64036ms step_avg:60.87ms
step:1053/1285 train_time:64114ms step_avg:60.89ms
step:1054/1285 train_time:64206ms step_avg:60.92ms
step:1055/1285 train_time:64284ms step_avg:60.93ms
step:1056/1285 train_time:64373ms step_avg:60.96ms
step:1057/1285 train_time:64449ms step_avg:60.97ms
step:1058/1285 train_time:64540ms step_avg:61.00ms
step:1059/1285 train_time:64616ms step_avg:61.02ms
step:1060/1285 train_time:64706ms step_avg:61.04ms
step:1061/1285 train_time:64783ms step_avg:61.06ms
step:1062/1285 train_time:64874ms step_avg:61.09ms
step:1063/1285 train_time:64951ms step_avg:61.10ms
step:1064/1285 train_time:65040ms step_avg:61.13ms
step:1065/1285 train_time:65118ms step_avg:61.14ms
step:1066/1285 train_time:65207ms step_avg:61.17ms
step:1067/1285 train_time:65284ms step_avg:61.18ms
step:1068/1285 train_time:65373ms step_avg:61.21ms
step:1069/1285 train_time:65450ms step_avg:61.23ms
step:1070/1285 train_time:65541ms step_avg:61.25ms
step:1071/1285 train_time:65616ms step_avg:61.27ms
step:1072/1285 train_time:65706ms step_avg:61.29ms
step:1073/1285 train_time:65783ms step_avg:61.31ms
step:1074/1285 train_time:65874ms step_avg:61.33ms
step:1075/1285 train_time:65950ms step_avg:61.35ms
step:1076/1285 train_time:66041ms step_avg:61.38ms
step:1077/1285 train_time:66118ms step_avg:61.39ms
step:1078/1285 train_time:66207ms step_avg:61.42ms
step:1079/1285 train_time:66285ms step_avg:61.43ms
step:1080/1285 train_time:66376ms step_avg:61.46ms
step:1081/1285 train_time:66452ms step_avg:61.47ms
step:1082/1285 train_time:66543ms step_avg:61.50ms
step:1083/1285 train_time:66618ms step_avg:61.51ms
step:1084/1285 train_time:66708ms step_avg:61.54ms
step:1085/1285 train_time:66785ms step_avg:61.55ms
step:1086/1285 train_time:66874ms step_avg:61.58ms
step:1087/1285 train_time:66952ms step_avg:61.59ms
step:1088/1285 train_time:67042ms step_avg:61.62ms
step:1089/1285 train_time:67118ms step_avg:61.63ms
step:1090/1285 train_time:67208ms step_avg:61.66ms
step:1091/1285 train_time:67286ms step_avg:61.67ms
step:1092/1285 train_time:67376ms step_avg:61.70ms
step:1093/1285 train_time:67451ms step_avg:61.71ms
step:1094/1285 train_time:67542ms step_avg:61.74ms
step:1095/1285 train_time:67619ms step_avg:61.75ms
step:1096/1285 train_time:67709ms step_avg:61.78ms
step:1097/1285 train_time:67786ms step_avg:61.79ms
step:1098/1285 train_time:67877ms step_avg:61.82ms
step:1099/1285 train_time:67953ms step_avg:61.83ms
step:1100/1285 train_time:68044ms step_avg:61.86ms
step:1101/1285 train_time:68120ms step_avg:61.87ms
step:1102/1285 train_time:68208ms step_avg:61.90ms
step:1103/1285 train_time:68287ms step_avg:61.91ms
step:1104/1285 train_time:68376ms step_avg:61.93ms
step:1105/1285 train_time:68454ms step_avg:61.95ms
step:1106/1285 train_time:68543ms step_avg:61.97ms
step:1107/1285 train_time:68621ms step_avg:61.99ms
step:1108/1285 train_time:68708ms step_avg:62.01ms
step:1109/1285 train_time:68785ms step_avg:62.02ms
step:1110/1285 train_time:68876ms step_avg:62.05ms
step:1111/1285 train_time:68954ms step_avg:62.06ms
step:1112/1285 train_time:69045ms step_avg:62.09ms
step:1113/1285 train_time:69121ms step_avg:62.10ms
step:1114/1285 train_time:69211ms step_avg:62.13ms
step:1115/1285 train_time:69287ms step_avg:62.14ms
step:1116/1285 train_time:69378ms step_avg:62.17ms
step:1117/1285 train_time:69455ms step_avg:62.18ms
step:1118/1285 train_time:69545ms step_avg:62.20ms
step:1119/1285 train_time:69621ms step_avg:62.22ms
step:1120/1285 train_time:69711ms step_avg:62.24ms
step:1121/1285 train_time:69789ms step_avg:62.26ms
step:1122/1285 train_time:69878ms step_avg:62.28ms
step:1123/1285 train_time:69957ms step_avg:62.29ms
step:1124/1285 train_time:70048ms step_avg:62.32ms
step:1125/1285 train_time:70123ms step_avg:62.33ms
step:1126/1285 train_time:70213ms step_avg:62.36ms
step:1127/1285 train_time:70289ms step_avg:62.37ms
step:1128/1285 train_time:70379ms step_avg:62.39ms
step:1129/1285 train_time:70457ms step_avg:62.41ms
step:1130/1285 train_time:70546ms step_avg:62.43ms
step:1131/1285 train_time:70623ms step_avg:62.44ms
step:1132/1285 train_time:70713ms step_avg:62.47ms
step:1133/1285 train_time:70790ms step_avg:62.48ms
step:1134/1285 train_time:70881ms step_avg:62.51ms
step:1135/1285 train_time:70959ms step_avg:62.52ms
step:1136/1285 train_time:71049ms step_avg:62.54ms
step:1137/1285 train_time:71124ms step_avg:62.55ms
step:1138/1285 train_time:71214ms step_avg:62.58ms
step:1139/1285 train_time:71291ms step_avg:62.59ms
step:1140/1285 train_time:71383ms step_avg:62.62ms
step:1141/1285 train_time:71459ms step_avg:62.63ms
step:1142/1285 train_time:71549ms step_avg:62.65ms
step:1143/1285 train_time:71625ms step_avg:62.66ms
step:1144/1285 train_time:71715ms step_avg:62.69ms
step:1145/1285 train_time:71793ms step_avg:62.70ms
step:1146/1285 train_time:71883ms step_avg:62.73ms
step:1147/1285 train_time:71960ms step_avg:62.74ms
step:1148/1285 train_time:72049ms step_avg:62.76ms
step:1149/1285 train_time:72125ms step_avg:62.77ms
step:1150/1285 train_time:72214ms step_avg:62.79ms
step:1151/1285 train_time:72292ms step_avg:62.81ms
step:1152/1285 train_time:72383ms step_avg:62.83ms
step:1153/1285 train_time:72460ms step_avg:62.84ms
step:1154/1285 train_time:72549ms step_avg:62.87ms
step:1155/1285 train_time:72624ms step_avg:62.88ms
step:1156/1285 train_time:72714ms step_avg:62.90ms
step:1157/1285 train_time:72793ms step_avg:62.92ms
step:1158/1285 train_time:72883ms step_avg:62.94ms
step:1159/1285 train_time:72959ms step_avg:62.95ms
step:1160/1285 train_time:73049ms step_avg:62.97ms
step:1161/1285 train_time:73124ms step_avg:62.98ms
step:1162/1285 train_time:73214ms step_avg:63.01ms
step:1163/1285 train_time:73291ms step_avg:63.02ms
step:1164/1285 train_time:73383ms step_avg:63.04ms
step:1165/1285 train_time:73460ms step_avg:63.06ms
step:1166/1285 train_time:73549ms step_avg:63.08ms
step:1167/1285 train_time:73625ms step_avg:63.09ms
step:1168/1285 train_time:73715ms step_avg:63.11ms
step:1169/1285 train_time:73793ms step_avg:63.12ms
step:1170/1285 train_time:73885ms step_avg:63.15ms
step:1171/1285 train_time:73960ms step_avg:63.16ms
step:1172/1285 train_time:74048ms step_avg:63.18ms
step:1173/1285 train_time:74124ms step_avg:63.19ms
step:1174/1285 train_time:74214ms step_avg:63.21ms
step:1175/1285 train_time:74292ms step_avg:63.23ms
step:1176/1285 train_time:74384ms step_avg:63.25ms
step:1177/1285 train_time:74461ms step_avg:63.26ms
step:1178/1285 train_time:74549ms step_avg:63.28ms
step:1179/1285 train_time:74623ms step_avg:63.29ms
step:1180/1285 train_time:74714ms step_avg:63.32ms
step:1181/1285 train_time:74790ms step_avg:63.33ms
step:1182/1285 train_time:74881ms step_avg:63.35ms
step:1183/1285 train_time:74957ms step_avg:63.36ms
step:1184/1285 train_time:75046ms step_avg:63.38ms
step:1185/1285 train_time:75123ms step_avg:63.40ms
step:1186/1285 train_time:75214ms step_avg:63.42ms
step:1187/1285 train_time:75290ms step_avg:63.43ms
step:1188/1285 train_time:75381ms step_avg:63.45ms
step:1189/1285 train_time:75458ms step_avg:63.46ms
step:1190/1285 train_time:75548ms step_avg:63.49ms
step:1191/1285 train_time:75622ms step_avg:63.49ms
step:1192/1285 train_time:75714ms step_avg:63.52ms
step:1193/1285 train_time:75790ms step_avg:63.53ms
step:1194/1285 train_time:75881ms step_avg:63.55ms
step:1195/1285 train_time:75957ms step_avg:63.56ms
step:1196/1285 train_time:76048ms step_avg:63.59ms
step:1197/1285 train_time:76122ms step_avg:63.59ms
step:1198/1285 train_time:76212ms step_avg:63.62ms
step:1199/1285 train_time:76289ms step_avg:63.63ms
step:1200/1285 train_time:76381ms step_avg:63.65ms
step:1201/1285 train_time:76457ms step_avg:63.66ms
step:1202/1285 train_time:76547ms step_avg:63.68ms
step:1203/1285 train_time:76623ms step_avg:63.69ms
step:1204/1285 train_time:76714ms step_avg:63.72ms
step:1205/1285 train_time:76790ms step_avg:63.73ms
step:1206/1285 train_time:76880ms step_avg:63.75ms
step:1207/1285 train_time:76957ms step_avg:63.76ms
step:1208/1285 train_time:77047ms step_avg:63.78ms
step:1209/1285 train_time:77123ms step_avg:63.79ms
step:1210/1285 train_time:77218ms step_avg:63.82ms
step:1211/1285 train_time:77297ms step_avg:63.83ms
step:1212/1285 train_time:77381ms step_avg:63.85ms
step:1213/1285 train_time:77456ms step_avg:63.86ms
step:1214/1285 train_time:77634ms step_avg:63.95ms
step:1215/1285 train_time:77762ms step_avg:64.00ms
step:1216/1285 train_time:77859ms step_avg:64.03ms
step:1217/1285 train_time:77940ms step_avg:64.04ms
step:1218/1285 train_time:78016ms step_avg:64.05ms
step:1219/1285 train_time:78074ms step_avg:64.05ms
step:1220/1285 train_time:78159ms step_avg:64.06ms
step:1221/1285 train_time:78233ms step_avg:64.07ms
step:1222/1285 train_time:78321ms step_avg:64.09ms
step:1223/1285 train_time:78398ms step_avg:64.10ms
step:1224/1285 train_time:78486ms step_avg:64.12ms
step:1225/1285 train_time:78564ms step_avg:64.13ms
step:1226/1285 train_time:78649ms step_avg:64.15ms
step:1227/1285 train_time:78726ms step_avg:64.16ms
step:1228/1285 train_time:78822ms step_avg:64.19ms
step:1229/1285 train_time:78901ms step_avg:64.20ms
step:1230/1285 train_time:78994ms step_avg:64.22ms
step:1231/1285 train_time:79069ms step_avg:64.23ms
step:1232/1285 train_time:79159ms step_avg:64.25ms
step:1233/1285 train_time:79235ms step_avg:64.26ms
step:1234/1285 train_time:79324ms step_avg:64.28ms
step:1235/1285 train_time:79399ms step_avg:64.29ms
step:1236/1285 train_time:79487ms step_avg:64.31ms
step:1237/1285 train_time:79562ms step_avg:64.32ms
step:1238/1285 train_time:79697ms step_avg:64.38ms
step:1239/1285 train_time:79765ms step_avg:64.38ms
step:1240/1285 train_time:79845ms step_avg:64.39ms
step:1241/1285 train_time:79949ms step_avg:64.42ms
step:1242/1285 train_time:80076ms step_avg:64.47ms
step:1243/1285 train_time:80150ms step_avg:64.48ms
step:1244/1285 train_time:80239ms step_avg:64.50ms
step:1245/1285 train_time:80323ms step_avg:64.52ms
step:1246/1285 train_time:80410ms step_avg:64.53ms
step:1247/1285 train_time:80479ms step_avg:64.54ms
step:1248/1285 train_time:80537ms step_avg:64.53ms
step:1249/1285 train_time:80607ms step_avg:64.54ms
step:1250/1285 train_time:80697ms step_avg:64.56ms
step:1250/1285 val_loss:3.29340506 train_time:80782ms step_avg:64.63ms
step:1251/1285 train_time:80850ms step_avg:64.63ms
step:1252/1285 train_time:80916ms step_avg:64.63ms
step:1253/1285 train_time:80970ms step_avg:64.62ms
step:1254/1285 train_time:81040ms step_avg:64.63ms
step:1255/1285 train_time:81117ms step_avg:64.64ms
step:1256/1285 train_time:81207ms step_avg:64.65ms
step:1257/1285 train_time:81282ms step_avg:64.66ms
step:1258/1285 train_time:81372ms step_avg:64.68ms
step:1259/1285 train_time:81446ms step_avg:64.69ms
step:1260/1285 train_time:81535ms step_avg:64.71ms
step:1261/1285 train_time:81611ms step_avg:64.72ms
step:1262/1285 train_time:81700ms step_avg:64.74ms
step:1263/1285 train_time:81777ms step_avg:64.75ms
step:1264/1285 train_time:81872ms step_avg:64.77ms
step:1265/1285 train_time:81949ms step_avg:64.78ms
step:1266/1285 train_time:82040ms step_avg:64.80ms
step:1267/1285 train_time:82118ms step_avg:64.81ms
step:1268/1285 train_time:82208ms step_avg:64.83ms
step:1269/1285 train_time:82282ms step_avg:64.84ms
step:1270/1285 train_time:82372ms step_avg:64.86ms
step:1271/1285 train_time:82450ms step_avg:64.87ms
step:1272/1285 train_time:82542ms step_avg:64.89ms
step:1273/1285 train_time:82617ms step_avg:64.90ms
step:1274/1285 train_time:82707ms step_avg:64.92ms
step:1275/1285 train_time:82785ms step_avg:64.93ms
step:1276/1285 train_time:82877ms step_avg:64.95ms
step:1277/1285 train_time:82955ms step_avg:64.96ms
step:1278/1285 train_time:83045ms step_avg:64.98ms
step:1279/1285 train_time:83123ms step_avg:64.99ms
step:1280/1285 train_time:83214ms step_avg:65.01ms
step:1281/1285 train_time:83288ms step_avg:65.02ms
step:1282/1285 train_time:83378ms step_avg:65.04ms
step:1283/1285 train_time:83454ms step_avg:65.05ms
step:1284/1285 train_time:83544ms step_avg:65.07ms
step:1285/1285 train_time:83621ms step_avg:65.07ms
step:1285/1285 val_loss:3.27699304 train_time:83710ms step_avg:65.14ms
peak memory allocated: 32105 MiB reserved: 39172 MiB
