HARNESS_TRAINING_ENV={"OMP_NUM_THREADS": "1", "MKL_NUM_THREADS": "1", "torch_num_threads": 1, "torch_num_interop_threads": 43}
[Gloo] Rank 3 is connected to 7 peer ranks. Expected number of connected peer ranks is : 7
[Gloo] Rank 0 is connected to 7 peer ranks. Expected number of connected peer ranks is : [Gloo] Rank 7
2 is connected to 7 peer ranks. Expected number of connected peer ranks is : 7
[Gloo] Rank 1 is connected to 7 peer ranks. Expected number of connected peer ranks is : 7
[Gloo] Rank 7 is connected to 7 peer ranks. Expected number of connected peer ranks is : 7[Gloo] Rank 
5 is connected to 7 peer ranks. Expected number of connected peer ranks is : 7
[Gloo] Rank 4 is connected to 7 peer ranks. Expected number of connected peer ranks is : 7
[Gloo] Rank 6 is connected to 7 peer ranks. Expected number of connected peer ranks is : 7
/workspace/train_gpt.py:1069: UserWarning: Skipping publisher trust check for 'kernels-community/flash-attn3' because Hugging Face Hub is in offline mode.
  flash_attn_interface = get_kernel('kernels-community/flash-attn3', version=1).flash_attn_interface
/workspace/train_gpt.py:1069: UserWarning: Skipping publisher trust check for 'kernels-community/flash-attn3' because Hugging Face Hub is in offline mode.
  flash_attn_interface = get_kernel('kernels-community/flash-attn3', version=1).flash_attn_interface
/workspace/train_gpt.py:1069: UserWarning: Skipping publisher trust check for 'kernels-community/flash-attn3' because Hugging Face Hub is in offline mode.
  flash_attn_interface = get_kernel('kernels-community/flash-attn3', version=1).flash_attn_interface
/workspace/train_gpt.py:1069: UserWarning: Skipping publisher trust check for 'kernels-community/flash-attn3' because Hugging Face Hub is in offline mode.
  flash_attn_interface = get_kernel('kernels-community/flash-attn3', version=1).flash_attn_interface
/workspace/train_gpt.py:1069: UserWarning: Skipping publisher trust check for 'kernels-community/flash-attn3' because Hugging Face Hub is in offline mode.
  flash_attn_interface = get_kernel('kernels-community/flash-attn3', version=1).flash_attn_interface
/workspace/train_gpt.py:1069: UserWarning: Skipping publisher trust check for 'kernels-community/flash-attn3' because Hugging Face Hub is in offline mode.
  flash_attn_interface = get_kernel('kernels-community/flash-attn3', version=1).flash_attn_interface
/workspace/train_gpt.py:1069: UserWarning: Skipping publisher trust check for 'kernels-community/flash-attn3' because Hugging Face Hub is in offline mode.
  flash_attn_interface = get_kernel('kernels-community/flash-attn3', version=1).flash_attn_interface
/workspace/train_gpt.py:1069: UserWarning: Skipping publisher trust check for 'kernels-community/flash-attn3' because Hugging Face Hub is in offline mode.
  flash_attn_interface = get_kernel('kernels-community/flash-attn3', version=1).flash_attn_interface
logs/ab2a2b25-cb08-46bc-899c-5c5b645e796c.txt
Compiling model and warming up kernels (~7 minutes on first execution)
Sampling steps [0, 1, 421, 422, 423, 424, 845, 846, 847, 848, 1268, 1269, 1270, 1271] for warmup
Resetting Model
step:0/1285 val_loss:10.82869434 train_time:66ms step_avg:65.83ms
step:1/1285 train_time:293ms step_avg:292.72ms
step:2/1285 train_time:359ms step_avg:179.51ms
step:3/1285 train_time:412ms step_avg:137.35ms
step:4/1285 train_time:468ms step_avg:117.04ms
step:5/1285 train_time:518ms step_avg:103.62ms
step:6/1285 train_time:595ms step_avg:99.17ms
step:7/1285 train_time:654ms step_avg:93.49ms
step:8/1285 train_time:715ms step_avg:89.36ms
step:9/1285 train_time:766ms step_avg:85.13ms
step:10/1285 train_time:825ms step_avg:82.49ms
step:11/1285 train_time:875ms step_avg:79.54ms
step:12/1285 train_time:932ms step_avg:77.66ms
step:13/1285 train_time:983ms step_avg:75.58ms
step:14/1285 train_time:1041ms step_avg:74.36ms
step:15/1285 train_time:1090ms step_avg:72.70ms
step:16/1285 train_time:1148ms step_avg:71.74ms
step:17/1285 train_time:1196ms step_avg:70.37ms
step:18/1285 train_time:1254ms step_avg:69.64ms
step:19/1285 train_time:1303ms step_avg:68.56ms
step:20/1285 train_time:1357ms step_avg:67.87ms
step:21/1285 train_time:1407ms step_avg:67.02ms
step:22/1285 train_time:1464ms step_avg:66.53ms
step:23/1285 train_time:1517ms step_avg:65.94ms
step:24/1285 train_time:1572ms step_avg:65.48ms
step:25/1285 train_time:1620ms step_avg:64.82ms
step:26/1285 train_time:1678ms step_avg:64.52ms
step:27/1285 train_time:1727ms step_avg:63.96ms
step:28/1285 train_time:1783ms step_avg:63.67ms
step:29/1285 train_time:1832ms step_avg:63.16ms
step:30/1285 train_time:1890ms step_avg:62.99ms
step:31/1285 train_time:1940ms step_avg:62.58ms
step:32/1285 train_time:1997ms step_avg:62.39ms
step:33/1285 train_time:2045ms step_avg:61.97ms
step:34/1285 train_time:2102ms step_avg:61.83ms
step:35/1285 train_time:2152ms step_avg:61.48ms
step:36/1285 train_time:2209ms step_avg:61.36ms
step:37/1285 train_time:2259ms step_avg:61.04ms
step:38/1285 train_time:2316ms step_avg:60.96ms
step:39/1285 train_time:2365ms step_avg:60.65ms
step:40/1285 train_time:2422ms step_avg:60.54ms
step:41/1285 train_time:2472ms step_avg:60.28ms
step:42/1285 train_time:2530ms step_avg:60.23ms
step:43/1285 train_time:2581ms step_avg:60.03ms
step:44/1285 train_time:2640ms step_avg:60.00ms
step:45/1285 train_time:2691ms step_avg:59.81ms
step:46/1285 train_time:2749ms step_avg:59.75ms
step:47/1285 train_time:2798ms step_avg:59.54ms
step:48/1285 train_time:2855ms step_avg:59.48ms
step:49/1285 train_time:2905ms step_avg:59.30ms
step:50/1285 train_time:2964ms step_avg:59.28ms
step:51/1285 train_time:3015ms step_avg:59.13ms
step:52/1285 train_time:3071ms step_avg:59.06ms
step:53/1285 train_time:3124ms step_avg:58.94ms
step:54/1285 train_time:3182ms step_avg:58.92ms
step:55/1285 train_time:3231ms step_avg:58.75ms
step:56/1285 train_time:3289ms step_avg:58.73ms
step:57/1285 train_time:3340ms step_avg:58.60ms
step:58/1285 train_time:3398ms step_avg:58.59ms
step:59/1285 train_time:3448ms step_avg:58.45ms
step:60/1285 train_time:3505ms step_avg:58.41ms
step:61/1285 train_time:3556ms step_avg:58.30ms
step:62/1285 train_time:3611ms step_avg:58.24ms
step:63/1285 train_time:3662ms step_avg:58.13ms
step:64/1285 train_time:3721ms step_avg:58.14ms
step:65/1285 train_time:3771ms step_avg:58.02ms
step:66/1285 train_time:3827ms step_avg:57.99ms
step:67/1285 train_time:3876ms step_avg:57.86ms
step:68/1285 train_time:3933ms step_avg:57.84ms
step:69/1285 train_time:3983ms step_avg:57.72ms
step:70/1285 train_time:4042ms step_avg:57.74ms
step:71/1285 train_time:4094ms step_avg:57.66ms
step:72/1285 train_time:4150ms step_avg:57.65ms
step:73/1285 train_time:4201ms step_avg:57.55ms
step:74/1285 train_time:4258ms step_avg:57.54ms
step:75/1285 train_time:4310ms step_avg:57.46ms
step:76/1285 train_time:4366ms step_avg:57.45ms
step:77/1285 train_time:4416ms step_avg:57.35ms
step:78/1285 train_time:4472ms step_avg:57.33ms
step:79/1285 train_time:4523ms step_avg:57.26ms
step:80/1285 train_time:4579ms step_avg:57.23ms
step:81/1285 train_time:4628ms step_avg:57.14ms
step:82/1285 train_time:4685ms step_avg:57.14ms
step:83/1285 train_time:4737ms step_avg:57.08ms
step:84/1285 train_time:4796ms step_avg:57.09ms
step:85/1285 train_time:4845ms step_avg:57.00ms
step:86/1285 train_time:4901ms step_avg:56.99ms
step:87/1285 train_time:4954ms step_avg:56.94ms
step:88/1285 train_time:5011ms step_avg:56.94ms
step:89/1285 train_time:5058ms step_avg:56.84ms
step:90/1285 train_time:5115ms step_avg:56.83ms
step:91/1285 train_time:5164ms step_avg:56.75ms
step:92/1285 train_time:5220ms step_avg:56.74ms
step:93/1285 train_time:5267ms step_avg:56.64ms
step:94/1285 train_time:5323ms step_avg:56.63ms
step:95/1285 train_time:5373ms step_avg:56.56ms
step:96/1285 train_time:5432ms step_avg:56.58ms
step:97/1285 train_time:5481ms step_avg:56.51ms
step:98/1285 train_time:5539ms step_avg:56.52ms
step:99/1285 train_time:5589ms step_avg:56.45ms
step:100/1285 train_time:5647ms step_avg:56.47ms
step:101/1285 train_time:5699ms step_avg:56.43ms
step:102/1285 train_time:5756ms step_avg:56.43ms
step:103/1285 train_time:5805ms step_avg:56.36ms
step:104/1285 train_time:5861ms step_avg:56.36ms
step:105/1285 train_time:5913ms step_avg:56.31ms
step:106/1285 train_time:5969ms step_avg:56.32ms
step:107/1285 train_time:6020ms step_avg:56.27ms
step:108/1285 train_time:6078ms step_avg:56.27ms
step:109/1285 train_time:6128ms step_avg:56.22ms
step:110/1285 train_time:6187ms step_avg:56.25ms
step:111/1285 train_time:6239ms step_avg:56.20ms
step:112/1285 train_time:6293ms step_avg:56.19ms
step:113/1285 train_time:6347ms step_avg:56.16ms
step:114/1285 train_time:6402ms step_avg:56.16ms
step:115/1285 train_time:6453ms step_avg:56.11ms
step:116/1285 train_time:6509ms step_avg:56.11ms
step:117/1285 train_time:6559ms step_avg:56.06ms
step:118/1285 train_time:6619ms step_avg:56.09ms
step:119/1285 train_time:6668ms step_avg:56.03ms
step:120/1285 train_time:6723ms step_avg:56.02ms
step:121/1285 train_time:6770ms step_avg:55.95ms
step:122/1285 train_time:6827ms step_avg:55.96ms
step:123/1285 train_time:6872ms step_avg:55.87ms
step:124/1285 train_time:6926ms step_avg:55.86ms
step:125/1285 train_time:6976ms step_avg:55.80ms
step:126/1285 train_time:7032ms step_avg:55.81ms
step:127/1285 train_time:7084ms step_avg:55.78ms
step:128/1285 train_time:7140ms step_avg:55.78ms
step:129/1285 train_time:7192ms step_avg:55.75ms
step:130/1285 train_time:7250ms step_avg:55.77ms
step:131/1285 train_time:7300ms step_avg:55.72ms
step:132/1285 train_time:7359ms step_avg:55.75ms
step:133/1285 train_time:7410ms step_avg:55.71ms
step:134/1285 train_time:7467ms step_avg:55.73ms
step:135/1285 train_time:7517ms step_avg:55.68ms
step:136/1285 train_time:7579ms step_avg:55.73ms
step:137/1285 train_time:7628ms step_avg:55.68ms
step:138/1285 train_time:7687ms step_avg:55.70ms
step:139/1285 train_time:7736ms step_avg:55.66ms
step:140/1285 train_time:7793ms step_avg:55.66ms
step:141/1285 train_time:7844ms step_avg:55.63ms
step:142/1285 train_time:7902ms step_avg:55.65ms
step:143/1285 train_time:7953ms step_avg:55.62ms
step:144/1285 train_time:8010ms step_avg:55.63ms
step:145/1285 train_time:8060ms step_avg:55.59ms
step:146/1285 train_time:8120ms step_avg:55.62ms
step:147/1285 train_time:8171ms step_avg:55.59ms
step:148/1285 train_time:8228ms step_avg:55.59ms
step:149/1285 train_time:8278ms step_avg:55.56ms
step:150/1285 train_time:8332ms step_avg:55.55ms
step:151/1285 train_time:8384ms step_avg:55.52ms
step:152/1285 train_time:8441ms step_avg:55.53ms
step:153/1285 train_time:8490ms step_avg:55.49ms
step:154/1285 train_time:8547ms step_avg:55.50ms
step:155/1285 train_time:8596ms step_avg:55.46ms
step:156/1285 train_time:8655ms step_avg:55.48ms
step:157/1285 train_time:8705ms step_avg:55.45ms
step:158/1285 train_time:8760ms step_avg:55.45ms
step:159/1285 train_time:8814ms step_avg:55.43ms
step:160/1285 train_time:8869ms step_avg:55.43ms
step:161/1285 train_time:8919ms step_avg:55.40ms
step:162/1285 train_time:8975ms step_avg:55.40ms
step:163/1285 train_time:9025ms step_avg:55.37ms
step:164/1285 train_time:9082ms step_avg:55.38ms
step:165/1285 train_time:9132ms step_avg:55.34ms
step:166/1285 train_time:9188ms step_avg:55.35ms
step:167/1285 train_time:9237ms step_avg:55.31ms
step:168/1285 train_time:9294ms step_avg:55.32ms
step:169/1285 train_time:9344ms step_avg:55.29ms
step:170/1285 train_time:9400ms step_avg:55.30ms
step:171/1285 train_time:9450ms step_avg:55.26ms
step:172/1285 train_time:9505ms step_avg:55.26ms
step:173/1285 train_time:9557ms step_avg:55.24ms
step:174/1285 train_time:9613ms step_avg:55.25ms
step:175/1285 train_time:9662ms step_avg:55.21ms
step:176/1285 train_time:9716ms step_avg:55.21ms
step:177/1285 train_time:9767ms step_avg:55.18ms
step:178/1285 train_time:9818ms step_avg:55.16ms
step:179/1285 train_time:9867ms step_avg:55.12ms
step:180/1285 train_time:9924ms step_avg:55.13ms
step:181/1285 train_time:9972ms step_avg:55.10ms
step:182/1285 train_time:10029ms step_avg:55.10ms
step:183/1285 train_time:10077ms step_avg:55.07ms
step:184/1285 train_time:10133ms step_avg:55.07ms
step:185/1285 train_time:10182ms step_avg:55.04ms
step:186/1285 train_time:10238ms step_avg:55.04ms
step:187/1285 train_time:10287ms step_avg:55.01ms
step:188/1285 train_time:10342ms step_avg:55.01ms
step:189/1285 train_time:10393ms step_avg:54.99ms
step:190/1285 train_time:10449ms step_avg:55.00ms
step:191/1285 train_time:10499ms step_avg:54.97ms
step:192/1285 train_time:10558ms step_avg:54.99ms
step:193/1285 train_time:10608ms step_avg:54.96ms
step:194/1285 train_time:10664ms step_avg:54.97ms
step:195/1285 train_time:10711ms step_avg:54.93ms
step:196/1285 train_time:10767ms step_avg:54.93ms
step:197/1285 train_time:10815ms step_avg:54.90ms
step:198/1285 train_time:10872ms step_avg:54.91ms
step:199/1285 train_time:10922ms step_avg:54.88ms
step:200/1285 train_time:10977ms step_avg:54.89ms
step:201/1285 train_time:11028ms step_avg:54.86ms
step:202/1285 train_time:11085ms step_avg:54.87ms
step:203/1285 train_time:11133ms step_avg:54.84ms
step:204/1285 train_time:11191ms step_avg:54.86ms
step:205/1285 train_time:11241ms step_avg:54.83ms
step:206/1285 train_time:11298ms step_avg:54.84ms
step:207/1285 train_time:11346ms step_avg:54.81ms
step:208/1285 train_time:11403ms step_avg:54.82ms
step:209/1285 train_time:11454ms step_avg:54.80ms
step:210/1285 train_time:11513ms step_avg:54.82ms
step:211/1285 train_time:11562ms step_avg:54.79ms
step:212/1285 train_time:11623ms step_avg:54.83ms
step:213/1285 train_time:11673ms step_avg:54.80ms
step:214/1285 train_time:11730ms step_avg:54.81ms
step:215/1285 train_time:11780ms step_avg:54.79ms
step:216/1285 train_time:11835ms step_avg:54.79ms
step:217/1285 train_time:11882ms step_avg:54.75ms
step:218/1285 train_time:11937ms step_avg:54.76ms
step:219/1285 train_time:11989ms step_avg:54.75ms
step:220/1285 train_time:12045ms step_avg:54.75ms
step:221/1285 train_time:12092ms step_avg:54.71ms
step:222/1285 train_time:12150ms step_avg:54.73ms
step:223/1285 train_time:12197ms step_avg:54.70ms
step:224/1285 train_time:12254ms step_avg:54.71ms
step:225/1285 train_time:12303ms step_avg:54.68ms
step:226/1285 train_time:12360ms step_avg:54.69ms
step:227/1285 train_time:12409ms step_avg:54.66ms
step:228/1285 train_time:12466ms step_avg:54.68ms
step:229/1285 train_time:12514ms step_avg:54.65ms
step:230/1285 train_time:12569ms step_avg:54.65ms
step:231/1285 train_time:12619ms step_avg:54.63ms
step:232/1285 train_time:12676ms step_avg:54.64ms
step:233/1285 train_time:12723ms step_avg:54.61ms
step:234/1285 train_time:12779ms step_avg:54.61ms
step:235/1285 train_time:12826ms step_avg:54.58ms
step:236/1285 train_time:12884ms step_avg:54.59ms
step:237/1285 train_time:12932ms step_avg:54.57ms
step:238/1285 train_time:12992ms step_avg:54.59ms
step:239/1285 train_time:13041ms step_avg:54.56ms
step:240/1285 train_time:13096ms step_avg:54.57ms
step:241/1285 train_time:13145ms step_avg:54.55ms
step:242/1285 train_time:13202ms step_avg:54.55ms
step:243/1285 train_time:13252ms step_avg:54.54ms
step:244/1285 train_time:13309ms step_avg:54.55ms
step:245/1285 train_time:13360ms step_avg:54.53ms
step:246/1285 train_time:13416ms step_avg:54.53ms
step:247/1285 train_time:13464ms step_avg:54.51ms
step:248/1285 train_time:13520ms step_avg:54.52ms
step:249/1285 train_time:13569ms step_avg:54.50ms
step:250/1285 train_time:13627ms step_avg:54.51ms
step:250/1285 val_loss:4.47272444 train_time:13628ms step_avg:54.51ms
step:251/1285 train_time:13682ms step_avg:54.51ms
step:252/1285 train_time:13738ms step_avg:54.52ms
step:253/1285 train_time:13787ms step_avg:54.49ms
step:254/1285 train_time:13844ms step_avg:54.50ms
step:255/1285 train_time:13892ms step_avg:54.48ms
step:256/1285 train_time:13947ms step_avg:54.48ms
step:257/1285 train_time:13998ms step_avg:54.47ms
step:258/1285 train_time:14054ms step_avg:54.47ms
step:259/1285 train_time:14107ms step_avg:54.47ms
step:260/1285 train_time:14165ms step_avg:54.48ms
step:261/1285 train_time:14213ms step_avg:54.46ms
step:262/1285 train_time:14269ms step_avg:54.46ms
step:263/1285 train_time:14320ms step_avg:54.45ms
step:264/1285 train_time:14375ms step_avg:54.45ms
step:265/1285 train_time:14423ms step_avg:54.43ms
step:266/1285 train_time:14484ms step_avg:54.45ms
step:267/1285 train_time:14534ms step_avg:54.44ms
step:268/1285 train_time:14591ms step_avg:54.44ms
step:269/1285 train_time:14639ms step_avg:54.42ms
step:270/1285 train_time:14696ms step_avg:54.43ms
step:271/1285 train_time:14744ms step_avg:54.40ms
step:272/1285 train_time:14803ms step_avg:54.42ms
step:273/1285 train_time:14852ms step_avg:54.40ms
step:274/1285 train_time:14907ms step_avg:54.40ms
step:275/1285 train_time:14955ms step_avg:54.38ms
step:276/1285 train_time:15011ms step_avg:54.39ms
step:277/1285 train_time:15061ms step_avg:54.37ms
step:278/1285 train_time:15120ms step_avg:54.39ms
step:279/1285 train_time:15169ms step_avg:54.37ms
step:280/1285 train_time:15225ms step_avg:54.37ms
step:281/1285 train_time:15276ms step_avg:54.36ms
step:282/1285 train_time:15334ms step_avg:54.38ms
step:283/1285 train_time:15384ms step_avg:54.36ms
step:284/1285 train_time:15442ms step_avg:54.37ms
step:285/1285 train_time:15491ms step_avg:54.35ms
step:286/1285 train_time:15544ms step_avg:54.35ms
step:287/1285 train_time:15593ms step_avg:54.33ms
step:288/1285 train_time:15650ms step_avg:54.34ms
step:289/1285 train_time:15700ms step_avg:54.33ms
step:290/1285 train_time:15754ms step_avg:54.32ms
step:291/1285 train_time:15803ms step_avg:54.31ms
step:292/1285 train_time:15859ms step_avg:54.31ms
step:293/1285 train_time:15906ms step_avg:54.29ms
step:294/1285 train_time:15960ms step_avg:54.29ms
step:295/1285 train_time:16008ms step_avg:54.27ms
step:296/1285 train_time:16065ms step_avg:54.28ms
step:297/1285 train_time:16114ms step_avg:54.25ms
step:298/1285 train_time:16167ms step_avg:54.25ms
step:299/1285 train_time:16217ms step_avg:54.24ms
step:300/1285 train_time:16275ms step_avg:54.25ms
step:301/1285 train_time:16323ms step_avg:54.23ms
step:302/1285 train_time:16380ms step_avg:54.24ms
step:303/1285 train_time:16428ms step_avg:54.22ms
step:304/1285 train_time:16485ms step_avg:54.23ms
step:305/1285 train_time:16534ms step_avg:54.21ms
step:306/1285 train_time:16592ms step_avg:54.22ms
step:307/1285 train_time:16638ms step_avg:54.20ms
step:308/1285 train_time:16694ms step_avg:54.20ms
step:309/1285 train_time:16741ms step_avg:54.18ms
step:310/1285 train_time:16796ms step_avg:54.18ms
step:311/1285 train_time:16851ms step_avg:54.18ms
step:312/1285 train_time:16910ms step_avg:54.20ms
step:313/1285 train_time:16961ms step_avg:54.19ms
step:314/1285 train_time:17022ms step_avg:54.21ms
step:315/1285 train_time:17073ms step_avg:54.20ms
step:316/1285 train_time:17131ms step_avg:54.21ms
step:317/1285 train_time:17180ms step_avg:54.19ms
step:318/1285 train_time:17236ms step_avg:54.20ms
step:319/1285 train_time:17286ms step_avg:54.19ms
step:320/1285 train_time:17343ms step_avg:54.20ms
step:321/1285 train_time:17394ms step_avg:54.19ms
step:322/1285 train_time:17450ms step_avg:54.19ms
step:323/1285 train_time:17500ms step_avg:54.18ms
step:324/1285 train_time:17553ms step_avg:54.18ms
step:325/1285 train_time:17604ms step_avg:54.17ms
step:326/1285 train_time:17662ms step_avg:54.18ms
step:327/1285 train_time:17709ms step_avg:54.16ms
step:328/1285 train_time:17768ms step_avg:54.17ms
step:329/1285 train_time:17820ms step_avg:54.17ms
step:330/1285 train_time:17874ms step_avg:54.16ms
step:331/1285 train_time:17926ms step_avg:54.16ms
step:332/1285 train_time:17982ms step_avg:54.16ms
step:333/1285 train_time:18032ms step_avg:54.15ms
step:334/1285 train_time:18089ms step_avg:54.16ms
step:335/1285 train_time:18140ms step_avg:54.15ms
step:336/1285 train_time:18198ms step_avg:54.16ms
step:337/1285 train_time:18249ms step_avg:54.15ms
step:338/1285 train_time:18308ms step_avg:54.16ms
step:339/1285 train_time:18356ms step_avg:54.15ms
step:340/1285 train_time:18413ms step_avg:54.16ms
step:341/1285 train_time:18463ms step_avg:54.14ms
step:342/1285 train_time:18520ms step_avg:54.15ms
step:343/1285 train_time:18570ms step_avg:54.14ms
step:344/1285 train_time:18626ms step_avg:54.15ms
step:345/1285 train_time:18676ms step_avg:54.13ms
step:346/1285 train_time:18734ms step_avg:54.14ms
step:347/1285 train_time:18784ms step_avg:54.13ms
step:348/1285 train_time:18844ms step_avg:54.15ms
step:349/1285 train_time:18896ms step_avg:54.14ms
step:350/1285 train_time:18953ms step_avg:54.15ms
step:351/1285 train_time:19005ms step_avg:54.15ms
step:352/1285 train_time:19064ms step_avg:54.16ms
step:353/1285 train_time:19114ms step_avg:54.15ms
step:354/1285 train_time:19170ms step_avg:54.15ms
step:355/1285 train_time:19222ms step_avg:54.15ms
step:356/1285 train_time:19276ms step_avg:54.14ms
step:357/1285 train_time:19326ms step_avg:54.13ms
step:358/1285 train_time:19382ms step_avg:54.14ms
step:359/1285 train_time:19433ms step_avg:54.13ms
step:360/1285 train_time:19490ms step_avg:54.14ms
step:361/1285 train_time:19541ms step_avg:54.13ms
step:362/1285 train_time:19599ms step_avg:54.14ms
step:363/1285 train_time:19651ms step_avg:54.14ms
step:364/1285 train_time:19711ms step_avg:54.15ms
step:365/1285 train_time:19759ms step_avg:54.13ms
step:366/1285 train_time:19816ms step_avg:54.14ms
step:367/1285 train_time:19870ms step_avg:54.14ms
step:368/1285 train_time:19928ms step_avg:54.15ms
step:369/1285 train_time:19976ms step_avg:54.14ms
step:370/1285 train_time:20033ms step_avg:54.14ms
step:371/1285 train_time:20082ms step_avg:54.13ms
step:372/1285 train_time:20140ms step_avg:54.14ms
step:373/1285 train_time:20191ms step_avg:54.13ms
step:374/1285 train_time:20248ms step_avg:54.14ms
step:375/1285 train_time:20300ms step_avg:54.13ms
step:376/1285 train_time:20358ms step_avg:54.14ms
step:377/1285 train_time:20409ms step_avg:54.13ms
step:378/1285 train_time:20467ms step_avg:54.15ms
step:379/1285 train_time:20518ms step_avg:54.14ms
step:380/1285 train_time:20574ms step_avg:54.14ms
step:381/1285 train_time:20624ms step_avg:54.13ms
step:382/1285 train_time:20681ms step_avg:54.14ms
step:383/1285 train_time:20730ms step_avg:54.13ms
step:384/1285 train_time:20791ms step_avg:54.14ms
step:385/1285 train_time:20841ms step_avg:54.13ms
step:386/1285 train_time:20898ms step_avg:54.14ms
step:387/1285 train_time:20950ms step_avg:54.13ms
step:388/1285 train_time:21007ms step_avg:54.14ms
step:389/1285 train_time:21055ms step_avg:54.13ms
step:390/1285 train_time:21113ms step_avg:54.14ms
step:391/1285 train_time:21162ms step_avg:54.12ms
step:392/1285 train_time:21220ms step_avg:54.13ms
step:393/1285 train_time:21270ms step_avg:54.12ms
step:394/1285 train_time:21327ms step_avg:54.13ms
step:395/1285 train_time:21377ms step_avg:54.12ms
step:396/1285 train_time:21435ms step_avg:54.13ms
step:397/1285 train_time:21482ms step_avg:54.11ms
step:398/1285 train_time:21540ms step_avg:54.12ms
step:399/1285 train_time:21591ms step_avg:54.11ms
step:400/1285 train_time:21650ms step_avg:54.13ms
step:401/1285 train_time:21700ms step_avg:54.12ms
step:402/1285 train_time:21755ms step_avg:54.12ms
step:403/1285 train_time:21807ms step_avg:54.11ms
step:404/1285 train_time:21865ms step_avg:54.12ms
step:405/1285 train_time:21914ms step_avg:54.11ms
step:406/1285 train_time:21970ms step_avg:54.11ms
step:407/1285 train_time:22018ms step_avg:54.10ms
step:408/1285 train_time:22076ms step_avg:54.11ms
step:409/1285 train_time:22125ms step_avg:54.09ms
step:410/1285 train_time:22182ms step_avg:54.10ms
step:411/1285 train_time:22232ms step_avg:54.09ms
step:412/1285 train_time:22288ms step_avg:54.10ms
step:413/1285 train_time:22337ms step_avg:54.08ms
step:414/1285 train_time:22395ms step_avg:54.09ms
step:415/1285 train_time:22448ms step_avg:54.09ms
step:416/1285 train_time:22507ms step_avg:54.10ms
step:417/1285 train_time:22558ms step_avg:54.10ms
step:418/1285 train_time:22616ms step_avg:54.11ms
step:419/1285 train_time:22669ms step_avg:54.10ms
step:420/1285 train_time:22726ms step_avg:54.11ms
step:421/1285 train_time:22776ms step_avg:54.10ms
step:422/1285 train_time:22836ms step_avg:54.11ms
step:423/1285 train_time:22885ms step_avg:54.10ms
step:424/1285 train_time:22946ms step_avg:54.12ms
step:425/1285 train_time:22999ms step_avg:54.12ms
step:426/1285 train_time:23059ms step_avg:54.13ms
step:427/1285 train_time:23112ms step_avg:54.13ms
step:428/1285 train_time:23171ms step_avg:54.14ms
step:429/1285 train_time:23223ms step_avg:54.13ms
step:430/1285 train_time:23283ms step_avg:54.15ms
step:431/1285 train_time:23334ms step_avg:54.14ms
step:432/1285 train_time:23393ms step_avg:54.15ms
step:433/1285 train_time:23447ms step_avg:54.15ms
step:434/1285 train_time:23505ms step_avg:54.16ms
step:435/1285 train_time:23559ms step_avg:54.16ms
step:436/1285 train_time:23617ms step_avg:54.17ms
step:437/1285 train_time:23668ms step_avg:54.16ms
step:438/1285 train_time:23726ms step_avg:54.17ms
step:439/1285 train_time:23781ms step_avg:54.17ms
step:440/1285 train_time:23840ms step_avg:54.18ms
step:441/1285 train_time:23889ms step_avg:54.17ms
step:442/1285 train_time:23949ms step_avg:54.18ms
step:443/1285 train_time:24000ms step_avg:54.18ms
step:444/1285 train_time:24060ms step_avg:54.19ms
step:445/1285 train_time:24113ms step_avg:54.19ms
step:446/1285 train_time:24173ms step_avg:54.20ms
step:447/1285 train_time:24226ms step_avg:54.20ms
step:448/1285 train_time:24286ms step_avg:54.21ms
step:449/1285 train_time:24343ms step_avg:54.22ms
step:450/1285 train_time:24402ms step_avg:54.23ms
step:451/1285 train_time:24454ms step_avg:54.22ms
step:452/1285 train_time:24512ms step_avg:54.23ms
step:453/1285 train_time:24566ms step_avg:54.23ms
step:454/1285 train_time:24625ms step_avg:54.24ms
step:455/1285 train_time:24679ms step_avg:54.24ms
step:456/1285 train_time:24738ms step_avg:54.25ms
step:457/1285 train_time:24791ms step_avg:54.25ms
step:458/1285 train_time:24849ms step_avg:54.26ms
step:459/1285 train_time:24901ms step_avg:54.25ms
step:460/1285 train_time:24960ms step_avg:54.26ms
step:461/1285 train_time:25013ms step_avg:54.26ms
step:462/1285 train_time:25074ms step_avg:54.27ms
step:463/1285 train_time:25125ms step_avg:54.27ms
step:464/1285 train_time:25190ms step_avg:54.29ms
step:465/1285 train_time:25242ms step_avg:54.28ms
step:466/1285 train_time:25304ms step_avg:54.30ms
step:467/1285 train_time:25357ms step_avg:54.30ms
step:468/1285 train_time:25418ms step_avg:54.31ms
step:469/1285 train_time:25472ms step_avg:54.31ms
step:470/1285 train_time:25532ms step_avg:54.32ms
step:471/1285 train_time:25585ms step_avg:54.32ms
step:472/1285 train_time:25648ms step_avg:54.34ms
step:473/1285 train_time:25701ms step_avg:54.34ms
step:474/1285 train_time:25760ms step_avg:54.35ms
step:475/1285 train_time:25810ms step_avg:54.34ms
step:476/1285 train_time:25876ms step_avg:54.36ms
step:477/1285 train_time:25950ms step_avg:54.40ms
step:478/1285 train_time:26045ms step_avg:54.49ms
step:479/1285 train_time:26101ms step_avg:54.49ms
step:480/1285 train_time:26160ms step_avg:54.50ms
step:481/1285 train_time:26209ms step_avg:54.49ms
step:482/1285 train_time:26266ms step_avg:54.49ms
step:483/1285 train_time:26317ms step_avg:54.49ms
step:484/1285 train_time:26375ms step_avg:54.49ms
step:485/1285 train_time:26429ms step_avg:54.49ms
step:486/1285 train_time:26486ms step_avg:54.50ms
step:487/1285 train_time:26536ms step_avg:54.49ms
step:488/1285 train_time:26594ms step_avg:54.50ms
step:489/1285 train_time:26648ms step_avg:54.49ms
step:490/1285 train_time:26706ms step_avg:54.50ms
step:491/1285 train_time:26757ms step_avg:54.50ms
step:492/1285 train_time:26816ms step_avg:54.50ms
step:493/1285 train_time:26868ms step_avg:54.50ms
step:494/1285 train_time:26930ms step_avg:54.51ms
step:495/1285 train_time:26983ms step_avg:54.51ms
step:496/1285 train_time:27049ms step_avg:54.53ms
step:497/1285 train_time:27102ms step_avg:54.53ms
step:498/1285 train_time:27165ms step_avg:54.55ms
step:499/1285 train_time:27218ms step_avg:54.54ms
step:500/1285 train_time:27280ms step_avg:54.56ms
step:500/1285 val_loss:4.14370728 train_time:27337ms step_avg:54.67ms
step:501/1285 train_time:27393ms step_avg:54.68ms
step:502/1285 train_time:27454ms step_avg:54.69ms
step:503/1285 train_time:27507ms step_avg:54.69ms
step:504/1285 train_time:27567ms step_avg:54.70ms
step:505/1285 train_time:27618ms step_avg:54.69ms
step:506/1285 train_time:27675ms step_avg:54.69ms
step:507/1285 train_time:27727ms step_avg:54.69ms
step:508/1285 train_time:27786ms step_avg:54.70ms
step:509/1285 train_time:27837ms step_avg:54.69ms
step:510/1285 train_time:27896ms step_avg:54.70ms
step:511/1285 train_time:27949ms step_avg:54.69ms
step:512/1285 train_time:28010ms step_avg:54.71ms
step:513/1285 train_time:28062ms step_avg:54.70ms
step:514/1285 train_time:28121ms step_avg:54.71ms
step:515/1285 train_time:28172ms step_avg:54.70ms
step:516/1285 train_time:28230ms step_avg:54.71ms
step:517/1285 train_time:28281ms step_avg:54.70ms
step:518/1285 train_time:28339ms step_avg:54.71ms
step:519/1285 train_time:28390ms step_avg:54.70ms
step:520/1285 train_time:28446ms step_avg:54.70ms
step:521/1285 train_time:28497ms step_avg:54.70ms
step:522/1285 train_time:28562ms step_avg:54.72ms
step:523/1285 train_time:28616ms step_avg:54.71ms
step:524/1285 train_time:28676ms step_avg:54.73ms
step:525/1285 train_time:28732ms step_avg:54.73ms
step:526/1285 train_time:28794ms step_avg:54.74ms
step:527/1285 train_time:28845ms step_avg:54.73ms
step:528/1285 train_time:28906ms step_avg:54.75ms
step:529/1285 train_time:28957ms step_avg:54.74ms
step:530/1285 train_time:29021ms step_avg:54.76ms
step:531/1285 train_time:29072ms step_avg:54.75ms
step:532/1285 train_time:29137ms step_avg:54.77ms
step:533/1285 train_time:29187ms step_avg:54.76ms
step:534/1285 train_time:29248ms step_avg:54.77ms
step:535/1285 train_time:29301ms step_avg:54.77ms
step:536/1285 train_time:29364ms step_avg:54.78ms
step:537/1285 train_time:29417ms step_avg:54.78ms
step:538/1285 train_time:29480ms step_avg:54.79ms
step:539/1285 train_time:29533ms step_avg:54.79ms
step:540/1285 train_time:29597ms step_avg:54.81ms
step:541/1285 train_time:29651ms step_avg:54.81ms
step:542/1285 train_time:29711ms step_avg:54.82ms
step:543/1285 train_time:29766ms step_avg:54.82ms
step:544/1285 train_time:29828ms step_avg:54.83ms
step:545/1285 train_time:29880ms step_avg:54.83ms
step:546/1285 train_time:29943ms step_avg:54.84ms
step:547/1285 train_time:29997ms step_avg:54.84ms
step:548/1285 train_time:30058ms step_avg:54.85ms
step:549/1285 train_time:30111ms step_avg:54.85ms
step:550/1285 train_time:30172ms step_avg:54.86ms
step:551/1285 train_time:30225ms step_avg:54.85ms
step:552/1285 train_time:30285ms step_avg:54.86ms
step:553/1285 train_time:30340ms step_avg:54.86ms
step:554/1285 train_time:30403ms step_avg:54.88ms
step:555/1285 train_time:30452ms step_avg:54.87ms
step:556/1285 train_time:30517ms step_avg:54.89ms
step:557/1285 train_time:30569ms step_avg:54.88ms
step:558/1285 train_time:30633ms step_avg:54.90ms
step:559/1285 train_time:30684ms step_avg:54.89ms
step:560/1285 train_time:30746ms step_avg:54.90ms
step:561/1285 train_time:30800ms step_avg:54.90ms
step:562/1285 train_time:30863ms step_avg:54.92ms
step:563/1285 train_time:30914ms step_avg:54.91ms
step:564/1285 train_time:30979ms step_avg:54.93ms
step:565/1285 train_time:31031ms step_avg:54.92ms
step:566/1285 train_time:31091ms step_avg:54.93ms
step:567/1285 train_time:31146ms step_avg:54.93ms
step:568/1285 train_time:31207ms step_avg:54.94ms
step:569/1285 train_time:31259ms step_avg:54.94ms
step:570/1285 train_time:31324ms step_avg:54.95ms
step:571/1285 train_time:31381ms step_avg:54.96ms
step:572/1285 train_time:31440ms step_avg:54.97ms
step:573/1285 train_time:31492ms step_avg:54.96ms
step:574/1285 train_time:31554ms step_avg:54.97ms
step:575/1285 train_time:31605ms step_avg:54.97ms
step:576/1285 train_time:31668ms step_avg:54.98ms
step:577/1285 train_time:31721ms step_avg:54.98ms
step:578/1285 train_time:31784ms step_avg:54.99ms
step:579/1285 train_time:31835ms step_avg:54.98ms
step:580/1285 train_time:31899ms step_avg:55.00ms
step:581/1285 train_time:31951ms step_avg:54.99ms
step:582/1285 train_time:32014ms step_avg:55.01ms
step:583/1285 train_time:32066ms step_avg:55.00ms
step:584/1285 train_time:32129ms step_avg:55.02ms
step:585/1285 train_time:32180ms step_avg:55.01ms
step:586/1285 train_time:32243ms step_avg:55.02ms
step:587/1285 train_time:32295ms step_avg:55.02ms
step:588/1285 train_time:32358ms step_avg:55.03ms
step:589/1285 train_time:32410ms step_avg:55.02ms
step:590/1285 train_time:32474ms step_avg:55.04ms
step:591/1285 train_time:32527ms step_avg:55.04ms
step:592/1285 train_time:32589ms step_avg:55.05ms
step:593/1285 train_time:32642ms step_avg:55.05ms
step:594/1285 train_time:32705ms step_avg:55.06ms
step:595/1285 train_time:32755ms step_avg:55.05ms
step:596/1285 train_time:32820ms step_avg:55.07ms
step:597/1285 train_time:32874ms step_avg:55.07ms
step:598/1285 train_time:32935ms step_avg:55.08ms
step:599/1285 train_time:32990ms step_avg:55.07ms
step:600/1285 train_time:33049ms step_avg:55.08ms
step:601/1285 train_time:33101ms step_avg:55.08ms
step:602/1285 train_time:33164ms step_avg:55.09ms
step:603/1285 train_time:33215ms step_avg:55.08ms
step:604/1285 train_time:33278ms step_avg:55.10ms
step:605/1285 train_time:33331ms step_avg:55.09ms
step:606/1285 train_time:33393ms step_avg:55.10ms
step:607/1285 train_time:33447ms step_avg:55.10ms
step:608/1285 train_time:33508ms step_avg:55.11ms
step:609/1285 train_time:33561ms step_avg:55.11ms
step:610/1285 train_time:33625ms step_avg:55.12ms
step:611/1285 train_time:33675ms step_avg:55.11ms
step:612/1285 train_time:33741ms step_avg:55.13ms
step:613/1285 train_time:33793ms step_avg:55.13ms
step:614/1285 train_time:33856ms step_avg:55.14ms
step:615/1285 train_time:33908ms step_avg:55.13ms
step:616/1285 train_time:33972ms step_avg:55.15ms
step:617/1285 train_time:34025ms step_avg:55.15ms
step:618/1285 train_time:34086ms step_avg:55.15ms
step:619/1285 train_time:34141ms step_avg:55.16ms
step:620/1285 train_time:34202ms step_avg:55.16ms
step:621/1285 train_time:34254ms step_avg:55.16ms
step:622/1285 train_time:34315ms step_avg:55.17ms
step:623/1285 train_time:34371ms step_avg:55.17ms
step:624/1285 train_time:34430ms step_avg:55.18ms
step:625/1285 train_time:34486ms step_avg:55.18ms
step:626/1285 train_time:34545ms step_avg:55.18ms
step:627/1285 train_time:34596ms step_avg:55.18ms
step:628/1285 train_time:34661ms step_avg:55.19ms
step:629/1285 train_time:34713ms step_avg:55.19ms
step:630/1285 train_time:34778ms step_avg:55.20ms
step:631/1285 train_time:34830ms step_avg:55.20ms
step:632/1285 train_time:34890ms step_avg:55.21ms
step:633/1285 train_time:34944ms step_avg:55.20ms
step:634/1285 train_time:35005ms step_avg:55.21ms
step:635/1285 train_time:35058ms step_avg:55.21ms
step:636/1285 train_time:35122ms step_avg:55.22ms
step:637/1285 train_time:35175ms step_avg:55.22ms
step:638/1285 train_time:35237ms step_avg:55.23ms
step:639/1285 train_time:35288ms step_avg:55.22ms
step:640/1285 train_time:35353ms step_avg:55.24ms
step:641/1285 train_time:35405ms step_avg:55.23ms
step:642/1285 train_time:35466ms step_avg:55.24ms
step:643/1285 train_time:35519ms step_avg:55.24ms
step:644/1285 train_time:35581ms step_avg:55.25ms
step:645/1285 train_time:35635ms step_avg:55.25ms
step:646/1285 train_time:35696ms step_avg:55.26ms
step:647/1285 train_time:35748ms step_avg:55.25ms
step:648/1285 train_time:35811ms step_avg:55.26ms
step:649/1285 train_time:35866ms step_avg:55.26ms
step:650/1285 train_time:35926ms step_avg:55.27ms
step:651/1285 train_time:35978ms step_avg:55.27ms
step:652/1285 train_time:36041ms step_avg:55.28ms
step:653/1285 train_time:36095ms step_avg:55.27ms
step:654/1285 train_time:36158ms step_avg:55.29ms
step:655/1285 train_time:36211ms step_avg:55.28ms
step:656/1285 train_time:36274ms step_avg:55.30ms
step:657/1285 train_time:36326ms step_avg:55.29ms
step:658/1285 train_time:36388ms step_avg:55.30ms
step:659/1285 train_time:36439ms step_avg:55.29ms
step:660/1285 train_time:36502ms step_avg:55.31ms
step:661/1285 train_time:36555ms step_avg:55.30ms
step:662/1285 train_time:36618ms step_avg:55.31ms
step:663/1285 train_time:36671ms step_avg:55.31ms
step:664/1285 train_time:36732ms step_avg:55.32ms
step:665/1285 train_time:36786ms step_avg:55.32ms
step:666/1285 train_time:36847ms step_avg:55.33ms
step:667/1285 train_time:36899ms step_avg:55.32ms
step:668/1285 train_time:36963ms step_avg:55.33ms
step:669/1285 train_time:37015ms step_avg:55.33ms
step:670/1285 train_time:37080ms step_avg:55.34ms
step:671/1285 train_time:37131ms step_avg:55.34ms
step:672/1285 train_time:37194ms step_avg:55.35ms
step:673/1285 train_time:37245ms step_avg:55.34ms
step:674/1285 train_time:37309ms step_avg:55.36ms
step:675/1285 train_time:37362ms step_avg:55.35ms
step:676/1285 train_time:37422ms step_avg:55.36ms
step:677/1285 train_time:37477ms step_avg:55.36ms
step:678/1285 train_time:37538ms step_avg:55.37ms
step:679/1285 train_time:37589ms step_avg:55.36ms
step:680/1285 train_time:37654ms step_avg:55.37ms
step:681/1285 train_time:37707ms step_avg:55.37ms
step:682/1285 train_time:37769ms step_avg:55.38ms
step:683/1285 train_time:37822ms step_avg:55.38ms
step:684/1285 train_time:37885ms step_avg:55.39ms
step:685/1285 train_time:37935ms step_avg:55.38ms
step:686/1285 train_time:38000ms step_avg:55.39ms
step:687/1285 train_time:38051ms step_avg:55.39ms
step:688/1285 train_time:38116ms step_avg:55.40ms
step:689/1285 train_time:38170ms step_avg:55.40ms
step:690/1285 train_time:38231ms step_avg:55.41ms
step:691/1285 train_time:38284ms step_avg:55.40ms
step:692/1285 train_time:38344ms step_avg:55.41ms
step:693/1285 train_time:38396ms step_avg:55.41ms
step:694/1285 train_time:38459ms step_avg:55.42ms
step:695/1285 train_time:38511ms step_avg:55.41ms
step:696/1285 train_time:38575ms step_avg:55.42ms
step:697/1285 train_time:38630ms step_avg:55.42ms
step:698/1285 train_time:38692ms step_avg:55.43ms
step:699/1285 train_time:38743ms step_avg:55.43ms
step:700/1285 train_time:38807ms step_avg:55.44ms
step:701/1285 train_time:38857ms step_avg:55.43ms
step:702/1285 train_time:38921ms step_avg:55.44ms
step:703/1285 train_time:38974ms step_avg:55.44ms
step:704/1285 train_time:39038ms step_avg:55.45ms
step:705/1285 train_time:39090ms step_avg:55.45ms
step:706/1285 train_time:39153ms step_avg:55.46ms
step:707/1285 train_time:39206ms step_avg:55.45ms
step:708/1285 train_time:39268ms step_avg:55.46ms
step:709/1285 train_time:39320ms step_avg:55.46ms
step:710/1285 train_time:39384ms step_avg:55.47ms
step:711/1285 train_time:39435ms step_avg:55.46ms
step:712/1285 train_time:39500ms step_avg:55.48ms
step:713/1285 train_time:39554ms step_avg:55.48ms
step:714/1285 train_time:39615ms step_avg:55.48ms
step:715/1285 train_time:39668ms step_avg:55.48ms
step:716/1285 train_time:39730ms step_avg:55.49ms
step:717/1285 train_time:39785ms step_avg:55.49ms
step:718/1285 train_time:39845ms step_avg:55.49ms
step:719/1285 train_time:39896ms step_avg:55.49ms
step:720/1285 train_time:39960ms step_avg:55.50ms
step:721/1285 train_time:40012ms step_avg:55.49ms
step:722/1285 train_time:40079ms step_avg:55.51ms
step:723/1285 train_time:40133ms step_avg:55.51ms
step:724/1285 train_time:40192ms step_avg:55.51ms
step:725/1285 train_time:40243ms step_avg:55.51ms
step:726/1285 train_time:40307ms step_avg:55.52ms
step:727/1285 train_time:40359ms step_avg:55.51ms
step:728/1285 train_time:40423ms step_avg:55.53ms
step:729/1285 train_time:40474ms step_avg:55.52ms
step:730/1285 train_time:40539ms step_avg:55.53ms
step:731/1285 train_time:40592ms step_avg:55.53ms
step:732/1285 train_time:40653ms step_avg:55.54ms
step:733/1285 train_time:40705ms step_avg:55.53ms
step:734/1285 train_time:40768ms step_avg:55.54ms
step:735/1285 train_time:40822ms step_avg:55.54ms
step:736/1285 train_time:40885ms step_avg:55.55ms
step:737/1285 train_time:40936ms step_avg:55.54ms
step:738/1285 train_time:41002ms step_avg:55.56ms
step:739/1285 train_time:41053ms step_avg:55.55ms
step:740/1285 train_time:41118ms step_avg:55.56ms
step:741/1285 train_time:41168ms step_avg:55.56ms
step:742/1285 train_time:41237ms step_avg:55.58ms
step:743/1285 train_time:41289ms step_avg:55.57ms
step:744/1285 train_time:41348ms step_avg:55.57ms
step:745/1285 train_time:41399ms step_avg:55.57ms
step:746/1285 train_time:41462ms step_avg:55.58ms
step:747/1285 train_time:41514ms step_avg:55.57ms
step:748/1285 train_time:41578ms step_avg:55.59ms
step:749/1285 train_time:41634ms step_avg:55.59ms
step:750/1285 train_time:41691ms step_avg:55.59ms
step:750/1285 val_loss:3.68350005 train_time:41751ms step_avg:55.67ms
step:751/1285 train_time:41805ms step_avg:55.67ms
step:752/1285 train_time:41867ms step_avg:55.67ms
step:753/1285 train_time:41919ms step_avg:55.67ms
step:754/1285 train_time:41978ms step_avg:55.67ms
step:755/1285 train_time:42029ms step_avg:55.67ms
step:756/1285 train_time:42090ms step_avg:55.67ms
step:757/1285 train_time:42140ms step_avg:55.67ms
step:758/1285 train_time:42197ms step_avg:55.67ms
step:759/1285 train_time:42249ms step_avg:55.66ms
step:760/1285 train_time:42308ms step_avg:55.67ms
step:761/1285 train_time:42361ms step_avg:55.67ms
step:762/1285 train_time:42419ms step_avg:55.67ms
step:763/1285 train_time:42470ms step_avg:55.66ms
step:764/1285 train_time:42526ms step_avg:55.66ms
step:765/1285 train_time:42578ms step_avg:55.66ms
step:766/1285 train_time:42636ms step_avg:55.66ms
step:767/1285 train_time:42689ms step_avg:55.66ms
step:768/1285 train_time:42747ms step_avg:55.66ms
step:769/1285 train_time:42799ms step_avg:55.66ms
step:770/1285 train_time:42864ms step_avg:55.67ms
step:771/1285 train_time:42919ms step_avg:55.67ms
step:772/1285 train_time:42988ms step_avg:55.68ms
step:773/1285 train_time:43039ms step_avg:55.68ms
step:774/1285 train_time:43102ms step_avg:55.69ms
step:775/1285 train_time:43154ms step_avg:55.68ms
step:776/1285 train_time:43217ms step_avg:55.69ms
step:777/1285 train_time:43270ms step_avg:55.69ms
step:778/1285 train_time:43332ms step_avg:55.70ms
step:779/1285 train_time:43382ms step_avg:55.69ms
step:780/1285 train_time:43447ms step_avg:55.70ms
step:781/1285 train_time:43501ms step_avg:55.70ms
step:782/1285 train_time:43561ms step_avg:55.70ms
step:783/1285 train_time:43611ms step_avg:55.70ms
step:784/1285 train_time:43677ms step_avg:55.71ms
step:785/1285 train_time:43730ms step_avg:55.71ms
step:786/1285 train_time:43794ms step_avg:55.72ms
step:787/1285 train_time:43846ms step_avg:55.71ms
step:788/1285 train_time:43910ms step_avg:55.72ms
step:789/1285 train_time:43962ms step_avg:55.72ms
step:790/1285 train_time:44026ms step_avg:55.73ms
step:791/1285 train_time:44077ms step_avg:55.72ms
step:792/1285 train_time:44141ms step_avg:55.73ms
step:793/1285 train_time:44193ms step_avg:55.73ms
step:794/1285 train_time:44322ms step_avg:55.82ms
step:795/1285 train_time:44380ms step_avg:55.82ms
step:796/1285 train_time:44445ms step_avg:55.83ms
step:797/1285 train_time:44496ms step_avg:55.83ms
step:798/1285 train_time:44555ms step_avg:55.83ms
step:799/1285 train_time:44612ms step_avg:55.84ms
step:800/1285 train_time:44672ms step_avg:55.84ms
step:801/1285 train_time:44726ms step_avg:55.84ms
step:802/1285 train_time:44786ms step_avg:55.84ms
step:803/1285 train_time:44838ms step_avg:55.84ms
step:804/1285 train_time:44896ms step_avg:55.84ms
step:805/1285 train_time:44950ms step_avg:55.84ms
step:806/1285 train_time:45008ms step_avg:55.84ms
step:807/1285 train_time:45061ms step_avg:55.84ms
step:808/1285 train_time:45121ms step_avg:55.84ms
step:809/1285 train_time:45171ms step_avg:55.84ms
step:810/1285 train_time:45230ms step_avg:55.84ms
step:811/1285 train_time:45281ms step_avg:55.83ms
step:812/1285 train_time:45338ms step_avg:55.84ms
step:813/1285 train_time:45388ms step_avg:55.83ms
step:814/1285 train_time:45449ms step_avg:55.83ms
step:815/1285 train_time:45502ms step_avg:55.83ms
step:816/1285 train_time:45561ms step_avg:55.83ms
step:817/1285 train_time:45616ms step_avg:55.83ms
step:818/1285 train_time:45676ms step_avg:55.84ms
step:819/1285 train_time:45729ms step_avg:55.84ms
step:820/1285 train_time:45792ms step_avg:55.84ms
step:821/1285 train_time:45846ms step_avg:55.84ms
step:822/1285 train_time:45908ms step_avg:55.85ms
step:823/1285 train_time:45962ms step_avg:55.85ms
step:824/1285 train_time:46020ms step_avg:55.85ms
step:825/1285 train_time:46072ms step_avg:55.85ms
step:826/1285 train_time:46136ms step_avg:55.85ms
step:827/1285 train_time:46191ms step_avg:55.85ms
step:828/1285 train_time:46254ms step_avg:55.86ms
step:829/1285 train_time:46305ms step_avg:55.86ms
step:830/1285 train_time:46369ms step_avg:55.87ms
step:831/1285 train_time:46424ms step_avg:55.87ms
step:832/1285 train_time:46486ms step_avg:55.87ms
step:833/1285 train_time:46539ms step_avg:55.87ms
step:834/1285 train_time:46603ms step_avg:55.88ms
step:835/1285 train_time:46655ms step_avg:55.87ms
step:836/1285 train_time:46717ms step_avg:55.88ms
step:837/1285 train_time:46770ms step_avg:55.88ms
step:838/1285 train_time:46833ms step_avg:55.89ms
step:839/1285 train_time:46886ms step_avg:55.88ms
step:840/1285 train_time:46948ms step_avg:55.89ms
step:841/1285 train_time:47001ms step_avg:55.89ms
step:842/1285 train_time:47063ms step_avg:55.89ms
step:843/1285 train_time:47115ms step_avg:55.89ms
step:844/1285 train_time:47179ms step_avg:55.90ms
step:845/1285 train_time:47233ms step_avg:55.90ms
step:846/1285 train_time:47295ms step_avg:55.90ms
step:847/1285 train_time:47347ms step_avg:55.90ms
step:848/1285 train_time:47413ms step_avg:55.91ms
step:849/1285 train_time:47493ms step_avg:55.94ms
step:850/1285 train_time:47585ms step_avg:55.98ms
step:851/1285 train_time:47659ms step_avg:56.00ms
step:852/1285 train_time:47748ms step_avg:56.04ms
step:853/1285 train_time:47824ms step_avg:56.07ms
step:854/1285 train_time:47915ms step_avg:56.11ms
step:855/1285 train_time:47993ms step_avg:56.13ms
step:856/1285 train_time:48082ms step_avg:56.17ms
step:857/1285 train_time:48157ms step_avg:56.19ms
step:858/1285 train_time:48249ms step_avg:56.23ms
step:859/1285 train_time:48326ms step_avg:56.26ms
step:860/1285 train_time:48416ms step_avg:56.30ms
step:861/1285 train_time:48496ms step_avg:56.33ms
step:862/1285 train_time:48587ms step_avg:56.37ms
step:863/1285 train_time:48662ms step_avg:56.39ms
step:864/1285 train_time:48752ms step_avg:56.43ms
step:865/1285 train_time:48830ms step_avg:56.45ms
step:866/1285 train_time:48919ms step_avg:56.49ms
step:867/1285 train_time:48996ms step_avg:56.51ms
step:868/1285 train_time:49086ms step_avg:56.55ms
step:869/1285 train_time:49161ms step_avg:56.57ms
step:870/1285 train_time:49251ms step_avg:56.61ms
step:871/1285 train_time:49329ms step_avg:56.63ms
step:872/1285 train_time:49421ms step_avg:56.68ms
step:873/1285 train_time:49499ms step_avg:56.70ms
step:874/1285 train_time:49588ms step_avg:56.74ms
step:875/1285 train_time:49663ms step_avg:56.76ms
step:876/1285 train_time:49753ms step_avg:56.80ms
step:877/1285 train_time:49831ms step_avg:56.82ms
step:878/1285 train_time:49922ms step_avg:56.86ms
step:879/1285 train_time:49999ms step_avg:56.88ms
step:880/1285 train_time:50087ms step_avg:56.92ms
step:881/1285 train_time:50164ms step_avg:56.94ms
step:882/1285 train_time:50254ms step_avg:56.98ms
step:883/1285 train_time:50332ms step_avg:57.00ms
step:884/1285 train_time:50422ms step_avg:57.04ms
step:885/1285 train_time:50499ms step_avg:57.06ms
step:886/1285 train_time:50591ms step_avg:57.10ms
step:887/1285 train_time:50668ms step_avg:57.12ms
step:888/1285 train_time:50757ms step_avg:57.16ms
step:889/1285 train_time:50833ms step_avg:57.18ms
step:890/1285 train_time:50923ms step_avg:57.22ms
step:891/1285 train_time:51000ms step_avg:57.24ms
step:892/1285 train_time:51089ms step_avg:57.28ms
step:893/1285 train_time:51166ms step_avg:57.30ms
step:894/1285 train_time:51255ms step_avg:57.33ms
step:895/1285 train_time:51334ms step_avg:57.36ms
step:896/1285 train_time:51425ms step_avg:57.39ms
step:897/1285 train_time:51503ms step_avg:57.42ms
step:898/1285 train_time:51594ms step_avg:57.45ms
step:899/1285 train_time:51671ms step_avg:57.48ms
step:900/1285 train_time:51760ms step_avg:57.51ms
step:901/1285 train_time:51838ms step_avg:57.53ms
step:902/1285 train_time:51926ms step_avg:57.57ms
step:903/1285 train_time:52003ms step_avg:57.59ms
step:904/1285 train_time:52094ms step_avg:57.63ms
step:905/1285 train_time:52172ms step_avg:57.65ms
step:906/1285 train_time:52261ms step_avg:57.68ms
step:907/1285 train_time:52337ms step_avg:57.70ms
step:908/1285 train_time:52429ms step_avg:57.74ms
step:909/1285 train_time:52505ms step_avg:57.76ms
step:910/1285 train_time:52597ms step_avg:57.80ms
step:911/1285 train_time:52673ms step_avg:57.82ms
step:912/1285 train_time:52763ms step_avg:57.85ms
step:913/1285 train_time:52840ms step_avg:57.88ms
step:914/1285 train_time:52931ms step_avg:57.91ms
step:915/1285 train_time:53008ms step_avg:57.93ms
step:916/1285 train_time:53097ms step_avg:57.97ms
step:917/1285 train_time:53174ms step_avg:57.99ms
step:918/1285 train_time:53264ms step_avg:58.02ms
step:919/1285 train_time:53341ms step_avg:58.04ms
step:920/1285 train_time:53431ms step_avg:58.08ms
step:921/1285 train_time:53509ms step_avg:58.10ms
step:922/1285 train_time:53600ms step_avg:58.13ms
step:923/1285 train_time:53678ms step_avg:58.16ms
step:924/1285 train_time:53766ms step_avg:58.19ms
step:925/1285 train_time:53843ms step_avg:58.21ms
step:926/1285 train_time:53934ms step_avg:58.24ms
step:927/1285 train_time:54011ms step_avg:58.26ms
step:928/1285 train_time:54102ms step_avg:58.30ms
step:929/1285 train_time:54179ms step_avg:58.32ms
step:930/1285 train_time:54268ms step_avg:58.35ms
step:931/1285 train_time:54344ms step_avg:58.37ms
step:932/1285 train_time:54436ms step_avg:58.41ms
step:933/1285 train_time:54514ms step_avg:58.43ms
step:934/1285 train_time:54604ms step_avg:58.46ms
step:935/1285 train_time:54681ms step_avg:58.48ms
step:936/1285 train_time:54771ms step_avg:58.52ms
step:937/1285 train_time:54847ms step_avg:58.53ms
step:938/1285 train_time:54939ms step_avg:58.57ms
step:939/1285 train_time:55016ms step_avg:58.59ms
step:940/1285 train_time:55106ms step_avg:58.62ms
step:941/1285 train_time:55183ms step_avg:58.64ms
step:942/1285 train_time:55273ms step_avg:58.68ms
step:943/1285 train_time:55349ms step_avg:58.69ms
step:944/1285 train_time:55440ms step_avg:58.73ms
step:945/1285 train_time:55517ms step_avg:58.75ms
step:946/1285 train_time:55606ms step_avg:58.78ms
step:947/1285 train_time:55683ms step_avg:58.80ms
step:948/1285 train_time:55774ms step_avg:58.83ms
step:949/1285 train_time:55851ms step_avg:58.85ms
step:950/1285 train_time:55941ms step_avg:58.89ms
step:951/1285 train_time:56020ms step_avg:58.91ms
step:952/1285 train_time:56109ms step_avg:58.94ms
step:953/1285 train_time:56187ms step_avg:58.96ms
step:954/1285 train_time:56278ms step_avg:58.99ms
step:955/1285 train_time:56353ms step_avg:59.01ms
step:956/1285 train_time:56446ms step_avg:59.04ms
step:957/1285 train_time:56522ms step_avg:59.06ms
step:958/1285 train_time:56612ms step_avg:59.09ms
step:959/1285 train_time:56689ms step_avg:59.11ms
step:960/1285 train_time:56780ms step_avg:59.15ms
step:961/1285 train_time:56855ms step_avg:59.16ms
step:962/1285 train_time:56946ms step_avg:59.20ms
step:963/1285 train_time:57023ms step_avg:59.21ms
step:964/1285 train_time:57115ms step_avg:59.25ms
step:965/1285 train_time:57192ms step_avg:59.27ms
step:966/1285 train_time:57282ms step_avg:59.30ms
step:967/1285 train_time:57357ms step_avg:59.31ms
step:968/1285 train_time:57447ms step_avg:59.35ms
step:969/1285 train_time:57523ms step_avg:59.36ms
step:970/1285 train_time:57614ms step_avg:59.40ms
step:971/1285 train_time:57692ms step_avg:59.41ms
step:972/1285 train_time:57783ms step_avg:59.45ms
step:973/1285 train_time:57859ms step_avg:59.46ms
step:974/1285 train_time:57948ms step_avg:59.49ms
step:975/1285 train_time:58025ms step_avg:59.51ms
step:976/1285 train_time:58116ms step_avg:59.54ms
step:977/1285 train_time:58194ms step_avg:59.56ms
step:978/1285 train_time:58286ms step_avg:59.60ms
step:979/1285 train_time:58360ms step_avg:59.61ms
step:980/1285 train_time:58451ms step_avg:59.64ms
step:981/1285 train_time:58528ms step_avg:59.66ms
step:982/1285 train_time:58618ms step_avg:59.69ms
step:983/1285 train_time:58695ms step_avg:59.71ms
step:984/1285 train_time:58786ms step_avg:59.74ms
step:985/1285 train_time:58861ms step_avg:59.76ms
step:986/1285 train_time:58951ms step_avg:59.79ms
step:987/1285 train_time:59030ms step_avg:59.81ms
step:988/1285 train_time:59119ms step_avg:59.84ms
step:989/1285 train_time:59197ms step_avg:59.86ms
step:990/1285 train_time:59287ms step_avg:59.89ms
step:991/1285 train_time:59363ms step_avg:59.90ms
step:992/1285 train_time:59453ms step_avg:59.93ms
step:993/1285 train_time:59530ms step_avg:59.95ms
step:994/1285 train_time:59621ms step_avg:59.98ms
step:995/1285 train_time:59698ms step_avg:60.00ms
step:996/1285 train_time:59789ms step_avg:60.03ms
step:997/1285 train_time:59864ms step_avg:60.04ms
step:998/1285 train_time:59952ms step_avg:60.07ms
step:999/1285 train_time:60031ms step_avg:60.09ms
step:1000/1285 train_time:60122ms step_avg:60.12ms
step:1000/1285 val_loss:3.41439533 train_time:60210ms step_avg:60.21ms
step:1001/1285 train_time:60266ms step_avg:60.21ms
step:1002/1285 train_time:60328ms step_avg:60.21ms
step:1003/1285 train_time:60381ms step_avg:60.20ms
step:1004/1285 train_time:60472ms step_avg:60.23ms
step:1005/1285 train_time:60547ms step_avg:60.25ms
step:1006/1285 train_time:60635ms step_avg:60.27ms
step:1007/1285 train_time:60712ms step_avg:60.29ms
step:1008/1285 train_time:60801ms step_avg:60.32ms
step:1009/1285 train_time:60876ms step_avg:60.33ms
step:1010/1285 train_time:60966ms step_avg:60.36ms
step:1011/1285 train_time:61042ms step_avg:60.38ms
step:1012/1285 train_time:61132ms step_avg:60.41ms
step:1013/1285 train_time:61214ms step_avg:60.43ms
step:1014/1285 train_time:61305ms step_avg:60.46ms
step:1015/1285 train_time:61384ms step_avg:60.48ms
step:1016/1285 train_time:61477ms step_avg:60.51ms
step:1017/1285 train_time:61554ms step_avg:60.52ms
step:1018/1285 train_time:61642ms step_avg:60.55ms
step:1019/1285 train_time:61718ms step_avg:60.57ms
step:1020/1285 train_time:61809ms step_avg:60.60ms
step:1021/1285 train_time:61889ms step_avg:60.62ms
step:1022/1285 train_time:61976ms step_avg:60.64ms
step:1023/1285 train_time:62050ms step_avg:60.66ms
step:1024/1285 train_time:62140ms step_avg:60.68ms
step:1025/1285 train_time:62219ms step_avg:60.70ms
step:1026/1285 train_time:62318ms step_avg:60.74ms
step:1027/1285 train_time:62390ms step_avg:60.75ms
step:1028/1285 train_time:62482ms step_avg:60.78ms
step:1029/1285 train_time:62559ms step_avg:60.80ms
step:1030/1285 train_time:62649ms step_avg:60.82ms
step:1031/1285 train_time:62723ms step_avg:60.84ms
step:1032/1285 train_time:62814ms step_avg:60.87ms
step:1033/1285 train_time:62890ms step_avg:60.88ms
step:1034/1285 train_time:62980ms step_avg:60.91ms
step:1035/1285 train_time:63056ms step_avg:60.92ms
step:1036/1285 train_time:63147ms step_avg:60.95ms
step:1037/1285 train_time:63224ms step_avg:60.97ms
step:1038/1285 train_time:63315ms step_avg:61.00ms
step:1039/1285 train_time:63393ms step_avg:61.01ms
step:1040/1285 train_time:63485ms step_avg:61.04ms
step:1041/1285 train_time:63560ms step_avg:61.06ms
step:1042/1285 train_time:63650ms step_avg:61.08ms
step:1043/1285 train_time:63727ms step_avg:61.10ms
step:1044/1285 train_time:63817ms step_avg:61.13ms
step:1045/1285 train_time:63894ms step_avg:61.14ms
step:1046/1285 train_time:63984ms step_avg:61.17ms
step:1047/1285 train_time:64060ms step_avg:61.18ms
step:1048/1285 train_time:64148ms step_avg:61.21ms
step:1049/1285 train_time:64225ms step_avg:61.23ms
step:1050/1285 train_time:64316ms step_avg:61.25ms
step:1051/1285 train_time:64394ms step_avg:61.27ms
step:1052/1285 train_time:64485ms step_avg:61.30ms
step:1053/1285 train_time:64562ms step_avg:61.31ms
step:1054/1285 train_time:64652ms step_avg:61.34ms
step:1055/1285 train_time:64728ms step_avg:61.35ms
step:1056/1285 train_time:64818ms step_avg:61.38ms
step:1057/1285 train_time:64895ms step_avg:61.40ms
step:1058/1285 train_time:64984ms step_avg:61.42ms
step:1059/1285 train_time:65061ms step_avg:61.44ms
step:1060/1285 train_time:65152ms step_avg:61.46ms
step:1061/1285 train_time:65228ms step_avg:61.48ms
step:1062/1285 train_time:65319ms step_avg:61.51ms
step:1063/1285 train_time:65396ms step_avg:61.52ms
step:1064/1285 train_time:65486ms step_avg:61.55ms
step:1065/1285 train_time:65564ms step_avg:61.56ms
step:1066/1285 train_time:65655ms step_avg:61.59ms
step:1067/1285 train_time:65731ms step_avg:61.60ms
step:1068/1285 train_time:65822ms step_avg:61.63ms
step:1069/1285 train_time:65899ms step_avg:61.65ms
step:1070/1285 train_time:65987ms step_avg:61.67ms
step:1071/1285 train_time:66064ms step_avg:61.68ms
step:1072/1285 train_time:66155ms step_avg:61.71ms
step:1073/1285 train_time:66231ms step_avg:61.72ms
step:1074/1285 train_time:66322ms step_avg:61.75ms
step:1075/1285 train_time:66399ms step_avg:61.77ms
step:1076/1285 train_time:66489ms step_avg:61.79ms
step:1077/1285 train_time:66566ms step_avg:61.81ms
step:1078/1285 train_time:66657ms step_avg:61.83ms
step:1079/1285 train_time:66732ms step_avg:61.85ms
step:1080/1285 train_time:66823ms step_avg:61.87ms
step:1081/1285 train_time:66900ms step_avg:61.89ms
step:1082/1285 train_time:66990ms step_avg:61.91ms
step:1083/1285 train_time:67067ms step_avg:61.93ms
step:1084/1285 train_time:67157ms step_avg:61.95ms
step:1085/1285 train_time:67233ms step_avg:61.97ms
step:1086/1285 train_time:67323ms step_avg:61.99ms
step:1087/1285 train_time:67400ms step_avg:62.01ms
step:1088/1285 train_time:67491ms step_avg:62.03ms
step:1089/1285 train_time:67569ms step_avg:62.05ms
step:1090/1285 train_time:67659ms step_avg:62.07ms
step:1091/1285 train_time:67734ms step_avg:62.08ms
step:1092/1285 train_time:67824ms step_avg:62.11ms
step:1093/1285 train_time:67900ms step_avg:62.12ms
step:1094/1285 train_time:67990ms step_avg:62.15ms
step:1095/1285 train_time:68068ms step_avg:62.16ms
step:1096/1285 train_time:68159ms step_avg:62.19ms
step:1097/1285 train_time:68235ms step_avg:62.20ms
step:1098/1285 train_time:68325ms step_avg:62.23ms
step:1099/1285 train_time:68402ms step_avg:62.24ms
step:1100/1285 train_time:68493ms step_avg:62.27ms
step:1101/1285 train_time:68570ms step_avg:62.28ms
step:1102/1285 train_time:68661ms step_avg:62.31ms
step:1103/1285 train_time:68736ms step_avg:62.32ms
step:1104/1285 train_time:68826ms step_avg:62.34ms
step:1105/1285 train_time:68902ms step_avg:62.35ms
step:1106/1285 train_time:68992ms step_avg:62.38ms
step:1107/1285 train_time:69070ms step_avg:62.39ms
step:1108/1285 train_time:69160ms step_avg:62.42ms
step:1109/1285 train_time:69236ms step_avg:62.43ms
step:1110/1285 train_time:69327ms step_avg:62.46ms
step:1111/1285 train_time:69404ms step_avg:62.47ms
step:1112/1285 train_time:69495ms step_avg:62.50ms
step:1113/1285 train_time:69571ms step_avg:62.51ms
step:1114/1285 train_time:69661ms step_avg:62.53ms
step:1115/1285 train_time:69737ms step_avg:62.54ms
step:1116/1285 train_time:69827ms step_avg:62.57ms
step:1117/1285 train_time:69904ms step_avg:62.58ms
step:1118/1285 train_time:69994ms step_avg:62.61ms
step:1119/1285 train_time:70071ms step_avg:62.62ms
step:1120/1285 train_time:70161ms step_avg:62.64ms
step:1121/1285 train_time:70237ms step_avg:62.66ms
step:1122/1285 train_time:70328ms step_avg:62.68ms
step:1123/1285 train_time:70404ms step_avg:62.69ms
step:1124/1285 train_time:70494ms step_avg:62.72ms
step:1125/1285 train_time:70571ms step_avg:62.73ms
step:1126/1285 train_time:70663ms step_avg:62.76ms
step:1127/1285 train_time:70737ms step_avg:62.77ms
step:1128/1285 train_time:70828ms step_avg:62.79ms
step:1129/1285 train_time:70905ms step_avg:62.80ms
step:1130/1285 train_time:70997ms step_avg:62.83ms
step:1131/1285 train_time:71073ms step_avg:62.84ms
step:1132/1285 train_time:71162ms step_avg:62.86ms
step:1133/1285 train_time:71239ms step_avg:62.88ms
step:1134/1285 train_time:71327ms step_avg:62.90ms
step:1135/1285 train_time:71404ms step_avg:62.91ms
step:1136/1285 train_time:71495ms step_avg:62.94ms
step:1137/1285 train_time:71571ms step_avg:62.95ms
step:1138/1285 train_time:71662ms step_avg:62.97ms
step:1139/1285 train_time:71737ms step_avg:62.98ms
step:1140/1285 train_time:71829ms step_avg:63.01ms
step:1141/1285 train_time:71905ms step_avg:63.02ms
step:1142/1285 train_time:71994ms step_avg:63.04ms
step:1143/1285 train_time:72072ms step_avg:63.05ms
step:1144/1285 train_time:72162ms step_avg:63.08ms
step:1145/1285 train_time:72237ms step_avg:63.09ms
step:1146/1285 train_time:72328ms step_avg:63.11ms
step:1147/1285 train_time:72403ms step_avg:63.12ms
step:1148/1285 train_time:72494ms step_avg:63.15ms
step:1149/1285 train_time:72570ms step_avg:63.16ms
step:1150/1285 train_time:72660ms step_avg:63.18ms
step:1151/1285 train_time:72736ms step_avg:63.19ms
step:1152/1285 train_time:72826ms step_avg:63.22ms
step:1153/1285 train_time:72904ms step_avg:63.23ms
step:1154/1285 train_time:72995ms step_avg:63.25ms
step:1155/1285 train_time:73072ms step_avg:63.27ms
step:1156/1285 train_time:73161ms step_avg:63.29ms
step:1157/1285 train_time:73238ms step_avg:63.30ms
step:1158/1285 train_time:73326ms step_avg:63.32ms
step:1159/1285 train_time:73404ms step_avg:63.33ms
step:1160/1285 train_time:73495ms step_avg:63.36ms
step:1161/1285 train_time:73572ms step_avg:63.37ms
step:1162/1285 train_time:73663ms step_avg:63.39ms
step:1163/1285 train_time:73738ms step_avg:63.40ms
step:1164/1285 train_time:73827ms step_avg:63.43ms
step:1165/1285 train_time:73905ms step_avg:63.44ms
step:1166/1285 train_time:73994ms step_avg:63.46ms
step:1167/1285 train_time:74071ms step_avg:63.47ms
step:1168/1285 train_time:74162ms step_avg:63.50ms
step:1169/1285 train_time:74238ms step_avg:63.51ms
step:1170/1285 train_time:74328ms step_avg:63.53ms
step:1171/1285 train_time:74404ms step_avg:63.54ms
step:1172/1285 train_time:74494ms step_avg:63.56ms
step:1173/1285 train_time:74573ms step_avg:63.57ms
step:1174/1285 train_time:74662ms step_avg:63.60ms
step:1175/1285 train_time:74738ms step_avg:63.61ms
step:1176/1285 train_time:74827ms step_avg:63.63ms
step:1177/1285 train_time:74905ms step_avg:63.64ms
step:1178/1285 train_time:74995ms step_avg:63.66ms
step:1179/1285 train_time:75071ms step_avg:63.67ms
step:1180/1285 train_time:75162ms step_avg:63.70ms
step:1181/1285 train_time:75237ms step_avg:63.71ms
step:1182/1285 train_time:75327ms step_avg:63.73ms
step:1183/1285 train_time:75404ms step_avg:63.74ms
step:1184/1285 train_time:75495ms step_avg:63.76ms
step:1185/1285 train_time:75571ms step_avg:63.77ms
step:1186/1285 train_time:75661ms step_avg:63.80ms
step:1187/1285 train_time:75737ms step_avg:63.81ms
step:1188/1285 train_time:75827ms step_avg:63.83ms
step:1189/1285 train_time:75904ms step_avg:63.84ms
step:1190/1285 train_time:75996ms step_avg:63.86ms
step:1191/1285 train_time:76070ms step_avg:63.87ms
step:1192/1285 train_time:76161ms step_avg:63.89ms
step:1193/1285 train_time:76238ms step_avg:63.90ms
step:1194/1285 train_time:76327ms step_avg:63.93ms
step:1195/1285 train_time:76434ms step_avg:63.96ms
step:1196/1285 train_time:76526ms step_avg:63.98ms
step:1197/1285 train_time:76610ms step_avg:64.00ms
step:1198/1285 train_time:76696ms step_avg:64.02ms
step:1199/1285 train_time:76992ms step_avg:64.21ms
step:1200/1285 train_time:77142ms step_avg:64.28ms
step:1201/1285 train_time:77245ms step_avg:64.32ms
step:1202/1285 train_time:77344ms step_avg:64.35ms
step:1203/1285 train_time:77403ms step_avg:64.34ms
step:1204/1285 train_time:77479ms step_avg:64.35ms
step:1205/1285 train_time:77541ms step_avg:64.35ms
step:1206/1285 train_time:77613ms step_avg:64.36ms
step:1207/1285 train_time:77689ms step_avg:64.36ms
step:1208/1285 train_time:77777ms step_avg:64.38ms
step:1209/1285 train_time:77851ms step_avg:64.39ms
step:1210/1285 train_time:77940ms step_avg:64.41ms
step:1211/1285 train_time:78014ms step_avg:64.42ms
step:1212/1285 train_time:78103ms step_avg:64.44ms
step:1213/1285 train_time:78181ms step_avg:64.45ms
step:1214/1285 train_time:78275ms step_avg:64.48ms
step:1215/1285 train_time:78356ms step_avg:64.49ms
step:1216/1285 train_time:78446ms step_avg:64.51ms
step:1217/1285 train_time:78522ms step_avg:64.52ms
step:1218/1285 train_time:78612ms step_avg:64.54ms
step:1219/1285 train_time:78688ms step_avg:64.55ms
step:1220/1285 train_time:78778ms step_avg:64.57ms
step:1221/1285 train_time:78850ms step_avg:64.58ms
step:1222/1285 train_time:78942ms step_avg:64.60ms
step:1223/1285 train_time:79015ms step_avg:64.61ms
step:1224/1285 train_time:79105ms step_avg:64.63ms
step:1225/1285 train_time:79181ms step_avg:64.64ms
step:1226/1285 train_time:79276ms step_avg:64.66ms
step:1227/1285 train_time:79353ms step_avg:64.67ms
step:1228/1285 train_time:79458ms step_avg:64.71ms
step:1229/1285 train_time:79556ms step_avg:64.73ms
step:1230/1285 train_time:79655ms step_avg:64.76ms
step:1231/1285 train_time:79725ms step_avg:64.76ms
step:1232/1285 train_time:79808ms step_avg:64.78ms
step:1233/1285 train_time:79867ms step_avg:64.77ms
step:1234/1285 train_time:79939ms step_avg:64.78ms
step:1235/1285 train_time:80016ms step_avg:64.79ms
step:1236/1285 train_time:80105ms step_avg:64.81ms
step:1237/1285 train_time:80181ms step_avg:64.82ms
step:1238/1285 train_time:80274ms step_avg:64.84ms
step:1239/1285 train_time:80352ms step_avg:64.85ms
step:1240/1285 train_time:80443ms step_avg:64.87ms
step:1241/1285 train_time:80520ms step_avg:64.88ms
step:1242/1285 train_time:80611ms step_avg:64.90ms
step:1243/1285 train_time:80687ms step_avg:64.91ms
step:1244/1285 train_time:80779ms step_avg:64.93ms
step:1245/1285 train_time:80855ms step_avg:64.94ms
step:1246/1285 train_time:80942ms step_avg:64.96ms
step:1247/1285 train_time:81018ms step_avg:64.97ms
step:1248/1285 train_time:81108ms step_avg:64.99ms
step:1249/1285 train_time:81184ms step_avg:65.00ms
step:1250/1285 train_time:81277ms step_avg:65.02ms
step:1250/1285 val_loss:3.29238415 train_time:81362ms step_avg:65.09ms
step:1251/1285 train_time:81427ms step_avg:65.09ms
step:1252/1285 train_time:81496ms step_avg:65.09ms
step:1253/1285 train_time:81564ms step_avg:65.09ms
step:1254/1285 train_time:81627ms step_avg:65.09ms
step:1255/1285 train_time:81703ms step_avg:65.10ms
step:1256/1285 train_time:81790ms step_avg:65.12ms
step:1257/1285 train_time:81865ms step_avg:65.13ms
step:1258/1285 train_time:81953ms step_avg:65.15ms
step:1259/1285 train_time:82029ms step_avg:65.15ms
step:1260/1285 train_time:82118ms step_avg:65.17ms
step:1261/1285 train_time:82195ms step_avg:65.18ms
step:1262/1285 train_time:82283ms step_avg:65.20ms
step:1263/1285 train_time:82364ms step_avg:65.21ms
step:1264/1285 train_time:82455ms step_avg:65.23ms
step:1265/1285 train_time:82536ms step_avg:65.25ms
step:1266/1285 train_time:82628ms step_avg:65.27ms
step:1267/1285 train_time:82703ms step_avg:65.27ms
step:1268/1285 train_time:82792ms step_avg:65.29ms
step:1269/1285 train_time:82867ms step_avg:65.30ms
step:1270/1285 train_time:82956ms step_avg:65.32ms
step:1271/1285 train_time:83034ms step_avg:65.33ms
step:1272/1285 train_time:83125ms step_avg:65.35ms
step:1273/1285 train_time:83202ms step_avg:65.36ms
step:1274/1285 train_time:83290ms step_avg:65.38ms
step:1275/1285 train_time:83368ms step_avg:65.39ms
step:1276/1285 train_time:83461ms step_avg:65.41ms
step:1277/1285 train_time:83540ms step_avg:65.42ms
step:1278/1285 train_time:83630ms step_avg:65.44ms
step:1279/1285 train_time:83708ms step_avg:65.45ms
step:1280/1285 train_time:83798ms step_avg:65.47ms
step:1281/1285 train_time:83875ms step_avg:65.48ms
step:1282/1285 train_time:83966ms step_avg:65.50ms
step:1283/1285 train_time:84041ms step_avg:65.50ms
step:1284/1285 train_time:84131ms step_avg:65.52ms
step:1285/1285 train_time:84207ms step_avg:65.53ms
step:1285/1285 val_loss:3.27619267 train_time:84296ms step_avg:65.60ms
peak memory allocated: 32150 MiB reserved: 39272 MiB
