HARNESS_TRAINING_ENV={"OMP_NUM_THREADS": "1", "MKL_NUM_THREADS": "1", "torch_num_threads": 1, "torch_num_interop_threads": 43}
[Gloo] Rank 0 is connected to 7 peer ranks. Expected number of connected peer ranks is : 7
[Gloo] Rank 2 is connected to 7 peer ranks. [Gloo] Rank Expected number of connected peer ranks is : 7
1 is connected to 7 peer ranks. Expected number of connected peer ranks is : 7
[Gloo] Rank 4 is connected to 7 peer ranks. Expected number of connected peer ranks is : 7
[Gloo] Rank 3 is connected to 7 peer ranks. Expected number of connected peer ranks is : 7
[Gloo] Rank 5 is connected to 7 peer ranks. Expected number of connected peer ranks is : 7
[Gloo] Rank 7 is connected to 7 peer ranks. Expected number of connected peer ranks is : 7
[Gloo] Rank 6 is connected to 7 peer ranks. Expected number of connected peer ranks is : 7
/workspace/train_gpt.py:1069: UserWarning: Skipping publisher trust check for 'kernels-community/flash-attn3' because Hugging Face Hub is in offline mode.
  flash_attn_interface = get_kernel('kernels-community/flash-attn3', version=1).flash_attn_interface
/workspace/train_gpt.py:1069: UserWarning: Skipping publisher trust check for 'kernels-community/flash-attn3' because Hugging Face Hub is in offline mode.
  flash_attn_interface = get_kernel('kernels-community/flash-attn3', version=1).flash_attn_interface
/workspace/train_gpt.py:1069: UserWarning: Skipping publisher trust check for 'kernels-community/flash-attn3' because Hugging Face Hub is in offline mode.
  flash_attn_interface = get_kernel('kernels-community/flash-attn3', version=1).flash_attn_interface
/workspace/train_gpt.py:1069: UserWarning: Skipping publisher trust check for 'kernels-community/flash-attn3' because Hugging Face Hub is in offline mode.
  flash_attn_interface = get_kernel('kernels-community/flash-attn3', version=1).flash_attn_interface
/workspace/train_gpt.py:1069: UserWarning: Skipping publisher trust check for 'kernels-community/flash-attn3' because Hugging Face Hub is in offline mode.
  flash_attn_interface = get_kernel('kernels-community/flash-attn3', version=1).flash_attn_interface
/workspace/train_gpt.py:1069: UserWarning: Skipping publisher trust check for 'kernels-community/flash-attn3' because Hugging Face Hub is in offline mode.
  flash_attn_interface = get_kernel('kernels-community/flash-attn3', version=1).flash_attn_interface
/workspace/train_gpt.py:1069: UserWarning: Skipping publisher trust check for 'kernels-community/flash-attn3' because Hugging Face Hub is in offline mode.
  flash_attn_interface = get_kernel('kernels-community/flash-attn3', version=1).flash_attn_interface
/workspace/train_gpt.py:1069: UserWarning: Skipping publisher trust check for 'kernels-community/flash-attn3' because Hugging Face Hub is in offline mode.
  flash_attn_interface = get_kernel('kernels-community/flash-attn3', version=1).flash_attn_interface
logs/0c3f09ae-81cb-4fa4-a314-9416c62a29a7.txt
Compiling model and warming up kernels (~7 minutes on first execution)
Sampling steps [0, 1, 421, 422, 423, 424, 845, 846, 847, 848, 1268, 1269, 1270, 1271] for warmup
Resetting Model
step:0/1285 val_loss:10.83049202 train_time:72ms step_avg:72.28ms
step:1/1285 train_time:295ms step_avg:295.15ms
step:2/1285 train_time:359ms step_avg:179.27ms
step:3/1285 train_time:416ms step_avg:138.76ms
step:4/1285 train_time:477ms step_avg:119.13ms
step:5/1285 train_time:531ms step_avg:106.12ms
step:6/1285 train_time:593ms step_avg:98.87ms
step:7/1285 train_time:648ms step_avg:92.55ms
step:8/1285 train_time:707ms step_avg:88.39ms
step:9/1285 train_time:759ms step_avg:84.38ms
step:10/1285 train_time:818ms step_avg:81.81ms
step:11/1285 train_time:869ms step_avg:79.03ms
step:12/1285 train_time:929ms step_avg:77.40ms
step:13/1285 train_time:980ms step_avg:75.38ms
step:14/1285 train_time:1034ms step_avg:73.88ms
step:15/1285 train_time:1087ms step_avg:72.44ms
step:16/1285 train_time:1142ms step_avg:71.34ms
step:17/1285 train_time:1189ms step_avg:69.94ms
step:18/1285 train_time:1247ms step_avg:69.27ms
step:19/1285 train_time:1298ms step_avg:68.33ms
step:20/1285 train_time:1358ms step_avg:67.90ms
step:21/1285 train_time:1409ms step_avg:67.12ms
step:22/1285 train_time:1469ms step_avg:66.79ms
step:23/1285 train_time:1520ms step_avg:66.09ms
step:24/1285 train_time:1575ms step_avg:65.62ms
step:25/1285 train_time:1624ms step_avg:64.97ms
step:26/1285 train_time:1678ms step_avg:64.52ms
step:27/1285 train_time:1726ms step_avg:63.94ms
step:28/1285 train_time:1782ms step_avg:63.65ms
step:29/1285 train_time:1831ms step_avg:63.13ms
step:30/1285 train_time:1888ms step_avg:62.95ms
step:31/1285 train_time:1938ms step_avg:62.52ms
step:32/1285 train_time:1994ms step_avg:62.31ms
step:33/1285 train_time:2043ms step_avg:61.92ms
step:34/1285 train_time:2100ms step_avg:61.77ms
step:35/1285 train_time:2149ms step_avg:61.39ms
step:36/1285 train_time:2205ms step_avg:61.26ms
step:37/1285 train_time:2253ms step_avg:60.89ms
step:38/1285 train_time:2308ms step_avg:60.74ms
step:39/1285 train_time:2358ms step_avg:60.47ms
step:40/1285 train_time:2416ms step_avg:60.39ms
step:41/1285 train_time:2466ms step_avg:60.15ms
step:42/1285 train_time:2525ms step_avg:60.12ms
step:43/1285 train_time:2574ms step_avg:59.87ms
step:44/1285 train_time:2631ms step_avg:59.79ms
step:45/1285 train_time:2682ms step_avg:59.59ms
step:46/1285 train_time:2738ms step_avg:59.53ms
step:47/1285 train_time:2791ms step_avg:59.39ms
step:48/1285 train_time:2848ms step_avg:59.34ms
step:49/1285 train_time:2899ms step_avg:59.16ms
step:50/1285 train_time:2955ms step_avg:59.11ms
step:51/1285 train_time:3002ms step_avg:58.86ms
step:52/1285 train_time:3058ms step_avg:58.81ms
step:53/1285 train_time:3106ms step_avg:58.59ms
step:54/1285 train_time:3162ms step_avg:58.55ms
step:55/1285 train_time:3209ms step_avg:58.34ms
step:56/1285 train_time:3265ms step_avg:58.31ms
step:57/1285 train_time:3321ms step_avg:58.27ms
step:58/1285 train_time:3375ms step_avg:58.19ms
step:59/1285 train_time:3424ms step_avg:58.04ms
step:60/1285 train_time:3481ms step_avg:58.02ms
step:61/1285 train_time:3532ms step_avg:57.89ms
step:62/1285 train_time:3587ms step_avg:57.86ms
step:63/1285 train_time:3637ms step_avg:57.72ms
step:64/1285 train_time:3693ms step_avg:57.71ms
step:65/1285 train_time:3745ms step_avg:57.62ms
step:66/1285 train_time:3803ms step_avg:57.62ms
step:67/1285 train_time:3854ms step_avg:57.52ms
step:68/1285 train_time:3909ms step_avg:57.48ms
step:69/1285 train_time:3957ms step_avg:57.35ms
step:70/1285 train_time:4013ms step_avg:57.33ms
step:71/1285 train_time:4061ms step_avg:57.20ms
step:72/1285 train_time:4121ms step_avg:57.24ms
step:73/1285 train_time:4171ms step_avg:57.13ms
step:74/1285 train_time:4228ms step_avg:57.13ms
step:75/1285 train_time:4279ms step_avg:57.05ms
step:76/1285 train_time:4335ms step_avg:57.04ms
step:77/1285 train_time:4388ms step_avg:56.99ms
step:78/1285 train_time:4443ms step_avg:56.97ms
step:79/1285 train_time:4496ms step_avg:56.91ms
step:80/1285 train_time:4553ms step_avg:56.91ms
step:81/1285 train_time:4605ms step_avg:56.85ms
step:82/1285 train_time:4662ms step_avg:56.86ms
step:83/1285 train_time:4711ms step_avg:56.76ms
step:84/1285 train_time:4766ms step_avg:56.74ms
step:85/1285 train_time:4815ms step_avg:56.65ms
step:86/1285 train_time:4873ms step_avg:56.67ms
step:87/1285 train_time:4927ms step_avg:56.63ms
step:88/1285 train_time:4984ms step_avg:56.63ms
step:89/1285 train_time:5031ms step_avg:56.53ms
step:90/1285 train_time:5087ms step_avg:56.52ms
step:91/1285 train_time:5137ms step_avg:56.45ms
step:92/1285 train_time:5192ms step_avg:56.43ms
step:93/1285 train_time:5240ms step_avg:56.34ms
step:94/1285 train_time:5299ms step_avg:56.37ms
step:95/1285 train_time:5350ms step_avg:56.32ms
step:96/1285 train_time:5407ms step_avg:56.32ms
step:97/1285 train_time:5459ms step_avg:56.28ms
step:98/1285 train_time:5516ms step_avg:56.28ms
step:99/1285 train_time:5566ms step_avg:56.22ms
step:100/1285 train_time:5623ms step_avg:56.23ms
step:101/1285 train_time:5672ms step_avg:56.16ms
step:102/1285 train_time:5730ms step_avg:56.17ms
step:103/1285 train_time:5779ms step_avg:56.11ms
step:104/1285 train_time:5837ms step_avg:56.13ms
step:105/1285 train_time:5888ms step_avg:56.07ms
step:106/1285 train_time:5944ms step_avg:56.07ms
step:107/1285 train_time:5993ms step_avg:56.01ms
step:108/1285 train_time:6047ms step_avg:55.99ms
step:109/1285 train_time:6096ms step_avg:55.93ms
step:110/1285 train_time:6152ms step_avg:55.93ms
step:111/1285 train_time:6203ms step_avg:55.88ms
step:112/1285 train_time:6262ms step_avg:55.91ms
step:113/1285 train_time:6313ms step_avg:55.86ms
step:114/1285 train_time:6372ms step_avg:55.89ms
step:115/1285 train_time:6421ms step_avg:55.84ms
step:116/1285 train_time:6477ms step_avg:55.84ms
step:117/1285 train_time:6527ms step_avg:55.78ms
step:118/1285 train_time:6583ms step_avg:55.79ms
step:119/1285 train_time:6631ms step_avg:55.73ms
step:120/1285 train_time:6690ms step_avg:55.75ms
step:121/1285 train_time:6740ms step_avg:55.70ms
step:122/1285 train_time:6800ms step_avg:55.74ms
step:123/1285 train_time:6849ms step_avg:55.68ms
step:124/1285 train_time:6905ms step_avg:55.68ms
step:125/1285 train_time:6953ms step_avg:55.62ms
step:126/1285 train_time:7010ms step_avg:55.64ms
step:127/1285 train_time:7061ms step_avg:55.60ms
step:128/1285 train_time:7114ms step_avg:55.58ms
step:129/1285 train_time:7162ms step_avg:55.52ms
step:130/1285 train_time:7221ms step_avg:55.54ms
step:131/1285 train_time:7272ms step_avg:55.51ms
step:132/1285 train_time:7332ms step_avg:55.55ms
step:133/1285 train_time:7384ms step_avg:55.52ms
step:134/1285 train_time:7442ms step_avg:55.53ms
step:135/1285 train_time:7491ms step_avg:55.49ms
step:136/1285 train_time:7547ms step_avg:55.50ms
step:137/1285 train_time:7596ms step_avg:55.44ms
step:138/1285 train_time:7652ms step_avg:55.45ms
step:139/1285 train_time:7701ms step_avg:55.41ms
step:140/1285 train_time:7756ms step_avg:55.40ms
step:141/1285 train_time:7804ms step_avg:55.35ms
step:142/1285 train_time:7860ms step_avg:55.35ms
step:143/1285 train_time:7912ms step_avg:55.33ms
step:144/1285 train_time:7969ms step_avg:55.34ms
step:145/1285 train_time:8017ms step_avg:55.29ms
step:146/1285 train_time:8071ms step_avg:55.28ms
step:147/1285 train_time:8121ms step_avg:55.25ms
step:148/1285 train_time:8176ms step_avg:55.24ms
step:149/1285 train_time:8224ms step_avg:55.19ms
step:150/1285 train_time:8281ms step_avg:55.20ms
step:151/1285 train_time:8328ms step_avg:55.15ms
step:152/1285 train_time:8382ms step_avg:55.14ms
step:153/1285 train_time:8428ms step_avg:55.09ms
step:154/1285 train_time:8485ms step_avg:55.10ms
step:155/1285 train_time:8534ms step_avg:55.06ms
step:156/1285 train_time:8593ms step_avg:55.08ms
step:157/1285 train_time:8641ms step_avg:55.04ms
step:158/1285 train_time:8701ms step_avg:55.07ms
step:159/1285 train_time:8748ms step_avg:55.02ms
step:160/1285 train_time:8804ms step_avg:55.02ms
step:161/1285 train_time:8852ms step_avg:54.98ms
step:162/1285 train_time:8912ms step_avg:55.01ms
step:163/1285 train_time:8960ms step_avg:54.97ms
step:164/1285 train_time:9013ms step_avg:54.96ms
step:165/1285 train_time:9065ms step_avg:54.94ms
step:166/1285 train_time:9122ms step_avg:54.95ms
step:167/1285 train_time:9169ms step_avg:54.91ms
step:168/1285 train_time:9224ms step_avg:54.90ms
step:169/1285 train_time:9274ms step_avg:54.88ms
step:170/1285 train_time:9332ms step_avg:54.89ms
step:171/1285 train_time:9382ms step_avg:54.86ms
step:172/1285 train_time:9439ms step_avg:54.88ms
step:173/1285 train_time:9489ms step_avg:54.85ms
step:174/1285 train_time:9544ms step_avg:54.85ms
step:175/1285 train_time:9593ms step_avg:54.82ms
step:176/1285 train_time:9652ms step_avg:54.84ms
step:177/1285 train_time:9701ms step_avg:54.81ms
step:178/1285 train_time:9759ms step_avg:54.83ms
step:179/1285 train_time:9808ms step_avg:54.80ms
step:180/1285 train_time:9866ms step_avg:54.81ms
step:181/1285 train_time:9916ms step_avg:54.78ms
step:182/1285 train_time:9971ms step_avg:54.79ms
step:183/1285 train_time:10021ms step_avg:54.76ms
step:184/1285 train_time:10076ms step_avg:54.76ms
step:185/1285 train_time:10125ms step_avg:54.73ms
step:186/1285 train_time:10180ms step_avg:54.73ms
step:187/1285 train_time:10230ms step_avg:54.71ms
step:188/1285 train_time:10287ms step_avg:54.72ms
step:189/1285 train_time:10337ms step_avg:54.69ms
step:190/1285 train_time:10391ms step_avg:54.69ms
step:191/1285 train_time:10442ms step_avg:54.67ms
step:192/1285 train_time:10498ms step_avg:54.68ms
step:193/1285 train_time:10548ms step_avg:54.65ms
step:194/1285 train_time:10603ms step_avg:54.66ms
step:195/1285 train_time:10654ms step_avg:54.63ms
step:196/1285 train_time:10711ms step_avg:54.65ms
step:197/1285 train_time:10760ms step_avg:54.62ms
step:198/1285 train_time:10815ms step_avg:54.62ms
step:199/1285 train_time:10864ms step_avg:54.59ms
step:200/1285 train_time:10921ms step_avg:54.61ms
step:201/1285 train_time:10970ms step_avg:54.58ms
step:202/1285 train_time:11027ms step_avg:54.59ms
step:203/1285 train_time:11078ms step_avg:54.57ms
step:204/1285 train_time:11137ms step_avg:54.59ms
step:205/1285 train_time:11185ms step_avg:54.56ms
step:206/1285 train_time:11244ms step_avg:54.58ms
step:207/1285 train_time:11295ms step_avg:54.57ms
step:208/1285 train_time:11352ms step_avg:54.58ms
step:209/1285 train_time:11402ms step_avg:54.56ms
step:210/1285 train_time:11458ms step_avg:54.56ms
step:211/1285 train_time:11507ms step_avg:54.54ms
step:212/1285 train_time:11564ms step_avg:54.54ms
step:213/1285 train_time:11610ms step_avg:54.51ms
step:214/1285 train_time:11665ms step_avg:54.51ms
step:215/1285 train_time:11714ms step_avg:54.48ms
step:216/1285 train_time:11771ms step_avg:54.50ms
step:217/1285 train_time:11821ms step_avg:54.47ms
step:218/1285 train_time:11876ms step_avg:54.48ms
step:219/1285 train_time:11925ms step_avg:54.45ms
step:220/1285 train_time:11980ms step_avg:54.45ms
step:221/1285 train_time:12029ms step_avg:54.43ms
step:222/1285 train_time:12087ms step_avg:54.45ms
step:223/1285 train_time:12137ms step_avg:54.43ms
step:224/1285 train_time:12192ms step_avg:54.43ms
step:225/1285 train_time:12244ms step_avg:54.42ms
step:226/1285 train_time:12300ms step_avg:54.43ms
step:227/1285 train_time:12352ms step_avg:54.42ms
step:228/1285 train_time:12407ms step_avg:54.42ms
step:229/1285 train_time:12456ms step_avg:54.39ms
step:230/1285 train_time:12513ms step_avg:54.41ms
step:231/1285 train_time:12563ms step_avg:54.38ms
step:232/1285 train_time:12621ms step_avg:54.40ms
step:233/1285 train_time:12671ms step_avg:54.38ms
step:234/1285 train_time:12728ms step_avg:54.39ms
step:235/1285 train_time:12776ms step_avg:54.37ms
step:236/1285 train_time:12831ms step_avg:54.37ms
step:237/1285 train_time:12881ms step_avg:54.35ms
step:238/1285 train_time:12938ms step_avg:54.36ms
step:239/1285 train_time:12986ms step_avg:54.34ms
step:240/1285 train_time:13042ms step_avg:54.34ms
step:241/1285 train_time:13094ms step_avg:54.33ms
step:242/1285 train_time:13151ms step_avg:54.34ms
step:243/1285 train_time:13199ms step_avg:54.32ms
step:244/1285 train_time:13255ms step_avg:54.33ms
step:245/1285 train_time:13304ms step_avg:54.30ms
step:246/1285 train_time:13363ms step_avg:54.32ms
step:247/1285 train_time:13412ms step_avg:54.30ms
step:248/1285 train_time:13469ms step_avg:54.31ms
step:249/1285 train_time:13518ms step_avg:54.29ms
step:250/1285 train_time:13575ms step_avg:54.30ms
step:250/1285 val_loss:4.50237989 train_time:13577ms step_avg:54.31ms
step:251/1285 train_time:13632ms step_avg:54.31ms
step:252/1285 train_time:13690ms step_avg:54.33ms
step:253/1285 train_time:13739ms step_avg:54.30ms
step:254/1285 train_time:13797ms step_avg:54.32ms
step:255/1285 train_time:13847ms step_avg:54.30ms
step:256/1285 train_time:13903ms step_avg:54.31ms
step:257/1285 train_time:13954ms step_avg:54.30ms
step:258/1285 train_time:14009ms step_avg:54.30ms
step:259/1285 train_time:14057ms step_avg:54.27ms
step:260/1285 train_time:14113ms step_avg:54.28ms
step:261/1285 train_time:14163ms step_avg:54.26ms
step:262/1285 train_time:14216ms step_avg:54.26ms
step:263/1285 train_time:14266ms step_avg:54.24ms
step:264/1285 train_time:14324ms step_avg:54.26ms
step:265/1285 train_time:14373ms step_avg:54.24ms
step:266/1285 train_time:14426ms step_avg:54.23ms
step:267/1285 train_time:14476ms step_avg:54.22ms
step:268/1285 train_time:14533ms step_avg:54.23ms
step:269/1285 train_time:14581ms step_avg:54.20ms
step:270/1285 train_time:14635ms step_avg:54.20ms
step:271/1285 train_time:14685ms step_avg:54.19ms
step:272/1285 train_time:14741ms step_avg:54.20ms
step:273/1285 train_time:14792ms step_avg:54.18ms
step:274/1285 train_time:14847ms step_avg:54.19ms
step:275/1285 train_time:14896ms step_avg:54.17ms
step:276/1285 train_time:14954ms step_avg:54.18ms
step:277/1285 train_time:15003ms step_avg:54.16ms
step:278/1285 train_time:15058ms step_avg:54.17ms
step:279/1285 train_time:15107ms step_avg:54.15ms
step:280/1285 train_time:15163ms step_avg:54.15ms
step:281/1285 train_time:15212ms step_avg:54.14ms
step:282/1285 train_time:15267ms step_avg:54.14ms
step:283/1285 train_time:15315ms step_avg:54.12ms
step:284/1285 train_time:15369ms step_avg:54.12ms
step:285/1285 train_time:15417ms step_avg:54.09ms
step:286/1285 train_time:15470ms step_avg:54.09ms
step:287/1285 train_time:15519ms step_avg:54.07ms
step:288/1285 train_time:15573ms step_avg:54.07ms
step:289/1285 train_time:15623ms step_avg:54.06ms
step:290/1285 train_time:15679ms step_avg:54.07ms
step:291/1285 train_time:15729ms step_avg:54.05ms
step:292/1285 train_time:15787ms step_avg:54.06ms
step:293/1285 train_time:15837ms step_avg:54.05ms
step:294/1285 train_time:15893ms step_avg:54.06ms
step:295/1285 train_time:15942ms step_avg:54.04ms
step:296/1285 train_time:16000ms step_avg:54.05ms
step:297/1285 train_time:16051ms step_avg:54.04ms
step:298/1285 train_time:16107ms step_avg:54.05ms
step:299/1285 train_time:16160ms step_avg:54.05ms
step:300/1285 train_time:16217ms step_avg:54.06ms
step:301/1285 train_time:16268ms step_avg:54.05ms
step:302/1285 train_time:16325ms step_avg:54.06ms
step:303/1285 train_time:16378ms step_avg:54.05ms
step:304/1285 train_time:16434ms step_avg:54.06ms
step:305/1285 train_time:16482ms step_avg:54.04ms
step:306/1285 train_time:16540ms step_avg:54.05ms
step:307/1285 train_time:16589ms step_avg:54.04ms
step:308/1285 train_time:16646ms step_avg:54.04ms
step:309/1285 train_time:16695ms step_avg:54.03ms
step:310/1285 train_time:16752ms step_avg:54.04ms
step:311/1285 train_time:16806ms step_avg:54.04ms
step:312/1285 train_time:16861ms step_avg:54.04ms
step:313/1285 train_time:16910ms step_avg:54.03ms
step:314/1285 train_time:16969ms step_avg:54.04ms
step:315/1285 train_time:17018ms step_avg:54.02ms
step:316/1285 train_time:17075ms step_avg:54.04ms
step:317/1285 train_time:17123ms step_avg:54.02ms
step:318/1285 train_time:17179ms step_avg:54.02ms
step:319/1285 train_time:17229ms step_avg:54.01ms
step:320/1285 train_time:17283ms step_avg:54.01ms
step:321/1285 train_time:17334ms step_avg:54.00ms
step:322/1285 train_time:17393ms step_avg:54.01ms
step:323/1285 train_time:17442ms step_avg:54.00ms
step:324/1285 train_time:17498ms step_avg:54.01ms
step:325/1285 train_time:17547ms step_avg:53.99ms
step:326/1285 train_time:17603ms step_avg:54.00ms
step:327/1285 train_time:17653ms step_avg:53.98ms
step:328/1285 train_time:17709ms step_avg:53.99ms
step:329/1285 train_time:17759ms step_avg:53.98ms
step:330/1285 train_time:17815ms step_avg:53.98ms
step:331/1285 train_time:17864ms step_avg:53.97ms
step:332/1285 train_time:17921ms step_avg:53.98ms
step:333/1285 train_time:17974ms step_avg:53.97ms
step:334/1285 train_time:18033ms step_avg:53.99ms
step:335/1285 train_time:18084ms step_avg:53.98ms
step:336/1285 train_time:18141ms step_avg:53.99ms
step:337/1285 train_time:18190ms step_avg:53.98ms
step:338/1285 train_time:18246ms step_avg:53.98ms
step:339/1285 train_time:18296ms step_avg:53.97ms
step:340/1285 train_time:18352ms step_avg:53.98ms
step:341/1285 train_time:18401ms step_avg:53.96ms
step:342/1285 train_time:18459ms step_avg:53.97ms
step:343/1285 train_time:18509ms step_avg:53.96ms
step:344/1285 train_time:18567ms step_avg:53.97ms
step:345/1285 train_time:18617ms step_avg:53.96ms
step:346/1285 train_time:18674ms step_avg:53.97ms
step:347/1285 train_time:18724ms step_avg:53.96ms
step:348/1285 train_time:18779ms step_avg:53.96ms
step:349/1285 train_time:18830ms step_avg:53.95ms
step:350/1285 train_time:18887ms step_avg:53.96ms
step:351/1285 train_time:18939ms step_avg:53.96ms
step:352/1285 train_time:18998ms step_avg:53.97ms
step:353/1285 train_time:19049ms step_avg:53.96ms
step:354/1285 train_time:19108ms step_avg:53.98ms
step:355/1285 train_time:19158ms step_avg:53.97ms
step:356/1285 train_time:19216ms step_avg:53.98ms
step:357/1285 train_time:19264ms step_avg:53.96ms
step:358/1285 train_time:19320ms step_avg:53.97ms
step:359/1285 train_time:19368ms step_avg:53.95ms
step:360/1285 train_time:19423ms step_avg:53.95ms
step:361/1285 train_time:19473ms step_avg:53.94ms
step:362/1285 train_time:19528ms step_avg:53.94ms
step:363/1285 train_time:19577ms step_avg:53.93ms
step:364/1285 train_time:19635ms step_avg:53.94ms
step:365/1285 train_time:19684ms step_avg:53.93ms
step:366/1285 train_time:19743ms step_avg:53.94ms
step:367/1285 train_time:19795ms step_avg:53.94ms
step:368/1285 train_time:19852ms step_avg:53.95ms
step:369/1285 train_time:19904ms step_avg:53.94ms
step:370/1285 train_time:19958ms step_avg:53.94ms
step:371/1285 train_time:20009ms step_avg:53.93ms
step:372/1285 train_time:20065ms step_avg:53.94ms
step:373/1285 train_time:20113ms step_avg:53.92ms
step:374/1285 train_time:20171ms step_avg:53.93ms
step:375/1285 train_time:20222ms step_avg:53.93ms
step:376/1285 train_time:20278ms step_avg:53.93ms
step:377/1285 train_time:20328ms step_avg:53.92ms
step:378/1285 train_time:20383ms step_avg:53.92ms
step:379/1285 train_time:20434ms step_avg:53.91ms
step:380/1285 train_time:20494ms step_avg:53.93ms
step:381/1285 train_time:20544ms step_avg:53.92ms
step:382/1285 train_time:20602ms step_avg:53.93ms
step:383/1285 train_time:20653ms step_avg:53.92ms
step:384/1285 train_time:20709ms step_avg:53.93ms
step:385/1285 train_time:20763ms step_avg:53.93ms
step:386/1285 train_time:20820ms step_avg:53.94ms
step:387/1285 train_time:20870ms step_avg:53.93ms
step:388/1285 train_time:20927ms step_avg:53.94ms
step:389/1285 train_time:20979ms step_avg:53.93ms
step:390/1285 train_time:21034ms step_avg:53.93ms
step:391/1285 train_time:21083ms step_avg:53.92ms
step:392/1285 train_time:21138ms step_avg:53.92ms
step:393/1285 train_time:21186ms step_avg:53.91ms
step:394/1285 train_time:21244ms step_avg:53.92ms
step:395/1285 train_time:21292ms step_avg:53.90ms
step:396/1285 train_time:21346ms step_avg:53.90ms
step:397/1285 train_time:21397ms step_avg:53.90ms
step:398/1285 train_time:21457ms step_avg:53.91ms
step:399/1285 train_time:21506ms step_avg:53.90ms
step:400/1285 train_time:21561ms step_avg:53.90ms
step:401/1285 train_time:21609ms step_avg:53.89ms
step:402/1285 train_time:21666ms step_avg:53.90ms
step:403/1285 train_time:21716ms step_avg:53.89ms
step:404/1285 train_time:21773ms step_avg:53.89ms
step:405/1285 train_time:21821ms step_avg:53.88ms
step:406/1285 train_time:21875ms step_avg:53.88ms
step:407/1285 train_time:21925ms step_avg:53.87ms
step:408/1285 train_time:21982ms step_avg:53.88ms
step:409/1285 train_time:22032ms step_avg:53.87ms
step:410/1285 train_time:22089ms step_avg:53.88ms
step:411/1285 train_time:22140ms step_avg:53.87ms
step:412/1285 train_time:22197ms step_avg:53.88ms
step:413/1285 train_time:22248ms step_avg:53.87ms
step:414/1285 train_time:22305ms step_avg:53.88ms
step:415/1285 train_time:22355ms step_avg:53.87ms
step:416/1285 train_time:22410ms step_avg:53.87ms
step:417/1285 train_time:22459ms step_avg:53.86ms
step:418/1285 train_time:22515ms step_avg:53.86ms
step:419/1285 train_time:22569ms step_avg:53.86ms
step:420/1285 train_time:22626ms step_avg:53.87ms
step:421/1285 train_time:22678ms step_avg:53.87ms
step:422/1285 train_time:22737ms step_avg:53.88ms
step:423/1285 train_time:22788ms step_avg:53.87ms
step:424/1285 train_time:22848ms step_avg:53.89ms
step:425/1285 train_time:22903ms step_avg:53.89ms
step:426/1285 train_time:22963ms step_avg:53.90ms
step:427/1285 train_time:23019ms step_avg:53.91ms
step:428/1285 train_time:23078ms step_avg:53.92ms
step:429/1285 train_time:23132ms step_avg:53.92ms
step:430/1285 train_time:23187ms step_avg:53.92ms
step:431/1285 train_time:23237ms step_avg:53.91ms
step:432/1285 train_time:23295ms step_avg:53.92ms
step:433/1285 train_time:23347ms step_avg:53.92ms
step:434/1285 train_time:23410ms step_avg:53.94ms
step:435/1285 train_time:23460ms step_avg:53.93ms
step:436/1285 train_time:23519ms step_avg:53.94ms
step:437/1285 train_time:23572ms step_avg:53.94ms
step:438/1285 train_time:23632ms step_avg:53.95ms
step:439/1285 train_time:23682ms step_avg:53.94ms
step:440/1285 train_time:23741ms step_avg:53.96ms
step:441/1285 train_time:23794ms step_avg:53.95ms
step:442/1285 train_time:23852ms step_avg:53.96ms
step:443/1285 train_time:23903ms step_avg:53.96ms
step:444/1285 train_time:23962ms step_avg:53.97ms
step:445/1285 train_time:24011ms step_avg:53.96ms
step:446/1285 train_time:24068ms step_avg:53.97ms
step:447/1285 train_time:24121ms step_avg:53.96ms
step:448/1285 train_time:24180ms step_avg:53.97ms
step:449/1285 train_time:24233ms step_avg:53.97ms
step:450/1285 train_time:24296ms step_avg:53.99ms
step:451/1285 train_time:24347ms step_avg:53.98ms
step:452/1285 train_time:24409ms step_avg:54.00ms
step:453/1285 train_time:24460ms step_avg:54.00ms
step:454/1285 train_time:24533ms step_avg:54.04ms
step:455/1285 train_time:24588ms step_avg:54.04ms
step:456/1285 train_time:24649ms step_avg:54.05ms
step:457/1285 train_time:24702ms step_avg:54.05ms
step:458/1285 train_time:24759ms step_avg:54.06ms
step:459/1285 train_time:24811ms step_avg:54.05ms
step:460/1285 train_time:24871ms step_avg:54.07ms
step:461/1285 train_time:24920ms step_avg:54.06ms
step:462/1285 train_time:24986ms step_avg:54.08ms
step:463/1285 train_time:25038ms step_avg:54.08ms
step:464/1285 train_time:25099ms step_avg:54.09ms
step:465/1285 train_time:25152ms step_avg:54.09ms
step:466/1285 train_time:25218ms step_avg:54.12ms
step:467/1285 train_time:25268ms step_avg:54.11ms
step:468/1285 train_time:25331ms step_avg:54.13ms
step:469/1285 train_time:25381ms step_avg:54.12ms
step:470/1285 train_time:25443ms step_avg:54.13ms
step:471/1285 train_time:25497ms step_avg:54.13ms
step:472/1285 train_time:25558ms step_avg:54.15ms
step:473/1285 train_time:25609ms step_avg:54.14ms
step:474/1285 train_time:25671ms step_avg:54.16ms
step:475/1285 train_time:25723ms step_avg:54.15ms
step:476/1285 train_time:25785ms step_avg:54.17ms
step:477/1285 train_time:25876ms step_avg:54.25ms
step:478/1285 train_time:25951ms step_avg:54.29ms
step:479/1285 train_time:26007ms step_avg:54.30ms
step:480/1285 train_time:26072ms step_avg:54.32ms
step:481/1285 train_time:26123ms step_avg:54.31ms
step:482/1285 train_time:26180ms step_avg:54.32ms
step:483/1285 train_time:26230ms step_avg:54.31ms
step:484/1285 train_time:26289ms step_avg:54.32ms
step:485/1285 train_time:26344ms step_avg:54.32ms
step:486/1285 train_time:26403ms step_avg:54.33ms
step:487/1285 train_time:26458ms step_avg:54.33ms
step:488/1285 train_time:26517ms step_avg:54.34ms
step:489/1285 train_time:26569ms step_avg:54.33ms
step:490/1285 train_time:26629ms step_avg:54.35ms
step:491/1285 train_time:26682ms step_avg:54.34ms
step:492/1285 train_time:26745ms step_avg:54.36ms
step:493/1285 train_time:26795ms step_avg:54.35ms
step:494/1285 train_time:26859ms step_avg:54.37ms
step:495/1285 train_time:26912ms step_avg:54.37ms
step:496/1285 train_time:26978ms step_avg:54.39ms
step:497/1285 train_time:27031ms step_avg:54.39ms
step:498/1285 train_time:27093ms step_avg:54.40ms
step:499/1285 train_time:27144ms step_avg:54.40ms
step:500/1285 train_time:27209ms step_avg:54.42ms
step:500/1285 val_loss:4.22379303 train_time:27267ms step_avg:54.53ms
step:501/1285 train_time:27322ms step_avg:54.54ms
step:502/1285 train_time:27381ms step_avg:54.54ms
step:503/1285 train_time:27433ms step_avg:54.54ms
step:504/1285 train_time:27492ms step_avg:54.55ms
step:505/1285 train_time:27545ms step_avg:54.54ms
step:506/1285 train_time:27603ms step_avg:54.55ms
step:507/1285 train_time:27651ms step_avg:54.54ms
step:508/1285 train_time:27709ms step_avg:54.55ms
step:509/1285 train_time:27761ms step_avg:54.54ms
step:510/1285 train_time:27816ms step_avg:54.54ms
step:511/1285 train_time:27867ms step_avg:54.53ms
step:512/1285 train_time:27924ms step_avg:54.54ms
step:513/1285 train_time:27974ms step_avg:54.53ms
step:514/1285 train_time:28030ms step_avg:54.53ms
step:515/1285 train_time:28083ms step_avg:54.53ms
step:516/1285 train_time:28146ms step_avg:54.55ms
step:517/1285 train_time:28195ms step_avg:54.54ms
step:518/1285 train_time:28259ms step_avg:54.55ms
step:519/1285 train_time:28310ms step_avg:54.55ms
step:520/1285 train_time:28377ms step_avg:54.57ms
step:521/1285 train_time:28429ms step_avg:54.57ms
step:522/1285 train_time:28494ms step_avg:54.59ms
step:523/1285 train_time:28547ms step_avg:54.58ms
step:524/1285 train_time:28610ms step_avg:54.60ms
step:525/1285 train_time:28664ms step_avg:54.60ms
step:526/1285 train_time:28726ms step_avg:54.61ms
step:527/1285 train_time:28778ms step_avg:54.61ms
step:528/1285 train_time:28840ms step_avg:54.62ms
step:529/1285 train_time:28892ms step_avg:54.62ms
step:530/1285 train_time:28956ms step_avg:54.63ms
step:531/1285 train_time:29006ms step_avg:54.63ms
step:532/1285 train_time:29070ms step_avg:54.64ms
step:533/1285 train_time:29124ms step_avg:54.64ms
step:534/1285 train_time:29184ms step_avg:54.65ms
step:535/1285 train_time:29235ms step_avg:54.65ms
step:536/1285 train_time:29301ms step_avg:54.67ms
step:537/1285 train_time:29352ms step_avg:54.66ms
step:538/1285 train_time:29415ms step_avg:54.67ms
step:539/1285 train_time:29468ms step_avg:54.67ms
step:540/1285 train_time:29532ms step_avg:54.69ms
step:541/1285 train_time:29586ms step_avg:54.69ms
step:542/1285 train_time:29648ms step_avg:54.70ms
step:543/1285 train_time:29700ms step_avg:54.70ms
step:544/1285 train_time:29764ms step_avg:54.71ms
step:545/1285 train_time:29814ms step_avg:54.70ms
step:546/1285 train_time:29878ms step_avg:54.72ms
step:547/1285 train_time:29933ms step_avg:54.72ms
step:548/1285 train_time:29991ms step_avg:54.73ms
step:549/1285 train_time:30044ms step_avg:54.72ms
step:550/1285 train_time:30107ms step_avg:54.74ms
step:551/1285 train_time:30159ms step_avg:54.73ms
step:552/1285 train_time:30220ms step_avg:54.75ms
step:553/1285 train_time:30271ms step_avg:54.74ms
step:554/1285 train_time:30335ms step_avg:54.76ms
step:555/1285 train_time:30386ms step_avg:54.75ms
step:556/1285 train_time:30451ms step_avg:54.77ms
step:557/1285 train_time:30503ms step_avg:54.76ms
step:558/1285 train_time:30568ms step_avg:54.78ms
step:559/1285 train_time:30619ms step_avg:54.77ms
step:560/1285 train_time:30682ms step_avg:54.79ms
step:561/1285 train_time:30733ms step_avg:54.78ms
step:562/1285 train_time:30798ms step_avg:54.80ms
step:563/1285 train_time:30851ms step_avg:54.80ms
step:564/1285 train_time:30912ms step_avg:54.81ms
step:565/1285 train_time:30965ms step_avg:54.81ms
step:566/1285 train_time:31027ms step_avg:54.82ms
step:567/1285 train_time:31078ms step_avg:54.81ms
step:568/1285 train_time:31141ms step_avg:54.83ms
step:569/1285 train_time:31193ms step_avg:54.82ms
step:570/1285 train_time:31257ms step_avg:54.84ms
step:571/1285 train_time:31309ms step_avg:54.83ms
step:572/1285 train_time:31372ms step_avg:54.85ms
step:573/1285 train_time:31424ms step_avg:54.84ms
step:574/1285 train_time:31488ms step_avg:54.86ms
step:575/1285 train_time:31540ms step_avg:54.85ms
step:576/1285 train_time:31603ms step_avg:54.87ms
step:577/1285 train_time:31655ms step_avg:54.86ms
step:578/1285 train_time:31718ms step_avg:54.88ms
step:579/1285 train_time:31776ms step_avg:54.88ms
step:580/1285 train_time:31834ms step_avg:54.89ms
step:581/1285 train_time:31886ms step_avg:54.88ms
step:582/1285 train_time:31949ms step_avg:54.90ms
step:583/1285 train_time:32003ms step_avg:54.89ms
step:584/1285 train_time:32063ms step_avg:54.90ms
step:585/1285 train_time:32113ms step_avg:54.89ms
step:586/1285 train_time:32178ms step_avg:54.91ms
step:587/1285 train_time:32232ms step_avg:54.91ms
step:588/1285 train_time:32293ms step_avg:54.92ms
step:589/1285 train_time:32346ms step_avg:54.92ms
step:590/1285 train_time:32409ms step_avg:54.93ms
step:591/1285 train_time:32461ms step_avg:54.93ms
step:592/1285 train_time:32525ms step_avg:54.94ms
step:593/1285 train_time:32577ms step_avg:54.94ms
step:594/1285 train_time:32641ms step_avg:54.95ms
step:595/1285 train_time:32696ms step_avg:54.95ms
step:596/1285 train_time:32756ms step_avg:54.96ms
step:597/1285 train_time:32808ms step_avg:54.95ms
step:598/1285 train_time:32869ms step_avg:54.96ms
step:599/1285 train_time:32922ms step_avg:54.96ms
step:600/1285 train_time:32987ms step_avg:54.98ms
step:601/1285 train_time:33039ms step_avg:54.97ms
step:602/1285 train_time:33102ms step_avg:54.99ms
step:603/1285 train_time:33155ms step_avg:54.98ms
step:604/1285 train_time:33215ms step_avg:54.99ms
step:605/1285 train_time:33266ms step_avg:54.99ms
step:606/1285 train_time:33332ms step_avg:55.00ms
step:607/1285 train_time:33384ms step_avg:55.00ms
step:608/1285 train_time:33446ms step_avg:55.01ms
step:609/1285 train_time:33500ms step_avg:55.01ms
step:610/1285 train_time:33560ms step_avg:55.02ms
step:611/1285 train_time:33610ms step_avg:55.01ms
step:612/1285 train_time:33676ms step_avg:55.03ms
step:613/1285 train_time:33727ms step_avg:55.02ms
step:614/1285 train_time:33791ms step_avg:55.03ms
step:615/1285 train_time:33844ms step_avg:55.03ms
step:616/1285 train_time:33906ms step_avg:55.04ms
step:617/1285 train_time:33957ms step_avg:55.04ms
step:618/1285 train_time:34024ms step_avg:55.05ms
step:619/1285 train_time:34078ms step_avg:55.05ms
step:620/1285 train_time:34137ms step_avg:55.06ms
step:621/1285 train_time:34189ms step_avg:55.05ms
step:622/1285 train_time:34251ms step_avg:55.07ms
step:623/1285 train_time:34305ms step_avg:55.06ms
step:624/1285 train_time:34368ms step_avg:55.08ms
step:625/1285 train_time:34419ms step_avg:55.07ms
step:626/1285 train_time:34482ms step_avg:55.08ms
step:627/1285 train_time:34534ms step_avg:55.08ms
step:628/1285 train_time:34599ms step_avg:55.09ms
step:629/1285 train_time:34650ms step_avg:55.09ms
step:630/1285 train_time:34714ms step_avg:55.10ms
step:631/1285 train_time:34766ms step_avg:55.10ms
step:632/1285 train_time:34827ms step_avg:55.11ms
step:633/1285 train_time:34879ms step_avg:55.10ms
step:634/1285 train_time:34945ms step_avg:55.12ms
step:635/1285 train_time:34996ms step_avg:55.11ms
step:636/1285 train_time:35060ms step_avg:55.13ms
step:637/1285 train_time:35114ms step_avg:55.12ms
step:638/1285 train_time:35174ms step_avg:55.13ms
step:639/1285 train_time:35228ms step_avg:55.13ms
step:640/1285 train_time:35290ms step_avg:55.14ms
step:641/1285 train_time:35343ms step_avg:55.14ms
step:642/1285 train_time:35404ms step_avg:55.15ms
step:643/1285 train_time:35456ms step_avg:55.14ms
step:644/1285 train_time:35520ms step_avg:55.16ms
step:645/1285 train_time:35571ms step_avg:55.15ms
step:646/1285 train_time:35635ms step_avg:55.16ms
step:647/1285 train_time:35689ms step_avg:55.16ms
step:648/1285 train_time:35750ms step_avg:55.17ms
step:649/1285 train_time:35803ms step_avg:55.17ms
step:650/1285 train_time:35865ms step_avg:55.18ms
step:651/1285 train_time:35917ms step_avg:55.17ms
step:652/1285 train_time:35980ms step_avg:55.18ms
step:653/1285 train_time:36033ms step_avg:55.18ms
step:654/1285 train_time:36096ms step_avg:55.19ms
step:655/1285 train_time:36149ms step_avg:55.19ms
step:656/1285 train_time:36213ms step_avg:55.20ms
step:657/1285 train_time:36265ms step_avg:55.20ms
step:658/1285 train_time:36326ms step_avg:55.21ms
step:659/1285 train_time:36380ms step_avg:55.21ms
step:660/1285 train_time:36442ms step_avg:55.22ms
step:661/1285 train_time:36496ms step_avg:55.21ms
step:662/1285 train_time:36557ms step_avg:55.22ms
step:663/1285 train_time:36610ms step_avg:55.22ms
step:664/1285 train_time:36674ms step_avg:55.23ms
step:665/1285 train_time:36724ms step_avg:55.22ms
step:666/1285 train_time:36787ms step_avg:55.24ms
step:667/1285 train_time:36839ms step_avg:55.23ms
step:668/1285 train_time:36902ms step_avg:55.24ms
step:669/1285 train_time:36957ms step_avg:55.24ms
step:670/1285 train_time:37017ms step_avg:55.25ms
step:671/1285 train_time:37069ms step_avg:55.24ms
step:672/1285 train_time:37131ms step_avg:55.25ms
step:673/1285 train_time:37184ms step_avg:55.25ms
step:674/1285 train_time:37249ms step_avg:55.26ms
step:675/1285 train_time:37301ms step_avg:55.26ms
step:676/1285 train_time:37364ms step_avg:55.27ms
step:677/1285 train_time:37415ms step_avg:55.27ms
step:678/1285 train_time:37478ms step_avg:55.28ms
step:679/1285 train_time:37531ms step_avg:55.27ms
step:680/1285 train_time:37594ms step_avg:55.28ms
step:681/1285 train_time:37645ms step_avg:55.28ms
step:682/1285 train_time:37708ms step_avg:55.29ms
step:683/1285 train_time:37762ms step_avg:55.29ms
step:684/1285 train_time:37825ms step_avg:55.30ms
step:685/1285 train_time:37876ms step_avg:55.29ms
step:686/1285 train_time:37941ms step_avg:55.31ms
step:687/1285 train_time:37994ms step_avg:55.30ms
step:688/1285 train_time:38056ms step_avg:55.31ms
step:689/1285 train_time:38108ms step_avg:55.31ms
step:690/1285 train_time:38172ms step_avg:55.32ms
step:691/1285 train_time:38223ms step_avg:55.32ms
step:692/1285 train_time:38286ms step_avg:55.33ms
step:693/1285 train_time:38338ms step_avg:55.32ms
step:694/1285 train_time:38402ms step_avg:55.33ms
step:695/1285 train_time:38454ms step_avg:55.33ms
step:696/1285 train_time:38519ms step_avg:55.34ms
step:697/1285 train_time:38575ms step_avg:55.34ms
step:698/1285 train_time:38637ms step_avg:55.35ms
step:699/1285 train_time:38689ms step_avg:55.35ms
step:700/1285 train_time:38751ms step_avg:55.36ms
step:701/1285 train_time:38803ms step_avg:55.35ms
step:702/1285 train_time:38865ms step_avg:55.36ms
step:703/1285 train_time:38917ms step_avg:55.36ms
step:704/1285 train_time:38979ms step_avg:55.37ms
step:705/1285 train_time:39032ms step_avg:55.36ms
step:706/1285 train_time:39095ms step_avg:55.38ms
step:707/1285 train_time:39149ms step_avg:55.37ms
step:708/1285 train_time:39211ms step_avg:55.38ms
step:709/1285 train_time:39264ms step_avg:55.38ms
step:710/1285 train_time:39327ms step_avg:55.39ms
step:711/1285 train_time:39378ms step_avg:55.38ms
step:712/1285 train_time:39443ms step_avg:55.40ms
step:713/1285 train_time:39498ms step_avg:55.40ms
step:714/1285 train_time:39556ms step_avg:55.40ms
step:715/1285 train_time:39609ms step_avg:55.40ms
step:716/1285 train_time:39673ms step_avg:55.41ms
step:717/1285 train_time:39724ms step_avg:55.40ms
step:718/1285 train_time:39789ms step_avg:55.42ms
step:719/1285 train_time:39842ms step_avg:55.41ms
step:720/1285 train_time:39908ms step_avg:55.43ms
step:721/1285 train_time:39962ms step_avg:55.43ms
step:722/1285 train_time:40020ms step_avg:55.43ms
step:723/1285 train_time:40073ms step_avg:55.43ms
step:724/1285 train_time:40136ms step_avg:55.44ms
step:725/1285 train_time:40188ms step_avg:55.43ms
step:726/1285 train_time:40253ms step_avg:55.45ms
step:727/1285 train_time:40305ms step_avg:55.44ms
step:728/1285 train_time:40367ms step_avg:55.45ms
step:729/1285 train_time:40421ms step_avg:55.45ms
step:730/1285 train_time:40483ms step_avg:55.46ms
step:731/1285 train_time:40535ms step_avg:55.45ms
step:732/1285 train_time:40598ms step_avg:55.46ms
step:733/1285 train_time:40650ms step_avg:55.46ms
step:734/1285 train_time:40714ms step_avg:55.47ms
step:735/1285 train_time:40767ms step_avg:55.47ms
step:736/1285 train_time:40829ms step_avg:55.47ms
step:737/1285 train_time:40881ms step_avg:55.47ms
step:738/1285 train_time:40945ms step_avg:55.48ms
step:739/1285 train_time:40998ms step_avg:55.48ms
step:740/1285 train_time:41060ms step_avg:55.49ms
step:741/1285 train_time:41111ms step_avg:55.48ms
step:742/1285 train_time:41175ms step_avg:55.49ms
step:743/1285 train_time:41228ms step_avg:55.49ms
step:744/1285 train_time:41293ms step_avg:55.50ms
step:745/1285 train_time:41346ms step_avg:55.50ms
step:746/1285 train_time:41408ms step_avg:55.51ms
step:747/1285 train_time:41461ms step_avg:55.50ms
step:748/1285 train_time:41522ms step_avg:55.51ms
step:749/1285 train_time:41577ms step_avg:55.51ms
step:750/1285 train_time:41638ms step_avg:55.52ms
step:750/1285 val_loss:3.68837309 train_time:41698ms step_avg:55.60ms
step:751/1285 train_time:41752ms step_avg:55.60ms
step:752/1285 train_time:41814ms step_avg:55.60ms
step:753/1285 train_time:41867ms step_avg:55.60ms
step:754/1285 train_time:41927ms step_avg:55.61ms
step:755/1285 train_time:41978ms step_avg:55.60ms
step:756/1285 train_time:42036ms step_avg:55.60ms
step:757/1285 train_time:42087ms step_avg:55.60ms
step:758/1285 train_time:42144ms step_avg:55.60ms
step:759/1285 train_time:42193ms step_avg:55.59ms
step:760/1285 train_time:42251ms step_avg:55.59ms
step:761/1285 train_time:42302ms step_avg:55.59ms
step:762/1285 train_time:42360ms step_avg:55.59ms
step:763/1285 train_time:42412ms step_avg:55.59ms
step:764/1285 train_time:42469ms step_avg:55.59ms
step:765/1285 train_time:42522ms step_avg:55.58ms
step:766/1285 train_time:42582ms step_avg:55.59ms
step:767/1285 train_time:42634ms step_avg:55.59ms
step:768/1285 train_time:42691ms step_avg:55.59ms
step:769/1285 train_time:42740ms step_avg:55.58ms
step:770/1285 train_time:42802ms step_avg:55.59ms
step:771/1285 train_time:42856ms step_avg:55.58ms
step:772/1285 train_time:42921ms step_avg:55.60ms
step:773/1285 train_time:42973ms step_avg:55.59ms
step:774/1285 train_time:43038ms step_avg:55.60ms
step:775/1285 train_time:43088ms step_avg:55.60ms
step:776/1285 train_time:43153ms step_avg:55.61ms
step:777/1285 train_time:43204ms step_avg:55.60ms
step:778/1285 train_time:43266ms step_avg:55.61ms
step:779/1285 train_time:43318ms step_avg:55.61ms
step:780/1285 train_time:43383ms step_avg:55.62ms
step:781/1285 train_time:43435ms step_avg:55.61ms
step:782/1285 train_time:43497ms step_avg:55.62ms
step:783/1285 train_time:43546ms step_avg:55.61ms
step:784/1285 train_time:43611ms step_avg:55.63ms
step:785/1285 train_time:43663ms step_avg:55.62ms
step:786/1285 train_time:43728ms step_avg:55.63ms
step:787/1285 train_time:43779ms step_avg:55.63ms
step:788/1285 train_time:43844ms step_avg:55.64ms
step:789/1285 train_time:43897ms step_avg:55.64ms
step:790/1285 train_time:43961ms step_avg:55.65ms
step:791/1285 train_time:44013ms step_avg:55.64ms
step:792/1285 train_time:44077ms step_avg:55.65ms
step:793/1285 train_time:44128ms step_avg:55.65ms
step:794/1285 train_time:44225ms step_avg:55.70ms
step:795/1285 train_time:44283ms step_avg:55.70ms
step:796/1285 train_time:44345ms step_avg:55.71ms
step:797/1285 train_time:44398ms step_avg:55.71ms
step:798/1285 train_time:44455ms step_avg:55.71ms
step:799/1285 train_time:44503ms step_avg:55.70ms
step:800/1285 train_time:44567ms step_avg:55.71ms
step:801/1285 train_time:44623ms step_avg:55.71ms
step:802/1285 train_time:44683ms step_avg:55.71ms
step:803/1285 train_time:44736ms step_avg:55.71ms
step:804/1285 train_time:44797ms step_avg:55.72ms
step:805/1285 train_time:44848ms step_avg:55.71ms
step:806/1285 train_time:44911ms step_avg:55.72ms
step:807/1285 train_time:44960ms step_avg:55.71ms
step:808/1285 train_time:45026ms step_avg:55.73ms
step:809/1285 train_time:45079ms step_avg:55.72ms
step:810/1285 train_time:45140ms step_avg:55.73ms
step:811/1285 train_time:45192ms step_avg:55.72ms
step:812/1285 train_time:45261ms step_avg:55.74ms
step:813/1285 train_time:45313ms step_avg:55.74ms
step:814/1285 train_time:45378ms step_avg:55.75ms
step:815/1285 train_time:45429ms step_avg:55.74ms
step:816/1285 train_time:45492ms step_avg:55.75ms
step:817/1285 train_time:45543ms step_avg:55.74ms
step:818/1285 train_time:45610ms step_avg:55.76ms
step:819/1285 train_time:45661ms step_avg:55.75ms
step:820/1285 train_time:45724ms step_avg:55.76ms
step:821/1285 train_time:45777ms step_avg:55.76ms
step:822/1285 train_time:45838ms step_avg:55.76ms
step:823/1285 train_time:45887ms step_avg:55.76ms
step:824/1285 train_time:45951ms step_avg:55.77ms
step:825/1285 train_time:46003ms step_avg:55.76ms
step:826/1285 train_time:46066ms step_avg:55.77ms
step:827/1285 train_time:46118ms step_avg:55.77ms
step:828/1285 train_time:46183ms step_avg:55.78ms
step:829/1285 train_time:46237ms step_avg:55.77ms
step:830/1285 train_time:46299ms step_avg:55.78ms
step:831/1285 train_time:46352ms step_avg:55.78ms
step:832/1285 train_time:46417ms step_avg:55.79ms
step:833/1285 train_time:46469ms step_avg:55.78ms
step:834/1285 train_time:46534ms step_avg:55.80ms
step:835/1285 train_time:46586ms step_avg:55.79ms
step:836/1285 train_time:46646ms step_avg:55.80ms
step:837/1285 train_time:46700ms step_avg:55.79ms
step:838/1285 train_time:46763ms step_avg:55.80ms
step:839/1285 train_time:46815ms step_avg:55.80ms
step:840/1285 train_time:46878ms step_avg:55.81ms
step:841/1285 train_time:46928ms step_avg:55.80ms
step:842/1285 train_time:46991ms step_avg:55.81ms
step:843/1285 train_time:47043ms step_avg:55.80ms
step:844/1285 train_time:47108ms step_avg:55.81ms
step:845/1285 train_time:47161ms step_avg:55.81ms
step:846/1285 train_time:47224ms step_avg:55.82ms
step:847/1285 train_time:47275ms step_avg:55.82ms
step:848/1285 train_time:47343ms step_avg:55.83ms
step:849/1285 train_time:47422ms step_avg:55.86ms
step:850/1285 train_time:47515ms step_avg:55.90ms
step:851/1285 train_time:47590ms step_avg:55.92ms
step:852/1285 train_time:47679ms step_avg:55.96ms
step:853/1285 train_time:47755ms step_avg:55.98ms
step:854/1285 train_time:47845ms step_avg:56.03ms
step:855/1285 train_time:47923ms step_avg:56.05ms
step:856/1285 train_time:48013ms step_avg:56.09ms
step:857/1285 train_time:48089ms step_avg:56.11ms
step:858/1285 train_time:48179ms step_avg:56.15ms
step:859/1285 train_time:48257ms step_avg:56.18ms
step:860/1285 train_time:48348ms step_avg:56.22ms
step:861/1285 train_time:48425ms step_avg:56.24ms
step:862/1285 train_time:48516ms step_avg:56.28ms
step:863/1285 train_time:48593ms step_avg:56.31ms
step:864/1285 train_time:48683ms step_avg:56.35ms
step:865/1285 train_time:48759ms step_avg:56.37ms
step:866/1285 train_time:48850ms step_avg:56.41ms
step:867/1285 train_time:48926ms step_avg:56.43ms
step:868/1285 train_time:49016ms step_avg:56.47ms
step:869/1285 train_time:49093ms step_avg:56.49ms
step:870/1285 train_time:49183ms step_avg:56.53ms
step:871/1285 train_time:49262ms step_avg:56.56ms
step:872/1285 train_time:49352ms step_avg:56.60ms
step:873/1285 train_time:49428ms step_avg:56.62ms
step:874/1285 train_time:49518ms step_avg:56.66ms
step:875/1285 train_time:49595ms step_avg:56.68ms
step:876/1285 train_time:49684ms step_avg:56.72ms
step:877/1285 train_time:49762ms step_avg:56.74ms
step:878/1285 train_time:49854ms step_avg:56.78ms
step:879/1285 train_time:49931ms step_avg:56.80ms
step:880/1285 train_time:50019ms step_avg:56.84ms
step:881/1285 train_time:50098ms step_avg:56.86ms
step:882/1285 train_time:50189ms step_avg:56.90ms
step:883/1285 train_time:50266ms step_avg:56.93ms
step:884/1285 train_time:50356ms step_avg:56.96ms
step:885/1285 train_time:50431ms step_avg:56.98ms
step:886/1285 train_time:50521ms step_avg:57.02ms
step:887/1285 train_time:50599ms step_avg:57.05ms
step:888/1285 train_time:50690ms step_avg:57.08ms
step:889/1285 train_time:50767ms step_avg:57.11ms
step:890/1285 train_time:50857ms step_avg:57.14ms
step:891/1285 train_time:50933ms step_avg:57.16ms
step:892/1285 train_time:51023ms step_avg:57.20ms
step:893/1285 train_time:51101ms step_avg:57.22ms
step:894/1285 train_time:51191ms step_avg:57.26ms
step:895/1285 train_time:51269ms step_avg:57.28ms
step:896/1285 train_time:51358ms step_avg:57.32ms
step:897/1285 train_time:51436ms step_avg:57.34ms
step:898/1285 train_time:51526ms step_avg:57.38ms
step:899/1285 train_time:51603ms step_avg:57.40ms
step:900/1285 train_time:51693ms step_avg:57.44ms
step:901/1285 train_time:51771ms step_avg:57.46ms
step:902/1285 train_time:51862ms step_avg:57.50ms
step:903/1285 train_time:51938ms step_avg:57.52ms
step:904/1285 train_time:52027ms step_avg:57.55ms
step:905/1285 train_time:52107ms step_avg:57.58ms
step:906/1285 train_time:52195ms step_avg:57.61ms
step:907/1285 train_time:52271ms step_avg:57.63ms
step:908/1285 train_time:52362ms step_avg:57.67ms
step:909/1285 train_time:52438ms step_avg:57.69ms
step:910/1285 train_time:52528ms step_avg:57.72ms
step:911/1285 train_time:52606ms step_avg:57.74ms
step:912/1285 train_time:52695ms step_avg:57.78ms
step:913/1285 train_time:52770ms step_avg:57.80ms
step:914/1285 train_time:52862ms step_avg:57.84ms
step:915/1285 train_time:52939ms step_avg:57.86ms
step:916/1285 train_time:53028ms step_avg:57.89ms
step:917/1285 train_time:53107ms step_avg:57.91ms
step:918/1285 train_time:53198ms step_avg:57.95ms
step:919/1285 train_time:53274ms step_avg:57.97ms
step:920/1285 train_time:53366ms step_avg:58.01ms
step:921/1285 train_time:53444ms step_avg:58.03ms
step:922/1285 train_time:53533ms step_avg:58.06ms
step:923/1285 train_time:53610ms step_avg:58.08ms
step:924/1285 train_time:53699ms step_avg:58.12ms
step:925/1285 train_time:53776ms step_avg:58.14ms
step:926/1285 train_time:53866ms step_avg:58.17ms
step:927/1285 train_time:53943ms step_avg:58.19ms
step:928/1285 train_time:54033ms step_avg:58.23ms
step:929/1285 train_time:54110ms step_avg:58.25ms
step:930/1285 train_time:54200ms step_avg:58.28ms
step:931/1285 train_time:54277ms step_avg:58.30ms
step:932/1285 train_time:54368ms step_avg:58.33ms
step:933/1285 train_time:54447ms step_avg:58.36ms
step:934/1285 train_time:54535ms step_avg:58.39ms
step:935/1285 train_time:54611ms step_avg:58.41ms
step:936/1285 train_time:54701ms step_avg:58.44ms
step:937/1285 train_time:54779ms step_avg:58.46ms
step:938/1285 train_time:54870ms step_avg:58.50ms
step:939/1285 train_time:54947ms step_avg:58.52ms
step:940/1285 train_time:55035ms step_avg:58.55ms
step:941/1285 train_time:55111ms step_avg:58.57ms
step:942/1285 train_time:55203ms step_avg:58.60ms
step:943/1285 train_time:55280ms step_avg:58.62ms
step:944/1285 train_time:55371ms step_avg:58.66ms
step:945/1285 train_time:55448ms step_avg:58.67ms
step:946/1285 train_time:55537ms step_avg:58.71ms
step:947/1285 train_time:55612ms step_avg:58.72ms
step:948/1285 train_time:55702ms step_avg:58.76ms
step:949/1285 train_time:55780ms step_avg:58.78ms
step:950/1285 train_time:55871ms step_avg:58.81ms
step:951/1285 train_time:55950ms step_avg:58.83ms
step:952/1285 train_time:56039ms step_avg:58.86ms
step:953/1285 train_time:56114ms step_avg:58.88ms
step:954/1285 train_time:56206ms step_avg:58.92ms
step:955/1285 train_time:56285ms step_avg:58.94ms
step:956/1285 train_time:56375ms step_avg:58.97ms
step:957/1285 train_time:56451ms step_avg:58.99ms
step:958/1285 train_time:56541ms step_avg:59.02ms
step:959/1285 train_time:56618ms step_avg:59.04ms
step:960/1285 train_time:56709ms step_avg:59.07ms
step:961/1285 train_time:56786ms step_avg:59.09ms
step:962/1285 train_time:56877ms step_avg:59.12ms
step:963/1285 train_time:56953ms step_avg:59.14ms
step:964/1285 train_time:57043ms step_avg:59.17ms
step:965/1285 train_time:57120ms step_avg:59.19ms
step:966/1285 train_time:57210ms step_avg:59.22ms
step:967/1285 train_time:57288ms step_avg:59.24ms
step:968/1285 train_time:57377ms step_avg:59.27ms
step:969/1285 train_time:57454ms step_avg:59.29ms
step:970/1285 train_time:57545ms step_avg:59.32ms
step:971/1285 train_time:57622ms step_avg:59.34ms
step:972/1285 train_time:57713ms step_avg:59.38ms
step:973/1285 train_time:57790ms step_avg:59.39ms
step:974/1285 train_time:57881ms step_avg:59.43ms
step:975/1285 train_time:57956ms step_avg:59.44ms
step:976/1285 train_time:58044ms step_avg:59.47ms
step:977/1285 train_time:58122ms step_avg:59.49ms
step:978/1285 train_time:58215ms step_avg:59.52ms
step:979/1285 train_time:58292ms step_avg:59.54ms
step:980/1285 train_time:58381ms step_avg:59.57ms
step:981/1285 train_time:58459ms step_avg:59.59ms
step:982/1285 train_time:58549ms step_avg:59.62ms
step:983/1285 train_time:58626ms step_avg:59.64ms
step:984/1285 train_time:58716ms step_avg:59.67ms
step:985/1285 train_time:58792ms step_avg:59.69ms
step:986/1285 train_time:58883ms step_avg:59.72ms
step:987/1285 train_time:58961ms step_avg:59.74ms
step:988/1285 train_time:59050ms step_avg:59.77ms
step:989/1285 train_time:59126ms step_avg:59.78ms
step:990/1285 train_time:59218ms step_avg:59.82ms
step:991/1285 train_time:59293ms step_avg:59.83ms
step:992/1285 train_time:59386ms step_avg:59.86ms
step:993/1285 train_time:59462ms step_avg:59.88ms
step:994/1285 train_time:59553ms step_avg:59.91ms
step:995/1285 train_time:59628ms step_avg:59.93ms
step:996/1285 train_time:59718ms step_avg:59.96ms
step:997/1285 train_time:59795ms step_avg:59.97ms
step:998/1285 train_time:59885ms step_avg:60.01ms
step:999/1285 train_time:59963ms step_avg:60.02ms
step:1000/1285 train_time:60052ms step_avg:60.05ms
step:1000/1285 val_loss:3.41871786 train_time:60139ms step_avg:60.14ms
step:1001/1285 train_time:60192ms step_avg:60.13ms
step:1002/1285 train_time:60254ms step_avg:60.13ms
step:1003/1285 train_time:60305ms step_avg:60.12ms
step:1004/1285 train_time:60397ms step_avg:60.16ms
step:1005/1285 train_time:60474ms step_avg:60.17ms
step:1006/1285 train_time:60566ms step_avg:60.20ms
step:1007/1285 train_time:60640ms step_avg:60.22ms
step:1008/1285 train_time:60730ms step_avg:60.25ms
step:1009/1285 train_time:60806ms step_avg:60.26ms
step:1010/1285 train_time:60893ms step_avg:60.29ms
step:1011/1285 train_time:60970ms step_avg:60.31ms
step:1012/1285 train_time:61060ms step_avg:60.34ms
step:1013/1285 train_time:61138ms step_avg:60.35ms
step:1014/1285 train_time:61230ms step_avg:60.38ms
step:1015/1285 train_time:61308ms step_avg:60.40ms
step:1016/1285 train_time:61400ms step_avg:60.43ms
step:1017/1285 train_time:61479ms step_avg:60.45ms
step:1018/1285 train_time:61573ms step_avg:60.48ms
step:1019/1285 train_time:61646ms step_avg:60.50ms
step:1020/1285 train_time:61736ms step_avg:60.53ms
step:1021/1285 train_time:61814ms step_avg:60.54ms
step:1022/1285 train_time:61904ms step_avg:60.57ms
step:1023/1285 train_time:61980ms step_avg:60.59ms
step:1024/1285 train_time:62069ms step_avg:60.61ms
step:1025/1285 train_time:62148ms step_avg:60.63ms
step:1026/1285 train_time:62239ms step_avg:60.66ms
step:1027/1285 train_time:62316ms step_avg:60.68ms
step:1028/1285 train_time:62420ms step_avg:60.72ms
step:1029/1285 train_time:62498ms step_avg:60.74ms
step:1030/1285 train_time:62587ms step_avg:60.76ms
step:1031/1285 train_time:62664ms step_avg:60.78ms
step:1032/1285 train_time:62753ms step_avg:60.81ms
step:1033/1285 train_time:62829ms step_avg:60.82ms
step:1034/1285 train_time:62917ms step_avg:60.85ms
step:1035/1285 train_time:62994ms step_avg:60.86ms
step:1036/1285 train_time:63085ms step_avg:60.89ms
step:1037/1285 train_time:63163ms step_avg:60.91ms
step:1038/1285 train_time:63253ms step_avg:60.94ms
step:1039/1285 train_time:63331ms step_avg:60.95ms
step:1040/1285 train_time:63422ms step_avg:60.98ms
step:1041/1285 train_time:63499ms step_avg:61.00ms
step:1042/1285 train_time:63591ms step_avg:61.03ms
step:1043/1285 train_time:63668ms step_avg:61.04ms
step:1044/1285 train_time:63756ms step_avg:61.07ms
step:1045/1285 train_time:63833ms step_avg:61.08ms
step:1046/1285 train_time:63924ms step_avg:61.11ms
step:1047/1285 train_time:63999ms step_avg:61.13ms
step:1048/1285 train_time:64091ms step_avg:61.16ms
step:1049/1285 train_time:64167ms step_avg:61.17ms
step:1050/1285 train_time:64258ms step_avg:61.20ms
step:1051/1285 train_time:64335ms step_avg:61.21ms
step:1052/1285 train_time:64425ms step_avg:61.24ms
step:1053/1285 train_time:64503ms step_avg:61.26ms
step:1054/1285 train_time:64593ms step_avg:61.28ms
step:1055/1285 train_time:64670ms step_avg:61.30ms
step:1056/1285 train_time:64759ms step_avg:61.32ms
step:1057/1285 train_time:64835ms step_avg:61.34ms
step:1058/1285 train_time:64925ms step_avg:61.37ms
step:1059/1285 train_time:65001ms step_avg:61.38ms
step:1060/1285 train_time:65093ms step_avg:61.41ms
step:1061/1285 train_time:65169ms step_avg:61.42ms
step:1062/1285 train_time:65259ms step_avg:61.45ms
step:1063/1285 train_time:65337ms step_avg:61.47ms
step:1064/1285 train_time:65428ms step_avg:61.49ms
step:1065/1285 train_time:65504ms step_avg:61.51ms
step:1066/1285 train_time:65596ms step_avg:61.53ms
step:1067/1285 train_time:65671ms step_avg:61.55ms
step:1068/1285 train_time:65760ms step_avg:61.57ms
step:1069/1285 train_time:65837ms step_avg:61.59ms
step:1070/1285 train_time:65927ms step_avg:61.61ms
step:1071/1285 train_time:66002ms step_avg:61.63ms
step:1072/1285 train_time:66094ms step_avg:61.65ms
step:1073/1285 train_time:66170ms step_avg:61.67ms
step:1074/1285 train_time:66261ms step_avg:61.70ms
step:1075/1285 train_time:66339ms step_avg:61.71ms
step:1076/1285 train_time:66428ms step_avg:61.74ms
step:1077/1285 train_time:66505ms step_avg:61.75ms
step:1078/1285 train_time:66598ms step_avg:61.78ms
step:1079/1285 train_time:66670ms step_avg:61.79ms
step:1080/1285 train_time:66762ms step_avg:61.82ms
step:1081/1285 train_time:66839ms step_avg:61.83ms
step:1082/1285 train_time:66930ms step_avg:61.86ms
step:1083/1285 train_time:67006ms step_avg:61.87ms
step:1084/1285 train_time:67095ms step_avg:61.90ms
step:1085/1285 train_time:67170ms step_avg:61.91ms
step:1086/1285 train_time:67262ms step_avg:61.94ms
step:1087/1285 train_time:67340ms step_avg:61.95ms
step:1088/1285 train_time:67431ms step_avg:61.98ms
step:1089/1285 train_time:67507ms step_avg:61.99ms
step:1090/1285 train_time:67598ms step_avg:62.02ms
step:1091/1285 train_time:67674ms step_avg:62.03ms
step:1092/1285 train_time:67763ms step_avg:62.05ms
step:1093/1285 train_time:67841ms step_avg:62.07ms
step:1094/1285 train_time:67931ms step_avg:62.09ms
step:1095/1285 train_time:68007ms step_avg:62.11ms
step:1096/1285 train_time:68097ms step_avg:62.13ms
step:1097/1285 train_time:68173ms step_avg:62.15ms
step:1098/1285 train_time:68265ms step_avg:62.17ms
step:1099/1285 train_time:68342ms step_avg:62.19ms
step:1100/1285 train_time:68433ms step_avg:62.21ms
step:1101/1285 train_time:68508ms step_avg:62.22ms
step:1102/1285 train_time:68597ms step_avg:62.25ms
step:1103/1285 train_time:68674ms step_avg:62.26ms
step:1104/1285 train_time:68764ms step_avg:62.29ms
step:1105/1285 train_time:68842ms step_avg:62.30ms
step:1106/1285 train_time:68931ms step_avg:62.32ms
step:1107/1285 train_time:69007ms step_avg:62.34ms
step:1108/1285 train_time:69097ms step_avg:62.36ms
step:1109/1285 train_time:69174ms step_avg:62.38ms
step:1110/1285 train_time:69264ms step_avg:62.40ms
step:1111/1285 train_time:69342ms step_avg:62.41ms
step:1112/1285 train_time:69432ms step_avg:62.44ms
step:1113/1285 train_time:69508ms step_avg:62.45ms
step:1114/1285 train_time:69597ms step_avg:62.48ms
step:1115/1285 train_time:69673ms step_avg:62.49ms
step:1116/1285 train_time:69765ms step_avg:62.51ms
step:1117/1285 train_time:69841ms step_avg:62.53ms
step:1118/1285 train_time:69932ms step_avg:62.55ms
step:1119/1285 train_time:70007ms step_avg:62.56ms
step:1120/1285 train_time:70096ms step_avg:62.59ms
step:1121/1285 train_time:70173ms step_avg:62.60ms
step:1122/1285 train_time:70264ms step_avg:62.62ms
step:1123/1285 train_time:70342ms step_avg:62.64ms
step:1124/1285 train_time:70432ms step_avg:62.66ms
step:1125/1285 train_time:70508ms step_avg:62.67ms
step:1126/1285 train_time:70599ms step_avg:62.70ms
step:1127/1285 train_time:70675ms step_avg:62.71ms
step:1128/1285 train_time:70766ms step_avg:62.74ms
step:1129/1285 train_time:70843ms step_avg:62.75ms
step:1130/1285 train_time:70932ms step_avg:62.77ms
step:1131/1285 train_time:71007ms step_avg:62.78ms
step:1132/1285 train_time:71097ms step_avg:62.81ms
step:1133/1285 train_time:71173ms step_avg:62.82ms
step:1134/1285 train_time:71265ms step_avg:62.84ms
step:1135/1285 train_time:71343ms step_avg:62.86ms
step:1136/1285 train_time:71432ms step_avg:62.88ms
step:1137/1285 train_time:71507ms step_avg:62.89ms
step:1138/1285 train_time:71598ms step_avg:62.92ms
step:1139/1285 train_time:71674ms step_avg:62.93ms
step:1140/1285 train_time:71766ms step_avg:62.95ms
step:1141/1285 train_time:71843ms step_avg:62.97ms
step:1142/1285 train_time:71932ms step_avg:62.99ms
step:1143/1285 train_time:72008ms step_avg:63.00ms
step:1144/1285 train_time:72097ms step_avg:63.02ms
step:1145/1285 train_time:72175ms step_avg:63.03ms
step:1146/1285 train_time:72265ms step_avg:63.06ms
step:1147/1285 train_time:72342ms step_avg:63.07ms
step:1148/1285 train_time:72432ms step_avg:63.09ms
step:1149/1285 train_time:72508ms step_avg:63.11ms
step:1150/1285 train_time:72598ms step_avg:63.13ms
step:1151/1285 train_time:72674ms step_avg:63.14ms
step:1152/1285 train_time:72767ms step_avg:63.17ms
step:1153/1285 train_time:72843ms step_avg:63.18ms
step:1154/1285 train_time:72933ms step_avg:63.20ms
step:1155/1285 train_time:73008ms step_avg:63.21ms
step:1156/1285 train_time:73097ms step_avg:63.23ms
step:1157/1285 train_time:73176ms step_avg:63.25ms
step:1158/1285 train_time:73265ms step_avg:63.27ms
step:1159/1285 train_time:73343ms step_avg:63.28ms
step:1160/1285 train_time:73432ms step_avg:63.30ms
step:1161/1285 train_time:73507ms step_avg:63.31ms
step:1162/1285 train_time:73597ms step_avg:63.34ms
step:1163/1285 train_time:73672ms step_avg:63.35ms
step:1164/1285 train_time:73764ms step_avg:63.37ms
step:1165/1285 train_time:73842ms step_avg:63.38ms
step:1166/1285 train_time:73933ms step_avg:63.41ms
step:1167/1285 train_time:74008ms step_avg:63.42ms
step:1168/1285 train_time:74097ms step_avg:63.44ms
step:1169/1285 train_time:74173ms step_avg:63.45ms
step:1170/1285 train_time:74265ms step_avg:63.47ms
step:1171/1285 train_time:74343ms step_avg:63.49ms
step:1172/1285 train_time:74434ms step_avg:63.51ms
step:1173/1285 train_time:74507ms step_avg:63.52ms
step:1174/1285 train_time:74597ms step_avg:63.54ms
step:1175/1285 train_time:74672ms step_avg:63.55ms
step:1176/1285 train_time:74764ms step_avg:63.57ms
step:1177/1285 train_time:74841ms step_avg:63.59ms
step:1178/1285 train_time:74932ms step_avg:63.61ms
step:1179/1285 train_time:75007ms step_avg:63.62ms
step:1180/1285 train_time:75096ms step_avg:63.64ms
step:1181/1285 train_time:75172ms step_avg:63.65ms
step:1182/1285 train_time:75263ms step_avg:63.67ms
step:1183/1285 train_time:75341ms step_avg:63.69ms
step:1184/1285 train_time:75430ms step_avg:63.71ms
step:1185/1285 train_time:75506ms step_avg:63.72ms
step:1186/1285 train_time:75596ms step_avg:63.74ms
step:1187/1285 train_time:75673ms step_avg:63.75ms
step:1188/1285 train_time:75763ms step_avg:63.77ms
step:1189/1285 train_time:75841ms step_avg:63.79ms
step:1190/1285 train_time:75931ms step_avg:63.81ms
step:1191/1285 train_time:76007ms step_avg:63.82ms
step:1192/1285 train_time:76096ms step_avg:63.84ms
step:1193/1285 train_time:76172ms step_avg:63.85ms
step:1194/1285 train_time:76263ms step_avg:63.87ms
step:1195/1285 train_time:76341ms step_avg:63.88ms
step:1196/1285 train_time:76431ms step_avg:63.91ms
step:1197/1285 train_time:76506ms step_avg:63.92ms
step:1198/1285 train_time:76594ms step_avg:63.94ms
step:1199/1285 train_time:76672ms step_avg:63.95ms
step:1200/1285 train_time:76762ms step_avg:63.97ms
step:1201/1285 train_time:76839ms step_avg:63.98ms
step:1202/1285 train_time:76930ms step_avg:64.00ms
step:1203/1285 train_time:77006ms step_avg:64.01ms
step:1204/1285 train_time:77095ms step_avg:64.03ms
step:1205/1285 train_time:77171ms step_avg:64.04ms
step:1206/1285 train_time:77262ms step_avg:64.06ms
step:1207/1285 train_time:77338ms step_avg:64.07ms
step:1208/1285 train_time:77429ms step_avg:64.10ms
step:1209/1285 train_time:77506ms step_avg:64.11ms
step:1210/1285 train_time:77594ms step_avg:64.13ms
step:1211/1285 train_time:77671ms step_avg:64.14ms
step:1212/1285 train_time:77762ms step_avg:64.16ms
step:1213/1285 train_time:77840ms step_avg:64.17ms
step:1214/1285 train_time:77930ms step_avg:64.19ms
step:1215/1285 train_time:78006ms step_avg:64.20ms
step:1216/1285 train_time:78095ms step_avg:64.22ms
step:1217/1285 train_time:78171ms step_avg:64.23ms
step:1218/1285 train_time:78325ms step_avg:64.31ms
step:1219/1285 train_time:78949ms step_avg:64.77ms
step:1220/1285 train_time:79081ms step_avg:64.82ms
step:1221/1285 train_time:79202ms step_avg:64.87ms
step:1222/1285 train_time:79307ms step_avg:64.90ms
step:1223/1285 train_time:79380ms step_avg:64.91ms
step:1224/1285 train_time:79450ms step_avg:64.91ms
step:1225/1285 train_time:79505ms step_avg:64.90ms
step:1226/1285 train_time:79572ms step_avg:64.90ms
step:1227/1285 train_time:79647ms step_avg:64.91ms
step:1228/1285 train_time:79736ms step_avg:64.93ms
step:1229/1285 train_time:79809ms step_avg:64.94ms
step:1230/1285 train_time:79897ms step_avg:64.96ms
step:1231/1285 train_time:79974ms step_avg:64.97ms
step:1232/1285 train_time:80062ms step_avg:64.99ms
step:1233/1285 train_time:80140ms step_avg:65.00ms
step:1234/1285 train_time:80236ms step_avg:65.02ms
step:1235/1285 train_time:80312ms step_avg:65.03ms
step:1236/1285 train_time:80405ms step_avg:65.05ms
step:1237/1285 train_time:80483ms step_avg:65.06ms
step:1238/1285 train_time:80602ms step_avg:65.11ms
step:1239/1285 train_time:80703ms step_avg:65.14ms
step:1240/1285 train_time:80781ms step_avg:65.15ms
step:1241/1285 train_time:80844ms step_avg:65.14ms
step:1242/1285 train_time:80932ms step_avg:65.16ms
step:1243/1285 train_time:81007ms step_avg:65.17ms
step:1244/1285 train_time:81096ms step_avg:65.19ms
step:1245/1285 train_time:81172ms step_avg:65.20ms
step:1246/1285 train_time:81263ms step_avg:65.22ms
step:1247/1285 train_time:81348ms step_avg:65.24ms
step:1248/1285 train_time:81441ms step_avg:65.26ms
step:1249/1285 train_time:81522ms step_avg:65.27ms
step:1250/1285 train_time:81632ms step_avg:65.31ms
step:1250/1285 val_loss:3.29525542 train_time:81685ms step_avg:65.35ms
step:1251/1285 train_time:81742ms step_avg:65.34ms
step:1252/1285 train_time:81802ms step_avg:65.34ms
step:1253/1285 train_time:81854ms step_avg:65.33ms
step:1254/1285 train_time:81946ms step_avg:65.35ms
step:1255/1285 train_time:82022ms step_avg:65.36ms
step:1256/1285 train_time:82111ms step_avg:65.38ms
step:1257/1285 train_time:82186ms step_avg:65.38ms
step:1258/1285 train_time:82273ms step_avg:65.40ms
step:1259/1285 train_time:82349ms step_avg:65.41ms
step:1260/1285 train_time:82436ms step_avg:65.43ms
step:1261/1285 train_time:82511ms step_avg:65.43ms
step:1262/1285 train_time:82603ms step_avg:65.45ms
step:1263/1285 train_time:82682ms step_avg:65.46ms
step:1264/1285 train_time:82772ms step_avg:65.48ms
step:1265/1285 train_time:82853ms step_avg:65.50ms
step:1266/1285 train_time:82944ms step_avg:65.52ms
step:1267/1285 train_time:83020ms step_avg:65.52ms
step:1268/1285 train_time:83112ms step_avg:65.55ms
step:1269/1285 train_time:83187ms step_avg:65.55ms
step:1270/1285 train_time:83275ms step_avg:65.57ms
step:1271/1285 train_time:83353ms step_avg:65.58ms
step:1272/1285 train_time:83444ms step_avg:65.60ms
step:1273/1285 train_time:83521ms step_avg:65.61ms
step:1274/1285 train_time:83610ms step_avg:65.63ms
step:1275/1285 train_time:83689ms step_avg:65.64ms
step:1276/1285 train_time:83780ms step_avg:65.66ms
step:1277/1285 train_time:83856ms step_avg:65.67ms
step:1278/1285 train_time:83948ms step_avg:65.69ms
step:1279/1285 train_time:84025ms step_avg:65.70ms
step:1280/1285 train_time:84116ms step_avg:65.72ms
step:1281/1285 train_time:84193ms step_avg:65.72ms
step:1282/1285 train_time:84283ms step_avg:65.74ms
step:1283/1285 train_time:84359ms step_avg:65.75ms
step:1284/1285 train_time:84450ms step_avg:65.77ms
step:1285/1285 train_time:84526ms step_avg:65.78ms
step:1285/1285 val_loss:3.27828050 train_time:84615ms step_avg:65.85ms
peak memory allocated: 32105 MiB reserved: 39272 MiB
