HARNESS_TRAINING_ENV={"OMP_NUM_THREADS": "1", "MKL_NUM_THREADS": "1", "torch_num_threads": 1, "torch_num_interop_threads": 43}
[Gloo] Rank 1 is connected to 7 peer ranks. [Gloo] Rank Expected number of connected peer ranks is : 47 is connected to 7 peer ranks. 
Expected number of connected peer ranks is : 7
[Gloo] Rank 5 is connected to 7 peer ranks. Expected number of connected peer ranks is : 7
[Gloo] Rank 0 is connected to 7 peer ranks. Expected number of connected peer ranks is : 7
[Gloo] Rank 2 is connected to 7 peer ranks. Expected number of connected peer ranks is : 7
[Gloo] Rank 3 is connected to 7 peer ranks. Expected number of connected peer ranks is : 7
[Gloo] Rank [Gloo] Rank 67 is connected to  is connected to 77 peer ranks.  peer ranks. Expected number of connected peer ranks is : Expected number of connected peer ranks is : 77

/workspace/train_gpt.py:1069: UserWarning: Skipping publisher trust check for 'kernels-community/flash-attn3' because Hugging Face Hub is in offline mode.
  flash_attn_interface = get_kernel('kernels-community/flash-attn3', version=1).flash_attn_interface
/workspace/train_gpt.py:1069: UserWarning: Skipping publisher trust check for 'kernels-community/flash-attn3' because Hugging Face Hub is in offline mode.
  flash_attn_interface = get_kernel('kernels-community/flash-attn3', version=1).flash_attn_interface
/workspace/train_gpt.py:1069: UserWarning: Skipping publisher trust check for 'kernels-community/flash-attn3' because Hugging Face Hub is in offline mode.
  flash_attn_interface = get_kernel('kernels-community/flash-attn3', version=1).flash_attn_interface
/workspace/train_gpt.py:1069: UserWarning: Skipping publisher trust check for 'kernels-community/flash-attn3' because Hugging Face Hub is in offline mode.
  flash_attn_interface = get_kernel('kernels-community/flash-attn3', version=1).flash_attn_interface
/workspace/train_gpt.py:1069: UserWarning: Skipping publisher trust check for 'kernels-community/flash-attn3' because Hugging Face Hub is in offline mode.
  flash_attn_interface = get_kernel('kernels-community/flash-attn3', version=1).flash_attn_interface
/workspace/train_gpt.py:1069: UserWarning: Skipping publisher trust check for 'kernels-community/flash-attn3' because Hugging Face Hub is in offline mode.
  flash_attn_interface = get_kernel('kernels-community/flash-attn3', version=1).flash_attn_interface
/workspace/train_gpt.py:1069: UserWarning: Skipping publisher trust check for 'kernels-community/flash-attn3' because Hugging Face Hub is in offline mode.
  flash_attn_interface = get_kernel('kernels-community/flash-attn3', version=1).flash_attn_interface
/workspace/train_gpt.py:1069: UserWarning: Skipping publisher trust check for 'kernels-community/flash-attn3' because Hugging Face Hub is in offline mode.
  flash_attn_interface = get_kernel('kernels-community/flash-attn3', version=1).flash_attn_interface
logs/ad5e7211-f6e2-4882-8c0a-98b664309dd1.txt
Compiling model and warming up kernels (~7 minutes on first execution)
Sampling steps [0, 1, 421, 422, 423, 424, 845, 846, 847, 848, 1268, 1269, 1270, 1271] for warmup
Resetting Model
step:0/1285 val_loss:10.82970715 train_time:90ms step_avg:90.37ms
step:1/1285 train_time:323ms step_avg:322.76ms
step:2/1285 train_time:388ms step_avg:194.21ms
step:3/1285 train_time:448ms step_avg:149.19ms
step:4/1285 train_time:504ms step_avg:125.98ms
step:5/1285 train_time:555ms step_avg:111.05ms
step:6/1285 train_time:622ms step_avg:103.66ms
step:7/1285 train_time:681ms step_avg:97.31ms
step:8/1285 train_time:738ms step_avg:92.31ms
step:9/1285 train_time:788ms step_avg:87.57ms
step:10/1285 train_time:845ms step_avg:84.50ms
step:11/1285 train_time:896ms step_avg:81.42ms
step:12/1285 train_time:954ms step_avg:79.48ms
step:13/1285 train_time:1005ms step_avg:77.31ms
step:14/1285 train_time:1064ms step_avg:76.03ms
step:15/1285 train_time:1116ms step_avg:74.37ms
step:16/1285 train_time:1174ms step_avg:73.40ms
step:17/1285 train_time:1224ms step_avg:72.02ms
step:18/1285 train_time:1281ms step_avg:71.19ms
step:19/1285 train_time:1331ms step_avg:70.07ms
step:20/1285 train_time:1391ms step_avg:69.56ms
step:21/1285 train_time:1441ms step_avg:68.63ms
step:22/1285 train_time:1500ms step_avg:68.19ms
step:23/1285 train_time:1550ms step_avg:67.39ms
step:24/1285 train_time:1607ms step_avg:66.98ms
step:25/1285 train_time:1656ms step_avg:66.25ms
step:26/1285 train_time:1712ms step_avg:65.85ms
step:27/1285 train_time:1760ms step_avg:65.19ms
step:28/1285 train_time:1816ms step_avg:64.85ms
step:29/1285 train_time:1866ms step_avg:64.34ms
step:30/1285 train_time:1922ms step_avg:64.05ms
step:31/1285 train_time:1971ms step_avg:63.59ms
step:32/1285 train_time:2027ms step_avg:63.33ms
step:33/1285 train_time:2076ms step_avg:62.92ms
step:34/1285 train_time:2132ms step_avg:62.71ms
step:35/1285 train_time:2182ms step_avg:62.33ms
step:36/1285 train_time:2241ms step_avg:62.24ms
step:37/1285 train_time:2290ms step_avg:61.88ms
step:38/1285 train_time:2346ms step_avg:61.75ms
step:39/1285 train_time:2397ms step_avg:61.45ms
step:40/1285 train_time:2454ms step_avg:61.34ms
step:41/1285 train_time:2503ms step_avg:61.06ms
step:42/1285 train_time:2563ms step_avg:61.02ms
step:43/1285 train_time:2615ms step_avg:60.82ms
step:44/1285 train_time:2674ms step_avg:60.77ms
step:45/1285 train_time:2726ms step_avg:60.59ms
step:46/1285 train_time:2784ms step_avg:60.53ms
step:47/1285 train_time:2838ms step_avg:60.39ms
step:48/1285 train_time:2896ms step_avg:60.33ms
step:49/1285 train_time:2944ms step_avg:60.08ms
step:50/1285 train_time:3003ms step_avg:60.06ms
step:51/1285 train_time:3052ms step_avg:59.85ms
step:52/1285 train_time:3110ms step_avg:59.81ms
step:53/1285 train_time:3159ms step_avg:59.59ms
step:54/1285 train_time:3219ms step_avg:59.61ms
step:55/1285 train_time:3268ms step_avg:59.42ms
step:56/1285 train_time:3324ms step_avg:59.35ms
step:57/1285 train_time:3374ms step_avg:59.19ms
step:58/1285 train_time:3431ms step_avg:59.16ms
step:59/1285 train_time:3481ms step_avg:59.01ms
step:60/1285 train_time:3538ms step_avg:58.97ms
step:61/1285 train_time:3589ms step_avg:58.84ms
step:62/1285 train_time:3646ms step_avg:58.81ms
step:63/1285 train_time:3696ms step_avg:58.67ms
step:64/1285 train_time:3753ms step_avg:58.64ms
step:65/1285 train_time:3801ms step_avg:58.47ms
step:66/1285 train_time:3857ms step_avg:58.43ms
step:67/1285 train_time:3906ms step_avg:58.30ms
step:68/1285 train_time:3963ms step_avg:58.27ms
step:69/1285 train_time:4013ms step_avg:58.16ms
step:70/1285 train_time:4073ms step_avg:58.19ms
step:71/1285 train_time:4122ms step_avg:58.06ms
step:72/1285 train_time:4180ms step_avg:58.05ms
step:73/1285 train_time:4228ms step_avg:57.92ms
step:74/1285 train_time:4287ms step_avg:57.93ms
step:75/1285 train_time:4338ms step_avg:57.84ms
step:76/1285 train_time:4397ms step_avg:57.85ms
step:77/1285 train_time:4446ms step_avg:57.74ms
step:78/1285 train_time:4500ms step_avg:57.69ms
step:79/1285 train_time:4550ms step_avg:57.59ms
step:80/1285 train_time:4610ms step_avg:57.62ms
step:81/1285 train_time:4660ms step_avg:57.53ms
step:82/1285 train_time:4713ms step_avg:57.48ms
step:83/1285 train_time:4761ms step_avg:57.36ms
step:84/1285 train_time:4818ms step_avg:57.35ms
step:85/1285 train_time:4868ms step_avg:57.27ms
step:86/1285 train_time:4923ms step_avg:57.24ms
step:87/1285 train_time:4974ms step_avg:57.18ms
step:88/1285 train_time:5031ms step_avg:57.17ms
step:89/1285 train_time:5081ms step_avg:57.08ms
step:90/1285 train_time:5137ms step_avg:57.08ms
step:91/1285 train_time:5189ms step_avg:57.02ms
step:92/1285 train_time:5245ms step_avg:57.01ms
step:93/1285 train_time:5296ms step_avg:56.94ms
step:94/1285 train_time:5353ms step_avg:56.95ms
step:95/1285 train_time:5403ms step_avg:56.88ms
step:96/1285 train_time:5462ms step_avg:56.90ms
step:97/1285 train_time:5512ms step_avg:56.82ms
step:98/1285 train_time:5570ms step_avg:56.83ms
step:99/1285 train_time:5620ms step_avg:56.77ms
step:100/1285 train_time:5677ms step_avg:56.77ms
step:101/1285 train_time:5725ms step_avg:56.69ms
step:102/1285 train_time:5781ms step_avg:56.68ms
step:103/1285 train_time:5831ms step_avg:56.61ms
step:104/1285 train_time:5888ms step_avg:56.61ms
step:105/1285 train_time:5935ms step_avg:56.53ms
step:106/1285 train_time:5992ms step_avg:56.53ms
step:107/1285 train_time:6040ms step_avg:56.45ms
step:108/1285 train_time:6096ms step_avg:56.45ms
step:109/1285 train_time:6147ms step_avg:56.40ms
step:110/1285 train_time:6207ms step_avg:56.43ms
step:111/1285 train_time:6259ms step_avg:56.38ms
step:112/1285 train_time:6315ms step_avg:56.39ms
step:113/1285 train_time:6366ms step_avg:56.34ms
step:114/1285 train_time:6426ms step_avg:56.37ms
step:115/1285 train_time:6476ms step_avg:56.31ms
step:116/1285 train_time:6533ms step_avg:56.32ms
step:117/1285 train_time:6584ms step_avg:56.28ms
step:118/1285 train_time:6641ms step_avg:56.28ms
step:119/1285 train_time:6691ms step_avg:56.23ms
step:120/1285 train_time:6749ms step_avg:56.24ms
step:121/1285 train_time:6799ms step_avg:56.19ms
step:122/1285 train_time:6856ms step_avg:56.20ms
step:123/1285 train_time:6907ms step_avg:56.16ms
step:124/1285 train_time:6964ms step_avg:56.16ms
step:125/1285 train_time:7014ms step_avg:56.11ms
step:126/1285 train_time:7073ms step_avg:56.13ms
step:127/1285 train_time:7121ms step_avg:56.07ms
step:128/1285 train_time:7179ms step_avg:56.08ms
step:129/1285 train_time:7228ms step_avg:56.03ms
step:130/1285 train_time:7287ms step_avg:56.05ms
step:131/1285 train_time:7335ms step_avg:55.99ms
step:132/1285 train_time:7391ms step_avg:55.99ms
step:133/1285 train_time:7441ms step_avg:55.94ms
step:134/1285 train_time:7497ms step_avg:55.94ms
step:135/1285 train_time:7546ms step_avg:55.90ms
step:136/1285 train_time:7606ms step_avg:55.93ms
step:137/1285 train_time:7658ms step_avg:55.90ms
step:138/1285 train_time:7715ms step_avg:55.90ms
step:139/1285 train_time:7766ms step_avg:55.87ms
step:140/1285 train_time:7823ms step_avg:55.88ms
step:141/1285 train_time:7873ms step_avg:55.83ms
step:142/1285 train_time:7930ms step_avg:55.84ms
step:143/1285 train_time:7981ms step_avg:55.81ms
step:144/1285 train_time:8038ms step_avg:55.82ms
step:145/1285 train_time:8087ms step_avg:55.77ms
step:146/1285 train_time:8144ms step_avg:55.78ms
step:147/1285 train_time:8195ms step_avg:55.75ms
step:148/1285 train_time:8253ms step_avg:55.76ms
step:149/1285 train_time:8303ms step_avg:55.72ms
step:150/1285 train_time:8360ms step_avg:55.73ms
step:151/1285 train_time:8414ms step_avg:55.72ms
step:152/1285 train_time:8474ms step_avg:55.75ms
step:153/1285 train_time:8526ms step_avg:55.73ms
step:154/1285 train_time:8587ms step_avg:55.76ms
step:155/1285 train_time:8638ms step_avg:55.73ms
step:156/1285 train_time:8698ms step_avg:55.76ms
step:157/1285 train_time:8750ms step_avg:55.73ms
step:158/1285 train_time:8808ms step_avg:55.75ms
step:159/1285 train_time:8859ms step_avg:55.72ms
step:160/1285 train_time:8914ms step_avg:55.71ms
step:161/1285 train_time:8964ms step_avg:55.67ms
step:162/1285 train_time:9019ms step_avg:55.67ms
step:163/1285 train_time:9071ms step_avg:55.65ms
step:164/1285 train_time:9128ms step_avg:55.66ms
step:165/1285 train_time:9177ms step_avg:55.62ms
step:166/1285 train_time:9234ms step_avg:55.63ms
step:167/1285 train_time:9286ms step_avg:55.60ms
step:168/1285 train_time:9344ms step_avg:55.62ms
step:169/1285 train_time:9394ms step_avg:55.59ms
step:170/1285 train_time:9451ms step_avg:55.60ms
step:171/1285 train_time:9501ms step_avg:55.56ms
step:172/1285 train_time:9558ms step_avg:55.57ms
step:173/1285 train_time:9609ms step_avg:55.54ms
step:174/1285 train_time:9667ms step_avg:55.55ms
step:175/1285 train_time:9714ms step_avg:55.51ms
step:176/1285 train_time:9771ms step_avg:55.52ms
step:177/1285 train_time:9820ms step_avg:55.48ms
step:178/1285 train_time:9877ms step_avg:55.49ms
step:179/1285 train_time:9927ms step_avg:55.46ms
step:180/1285 train_time:9984ms step_avg:55.47ms
step:181/1285 train_time:10035ms step_avg:55.44ms
step:182/1285 train_time:10094ms step_avg:55.46ms
step:183/1285 train_time:10146ms step_avg:55.44ms
step:184/1285 train_time:10203ms step_avg:55.45ms
step:185/1285 train_time:10252ms step_avg:55.42ms
step:186/1285 train_time:10308ms step_avg:55.42ms
step:187/1285 train_time:10358ms step_avg:55.39ms
step:188/1285 train_time:10415ms step_avg:55.40ms
step:189/1285 train_time:10466ms step_avg:55.37ms
step:190/1285 train_time:10522ms step_avg:55.38ms
step:191/1285 train_time:10571ms step_avg:55.35ms
step:192/1285 train_time:10629ms step_avg:55.36ms
step:193/1285 train_time:10682ms step_avg:55.35ms
step:194/1285 train_time:10741ms step_avg:55.37ms
step:195/1285 train_time:10791ms step_avg:55.34ms
step:196/1285 train_time:10849ms step_avg:55.35ms
step:197/1285 train_time:10900ms step_avg:55.33ms
step:198/1285 train_time:10955ms step_avg:55.33ms
step:199/1285 train_time:11006ms step_avg:55.31ms
step:200/1285 train_time:11067ms step_avg:55.34ms
step:201/1285 train_time:11116ms step_avg:55.30ms
step:202/1285 train_time:11176ms step_avg:55.33ms
step:203/1285 train_time:11224ms step_avg:55.29ms
step:204/1285 train_time:11280ms step_avg:55.29ms
step:205/1285 train_time:11330ms step_avg:55.27ms
step:206/1285 train_time:11387ms step_avg:55.27ms
step:207/1285 train_time:11435ms step_avg:55.24ms
step:208/1285 train_time:11489ms step_avg:55.24ms
step:209/1285 train_time:11540ms step_avg:55.21ms
step:210/1285 train_time:11599ms step_avg:55.23ms
step:211/1285 train_time:11647ms step_avg:55.20ms
step:212/1285 train_time:11706ms step_avg:55.22ms
step:213/1285 train_time:11755ms step_avg:55.19ms
step:214/1285 train_time:11811ms step_avg:55.19ms
step:215/1285 train_time:11861ms step_avg:55.17ms
step:216/1285 train_time:11918ms step_avg:55.18ms
step:217/1285 train_time:11970ms step_avg:55.16ms
step:218/1285 train_time:12026ms step_avg:55.17ms
step:219/1285 train_time:12076ms step_avg:55.14ms
step:220/1285 train_time:12131ms step_avg:55.14ms
step:221/1285 train_time:12181ms step_avg:55.12ms
step:222/1285 train_time:12238ms step_avg:55.13ms
step:223/1285 train_time:12288ms step_avg:55.10ms
step:224/1285 train_time:12346ms step_avg:55.12ms
step:225/1285 train_time:12396ms step_avg:55.09ms
step:226/1285 train_time:12453ms step_avg:55.10ms
step:227/1285 train_time:12503ms step_avg:55.08ms
step:228/1285 train_time:12560ms step_avg:55.09ms
step:229/1285 train_time:12611ms step_avg:55.07ms
step:230/1285 train_time:12671ms step_avg:55.09ms
step:231/1285 train_time:12720ms step_avg:55.07ms
step:232/1285 train_time:12779ms step_avg:55.08ms
step:233/1285 train_time:12829ms step_avg:55.06ms
step:234/1285 train_time:12883ms step_avg:55.06ms
step:235/1285 train_time:12935ms step_avg:55.04ms
step:236/1285 train_time:12994ms step_avg:55.06ms
step:237/1285 train_time:13048ms step_avg:55.05ms
step:238/1285 train_time:13109ms step_avg:55.08ms
step:239/1285 train_time:13160ms step_avg:55.06ms
step:240/1285 train_time:13219ms step_avg:55.08ms
step:241/1285 train_time:13269ms step_avg:55.06ms
step:242/1285 train_time:13328ms step_avg:55.07ms
step:243/1285 train_time:13378ms step_avg:55.05ms
step:244/1285 train_time:13436ms step_avg:55.06ms
step:245/1285 train_time:13485ms step_avg:55.04ms
step:246/1285 train_time:13540ms step_avg:55.04ms
step:247/1285 train_time:13591ms step_avg:55.02ms
step:248/1285 train_time:13650ms step_avg:55.04ms
step:249/1285 train_time:13700ms step_avg:55.02ms
step:250/1285 train_time:13757ms step_avg:55.03ms
step:250/1285 val_loss:4.48575640 train_time:13758ms step_avg:55.03ms
step:251/1285 train_time:13812ms step_avg:55.03ms
step:252/1285 train_time:13871ms step_avg:55.05ms
step:253/1285 train_time:13922ms step_avg:55.03ms
step:254/1285 train_time:13977ms step_avg:55.03ms
step:255/1285 train_time:14027ms step_avg:55.01ms
step:256/1285 train_time:14084ms step_avg:55.02ms
step:257/1285 train_time:14134ms step_avg:55.00ms
step:258/1285 train_time:14190ms step_avg:55.00ms
step:259/1285 train_time:14239ms step_avg:54.98ms
step:260/1285 train_time:14298ms step_avg:54.99ms
step:261/1285 train_time:14347ms step_avg:54.97ms
step:262/1285 train_time:14403ms step_avg:54.97ms
step:263/1285 train_time:14456ms step_avg:54.97ms
step:264/1285 train_time:14514ms step_avg:54.98ms
step:265/1285 train_time:14564ms step_avg:54.96ms
step:266/1285 train_time:14621ms step_avg:54.97ms
step:267/1285 train_time:14669ms step_avg:54.94ms
step:268/1285 train_time:14727ms step_avg:54.95ms
step:269/1285 train_time:14777ms step_avg:54.93ms
step:270/1285 train_time:14833ms step_avg:54.94ms
step:271/1285 train_time:14880ms step_avg:54.91ms
step:272/1285 train_time:14935ms step_avg:54.91ms
step:273/1285 train_time:14985ms step_avg:54.89ms
step:274/1285 train_time:15037ms step_avg:54.88ms
step:275/1285 train_time:15090ms step_avg:54.87ms
step:276/1285 train_time:15148ms step_avg:54.88ms
step:277/1285 train_time:15200ms step_avg:54.87ms
step:278/1285 train_time:15258ms step_avg:54.89ms
step:279/1285 train_time:15311ms step_avg:54.88ms
step:280/1285 train_time:15368ms step_avg:54.89ms
step:281/1285 train_time:15417ms step_avg:54.87ms
step:282/1285 train_time:15477ms step_avg:54.88ms
step:283/1285 train_time:15527ms step_avg:54.86ms
step:284/1285 train_time:15582ms step_avg:54.87ms
step:285/1285 train_time:15630ms step_avg:54.84ms
step:286/1285 train_time:15689ms step_avg:54.86ms
step:287/1285 train_time:15739ms step_avg:54.84ms
step:288/1285 train_time:15798ms step_avg:54.85ms
step:289/1285 train_time:15846ms step_avg:54.83ms
step:290/1285 train_time:15901ms step_avg:54.83ms
step:291/1285 train_time:15950ms step_avg:54.81ms
step:292/1285 train_time:16005ms step_avg:54.81ms
step:293/1285 train_time:16054ms step_avg:54.79ms
step:294/1285 train_time:16113ms step_avg:54.81ms
step:295/1285 train_time:16164ms step_avg:54.79ms
step:296/1285 train_time:16221ms step_avg:54.80ms
step:297/1285 train_time:16272ms step_avg:54.79ms
step:298/1285 train_time:16331ms step_avg:54.80ms
step:299/1285 train_time:16381ms step_avg:54.78ms
step:300/1285 train_time:16438ms step_avg:54.79ms
step:301/1285 train_time:16488ms step_avg:54.78ms
step:302/1285 train_time:16546ms step_avg:54.79ms
step:303/1285 train_time:16597ms step_avg:54.78ms
step:304/1285 train_time:16650ms step_avg:54.77ms
step:305/1285 train_time:16700ms step_avg:54.76ms
step:306/1285 train_time:16756ms step_avg:54.76ms
step:307/1285 train_time:16805ms step_avg:54.74ms
step:308/1285 train_time:16861ms step_avg:54.74ms
step:309/1285 train_time:16908ms step_avg:54.72ms
step:310/1285 train_time:16963ms step_avg:54.72ms
step:311/1285 train_time:17012ms step_avg:54.70ms
step:312/1285 train_time:17067ms step_avg:54.70ms
step:313/1285 train_time:17118ms step_avg:54.69ms
step:314/1285 train_time:17175ms step_avg:54.70ms
step:315/1285 train_time:17224ms step_avg:54.68ms
step:316/1285 train_time:17282ms step_avg:54.69ms
step:317/1285 train_time:17330ms step_avg:54.67ms
step:318/1285 train_time:17386ms step_avg:54.67ms
step:319/1285 train_time:17436ms step_avg:54.66ms
step:320/1285 train_time:17494ms step_avg:54.67ms
step:321/1285 train_time:17542ms step_avg:54.65ms
step:322/1285 train_time:17597ms step_avg:54.65ms
step:323/1285 train_time:17646ms step_avg:54.63ms
step:324/1285 train_time:17703ms step_avg:54.64ms
step:325/1285 train_time:17754ms step_avg:54.63ms
step:326/1285 train_time:17813ms step_avg:54.64ms
step:327/1285 train_time:17861ms step_avg:54.62ms
step:328/1285 train_time:17918ms step_avg:54.63ms
step:329/1285 train_time:17967ms step_avg:54.61ms
step:330/1285 train_time:18023ms step_avg:54.62ms
step:331/1285 train_time:18074ms step_avg:54.60ms
step:332/1285 train_time:18129ms step_avg:54.60ms
step:333/1285 train_time:18178ms step_avg:54.59ms
step:334/1285 train_time:18236ms step_avg:54.60ms
step:335/1285 train_time:18286ms step_avg:54.59ms
step:336/1285 train_time:18342ms step_avg:54.59ms
step:337/1285 train_time:18391ms step_avg:54.57ms
step:338/1285 train_time:18449ms step_avg:54.58ms
step:339/1285 train_time:18497ms step_avg:54.56ms
step:340/1285 train_time:18552ms step_avg:54.56ms
step:341/1285 train_time:18602ms step_avg:54.55ms
step:342/1285 train_time:18658ms step_avg:54.56ms
step:343/1285 train_time:18708ms step_avg:54.54ms
step:344/1285 train_time:18766ms step_avg:54.55ms
step:345/1285 train_time:18814ms step_avg:54.53ms
step:346/1285 train_time:18873ms step_avg:54.55ms
step:347/1285 train_time:18922ms step_avg:54.53ms
step:348/1285 train_time:18978ms step_avg:54.53ms
step:349/1285 train_time:19026ms step_avg:54.52ms
step:350/1285 train_time:19084ms step_avg:54.53ms
step:351/1285 train_time:19135ms step_avg:54.52ms
step:352/1285 train_time:19192ms step_avg:54.52ms
step:353/1285 train_time:19241ms step_avg:54.51ms
step:354/1285 train_time:19300ms step_avg:54.52ms
step:355/1285 train_time:19351ms step_avg:54.51ms
step:356/1285 train_time:19410ms step_avg:54.52ms
step:357/1285 train_time:19460ms step_avg:54.51ms
step:358/1285 train_time:19515ms step_avg:54.51ms
step:359/1285 train_time:19566ms step_avg:54.50ms
step:360/1285 train_time:19622ms step_avg:54.51ms
step:361/1285 train_time:19674ms step_avg:54.50ms
step:362/1285 train_time:19732ms step_avg:54.51ms
step:363/1285 train_time:19784ms step_avg:54.50ms
step:364/1285 train_time:19840ms step_avg:54.51ms
step:365/1285 train_time:19893ms step_avg:54.50ms
step:366/1285 train_time:19951ms step_avg:54.51ms
step:367/1285 train_time:20002ms step_avg:54.50ms
step:368/1285 train_time:20060ms step_avg:54.51ms
step:369/1285 train_time:20113ms step_avg:54.51ms
step:370/1285 train_time:20172ms step_avg:54.52ms
step:371/1285 train_time:20222ms step_avg:54.51ms
step:372/1285 train_time:20279ms step_avg:54.51ms
step:373/1285 train_time:20331ms step_avg:54.51ms
step:374/1285 train_time:20390ms step_avg:54.52ms
step:375/1285 train_time:20441ms step_avg:54.51ms
step:376/1285 train_time:20502ms step_avg:54.53ms
step:377/1285 train_time:20554ms step_avg:54.52ms
step:378/1285 train_time:20614ms step_avg:54.53ms
step:379/1285 train_time:20662ms step_avg:54.52ms
step:380/1285 train_time:20719ms step_avg:54.52ms
step:381/1285 train_time:20769ms step_avg:54.51ms
step:382/1285 train_time:20828ms step_avg:54.52ms
step:383/1285 train_time:20879ms step_avg:54.51ms
step:384/1285 train_time:20935ms step_avg:54.52ms
step:385/1285 train_time:20986ms step_avg:54.51ms
step:386/1285 train_time:21041ms step_avg:54.51ms
step:387/1285 train_time:21091ms step_avg:54.50ms
step:388/1285 train_time:21148ms step_avg:54.51ms
step:389/1285 train_time:21199ms step_avg:54.50ms
step:390/1285 train_time:21256ms step_avg:54.50ms
step:391/1285 train_time:21309ms step_avg:54.50ms
step:392/1285 train_time:21368ms step_avg:54.51ms
step:393/1285 train_time:21419ms step_avg:54.50ms
step:394/1285 train_time:21478ms step_avg:54.51ms
step:395/1285 train_time:21528ms step_avg:54.50ms
step:396/1285 train_time:21585ms step_avg:54.51ms
step:397/1285 train_time:21633ms step_avg:54.49ms
step:398/1285 train_time:21690ms step_avg:54.50ms
step:399/1285 train_time:21738ms step_avg:54.48ms
step:400/1285 train_time:21796ms step_avg:54.49ms
step:401/1285 train_time:21842ms step_avg:54.47ms
step:402/1285 train_time:21899ms step_avg:54.48ms
step:403/1285 train_time:21947ms step_avg:54.46ms
step:404/1285 train_time:22005ms step_avg:54.47ms
step:405/1285 train_time:22055ms step_avg:54.46ms
step:406/1285 train_time:22113ms step_avg:54.47ms
step:407/1285 train_time:22161ms step_avg:54.45ms
step:408/1285 train_time:22217ms step_avg:54.45ms
step:409/1285 train_time:22268ms step_avg:54.44ms
step:410/1285 train_time:22325ms step_avg:54.45ms
step:411/1285 train_time:22376ms step_avg:54.44ms
step:412/1285 train_time:22433ms step_avg:54.45ms
step:413/1285 train_time:22482ms step_avg:54.43ms
step:414/1285 train_time:22540ms step_avg:54.44ms
step:415/1285 train_time:22591ms step_avg:54.44ms
step:416/1285 train_time:22648ms step_avg:54.44ms
step:417/1285 train_time:22696ms step_avg:54.43ms
step:418/1285 train_time:22754ms step_avg:54.44ms
step:419/1285 train_time:22805ms step_avg:54.43ms
step:420/1285 train_time:22862ms step_avg:54.43ms
step:421/1285 train_time:22912ms step_avg:54.42ms
step:422/1285 train_time:22968ms step_avg:54.43ms
step:423/1285 train_time:23017ms step_avg:54.41ms
step:424/1285 train_time:23076ms step_avg:54.42ms
step:425/1285 train_time:23129ms step_avg:54.42ms
step:426/1285 train_time:23188ms step_avg:54.43ms
step:427/1285 train_time:23239ms step_avg:54.42ms
step:428/1285 train_time:23297ms step_avg:54.43ms
step:429/1285 train_time:23346ms step_avg:54.42ms
step:430/1285 train_time:23403ms step_avg:54.43ms
step:431/1285 train_time:23456ms step_avg:54.42ms
step:432/1285 train_time:23515ms step_avg:54.43ms
step:433/1285 train_time:23565ms step_avg:54.42ms
step:434/1285 train_time:23621ms step_avg:54.43ms
step:435/1285 train_time:23672ms step_avg:54.42ms
step:436/1285 train_time:23732ms step_avg:54.43ms
step:437/1285 train_time:23784ms step_avg:54.43ms
step:438/1285 train_time:23841ms step_avg:54.43ms
step:439/1285 train_time:23894ms step_avg:54.43ms
step:440/1285 train_time:23951ms step_avg:54.43ms
step:441/1285 train_time:24001ms step_avg:54.42ms
step:442/1285 train_time:24062ms step_avg:54.44ms
step:443/1285 train_time:24114ms step_avg:54.43ms
step:444/1285 train_time:24175ms step_avg:54.45ms
step:445/1285 train_time:24226ms step_avg:54.44ms
step:446/1285 train_time:24290ms step_avg:54.46ms
step:447/1285 train_time:24340ms step_avg:54.45ms
step:448/1285 train_time:24403ms step_avg:54.47ms
step:449/1285 train_time:24455ms step_avg:54.47ms
step:450/1285 train_time:24521ms step_avg:54.49ms
step:451/1285 train_time:24574ms step_avg:54.49ms
step:452/1285 train_time:24633ms step_avg:54.50ms
step:453/1285 train_time:24685ms step_avg:54.49ms
step:454/1285 train_time:24747ms step_avg:54.51ms
step:455/1285 train_time:24797ms step_avg:54.50ms
step:456/1285 train_time:24860ms step_avg:54.52ms
step:457/1285 train_time:24912ms step_avg:54.51ms
step:458/1285 train_time:24974ms step_avg:54.53ms
step:459/1285 train_time:25027ms step_avg:54.52ms
step:460/1285 train_time:25094ms step_avg:54.55ms
step:461/1285 train_time:25147ms step_avg:54.55ms
step:462/1285 train_time:25207ms step_avg:54.56ms
step:463/1285 train_time:25258ms step_avg:54.55ms
step:464/1285 train_time:25321ms step_avg:54.57ms
step:465/1285 train_time:25371ms step_avg:54.56ms
step:466/1285 train_time:25436ms step_avg:54.58ms
step:467/1285 train_time:25486ms step_avg:54.57ms
step:468/1285 train_time:25551ms step_avg:54.60ms
step:469/1285 train_time:25602ms step_avg:54.59ms
step:470/1285 train_time:25663ms step_avg:54.60ms
step:471/1285 train_time:25714ms step_avg:54.60ms
step:472/1285 train_time:25778ms step_avg:54.61ms
step:473/1285 train_time:25830ms step_avg:54.61ms
step:474/1285 train_time:25894ms step_avg:54.63ms
step:475/1285 train_time:25949ms step_avg:54.63ms
step:476/1285 train_time:26010ms step_avg:54.64ms
step:477/1285 train_time:26148ms step_avg:54.82ms
step:478/1285 train_time:26214ms step_avg:54.84ms
step:479/1285 train_time:26267ms step_avg:54.84ms
step:480/1285 train_time:26324ms step_avg:54.84ms
step:481/1285 train_time:26374ms step_avg:54.83ms
step:482/1285 train_time:26430ms step_avg:54.83ms
step:483/1285 train_time:26482ms step_avg:54.83ms
step:484/1285 train_time:26538ms step_avg:54.83ms
step:485/1285 train_time:26590ms step_avg:54.83ms
step:486/1285 train_time:26648ms step_avg:54.83ms
step:487/1285 train_time:26697ms step_avg:54.82ms
step:488/1285 train_time:26752ms step_avg:54.82ms
step:489/1285 train_time:26804ms step_avg:54.81ms
step:490/1285 train_time:26861ms step_avg:54.82ms
step:491/1285 train_time:26912ms step_avg:54.81ms
step:492/1285 train_time:26969ms step_avg:54.81ms
step:493/1285 train_time:27018ms step_avg:54.80ms
step:494/1285 train_time:27082ms step_avg:54.82ms
step:495/1285 train_time:27136ms step_avg:54.82ms
step:496/1285 train_time:27200ms step_avg:54.84ms
step:497/1285 train_time:27253ms step_avg:54.84ms
step:498/1285 train_time:27319ms step_avg:54.86ms
step:499/1285 train_time:27372ms step_avg:54.85ms
step:500/1285 train_time:27435ms step_avg:54.87ms
step:500/1285 val_loss:4.17289209 train_time:27492ms step_avg:54.98ms
step:501/1285 train_time:27548ms step_avg:54.99ms
step:502/1285 train_time:27607ms step_avg:54.99ms
step:503/1285 train_time:27662ms step_avg:54.99ms
step:504/1285 train_time:27722ms step_avg:55.00ms
step:505/1285 train_time:27775ms step_avg:55.00ms
step:506/1285 train_time:27834ms step_avg:55.01ms
step:507/1285 train_time:27886ms step_avg:55.00ms
step:508/1285 train_time:27945ms step_avg:55.01ms
step:509/1285 train_time:27996ms step_avg:55.00ms
step:510/1285 train_time:28053ms step_avg:55.01ms
step:511/1285 train_time:28102ms step_avg:54.99ms
step:512/1285 train_time:28160ms step_avg:55.00ms
step:513/1285 train_time:28211ms step_avg:54.99ms
step:514/1285 train_time:28269ms step_avg:55.00ms
step:515/1285 train_time:28317ms step_avg:54.99ms
step:516/1285 train_time:28376ms step_avg:54.99ms
step:517/1285 train_time:28430ms step_avg:54.99ms
step:518/1285 train_time:28487ms step_avg:54.99ms
step:519/1285 train_time:28539ms step_avg:54.99ms
step:520/1285 train_time:28597ms step_avg:54.99ms
step:521/1285 train_time:28647ms step_avg:54.98ms
step:522/1285 train_time:28711ms step_avg:55.00ms
step:523/1285 train_time:28763ms step_avg:55.00ms
step:524/1285 train_time:28828ms step_avg:55.02ms
step:525/1285 train_time:28879ms step_avg:55.01ms
step:526/1285 train_time:28945ms step_avg:55.03ms
step:527/1285 train_time:28996ms step_avg:55.02ms
step:528/1285 train_time:29059ms step_avg:55.04ms
step:529/1285 train_time:29111ms step_avg:55.03ms
step:530/1285 train_time:29172ms step_avg:55.04ms
step:531/1285 train_time:29224ms step_avg:55.04ms
step:532/1285 train_time:29287ms step_avg:55.05ms
step:533/1285 train_time:29339ms step_avg:55.04ms
step:534/1285 train_time:29400ms step_avg:55.06ms
step:535/1285 train_time:29453ms step_avg:55.05ms
step:536/1285 train_time:29517ms step_avg:55.07ms
step:537/1285 train_time:29568ms step_avg:55.06ms
step:538/1285 train_time:29631ms step_avg:55.08ms
step:539/1285 train_time:29685ms step_avg:55.07ms
step:540/1285 train_time:29749ms step_avg:55.09ms
step:541/1285 train_time:29804ms step_avg:55.09ms
step:542/1285 train_time:29865ms step_avg:55.10ms
step:543/1285 train_time:29917ms step_avg:55.09ms
step:544/1285 train_time:29979ms step_avg:55.11ms
step:545/1285 train_time:30031ms step_avg:55.10ms
step:546/1285 train_time:30094ms step_avg:55.12ms
step:547/1285 train_time:30143ms step_avg:55.11ms
step:548/1285 train_time:30208ms step_avg:55.12ms
step:549/1285 train_time:30262ms step_avg:55.12ms
step:550/1285 train_time:30322ms step_avg:55.13ms
step:551/1285 train_time:30374ms step_avg:55.13ms
step:552/1285 train_time:30437ms step_avg:55.14ms
step:553/1285 train_time:30491ms step_avg:55.14ms
step:554/1285 train_time:30553ms step_avg:55.15ms
step:555/1285 train_time:30606ms step_avg:55.15ms
step:556/1285 train_time:30668ms step_avg:55.16ms
step:557/1285 train_time:30720ms step_avg:55.15ms
step:558/1285 train_time:30784ms step_avg:55.17ms
step:559/1285 train_time:30836ms step_avg:55.16ms
step:560/1285 train_time:30899ms step_avg:55.18ms
step:561/1285 train_time:30955ms step_avg:55.18ms
step:562/1285 train_time:31013ms step_avg:55.18ms
step:563/1285 train_time:31066ms step_avg:55.18ms
step:564/1285 train_time:31129ms step_avg:55.19ms
step:565/1285 train_time:31182ms step_avg:55.19ms
step:566/1285 train_time:31242ms step_avg:55.20ms
step:567/1285 train_time:31296ms step_avg:55.19ms
step:568/1285 train_time:31360ms step_avg:55.21ms
step:569/1285 train_time:31412ms step_avg:55.20ms
step:570/1285 train_time:31474ms step_avg:55.22ms
step:571/1285 train_time:31525ms step_avg:55.21ms
step:572/1285 train_time:31588ms step_avg:55.22ms
step:573/1285 train_time:31642ms step_avg:55.22ms
step:574/1285 train_time:31703ms step_avg:55.23ms
step:575/1285 train_time:31756ms step_avg:55.23ms
step:576/1285 train_time:31820ms step_avg:55.24ms
step:577/1285 train_time:31872ms step_avg:55.24ms
step:578/1285 train_time:31933ms step_avg:55.25ms
step:579/1285 train_time:31984ms step_avg:55.24ms
step:580/1285 train_time:32050ms step_avg:55.26ms
step:581/1285 train_time:32102ms step_avg:55.25ms
step:582/1285 train_time:32164ms step_avg:55.27ms
step:583/1285 train_time:32218ms step_avg:55.26ms
step:584/1285 train_time:32277ms step_avg:55.27ms
step:585/1285 train_time:32329ms step_avg:55.26ms
step:586/1285 train_time:32393ms step_avg:55.28ms
step:587/1285 train_time:32449ms step_avg:55.28ms
step:588/1285 train_time:32509ms step_avg:55.29ms
step:589/1285 train_time:32564ms step_avg:55.29ms
step:590/1285 train_time:32624ms step_avg:55.29ms
step:591/1285 train_time:32677ms step_avg:55.29ms
step:592/1285 train_time:32740ms step_avg:55.30ms
step:593/1285 train_time:32793ms step_avg:55.30ms
step:594/1285 train_time:32856ms step_avg:55.31ms
step:595/1285 train_time:32911ms step_avg:55.31ms
step:596/1285 train_time:32971ms step_avg:55.32ms
step:597/1285 train_time:33025ms step_avg:55.32ms
step:598/1285 train_time:33084ms step_avg:55.32ms
step:599/1285 train_time:33136ms step_avg:55.32ms
step:600/1285 train_time:33199ms step_avg:55.33ms
step:601/1285 train_time:33251ms step_avg:55.33ms
step:602/1285 train_time:33314ms step_avg:55.34ms
step:603/1285 train_time:33366ms step_avg:55.33ms
step:604/1285 train_time:33429ms step_avg:55.35ms
step:605/1285 train_time:33480ms step_avg:55.34ms
step:606/1285 train_time:33544ms step_avg:55.35ms
step:607/1285 train_time:33599ms step_avg:55.35ms
step:608/1285 train_time:33659ms step_avg:55.36ms
step:609/1285 train_time:33714ms step_avg:55.36ms
step:610/1285 train_time:33777ms step_avg:55.37ms
step:611/1285 train_time:33829ms step_avg:55.37ms
step:612/1285 train_time:33892ms step_avg:55.38ms
step:613/1285 train_time:33944ms step_avg:55.37ms
step:614/1285 train_time:34006ms step_avg:55.38ms
step:615/1285 train_time:34058ms step_avg:55.38ms
step:616/1285 train_time:34121ms step_avg:55.39ms
step:617/1285 train_time:34172ms step_avg:55.38ms
step:618/1285 train_time:34237ms step_avg:55.40ms
step:619/1285 train_time:34291ms step_avg:55.40ms
step:620/1285 train_time:34351ms step_avg:55.40ms
step:621/1285 train_time:34404ms step_avg:55.40ms
step:622/1285 train_time:34468ms step_avg:55.41ms
step:623/1285 train_time:34523ms step_avg:55.41ms
step:624/1285 train_time:34583ms step_avg:55.42ms
step:625/1285 train_time:34638ms step_avg:55.42ms
step:626/1285 train_time:34696ms step_avg:55.42ms
step:627/1285 train_time:34748ms step_avg:55.42ms
step:628/1285 train_time:34811ms step_avg:55.43ms
step:629/1285 train_time:34863ms step_avg:55.43ms
step:630/1285 train_time:34928ms step_avg:55.44ms
step:631/1285 train_time:34980ms step_avg:55.44ms
step:632/1285 train_time:35044ms step_avg:55.45ms
step:633/1285 train_time:35097ms step_avg:55.45ms
step:634/1285 train_time:35158ms step_avg:55.45ms
step:635/1285 train_time:35213ms step_avg:55.45ms
step:636/1285 train_time:35273ms step_avg:55.46ms
step:637/1285 train_time:35327ms step_avg:55.46ms
step:638/1285 train_time:35389ms step_avg:55.47ms
step:639/1285 train_time:35442ms step_avg:55.46ms
step:640/1285 train_time:35504ms step_avg:55.48ms
step:641/1285 train_time:35556ms step_avg:55.47ms
step:642/1285 train_time:35619ms step_avg:55.48ms
step:643/1285 train_time:35671ms step_avg:55.48ms
step:644/1285 train_time:35735ms step_avg:55.49ms
step:645/1285 train_time:35788ms step_avg:55.48ms
step:646/1285 train_time:35849ms step_avg:55.49ms
step:647/1285 train_time:35906ms step_avg:55.50ms
step:648/1285 train_time:35965ms step_avg:55.50ms
step:649/1285 train_time:36018ms step_avg:55.50ms
step:650/1285 train_time:36080ms step_avg:55.51ms
step:651/1285 train_time:36131ms step_avg:55.50ms
step:652/1285 train_time:36197ms step_avg:55.52ms
step:653/1285 train_time:36252ms step_avg:55.52ms
step:654/1285 train_time:36310ms step_avg:55.52ms
step:655/1285 train_time:36364ms step_avg:55.52ms
step:656/1285 train_time:36425ms step_avg:55.53ms
step:657/1285 train_time:36477ms step_avg:55.52ms
step:658/1285 train_time:36541ms step_avg:55.53ms
step:659/1285 train_time:36592ms step_avg:55.53ms
step:660/1285 train_time:36657ms step_avg:55.54ms
step:661/1285 train_time:36709ms step_avg:55.54ms
step:662/1285 train_time:36771ms step_avg:55.55ms
step:663/1285 train_time:36824ms step_avg:55.54ms
step:664/1285 train_time:36887ms step_avg:55.55ms
step:665/1285 train_time:36942ms step_avg:55.55ms
step:666/1285 train_time:37004ms step_avg:55.56ms
step:667/1285 train_time:37062ms step_avg:55.57ms
step:668/1285 train_time:37122ms step_avg:55.57ms
step:669/1285 train_time:37176ms step_avg:55.57ms
step:670/1285 train_time:37237ms step_avg:55.58ms
step:671/1285 train_time:37289ms step_avg:55.57ms
step:672/1285 train_time:37348ms step_avg:55.58ms
step:673/1285 train_time:37401ms step_avg:55.57ms
step:674/1285 train_time:37463ms step_avg:55.58ms
step:675/1285 train_time:37517ms step_avg:55.58ms
step:676/1285 train_time:37579ms step_avg:55.59ms
step:677/1285 train_time:37633ms step_avg:55.59ms
step:678/1285 train_time:37694ms step_avg:55.60ms
step:679/1285 train_time:37746ms step_avg:55.59ms
step:680/1285 train_time:37814ms step_avg:55.61ms
step:681/1285 train_time:37867ms step_avg:55.60ms
step:682/1285 train_time:37928ms step_avg:55.61ms
step:683/1285 train_time:37979ms step_avg:55.61ms
step:684/1285 train_time:38043ms step_avg:55.62ms
step:685/1285 train_time:38094ms step_avg:55.61ms
step:686/1285 train_time:38158ms step_avg:55.62ms
step:687/1285 train_time:38210ms step_avg:55.62ms
step:688/1285 train_time:38272ms step_avg:55.63ms
step:689/1285 train_time:38326ms step_avg:55.63ms
step:690/1285 train_time:38388ms step_avg:55.63ms
step:691/1285 train_time:38439ms step_avg:55.63ms
step:692/1285 train_time:38503ms step_avg:55.64ms
step:693/1285 train_time:38555ms step_avg:55.63ms
step:694/1285 train_time:38621ms step_avg:55.65ms
step:695/1285 train_time:38674ms step_avg:55.65ms
step:696/1285 train_time:38735ms step_avg:55.65ms
step:697/1285 train_time:38787ms step_avg:55.65ms
step:698/1285 train_time:38851ms step_avg:55.66ms
step:699/1285 train_time:38903ms step_avg:55.66ms
step:700/1285 train_time:38967ms step_avg:55.67ms
step:701/1285 train_time:39022ms step_avg:55.67ms
step:702/1285 train_time:39081ms step_avg:55.67ms
step:703/1285 train_time:39133ms step_avg:55.67ms
step:704/1285 train_time:39197ms step_avg:55.68ms
step:705/1285 train_time:39248ms step_avg:55.67ms
step:706/1285 train_time:39314ms step_avg:55.69ms
step:707/1285 train_time:39366ms step_avg:55.68ms
step:708/1285 train_time:39429ms step_avg:55.69ms
step:709/1285 train_time:39481ms step_avg:55.69ms
step:710/1285 train_time:39544ms step_avg:55.70ms
step:711/1285 train_time:39597ms step_avg:55.69ms
step:712/1285 train_time:39660ms step_avg:55.70ms
step:713/1285 train_time:39711ms step_avg:55.70ms
step:714/1285 train_time:39776ms step_avg:55.71ms
step:715/1285 train_time:39831ms step_avg:55.71ms
step:716/1285 train_time:39892ms step_avg:55.71ms
step:717/1285 train_time:39944ms step_avg:55.71ms
step:718/1285 train_time:40007ms step_avg:55.72ms
step:719/1285 train_time:40061ms step_avg:55.72ms
step:720/1285 train_time:40123ms step_avg:55.73ms
step:721/1285 train_time:40178ms step_avg:55.73ms
step:722/1285 train_time:40237ms step_avg:55.73ms
step:723/1285 train_time:40289ms step_avg:55.72ms
step:724/1285 train_time:40354ms step_avg:55.74ms
step:725/1285 train_time:40408ms step_avg:55.73ms
step:726/1285 train_time:40468ms step_avg:55.74ms
step:727/1285 train_time:40521ms step_avg:55.74ms
step:728/1285 train_time:40586ms step_avg:55.75ms
step:729/1285 train_time:40638ms step_avg:55.74ms
step:730/1285 train_time:40703ms step_avg:55.76ms
step:731/1285 train_time:40757ms step_avg:55.75ms
step:732/1285 train_time:40817ms step_avg:55.76ms
step:733/1285 train_time:40871ms step_avg:55.76ms
step:734/1285 train_time:40933ms step_avg:55.77ms
step:735/1285 train_time:40987ms step_avg:55.76ms
step:736/1285 train_time:41047ms step_avg:55.77ms
step:737/1285 train_time:41099ms step_avg:55.77ms
step:738/1285 train_time:41162ms step_avg:55.77ms
step:739/1285 train_time:41214ms step_avg:55.77ms
step:740/1285 train_time:41278ms step_avg:55.78ms
step:741/1285 train_time:41329ms step_avg:55.77ms
step:742/1285 train_time:41393ms step_avg:55.79ms
step:743/1285 train_time:41446ms step_avg:55.78ms
step:744/1285 train_time:41508ms step_avg:55.79ms
step:745/1285 train_time:41562ms step_avg:55.79ms
step:746/1285 train_time:41625ms step_avg:55.80ms
step:747/1285 train_time:41679ms step_avg:55.79ms
step:748/1285 train_time:41740ms step_avg:55.80ms
step:749/1285 train_time:41791ms step_avg:55.80ms
step:750/1285 train_time:41856ms step_avg:55.81ms
step:750/1285 val_loss:3.68565655 train_time:41914ms step_avg:55.89ms
step:751/1285 train_time:41971ms step_avg:55.89ms
step:752/1285 train_time:42032ms step_avg:55.89ms
step:753/1285 train_time:42084ms step_avg:55.89ms
step:754/1285 train_time:42142ms step_avg:55.89ms
step:755/1285 train_time:42194ms step_avg:55.89ms
step:756/1285 train_time:42253ms step_avg:55.89ms
step:757/1285 train_time:42304ms step_avg:55.88ms
step:758/1285 train_time:42362ms step_avg:55.89ms
step:759/1285 train_time:42413ms step_avg:55.88ms
step:760/1285 train_time:42473ms step_avg:55.89ms
step:761/1285 train_time:42525ms step_avg:55.88ms
step:762/1285 train_time:42585ms step_avg:55.89ms
step:763/1285 train_time:42637ms step_avg:55.88ms
step:764/1285 train_time:42693ms step_avg:55.88ms
step:765/1285 train_time:42743ms step_avg:55.87ms
step:766/1285 train_time:42804ms step_avg:55.88ms
step:767/1285 train_time:42859ms step_avg:55.88ms
step:768/1285 train_time:42919ms step_avg:55.88ms
step:769/1285 train_time:42973ms step_avg:55.88ms
step:770/1285 train_time:43030ms step_avg:55.88ms
step:771/1285 train_time:43082ms step_avg:55.88ms
step:772/1285 train_time:43146ms step_avg:55.89ms
step:773/1285 train_time:43196ms step_avg:55.88ms
step:774/1285 train_time:43261ms step_avg:55.89ms
step:775/1285 train_time:43313ms step_avg:55.89ms
step:776/1285 train_time:43378ms step_avg:55.90ms
step:777/1285 train_time:43431ms step_avg:55.90ms
step:778/1285 train_time:43493ms step_avg:55.90ms
step:779/1285 train_time:43545ms step_avg:55.90ms
step:780/1285 train_time:43607ms step_avg:55.91ms
step:781/1285 train_time:43658ms step_avg:55.90ms
step:782/1285 train_time:43722ms step_avg:55.91ms
step:783/1285 train_time:43774ms step_avg:55.91ms
step:784/1285 train_time:43838ms step_avg:55.92ms
step:785/1285 train_time:43891ms step_avg:55.91ms
step:786/1285 train_time:43955ms step_avg:55.92ms
step:787/1285 train_time:44009ms step_avg:55.92ms
step:788/1285 train_time:44075ms step_avg:55.93ms
step:789/1285 train_time:44126ms step_avg:55.93ms
step:790/1285 train_time:44190ms step_avg:55.94ms
step:791/1285 train_time:44244ms step_avg:55.93ms
step:792/1285 train_time:44305ms step_avg:55.94ms
step:793/1285 train_time:44358ms step_avg:55.94ms
step:794/1285 train_time:44478ms step_avg:56.02ms
step:795/1285 train_time:44536ms step_avg:56.02ms
step:796/1285 train_time:44600ms step_avg:56.03ms
step:797/1285 train_time:44651ms step_avg:56.02ms
step:798/1285 train_time:44707ms step_avg:56.02ms
step:799/1285 train_time:44756ms step_avg:56.01ms
step:800/1285 train_time:44812ms step_avg:56.01ms
step:801/1285 train_time:44867ms step_avg:56.01ms
step:802/1285 train_time:44929ms step_avg:56.02ms
step:803/1285 train_time:44984ms step_avg:56.02ms
step:804/1285 train_time:45045ms step_avg:56.03ms
step:805/1285 train_time:45098ms step_avg:56.02ms
step:806/1285 train_time:45153ms step_avg:56.02ms
step:807/1285 train_time:45202ms step_avg:56.01ms
step:808/1285 train_time:45260ms step_avg:56.01ms
step:809/1285 train_time:45316ms step_avg:56.01ms
step:810/1285 train_time:45375ms step_avg:56.02ms
step:811/1285 train_time:45429ms step_avg:56.02ms
step:812/1285 train_time:45489ms step_avg:56.02ms
step:813/1285 train_time:45543ms step_avg:56.02ms
step:814/1285 train_time:45599ms step_avg:56.02ms
step:815/1285 train_time:45652ms step_avg:56.01ms
step:816/1285 train_time:45709ms step_avg:56.02ms
step:817/1285 train_time:45763ms step_avg:56.01ms
step:818/1285 train_time:45824ms step_avg:56.02ms
step:819/1285 train_time:45878ms step_avg:56.02ms
step:820/1285 train_time:45940ms step_avg:56.02ms
step:821/1285 train_time:45992ms step_avg:56.02ms
step:822/1285 train_time:46059ms step_avg:56.03ms
step:823/1285 train_time:46111ms step_avg:56.03ms
step:824/1285 train_time:46169ms step_avg:56.03ms
step:825/1285 train_time:46220ms step_avg:56.02ms
step:826/1285 train_time:46286ms step_avg:56.04ms
step:827/1285 train_time:46337ms step_avg:56.03ms
step:828/1285 train_time:46403ms step_avg:56.04ms
step:829/1285 train_time:46456ms step_avg:56.04ms
step:830/1285 train_time:46518ms step_avg:56.05ms
step:831/1285 train_time:46569ms step_avg:56.04ms
step:832/1285 train_time:46636ms step_avg:56.05ms
step:833/1285 train_time:46689ms step_avg:56.05ms
step:834/1285 train_time:46750ms step_avg:56.05ms
step:835/1285 train_time:46803ms step_avg:56.05ms
step:836/1285 train_time:46865ms step_avg:56.06ms
step:837/1285 train_time:46916ms step_avg:56.05ms
step:838/1285 train_time:46981ms step_avg:56.06ms
step:839/1285 train_time:47034ms step_avg:56.06ms
step:840/1285 train_time:47096ms step_avg:56.07ms
step:841/1285 train_time:47148ms step_avg:56.06ms
step:842/1285 train_time:47211ms step_avg:56.07ms
step:843/1285 train_time:47262ms step_avg:56.06ms
step:844/1285 train_time:47326ms step_avg:56.07ms
step:845/1285 train_time:47379ms step_avg:56.07ms
step:846/1285 train_time:47443ms step_avg:56.08ms
step:847/1285 train_time:47496ms step_avg:56.08ms
step:848/1285 train_time:47563ms step_avg:56.09ms
step:849/1285 train_time:47642ms step_avg:56.12ms
step:850/1285 train_time:47732ms step_avg:56.15ms
step:851/1285 train_time:47808ms step_avg:56.18ms
step:852/1285 train_time:47897ms step_avg:56.22ms
step:853/1285 train_time:47975ms step_avg:56.24ms
step:854/1285 train_time:48065ms step_avg:56.28ms
step:855/1285 train_time:48142ms step_avg:56.31ms
step:856/1285 train_time:48232ms step_avg:56.35ms
step:857/1285 train_time:48308ms step_avg:56.37ms
step:858/1285 train_time:48399ms step_avg:56.41ms
step:859/1285 train_time:48477ms step_avg:56.43ms
step:860/1285 train_time:48567ms step_avg:56.47ms
step:861/1285 train_time:48646ms step_avg:56.50ms
step:862/1285 train_time:48735ms step_avg:56.54ms
step:863/1285 train_time:48811ms step_avg:56.56ms
step:864/1285 train_time:48901ms step_avg:56.60ms
step:865/1285 train_time:48980ms step_avg:56.62ms
step:866/1285 train_time:49069ms step_avg:56.66ms
step:867/1285 train_time:49145ms step_avg:56.68ms
step:868/1285 train_time:49235ms step_avg:56.72ms
step:869/1285 train_time:49312ms step_avg:56.75ms
step:870/1285 train_time:49402ms step_avg:56.78ms
step:871/1285 train_time:49481ms step_avg:56.81ms
step:872/1285 train_time:49569ms step_avg:56.85ms
step:873/1285 train_time:49648ms step_avg:56.87ms
step:874/1285 train_time:49738ms step_avg:56.91ms
step:875/1285 train_time:49814ms step_avg:56.93ms
step:876/1285 train_time:49904ms step_avg:56.97ms
step:877/1285 train_time:49982ms step_avg:56.99ms
step:878/1285 train_time:50072ms step_avg:57.03ms
step:879/1285 train_time:50149ms step_avg:57.05ms
step:880/1285 train_time:50238ms step_avg:57.09ms
step:881/1285 train_time:50316ms step_avg:57.11ms
step:882/1285 train_time:50407ms step_avg:57.15ms
step:883/1285 train_time:50484ms step_avg:57.17ms
step:884/1285 train_time:50573ms step_avg:57.21ms
step:885/1285 train_time:50649ms step_avg:57.23ms
step:886/1285 train_time:50740ms step_avg:57.27ms
step:887/1285 train_time:50817ms step_avg:57.29ms
step:888/1285 train_time:50909ms step_avg:57.33ms
step:889/1285 train_time:50986ms step_avg:57.35ms
step:890/1285 train_time:51076ms step_avg:57.39ms
step:891/1285 train_time:51152ms step_avg:57.41ms
step:892/1285 train_time:51243ms step_avg:57.45ms
step:893/1285 train_time:51320ms step_avg:57.47ms
step:894/1285 train_time:51411ms step_avg:57.51ms
step:895/1285 train_time:51488ms step_avg:57.53ms
step:896/1285 train_time:51578ms step_avg:57.56ms
step:897/1285 train_time:51653ms step_avg:57.58ms
step:898/1285 train_time:51743ms step_avg:57.62ms
step:899/1285 train_time:51821ms step_avg:57.64ms
step:900/1285 train_time:51911ms step_avg:57.68ms
step:901/1285 train_time:51988ms step_avg:57.70ms
step:902/1285 train_time:52079ms step_avg:57.74ms
step:903/1285 train_time:52155ms step_avg:57.76ms
step:904/1285 train_time:52245ms step_avg:57.79ms
step:905/1285 train_time:52324ms step_avg:57.82ms
step:906/1285 train_time:52414ms step_avg:57.85ms
step:907/1285 train_time:52490ms step_avg:57.87ms
step:908/1285 train_time:52582ms step_avg:57.91ms
step:909/1285 train_time:52658ms step_avg:57.93ms
step:910/1285 train_time:52748ms step_avg:57.96ms
step:911/1285 train_time:52826ms step_avg:57.99ms
step:912/1285 train_time:52917ms step_avg:58.02ms
step:913/1285 train_time:52992ms step_avg:58.04ms
step:914/1285 train_time:53084ms step_avg:58.08ms
step:915/1285 train_time:53159ms step_avg:58.10ms
step:916/1285 train_time:53250ms step_avg:58.13ms
step:917/1285 train_time:53327ms step_avg:58.15ms
step:918/1285 train_time:53418ms step_avg:58.19ms
step:919/1285 train_time:53494ms step_avg:58.21ms
step:920/1285 train_time:53586ms step_avg:58.25ms
step:921/1285 train_time:53662ms step_avg:58.27ms
step:922/1285 train_time:53752ms step_avg:58.30ms
step:923/1285 train_time:53829ms step_avg:58.32ms
step:924/1285 train_time:53920ms step_avg:58.35ms
step:925/1285 train_time:53996ms step_avg:58.37ms
step:926/1285 train_time:54087ms step_avg:58.41ms
step:927/1285 train_time:54163ms step_avg:58.43ms
step:928/1285 train_time:54252ms step_avg:58.46ms
step:929/1285 train_time:54329ms step_avg:58.48ms
step:930/1285 train_time:54420ms step_avg:58.52ms
step:931/1285 train_time:54499ms step_avg:58.54ms
step:932/1285 train_time:54589ms step_avg:58.57ms
step:933/1285 train_time:54665ms step_avg:58.59ms
step:934/1285 train_time:54756ms step_avg:58.63ms
step:935/1285 train_time:54831ms step_avg:58.64ms
step:936/1285 train_time:54924ms step_avg:58.68ms
step:937/1285 train_time:55005ms step_avg:58.70ms
step:938/1285 train_time:55092ms step_avg:58.73ms
step:939/1285 train_time:55169ms step_avg:58.75ms
step:940/1285 train_time:55258ms step_avg:58.79ms
step:941/1285 train_time:55337ms step_avg:58.81ms
step:942/1285 train_time:55427ms step_avg:58.84ms
step:943/1285 train_time:55504ms step_avg:58.86ms
step:944/1285 train_time:55594ms step_avg:58.89ms
step:945/1285 train_time:55670ms step_avg:58.91ms
step:946/1285 train_time:55759ms step_avg:58.94ms
step:947/1285 train_time:55838ms step_avg:58.96ms
step:948/1285 train_time:55929ms step_avg:59.00ms
step:949/1285 train_time:56006ms step_avg:59.02ms
step:950/1285 train_time:56098ms step_avg:59.05ms
step:951/1285 train_time:56174ms step_avg:59.07ms
step:952/1285 train_time:56265ms step_avg:59.10ms
step:953/1285 train_time:56340ms step_avg:59.12ms
step:954/1285 train_time:56431ms step_avg:59.15ms
step:955/1285 train_time:56509ms step_avg:59.17ms
step:956/1285 train_time:56598ms step_avg:59.20ms
step:957/1285 train_time:56678ms step_avg:59.22ms
step:958/1285 train_time:56766ms step_avg:59.25ms
step:959/1285 train_time:56843ms step_avg:59.27ms
step:960/1285 train_time:56932ms step_avg:59.30ms
step:961/1285 train_time:57009ms step_avg:59.32ms
step:962/1285 train_time:57101ms step_avg:59.36ms
step:963/1285 train_time:57180ms step_avg:59.38ms
step:964/1285 train_time:57270ms step_avg:59.41ms
step:965/1285 train_time:57345ms step_avg:59.43ms
step:966/1285 train_time:57436ms step_avg:59.46ms
step:967/1285 train_time:57513ms step_avg:59.48ms
step:968/1285 train_time:57604ms step_avg:59.51ms
step:969/1285 train_time:57679ms step_avg:59.52ms
step:970/1285 train_time:57770ms step_avg:59.56ms
step:971/1285 train_time:57848ms step_avg:59.58ms
step:972/1285 train_time:57937ms step_avg:59.61ms
step:973/1285 train_time:58015ms step_avg:59.63ms
step:974/1285 train_time:58106ms step_avg:59.66ms
step:975/1285 train_time:58182ms step_avg:59.67ms
step:976/1285 train_time:58272ms step_avg:59.70ms
step:977/1285 train_time:58348ms step_avg:59.72ms
step:978/1285 train_time:58439ms step_avg:59.75ms
step:979/1285 train_time:58515ms step_avg:59.77ms
step:980/1285 train_time:58607ms step_avg:59.80ms
step:981/1285 train_time:58684ms step_avg:59.82ms
step:982/1285 train_time:58773ms step_avg:59.85ms
step:983/1285 train_time:58849ms step_avg:59.87ms
step:984/1285 train_time:58941ms step_avg:59.90ms
step:985/1285 train_time:59020ms step_avg:59.92ms
step:986/1285 train_time:59110ms step_avg:59.95ms
step:987/1285 train_time:59187ms step_avg:59.97ms
step:988/1285 train_time:59276ms step_avg:60.00ms
step:989/1285 train_time:59353ms step_avg:60.01ms
step:990/1285 train_time:59443ms step_avg:60.04ms
step:991/1285 train_time:59521ms step_avg:60.06ms
step:992/1285 train_time:59612ms step_avg:60.09ms
step:993/1285 train_time:59686ms step_avg:60.11ms
step:994/1285 train_time:59778ms step_avg:60.14ms
step:995/1285 train_time:59854ms step_avg:60.16ms
step:996/1285 train_time:59945ms step_avg:60.19ms
step:997/1285 train_time:60024ms step_avg:60.20ms
step:998/1285 train_time:60114ms step_avg:60.23ms
step:999/1285 train_time:60189ms step_avg:60.25ms
step:1000/1285 train_time:60281ms step_avg:60.28ms
step:1000/1285 val_loss:3.41645408 train_time:60368ms step_avg:60.37ms
step:1001/1285 train_time:60426ms step_avg:60.37ms
step:1002/1285 train_time:60489ms step_avg:60.37ms
step:1003/1285 train_time:60543ms step_avg:60.36ms
step:1004/1285 train_time:60631ms step_avg:60.39ms
step:1005/1285 train_time:60706ms step_avg:60.40ms
step:1006/1285 train_time:60796ms step_avg:60.43ms
step:1007/1285 train_time:60872ms step_avg:60.45ms
step:1008/1285 train_time:60961ms step_avg:60.48ms
step:1009/1285 train_time:61037ms step_avg:60.49ms
step:1010/1285 train_time:61126ms step_avg:60.52ms
step:1011/1285 train_time:61202ms step_avg:60.54ms
step:1012/1285 train_time:61290ms step_avg:60.56ms
step:1013/1285 train_time:61369ms step_avg:60.58ms
step:1014/1285 train_time:61463ms step_avg:60.61ms
step:1015/1285 train_time:61544ms step_avg:60.63ms
step:1016/1285 train_time:61634ms step_avg:60.66ms
step:1017/1285 train_time:61712ms step_avg:60.68ms
step:1018/1285 train_time:61802ms step_avg:60.71ms
step:1019/1285 train_time:61880ms step_avg:60.73ms
step:1020/1285 train_time:61969ms step_avg:60.75ms
step:1021/1285 train_time:62044ms step_avg:60.77ms
step:1022/1285 train_time:62133ms step_avg:60.80ms
step:1023/1285 train_time:62208ms step_avg:60.81ms
step:1024/1285 train_time:62298ms step_avg:60.84ms
step:1025/1285 train_time:62379ms step_avg:60.86ms
step:1026/1285 train_time:62479ms step_avg:60.90ms
step:1027/1285 train_time:62550ms step_avg:60.91ms
step:1028/1285 train_time:62641ms step_avg:60.93ms
step:1029/1285 train_time:62720ms step_avg:60.95ms
step:1030/1285 train_time:62811ms step_avg:60.98ms
step:1031/1285 train_time:62886ms step_avg:61.00ms
step:1032/1285 train_time:62975ms step_avg:61.02ms
step:1033/1285 train_time:63053ms step_avg:61.04ms
step:1034/1285 train_time:63143ms step_avg:61.07ms
step:1035/1285 train_time:63219ms step_avg:61.08ms
step:1036/1285 train_time:63309ms step_avg:61.11ms
step:1037/1285 train_time:63386ms step_avg:61.12ms
step:1038/1285 train_time:63477ms step_avg:61.15ms
step:1039/1285 train_time:63555ms step_avg:61.17ms
step:1040/1285 train_time:63647ms step_avg:61.20ms
step:1041/1285 train_time:63725ms step_avg:61.21ms
step:1042/1285 train_time:63816ms step_avg:61.24ms
step:1043/1285 train_time:63892ms step_avg:61.26ms
step:1044/1285 train_time:63981ms step_avg:61.28ms
step:1045/1285 train_time:64057ms step_avg:61.30ms
step:1046/1285 train_time:64149ms step_avg:61.33ms
step:1047/1285 train_time:64225ms step_avg:61.34ms
step:1048/1285 train_time:64314ms step_avg:61.37ms
step:1049/1285 train_time:64392ms step_avg:61.38ms
step:1050/1285 train_time:64484ms step_avg:61.41ms
step:1051/1285 train_time:64560ms step_avg:61.43ms
step:1052/1285 train_time:64651ms step_avg:61.46ms
step:1053/1285 train_time:64727ms step_avg:61.47ms
step:1054/1285 train_time:64819ms step_avg:61.50ms
step:1055/1285 train_time:64896ms step_avg:61.51ms
step:1056/1285 train_time:64987ms step_avg:61.54ms
step:1057/1285 train_time:65063ms step_avg:61.55ms
step:1058/1285 train_time:65153ms step_avg:61.58ms
step:1059/1285 train_time:65228ms step_avg:61.59ms
step:1060/1285 train_time:65320ms step_avg:61.62ms
step:1061/1285 train_time:65397ms step_avg:61.64ms
step:1062/1285 train_time:65489ms step_avg:61.67ms
step:1063/1285 train_time:65565ms step_avg:61.68ms
step:1064/1285 train_time:65656ms step_avg:61.71ms
step:1065/1285 train_time:65733ms step_avg:61.72ms
step:1066/1285 train_time:65824ms step_avg:61.75ms
step:1067/1285 train_time:65901ms step_avg:61.76ms
step:1068/1285 train_time:65990ms step_avg:61.79ms
step:1069/1285 train_time:66067ms step_avg:61.80ms
step:1070/1285 train_time:66156ms step_avg:61.83ms
step:1071/1285 train_time:66234ms step_avg:61.84ms
step:1072/1285 train_time:66324ms step_avg:61.87ms
step:1073/1285 train_time:66401ms step_avg:61.88ms
step:1074/1285 train_time:66492ms step_avg:61.91ms
step:1075/1285 train_time:66568ms step_avg:61.92ms
step:1076/1285 train_time:66658ms step_avg:61.95ms
step:1077/1285 train_time:66736ms step_avg:61.97ms
step:1078/1285 train_time:66827ms step_avg:61.99ms
step:1079/1285 train_time:66903ms step_avg:62.00ms
step:1080/1285 train_time:66993ms step_avg:62.03ms
step:1081/1285 train_time:67070ms step_avg:62.04ms
step:1082/1285 train_time:67159ms step_avg:62.07ms
step:1083/1285 train_time:67237ms step_avg:62.08ms
step:1084/1285 train_time:67327ms step_avg:62.11ms
step:1085/1285 train_time:67404ms step_avg:62.12ms
step:1086/1285 train_time:67494ms step_avg:62.15ms
step:1087/1285 train_time:67569ms step_avg:62.16ms
step:1088/1285 train_time:67661ms step_avg:62.19ms
step:1089/1285 train_time:67737ms step_avg:62.20ms
step:1090/1285 train_time:67829ms step_avg:62.23ms
step:1091/1285 train_time:67904ms step_avg:62.24ms
step:1092/1285 train_time:67995ms step_avg:62.27ms
step:1093/1285 train_time:68071ms step_avg:62.28ms
step:1094/1285 train_time:68162ms step_avg:62.30ms
step:1095/1285 train_time:68239ms step_avg:62.32ms
step:1096/1285 train_time:68330ms step_avg:62.34ms
step:1097/1285 train_time:68407ms step_avg:62.36ms
step:1098/1285 train_time:68497ms step_avg:62.38ms
step:1099/1285 train_time:68574ms step_avg:62.40ms
step:1100/1285 train_time:68664ms step_avg:62.42ms
step:1101/1285 train_time:68741ms step_avg:62.43ms
step:1102/1285 train_time:68831ms step_avg:62.46ms
step:1103/1285 train_time:68908ms step_avg:62.47ms
step:1104/1285 train_time:68999ms step_avg:62.50ms
step:1105/1285 train_time:69075ms step_avg:62.51ms
step:1106/1285 train_time:69164ms step_avg:62.54ms
step:1107/1285 train_time:69241ms step_avg:62.55ms
step:1108/1285 train_time:69332ms step_avg:62.57ms
step:1109/1285 train_time:69409ms step_avg:62.59ms
step:1110/1285 train_time:69498ms step_avg:62.61ms
step:1111/1285 train_time:69578ms step_avg:62.63ms
step:1112/1285 train_time:69666ms step_avg:62.65ms
step:1113/1285 train_time:69743ms step_avg:62.66ms
step:1114/1285 train_time:69834ms step_avg:62.69ms
step:1115/1285 train_time:69909ms step_avg:62.70ms
step:1116/1285 train_time:69998ms step_avg:62.72ms
step:1117/1285 train_time:70077ms step_avg:62.74ms
step:1118/1285 train_time:70166ms step_avg:62.76ms
step:1119/1285 train_time:70243ms step_avg:62.77ms
step:1120/1285 train_time:70333ms step_avg:62.80ms
step:1121/1285 train_time:70409ms step_avg:62.81ms
step:1122/1285 train_time:70499ms step_avg:62.83ms
step:1123/1285 train_time:70577ms step_avg:62.85ms
step:1124/1285 train_time:70669ms step_avg:62.87ms
step:1125/1285 train_time:70745ms step_avg:62.88ms
step:1126/1285 train_time:70836ms step_avg:62.91ms
step:1127/1285 train_time:70911ms step_avg:62.92ms
step:1128/1285 train_time:71000ms step_avg:62.94ms
step:1129/1285 train_time:71077ms step_avg:62.96ms
step:1130/1285 train_time:71171ms step_avg:62.98ms
step:1131/1285 train_time:71244ms step_avg:62.99ms
step:1132/1285 train_time:71335ms step_avg:63.02ms
step:1133/1285 train_time:71410ms step_avg:63.03ms
step:1134/1285 train_time:71501ms step_avg:63.05ms
step:1135/1285 train_time:71578ms step_avg:63.06ms
step:1136/1285 train_time:71668ms step_avg:63.09ms
step:1137/1285 train_time:71744ms step_avg:63.10ms
step:1138/1285 train_time:71834ms step_avg:63.12ms
step:1139/1285 train_time:71910ms step_avg:63.13ms
step:1140/1285 train_time:72001ms step_avg:63.16ms
step:1141/1285 train_time:72079ms step_avg:63.17ms
step:1142/1285 train_time:72170ms step_avg:63.20ms
step:1143/1285 train_time:72246ms step_avg:63.21ms
step:1144/1285 train_time:72336ms step_avg:63.23ms
step:1145/1285 train_time:72412ms step_avg:63.24ms
step:1146/1285 train_time:72503ms step_avg:63.27ms
step:1147/1285 train_time:72580ms step_avg:63.28ms
step:1148/1285 train_time:72669ms step_avg:63.30ms
step:1149/1285 train_time:72747ms step_avg:63.31ms
step:1150/1285 train_time:72836ms step_avg:63.34ms
step:1151/1285 train_time:72912ms step_avg:63.35ms
step:1152/1285 train_time:73003ms step_avg:63.37ms
step:1153/1285 train_time:73078ms step_avg:63.38ms
step:1154/1285 train_time:73169ms step_avg:63.40ms
step:1155/1285 train_time:73245ms step_avg:63.42ms
step:1156/1285 train_time:73334ms step_avg:63.44ms
step:1157/1285 train_time:73410ms step_avg:63.45ms
step:1158/1285 train_time:73500ms step_avg:63.47ms
step:1159/1285 train_time:73579ms step_avg:63.48ms
step:1160/1285 train_time:73669ms step_avg:63.51ms
step:1161/1285 train_time:73745ms step_avg:63.52ms
step:1162/1285 train_time:73835ms step_avg:63.54ms
step:1163/1285 train_time:73910ms step_avg:63.55ms
step:1164/1285 train_time:74001ms step_avg:63.57ms
step:1165/1285 train_time:74078ms step_avg:63.59ms
step:1166/1285 train_time:74168ms step_avg:63.61ms
step:1167/1285 train_time:74244ms step_avg:63.62ms
step:1168/1285 train_time:74333ms step_avg:63.64ms
step:1169/1285 train_time:74411ms step_avg:63.65ms
step:1170/1285 train_time:74501ms step_avg:63.68ms
step:1171/1285 train_time:74579ms step_avg:63.69ms
step:1172/1285 train_time:74668ms step_avg:63.71ms
step:1173/1285 train_time:74745ms step_avg:63.72ms
step:1174/1285 train_time:74834ms step_avg:63.74ms
step:1175/1285 train_time:74910ms step_avg:63.75ms
step:1176/1285 train_time:75000ms step_avg:63.78ms
step:1177/1285 train_time:75080ms step_avg:63.79ms
step:1178/1285 train_time:75169ms step_avg:63.81ms
step:1179/1285 train_time:75246ms step_avg:63.82ms
step:1180/1285 train_time:75334ms step_avg:63.84ms
step:1181/1285 train_time:75411ms step_avg:63.85ms
step:1182/1285 train_time:75501ms step_avg:63.88ms
step:1183/1285 train_time:75580ms step_avg:63.89ms
step:1184/1285 train_time:75669ms step_avg:63.91ms
step:1185/1285 train_time:75745ms step_avg:63.92ms
step:1186/1285 train_time:75835ms step_avg:63.94ms
step:1187/1285 train_time:75911ms step_avg:63.95ms
step:1188/1285 train_time:76001ms step_avg:63.97ms
step:1189/1285 train_time:76077ms step_avg:63.98ms
step:1190/1285 train_time:76169ms step_avg:64.01ms
step:1191/1285 train_time:76286ms step_avg:64.05ms
step:1192/1285 train_time:76394ms step_avg:64.09ms
step:1193/1285 train_time:76488ms step_avg:64.11ms
step:1194/1285 train_time:76858ms step_avg:64.37ms
step:1195/1285 train_time:76993ms step_avg:64.43ms
step:1196/1285 train_time:77106ms step_avg:64.47ms
step:1197/1285 train_time:77190ms step_avg:64.49ms
step:1198/1285 train_time:77255ms step_avg:64.49ms
step:1199/1285 train_time:77317ms step_avg:64.48ms
step:1200/1285 train_time:77384ms step_avg:64.49ms
step:1201/1285 train_time:77449ms step_avg:64.49ms
step:1202/1285 train_time:77535ms step_avg:64.51ms
step:1203/1285 train_time:77610ms step_avg:64.51ms
step:1204/1285 train_time:77700ms step_avg:64.53ms
step:1205/1285 train_time:77775ms step_avg:64.54ms
step:1206/1285 train_time:77862ms step_avg:64.56ms
step:1207/1285 train_time:77938ms step_avg:64.57ms
step:1208/1285 train_time:78032ms step_avg:64.60ms
step:1209/1285 train_time:78110ms step_avg:64.61ms
step:1210/1285 train_time:78205ms step_avg:64.63ms
step:1211/1285 train_time:78283ms step_avg:64.64ms
step:1212/1285 train_time:78371ms step_avg:64.66ms
step:1213/1285 train_time:78447ms step_avg:64.67ms
step:1214/1285 train_time:78536ms step_avg:64.69ms
step:1215/1285 train_time:78613ms step_avg:64.70ms
step:1216/1285 train_time:78701ms step_avg:64.72ms
step:1217/1285 train_time:78776ms step_avg:64.73ms
step:1218/1285 train_time:78866ms step_avg:64.75ms
step:1219/1285 train_time:78941ms step_avg:64.76ms
step:1220/1285 train_time:79033ms step_avg:64.78ms
step:1221/1285 train_time:79111ms step_avg:64.79ms
step:1222/1285 train_time:79205ms step_avg:64.82ms
step:1223/1285 train_time:79288ms step_avg:64.83ms
step:1224/1285 train_time:79388ms step_avg:64.86ms
step:1225/1285 train_time:79462ms step_avg:64.87ms
step:1226/1285 train_time:79556ms step_avg:64.89ms
step:1227/1285 train_time:79611ms step_avg:64.88ms
step:1228/1285 train_time:79700ms step_avg:64.90ms
step:1229/1285 train_time:79776ms step_avg:64.91ms
step:1230/1285 train_time:79865ms step_avg:64.93ms
step:1231/1285 train_time:79941ms step_avg:64.94ms
step:1232/1285 train_time:80031ms step_avg:64.96ms
step:1233/1285 train_time:80109ms step_avg:64.97ms
step:1234/1285 train_time:80201ms step_avg:64.99ms
step:1235/1285 train_time:80280ms step_avg:65.00ms
step:1236/1285 train_time:80369ms step_avg:65.02ms
step:1237/1285 train_time:80445ms step_avg:65.03ms
step:1238/1285 train_time:80546ms step_avg:65.06ms
step:1239/1285 train_time:80637ms step_avg:65.08ms
step:1240/1285 train_time:80708ms step_avg:65.09ms
step:1241/1285 train_time:80782ms step_avg:65.09ms
step:1242/1285 train_time:80869ms step_avg:65.11ms
step:1243/1285 train_time:80945ms step_avg:65.12ms
step:1244/1285 train_time:81037ms step_avg:65.14ms
step:1245/1285 train_time:81112ms step_avg:65.15ms
step:1246/1285 train_time:81204ms step_avg:65.17ms
step:1247/1285 train_time:81283ms step_avg:65.18ms
step:1248/1285 train_time:81374ms step_avg:65.20ms
step:1249/1285 train_time:81448ms step_avg:65.21ms
step:1250/1285 train_time:81539ms step_avg:65.23ms
step:1250/1285 val_loss:3.29329824 train_time:81627ms step_avg:65.30ms
step:1251/1285 train_time:81685ms step_avg:65.30ms
step:1252/1285 train_time:81748ms step_avg:65.29ms
step:1253/1285 train_time:81806ms step_avg:65.29ms
step:1254/1285 train_time:81886ms step_avg:65.30ms
step:1255/1285 train_time:81962ms step_avg:65.31ms
step:1256/1285 train_time:82053ms step_avg:65.33ms
step:1257/1285 train_time:82129ms step_avg:65.34ms
step:1258/1285 train_time:82219ms step_avg:65.36ms
step:1259/1285 train_time:82293ms step_avg:65.36ms
step:1260/1285 train_time:82380ms step_avg:65.38ms
step:1261/1285 train_time:82456ms step_avg:65.39ms
step:1262/1285 train_time:82547ms step_avg:65.41ms
step:1263/1285 train_time:82626ms step_avg:65.42ms
step:1264/1285 train_time:82720ms step_avg:65.44ms
step:1265/1285 train_time:82797ms step_avg:65.45ms
step:1266/1285 train_time:82888ms step_avg:65.47ms
step:1267/1285 train_time:82964ms step_avg:65.48ms
step:1268/1285 train_time:83054ms step_avg:65.50ms
step:1269/1285 train_time:83130ms step_avg:65.51ms
step:1270/1285 train_time:83219ms step_avg:65.53ms
step:1271/1285 train_time:83298ms step_avg:65.54ms
step:1272/1285 train_time:83389ms step_avg:65.56ms
step:1273/1285 train_time:83464ms step_avg:65.57ms
step:1274/1285 train_time:83554ms step_avg:65.58ms
step:1275/1285 train_time:83634ms step_avg:65.60ms
step:1276/1285 train_time:83727ms step_avg:65.62ms
step:1277/1285 train_time:83802ms step_avg:65.62ms
step:1278/1285 train_time:83892ms step_avg:65.64ms
step:1279/1285 train_time:83968ms step_avg:65.65ms
step:1280/1285 train_time:84060ms step_avg:65.67ms
step:1281/1285 train_time:84136ms step_avg:65.68ms
step:1282/1285 train_time:84226ms step_avg:65.70ms
step:1283/1285 train_time:84303ms step_avg:65.71ms
step:1284/1285 train_time:84391ms step_avg:65.72ms
step:1285/1285 train_time:84467ms step_avg:65.73ms
step:1285/1285 val_loss:3.27676630 train_time:84558ms step_avg:65.80ms
peak memory allocated: 31793 MiB reserved: 39272 MiB
