HARNESS_TRAINING_ENV={"OMP_NUM_THREADS": "1", "MKL_NUM_THREADS": "1", "torch_num_threads": 1, "torch_num_interop_threads": 43}
[Gloo] Rank 4 is connected to 7 peer ranks. Expected number of connected peer ranks is : 7
[Gloo] Rank 6 is connected to 7 peer ranks. Expected number of connected peer ranks is : 7
[Gloo] Rank 0 is connected to 7 peer ranks. Expected number of connected peer ranks is : 7
[Gloo] Rank 1 is connected to 7 peer ranks. Expected number of connected peer ranks is : 7
[Gloo] Rank 2 is connected to 7 peer ranks. Expected number of connected peer ranks is : 7
[Gloo] Rank 5 is connected to 7 peer ranks. Expected number of connected peer ranks is : 7[Gloo] Rank 
3 is connected to 7 peer ranks. Expected number of connected peer ranks is : 7
[Gloo] Rank 7 is connected to 7 peer ranks. Expected number of connected peer ranks is : 7
/workspace/train_gpt.py:1069: UserWarning: Skipping publisher trust check for 'kernels-community/flash-attn3' because Hugging Face Hub is in offline mode.
  flash_attn_interface = get_kernel('kernels-community/flash-attn3', version=1).flash_attn_interface
/workspace/train_gpt.py:1069: UserWarning: Skipping publisher trust check for 'kernels-community/flash-attn3' because Hugging Face Hub is in offline mode.
  flash_attn_interface = get_kernel('kernels-community/flash-attn3', version=1).flash_attn_interface
/workspace/train_gpt.py:1069: UserWarning: Skipping publisher trust check for 'kernels-community/flash-attn3' because Hugging Face Hub is in offline mode.
  flash_attn_interface = get_kernel('kernels-community/flash-attn3', version=1).flash_attn_interface
/workspace/train_gpt.py:1069: UserWarning: Skipping publisher trust check for 'kernels-community/flash-attn3' because Hugging Face Hub is in offline mode.
  flash_attn_interface = get_kernel('kernels-community/flash-attn3', version=1).flash_attn_interface
/workspace/train_gpt.py:1069: UserWarning: Skipping publisher trust check for 'kernels-community/flash-attn3' because Hugging Face Hub is in offline mode.
  flash_attn_interface = get_kernel('kernels-community/flash-attn3', version=1).flash_attn_interface
/workspace/train_gpt.py:1069: UserWarning: Skipping publisher trust check for 'kernels-community/flash-attn3' because Hugging Face Hub is in offline mode.
  flash_attn_interface = get_kernel('kernels-community/flash-attn3', version=1).flash_attn_interface
/workspace/train_gpt.py:1069: UserWarning: Skipping publisher trust check for 'kernels-community/flash-attn3' because Hugging Face Hub is in offline mode.
  flash_attn_interface = get_kernel('kernels-community/flash-attn3', version=1).flash_attn_interface
/workspace/train_gpt.py:1069: UserWarning: Skipping publisher trust check for 'kernels-community/flash-attn3' because Hugging Face Hub is in offline mode.
  flash_attn_interface = get_kernel('kernels-community/flash-attn3', version=1).flash_attn_interface
logs/05aa7d82-186f-4b46-8305-4bb24f2d94d3.txt
Compiling model and warming up kernels (~7 minutes on first execution)
Sampling steps [0, 1, 421, 422, 423, 424, 845, 846, 847, 848, 1268, 1269, 1270, 1271] for warmup
Resetting Model
step:0/1285 val_loss:10.83004761 train_time:71ms step_avg:70.97ms
step:1/1285 train_time:313ms step_avg:313.25ms
step:2/1285 train_time:372ms step_avg:186.24ms
step:3/1285 train_time:427ms step_avg:142.26ms
step:4/1285 train_time:485ms step_avg:121.30ms
step:5/1285 train_time:540ms step_avg:108.04ms
step:6/1285 train_time:601ms step_avg:100.22ms
step:7/1285 train_time:651ms step_avg:92.95ms
step:8/1285 train_time:712ms step_avg:88.95ms
step:9/1285 train_time:762ms step_avg:84.69ms
step:10/1285 train_time:820ms step_avg:82.03ms
step:11/1285 train_time:870ms step_avg:79.07ms
step:12/1285 train_time:930ms step_avg:77.54ms
step:13/1285 train_time:980ms step_avg:75.38ms
step:14/1285 train_time:1042ms step_avg:74.46ms
step:15/1285 train_time:1093ms step_avg:72.85ms
step:16/1285 train_time:1149ms step_avg:71.80ms
step:17/1285 train_time:1203ms step_avg:70.77ms
step:18/1285 train_time:1261ms step_avg:70.06ms
step:19/1285 train_time:1311ms step_avg:68.98ms
step:20/1285 train_time:1370ms step_avg:68.49ms
step:21/1285 train_time:1417ms step_avg:67.49ms
step:22/1285 train_time:1476ms step_avg:67.07ms
step:23/1285 train_time:1527ms step_avg:66.41ms
step:24/1285 train_time:1583ms step_avg:65.97ms
step:25/1285 train_time:1632ms step_avg:65.29ms
step:26/1285 train_time:1690ms step_avg:64.99ms
step:27/1285 train_time:1741ms step_avg:64.47ms
step:28/1285 train_time:1798ms step_avg:64.22ms
step:29/1285 train_time:1847ms step_avg:63.69ms
step:30/1285 train_time:1903ms step_avg:63.45ms
step:31/1285 train_time:1952ms step_avg:62.97ms
step:32/1285 train_time:2008ms step_avg:62.76ms
step:33/1285 train_time:2060ms step_avg:62.42ms
step:34/1285 train_time:2119ms step_avg:62.32ms
step:35/1285 train_time:2169ms step_avg:61.96ms
step:36/1285 train_time:2227ms step_avg:61.87ms
step:37/1285 train_time:2277ms step_avg:61.54ms
step:38/1285 train_time:2332ms step_avg:61.36ms
step:39/1285 train_time:2381ms step_avg:61.05ms
step:40/1285 train_time:2436ms step_avg:60.91ms
step:41/1285 train_time:2488ms step_avg:60.68ms
step:42/1285 train_time:2548ms step_avg:60.67ms
step:43/1285 train_time:2603ms step_avg:60.53ms
step:44/1285 train_time:2662ms step_avg:60.49ms
step:45/1285 train_time:2713ms step_avg:60.28ms
step:46/1285 train_time:2770ms step_avg:60.22ms
step:47/1285 train_time:2819ms step_avg:59.98ms
step:48/1285 train_time:2880ms step_avg:60.00ms
step:49/1285 train_time:2929ms step_avg:59.78ms
step:50/1285 train_time:2985ms step_avg:59.69ms
step:51/1285 train_time:3033ms step_avg:59.48ms
step:52/1285 train_time:3091ms step_avg:59.43ms
step:53/1285 train_time:3143ms step_avg:59.29ms
step:54/1285 train_time:3204ms step_avg:59.33ms
step:55/1285 train_time:3253ms step_avg:59.15ms
step:56/1285 train_time:3315ms step_avg:59.20ms
step:57/1285 train_time:3367ms step_avg:59.08ms
step:58/1285 train_time:3425ms step_avg:59.06ms
step:59/1285 train_time:3476ms step_avg:58.91ms
step:60/1285 train_time:3535ms step_avg:58.92ms
step:61/1285 train_time:3588ms step_avg:58.82ms
step:62/1285 train_time:3646ms step_avg:58.80ms
step:63/1285 train_time:3696ms step_avg:58.67ms
step:64/1285 train_time:3755ms step_avg:58.67ms
step:65/1285 train_time:3807ms step_avg:58.56ms
step:66/1285 train_time:3868ms step_avg:58.60ms
step:67/1285 train_time:3918ms step_avg:58.48ms
step:68/1285 train_time:3977ms step_avg:58.49ms
step:69/1285 train_time:4025ms step_avg:58.34ms
step:70/1285 train_time:4083ms step_avg:58.33ms
step:71/1285 train_time:4133ms step_avg:58.21ms
step:72/1285 train_time:4192ms step_avg:58.22ms
step:73/1285 train_time:4243ms step_avg:58.12ms
step:74/1285 train_time:4298ms step_avg:58.09ms
step:75/1285 train_time:4351ms step_avg:58.01ms
step:76/1285 train_time:4413ms step_avg:58.06ms
step:77/1285 train_time:4465ms step_avg:57.99ms
step:78/1285 train_time:4522ms step_avg:57.98ms
step:79/1285 train_time:4573ms step_avg:57.89ms
step:80/1285 train_time:4629ms step_avg:57.87ms
step:81/1285 train_time:4679ms step_avg:57.76ms
step:82/1285 train_time:4733ms step_avg:57.72ms
step:83/1285 train_time:4784ms step_avg:57.63ms
step:84/1285 train_time:4841ms step_avg:57.63ms
step:85/1285 train_time:4889ms step_avg:57.52ms
step:86/1285 train_time:4945ms step_avg:57.50ms
step:87/1285 train_time:4993ms step_avg:57.39ms
step:88/1285 train_time:5050ms step_avg:57.39ms
step:89/1285 train_time:5096ms step_avg:57.25ms
step:90/1285 train_time:5152ms step_avg:57.24ms
step:91/1285 train_time:5199ms step_avg:57.13ms
step:92/1285 train_time:5254ms step_avg:57.11ms
step:93/1285 train_time:5305ms step_avg:57.05ms
step:94/1285 train_time:5362ms step_avg:57.04ms
step:95/1285 train_time:5409ms step_avg:56.94ms
step:96/1285 train_time:5467ms step_avg:56.95ms
step:97/1285 train_time:5516ms step_avg:56.87ms
step:98/1285 train_time:5571ms step_avg:56.85ms
step:99/1285 train_time:5618ms step_avg:56.75ms
step:100/1285 train_time:5674ms step_avg:56.74ms
step:101/1285 train_time:5721ms step_avg:56.64ms
step:102/1285 train_time:5777ms step_avg:56.64ms
step:103/1285 train_time:5826ms step_avg:56.56ms
step:104/1285 train_time:5884ms step_avg:56.58ms
step:105/1285 train_time:5935ms step_avg:56.52ms
step:106/1285 train_time:5992ms step_avg:56.53ms
step:107/1285 train_time:6043ms step_avg:56.48ms
step:108/1285 train_time:6100ms step_avg:56.48ms
step:109/1285 train_time:6149ms step_avg:56.42ms
step:110/1285 train_time:6207ms step_avg:56.43ms
step:111/1285 train_time:6256ms step_avg:56.36ms
step:112/1285 train_time:6315ms step_avg:56.38ms
step:113/1285 train_time:6364ms step_avg:56.32ms
step:114/1285 train_time:6420ms step_avg:56.31ms
step:115/1285 train_time:6470ms step_avg:56.26ms
step:116/1285 train_time:6528ms step_avg:56.27ms
step:117/1285 train_time:6578ms step_avg:56.23ms
step:118/1285 train_time:6634ms step_avg:56.22ms
step:119/1285 train_time:6682ms step_avg:56.15ms
step:120/1285 train_time:6740ms step_avg:56.17ms
step:121/1285 train_time:6789ms step_avg:56.11ms
step:122/1285 train_time:6845ms step_avg:56.11ms
step:123/1285 train_time:6894ms step_avg:56.05ms
step:124/1285 train_time:6952ms step_avg:56.06ms
step:125/1285 train_time:7002ms step_avg:56.01ms
step:126/1285 train_time:7062ms step_avg:56.05ms
step:127/1285 train_time:7113ms step_avg:56.01ms
step:128/1285 train_time:7172ms step_avg:56.03ms
step:129/1285 train_time:7222ms step_avg:55.98ms
step:130/1285 train_time:7277ms step_avg:55.98ms
step:131/1285 train_time:7328ms step_avg:55.94ms
step:132/1285 train_time:7388ms step_avg:55.97ms
step:133/1285 train_time:7438ms step_avg:55.93ms
step:134/1285 train_time:7496ms step_avg:55.94ms
step:135/1285 train_time:7547ms step_avg:55.90ms
step:136/1285 train_time:7607ms step_avg:55.93ms
step:137/1285 train_time:7656ms step_avg:55.89ms
step:138/1285 train_time:7714ms step_avg:55.90ms
step:139/1285 train_time:7766ms step_avg:55.87ms
step:140/1285 train_time:7824ms step_avg:55.89ms
step:141/1285 train_time:7878ms step_avg:55.87ms
step:142/1285 train_time:7936ms step_avg:55.89ms
step:143/1285 train_time:7987ms step_avg:55.85ms
step:144/1285 train_time:8043ms step_avg:55.85ms
step:145/1285 train_time:8093ms step_avg:55.81ms
step:146/1285 train_time:8147ms step_avg:55.80ms
step:147/1285 train_time:8197ms step_avg:55.76ms
step:148/1285 train_time:8251ms step_avg:55.75ms
step:149/1285 train_time:8303ms step_avg:55.73ms
step:150/1285 train_time:8363ms step_avg:55.75ms
step:151/1285 train_time:8413ms step_avg:55.72ms
step:152/1285 train_time:8469ms step_avg:55.72ms
step:153/1285 train_time:8521ms step_avg:55.69ms
step:154/1285 train_time:8579ms step_avg:55.71ms
step:155/1285 train_time:8629ms step_avg:55.67ms
step:156/1285 train_time:8684ms step_avg:55.67ms
step:157/1285 train_time:8737ms step_avg:55.65ms
step:158/1285 train_time:8797ms step_avg:55.68ms
step:159/1285 train_time:8847ms step_avg:55.64ms
step:160/1285 train_time:8903ms step_avg:55.65ms
step:161/1285 train_time:8955ms step_avg:55.62ms
step:162/1285 train_time:9011ms step_avg:55.63ms
step:163/1285 train_time:9059ms step_avg:55.58ms
step:164/1285 train_time:9117ms step_avg:55.59ms
step:165/1285 train_time:9170ms step_avg:55.57ms
step:166/1285 train_time:9226ms step_avg:55.58ms
step:167/1285 train_time:9277ms step_avg:55.55ms
step:168/1285 train_time:9333ms step_avg:55.55ms
step:169/1285 train_time:9384ms step_avg:55.52ms
step:170/1285 train_time:9441ms step_avg:55.53ms
step:171/1285 train_time:9490ms step_avg:55.50ms
step:172/1285 train_time:9545ms step_avg:55.49ms
step:173/1285 train_time:9596ms step_avg:55.47ms
step:174/1285 train_time:9654ms step_avg:55.48ms
step:175/1285 train_time:9705ms step_avg:55.46ms
step:176/1285 train_time:9761ms step_avg:55.46ms
step:177/1285 train_time:9811ms step_avg:55.43ms
step:178/1285 train_time:9868ms step_avg:55.44ms
step:179/1285 train_time:9917ms step_avg:55.40ms
step:180/1285 train_time:9973ms step_avg:55.41ms
step:181/1285 train_time:10021ms step_avg:55.36ms
step:182/1285 train_time:10078ms step_avg:55.37ms
step:183/1285 train_time:10128ms step_avg:55.34ms
step:184/1285 train_time:10185ms step_avg:55.35ms
step:185/1285 train_time:10233ms step_avg:55.31ms
step:186/1285 train_time:10288ms step_avg:55.31ms
step:187/1285 train_time:10334ms step_avg:55.26ms
step:188/1285 train_time:10390ms step_avg:55.27ms
step:189/1285 train_time:10441ms step_avg:55.24ms
step:190/1285 train_time:10498ms step_avg:55.25ms
step:191/1285 train_time:10546ms step_avg:55.22ms
step:192/1285 train_time:10600ms step_avg:55.21ms
step:193/1285 train_time:10649ms step_avg:55.17ms
step:194/1285 train_time:10705ms step_avg:55.18ms
step:195/1285 train_time:10753ms step_avg:55.14ms
step:196/1285 train_time:10809ms step_avg:55.15ms
step:197/1285 train_time:10858ms step_avg:55.12ms
step:198/1285 train_time:10913ms step_avg:55.12ms
step:199/1285 train_time:10961ms step_avg:55.08ms
step:200/1285 train_time:11019ms step_avg:55.09ms
step:201/1285 train_time:11069ms step_avg:55.07ms
step:202/1285 train_time:11129ms step_avg:55.09ms
step:203/1285 train_time:11180ms step_avg:55.08ms
step:204/1285 train_time:11236ms step_avg:55.08ms
step:205/1285 train_time:11287ms step_avg:55.06ms
step:206/1285 train_time:11346ms step_avg:55.08ms
step:207/1285 train_time:11399ms step_avg:55.07ms
step:208/1285 train_time:11457ms step_avg:55.08ms
step:209/1285 train_time:11513ms step_avg:55.09ms
step:210/1285 train_time:11572ms step_avg:55.10ms
step:211/1285 train_time:11622ms step_avg:55.08ms
step:212/1285 train_time:11681ms step_avg:55.10ms
step:213/1285 train_time:11731ms step_avg:55.07ms
step:214/1285 train_time:11791ms step_avg:55.10ms
step:215/1285 train_time:11842ms step_avg:55.08ms
step:216/1285 train_time:11899ms step_avg:55.09ms
step:217/1285 train_time:11949ms step_avg:55.07ms
step:218/1285 train_time:12006ms step_avg:55.08ms
step:219/1285 train_time:12055ms step_avg:55.04ms
step:220/1285 train_time:12110ms step_avg:55.05ms
step:221/1285 train_time:12159ms step_avg:55.02ms
step:222/1285 train_time:12215ms step_avg:55.02ms
step:223/1285 train_time:12263ms step_avg:54.99ms
step:224/1285 train_time:12323ms step_avg:55.01ms
step:225/1285 train_time:12373ms step_avg:54.99ms
step:226/1285 train_time:12430ms step_avg:55.00ms
step:227/1285 train_time:12479ms step_avg:54.98ms
step:228/1285 train_time:12536ms step_avg:54.98ms
step:229/1285 train_time:12587ms step_avg:54.96ms
step:230/1285 train_time:12644ms step_avg:54.98ms
step:231/1285 train_time:12695ms step_avg:54.96ms
step:232/1285 train_time:12752ms step_avg:54.97ms
step:233/1285 train_time:12801ms step_avg:54.94ms
step:234/1285 train_time:12858ms step_avg:54.95ms
step:235/1285 train_time:12905ms step_avg:54.92ms
step:236/1285 train_time:12962ms step_avg:54.92ms
step:237/1285 train_time:13011ms step_avg:54.90ms
step:238/1285 train_time:13065ms step_avg:54.90ms
step:239/1285 train_time:13117ms step_avg:54.88ms
step:240/1285 train_time:13174ms step_avg:54.89ms
step:241/1285 train_time:13223ms step_avg:54.87ms
step:242/1285 train_time:13278ms step_avg:54.87ms
step:243/1285 train_time:13326ms step_avg:54.84ms
step:244/1285 train_time:13382ms step_avg:54.85ms
step:245/1285 train_time:13432ms step_avg:54.82ms
step:246/1285 train_time:13487ms step_avg:54.83ms
step:247/1285 train_time:13540ms step_avg:54.82ms
step:248/1285 train_time:13598ms step_avg:54.83ms
step:249/1285 train_time:13647ms step_avg:54.81ms
step:250/1285 train_time:13704ms step_avg:54.82ms
step:250/1285 val_loss:4.49523354 train_time:13705ms step_avg:54.82ms
step:251/1285 train_time:13757ms step_avg:54.81ms
step:252/1285 train_time:13815ms step_avg:54.82ms
step:253/1285 train_time:13865ms step_avg:54.80ms
step:254/1285 train_time:13922ms step_avg:54.81ms
step:255/1285 train_time:13968ms step_avg:54.78ms
step:256/1285 train_time:14025ms step_avg:54.79ms
step:257/1285 train_time:14073ms step_avg:54.76ms
step:258/1285 train_time:14127ms step_avg:54.76ms
step:259/1285 train_time:14177ms step_avg:54.74ms
step:260/1285 train_time:14238ms step_avg:54.76ms
step:261/1285 train_time:14289ms step_avg:54.75ms
step:262/1285 train_time:14344ms step_avg:54.75ms
step:263/1285 train_time:14397ms step_avg:54.74ms
step:264/1285 train_time:14455ms step_avg:54.75ms
step:265/1285 train_time:14502ms step_avg:54.73ms
step:266/1285 train_time:14558ms step_avg:54.73ms
step:267/1285 train_time:14611ms step_avg:54.72ms
step:268/1285 train_time:14667ms step_avg:54.73ms
step:269/1285 train_time:14717ms step_avg:54.71ms
step:270/1285 train_time:14775ms step_avg:54.72ms
step:271/1285 train_time:14827ms step_avg:54.71ms
step:272/1285 train_time:14884ms step_avg:54.72ms
step:273/1285 train_time:14932ms step_avg:54.70ms
step:274/1285 train_time:14989ms step_avg:54.70ms
step:275/1285 train_time:15039ms step_avg:54.69ms
step:276/1285 train_time:15095ms step_avg:54.69ms
step:277/1285 train_time:15143ms step_avg:54.67ms
step:278/1285 train_time:15201ms step_avg:54.68ms
step:279/1285 train_time:15248ms step_avg:54.65ms
step:280/1285 train_time:15302ms step_avg:54.65ms
step:281/1285 train_time:15352ms step_avg:54.63ms
step:282/1285 train_time:15407ms step_avg:54.64ms
step:283/1285 train_time:15456ms step_avg:54.62ms
step:284/1285 train_time:15515ms step_avg:54.63ms
step:285/1285 train_time:15567ms step_avg:54.62ms
step:286/1285 train_time:15625ms step_avg:54.63ms
step:287/1285 train_time:15675ms step_avg:54.62ms
step:288/1285 train_time:15729ms step_avg:54.62ms
step:289/1285 train_time:15779ms step_avg:54.60ms
step:290/1285 train_time:15838ms step_avg:54.61ms
step:291/1285 train_time:15889ms step_avg:54.60ms
step:292/1285 train_time:15947ms step_avg:54.61ms
step:293/1285 train_time:15999ms step_avg:54.60ms
step:294/1285 train_time:16054ms step_avg:54.61ms
step:295/1285 train_time:16105ms step_avg:54.59ms
step:296/1285 train_time:16161ms step_avg:54.60ms
step:297/1285 train_time:16211ms step_avg:54.58ms
step:298/1285 train_time:16265ms step_avg:54.58ms
step:299/1285 train_time:16315ms step_avg:54.56ms
step:300/1285 train_time:16372ms step_avg:54.57ms
step:301/1285 train_time:16422ms step_avg:54.56ms
step:302/1285 train_time:16479ms step_avg:54.57ms
step:303/1285 train_time:16530ms step_avg:54.56ms
step:304/1285 train_time:16584ms step_avg:54.55ms
step:305/1285 train_time:16633ms step_avg:54.53ms
step:306/1285 train_time:16688ms step_avg:54.54ms
step:307/1285 train_time:16738ms step_avg:54.52ms
step:308/1285 train_time:16795ms step_avg:54.53ms
step:309/1285 train_time:16844ms step_avg:54.51ms
step:310/1285 train_time:16901ms step_avg:54.52ms
step:311/1285 train_time:16952ms step_avg:54.51ms
step:312/1285 train_time:17008ms step_avg:54.51ms
step:313/1285 train_time:17059ms step_avg:54.50ms
step:314/1285 train_time:17116ms step_avg:54.51ms
step:315/1285 train_time:17165ms step_avg:54.49ms
step:316/1285 train_time:17221ms step_avg:54.50ms
step:317/1285 train_time:17269ms step_avg:54.48ms
step:318/1285 train_time:17328ms step_avg:54.49ms
step:319/1285 train_time:17378ms step_avg:54.48ms
step:320/1285 train_time:17435ms step_avg:54.48ms
step:321/1285 train_time:17482ms step_avg:54.46ms
step:322/1285 train_time:17540ms step_avg:54.47ms
step:323/1285 train_time:17589ms step_avg:54.46ms
step:324/1285 train_time:17647ms step_avg:54.46ms
step:325/1285 train_time:17698ms step_avg:54.45ms
step:326/1285 train_time:17754ms step_avg:54.46ms
step:327/1285 train_time:17803ms step_avg:54.44ms
step:328/1285 train_time:17859ms step_avg:54.45ms
step:329/1285 train_time:17910ms step_avg:54.44ms
step:330/1285 train_time:17969ms step_avg:54.45ms
step:331/1285 train_time:18018ms step_avg:54.43ms
step:332/1285 train_time:18077ms step_avg:54.45ms
step:333/1285 train_time:18128ms step_avg:54.44ms
step:334/1285 train_time:18193ms step_avg:54.47ms
step:335/1285 train_time:18244ms step_avg:54.46ms
step:336/1285 train_time:18301ms step_avg:54.47ms
step:337/1285 train_time:18352ms step_avg:54.46ms
step:338/1285 train_time:18407ms step_avg:54.46ms
step:339/1285 train_time:18457ms step_avg:54.45ms
step:340/1285 train_time:18515ms step_avg:54.45ms
step:341/1285 train_time:18564ms step_avg:54.44ms
step:342/1285 train_time:18623ms step_avg:54.45ms
step:343/1285 train_time:18678ms step_avg:54.45ms
step:344/1285 train_time:18733ms step_avg:54.46ms
step:345/1285 train_time:18787ms step_avg:54.46ms
step:346/1285 train_time:18848ms step_avg:54.47ms
step:347/1285 train_time:18899ms step_avg:54.46ms
step:348/1285 train_time:18958ms step_avg:54.48ms
step:349/1285 train_time:19010ms step_avg:54.47ms
step:350/1285 train_time:19067ms step_avg:54.48ms
step:351/1285 train_time:19119ms step_avg:54.47ms
step:352/1285 train_time:19176ms step_avg:54.48ms
step:353/1285 train_time:19226ms step_avg:54.47ms
step:354/1285 train_time:19287ms step_avg:54.48ms
step:355/1285 train_time:19336ms step_avg:54.47ms
step:356/1285 train_time:19393ms step_avg:54.48ms
step:357/1285 train_time:19442ms step_avg:54.46ms
step:358/1285 train_time:19498ms step_avg:54.46ms
step:359/1285 train_time:19551ms step_avg:54.46ms
step:360/1285 train_time:19609ms step_avg:54.47ms
step:361/1285 train_time:19658ms step_avg:54.46ms
step:362/1285 train_time:19714ms step_avg:54.46ms
step:363/1285 train_time:19765ms step_avg:54.45ms
step:364/1285 train_time:19824ms step_avg:54.46ms
step:365/1285 train_time:19876ms step_avg:54.45ms
step:366/1285 train_time:19935ms step_avg:54.47ms
step:367/1285 train_time:19988ms step_avg:54.46ms
step:368/1285 train_time:20047ms step_avg:54.47ms
step:369/1285 train_time:20097ms step_avg:54.46ms
step:370/1285 train_time:20153ms step_avg:54.47ms
step:371/1285 train_time:20204ms step_avg:54.46ms
step:372/1285 train_time:20264ms step_avg:54.47ms
step:373/1285 train_time:20312ms step_avg:54.45ms
step:374/1285 train_time:20368ms step_avg:54.46ms
step:375/1285 train_time:20420ms step_avg:54.45ms
step:376/1285 train_time:20479ms step_avg:54.47ms
step:377/1285 train_time:20530ms step_avg:54.46ms
step:378/1285 train_time:20589ms step_avg:54.47ms
step:379/1285 train_time:20640ms step_avg:54.46ms
step:380/1285 train_time:20698ms step_avg:54.47ms
step:381/1285 train_time:20748ms step_avg:54.46ms
step:382/1285 train_time:20806ms step_avg:54.47ms
step:383/1285 train_time:20856ms step_avg:54.45ms
step:384/1285 train_time:20916ms step_avg:54.47ms
step:385/1285 train_time:20968ms step_avg:54.46ms
step:386/1285 train_time:21026ms step_avg:54.47ms
step:387/1285 train_time:21075ms step_avg:54.46ms
step:388/1285 train_time:21134ms step_avg:54.47ms
step:389/1285 train_time:21183ms step_avg:54.46ms
step:390/1285 train_time:21243ms step_avg:54.47ms
step:391/1285 train_time:21293ms step_avg:54.46ms
step:392/1285 train_time:21347ms step_avg:54.46ms
step:393/1285 train_time:21396ms step_avg:54.44ms
step:394/1285 train_time:21453ms step_avg:54.45ms
step:395/1285 train_time:21503ms step_avg:54.44ms
step:396/1285 train_time:21561ms step_avg:54.45ms
step:397/1285 train_time:21612ms step_avg:54.44ms
step:398/1285 train_time:21671ms step_avg:54.45ms
step:399/1285 train_time:21722ms step_avg:54.44ms
step:400/1285 train_time:21783ms step_avg:54.46ms
step:401/1285 train_time:21831ms step_avg:54.44ms
step:402/1285 train_time:21892ms step_avg:54.46ms
step:403/1285 train_time:21943ms step_avg:54.45ms
step:404/1285 train_time:22005ms step_avg:54.47ms
step:405/1285 train_time:22051ms step_avg:54.45ms
step:406/1285 train_time:22108ms step_avg:54.45ms
step:407/1285 train_time:22155ms step_avg:54.44ms
step:408/1285 train_time:22213ms step_avg:54.44ms
step:409/1285 train_time:22265ms step_avg:54.44ms
step:410/1285 train_time:22324ms step_avg:54.45ms
step:411/1285 train_time:22373ms step_avg:54.44ms
step:412/1285 train_time:22427ms step_avg:54.44ms
step:413/1285 train_time:22479ms step_avg:54.43ms
step:414/1285 train_time:22534ms step_avg:54.43ms
step:415/1285 train_time:22584ms step_avg:54.42ms
step:416/1285 train_time:22641ms step_avg:54.42ms
step:417/1285 train_time:22692ms step_avg:54.42ms
step:418/1285 train_time:22748ms step_avg:54.42ms
step:419/1285 train_time:22797ms step_avg:54.41ms
step:420/1285 train_time:22854ms step_avg:54.41ms
step:421/1285 train_time:22905ms step_avg:54.41ms
step:422/1285 train_time:22963ms step_avg:54.41ms
step:423/1285 train_time:23011ms step_avg:54.40ms
step:424/1285 train_time:23072ms step_avg:54.41ms
step:425/1285 train_time:23123ms step_avg:54.41ms
step:426/1285 train_time:23184ms step_avg:54.42ms
step:427/1285 train_time:23235ms step_avg:54.42ms
step:428/1285 train_time:23295ms step_avg:54.43ms
step:429/1285 train_time:23345ms step_avg:54.42ms
step:430/1285 train_time:23402ms step_avg:54.42ms
step:431/1285 train_time:23453ms step_avg:54.42ms
step:432/1285 train_time:23509ms step_avg:54.42ms
step:433/1285 train_time:23559ms step_avg:54.41ms
step:434/1285 train_time:23617ms step_avg:54.42ms
step:435/1285 train_time:23667ms step_avg:54.41ms
step:436/1285 train_time:23725ms step_avg:54.41ms
step:437/1285 train_time:23779ms step_avg:54.41ms
step:438/1285 train_time:23834ms step_avg:54.42ms
step:439/1285 train_time:23885ms step_avg:54.41ms
step:440/1285 train_time:23942ms step_avg:54.41ms
step:441/1285 train_time:23994ms step_avg:54.41ms
step:442/1285 train_time:24054ms step_avg:54.42ms
step:443/1285 train_time:24106ms step_avg:54.42ms
step:444/1285 train_time:24170ms step_avg:54.44ms
step:445/1285 train_time:24222ms step_avg:54.43ms
step:446/1285 train_time:24285ms step_avg:54.45ms
step:447/1285 train_time:24337ms step_avg:54.44ms
step:448/1285 train_time:24397ms step_avg:54.46ms
step:449/1285 train_time:24449ms step_avg:54.45ms
step:450/1285 train_time:24512ms step_avg:54.47ms
step:451/1285 train_time:24563ms step_avg:54.46ms
step:452/1285 train_time:24626ms step_avg:54.48ms
step:453/1285 train_time:24678ms step_avg:54.48ms
step:454/1285 train_time:24740ms step_avg:54.49ms
step:455/1285 train_time:24791ms step_avg:54.49ms
step:456/1285 train_time:24854ms step_avg:54.50ms
step:457/1285 train_time:24908ms step_avg:54.50ms
step:458/1285 train_time:24969ms step_avg:54.52ms
step:459/1285 train_time:25020ms step_avg:54.51ms
step:460/1285 train_time:25088ms step_avg:54.54ms
step:461/1285 train_time:25138ms step_avg:54.53ms
step:462/1285 train_time:25200ms step_avg:54.55ms
step:463/1285 train_time:25253ms step_avg:54.54ms
step:464/1285 train_time:25314ms step_avg:54.56ms
step:465/1285 train_time:25367ms step_avg:54.55ms
step:466/1285 train_time:25432ms step_avg:54.57ms
step:467/1285 train_time:25483ms step_avg:54.57ms
step:468/1285 train_time:25545ms step_avg:54.58ms
step:469/1285 train_time:25595ms step_avg:54.57ms
step:470/1285 train_time:25659ms step_avg:54.59ms
step:471/1285 train_time:25711ms step_avg:54.59ms
step:472/1285 train_time:25772ms step_avg:54.60ms
step:473/1285 train_time:25821ms step_avg:54.59ms
step:474/1285 train_time:25890ms step_avg:54.62ms
step:475/1285 train_time:25937ms step_avg:54.60ms
step:476/1285 train_time:26001ms step_avg:54.62ms
step:477/1285 train_time:26054ms step_avg:54.62ms
step:478/1285 train_time:26123ms step_avg:54.65ms
step:479/1285 train_time:26183ms step_avg:54.66ms
step:480/1285 train_time:26358ms step_avg:54.91ms
step:481/1285 train_time:26413ms step_avg:54.91ms
step:482/1285 train_time:26471ms step_avg:54.92ms
step:483/1285 train_time:26520ms step_avg:54.91ms
step:484/1285 train_time:26581ms step_avg:54.92ms
step:485/1285 train_time:26631ms step_avg:54.91ms
step:486/1285 train_time:26694ms step_avg:54.93ms
step:487/1285 train_time:26744ms step_avg:54.91ms
step:488/1285 train_time:26808ms step_avg:54.93ms
step:489/1285 train_time:26859ms step_avg:54.93ms
step:490/1285 train_time:26921ms step_avg:54.94ms
step:491/1285 train_time:26974ms step_avg:54.94ms
step:492/1285 train_time:27035ms step_avg:54.95ms
step:493/1285 train_time:27087ms step_avg:54.94ms
step:494/1285 train_time:27149ms step_avg:54.96ms
step:495/1285 train_time:27202ms step_avg:54.95ms
step:496/1285 train_time:27267ms step_avg:54.97ms
step:497/1285 train_time:27320ms step_avg:54.97ms
step:498/1285 train_time:27384ms step_avg:54.99ms
step:499/1285 train_time:27435ms step_avg:54.98ms
step:500/1285 train_time:27501ms step_avg:55.00ms
step:500/1285 val_loss:4.14812613 train_time:27558ms step_avg:55.12ms
step:501/1285 train_time:27614ms step_avg:55.12ms
step:502/1285 train_time:27674ms step_avg:55.13ms
step:503/1285 train_time:27726ms step_avg:55.12ms
step:504/1285 train_time:27785ms step_avg:55.13ms
step:505/1285 train_time:27836ms step_avg:55.12ms
step:506/1285 train_time:27893ms step_avg:55.12ms
step:507/1285 train_time:27945ms step_avg:55.12ms
step:508/1285 train_time:28001ms step_avg:55.12ms
step:509/1285 train_time:28055ms step_avg:55.12ms
step:510/1285 train_time:28109ms step_avg:55.12ms
step:511/1285 train_time:28160ms step_avg:55.11ms
step:512/1285 train_time:28217ms step_avg:55.11ms
step:513/1285 train_time:28270ms step_avg:55.11ms
step:514/1285 train_time:28328ms step_avg:55.11ms
step:515/1285 train_time:28379ms step_avg:55.10ms
step:516/1285 train_time:28438ms step_avg:55.11ms
step:517/1285 train_time:28488ms step_avg:55.10ms
step:518/1285 train_time:28544ms step_avg:55.10ms
step:519/1285 train_time:28595ms step_avg:55.10ms
step:520/1285 train_time:28662ms step_avg:55.12ms
step:521/1285 train_time:28713ms step_avg:55.11ms
step:522/1285 train_time:28779ms step_avg:55.13ms
step:523/1285 train_time:28828ms step_avg:55.12ms
step:524/1285 train_time:28892ms step_avg:55.14ms
step:525/1285 train_time:28944ms step_avg:55.13ms
step:526/1285 train_time:29009ms step_avg:55.15ms
step:527/1285 train_time:29061ms step_avg:55.14ms
step:528/1285 train_time:29126ms step_avg:55.16ms
step:529/1285 train_time:29180ms step_avg:55.16ms
step:530/1285 train_time:29238ms step_avg:55.17ms
step:531/1285 train_time:29288ms step_avg:55.16ms
step:532/1285 train_time:29354ms step_avg:55.18ms
step:533/1285 train_time:29404ms step_avg:55.17ms
step:534/1285 train_time:29469ms step_avg:55.18ms
step:535/1285 train_time:29520ms step_avg:55.18ms
step:536/1285 train_time:29584ms step_avg:55.19ms
step:537/1285 train_time:29635ms step_avg:55.19ms
step:538/1285 train_time:29698ms step_avg:55.20ms
step:539/1285 train_time:29748ms step_avg:55.19ms
step:540/1285 train_time:29814ms step_avg:55.21ms
step:541/1285 train_time:29864ms step_avg:55.20ms
step:542/1285 train_time:29928ms step_avg:55.22ms
step:543/1285 train_time:29984ms step_avg:55.22ms
step:544/1285 train_time:30045ms step_avg:55.23ms
step:545/1285 train_time:30095ms step_avg:55.22ms
step:546/1285 train_time:30161ms step_avg:55.24ms
step:547/1285 train_time:30214ms step_avg:55.24ms
step:548/1285 train_time:30274ms step_avg:55.25ms
step:549/1285 train_time:30327ms step_avg:55.24ms
step:550/1285 train_time:30387ms step_avg:55.25ms
step:551/1285 train_time:30437ms step_avg:55.24ms
step:552/1285 train_time:30501ms step_avg:55.26ms
step:553/1285 train_time:30551ms step_avg:55.25ms
step:554/1285 train_time:30615ms step_avg:55.26ms
step:555/1285 train_time:30668ms step_avg:55.26ms
step:556/1285 train_time:30733ms step_avg:55.28ms
step:557/1285 train_time:30786ms step_avg:55.27ms
step:558/1285 train_time:30849ms step_avg:55.29ms
step:559/1285 train_time:30900ms step_avg:55.28ms
step:560/1285 train_time:30965ms step_avg:55.29ms
step:561/1285 train_time:31016ms step_avg:55.29ms
step:562/1285 train_time:31081ms step_avg:55.30ms
step:563/1285 train_time:31133ms step_avg:55.30ms
step:564/1285 train_time:31195ms step_avg:55.31ms
step:565/1285 train_time:31246ms step_avg:55.30ms
step:566/1285 train_time:31309ms step_avg:55.32ms
step:567/1285 train_time:31361ms step_avg:55.31ms
step:568/1285 train_time:31422ms step_avg:55.32ms
step:569/1285 train_time:31474ms step_avg:55.31ms
step:570/1285 train_time:31538ms step_avg:55.33ms
step:571/1285 train_time:31590ms step_avg:55.32ms
step:572/1285 train_time:31655ms step_avg:55.34ms
step:573/1285 train_time:31706ms step_avg:55.33ms
step:574/1285 train_time:31768ms step_avg:55.35ms
step:575/1285 train_time:31820ms step_avg:55.34ms
step:576/1285 train_time:31884ms step_avg:55.35ms
step:577/1285 train_time:31937ms step_avg:55.35ms
step:578/1285 train_time:31998ms step_avg:55.36ms
step:579/1285 train_time:32049ms step_avg:55.35ms
step:580/1285 train_time:32113ms step_avg:55.37ms
step:581/1285 train_time:32164ms step_avg:55.36ms
step:582/1285 train_time:32228ms step_avg:55.38ms
step:583/1285 train_time:32281ms step_avg:55.37ms
step:584/1285 train_time:32343ms step_avg:55.38ms
step:585/1285 train_time:32395ms step_avg:55.38ms
step:586/1285 train_time:32460ms step_avg:55.39ms
step:587/1285 train_time:32511ms step_avg:55.38ms
step:588/1285 train_time:32572ms step_avg:55.39ms
step:589/1285 train_time:32624ms step_avg:55.39ms
step:590/1285 train_time:32687ms step_avg:55.40ms
step:591/1285 train_time:32739ms step_avg:55.40ms
step:592/1285 train_time:32805ms step_avg:55.41ms
step:593/1285 train_time:32855ms step_avg:55.41ms
step:594/1285 train_time:32917ms step_avg:55.42ms
step:595/1285 train_time:32969ms step_avg:55.41ms
step:596/1285 train_time:33032ms step_avg:55.42ms
step:597/1285 train_time:33083ms step_avg:55.42ms
step:598/1285 train_time:33148ms step_avg:55.43ms
step:599/1285 train_time:33199ms step_avg:55.42ms
step:600/1285 train_time:33266ms step_avg:55.44ms
step:601/1285 train_time:33321ms step_avg:55.44ms
step:602/1285 train_time:33379ms step_avg:55.45ms
step:603/1285 train_time:33430ms step_avg:55.44ms
step:604/1285 train_time:33494ms step_avg:55.45ms
step:605/1285 train_time:33545ms step_avg:55.45ms
step:606/1285 train_time:33609ms step_avg:55.46ms
step:607/1285 train_time:33660ms step_avg:55.45ms
step:608/1285 train_time:33723ms step_avg:55.46ms
step:609/1285 train_time:33775ms step_avg:55.46ms
step:610/1285 train_time:33839ms step_avg:55.47ms
step:611/1285 train_time:33889ms step_avg:55.47ms
step:612/1285 train_time:33956ms step_avg:55.48ms
step:613/1285 train_time:34007ms step_avg:55.48ms
step:614/1285 train_time:34070ms step_avg:55.49ms
step:615/1285 train_time:34121ms step_avg:55.48ms
step:616/1285 train_time:34186ms step_avg:55.50ms
step:617/1285 train_time:34236ms step_avg:55.49ms
step:618/1285 train_time:34301ms step_avg:55.50ms
step:619/1285 train_time:34350ms step_avg:55.49ms
step:620/1285 train_time:34417ms step_avg:55.51ms
step:621/1285 train_time:34467ms step_avg:55.50ms
step:622/1285 train_time:34531ms step_avg:55.52ms
step:623/1285 train_time:34583ms step_avg:55.51ms
step:624/1285 train_time:34645ms step_avg:55.52ms
step:625/1285 train_time:34698ms step_avg:55.52ms
step:626/1285 train_time:34763ms step_avg:55.53ms
step:627/1285 train_time:34815ms step_avg:55.53ms
step:628/1285 train_time:34879ms step_avg:55.54ms
step:629/1285 train_time:34929ms step_avg:55.53ms
step:630/1285 train_time:34993ms step_avg:55.54ms
step:631/1285 train_time:35044ms step_avg:55.54ms
step:632/1285 train_time:35108ms step_avg:55.55ms
step:633/1285 train_time:35161ms step_avg:55.55ms
step:634/1285 train_time:35223ms step_avg:55.56ms
step:635/1285 train_time:35273ms step_avg:55.55ms
step:636/1285 train_time:35337ms step_avg:55.56ms
step:637/1285 train_time:35391ms step_avg:55.56ms
step:638/1285 train_time:35453ms step_avg:55.57ms
step:639/1285 train_time:35503ms step_avg:55.56ms
step:640/1285 train_time:35566ms step_avg:55.57ms
step:641/1285 train_time:35620ms step_avg:55.57ms
step:642/1285 train_time:35685ms step_avg:55.58ms
step:643/1285 train_time:35734ms step_avg:55.57ms
step:644/1285 train_time:35798ms step_avg:55.59ms
step:645/1285 train_time:35849ms step_avg:55.58ms
step:646/1285 train_time:35916ms step_avg:55.60ms
step:647/1285 train_time:35967ms step_avg:55.59ms
step:648/1285 train_time:36031ms step_avg:55.60ms
step:649/1285 train_time:36082ms step_avg:55.60ms
step:650/1285 train_time:36143ms step_avg:55.60ms
step:651/1285 train_time:36195ms step_avg:55.60ms
step:652/1285 train_time:36259ms step_avg:55.61ms
step:653/1285 train_time:36312ms step_avg:55.61ms
step:654/1285 train_time:36373ms step_avg:55.62ms
step:655/1285 train_time:36425ms step_avg:55.61ms
step:656/1285 train_time:36491ms step_avg:55.63ms
step:657/1285 train_time:36541ms step_avg:55.62ms
step:658/1285 train_time:36606ms step_avg:55.63ms
step:659/1285 train_time:36655ms step_avg:55.62ms
step:660/1285 train_time:36722ms step_avg:55.64ms
step:661/1285 train_time:36772ms step_avg:55.63ms
step:662/1285 train_time:36835ms step_avg:55.64ms
step:663/1285 train_time:36888ms step_avg:55.64ms
step:664/1285 train_time:36950ms step_avg:55.65ms
step:665/1285 train_time:37002ms step_avg:55.64ms
step:666/1285 train_time:37065ms step_avg:55.65ms
step:667/1285 train_time:37118ms step_avg:55.65ms
step:668/1285 train_time:37181ms step_avg:55.66ms
step:669/1285 train_time:37231ms step_avg:55.65ms
step:670/1285 train_time:37296ms step_avg:55.67ms
step:671/1285 train_time:37347ms step_avg:55.66ms
step:672/1285 train_time:37412ms step_avg:55.67ms
step:673/1285 train_time:37462ms step_avg:55.66ms
step:674/1285 train_time:37525ms step_avg:55.68ms
step:675/1285 train_time:37578ms step_avg:55.67ms
step:676/1285 train_time:37641ms step_avg:55.68ms
step:677/1285 train_time:37692ms step_avg:55.68ms
step:678/1285 train_time:37756ms step_avg:55.69ms
step:679/1285 train_time:37806ms step_avg:55.68ms
step:680/1285 train_time:37871ms step_avg:55.69ms
step:681/1285 train_time:37922ms step_avg:55.69ms
step:682/1285 train_time:37985ms step_avg:55.70ms
step:683/1285 train_time:38036ms step_avg:55.69ms
step:684/1285 train_time:38103ms step_avg:55.71ms
step:685/1285 train_time:38155ms step_avg:55.70ms
step:686/1285 train_time:38216ms step_avg:55.71ms
step:687/1285 train_time:38271ms step_avg:55.71ms
step:688/1285 train_time:38333ms step_avg:55.72ms
step:689/1285 train_time:38385ms step_avg:55.71ms
step:690/1285 train_time:38448ms step_avg:55.72ms
step:691/1285 train_time:38500ms step_avg:55.72ms
step:692/1285 train_time:38564ms step_avg:55.73ms
step:693/1285 train_time:38616ms step_avg:55.72ms
step:694/1285 train_time:38679ms step_avg:55.73ms
step:695/1285 train_time:38731ms step_avg:55.73ms
step:696/1285 train_time:38791ms step_avg:55.73ms
step:697/1285 train_time:38842ms step_avg:55.73ms
step:698/1285 train_time:38908ms step_avg:55.74ms
step:699/1285 train_time:38961ms step_avg:55.74ms
step:700/1285 train_time:39025ms step_avg:55.75ms
step:701/1285 train_time:39078ms step_avg:55.75ms
step:702/1285 train_time:39138ms step_avg:55.75ms
step:703/1285 train_time:39188ms step_avg:55.74ms
step:704/1285 train_time:39252ms step_avg:55.76ms
step:705/1285 train_time:39308ms step_avg:55.76ms
step:706/1285 train_time:39367ms step_avg:55.76ms
step:707/1285 train_time:39418ms step_avg:55.75ms
step:708/1285 train_time:39483ms step_avg:55.77ms
step:709/1285 train_time:39534ms step_avg:55.76ms
step:710/1285 train_time:39599ms step_avg:55.77ms
step:711/1285 train_time:39649ms step_avg:55.77ms
step:712/1285 train_time:39714ms step_avg:55.78ms
step:713/1285 train_time:39766ms step_avg:55.77ms
step:714/1285 train_time:39826ms step_avg:55.78ms
step:715/1285 train_time:39880ms step_avg:55.78ms
step:716/1285 train_time:39941ms step_avg:55.78ms
step:717/1285 train_time:39994ms step_avg:55.78ms
step:718/1285 train_time:40058ms step_avg:55.79ms
step:719/1285 train_time:40110ms step_avg:55.79ms
step:720/1285 train_time:40173ms step_avg:55.80ms
step:721/1285 train_time:40223ms step_avg:55.79ms
step:722/1285 train_time:40288ms step_avg:55.80ms
step:723/1285 train_time:40341ms step_avg:55.80ms
step:724/1285 train_time:40403ms step_avg:55.81ms
step:725/1285 train_time:40455ms step_avg:55.80ms
step:726/1285 train_time:40520ms step_avg:55.81ms
step:727/1285 train_time:40570ms step_avg:55.80ms
step:728/1285 train_time:40632ms step_avg:55.81ms
step:729/1285 train_time:40685ms step_avg:55.81ms
step:730/1285 train_time:40750ms step_avg:55.82ms
step:731/1285 train_time:40802ms step_avg:55.82ms
step:732/1285 train_time:40864ms step_avg:55.82ms
step:733/1285 train_time:40915ms step_avg:55.82ms
step:734/1285 train_time:40981ms step_avg:55.83ms
step:735/1285 train_time:41030ms step_avg:55.82ms
step:736/1285 train_time:41096ms step_avg:55.84ms
step:737/1285 train_time:41147ms step_avg:55.83ms
step:738/1285 train_time:41210ms step_avg:55.84ms
step:739/1285 train_time:41261ms step_avg:55.83ms
step:740/1285 train_time:41325ms step_avg:55.84ms
step:741/1285 train_time:41378ms step_avg:55.84ms
step:742/1285 train_time:41445ms step_avg:55.86ms
step:743/1285 train_time:41497ms step_avg:55.85ms
step:744/1285 train_time:41558ms step_avg:55.86ms
step:745/1285 train_time:41609ms step_avg:55.85ms
step:746/1285 train_time:41674ms step_avg:55.86ms
step:747/1285 train_time:41725ms step_avg:55.86ms
step:748/1285 train_time:41788ms step_avg:55.87ms
step:749/1285 train_time:41841ms step_avg:55.86ms
step:750/1285 train_time:41902ms step_avg:55.87ms
step:750/1285 val_loss:3.68504763 train_time:41961ms step_avg:55.95ms
step:751/1285 train_time:42021ms step_avg:55.95ms
step:752/1285 train_time:42081ms step_avg:55.96ms
step:753/1285 train_time:42135ms step_avg:55.96ms
step:754/1285 train_time:42191ms step_avg:55.96ms
step:755/1285 train_time:42242ms step_avg:55.95ms
step:756/1285 train_time:42299ms step_avg:55.95ms
step:757/1285 train_time:42351ms step_avg:55.95ms
step:758/1285 train_time:42407ms step_avg:55.95ms
step:759/1285 train_time:42460ms step_avg:55.94ms
step:760/1285 train_time:42517ms step_avg:55.94ms
step:761/1285 train_time:42567ms step_avg:55.94ms
step:762/1285 train_time:42625ms step_avg:55.94ms
step:763/1285 train_time:42676ms step_avg:55.93ms
step:764/1285 train_time:42737ms step_avg:55.94ms
step:765/1285 train_time:42789ms step_avg:55.93ms
step:766/1285 train_time:42848ms step_avg:55.94ms
step:767/1285 train_time:42900ms step_avg:55.93ms
step:768/1285 train_time:42958ms step_avg:55.93ms
step:769/1285 train_time:43011ms step_avg:55.93ms
step:770/1285 train_time:43077ms step_avg:55.94ms
step:771/1285 train_time:43129ms step_avg:55.94ms
step:772/1285 train_time:43194ms step_avg:55.95ms
step:773/1285 train_time:43247ms step_avg:55.95ms
step:774/1285 train_time:43313ms step_avg:55.96ms
step:775/1285 train_time:43367ms step_avg:55.96ms
step:776/1285 train_time:43426ms step_avg:55.96ms
step:777/1285 train_time:43479ms step_avg:55.96ms
step:778/1285 train_time:43540ms step_avg:55.96ms
step:779/1285 train_time:43593ms step_avg:55.96ms
step:780/1285 train_time:43655ms step_avg:55.97ms
step:781/1285 train_time:43706ms step_avg:55.96ms
step:782/1285 train_time:43769ms step_avg:55.97ms
step:783/1285 train_time:43823ms step_avg:55.97ms
step:784/1285 train_time:43885ms step_avg:55.98ms
step:785/1285 train_time:43937ms step_avg:55.97ms
step:786/1285 train_time:44003ms step_avg:55.98ms
step:787/1285 train_time:44055ms step_avg:55.98ms
step:788/1285 train_time:44121ms step_avg:55.99ms
step:789/1285 train_time:44175ms step_avg:55.99ms
step:790/1285 train_time:44238ms step_avg:56.00ms
step:791/1285 train_time:44290ms step_avg:55.99ms
step:792/1285 train_time:44355ms step_avg:56.00ms
step:793/1285 train_time:44408ms step_avg:56.00ms
step:794/1285 train_time:44471ms step_avg:56.01ms
step:795/1285 train_time:44528ms step_avg:56.01ms
step:796/1285 train_time:44729ms step_avg:56.19ms
step:797/1285 train_time:44785ms step_avg:56.19ms
step:798/1285 train_time:44847ms step_avg:56.20ms
step:799/1285 train_time:44900ms step_avg:56.20ms
step:800/1285 train_time:44961ms step_avg:56.20ms
step:801/1285 train_time:45012ms step_avg:56.19ms
step:802/1285 train_time:45070ms step_avg:56.20ms
step:803/1285 train_time:45121ms step_avg:56.19ms
step:804/1285 train_time:45180ms step_avg:56.19ms
step:805/1285 train_time:45239ms step_avg:56.20ms
step:806/1285 train_time:45296ms step_avg:56.20ms
step:807/1285 train_time:45348ms step_avg:56.19ms
step:808/1285 train_time:45407ms step_avg:56.20ms
step:809/1285 train_time:45459ms step_avg:56.19ms
step:810/1285 train_time:45521ms step_avg:56.20ms
step:811/1285 train_time:45574ms step_avg:56.19ms
step:812/1285 train_time:45637ms step_avg:56.20ms
step:813/1285 train_time:45694ms step_avg:56.20ms
step:814/1285 train_time:45759ms step_avg:56.22ms
step:815/1285 train_time:45812ms step_avg:56.21ms
step:816/1285 train_time:45876ms step_avg:56.22ms
step:817/1285 train_time:45927ms step_avg:56.21ms
step:818/1285 train_time:45993ms step_avg:56.23ms
step:819/1285 train_time:46044ms step_avg:56.22ms
step:820/1285 train_time:46109ms step_avg:56.23ms
step:821/1285 train_time:46161ms step_avg:56.22ms
step:822/1285 train_time:46224ms step_avg:56.23ms
step:823/1285 train_time:46276ms step_avg:56.23ms
step:824/1285 train_time:46336ms step_avg:56.23ms
step:825/1285 train_time:46391ms step_avg:56.23ms
step:826/1285 train_time:46451ms step_avg:56.24ms
step:827/1285 train_time:46501ms step_avg:56.23ms
step:828/1285 train_time:46567ms step_avg:56.24ms
step:829/1285 train_time:46621ms step_avg:56.24ms
step:830/1285 train_time:46684ms step_avg:56.25ms
step:831/1285 train_time:46734ms step_avg:56.24ms
step:832/1285 train_time:46801ms step_avg:56.25ms
step:833/1285 train_time:46857ms step_avg:56.25ms
step:834/1285 train_time:46917ms step_avg:56.25ms
step:835/1285 train_time:46968ms step_avg:56.25ms
step:836/1285 train_time:47032ms step_avg:56.26ms
step:837/1285 train_time:47085ms step_avg:56.25ms
step:838/1285 train_time:47150ms step_avg:56.27ms
step:839/1285 train_time:47201ms step_avg:56.26ms
step:840/1285 train_time:47265ms step_avg:56.27ms
step:841/1285 train_time:47316ms step_avg:56.26ms
step:842/1285 train_time:47379ms step_avg:56.27ms
step:843/1285 train_time:47430ms step_avg:56.26ms
step:844/1285 train_time:47493ms step_avg:56.27ms
step:845/1285 train_time:47544ms step_avg:56.27ms
step:846/1285 train_time:47609ms step_avg:56.27ms
step:847/1285 train_time:47661ms step_avg:56.27ms
step:848/1285 train_time:47727ms step_avg:56.28ms
step:849/1285 train_time:47806ms step_avg:56.31ms
step:850/1285 train_time:47899ms step_avg:56.35ms
step:851/1285 train_time:47976ms step_avg:56.38ms
step:852/1285 train_time:48069ms step_avg:56.42ms
step:853/1285 train_time:48144ms step_avg:56.44ms
step:854/1285 train_time:48233ms step_avg:56.48ms
step:855/1285 train_time:48310ms step_avg:56.50ms
step:856/1285 train_time:48399ms step_avg:56.54ms
step:857/1285 train_time:48475ms step_avg:56.56ms
step:858/1285 train_time:48568ms step_avg:56.61ms
step:859/1285 train_time:48644ms step_avg:56.63ms
step:860/1285 train_time:48733ms step_avg:56.67ms
step:861/1285 train_time:48810ms step_avg:56.69ms
step:862/1285 train_time:48901ms step_avg:56.73ms
step:863/1285 train_time:48980ms step_avg:56.76ms
step:864/1285 train_time:49070ms step_avg:56.79ms
step:865/1285 train_time:49147ms step_avg:56.82ms
step:866/1285 train_time:49235ms step_avg:56.85ms
step:867/1285 train_time:49311ms step_avg:56.88ms
step:868/1285 train_time:49402ms step_avg:56.91ms
step:869/1285 train_time:49479ms step_avg:56.94ms
step:870/1285 train_time:49568ms step_avg:56.97ms
step:871/1285 train_time:49646ms step_avg:57.00ms
step:872/1285 train_time:49737ms step_avg:57.04ms
step:873/1285 train_time:49812ms step_avg:57.06ms
step:874/1285 train_time:49904ms step_avg:57.10ms
step:875/1285 train_time:49982ms step_avg:57.12ms
step:876/1285 train_time:50073ms step_avg:57.16ms
step:877/1285 train_time:50150ms step_avg:57.18ms
step:878/1285 train_time:50238ms step_avg:57.22ms
step:879/1285 train_time:50317ms step_avg:57.24ms
step:880/1285 train_time:50407ms step_avg:57.28ms
step:881/1285 train_time:50487ms step_avg:57.31ms
step:882/1285 train_time:50574ms step_avg:57.34ms
step:883/1285 train_time:50651ms step_avg:57.36ms
step:884/1285 train_time:50740ms step_avg:57.40ms
step:885/1285 train_time:50818ms step_avg:57.42ms
step:886/1285 train_time:50909ms step_avg:57.46ms
step:887/1285 train_time:51112ms step_avg:57.62ms
step:888/1285 train_time:51361ms step_avg:57.84ms
step:889/1285 train_time:51472ms step_avg:57.90ms
step:890/1285 train_time:51567ms step_avg:57.94ms
step:891/1285 train_time:51656ms step_avg:57.97ms
step:892/1285 train_time:51749ms step_avg:58.01ms
step:893/1285 train_time:51817ms step_avg:58.03ms
step:894/1285 train_time:51889ms step_avg:58.04ms
step:895/1285 train_time:51949ms step_avg:58.04ms
step:896/1285 train_time:52022ms step_avg:58.06ms
step:897/1285 train_time:52098ms step_avg:58.08ms
step:898/1285 train_time:52186ms step_avg:58.11ms
step:899/1285 train_time:52262ms step_avg:58.13ms
step:900/1285 train_time:52350ms step_avg:58.17ms
step:901/1285 train_time:52432ms step_avg:58.19ms
step:902/1285 train_time:52525ms step_avg:58.23ms
step:903/1285 train_time:52604ms step_avg:58.26ms
step:904/1285 train_time:52695ms step_avg:58.29ms
step:905/1285 train_time:52773ms step_avg:58.31ms
step:906/1285 train_time:52863ms step_avg:58.35ms
step:907/1285 train_time:52939ms step_avg:58.37ms
step:908/1285 train_time:53026ms step_avg:58.40ms
step:909/1285 train_time:53104ms step_avg:58.42ms
step:910/1285 train_time:53192ms step_avg:58.45ms
step:911/1285 train_time:53269ms step_avg:58.47ms
step:912/1285 train_time:53359ms step_avg:58.51ms
step:913/1285 train_time:53437ms step_avg:58.53ms
step:914/1285 train_time:53530ms step_avg:58.57ms
step:915/1285 train_time:53608ms step_avg:58.59ms
step:916/1285 train_time:53698ms step_avg:58.62ms
step:917/1285 train_time:53775ms step_avg:58.64ms
step:918/1285 train_time:53867ms step_avg:58.68ms
step:919/1285 train_time:53942ms step_avg:58.70ms
step:920/1285 train_time:54031ms step_avg:58.73ms
step:921/1285 train_time:54107ms step_avg:58.75ms
step:922/1285 train_time:54196ms step_avg:58.78ms
step:923/1285 train_time:54273ms step_avg:58.80ms
step:924/1285 train_time:54364ms step_avg:58.84ms
step:925/1285 train_time:54442ms step_avg:58.86ms
step:926/1285 train_time:54533ms step_avg:58.89ms
step:927/1285 train_time:54610ms step_avg:58.91ms
step:928/1285 train_time:54702ms step_avg:58.95ms
step:929/1285 train_time:54781ms step_avg:58.97ms
step:930/1285 train_time:54871ms step_avg:59.00ms
step:931/1285 train_time:54947ms step_avg:59.02ms
step:932/1285 train_time:55036ms step_avg:59.05ms
step:933/1285 train_time:55112ms step_avg:59.07ms
step:934/1285 train_time:55203ms step_avg:59.10ms
step:935/1285 train_time:55280ms step_avg:59.12ms
step:936/1285 train_time:55371ms step_avg:59.16ms
step:937/1285 train_time:55446ms step_avg:59.17ms
step:938/1285 train_time:55537ms step_avg:59.21ms
step:939/1285 train_time:55614ms step_avg:59.23ms
step:940/1285 train_time:55706ms step_avg:59.26ms
step:941/1285 train_time:55785ms step_avg:59.28ms
step:942/1285 train_time:55875ms step_avg:59.32ms
step:943/1285 train_time:55952ms step_avg:59.33ms
step:944/1285 train_time:56041ms step_avg:59.37ms
step:945/1285 train_time:56119ms step_avg:59.39ms
step:946/1285 train_time:56209ms step_avg:59.42ms
step:947/1285 train_time:56285ms step_avg:59.43ms
step:948/1285 train_time:56376ms step_avg:59.47ms
step:949/1285 train_time:56451ms step_avg:59.49ms
step:950/1285 train_time:56541ms step_avg:59.52ms
step:951/1285 train_time:56621ms step_avg:59.54ms
step:952/1285 train_time:56711ms step_avg:59.57ms
step:953/1285 train_time:56788ms step_avg:59.59ms
step:954/1285 train_time:56878ms step_avg:59.62ms
step:955/1285 train_time:56957ms step_avg:59.64ms
step:956/1285 train_time:57046ms step_avg:59.67ms
step:957/1285 train_time:57121ms step_avg:59.69ms
step:958/1285 train_time:57211ms step_avg:59.72ms
step:959/1285 train_time:57289ms step_avg:59.74ms
step:960/1285 train_time:57380ms step_avg:59.77ms
step:961/1285 train_time:57457ms step_avg:59.79ms
step:962/1285 train_time:57548ms step_avg:59.82ms
step:963/1285 train_time:57624ms step_avg:59.84ms
step:964/1285 train_time:57715ms step_avg:59.87ms
step:965/1285 train_time:57792ms step_avg:59.89ms
step:966/1285 train_time:57883ms step_avg:59.92ms
step:967/1285 train_time:57962ms step_avg:59.94ms
step:968/1285 train_time:58051ms step_avg:59.97ms
step:969/1285 train_time:58127ms step_avg:59.99ms
step:970/1285 train_time:58217ms step_avg:60.02ms
step:971/1285 train_time:58294ms step_avg:60.03ms
step:972/1285 train_time:58386ms step_avg:60.07ms
step:973/1285 train_time:58463ms step_avg:60.08ms
step:974/1285 train_time:58552ms step_avg:60.12ms
step:975/1285 train_time:58629ms step_avg:60.13ms
step:976/1285 train_time:58719ms step_avg:60.16ms
step:977/1285 train_time:58797ms step_avg:60.18ms
step:978/1285 train_time:58889ms step_avg:60.21ms
step:979/1285 train_time:58966ms step_avg:60.23ms
step:980/1285 train_time:59056ms step_avg:60.26ms
step:981/1285 train_time:59132ms step_avg:60.28ms
step:982/1285 train_time:59224ms step_avg:60.31ms
step:983/1285 train_time:59300ms step_avg:60.33ms
step:984/1285 train_time:59391ms step_avg:60.36ms
step:985/1285 train_time:59467ms step_avg:60.37ms
step:986/1285 train_time:59557ms step_avg:60.40ms
step:987/1285 train_time:59634ms step_avg:60.42ms
step:988/1285 train_time:59723ms step_avg:60.45ms
step:989/1285 train_time:59801ms step_avg:60.47ms
step:990/1285 train_time:59891ms step_avg:60.50ms
step:991/1285 train_time:59968ms step_avg:60.51ms
step:992/1285 train_time:60058ms step_avg:60.54ms
step:993/1285 train_time:60135ms step_avg:60.56ms
step:994/1285 train_time:60225ms step_avg:60.59ms
step:995/1285 train_time:60302ms step_avg:60.61ms
step:996/1285 train_time:60392ms step_avg:60.63ms
step:997/1285 train_time:60469ms step_avg:60.65ms
step:998/1285 train_time:60558ms step_avg:60.68ms
step:999/1285 train_time:60635ms step_avg:60.70ms
step:1000/1285 train_time:60725ms step_avg:60.72ms
step:1000/1285 val_loss:3.41833353 train_time:60813ms step_avg:60.81ms
step:1001/1285 train_time:60868ms step_avg:60.81ms
step:1002/1285 train_time:60930ms step_avg:60.81ms
step:1003/1285 train_time:60982ms step_avg:60.80ms
step:1004/1285 train_time:61074ms step_avg:60.83ms
step:1005/1285 train_time:61154ms step_avg:60.85ms
step:1006/1285 train_time:61247ms step_avg:60.88ms
step:1007/1285 train_time:61322ms step_avg:60.90ms
step:1008/1285 train_time:61412ms step_avg:60.92ms
step:1009/1285 train_time:61487ms step_avg:60.94ms
step:1010/1285 train_time:61576ms step_avg:60.97ms
step:1011/1285 train_time:61653ms step_avg:60.98ms
step:1012/1285 train_time:61741ms step_avg:61.01ms
step:1013/1285 train_time:61820ms step_avg:61.03ms
step:1014/1285 train_time:61912ms step_avg:61.06ms
step:1015/1285 train_time:61993ms step_avg:61.08ms
step:1016/1285 train_time:62085ms step_avg:61.11ms
step:1017/1285 train_time:62164ms step_avg:61.12ms
step:1018/1285 train_time:62254ms step_avg:61.15ms
step:1019/1285 train_time:62331ms step_avg:61.17ms
step:1020/1285 train_time:62421ms step_avg:61.20ms
step:1021/1285 train_time:62496ms step_avg:61.21ms
step:1022/1285 train_time:62588ms step_avg:61.24ms
step:1023/1285 train_time:62662ms step_avg:61.25ms
step:1024/1285 train_time:62752ms step_avg:61.28ms
step:1025/1285 train_time:62831ms step_avg:61.30ms
step:1026/1285 train_time:62922ms step_avg:61.33ms
step:1027/1285 train_time:62998ms step_avg:61.34ms
step:1028/1285 train_time:63093ms step_avg:61.37ms
step:1029/1285 train_time:63169ms step_avg:61.39ms
step:1030/1285 train_time:63317ms step_avg:61.47ms
step:1031/1285 train_time:63377ms step_avg:61.47ms
step:1032/1285 train_time:63469ms step_avg:61.50ms
step:1033/1285 train_time:63544ms step_avg:61.51ms
step:1034/1285 train_time:63633ms step_avg:61.54ms
step:1035/1285 train_time:63709ms step_avg:61.55ms
step:1036/1285 train_time:63797ms step_avg:61.58ms
step:1037/1285 train_time:63872ms step_avg:61.59ms
step:1038/1285 train_time:63961ms step_avg:61.62ms
step:1039/1285 train_time:64038ms step_avg:61.63ms
step:1040/1285 train_time:64126ms step_avg:61.66ms
step:1041/1285 train_time:64205ms step_avg:61.68ms
step:1042/1285 train_time:64298ms step_avg:61.71ms
step:1043/1285 train_time:64378ms step_avg:61.72ms
step:1044/1285 train_time:64471ms step_avg:61.75ms
step:1045/1285 train_time:64550ms step_avg:61.77ms
step:1046/1285 train_time:64638ms step_avg:61.80ms
step:1047/1285 train_time:64715ms step_avg:61.81ms
step:1048/1285 train_time:64805ms step_avg:61.84ms
step:1049/1285 train_time:64881ms step_avg:61.85ms
step:1050/1285 train_time:64970ms step_avg:61.88ms
step:1051/1285 train_time:65047ms step_avg:61.89ms
step:1052/1285 train_time:65136ms step_avg:61.92ms
step:1053/1285 train_time:65212ms step_avg:61.93ms
step:1054/1285 train_time:65303ms step_avg:61.96ms
step:1055/1285 train_time:65382ms step_avg:61.97ms
step:1056/1285 train_time:65474ms step_avg:62.00ms
step:1057/1285 train_time:65552ms step_avg:62.02ms
step:1058/1285 train_time:65643ms step_avg:62.04ms
step:1059/1285 train_time:65719ms step_avg:62.06ms
step:1060/1285 train_time:65810ms step_avg:62.08ms
step:1061/1285 train_time:65885ms step_avg:62.10ms
step:1062/1285 train_time:65975ms step_avg:62.12ms
step:1063/1285 train_time:66052ms step_avg:62.14ms
step:1064/1285 train_time:66141ms step_avg:62.16ms
step:1065/1285 train_time:66218ms step_avg:62.18ms
step:1066/1285 train_time:66310ms step_avg:62.20ms
step:1067/1285 train_time:66388ms step_avg:62.22ms
step:1068/1285 train_time:66478ms step_avg:62.25ms
step:1069/1285 train_time:66555ms step_avg:62.26ms
step:1070/1285 train_time:66645ms step_avg:62.29ms
step:1071/1285 train_time:66720ms step_avg:62.30ms
step:1072/1285 train_time:66812ms step_avg:62.32ms
step:1073/1285 train_time:66887ms step_avg:62.34ms
step:1074/1285 train_time:66978ms step_avg:62.36ms
step:1075/1285 train_time:67053ms step_avg:62.38ms
step:1076/1285 train_time:67142ms step_avg:62.40ms
step:1077/1285 train_time:67218ms step_avg:62.41ms
step:1078/1285 train_time:67310ms step_avg:62.44ms
step:1079/1285 train_time:67388ms step_avg:62.45ms
step:1080/1285 train_time:67480ms step_avg:62.48ms
step:1081/1285 train_time:67557ms step_avg:62.49ms
step:1082/1285 train_time:67647ms step_avg:62.52ms
step:1083/1285 train_time:67723ms step_avg:62.53ms
step:1084/1285 train_time:67815ms step_avg:62.56ms
step:1085/1285 train_time:67889ms step_avg:62.57ms
step:1086/1285 train_time:67978ms step_avg:62.60ms
step:1087/1285 train_time:68055ms step_avg:62.61ms
step:1088/1285 train_time:68144ms step_avg:62.63ms
step:1089/1285 train_time:68220ms step_avg:62.64ms
step:1090/1285 train_time:68311ms step_avg:62.67ms
step:1091/1285 train_time:68389ms step_avg:62.68ms
step:1092/1285 train_time:68480ms step_avg:62.71ms
step:1093/1285 train_time:68556ms step_avg:62.72ms
step:1094/1285 train_time:68645ms step_avg:62.75ms
step:1095/1285 train_time:68722ms step_avg:62.76ms
step:1096/1285 train_time:68811ms step_avg:62.78ms
step:1097/1285 train_time:68889ms step_avg:62.80ms
step:1098/1285 train_time:68977ms step_avg:62.82ms
step:1099/1285 train_time:69055ms step_avg:62.83ms
step:1100/1285 train_time:69145ms step_avg:62.86ms
step:1101/1285 train_time:69222ms step_avg:62.87ms
step:1102/1285 train_time:69311ms step_avg:62.90ms
step:1103/1285 train_time:69390ms step_avg:62.91ms
step:1104/1285 train_time:69479ms step_avg:62.93ms
step:1105/1285 train_time:69556ms step_avg:62.95ms
step:1106/1285 train_time:69645ms step_avg:62.97ms
step:1107/1285 train_time:69722ms step_avg:62.98ms
step:1108/1285 train_time:69812ms step_avg:63.01ms
step:1109/1285 train_time:69889ms step_avg:63.02ms
step:1110/1285 train_time:69978ms step_avg:63.04ms
step:1111/1285 train_time:70056ms step_avg:63.06ms
step:1112/1285 train_time:70144ms step_avg:63.08ms
step:1113/1285 train_time:70221ms step_avg:63.09ms
step:1114/1285 train_time:70312ms step_avg:63.12ms
step:1115/1285 train_time:70389ms step_avg:63.13ms
step:1116/1285 train_time:70480ms step_avg:63.15ms
step:1117/1285 train_time:70557ms step_avg:63.17ms
step:1118/1285 train_time:70645ms step_avg:63.19ms
step:1119/1285 train_time:70723ms step_avg:63.20ms
step:1120/1285 train_time:70814ms step_avg:63.23ms
step:1121/1285 train_time:70890ms step_avg:63.24ms
step:1122/1285 train_time:70980ms step_avg:63.26ms
step:1123/1285 train_time:71057ms step_avg:63.27ms
step:1124/1285 train_time:71146ms step_avg:63.30ms
step:1125/1285 train_time:71222ms step_avg:63.31ms
step:1126/1285 train_time:71315ms step_avg:63.33ms
step:1127/1285 train_time:71391ms step_avg:63.35ms
step:1128/1285 train_time:71481ms step_avg:63.37ms
step:1129/1285 train_time:71557ms step_avg:63.38ms
step:1130/1285 train_time:71648ms step_avg:63.41ms
step:1131/1285 train_time:71726ms step_avg:63.42ms
step:1132/1285 train_time:71817ms step_avg:63.44ms
step:1133/1285 train_time:71893ms step_avg:63.45ms
step:1134/1285 train_time:71982ms step_avg:63.48ms
step:1135/1285 train_time:72060ms step_avg:63.49ms
step:1136/1285 train_time:72149ms step_avg:63.51ms
step:1137/1285 train_time:72227ms step_avg:63.52ms
step:1138/1285 train_time:72317ms step_avg:63.55ms
step:1139/1285 train_time:72393ms step_avg:63.56ms
step:1140/1285 train_time:72484ms step_avg:63.58ms
step:1141/1285 train_time:72560ms step_avg:63.59ms
step:1142/1285 train_time:72650ms step_avg:63.62ms
step:1143/1285 train_time:72728ms step_avg:63.63ms
step:1144/1285 train_time:72819ms step_avg:63.65ms
step:1145/1285 train_time:72896ms step_avg:63.66ms
step:1146/1285 train_time:72985ms step_avg:63.69ms
step:1147/1285 train_time:73059ms step_avg:63.70ms
step:1148/1285 train_time:73150ms step_avg:63.72ms
step:1149/1285 train_time:73228ms step_avg:63.73ms
step:1150/1285 train_time:73317ms step_avg:63.75ms
step:1151/1285 train_time:73394ms step_avg:63.77ms
step:1152/1285 train_time:73485ms step_avg:63.79ms
step:1153/1285 train_time:73560ms step_avg:63.80ms
step:1154/1285 train_time:73653ms step_avg:63.82ms
step:1155/1285 train_time:73728ms step_avg:63.83ms
step:1156/1285 train_time:73819ms step_avg:63.86ms
step:1157/1285 train_time:73894ms step_avg:63.87ms
step:1158/1285 train_time:73983ms step_avg:63.89ms
step:1159/1285 train_time:74060ms step_avg:63.90ms
step:1160/1285 train_time:74151ms step_avg:63.92ms
step:1161/1285 train_time:74227ms step_avg:63.93ms
step:1162/1285 train_time:74317ms step_avg:63.96ms
step:1163/1285 train_time:74393ms step_avg:63.97ms
step:1164/1285 train_time:74484ms step_avg:63.99ms
step:1165/1285 train_time:74560ms step_avg:64.00ms
step:1166/1285 train_time:74652ms step_avg:64.02ms
step:1167/1285 train_time:74728ms step_avg:64.03ms
step:1168/1285 train_time:74818ms step_avg:64.06ms
step:1169/1285 train_time:74894ms step_avg:64.07ms
step:1170/1285 train_time:74984ms step_avg:64.09ms
step:1171/1285 train_time:75060ms step_avg:64.10ms
step:1172/1285 train_time:75151ms step_avg:64.12ms
step:1173/1285 train_time:75228ms step_avg:64.13ms
step:1174/1285 train_time:75317ms step_avg:64.15ms
step:1175/1285 train_time:75393ms step_avg:64.16ms
step:1176/1285 train_time:75482ms step_avg:64.19ms
step:1177/1285 train_time:75560ms step_avg:64.20ms
step:1178/1285 train_time:75649ms step_avg:64.22ms
step:1179/1285 train_time:75729ms step_avg:64.23ms
step:1180/1285 train_time:75820ms step_avg:64.25ms
step:1181/1285 train_time:75896ms step_avg:64.26ms
step:1182/1285 train_time:75986ms step_avg:64.29ms
step:1183/1285 train_time:76062ms step_avg:64.30ms
step:1184/1285 train_time:76152ms step_avg:64.32ms
step:1185/1285 train_time:76231ms step_avg:64.33ms
step:1186/1285 train_time:76319ms step_avg:64.35ms
step:1187/1285 train_time:76396ms step_avg:64.36ms
step:1188/1285 train_time:76484ms step_avg:64.38ms
step:1189/1285 train_time:76561ms step_avg:64.39ms
step:1190/1285 train_time:76651ms step_avg:64.41ms
step:1191/1285 train_time:76729ms step_avg:64.42ms
step:1192/1285 train_time:76820ms step_avg:64.45ms
step:1193/1285 train_time:76896ms step_avg:64.46ms
step:1194/1285 train_time:76986ms step_avg:64.48ms
step:1195/1285 train_time:77063ms step_avg:64.49ms
step:1196/1285 train_time:77154ms step_avg:64.51ms
step:1197/1285 train_time:77230ms step_avg:64.52ms
step:1198/1285 train_time:77320ms step_avg:64.54ms
step:1199/1285 train_time:77395ms step_avg:64.55ms
step:1200/1285 train_time:77485ms step_avg:64.57ms
step:1201/1285 train_time:77561ms step_avg:64.58ms
step:1202/1285 train_time:77651ms step_avg:64.60ms
step:1203/1285 train_time:77730ms step_avg:64.61ms
step:1204/1285 train_time:77820ms step_avg:64.63ms
step:1205/1285 train_time:77895ms step_avg:64.64ms
step:1206/1285 train_time:77984ms step_avg:64.66ms
step:1207/1285 train_time:78061ms step_avg:64.67ms
step:1208/1285 train_time:78152ms step_avg:64.70ms
step:1209/1285 train_time:78230ms step_avg:64.71ms
step:1210/1285 train_time:78319ms step_avg:64.73ms
step:1211/1285 train_time:78396ms step_avg:64.74ms
step:1212/1285 train_time:78485ms step_avg:64.76ms
step:1213/1285 train_time:78561ms step_avg:64.77ms
step:1214/1285 train_time:78652ms step_avg:64.79ms
step:1215/1285 train_time:78730ms step_avg:64.80ms
step:1216/1285 train_time:78819ms step_avg:64.82ms
step:1217/1285 train_time:78896ms step_avg:64.83ms
step:1218/1285 train_time:78985ms step_avg:64.85ms
step:1219/1285 train_time:79062ms step_avg:64.86ms
step:1220/1285 train_time:79154ms step_avg:64.88ms
step:1221/1285 train_time:79231ms step_avg:64.89ms
step:1222/1285 train_time:79320ms step_avg:64.91ms
step:1223/1285 train_time:79396ms step_avg:64.92ms
step:1224/1285 train_time:79486ms step_avg:64.94ms
step:1225/1285 train_time:79561ms step_avg:64.95ms
step:1226/1285 train_time:79652ms step_avg:64.97ms
step:1227/1285 train_time:79730ms step_avg:64.98ms
step:1228/1285 train_time:79820ms step_avg:65.00ms
step:1229/1285 train_time:79896ms step_avg:65.01ms
step:1230/1285 train_time:79987ms step_avg:65.03ms
step:1231/1285 train_time:80063ms step_avg:65.04ms
step:1232/1285 train_time:80154ms step_avg:65.06ms
step:1233/1285 train_time:80231ms step_avg:65.07ms
step:1234/1285 train_time:80320ms step_avg:65.09ms
step:1235/1285 train_time:80396ms step_avg:65.10ms
step:1236/1285 train_time:80487ms step_avg:65.12ms
step:1237/1285 train_time:80562ms step_avg:65.13ms
step:1238/1285 train_time:80652ms step_avg:65.15ms
step:1239/1285 train_time:80729ms step_avg:65.16ms
step:1240/1285 train_time:80818ms step_avg:65.18ms
step:1241/1285 train_time:81045ms step_avg:65.31ms
step:1242/1285 train_time:81117ms step_avg:65.31ms
step:1243/1285 train_time:81181ms step_avg:65.31ms
step:1244/1285 train_time:81247ms step_avg:65.31ms
step:1245/1285 train_time:81319ms step_avg:65.32ms
step:1246/1285 train_time:81407ms step_avg:65.33ms
step:1247/1285 train_time:81483ms step_avg:65.34ms
step:1248/1285 train_time:81571ms step_avg:65.36ms
step:1249/1285 train_time:81647ms step_avg:65.37ms
step:1250/1285 train_time:81735ms step_avg:65.39ms
step:1250/1285 val_loss:3.29495811 train_time:81820ms step_avg:65.46ms
step:1251/1285 train_time:81876ms step_avg:65.45ms
step:1252/1285 train_time:81937ms step_avg:65.44ms
step:1253/1285 train_time:81988ms step_avg:65.43ms
step:1254/1285 train_time:82078ms step_avg:65.45ms
step:1255/1285 train_time:82153ms step_avg:65.46ms
step:1256/1285 train_time:82243ms step_avg:65.48ms
step:1257/1285 train_time:82318ms step_avg:65.49ms
step:1258/1285 train_time:82405ms step_avg:65.51ms
step:1259/1285 train_time:82482ms step_avg:65.51ms
step:1260/1285 train_time:82571ms step_avg:65.53ms
step:1261/1285 train_time:82646ms step_avg:65.54ms
step:1262/1285 train_time:82733ms step_avg:65.56ms
step:1263/1285 train_time:82812ms step_avg:65.57ms
step:1264/1285 train_time:82904ms step_avg:65.59ms
step:1265/1285 train_time:82986ms step_avg:65.60ms
step:1266/1285 train_time:83076ms step_avg:65.62ms
step:1267/1285 train_time:83151ms step_avg:65.63ms
step:1268/1285 train_time:83240ms step_avg:65.65ms
step:1269/1285 train_time:83316ms step_avg:65.65ms
step:1270/1285 train_time:83405ms step_avg:65.67ms
step:1271/1285 train_time:83483ms step_avg:65.68ms
step:1272/1285 train_time:83576ms step_avg:65.70ms
step:1273/1285 train_time:83652ms step_avg:65.71ms
step:1274/1285 train_time:83741ms step_avg:65.73ms
step:1275/1285 train_time:83819ms step_avg:65.74ms
step:1276/1285 train_time:83912ms step_avg:65.76ms
step:1277/1285 train_time:83990ms step_avg:65.77ms
step:1278/1285 train_time:84080ms step_avg:65.79ms
step:1279/1285 train_time:84157ms step_avg:65.80ms
step:1280/1285 train_time:84248ms step_avg:65.82ms
step:1281/1285 train_time:84324ms step_avg:65.83ms
step:1282/1285 train_time:84413ms step_avg:65.84ms
step:1283/1285 train_time:84488ms step_avg:65.85ms
step:1284/1285 train_time:84579ms step_avg:65.87ms
step:1285/1285 train_time:84654ms step_avg:65.88ms
step:1285/1285 val_loss:3.27855349 train_time:84745ms step_avg:65.95ms
peak memory allocated: 31793 MiB reserved: 39272 MiB
