HARNESS_TRAINING_ENV={"OMP_NUM_THREADS": "1", "MKL_NUM_THREADS": "1", "torch_num_threads": 1, "torch_num_interop_threads": 43}
[Gloo] Rank 0 is connected to 7 peer ranks. Expected number of connected peer ranks is : 7
[Gloo] Rank 2 is connected to 7 peer ranks. Expected number of connected peer ranks is : 7
[Gloo] Rank 1 is connected to 7 peer ranks. Expected number of connected peer ranks is : 7
[Gloo] Rank 4 is connected to 7 peer ranks. Expected number of connected peer ranks is : 7
[Gloo] Rank 3 is connected to 7 peer ranks. Expected number of connected peer ranks is : 7
[Gloo] Rank 5 is connected to 7 peer ranks. Expected number of connected peer ranks is : 7
[Gloo] Rank [Gloo] Rank 6 is connected to 7 is connected to 77 peer ranks.  peer ranks. Expected number of connected peer ranks is : Expected number of connected peer ranks is : 7
7
/workspace/train_gpt.py:1069: UserWarning: Skipping publisher trust check for 'kernels-community/flash-attn3' because Hugging Face Hub is in offline mode.
  flash_attn_interface = get_kernel('kernels-community/flash-attn3', version=1).flash_attn_interface
/workspace/train_gpt.py:1069: UserWarning: Skipping publisher trust check for 'kernels-community/flash-attn3' because Hugging Face Hub is in offline mode.
  flash_attn_interface = get_kernel('kernels-community/flash-attn3', version=1).flash_attn_interface
/workspace/train_gpt.py:1069: UserWarning: Skipping publisher trust check for 'kernels-community/flash-attn3' because Hugging Face Hub is in offline mode.
  flash_attn_interface = get_kernel('kernels-community/flash-attn3', version=1).flash_attn_interface
/workspace/train_gpt.py:1069: UserWarning: Skipping publisher trust check for 'kernels-community/flash-attn3' because Hugging Face Hub is in offline mode.
  flash_attn_interface = get_kernel('kernels-community/flash-attn3', version=1).flash_attn_interface
/workspace/train_gpt.py:1069: UserWarning: Skipping publisher trust check for 'kernels-community/flash-attn3' because Hugging Face Hub is in offline mode.
  flash_attn_interface = get_kernel('kernels-community/flash-attn3', version=1).flash_attn_interface
/workspace/train_gpt.py:1069: UserWarning: Skipping publisher trust check for 'kernels-community/flash-attn3' because Hugging Face Hub is in offline mode.
  flash_attn_interface = get_kernel('kernels-community/flash-attn3', version=1).flash_attn_interface
/workspace/train_gpt.py:1069: UserWarning: Skipping publisher trust check for 'kernels-community/flash-attn3' because Hugging Face Hub is in offline mode.
  flash_attn_interface = get_kernel('kernels-community/flash-attn3', version=1).flash_attn_interface
/workspace/train_gpt.py:1069: UserWarning: Skipping publisher trust check for 'kernels-community/flash-attn3' because Hugging Face Hub is in offline mode.
  flash_attn_interface = get_kernel('kernels-community/flash-attn3', version=1).flash_attn_interface
logs/d8b9cc5d-b76c-4306-b8d6-54e6a6585e7a.txt
Compiling model and warming up kernels (~7 minutes on first execution)
Sampling steps [0, 1, 421, 422, 423, 424, 845, 846, 847, 848, 1268, 1269, 1270, 1271] for warmup
Resetting Model
step:0/1285 val_loss:10.82944393 train_time:75ms step_avg:75.19ms
step:1/1285 train_time:217ms step_avg:216.79ms
step:2/1285 train_time:322ms step_avg:160.76ms
step:3/1285 train_time:377ms step_avg:125.66ms
step:4/1285 train_time:441ms step_avg:110.27ms
step:5/1285 train_time:494ms step_avg:98.89ms
step:6/1285 train_time:557ms step_avg:92.77ms
step:7/1285 train_time:617ms step_avg:88.07ms
step:8/1285 train_time:674ms step_avg:84.31ms
step:9/1285 train_time:726ms step_avg:80.68ms
step:10/1285 train_time:787ms step_avg:78.65ms
step:11/1285 train_time:840ms step_avg:76.33ms
step:12/1285 train_time:897ms step_avg:74.74ms
step:13/1285 train_time:948ms step_avg:72.93ms
step:14/1285 train_time:1006ms step_avg:71.87ms
step:15/1285 train_time:1059ms step_avg:70.58ms
step:16/1285 train_time:1117ms step_avg:69.81ms
step:17/1285 train_time:1169ms step_avg:68.74ms
step:18/1285 train_time:1228ms step_avg:68.23ms
step:19/1285 train_time:1279ms step_avg:67.30ms
step:20/1285 train_time:1340ms step_avg:67.00ms
step:21/1285 train_time:1391ms step_avg:66.25ms
step:22/1285 train_time:1449ms step_avg:65.86ms
step:23/1285 train_time:1500ms step_avg:65.24ms
step:24/1285 train_time:1558ms step_avg:64.93ms
step:25/1285 train_time:1612ms step_avg:64.46ms
step:26/1285 train_time:1670ms step_avg:64.25ms
step:27/1285 train_time:1723ms step_avg:63.81ms
step:28/1285 train_time:1782ms step_avg:63.63ms
step:29/1285 train_time:1832ms step_avg:63.16ms
step:30/1285 train_time:1889ms step_avg:62.98ms
step:31/1285 train_time:1940ms step_avg:62.58ms
step:32/1285 train_time:1996ms step_avg:62.38ms
step:33/1285 train_time:2046ms step_avg:62.01ms
step:34/1285 train_time:2103ms step_avg:61.86ms
step:35/1285 train_time:2153ms step_avg:61.52ms
step:36/1285 train_time:2209ms step_avg:61.37ms
step:37/1285 train_time:2261ms step_avg:61.11ms
step:38/1285 train_time:2320ms step_avg:61.05ms
step:39/1285 train_time:2371ms step_avg:60.79ms
step:40/1285 train_time:2430ms step_avg:60.74ms
step:41/1285 train_time:2479ms step_avg:60.46ms
step:42/1285 train_time:2538ms step_avg:60.42ms
step:43/1285 train_time:2590ms step_avg:60.23ms
step:44/1285 train_time:2648ms step_avg:60.17ms
step:45/1285 train_time:2698ms step_avg:59.94ms
step:46/1285 train_time:2754ms step_avg:59.88ms
step:47/1285 train_time:2805ms step_avg:59.67ms
step:48/1285 train_time:2861ms step_avg:59.60ms
step:49/1285 train_time:2912ms step_avg:59.43ms
step:50/1285 train_time:2969ms step_avg:59.38ms
step:51/1285 train_time:3020ms step_avg:59.22ms
step:52/1285 train_time:3079ms step_avg:59.21ms
step:53/1285 train_time:3130ms step_avg:59.05ms
step:54/1285 train_time:3188ms step_avg:59.04ms
step:55/1285 train_time:3239ms step_avg:58.90ms
step:56/1285 train_time:3298ms step_avg:58.89ms
step:57/1285 train_time:3347ms step_avg:58.72ms
step:58/1285 train_time:3407ms step_avg:58.73ms
step:59/1285 train_time:3457ms step_avg:58.60ms
step:60/1285 train_time:3516ms step_avg:58.61ms
step:61/1285 train_time:3567ms step_avg:58.48ms
step:62/1285 train_time:3628ms step_avg:58.52ms
step:63/1285 train_time:3678ms step_avg:58.38ms
step:64/1285 train_time:3736ms step_avg:58.37ms
step:65/1285 train_time:3786ms step_avg:58.24ms
step:66/1285 train_time:3844ms step_avg:58.25ms
step:67/1285 train_time:3892ms step_avg:58.09ms
step:68/1285 train_time:3949ms step_avg:58.07ms
step:69/1285 train_time:3999ms step_avg:57.96ms
step:70/1285 train_time:4057ms step_avg:57.96ms
step:71/1285 train_time:4107ms step_avg:57.84ms
step:72/1285 train_time:4165ms step_avg:57.85ms
step:73/1285 train_time:4218ms step_avg:57.77ms
step:74/1285 train_time:4274ms step_avg:57.76ms
step:75/1285 train_time:4326ms step_avg:57.68ms
step:76/1285 train_time:4383ms step_avg:57.67ms
step:77/1285 train_time:4435ms step_avg:57.60ms
step:78/1285 train_time:4493ms step_avg:57.60ms
step:79/1285 train_time:4545ms step_avg:57.53ms
step:80/1285 train_time:4603ms step_avg:57.54ms
step:81/1285 train_time:4657ms step_avg:57.49ms
step:82/1285 train_time:4718ms step_avg:57.53ms
step:83/1285 train_time:4768ms step_avg:57.44ms
step:84/1285 train_time:4825ms step_avg:57.44ms
step:85/1285 train_time:4873ms step_avg:57.33ms
step:86/1285 train_time:4927ms step_avg:57.29ms
step:87/1285 train_time:4980ms step_avg:57.24ms
step:88/1285 train_time:5039ms step_avg:57.26ms
step:89/1285 train_time:5092ms step_avg:57.22ms
step:90/1285 train_time:5149ms step_avg:57.21ms
step:91/1285 train_time:5201ms step_avg:57.15ms
step:92/1285 train_time:5256ms step_avg:57.14ms
step:93/1285 train_time:5305ms step_avg:57.05ms
step:94/1285 train_time:5363ms step_avg:57.05ms
step:95/1285 train_time:5412ms step_avg:56.97ms
step:96/1285 train_time:5469ms step_avg:56.97ms
step:97/1285 train_time:5520ms step_avg:56.91ms
step:98/1285 train_time:5577ms step_avg:56.91ms
step:99/1285 train_time:5628ms step_avg:56.85ms
step:100/1285 train_time:5684ms step_avg:56.84ms
step:101/1285 train_time:5736ms step_avg:56.79ms
step:102/1285 train_time:5795ms step_avg:56.81ms
step:103/1285 train_time:5847ms step_avg:56.76ms
step:104/1285 train_time:5903ms step_avg:56.76ms
step:105/1285 train_time:5955ms step_avg:56.72ms
step:106/1285 train_time:6014ms step_avg:56.74ms
step:107/1285 train_time:6064ms step_avg:56.68ms
step:108/1285 train_time:6123ms step_avg:56.70ms
step:109/1285 train_time:6173ms step_avg:56.63ms
step:110/1285 train_time:6231ms step_avg:56.65ms
step:111/1285 train_time:6282ms step_avg:56.60ms
step:112/1285 train_time:6340ms step_avg:56.61ms
step:113/1285 train_time:6390ms step_avg:56.54ms
step:114/1285 train_time:6446ms step_avg:56.55ms
step:115/1285 train_time:6496ms step_avg:56.49ms
step:116/1285 train_time:6552ms step_avg:56.48ms
step:117/1285 train_time:6601ms step_avg:56.42ms
step:118/1285 train_time:6658ms step_avg:56.43ms
step:119/1285 train_time:6710ms step_avg:56.39ms
step:120/1285 train_time:6767ms step_avg:56.39ms
step:121/1285 train_time:6821ms step_avg:56.37ms
step:122/1285 train_time:6877ms step_avg:56.36ms
step:123/1285 train_time:6926ms step_avg:56.31ms
step:124/1285 train_time:6984ms step_avg:56.32ms
step:125/1285 train_time:7036ms step_avg:56.29ms
step:126/1285 train_time:7094ms step_avg:56.30ms
step:127/1285 train_time:7145ms step_avg:56.26ms
step:128/1285 train_time:7201ms step_avg:56.26ms
step:129/1285 train_time:7250ms step_avg:56.20ms
step:130/1285 train_time:7308ms step_avg:56.21ms
step:131/1285 train_time:7359ms step_avg:56.18ms
step:132/1285 train_time:7415ms step_avg:56.18ms
step:133/1285 train_time:7466ms step_avg:56.14ms
step:134/1285 train_time:7525ms step_avg:56.16ms
step:135/1285 train_time:7575ms step_avg:56.11ms
step:136/1285 train_time:7633ms step_avg:56.13ms
step:137/1285 train_time:7684ms step_avg:56.09ms
step:138/1285 train_time:7745ms step_avg:56.12ms
step:139/1285 train_time:7797ms step_avg:56.09ms
step:140/1285 train_time:7855ms step_avg:56.11ms
step:141/1285 train_time:7906ms step_avg:56.07ms
step:142/1285 train_time:7964ms step_avg:56.08ms
step:143/1285 train_time:8016ms step_avg:56.05ms
step:144/1285 train_time:8074ms step_avg:56.07ms
step:145/1285 train_time:8125ms step_avg:56.03ms
step:146/1285 train_time:8186ms step_avg:56.07ms
step:147/1285 train_time:8239ms step_avg:56.05ms
step:148/1285 train_time:8296ms step_avg:56.05ms
step:149/1285 train_time:8347ms step_avg:56.02ms
step:150/1285 train_time:8406ms step_avg:56.04ms
step:151/1285 train_time:8458ms step_avg:56.01ms
step:152/1285 train_time:8515ms step_avg:56.02ms
step:153/1285 train_time:8568ms step_avg:56.00ms
step:154/1285 train_time:8628ms step_avg:56.03ms
step:155/1285 train_time:8679ms step_avg:56.00ms
step:156/1285 train_time:8738ms step_avg:56.01ms
step:157/1285 train_time:8789ms step_avg:55.98ms
step:158/1285 train_time:8846ms step_avg:55.99ms
step:159/1285 train_time:8899ms step_avg:55.97ms
step:160/1285 train_time:8958ms step_avg:55.99ms
step:161/1285 train_time:9007ms step_avg:55.94ms
step:162/1285 train_time:9065ms step_avg:55.96ms
step:163/1285 train_time:9118ms step_avg:55.94ms
step:164/1285 train_time:9177ms step_avg:55.96ms
step:165/1285 train_time:9228ms step_avg:55.93ms
step:166/1285 train_time:9287ms step_avg:55.94ms
step:167/1285 train_time:9339ms step_avg:55.92ms
step:168/1285 train_time:9398ms step_avg:55.94ms
step:169/1285 train_time:9448ms step_avg:55.91ms
step:170/1285 train_time:9507ms step_avg:55.93ms
step:171/1285 train_time:9556ms step_avg:55.89ms
step:172/1285 train_time:9613ms step_avg:55.89ms
step:173/1285 train_time:9664ms step_avg:55.86ms
step:174/1285 train_time:9722ms step_avg:55.87ms
step:175/1285 train_time:9771ms step_avg:55.84ms
step:176/1285 train_time:9830ms step_avg:55.85ms
step:177/1285 train_time:9878ms step_avg:55.81ms
step:178/1285 train_time:9936ms step_avg:55.82ms
step:179/1285 train_time:9985ms step_avg:55.78ms
step:180/1285 train_time:10042ms step_avg:55.79ms
step:181/1285 train_time:10092ms step_avg:55.76ms
step:182/1285 train_time:10150ms step_avg:55.77ms
step:183/1285 train_time:10203ms step_avg:55.75ms
step:184/1285 train_time:10263ms step_avg:55.77ms
step:185/1285 train_time:10314ms step_avg:55.75ms
step:186/1285 train_time:10373ms step_avg:55.77ms
step:187/1285 train_time:10421ms step_avg:55.73ms
step:188/1285 train_time:10478ms step_avg:55.74ms
step:189/1285 train_time:10532ms step_avg:55.73ms
step:190/1285 train_time:10591ms step_avg:55.74ms
step:191/1285 train_time:10641ms step_avg:55.71ms
step:192/1285 train_time:10699ms step_avg:55.73ms
step:193/1285 train_time:10752ms step_avg:55.71ms
step:194/1285 train_time:10811ms step_avg:55.73ms
step:195/1285 train_time:10859ms step_avg:55.69ms
step:196/1285 train_time:10917ms step_avg:55.70ms
step:197/1285 train_time:10968ms step_avg:55.68ms
step:198/1285 train_time:11026ms step_avg:55.69ms
step:199/1285 train_time:11076ms step_avg:55.66ms
step:200/1285 train_time:11134ms step_avg:55.67ms
step:201/1285 train_time:11186ms step_avg:55.65ms
step:202/1285 train_time:11244ms step_avg:55.66ms
step:203/1285 train_time:11294ms step_avg:55.63ms
step:204/1285 train_time:11352ms step_avg:55.64ms
step:205/1285 train_time:11402ms step_avg:55.62ms
step:206/1285 train_time:11462ms step_avg:55.64ms
step:207/1285 train_time:11511ms step_avg:55.61ms
step:208/1285 train_time:11571ms step_avg:55.63ms
step:209/1285 train_time:11621ms step_avg:55.60ms
step:210/1285 train_time:11681ms step_avg:55.62ms
step:211/1285 train_time:11732ms step_avg:55.60ms
step:212/1285 train_time:11791ms step_avg:55.62ms
step:213/1285 train_time:11842ms step_avg:55.60ms
step:214/1285 train_time:11898ms step_avg:55.60ms
step:215/1285 train_time:11946ms step_avg:55.56ms
step:216/1285 train_time:12004ms step_avg:55.57ms
step:217/1285 train_time:12056ms step_avg:55.56ms
step:218/1285 train_time:12114ms step_avg:55.57ms
step:219/1285 train_time:12165ms step_avg:55.55ms
step:220/1285 train_time:12224ms step_avg:55.57ms
step:221/1285 train_time:12276ms step_avg:55.55ms
step:222/1285 train_time:12331ms step_avg:55.55ms
step:223/1285 train_time:12382ms step_avg:55.52ms
step:224/1285 train_time:12437ms step_avg:55.52ms
step:225/1285 train_time:12486ms step_avg:55.49ms
step:226/1285 train_time:12543ms step_avg:55.50ms
step:227/1285 train_time:12593ms step_avg:55.48ms
step:228/1285 train_time:12648ms step_avg:55.47ms
step:229/1285 train_time:12696ms step_avg:55.44ms
step:230/1285 train_time:12754ms step_avg:55.45ms
step:231/1285 train_time:12804ms step_avg:55.43ms
step:232/1285 train_time:12864ms step_avg:55.45ms
step:233/1285 train_time:12914ms step_avg:55.43ms
step:234/1285 train_time:12969ms step_avg:55.42ms
step:235/1285 train_time:13020ms step_avg:55.40ms
step:236/1285 train_time:13078ms step_avg:55.41ms
step:237/1285 train_time:13128ms step_avg:55.39ms
step:238/1285 train_time:13186ms step_avg:55.40ms
step:239/1285 train_time:13235ms step_avg:55.38ms
step:240/1285 train_time:13292ms step_avg:55.38ms
step:241/1285 train_time:13344ms step_avg:55.37ms
step:242/1285 train_time:13405ms step_avg:55.39ms
step:243/1285 train_time:13453ms step_avg:55.36ms
step:244/1285 train_time:13509ms step_avg:55.37ms
step:245/1285 train_time:13556ms step_avg:55.33ms
step:246/1285 train_time:13613ms step_avg:55.34ms
step:247/1285 train_time:13667ms step_avg:55.33ms
step:248/1285 train_time:13725ms step_avg:55.34ms
step:249/1285 train_time:13775ms step_avg:55.32ms
step:250/1285 train_time:13832ms step_avg:55.33ms
step:250/1285 val_loss:4.49600935 train_time:13833ms step_avg:55.33ms
step:251/1285 train_time:13889ms step_avg:55.34ms
step:252/1285 train_time:13949ms step_avg:55.35ms
step:253/1285 train_time:13998ms step_avg:55.33ms
step:254/1285 train_time:14057ms step_avg:55.34ms
step:255/1285 train_time:14106ms step_avg:55.32ms
step:256/1285 train_time:14164ms step_avg:55.33ms
step:257/1285 train_time:14215ms step_avg:55.31ms
step:258/1285 train_time:14273ms step_avg:55.32ms
step:259/1285 train_time:14325ms step_avg:55.31ms
step:260/1285 train_time:14382ms step_avg:55.32ms
step:261/1285 train_time:14433ms step_avg:55.30ms
step:262/1285 train_time:14492ms step_avg:55.31ms
step:263/1285 train_time:14539ms step_avg:55.28ms
step:264/1285 train_time:14596ms step_avg:55.29ms
step:265/1285 train_time:14646ms step_avg:55.27ms
step:266/1285 train_time:14702ms step_avg:55.27ms
step:267/1285 train_time:14752ms step_avg:55.25ms
step:268/1285 train_time:14807ms step_avg:55.25ms
step:269/1285 train_time:14859ms step_avg:55.24ms
step:270/1285 train_time:14916ms step_avg:55.24ms
step:271/1285 train_time:14965ms step_avg:55.22ms
step:272/1285 train_time:15024ms step_avg:55.24ms
step:273/1285 train_time:15073ms step_avg:55.21ms
step:274/1285 train_time:15132ms step_avg:55.23ms
step:275/1285 train_time:15182ms step_avg:55.21ms
step:276/1285 train_time:15243ms step_avg:55.23ms
step:277/1285 train_time:15297ms step_avg:55.22ms
step:278/1285 train_time:15354ms step_avg:55.23ms
step:279/1285 train_time:15406ms step_avg:55.22ms
step:280/1285 train_time:15466ms step_avg:55.24ms
step:281/1285 train_time:15517ms step_avg:55.22ms
step:282/1285 train_time:15575ms step_avg:55.23ms
step:283/1285 train_time:15627ms step_avg:55.22ms
step:284/1285 train_time:15686ms step_avg:55.23ms
step:285/1285 train_time:15738ms step_avg:55.22ms
step:286/1285 train_time:15795ms step_avg:55.23ms
step:287/1285 train_time:15848ms step_avg:55.22ms
step:288/1285 train_time:15906ms step_avg:55.23ms
step:289/1285 train_time:15957ms step_avg:55.22ms
step:290/1285 train_time:16017ms step_avg:55.23ms
step:291/1285 train_time:16069ms step_avg:55.22ms
step:292/1285 train_time:16128ms step_avg:55.23ms
step:293/1285 train_time:16178ms step_avg:55.21ms
step:294/1285 train_time:16234ms step_avg:55.22ms
step:295/1285 train_time:16288ms step_avg:55.21ms
step:296/1285 train_time:16348ms step_avg:55.23ms
step:297/1285 train_time:16397ms step_avg:55.21ms
step:298/1285 train_time:16453ms step_avg:55.21ms
step:299/1285 train_time:16505ms step_avg:55.20ms
step:300/1285 train_time:16565ms step_avg:55.22ms
step:301/1285 train_time:16615ms step_avg:55.20ms
step:302/1285 train_time:16672ms step_avg:55.21ms
step:303/1285 train_time:16721ms step_avg:55.18ms
step:304/1285 train_time:16778ms step_avg:55.19ms
step:305/1285 train_time:16827ms step_avg:55.17ms
step:306/1285 train_time:16885ms step_avg:55.18ms
step:307/1285 train_time:16933ms step_avg:55.16ms
step:308/1285 train_time:16988ms step_avg:55.15ms
step:309/1285 train_time:17038ms step_avg:55.14ms
step:310/1285 train_time:17092ms step_avg:55.14ms
step:311/1285 train_time:17147ms step_avg:55.13ms
step:312/1285 train_time:17203ms step_avg:55.14ms
step:313/1285 train_time:17254ms step_avg:55.12ms
step:314/1285 train_time:17310ms step_avg:55.13ms
step:315/1285 train_time:17360ms step_avg:55.11ms
step:316/1285 train_time:17417ms step_avg:55.12ms
step:317/1285 train_time:17468ms step_avg:55.10ms
step:318/1285 train_time:17527ms step_avg:55.12ms
step:319/1285 train_time:17577ms step_avg:55.10ms
step:320/1285 train_time:17633ms step_avg:55.10ms
step:321/1285 train_time:17684ms step_avg:55.09ms
step:322/1285 train_time:17744ms step_avg:55.10ms
step:323/1285 train_time:17794ms step_avg:55.09ms
step:324/1285 train_time:17851ms step_avg:55.10ms
step:325/1285 train_time:17905ms step_avg:55.09ms
step:326/1285 train_time:17962ms step_avg:55.10ms
step:327/1285 train_time:18012ms step_avg:55.08ms
step:328/1285 train_time:18071ms step_avg:55.09ms
step:329/1285 train_time:18120ms step_avg:55.08ms
step:330/1285 train_time:18177ms step_avg:55.08ms
step:331/1285 train_time:18226ms step_avg:55.06ms
step:332/1285 train_time:18286ms step_avg:55.08ms
step:333/1285 train_time:18335ms step_avg:55.06ms
step:334/1285 train_time:18391ms step_avg:55.06ms
step:335/1285 train_time:18441ms step_avg:55.05ms
step:336/1285 train_time:18497ms step_avg:55.05ms
step:337/1285 train_time:18549ms step_avg:55.04ms
step:338/1285 train_time:18604ms step_avg:55.04ms
step:339/1285 train_time:18653ms step_avg:55.02ms
step:340/1285 train_time:18711ms step_avg:55.03ms
step:341/1285 train_time:18761ms step_avg:55.02ms
step:342/1285 train_time:18819ms step_avg:55.03ms
step:343/1285 train_time:18872ms step_avg:55.02ms
step:344/1285 train_time:18929ms step_avg:55.02ms
step:345/1285 train_time:18981ms step_avg:55.02ms
step:346/1285 train_time:19039ms step_avg:55.03ms
step:347/1285 train_time:19089ms step_avg:55.01ms
step:348/1285 train_time:19147ms step_avg:55.02ms
step:349/1285 train_time:19200ms step_avg:55.01ms
step:350/1285 train_time:19259ms step_avg:55.03ms
step:351/1285 train_time:19310ms step_avg:55.01ms
step:352/1285 train_time:19368ms step_avg:55.02ms
step:353/1285 train_time:19421ms step_avg:55.02ms
step:354/1285 train_time:19481ms step_avg:55.03ms
step:355/1285 train_time:19532ms step_avg:55.02ms
step:356/1285 train_time:19592ms step_avg:55.03ms
step:357/1285 train_time:19642ms step_avg:55.02ms
step:358/1285 train_time:19701ms step_avg:55.03ms
step:359/1285 train_time:19753ms step_avg:55.02ms
step:360/1285 train_time:19810ms step_avg:55.03ms
step:361/1285 train_time:19861ms step_avg:55.02ms
step:362/1285 train_time:19919ms step_avg:55.02ms
step:363/1285 train_time:19968ms step_avg:55.01ms
step:364/1285 train_time:20027ms step_avg:55.02ms
step:365/1285 train_time:20075ms step_avg:55.00ms
step:366/1285 train_time:20135ms step_avg:55.01ms
step:367/1285 train_time:20186ms step_avg:55.00ms
step:368/1285 train_time:20245ms step_avg:55.01ms
step:369/1285 train_time:20297ms step_avg:55.00ms
step:370/1285 train_time:20355ms step_avg:55.01ms
step:371/1285 train_time:20405ms step_avg:55.00ms
step:372/1285 train_time:20463ms step_avg:55.01ms
step:373/1285 train_time:20512ms step_avg:54.99ms
step:374/1285 train_time:20568ms step_avg:54.99ms
step:375/1285 train_time:20620ms step_avg:54.99ms
step:376/1285 train_time:20678ms step_avg:54.99ms
step:377/1285 train_time:20728ms step_avg:54.98ms
step:378/1285 train_time:20785ms step_avg:54.99ms
step:379/1285 train_time:20836ms step_avg:54.98ms
step:380/1285 train_time:20892ms step_avg:54.98ms
step:381/1285 train_time:20943ms step_avg:54.97ms
step:382/1285 train_time:21004ms step_avg:54.98ms
step:383/1285 train_time:21055ms step_avg:54.97ms
step:384/1285 train_time:21111ms step_avg:54.98ms
step:385/1285 train_time:21162ms step_avg:54.97ms
step:386/1285 train_time:21218ms step_avg:54.97ms
step:387/1285 train_time:21268ms step_avg:54.96ms
step:388/1285 train_time:21331ms step_avg:54.98ms
step:389/1285 train_time:21382ms step_avg:54.97ms
step:390/1285 train_time:21442ms step_avg:54.98ms
step:391/1285 train_time:21491ms step_avg:54.96ms
step:392/1285 train_time:21549ms step_avg:54.97ms
step:393/1285 train_time:21601ms step_avg:54.97ms
step:394/1285 train_time:21661ms step_avg:54.98ms
step:395/1285 train_time:21711ms step_avg:54.97ms
step:396/1285 train_time:21771ms step_avg:54.98ms
step:397/1285 train_time:21820ms step_avg:54.96ms
step:398/1285 train_time:21878ms step_avg:54.97ms
step:399/1285 train_time:21927ms step_avg:54.96ms
step:400/1285 train_time:21985ms step_avg:54.96ms
step:401/1285 train_time:22036ms step_avg:54.95ms
step:402/1285 train_time:22094ms step_avg:54.96ms
step:403/1285 train_time:22145ms step_avg:54.95ms
step:404/1285 train_time:22203ms step_avg:54.96ms
step:405/1285 train_time:22253ms step_avg:54.95ms
step:406/1285 train_time:22310ms step_avg:54.95ms
step:407/1285 train_time:22362ms step_avg:54.94ms
step:408/1285 train_time:22419ms step_avg:54.95ms
step:409/1285 train_time:22470ms step_avg:54.94ms
step:410/1285 train_time:22529ms step_avg:54.95ms
step:411/1285 train_time:22577ms step_avg:54.93ms
step:412/1285 train_time:22636ms step_avg:54.94ms
step:413/1285 train_time:22687ms step_avg:54.93ms
step:414/1285 train_time:22744ms step_avg:54.94ms
step:415/1285 train_time:22794ms step_avg:54.92ms
step:416/1285 train_time:22852ms step_avg:54.93ms
step:417/1285 train_time:22901ms step_avg:54.92ms
step:418/1285 train_time:22960ms step_avg:54.93ms
step:419/1285 train_time:23012ms step_avg:54.92ms
step:420/1285 train_time:23071ms step_avg:54.93ms
step:421/1285 train_time:23124ms step_avg:54.93ms
step:422/1285 train_time:23183ms step_avg:54.94ms
step:423/1285 train_time:23235ms step_avg:54.93ms
step:424/1285 train_time:23297ms step_avg:54.94ms
step:425/1285 train_time:23347ms step_avg:54.93ms
step:426/1285 train_time:23405ms step_avg:54.94ms
step:427/1285 train_time:23458ms step_avg:54.94ms
step:428/1285 train_time:23515ms step_avg:54.94ms
step:429/1285 train_time:23565ms step_avg:54.93ms
step:430/1285 train_time:23625ms step_avg:54.94ms
step:431/1285 train_time:23678ms step_avg:54.94ms
step:432/1285 train_time:23737ms step_avg:54.95ms
step:433/1285 train_time:23788ms step_avg:54.94ms
step:434/1285 train_time:23841ms step_avg:54.93ms
step:435/1285 train_time:23893ms step_avg:54.93ms
step:436/1285 train_time:23951ms step_avg:54.93ms
step:437/1285 train_time:24002ms step_avg:54.92ms
step:438/1285 train_time:24061ms step_avg:54.93ms
step:439/1285 train_time:24114ms step_avg:54.93ms
step:440/1285 train_time:24174ms step_avg:54.94ms
step:441/1285 train_time:24226ms step_avg:54.93ms
step:442/1285 train_time:24285ms step_avg:54.94ms
step:443/1285 train_time:24336ms step_avg:54.93ms
step:444/1285 train_time:24394ms step_avg:54.94ms
step:445/1285 train_time:24446ms step_avg:54.93ms
step:446/1285 train_time:24511ms step_avg:54.96ms
step:447/1285 train_time:24562ms step_avg:54.95ms
step:448/1285 train_time:24623ms step_avg:54.96ms
step:449/1285 train_time:24675ms step_avg:54.96ms
step:450/1285 train_time:24738ms step_avg:54.97ms
step:451/1285 train_time:24791ms step_avg:54.97ms
step:452/1285 train_time:24850ms step_avg:54.98ms
step:453/1285 train_time:24908ms step_avg:54.98ms
step:454/1285 train_time:24967ms step_avg:54.99ms
step:455/1285 train_time:25019ms step_avg:54.99ms
step:456/1285 train_time:25079ms step_avg:55.00ms
step:457/1285 train_time:25133ms step_avg:55.00ms
step:458/1285 train_time:25193ms step_avg:55.01ms
step:459/1285 train_time:25244ms step_avg:55.00ms
step:460/1285 train_time:25309ms step_avg:55.02ms
step:461/1285 train_time:25360ms step_avg:55.01ms
step:462/1285 train_time:25424ms step_avg:55.03ms
step:463/1285 train_time:25478ms step_avg:55.03ms
step:464/1285 train_time:25539ms step_avg:55.04ms
step:465/1285 train_time:25591ms step_avg:55.03ms
step:466/1285 train_time:25654ms step_avg:55.05ms
step:467/1285 train_time:25704ms step_avg:55.04ms
step:468/1285 train_time:25768ms step_avg:55.06ms
step:469/1285 train_time:25819ms step_avg:55.05ms
step:470/1285 train_time:25881ms step_avg:55.07ms
step:471/1285 train_time:25933ms step_avg:55.06ms
step:472/1285 train_time:25997ms step_avg:55.08ms
step:473/1285 train_time:26047ms step_avg:55.07ms
step:474/1285 train_time:26111ms step_avg:55.09ms
step:475/1285 train_time:26166ms step_avg:55.09ms
step:476/1285 train_time:26226ms step_avg:55.10ms
step:477/1285 train_time:26312ms step_avg:55.16ms
step:478/1285 train_time:26408ms step_avg:55.25ms
step:479/1285 train_time:26466ms step_avg:55.25ms
step:480/1285 train_time:26526ms step_avg:55.26ms
step:481/1285 train_time:26577ms step_avg:55.25ms
step:482/1285 train_time:26633ms step_avg:55.26ms
step:483/1285 train_time:26685ms step_avg:55.25ms
step:484/1285 train_time:26743ms step_avg:55.25ms
step:485/1285 train_time:26795ms step_avg:55.25ms
step:486/1285 train_time:26852ms step_avg:55.25ms
step:487/1285 train_time:26904ms step_avg:55.24ms
step:488/1285 train_time:26959ms step_avg:55.24ms
step:489/1285 train_time:27008ms step_avg:55.23ms
step:490/1285 train_time:27064ms step_avg:55.23ms
step:491/1285 train_time:27114ms step_avg:55.22ms
step:492/1285 train_time:27175ms step_avg:55.23ms
step:493/1285 train_time:27227ms step_avg:55.23ms
step:494/1285 train_time:27284ms step_avg:55.23ms
step:495/1285 train_time:27337ms step_avg:55.23ms
step:496/1285 train_time:27396ms step_avg:55.23ms
step:497/1285 train_time:27448ms step_avg:55.23ms
step:498/1285 train_time:27511ms step_avg:55.24ms
step:499/1285 train_time:27561ms step_avg:55.23ms
step:500/1285 train_time:27626ms step_avg:55.25ms
step:500/1285 val_loss:4.16774654 train_time:27685ms step_avg:55.37ms
step:501/1285 train_time:27739ms step_avg:55.37ms
step:502/1285 train_time:27799ms step_avg:55.38ms
step:503/1285 train_time:27848ms step_avg:55.36ms
step:504/1285 train_time:27910ms step_avg:55.38ms
step:505/1285 train_time:27959ms step_avg:55.36ms
step:506/1285 train_time:28021ms step_avg:55.38ms
step:507/1285 train_time:28073ms step_avg:55.37ms
step:508/1285 train_time:28131ms step_avg:55.38ms
step:509/1285 train_time:28184ms step_avg:55.37ms
step:510/1285 train_time:28245ms step_avg:55.38ms
step:511/1285 train_time:28296ms step_avg:55.37ms
step:512/1285 train_time:28356ms step_avg:55.38ms
step:513/1285 train_time:28410ms step_avg:55.38ms
step:514/1285 train_time:28465ms step_avg:55.38ms
step:515/1285 train_time:28516ms step_avg:55.37ms
step:516/1285 train_time:28574ms step_avg:55.38ms
step:517/1285 train_time:28626ms step_avg:55.37ms
step:518/1285 train_time:28686ms step_avg:55.38ms
step:519/1285 train_time:28739ms step_avg:55.37ms
step:520/1285 train_time:28795ms step_avg:55.38ms
step:521/1285 train_time:28847ms step_avg:55.37ms
step:522/1285 train_time:28905ms step_avg:55.37ms
step:523/1285 train_time:28956ms step_avg:55.36ms
step:524/1285 train_time:29021ms step_avg:55.38ms
step:525/1285 train_time:29071ms step_avg:55.37ms
step:526/1285 train_time:29134ms step_avg:55.39ms
step:527/1285 train_time:29187ms step_avg:55.38ms
step:528/1285 train_time:29249ms step_avg:55.40ms
step:529/1285 train_time:29301ms step_avg:55.39ms
step:530/1285 train_time:29363ms step_avg:55.40ms
step:531/1285 train_time:29417ms step_avg:55.40ms
step:532/1285 train_time:29477ms step_avg:55.41ms
step:533/1285 train_time:29531ms step_avg:55.40ms
step:534/1285 train_time:29591ms step_avg:55.41ms
step:535/1285 train_time:29646ms step_avg:55.41ms
step:536/1285 train_time:29706ms step_avg:55.42ms
step:537/1285 train_time:29763ms step_avg:55.42ms
step:538/1285 train_time:29822ms step_avg:55.43ms
step:539/1285 train_time:29876ms step_avg:55.43ms
step:540/1285 train_time:29938ms step_avg:55.44ms
step:541/1285 train_time:29992ms step_avg:55.44ms
step:542/1285 train_time:30051ms step_avg:55.45ms
step:543/1285 train_time:30103ms step_avg:55.44ms
step:544/1285 train_time:30166ms step_avg:55.45ms
step:545/1285 train_time:30220ms step_avg:55.45ms
step:546/1285 train_time:30283ms step_avg:55.46ms
step:547/1285 train_time:30335ms step_avg:55.46ms
step:548/1285 train_time:30396ms step_avg:55.47ms
step:549/1285 train_time:30448ms step_avg:55.46ms
step:550/1285 train_time:30510ms step_avg:55.47ms
step:551/1285 train_time:30562ms step_avg:55.47ms
step:552/1285 train_time:30623ms step_avg:55.48ms
step:553/1285 train_time:30676ms step_avg:55.47ms
step:554/1285 train_time:30741ms step_avg:55.49ms
step:555/1285 train_time:30794ms step_avg:55.48ms
step:556/1285 train_time:30856ms step_avg:55.50ms
step:557/1285 train_time:30907ms step_avg:55.49ms
step:558/1285 train_time:30971ms step_avg:55.50ms
step:559/1285 train_time:31023ms step_avg:55.50ms
step:560/1285 train_time:31086ms step_avg:55.51ms
step:561/1285 train_time:31137ms step_avg:55.50ms
step:562/1285 train_time:31201ms step_avg:55.52ms
step:563/1285 train_time:31255ms step_avg:55.51ms
step:564/1285 train_time:31315ms step_avg:55.52ms
step:565/1285 train_time:31370ms step_avg:55.52ms
step:566/1285 train_time:31429ms step_avg:55.53ms
step:567/1285 train_time:31483ms step_avg:55.53ms
step:568/1285 train_time:31544ms step_avg:55.53ms
step:569/1285 train_time:31596ms step_avg:55.53ms
step:570/1285 train_time:31659ms step_avg:55.54ms
step:571/1285 train_time:31713ms step_avg:55.54ms
step:572/1285 train_time:31775ms step_avg:55.55ms
step:573/1285 train_time:31825ms step_avg:55.54ms
step:574/1285 train_time:31889ms step_avg:55.56ms
step:575/1285 train_time:31941ms step_avg:55.55ms
step:576/1285 train_time:32004ms step_avg:55.56ms
step:577/1285 train_time:32056ms step_avg:55.56ms
step:578/1285 train_time:32120ms step_avg:55.57ms
step:579/1285 train_time:32171ms step_avg:55.56ms
step:580/1285 train_time:32234ms step_avg:55.58ms
step:581/1285 train_time:32289ms step_avg:55.57ms
step:582/1285 train_time:32351ms step_avg:55.59ms
step:583/1285 train_time:32402ms step_avg:55.58ms
step:584/1285 train_time:32468ms step_avg:55.60ms
step:585/1285 train_time:32519ms step_avg:55.59ms
step:586/1285 train_time:32579ms step_avg:55.60ms
step:587/1285 train_time:32631ms step_avg:55.59ms
step:588/1285 train_time:32694ms step_avg:55.60ms
step:589/1285 train_time:32747ms step_avg:55.60ms
step:590/1285 train_time:32808ms step_avg:55.61ms
step:591/1285 train_time:32861ms step_avg:55.60ms
step:592/1285 train_time:32923ms step_avg:55.61ms
step:593/1285 train_time:32976ms step_avg:55.61ms
step:594/1285 train_time:33040ms step_avg:55.62ms
step:595/1285 train_time:33093ms step_avg:55.62ms
step:596/1285 train_time:33156ms step_avg:55.63ms
step:597/1285 train_time:33206ms step_avg:55.62ms
step:598/1285 train_time:33270ms step_avg:55.63ms
step:599/1285 train_time:33320ms step_avg:55.63ms
step:600/1285 train_time:33385ms step_avg:55.64ms
step:601/1285 train_time:33437ms step_avg:55.64ms
step:602/1285 train_time:33498ms step_avg:55.64ms
step:603/1285 train_time:33551ms step_avg:55.64ms
step:604/1285 train_time:33612ms step_avg:55.65ms
step:605/1285 train_time:33666ms step_avg:55.65ms
step:606/1285 train_time:33729ms step_avg:55.66ms
step:607/1285 train_time:33779ms step_avg:55.65ms
step:608/1285 train_time:33843ms step_avg:55.66ms
step:609/1285 train_time:33896ms step_avg:55.66ms
step:610/1285 train_time:33960ms step_avg:55.67ms
step:611/1285 train_time:34011ms step_avg:55.67ms
step:612/1285 train_time:34074ms step_avg:55.68ms
step:613/1285 train_time:34125ms step_avg:55.67ms
step:614/1285 train_time:34188ms step_avg:55.68ms
step:615/1285 train_time:34239ms step_avg:55.67ms
step:616/1285 train_time:34303ms step_avg:55.69ms
step:617/1285 train_time:34358ms step_avg:55.69ms
step:618/1285 train_time:34419ms step_avg:55.69ms
step:619/1285 train_time:34471ms step_avg:55.69ms
step:620/1285 train_time:34534ms step_avg:55.70ms
step:621/1285 train_time:34585ms step_avg:55.69ms
step:622/1285 train_time:34648ms step_avg:55.70ms
step:623/1285 train_time:34703ms step_avg:55.70ms
step:624/1285 train_time:34764ms step_avg:55.71ms
step:625/1285 train_time:34815ms step_avg:55.70ms
step:626/1285 train_time:34878ms step_avg:55.72ms
step:627/1285 train_time:34930ms step_avg:55.71ms
step:628/1285 train_time:34995ms step_avg:55.72ms
step:629/1285 train_time:35046ms step_avg:55.72ms
step:630/1285 train_time:35110ms step_avg:55.73ms
step:631/1285 train_time:35162ms step_avg:55.72ms
step:632/1285 train_time:35224ms step_avg:55.73ms
step:633/1285 train_time:35277ms step_avg:55.73ms
step:634/1285 train_time:35340ms step_avg:55.74ms
step:635/1285 train_time:35391ms step_avg:55.73ms
step:636/1285 train_time:35455ms step_avg:55.75ms
step:637/1285 train_time:35505ms step_avg:55.74ms
step:638/1285 train_time:35569ms step_avg:55.75ms
step:639/1285 train_time:35621ms step_avg:55.74ms
step:640/1285 train_time:35683ms step_avg:55.76ms
step:641/1285 train_time:35736ms step_avg:55.75ms
step:642/1285 train_time:35800ms step_avg:55.76ms
step:643/1285 train_time:35852ms step_avg:55.76ms
step:644/1285 train_time:35916ms step_avg:55.77ms
step:645/1285 train_time:35969ms step_avg:55.77ms
step:646/1285 train_time:36031ms step_avg:55.77ms
step:647/1285 train_time:36084ms step_avg:55.77ms
step:648/1285 train_time:36147ms step_avg:55.78ms
step:649/1285 train_time:36200ms step_avg:55.78ms
step:650/1285 train_time:36262ms step_avg:55.79ms
step:651/1285 train_time:36314ms step_avg:55.78ms
step:652/1285 train_time:36378ms step_avg:55.79ms
step:653/1285 train_time:36431ms step_avg:55.79ms
step:654/1285 train_time:36492ms step_avg:55.80ms
step:655/1285 train_time:36546ms step_avg:55.80ms
step:656/1285 train_time:36609ms step_avg:55.81ms
step:657/1285 train_time:36662ms step_avg:55.80ms
step:658/1285 train_time:36723ms step_avg:55.81ms
step:659/1285 train_time:36777ms step_avg:55.81ms
step:660/1285 train_time:36839ms step_avg:55.82ms
step:661/1285 train_time:36893ms step_avg:55.81ms
step:662/1285 train_time:36955ms step_avg:55.82ms
step:663/1285 train_time:37009ms step_avg:55.82ms
step:664/1285 train_time:37071ms step_avg:55.83ms
step:665/1285 train_time:37123ms step_avg:55.82ms
step:666/1285 train_time:37184ms step_avg:55.83ms
step:667/1285 train_time:37239ms step_avg:55.83ms
step:668/1285 train_time:37299ms step_avg:55.84ms
step:669/1285 train_time:37351ms step_avg:55.83ms
step:670/1285 train_time:37414ms step_avg:55.84ms
step:671/1285 train_time:37465ms step_avg:55.83ms
step:672/1285 train_time:37530ms step_avg:55.85ms
step:673/1285 train_time:37580ms step_avg:55.84ms
step:674/1285 train_time:37644ms step_avg:55.85ms
step:675/1285 train_time:37698ms step_avg:55.85ms
step:676/1285 train_time:37760ms step_avg:55.86ms
step:677/1285 train_time:37813ms step_avg:55.85ms
step:678/1285 train_time:37875ms step_avg:55.86ms
step:679/1285 train_time:37928ms step_avg:55.86ms
step:680/1285 train_time:37991ms step_avg:55.87ms
step:681/1285 train_time:38045ms step_avg:55.87ms
step:682/1285 train_time:38107ms step_avg:55.88ms
step:683/1285 train_time:38159ms step_avg:55.87ms
step:684/1285 train_time:38223ms step_avg:55.88ms
step:685/1285 train_time:38275ms step_avg:55.88ms
step:686/1285 train_time:38337ms step_avg:55.89ms
step:687/1285 train_time:38391ms step_avg:55.88ms
step:688/1285 train_time:38452ms step_avg:55.89ms
step:689/1285 train_time:38506ms step_avg:55.89ms
step:690/1285 train_time:38568ms step_avg:55.90ms
step:691/1285 train_time:38622ms step_avg:55.89ms
step:692/1285 train_time:38682ms step_avg:55.90ms
step:693/1285 train_time:38735ms step_avg:55.89ms
step:694/1285 train_time:38800ms step_avg:55.91ms
step:695/1285 train_time:38853ms step_avg:55.90ms
step:696/1285 train_time:38913ms step_avg:55.91ms
step:697/1285 train_time:38964ms step_avg:55.90ms
step:698/1285 train_time:39030ms step_avg:55.92ms
step:699/1285 train_time:39082ms step_avg:55.91ms
step:700/1285 train_time:39144ms step_avg:55.92ms
step:701/1285 train_time:39197ms step_avg:55.92ms
step:702/1285 train_time:39261ms step_avg:55.93ms
step:703/1285 train_time:39312ms step_avg:55.92ms
step:704/1285 train_time:39375ms step_avg:55.93ms
step:705/1285 train_time:39429ms step_avg:55.93ms
step:706/1285 train_time:39491ms step_avg:55.94ms
step:707/1285 train_time:39542ms step_avg:55.93ms
step:708/1285 train_time:39605ms step_avg:55.94ms
step:709/1285 train_time:39657ms step_avg:55.93ms
step:710/1285 train_time:39720ms step_avg:55.94ms
step:711/1285 train_time:39772ms step_avg:55.94ms
step:712/1285 train_time:39836ms step_avg:55.95ms
step:713/1285 train_time:39889ms step_avg:55.94ms
step:714/1285 train_time:39951ms step_avg:55.95ms
step:715/1285 train_time:40006ms step_avg:55.95ms
step:716/1285 train_time:40064ms step_avg:55.96ms
step:717/1285 train_time:40116ms step_avg:55.95ms
step:718/1285 train_time:40181ms step_avg:55.96ms
step:719/1285 train_time:40234ms step_avg:55.96ms
step:720/1285 train_time:40296ms step_avg:55.97ms
step:721/1285 train_time:40349ms step_avg:55.96ms
step:722/1285 train_time:40411ms step_avg:55.97ms
step:723/1285 train_time:40462ms step_avg:55.96ms
step:724/1285 train_time:40526ms step_avg:55.98ms
step:725/1285 train_time:40581ms step_avg:55.97ms
step:726/1285 train_time:40643ms step_avg:55.98ms
step:727/1285 train_time:40695ms step_avg:55.98ms
step:728/1285 train_time:40760ms step_avg:55.99ms
step:729/1285 train_time:40814ms step_avg:55.99ms
step:730/1285 train_time:40876ms step_avg:55.99ms
step:731/1285 train_time:40929ms step_avg:55.99ms
step:732/1285 train_time:40987ms step_avg:55.99ms
step:733/1285 train_time:41040ms step_avg:55.99ms
step:734/1285 train_time:41102ms step_avg:56.00ms
step:735/1285 train_time:41155ms step_avg:55.99ms
step:736/1285 train_time:41220ms step_avg:56.01ms
step:737/1285 train_time:41274ms step_avg:56.00ms
step:738/1285 train_time:41335ms step_avg:56.01ms
step:739/1285 train_time:41388ms step_avg:56.01ms
step:740/1285 train_time:41448ms step_avg:56.01ms
step:741/1285 train_time:41500ms step_avg:56.01ms
step:742/1285 train_time:41566ms step_avg:56.02ms
step:743/1285 train_time:41620ms step_avg:56.02ms
step:744/1285 train_time:41680ms step_avg:56.02ms
step:745/1285 train_time:41735ms step_avg:56.02ms
step:746/1285 train_time:41795ms step_avg:56.02ms
step:747/1285 train_time:41853ms step_avg:56.03ms
step:748/1285 train_time:41911ms step_avg:56.03ms
step:749/1285 train_time:41963ms step_avg:56.03ms
step:750/1285 train_time:42026ms step_avg:56.03ms
step:750/1285 val_loss:3.68064761 train_time:42084ms step_avg:56.11ms
step:751/1285 train_time:42139ms step_avg:56.11ms
step:752/1285 train_time:42201ms step_avg:56.12ms
step:753/1285 train_time:42255ms step_avg:56.11ms
step:754/1285 train_time:42315ms step_avg:56.12ms
step:755/1285 train_time:42367ms step_avg:56.12ms
step:756/1285 train_time:42425ms step_avg:56.12ms
step:757/1285 train_time:42475ms step_avg:56.11ms
step:758/1285 train_time:42537ms step_avg:56.12ms
step:759/1285 train_time:42588ms step_avg:56.11ms
step:760/1285 train_time:42647ms step_avg:56.11ms
step:761/1285 train_time:42700ms step_avg:56.11ms
step:762/1285 train_time:42759ms step_avg:56.11ms
step:763/1285 train_time:42808ms step_avg:56.10ms
step:764/1285 train_time:42863ms step_avg:56.10ms
step:765/1285 train_time:42915ms step_avg:56.10ms
step:766/1285 train_time:42973ms step_avg:56.10ms
step:767/1285 train_time:43025ms step_avg:56.09ms
step:768/1285 train_time:43081ms step_avg:56.10ms
step:769/1285 train_time:43130ms step_avg:56.09ms
step:770/1285 train_time:43190ms step_avg:56.09ms
step:771/1285 train_time:43242ms step_avg:56.09ms
step:772/1285 train_time:43307ms step_avg:56.10ms
step:773/1285 train_time:43359ms step_avg:56.09ms
step:774/1285 train_time:43423ms step_avg:56.10ms
step:775/1285 train_time:43479ms step_avg:56.10ms
step:776/1285 train_time:43540ms step_avg:56.11ms
step:777/1285 train_time:43593ms step_avg:56.10ms
step:778/1285 train_time:43654ms step_avg:56.11ms
step:779/1285 train_time:43707ms step_avg:56.11ms
step:780/1285 train_time:43769ms step_avg:56.11ms
step:781/1285 train_time:43821ms step_avg:56.11ms
step:782/1285 train_time:43884ms step_avg:56.12ms
step:783/1285 train_time:43937ms step_avg:56.11ms
step:784/1285 train_time:43998ms step_avg:56.12ms
step:785/1285 train_time:44048ms step_avg:56.11ms
step:786/1285 train_time:44113ms step_avg:56.12ms
step:787/1285 train_time:44165ms step_avg:56.12ms
step:788/1285 train_time:44229ms step_avg:56.13ms
step:789/1285 train_time:44281ms step_avg:56.12ms
step:790/1285 train_time:44349ms step_avg:56.14ms
step:791/1285 train_time:44402ms step_avg:56.13ms
step:792/1285 train_time:44461ms step_avg:56.14ms
step:793/1285 train_time:44514ms step_avg:56.13ms
step:794/1285 train_time:44579ms step_avg:56.14ms
step:795/1285 train_time:44679ms step_avg:56.20ms
step:796/1285 train_time:44744ms step_avg:56.21ms
step:797/1285 train_time:44804ms step_avg:56.22ms
step:798/1285 train_time:44863ms step_avg:56.22ms
step:799/1285 train_time:44917ms step_avg:56.22ms
step:800/1285 train_time:44977ms step_avg:56.22ms
step:801/1285 train_time:45031ms step_avg:56.22ms
step:802/1285 train_time:45088ms step_avg:56.22ms
step:803/1285 train_time:45139ms step_avg:56.21ms
step:804/1285 train_time:45196ms step_avg:56.21ms
step:805/1285 train_time:45252ms step_avg:56.21ms
step:806/1285 train_time:45310ms step_avg:56.22ms
step:807/1285 train_time:45361ms step_avg:56.21ms
step:808/1285 train_time:45417ms step_avg:56.21ms
step:809/1285 train_time:45469ms step_avg:56.20ms
step:810/1285 train_time:45528ms step_avg:56.21ms
step:811/1285 train_time:45583ms step_avg:56.21ms
step:812/1285 train_time:45652ms step_avg:56.22ms
step:813/1285 train_time:45705ms step_avg:56.22ms
step:814/1285 train_time:45768ms step_avg:56.23ms
step:815/1285 train_time:45819ms step_avg:56.22ms
step:816/1285 train_time:45887ms step_avg:56.23ms
step:817/1285 train_time:45939ms step_avg:56.23ms
step:818/1285 train_time:46000ms step_avg:56.23ms
step:819/1285 train_time:46052ms step_avg:56.23ms
step:820/1285 train_time:46114ms step_avg:56.24ms
step:821/1285 train_time:46168ms step_avg:56.23ms
step:822/1285 train_time:46226ms step_avg:56.24ms
step:823/1285 train_time:46278ms step_avg:56.23ms
step:824/1285 train_time:46344ms step_avg:56.24ms
step:825/1285 train_time:46399ms step_avg:56.24ms
step:826/1285 train_time:46459ms step_avg:56.25ms
step:827/1285 train_time:46514ms step_avg:56.24ms
step:828/1285 train_time:46576ms step_avg:56.25ms
step:829/1285 train_time:46625ms step_avg:56.24ms
step:830/1285 train_time:46690ms step_avg:56.25ms
step:831/1285 train_time:46742ms step_avg:56.25ms
step:832/1285 train_time:46805ms step_avg:56.26ms
step:833/1285 train_time:46859ms step_avg:56.25ms
step:834/1285 train_time:46922ms step_avg:56.26ms
step:835/1285 train_time:46975ms step_avg:56.26ms
step:836/1285 train_time:47037ms step_avg:56.26ms
step:837/1285 train_time:47090ms step_avg:56.26ms
step:838/1285 train_time:47152ms step_avg:56.27ms
step:839/1285 train_time:47205ms step_avg:56.26ms
step:840/1285 train_time:47267ms step_avg:56.27ms
step:841/1285 train_time:47320ms step_avg:56.27ms
step:842/1285 train_time:47381ms step_avg:56.27ms
step:843/1285 train_time:47434ms step_avg:56.27ms
step:844/1285 train_time:47495ms step_avg:56.27ms
step:845/1285 train_time:47549ms step_avg:56.27ms
step:846/1285 train_time:47612ms step_avg:56.28ms
step:847/1285 train_time:47667ms step_avg:56.28ms
step:848/1285 train_time:47733ms step_avg:56.29ms
step:849/1285 train_time:47810ms step_avg:56.31ms
step:850/1285 train_time:47899ms step_avg:56.35ms
step:851/1285 train_time:47977ms step_avg:56.38ms
step:852/1285 train_time:48067ms step_avg:56.42ms
step:853/1285 train_time:48143ms step_avg:56.44ms
step:854/1285 train_time:48233ms step_avg:56.48ms
step:855/1285 train_time:48308ms step_avg:56.50ms
step:856/1285 train_time:48398ms step_avg:56.54ms
step:857/1285 train_time:48475ms step_avg:56.56ms
step:858/1285 train_time:48566ms step_avg:56.60ms
step:859/1285 train_time:48644ms step_avg:56.63ms
step:860/1285 train_time:48734ms step_avg:56.67ms
step:861/1285 train_time:48812ms step_avg:56.69ms
step:862/1285 train_time:48903ms step_avg:56.73ms
step:863/1285 train_time:48984ms step_avg:56.76ms
step:864/1285 train_time:49070ms step_avg:56.79ms
step:865/1285 train_time:49146ms step_avg:56.82ms
step:866/1285 train_time:49235ms step_avg:56.85ms
step:867/1285 train_time:49311ms step_avg:56.88ms
step:868/1285 train_time:49401ms step_avg:56.91ms
step:869/1285 train_time:49478ms step_avg:56.94ms
step:870/1285 train_time:49569ms step_avg:56.98ms
step:871/1285 train_time:49646ms step_avg:57.00ms
step:872/1285 train_time:49735ms step_avg:57.04ms
step:873/1285 train_time:49814ms step_avg:57.06ms
step:874/1285 train_time:49906ms step_avg:57.10ms
step:875/1285 train_time:49984ms step_avg:57.12ms
step:876/1285 train_time:50074ms step_avg:57.16ms
step:877/1285 train_time:50151ms step_avg:57.18ms
step:878/1285 train_time:50240ms step_avg:57.22ms
step:879/1285 train_time:50317ms step_avg:57.24ms
step:880/1285 train_time:50408ms step_avg:57.28ms
step:881/1285 train_time:50484ms step_avg:57.30ms
step:882/1285 train_time:50575ms step_avg:57.34ms
step:883/1285 train_time:50651ms step_avg:57.36ms
step:884/1285 train_time:50740ms step_avg:57.40ms
step:885/1285 train_time:50818ms step_avg:57.42ms
step:886/1285 train_time:50910ms step_avg:57.46ms
step:887/1285 train_time:50987ms step_avg:57.48ms
step:888/1285 train_time:51077ms step_avg:57.52ms
step:889/1285 train_time:51153ms step_avg:57.54ms
step:890/1285 train_time:51241ms step_avg:57.57ms
step:891/1285 train_time:51319ms step_avg:57.60ms
step:892/1285 train_time:51410ms step_avg:57.63ms
step:893/1285 train_time:51487ms step_avg:57.66ms
step:894/1285 train_time:51577ms step_avg:57.69ms
step:895/1285 train_time:51653ms step_avg:57.71ms
step:896/1285 train_time:51743ms step_avg:57.75ms
step:897/1285 train_time:51822ms step_avg:57.77ms
step:898/1285 train_time:51913ms step_avg:57.81ms
step:899/1285 train_time:51989ms step_avg:57.83ms
step:900/1285 train_time:52080ms step_avg:57.87ms
step:901/1285 train_time:52156ms step_avg:57.89ms
step:902/1285 train_time:52244ms step_avg:57.92ms
step:903/1285 train_time:52322ms step_avg:57.94ms
step:904/1285 train_time:52411ms step_avg:57.98ms
step:905/1285 train_time:52489ms step_avg:58.00ms
step:906/1285 train_time:52580ms step_avg:58.03ms
step:907/1285 train_time:52655ms step_avg:58.05ms
step:908/1285 train_time:52746ms step_avg:58.09ms
step:909/1285 train_time:52824ms step_avg:58.11ms
step:910/1285 train_time:52915ms step_avg:58.15ms
step:911/1285 train_time:52992ms step_avg:58.17ms
step:912/1285 train_time:53082ms step_avg:58.20ms
step:913/1285 train_time:53159ms step_avg:58.22ms
step:914/1285 train_time:53248ms step_avg:58.26ms
step:915/1285 train_time:53324ms step_avg:58.28ms
step:916/1285 train_time:53416ms step_avg:58.31ms
step:917/1285 train_time:53492ms step_avg:58.33ms
step:918/1285 train_time:53583ms step_avg:58.37ms
step:919/1285 train_time:53660ms step_avg:58.39ms
step:920/1285 train_time:53750ms step_avg:58.42ms
step:921/1285 train_time:53828ms step_avg:58.44ms
step:922/1285 train_time:53917ms step_avg:58.48ms
step:923/1285 train_time:53993ms step_avg:58.50ms
step:924/1285 train_time:54083ms step_avg:58.53ms
step:925/1285 train_time:54163ms step_avg:58.55ms
step:926/1285 train_time:54253ms step_avg:58.59ms
step:927/1285 train_time:54328ms step_avg:58.61ms
step:928/1285 train_time:54418ms step_avg:58.64ms
step:929/1285 train_time:54494ms step_avg:58.66ms
step:930/1285 train_time:54585ms step_avg:58.69ms
step:931/1285 train_time:54662ms step_avg:58.71ms
step:932/1285 train_time:54752ms step_avg:58.75ms
step:933/1285 train_time:54830ms step_avg:58.77ms
step:934/1285 train_time:54919ms step_avg:58.80ms
step:935/1285 train_time:54996ms step_avg:58.82ms
step:936/1285 train_time:55089ms step_avg:58.86ms
step:937/1285 train_time:55166ms step_avg:58.88ms
step:938/1285 train_time:55254ms step_avg:58.91ms
step:939/1285 train_time:55331ms step_avg:58.93ms
step:940/1285 train_time:55422ms step_avg:58.96ms
step:941/1285 train_time:55499ms step_avg:58.98ms
step:942/1285 train_time:55590ms step_avg:59.01ms
step:943/1285 train_time:55667ms step_avg:59.03ms
step:944/1285 train_time:55756ms step_avg:59.06ms
step:945/1285 train_time:55832ms step_avg:59.08ms
step:946/1285 train_time:55923ms step_avg:59.12ms
step:947/1285 train_time:56001ms step_avg:59.14ms
step:948/1285 train_time:56092ms step_avg:59.17ms
step:949/1285 train_time:56168ms step_avg:59.19ms
step:950/1285 train_time:56258ms step_avg:59.22ms
step:951/1285 train_time:56333ms step_avg:59.24ms
step:952/1285 train_time:56424ms step_avg:59.27ms
step:953/1285 train_time:56502ms step_avg:59.29ms
step:954/1285 train_time:56592ms step_avg:59.32ms
step:955/1285 train_time:56669ms step_avg:59.34ms
step:956/1285 train_time:56758ms step_avg:59.37ms
step:957/1285 train_time:56835ms step_avg:59.39ms
step:958/1285 train_time:56927ms step_avg:59.42ms
step:959/1285 train_time:57004ms step_avg:59.44ms
step:960/1285 train_time:57093ms step_avg:59.47ms
step:961/1285 train_time:57171ms step_avg:59.49ms
step:962/1285 train_time:57259ms step_avg:59.52ms
step:963/1285 train_time:57335ms step_avg:59.54ms
step:964/1285 train_time:57427ms step_avg:59.57ms
step:965/1285 train_time:57504ms step_avg:59.59ms
step:966/1285 train_time:57595ms step_avg:59.62ms
step:967/1285 train_time:57671ms step_avg:59.64ms
step:968/1285 train_time:57762ms step_avg:59.67ms
step:969/1285 train_time:57838ms step_avg:59.69ms
step:970/1285 train_time:57929ms step_avg:59.72ms
step:971/1285 train_time:58007ms step_avg:59.74ms
step:972/1285 train_time:58097ms step_avg:59.77ms
step:973/1285 train_time:58173ms step_avg:59.79ms
step:974/1285 train_time:58263ms step_avg:59.82ms
step:975/1285 train_time:58340ms step_avg:59.84ms
step:976/1285 train_time:58431ms step_avg:59.87ms
step:977/1285 train_time:58507ms step_avg:59.88ms
step:978/1285 train_time:58596ms step_avg:59.91ms
step:979/1285 train_time:58673ms step_avg:59.93ms
step:980/1285 train_time:58762ms step_avg:59.96ms
step:981/1285 train_time:58840ms step_avg:59.98ms
step:982/1285 train_time:58932ms step_avg:60.01ms
step:983/1285 train_time:59008ms step_avg:60.03ms
step:984/1285 train_time:59099ms step_avg:60.06ms
step:985/1285 train_time:59173ms step_avg:60.07ms
step:986/1285 train_time:59264ms step_avg:60.11ms
step:987/1285 train_time:59341ms step_avg:60.12ms
step:988/1285 train_time:59431ms step_avg:60.15ms
step:989/1285 train_time:59508ms step_avg:60.17ms
step:990/1285 train_time:59597ms step_avg:60.20ms
step:991/1285 train_time:59673ms step_avg:60.21ms
step:992/1285 train_time:59763ms step_avg:60.25ms
step:993/1285 train_time:59842ms step_avg:60.26ms
step:994/1285 train_time:59932ms step_avg:60.29ms
step:995/1285 train_time:60010ms step_avg:60.31ms
step:996/1285 train_time:60099ms step_avg:60.34ms
step:997/1285 train_time:60177ms step_avg:60.36ms
step:998/1285 train_time:60267ms step_avg:60.39ms
step:999/1285 train_time:60345ms step_avg:60.41ms
step:1000/1285 train_time:60435ms step_avg:60.43ms
step:1000/1285 val_loss:3.41313529 train_time:60521ms step_avg:60.52ms
step:1001/1285 train_time:60576ms step_avg:60.52ms
step:1002/1285 train_time:60636ms step_avg:60.51ms
step:1003/1285 train_time:60690ms step_avg:60.51ms
step:1004/1285 train_time:60780ms step_avg:60.54ms
step:1005/1285 train_time:60860ms step_avg:60.56ms
step:1006/1285 train_time:60950ms step_avg:60.59ms
step:1007/1285 train_time:61026ms step_avg:60.60ms
step:1008/1285 train_time:61114ms step_avg:60.63ms
step:1009/1285 train_time:61191ms step_avg:60.64ms
step:1010/1285 train_time:61280ms step_avg:60.67ms
step:1011/1285 train_time:61355ms step_avg:60.69ms
step:1012/1285 train_time:61445ms step_avg:60.72ms
step:1013/1285 train_time:61524ms step_avg:60.73ms
step:1014/1285 train_time:61614ms step_avg:60.76ms
step:1015/1285 train_time:61693ms step_avg:60.78ms
step:1016/1285 train_time:61785ms step_avg:60.81ms
step:1017/1285 train_time:61864ms step_avg:60.83ms
step:1018/1285 train_time:61954ms step_avg:60.86ms
step:1019/1285 train_time:62029ms step_avg:60.87ms
step:1020/1285 train_time:62119ms step_avg:60.90ms
step:1021/1285 train_time:62195ms step_avg:60.92ms
step:1022/1285 train_time:62285ms step_avg:60.94ms
step:1023/1285 train_time:62360ms step_avg:60.96ms
step:1024/1285 train_time:62451ms step_avg:60.99ms
step:1025/1285 train_time:62528ms step_avg:61.00ms
step:1026/1285 train_time:62675ms step_avg:61.09ms
step:1027/1285 train_time:62731ms step_avg:61.08ms
step:1028/1285 train_time:62794ms step_avg:61.08ms
step:1029/1285 train_time:62866ms step_avg:61.09ms
step:1030/1285 train_time:62956ms step_avg:61.12ms
step:1031/1285 train_time:63032ms step_avg:61.14ms
step:1032/1285 train_time:63122ms step_avg:61.16ms
step:1033/1285 train_time:63198ms step_avg:61.18ms
step:1034/1285 train_time:63287ms step_avg:61.21ms
step:1035/1285 train_time:63363ms step_avg:61.22ms
step:1036/1285 train_time:63453ms step_avg:61.25ms
step:1037/1285 train_time:63530ms step_avg:61.26ms
step:1038/1285 train_time:63619ms step_avg:61.29ms
step:1039/1285 train_time:63699ms step_avg:61.31ms
step:1040/1285 train_time:63791ms step_avg:61.34ms
step:1041/1285 train_time:63867ms step_avg:61.35ms
step:1042/1285 train_time:63956ms step_avg:61.38ms
step:1043/1285 train_time:64033ms step_avg:61.39ms
step:1044/1285 train_time:64121ms step_avg:61.42ms
step:1045/1285 train_time:64199ms step_avg:61.43ms
step:1046/1285 train_time:64289ms step_avg:61.46ms
step:1047/1285 train_time:64365ms step_avg:61.48ms
step:1048/1285 train_time:64455ms step_avg:61.50ms
step:1049/1285 train_time:64530ms step_avg:61.52ms
step:1050/1285 train_time:64621ms step_avg:61.54ms
step:1051/1285 train_time:64700ms step_avg:61.56ms
step:1052/1285 train_time:64791ms step_avg:61.59ms
step:1053/1285 train_time:64867ms step_avg:61.60ms
step:1054/1285 train_time:64958ms step_avg:61.63ms
step:1055/1285 train_time:65035ms step_avg:61.64ms
step:1056/1285 train_time:65122ms step_avg:61.67ms
step:1057/1285 train_time:65202ms step_avg:61.69ms
step:1058/1285 train_time:65291ms step_avg:61.71ms
step:1059/1285 train_time:65367ms step_avg:61.73ms
step:1060/1285 train_time:65457ms step_avg:61.75ms
step:1061/1285 train_time:65532ms step_avg:61.76ms
step:1062/1285 train_time:65623ms step_avg:61.79ms
step:1063/1285 train_time:65701ms step_avg:61.81ms
step:1064/1285 train_time:65792ms step_avg:61.83ms
step:1065/1285 train_time:65868ms step_avg:61.85ms
step:1066/1285 train_time:65959ms step_avg:61.88ms
step:1067/1285 train_time:66035ms step_avg:61.89ms
step:1068/1285 train_time:66124ms step_avg:61.91ms
step:1069/1285 train_time:66203ms step_avg:61.93ms
step:1070/1285 train_time:66293ms step_avg:61.96ms
step:1071/1285 train_time:66369ms step_avg:61.97ms
step:1072/1285 train_time:66459ms step_avg:62.00ms
step:1073/1285 train_time:66534ms step_avg:62.01ms
step:1074/1285 train_time:66625ms step_avg:62.03ms
step:1075/1285 train_time:66703ms step_avg:62.05ms
step:1076/1285 train_time:66792ms step_avg:62.07ms
step:1077/1285 train_time:66869ms step_avg:62.09ms
step:1078/1285 train_time:66959ms step_avg:62.11ms
step:1079/1285 train_time:67035ms step_avg:62.13ms
step:1080/1285 train_time:67125ms step_avg:62.15ms
step:1081/1285 train_time:67203ms step_avg:62.17ms
step:1082/1285 train_time:67293ms step_avg:62.19ms
step:1083/1285 train_time:67371ms step_avg:62.21ms
step:1084/1285 train_time:67461ms step_avg:62.23ms
step:1085/1285 train_time:67536ms step_avg:62.25ms
step:1086/1285 train_time:67626ms step_avg:62.27ms
step:1087/1285 train_time:67703ms step_avg:62.28ms
step:1088/1285 train_time:67794ms step_avg:62.31ms
step:1089/1285 train_time:67869ms step_avg:62.32ms
step:1090/1285 train_time:67960ms step_avg:62.35ms
step:1091/1285 train_time:68036ms step_avg:62.36ms
step:1092/1285 train_time:68127ms step_avg:62.39ms
step:1093/1285 train_time:68203ms step_avg:62.40ms
step:1094/1285 train_time:68294ms step_avg:62.43ms
step:1095/1285 train_time:68370ms step_avg:62.44ms
step:1096/1285 train_time:68460ms step_avg:62.46ms
step:1097/1285 train_time:68537ms step_avg:62.48ms
step:1098/1285 train_time:68626ms step_avg:62.50ms
step:1099/1285 train_time:68705ms step_avg:62.52ms
step:1100/1285 train_time:68795ms step_avg:62.54ms
step:1101/1285 train_time:68870ms step_avg:62.55ms
step:1102/1285 train_time:68960ms step_avg:62.58ms
step:1103/1285 train_time:69037ms step_avg:62.59ms
step:1104/1285 train_time:69126ms step_avg:62.61ms
step:1105/1285 train_time:69205ms step_avg:62.63ms
step:1106/1285 train_time:69293ms step_avg:62.65ms
step:1107/1285 train_time:69370ms step_avg:62.66ms
step:1108/1285 train_time:69460ms step_avg:62.69ms
step:1109/1285 train_time:69538ms step_avg:62.70ms
step:1110/1285 train_time:69628ms step_avg:62.73ms
step:1111/1285 train_time:69704ms step_avg:62.74ms
step:1112/1285 train_time:69795ms step_avg:62.76ms
step:1113/1285 train_time:69871ms step_avg:62.78ms
step:1114/1285 train_time:69961ms step_avg:62.80ms
step:1115/1285 train_time:70038ms step_avg:62.81ms
step:1116/1285 train_time:70129ms step_avg:62.84ms
step:1117/1285 train_time:70205ms step_avg:62.85ms
step:1118/1285 train_time:70295ms step_avg:62.88ms
step:1119/1285 train_time:70371ms step_avg:62.89ms
step:1120/1285 train_time:70460ms step_avg:62.91ms
step:1121/1285 train_time:70539ms step_avg:62.93ms
step:1122/1285 train_time:70628ms step_avg:62.95ms
step:1123/1285 train_time:70705ms step_avg:62.96ms
step:1124/1285 train_time:70795ms step_avg:62.98ms
step:1125/1285 train_time:70870ms step_avg:63.00ms
step:1126/1285 train_time:70961ms step_avg:63.02ms
step:1127/1285 train_time:71037ms step_avg:63.03ms
step:1128/1285 train_time:71128ms step_avg:63.06ms
step:1129/1285 train_time:71205ms step_avg:63.07ms
step:1130/1285 train_time:71295ms step_avg:63.09ms
step:1131/1285 train_time:71370ms step_avg:63.10ms
step:1132/1285 train_time:71461ms step_avg:63.13ms
step:1133/1285 train_time:71540ms step_avg:63.14ms
step:1134/1285 train_time:71627ms step_avg:63.16ms
step:1135/1285 train_time:71704ms step_avg:63.18ms
step:1136/1285 train_time:71793ms step_avg:63.20ms
step:1137/1285 train_time:71870ms step_avg:63.21ms
step:1138/1285 train_time:71959ms step_avg:63.23ms
step:1139/1285 train_time:72037ms step_avg:63.25ms
step:1140/1285 train_time:72128ms step_avg:63.27ms
step:1141/1285 train_time:72205ms step_avg:63.28ms
step:1142/1285 train_time:72294ms step_avg:63.30ms
step:1143/1285 train_time:72370ms step_avg:63.32ms
step:1144/1285 train_time:72459ms step_avg:63.34ms
step:1145/1285 train_time:72537ms step_avg:63.35ms
step:1146/1285 train_time:72627ms step_avg:63.37ms
step:1147/1285 train_time:72703ms step_avg:63.39ms
step:1148/1285 train_time:72794ms step_avg:63.41ms
step:1149/1285 train_time:72867ms step_avg:63.42ms
step:1150/1285 train_time:72958ms step_avg:63.44ms
step:1151/1285 train_time:73034ms step_avg:63.45ms
step:1152/1285 train_time:73125ms step_avg:63.48ms
step:1153/1285 train_time:73202ms step_avg:63.49ms
step:1154/1285 train_time:73294ms step_avg:63.51ms
step:1155/1285 train_time:73369ms step_avg:63.52ms
step:1156/1285 train_time:73459ms step_avg:63.55ms
step:1157/1285 train_time:73537ms step_avg:63.56ms
step:1158/1285 train_time:73627ms step_avg:63.58ms
step:1159/1285 train_time:73703ms step_avg:63.59ms
step:1160/1285 train_time:73794ms step_avg:63.62ms
step:1161/1285 train_time:73868ms step_avg:63.62ms
step:1162/1285 train_time:73959ms step_avg:63.65ms
step:1163/1285 train_time:74034ms step_avg:63.66ms
step:1164/1285 train_time:74125ms step_avg:63.68ms
step:1165/1285 train_time:74201ms step_avg:63.69ms
step:1166/1285 train_time:74291ms step_avg:63.71ms
step:1167/1285 train_time:74368ms step_avg:63.73ms
step:1168/1285 train_time:74457ms step_avg:63.75ms
step:1169/1285 train_time:74535ms step_avg:63.76ms
step:1170/1285 train_time:74624ms step_avg:63.78ms
step:1171/1285 train_time:74701ms step_avg:63.79ms
step:1172/1285 train_time:74791ms step_avg:63.82ms
step:1173/1285 train_time:74869ms step_avg:63.83ms
step:1174/1285 train_time:74956ms step_avg:63.85ms
step:1175/1285 train_time:75032ms step_avg:63.86ms
step:1176/1285 train_time:75123ms step_avg:63.88ms
step:1177/1285 train_time:75201ms step_avg:63.89ms
step:1178/1285 train_time:75289ms step_avg:63.91ms
step:1179/1285 train_time:75367ms step_avg:63.92ms
step:1180/1285 train_time:75456ms step_avg:63.95ms
step:1181/1285 train_time:75531ms step_avg:63.96ms
step:1182/1285 train_time:75623ms step_avg:63.98ms
step:1183/1285 train_time:75701ms step_avg:63.99ms
step:1184/1285 train_time:75790ms step_avg:64.01ms
step:1185/1285 train_time:75867ms step_avg:64.02ms
step:1186/1285 train_time:75956ms step_avg:64.04ms
step:1187/1285 train_time:76031ms step_avg:64.05ms
step:1188/1285 train_time:76121ms step_avg:64.08ms
step:1189/1285 train_time:76199ms step_avg:64.09ms
step:1190/1285 train_time:76290ms step_avg:64.11ms
step:1191/1285 train_time:76366ms step_avg:64.12ms
step:1192/1285 train_time:76455ms step_avg:64.14ms
step:1193/1285 train_time:76530ms step_avg:64.15ms
step:1194/1285 train_time:76621ms step_avg:64.17ms
step:1195/1285 train_time:76697ms step_avg:64.18ms
step:1196/1285 train_time:76789ms step_avg:64.20ms
step:1197/1285 train_time:76865ms step_avg:64.21ms
step:1198/1285 train_time:76954ms step_avg:64.24ms
step:1199/1285 train_time:77032ms step_avg:64.25ms
step:1200/1285 train_time:77179ms step_avg:64.32ms
step:1201/1285 train_time:77289ms step_avg:64.35ms
step:1202/1285 train_time:77761ms step_avg:64.69ms
step:1203/1285 train_time:77870ms step_avg:64.73ms
step:1204/1285 train_time:77964ms step_avg:64.75ms
step:1205/1285 train_time:78042ms step_avg:64.77ms
step:1206/1285 train_time:78111ms step_avg:64.77ms
step:1207/1285 train_time:78170ms step_avg:64.76ms
step:1208/1285 train_time:78238ms step_avg:64.77ms
step:1209/1285 train_time:78305ms step_avg:64.77ms
step:1210/1285 train_time:78394ms step_avg:64.79ms
step:1211/1285 train_time:78469ms step_avg:64.80ms
step:1212/1285 train_time:78557ms step_avg:64.82ms
step:1213/1285 train_time:78632ms step_avg:64.82ms
step:1214/1285 train_time:78722ms step_avg:64.85ms
step:1215/1285 train_time:78800ms step_avg:64.86ms
step:1216/1285 train_time:78889ms step_avg:64.88ms
step:1217/1285 train_time:78968ms step_avg:64.89ms
step:1218/1285 train_time:79059ms step_avg:64.91ms
step:1219/1285 train_time:79137ms step_avg:64.92ms
step:1220/1285 train_time:79229ms step_avg:64.94ms
step:1221/1285 train_time:79303ms step_avg:64.95ms
step:1222/1285 train_time:79393ms step_avg:64.97ms
step:1223/1285 train_time:79468ms step_avg:64.98ms
step:1224/1285 train_time:79555ms step_avg:65.00ms
step:1225/1285 train_time:79632ms step_avg:65.01ms
step:1226/1285 train_time:79721ms step_avg:65.03ms
step:1227/1285 train_time:79796ms step_avg:65.03ms
step:1228/1285 train_time:79889ms step_avg:65.06ms
step:1229/1285 train_time:79966ms step_avg:65.07ms
step:1230/1285 train_time:80078ms step_avg:65.10ms
step:1231/1285 train_time:80157ms step_avg:65.12ms
step:1232/1285 train_time:80261ms step_avg:65.15ms
step:1233/1285 train_time:80354ms step_avg:65.17ms
step:1234/1285 train_time:80428ms step_avg:65.18ms
step:1235/1285 train_time:80484ms step_avg:65.17ms
step:1236/1285 train_time:80555ms step_avg:65.17ms
step:1237/1285 train_time:80631ms step_avg:65.18ms
step:1238/1285 train_time:80754ms step_avg:65.23ms
step:1239/1285 train_time:80818ms step_avg:65.23ms
step:1240/1285 train_time:80886ms step_avg:65.23ms
step:1241/1285 train_time:80965ms step_avg:65.24ms
step:1242/1285 train_time:81055ms step_avg:65.26ms
step:1243/1285 train_time:81131ms step_avg:65.27ms
step:1244/1285 train_time:81222ms step_avg:65.29ms
step:1245/1285 train_time:81299ms step_avg:65.30ms
step:1246/1285 train_time:81391ms step_avg:65.32ms
step:1247/1285 train_time:81468ms step_avg:65.33ms
step:1248/1285 train_time:81555ms step_avg:65.35ms
step:1249/1285 train_time:81630ms step_avg:65.36ms
step:1250/1285 train_time:81719ms step_avg:65.38ms
step:1250/1285 val_loss:3.29169941 train_time:81806ms step_avg:65.45ms
step:1251/1285 train_time:81866ms step_avg:65.44ms
step:1252/1285 train_time:81929ms step_avg:65.44ms
step:1253/1285 train_time:81984ms step_avg:65.43ms
step:1254/1285 train_time:82071ms step_avg:65.45ms
step:1255/1285 train_time:82148ms step_avg:65.46ms
step:1256/1285 train_time:82238ms step_avg:65.48ms
step:1257/1285 train_time:82313ms step_avg:65.48ms
step:1258/1285 train_time:82401ms step_avg:65.50ms
step:1259/1285 train_time:82476ms step_avg:65.51ms
step:1260/1285 train_time:82565ms step_avg:65.53ms
step:1261/1285 train_time:82641ms step_avg:65.54ms
step:1262/1285 train_time:82733ms step_avg:65.56ms
step:1263/1285 train_time:82810ms step_avg:65.57ms
step:1264/1285 train_time:82899ms step_avg:65.58ms
step:1265/1285 train_time:82977ms step_avg:65.59ms
step:1266/1285 train_time:83070ms step_avg:65.62ms
step:1267/1285 train_time:83148ms step_avg:65.63ms
step:1268/1285 train_time:83238ms step_avg:65.64ms
step:1269/1285 train_time:83314ms step_avg:65.65ms
step:1270/1285 train_time:83401ms step_avg:65.67ms
step:1271/1285 train_time:83479ms step_avg:65.68ms
step:1272/1285 train_time:83573ms step_avg:65.70ms
step:1273/1285 train_time:83648ms step_avg:65.71ms
step:1274/1285 train_time:83737ms step_avg:65.73ms
step:1275/1285 train_time:83815ms step_avg:65.74ms
step:1276/1285 train_time:83905ms step_avg:65.76ms
step:1277/1285 train_time:83985ms step_avg:65.77ms
step:1278/1285 train_time:84075ms step_avg:65.79ms
step:1279/1285 train_time:84155ms step_avg:65.80ms
step:1280/1285 train_time:84244ms step_avg:65.82ms
step:1281/1285 train_time:84320ms step_avg:65.82ms
step:1282/1285 train_time:84410ms step_avg:65.84ms
step:1283/1285 train_time:84488ms step_avg:65.85ms
step:1284/1285 train_time:84576ms step_avg:65.87ms
step:1285/1285 train_time:84653ms step_avg:65.88ms
step:1285/1285 val_loss:3.27528143 train_time:84743ms step_avg:65.95ms
peak memory allocated: 31347 MiB reserved: 38832 MiB
