HARNESS_TRAINING_ENV={"OMP_NUM_THREADS": "1", "MKL_NUM_THREADS": "1", "torch_num_threads": 1, "torch_num_interop_threads": 43}
[Gloo] Rank [Gloo] Rank 51 is connected to  is connected to 77 peer ranks. [Gloo] Rank 2 peer ranks. Expected number of connected peer ranks is :  is connected to Expected number of connected peer ranks is : 7
77
 peer ranks. Expected number of connected peer ranks is : 7
[Gloo] Rank 3 is connected to 7 peer ranks. Expected number of connected peer ranks is : 7
[Gloo] Rank 0 is connected to 7 peer ranks. Expected number of connected peer ranks is : 7
[Gloo] Rank 7 is connected to [Gloo] Rank 4 is connected to 77 peer ranks.  peer ranks. Expected number of connected peer ranks is : Expected number of connected peer ranks is : 7[Gloo] Rank 76

 is connected to 7 peer ranks. Expected number of connected peer ranks is : 7
/workspace/train_gpt.py:1069: UserWarning: Skipping publisher trust check for 'kernels-community/flash-attn3' because Hugging Face Hub is in offline mode.
  flash_attn_interface = get_kernel('kernels-community/flash-attn3', version=1).flash_attn_interface
/workspace/train_gpt.py:1069: UserWarning: Skipping publisher trust check for 'kernels-community/flash-attn3' because Hugging Face Hub is in offline mode.
  flash_attn_interface = get_kernel('kernels-community/flash-attn3', version=1).flash_attn_interface
/workspace/train_gpt.py:1069: UserWarning: Skipping publisher trust check for 'kernels-community/flash-attn3' because Hugging Face Hub is in offline mode.
  flash_attn_interface = get_kernel('kernels-community/flash-attn3', version=1).flash_attn_interface
/workspace/train_gpt.py:1069: UserWarning: Skipping publisher trust check for 'kernels-community/flash-attn3' because Hugging Face Hub is in offline mode.
  flash_attn_interface = get_kernel('kernels-community/flash-attn3', version=1).flash_attn_interface
/workspace/train_gpt.py:1069: UserWarning: Skipping publisher trust check for 'kernels-community/flash-attn3' because Hugging Face Hub is in offline mode.
  flash_attn_interface = get_kernel('kernels-community/flash-attn3', version=1).flash_attn_interface
/workspace/train_gpt.py:1069: UserWarning: Skipping publisher trust check for 'kernels-community/flash-attn3' because Hugging Face Hub is in offline mode.
  flash_attn_interface = get_kernel('kernels-community/flash-attn3', version=1).flash_attn_interface
/workspace/train_gpt.py:1069: UserWarning: Skipping publisher trust check for 'kernels-community/flash-attn3' because Hugging Face Hub is in offline mode.
  flash_attn_interface = get_kernel('kernels-community/flash-attn3', version=1).flash_attn_interface
/workspace/train_gpt.py:1069: UserWarning: Skipping publisher trust check for 'kernels-community/flash-attn3' because Hugging Face Hub is in offline mode.
  flash_attn_interface = get_kernel('kernels-community/flash-attn3', version=1).flash_attn_interface
logs/948bfb30-2c0b-4a20-a15a-11cd5729986d.txt
Compiling model and warming up kernels (~7 minutes on first execution)
Sampling steps [0, 1, 421, 422, 423, 424, 845, 846, 847, 848, 1268, 1269, 1270, 1271] for warmup
Resetting Model
step:0/1285 val_loss:10.83049202 train_time:72ms step_avg:72.05ms
step:1/1285 train_time:320ms step_avg:319.61ms
step:2/1285 train_time:386ms step_avg:192.89ms
step:3/1285 train_time:441ms step_avg:146.89ms
step:4/1285 train_time:497ms step_avg:124.33ms
step:5/1285 train_time:554ms step_avg:110.87ms
step:6/1285 train_time:618ms step_avg:103.00ms
step:7/1285 train_time:680ms step_avg:97.08ms
step:8/1285 train_time:742ms step_avg:92.75ms
step:9/1285 train_time:791ms step_avg:87.93ms
step:10/1285 train_time:852ms step_avg:85.19ms
step:11/1285 train_time:904ms step_avg:82.18ms
step:12/1285 train_time:965ms step_avg:80.40ms
step:13/1285 train_time:1017ms step_avg:78.24ms
step:14/1285 train_time:1075ms step_avg:76.82ms
step:15/1285 train_time:1126ms step_avg:75.04ms
step:16/1285 train_time:1183ms step_avg:73.93ms
step:17/1285 train_time:1236ms step_avg:72.69ms
step:18/1285 train_time:1293ms step_avg:71.82ms
step:19/1285 train_time:1343ms step_avg:70.71ms
step:20/1285 train_time:1402ms step_avg:70.12ms
step:21/1285 train_time:1452ms step_avg:69.14ms
step:22/1285 train_time:1510ms step_avg:68.62ms
step:23/1285 train_time:1562ms step_avg:67.90ms
step:24/1285 train_time:1620ms step_avg:67.48ms
step:25/1285 train_time:1671ms step_avg:66.85ms
step:26/1285 train_time:1729ms step_avg:66.51ms
step:27/1285 train_time:1779ms step_avg:65.88ms
step:28/1285 train_time:1836ms step_avg:65.58ms
step:29/1285 train_time:1885ms step_avg:65.01ms
step:30/1285 train_time:1939ms step_avg:64.63ms
step:31/1285 train_time:1989ms step_avg:64.15ms
step:32/1285 train_time:2046ms step_avg:63.95ms
step:33/1285 train_time:2095ms step_avg:63.50ms
step:34/1285 train_time:2154ms step_avg:63.34ms
step:35/1285 train_time:2203ms step_avg:62.94ms
step:36/1285 train_time:2260ms step_avg:62.79ms
step:37/1285 train_time:2313ms step_avg:62.51ms
step:38/1285 train_time:2369ms step_avg:62.35ms
step:39/1285 train_time:2423ms step_avg:62.12ms
step:40/1285 train_time:2482ms step_avg:62.04ms
step:41/1285 train_time:2532ms step_avg:61.75ms
step:42/1285 train_time:2593ms step_avg:61.73ms
step:43/1285 train_time:2642ms step_avg:61.43ms
step:44/1285 train_time:2699ms step_avg:61.33ms
step:45/1285 train_time:2749ms step_avg:61.09ms
step:46/1285 train_time:2807ms step_avg:61.02ms
step:47/1285 train_time:2857ms step_avg:60.79ms
step:48/1285 train_time:2914ms step_avg:60.70ms
step:49/1285 train_time:2965ms step_avg:60.51ms
step:50/1285 train_time:3020ms step_avg:60.40ms
step:51/1285 train_time:3070ms step_avg:60.20ms
step:52/1285 train_time:3127ms step_avg:60.14ms
step:53/1285 train_time:3175ms step_avg:59.91ms
step:54/1285 train_time:3234ms step_avg:59.89ms
step:55/1285 train_time:3283ms step_avg:59.69ms
step:56/1285 train_time:3340ms step_avg:59.65ms
step:57/1285 train_time:3391ms step_avg:59.48ms
step:58/1285 train_time:3445ms step_avg:59.40ms
step:59/1285 train_time:3493ms step_avg:59.20ms
step:60/1285 train_time:3552ms step_avg:59.21ms
step:61/1285 train_time:3604ms step_avg:59.09ms
step:62/1285 train_time:3658ms step_avg:59.00ms
step:63/1285 train_time:3706ms step_avg:58.83ms
step:64/1285 train_time:3764ms step_avg:58.81ms
step:65/1285 train_time:3814ms step_avg:58.68ms
step:66/1285 train_time:3873ms step_avg:58.67ms
step:67/1285 train_time:3924ms step_avg:58.56ms
step:68/1285 train_time:3980ms step_avg:58.53ms
step:69/1285 train_time:4029ms step_avg:58.39ms
step:70/1285 train_time:4085ms step_avg:58.36ms
step:71/1285 train_time:4136ms step_avg:58.25ms
step:72/1285 train_time:4193ms step_avg:58.24ms
step:73/1285 train_time:4245ms step_avg:58.15ms
step:74/1285 train_time:4304ms step_avg:58.16ms
step:75/1285 train_time:4355ms step_avg:58.06ms
step:76/1285 train_time:4413ms step_avg:58.06ms
step:77/1285 train_time:4464ms step_avg:57.97ms
step:78/1285 train_time:4521ms step_avg:57.97ms
step:79/1285 train_time:4571ms step_avg:57.85ms
step:80/1285 train_time:4628ms step_avg:57.85ms
step:81/1285 train_time:4679ms step_avg:57.77ms
step:82/1285 train_time:4732ms step_avg:57.71ms
step:83/1285 train_time:4780ms step_avg:57.59ms
step:84/1285 train_time:4837ms step_avg:57.58ms
step:85/1285 train_time:4887ms step_avg:57.50ms
step:86/1285 train_time:4944ms step_avg:57.49ms
step:87/1285 train_time:4993ms step_avg:57.39ms
step:88/1285 train_time:5051ms step_avg:57.39ms
step:89/1285 train_time:5100ms step_avg:57.30ms
step:90/1285 train_time:5157ms step_avg:57.30ms
step:91/1285 train_time:5205ms step_avg:57.19ms
step:92/1285 train_time:5259ms step_avg:57.16ms
step:93/1285 train_time:5305ms step_avg:57.05ms
step:94/1285 train_time:5363ms step_avg:57.05ms
step:95/1285 train_time:5410ms step_avg:56.94ms
step:96/1285 train_time:5467ms step_avg:56.94ms
step:97/1285 train_time:5515ms step_avg:56.86ms
step:98/1285 train_time:5571ms step_avg:56.84ms
step:99/1285 train_time:5618ms step_avg:56.75ms
step:100/1285 train_time:5675ms step_avg:56.75ms
step:101/1285 train_time:5725ms step_avg:56.68ms
step:102/1285 train_time:5783ms step_avg:56.70ms
step:103/1285 train_time:5830ms step_avg:56.60ms
step:104/1285 train_time:5886ms step_avg:56.59ms
step:105/1285 train_time:5935ms step_avg:56.52ms
step:106/1285 train_time:5991ms step_avg:56.52ms
step:107/1285 train_time:6040ms step_avg:56.45ms
step:108/1285 train_time:6098ms step_avg:56.47ms
step:109/1285 train_time:6148ms step_avg:56.40ms
step:110/1285 train_time:6206ms step_avg:56.42ms
step:111/1285 train_time:6254ms step_avg:56.35ms
step:112/1285 train_time:6312ms step_avg:56.36ms
step:113/1285 train_time:6361ms step_avg:56.30ms
step:114/1285 train_time:6417ms step_avg:56.29ms
step:115/1285 train_time:6465ms step_avg:56.22ms
step:116/1285 train_time:6521ms step_avg:56.21ms
step:117/1285 train_time:6572ms step_avg:56.17ms
step:118/1285 train_time:6627ms step_avg:56.16ms
step:119/1285 train_time:6673ms step_avg:56.08ms
step:120/1285 train_time:6729ms step_avg:56.07ms
step:121/1285 train_time:6778ms step_avg:56.01ms
step:122/1285 train_time:6833ms step_avg:56.01ms
step:123/1285 train_time:6885ms step_avg:55.97ms
step:124/1285 train_time:6941ms step_avg:55.97ms
step:125/1285 train_time:6990ms step_avg:55.92ms
step:126/1285 train_time:7051ms step_avg:55.96ms
step:127/1285 train_time:7099ms step_avg:55.90ms
step:128/1285 train_time:7157ms step_avg:55.92ms
step:129/1285 train_time:7206ms step_avg:55.86ms
step:130/1285 train_time:7263ms step_avg:55.87ms
step:131/1285 train_time:7313ms step_avg:55.82ms
step:132/1285 train_time:7368ms step_avg:55.82ms
step:133/1285 train_time:7417ms step_avg:55.77ms
step:134/1285 train_time:7473ms step_avg:55.77ms
step:135/1285 train_time:7523ms step_avg:55.72ms
step:136/1285 train_time:7581ms step_avg:55.74ms
step:137/1285 train_time:7631ms step_avg:55.70ms
step:138/1285 train_time:7689ms step_avg:55.72ms
step:139/1285 train_time:7738ms step_avg:55.67ms
step:140/1285 train_time:7794ms step_avg:55.67ms
step:141/1285 train_time:7844ms step_avg:55.63ms
step:142/1285 train_time:7903ms step_avg:55.65ms
step:143/1285 train_time:7951ms step_avg:55.60ms
step:144/1285 train_time:8005ms step_avg:55.59ms
step:145/1285 train_time:8057ms step_avg:55.56ms
step:146/1285 train_time:8113ms step_avg:55.57ms
step:147/1285 train_time:8164ms step_avg:55.54ms
step:148/1285 train_time:8220ms step_avg:55.54ms
step:149/1285 train_time:8271ms step_avg:55.51ms
step:150/1285 train_time:8327ms step_avg:55.51ms
step:151/1285 train_time:8374ms step_avg:55.46ms
step:152/1285 train_time:8428ms step_avg:55.45ms
step:153/1285 train_time:8480ms step_avg:55.43ms
step:154/1285 train_time:8534ms step_avg:55.41ms
step:155/1285 train_time:8584ms step_avg:55.38ms
step:156/1285 train_time:8637ms step_avg:55.37ms
step:157/1285 train_time:8686ms step_avg:55.33ms
step:158/1285 train_time:8740ms step_avg:55.32ms
step:159/1285 train_time:8789ms step_avg:55.28ms
step:160/1285 train_time:8847ms step_avg:55.29ms
step:161/1285 train_time:8895ms step_avg:55.25ms
step:162/1285 train_time:8951ms step_avg:55.25ms
step:163/1285 train_time:9001ms step_avg:55.22ms
step:164/1285 train_time:9058ms step_avg:55.23ms
step:165/1285 train_time:9109ms step_avg:55.20ms
step:166/1285 train_time:9167ms step_avg:55.22ms
step:167/1285 train_time:9216ms step_avg:55.18ms
step:168/1285 train_time:9273ms step_avg:55.20ms
step:169/1285 train_time:9325ms step_avg:55.18ms
step:170/1285 train_time:9384ms step_avg:55.20ms
step:171/1285 train_time:9431ms step_avg:55.15ms
step:172/1285 train_time:9488ms step_avg:55.16ms
step:173/1285 train_time:9537ms step_avg:55.13ms
step:174/1285 train_time:9592ms step_avg:55.13ms
step:175/1285 train_time:9638ms step_avg:55.07ms
step:176/1285 train_time:9693ms step_avg:55.07ms
step:177/1285 train_time:9741ms step_avg:55.03ms
step:178/1285 train_time:9794ms step_avg:55.02ms
step:179/1285 train_time:9843ms step_avg:54.99ms
step:180/1285 train_time:9899ms step_avg:54.99ms
step:181/1285 train_time:9948ms step_avg:54.96ms
step:182/1285 train_time:10002ms step_avg:54.96ms
step:183/1285 train_time:10051ms step_avg:54.93ms
step:184/1285 train_time:10110ms step_avg:54.94ms
step:185/1285 train_time:10160ms step_avg:54.92ms
step:186/1285 train_time:10216ms step_avg:54.92ms
step:187/1285 train_time:10265ms step_avg:54.89ms
step:188/1285 train_time:10320ms step_avg:54.90ms
step:189/1285 train_time:10370ms step_avg:54.87ms
step:190/1285 train_time:10426ms step_avg:54.87ms
step:191/1285 train_time:10477ms step_avg:54.85ms
step:192/1285 train_time:10533ms step_avg:54.86ms
step:193/1285 train_time:10583ms step_avg:54.83ms
step:194/1285 train_time:10638ms step_avg:54.84ms
step:195/1285 train_time:10688ms step_avg:54.81ms
step:196/1285 train_time:10743ms step_avg:54.81ms
step:197/1285 train_time:10793ms step_avg:54.79ms
step:198/1285 train_time:10851ms step_avg:54.80ms
step:199/1285 train_time:10901ms step_avg:54.78ms
step:200/1285 train_time:10957ms step_avg:54.78ms
step:201/1285 train_time:11006ms step_avg:54.75ms
step:202/1285 train_time:11063ms step_avg:54.77ms
step:203/1285 train_time:11114ms step_avg:54.75ms
step:204/1285 train_time:11171ms step_avg:54.76ms
step:205/1285 train_time:11223ms step_avg:54.75ms
step:206/1285 train_time:11279ms step_avg:54.75ms
step:207/1285 train_time:11326ms step_avg:54.72ms
step:208/1285 train_time:11380ms step_avg:54.71ms
step:209/1285 train_time:11427ms step_avg:54.68ms
step:210/1285 train_time:11483ms step_avg:54.68ms
step:211/1285 train_time:11534ms step_avg:54.67ms
step:212/1285 train_time:11591ms step_avg:54.68ms
step:213/1285 train_time:11640ms step_avg:54.65ms
step:214/1285 train_time:11696ms step_avg:54.65ms
step:215/1285 train_time:11746ms step_avg:54.63ms
step:216/1285 train_time:11801ms step_avg:54.63ms
step:217/1285 train_time:11851ms step_avg:54.61ms
step:218/1285 train_time:11906ms step_avg:54.62ms
step:219/1285 train_time:11958ms step_avg:54.60ms
step:220/1285 train_time:12014ms step_avg:54.61ms
step:221/1285 train_time:12064ms step_avg:54.59ms
step:222/1285 train_time:12122ms step_avg:54.60ms
step:223/1285 train_time:12170ms step_avg:54.58ms
step:224/1285 train_time:12228ms step_avg:54.59ms
step:225/1285 train_time:12276ms step_avg:54.56ms
step:226/1285 train_time:12333ms step_avg:54.57ms
step:227/1285 train_time:12382ms step_avg:54.55ms
step:228/1285 train_time:12441ms step_avg:54.56ms
step:229/1285 train_time:12492ms step_avg:54.55ms
step:230/1285 train_time:12549ms step_avg:54.56ms
step:231/1285 train_time:12597ms step_avg:54.53ms
step:232/1285 train_time:12653ms step_avg:54.54ms
step:233/1285 train_time:12703ms step_avg:54.52ms
step:234/1285 train_time:12759ms step_avg:54.52ms
step:235/1285 train_time:12810ms step_avg:54.51ms
step:236/1285 train_time:12866ms step_avg:54.52ms
step:237/1285 train_time:12918ms step_avg:54.51ms
step:238/1285 train_time:12973ms step_avg:54.51ms
step:239/1285 train_time:13023ms step_avg:54.49ms
step:240/1285 train_time:13079ms step_avg:54.50ms
step:241/1285 train_time:13130ms step_avg:54.48ms
step:242/1285 train_time:13184ms step_avg:54.48ms
step:243/1285 train_time:13235ms step_avg:54.47ms
step:244/1285 train_time:13291ms step_avg:54.47ms
step:245/1285 train_time:13340ms step_avg:54.45ms
step:246/1285 train_time:13398ms step_avg:54.46ms
step:247/1285 train_time:13446ms step_avg:54.44ms
step:248/1285 train_time:13502ms step_avg:54.44ms
step:249/1285 train_time:13553ms step_avg:54.43ms
step:250/1285 train_time:13608ms step_avg:54.43ms
step:250/1285 val_loss:4.51862764 train_time:13609ms step_avg:54.44ms
step:251/1285 train_time:13662ms step_avg:54.43ms
step:252/1285 train_time:13722ms step_avg:54.45ms
step:253/1285 train_time:13772ms step_avg:54.44ms
step:254/1285 train_time:13831ms step_avg:54.45ms
step:255/1285 train_time:13880ms step_avg:54.43ms
step:256/1285 train_time:13941ms step_avg:54.46ms
step:257/1285 train_time:13991ms step_avg:54.44ms
step:258/1285 train_time:14045ms step_avg:54.44ms
step:259/1285 train_time:14097ms step_avg:54.43ms
step:260/1285 train_time:14154ms step_avg:54.44ms
step:261/1285 train_time:14203ms step_avg:54.42ms
step:262/1285 train_time:14261ms step_avg:54.43ms
step:263/1285 train_time:14311ms step_avg:54.41ms
step:264/1285 train_time:14370ms step_avg:54.43ms
step:265/1285 train_time:14418ms step_avg:54.41ms
step:266/1285 train_time:14476ms step_avg:54.42ms
step:267/1285 train_time:14524ms step_avg:54.40ms
step:268/1285 train_time:14582ms step_avg:54.41ms
step:269/1285 train_time:14631ms step_avg:54.39ms
step:270/1285 train_time:14685ms step_avg:54.39ms
step:271/1285 train_time:14735ms step_avg:54.37ms
step:272/1285 train_time:14790ms step_avg:54.37ms
step:273/1285 train_time:14839ms step_avg:54.36ms
step:274/1285 train_time:14896ms step_avg:54.37ms
step:275/1285 train_time:14946ms step_avg:54.35ms
step:276/1285 train_time:15001ms step_avg:54.35ms
step:277/1285 train_time:15049ms step_avg:54.33ms
step:278/1285 train_time:15108ms step_avg:54.35ms
step:279/1285 train_time:15159ms step_avg:54.33ms
step:280/1285 train_time:15217ms step_avg:54.35ms
step:281/1285 train_time:15269ms step_avg:54.34ms
step:282/1285 train_time:15324ms step_avg:54.34ms
step:283/1285 train_time:15373ms step_avg:54.32ms
step:284/1285 train_time:15429ms step_avg:54.33ms
step:285/1285 train_time:15479ms step_avg:54.31ms
step:286/1285 train_time:15537ms step_avg:54.32ms
step:287/1285 train_time:15586ms step_avg:54.31ms
step:288/1285 train_time:15643ms step_avg:54.32ms
step:289/1285 train_time:15692ms step_avg:54.30ms
step:290/1285 train_time:15748ms step_avg:54.30ms
step:291/1285 train_time:15798ms step_avg:54.29ms
step:292/1285 train_time:15854ms step_avg:54.29ms
step:293/1285 train_time:15902ms step_avg:54.27ms
step:294/1285 train_time:15960ms step_avg:54.29ms
step:295/1285 train_time:16008ms step_avg:54.27ms
step:296/1285 train_time:16063ms step_avg:54.27ms
step:297/1285 train_time:16113ms step_avg:54.25ms
step:298/1285 train_time:16169ms step_avg:54.26ms
step:299/1285 train_time:16218ms step_avg:54.24ms
step:300/1285 train_time:16274ms step_avg:54.25ms
step:301/1285 train_time:16325ms step_avg:54.24ms
step:302/1285 train_time:16384ms step_avg:54.25ms
step:303/1285 train_time:16433ms step_avg:54.24ms
step:304/1285 train_time:16490ms step_avg:54.24ms
step:305/1285 train_time:16540ms step_avg:54.23ms
step:306/1285 train_time:16597ms step_avg:54.24ms
step:307/1285 train_time:16647ms step_avg:54.22ms
step:308/1285 train_time:16704ms step_avg:54.23ms
step:309/1285 train_time:16756ms step_avg:54.23ms
step:310/1285 train_time:16813ms step_avg:54.23ms
step:311/1285 train_time:16862ms step_avg:54.22ms
step:312/1285 train_time:16917ms step_avg:54.22ms
step:313/1285 train_time:16968ms step_avg:54.21ms
step:314/1285 train_time:17023ms step_avg:54.21ms
step:315/1285 train_time:17072ms step_avg:54.20ms
step:316/1285 train_time:17126ms step_avg:54.20ms
step:317/1285 train_time:17176ms step_avg:54.18ms
step:318/1285 train_time:17230ms step_avg:54.18ms
step:319/1285 train_time:17280ms step_avg:54.17ms
step:320/1285 train_time:17337ms step_avg:54.18ms
step:321/1285 train_time:17386ms step_avg:54.16ms
step:322/1285 train_time:17444ms step_avg:54.18ms
step:323/1285 train_time:17495ms step_avg:54.17ms
step:324/1285 train_time:17553ms step_avg:54.17ms
step:325/1285 train_time:17601ms step_avg:54.16ms
step:326/1285 train_time:17657ms step_avg:54.16ms
step:327/1285 train_time:17709ms step_avg:54.16ms
step:328/1285 train_time:17766ms step_avg:54.17ms
step:329/1285 train_time:17814ms step_avg:54.15ms
step:330/1285 train_time:17872ms step_avg:54.16ms
step:331/1285 train_time:17921ms step_avg:54.14ms
step:332/1285 train_time:17978ms step_avg:54.15ms
step:333/1285 train_time:18024ms step_avg:54.13ms
step:334/1285 train_time:18082ms step_avg:54.14ms
step:335/1285 train_time:18132ms step_avg:54.12ms
step:336/1285 train_time:18190ms step_avg:54.14ms
step:337/1285 train_time:18238ms step_avg:54.12ms
step:338/1285 train_time:18296ms step_avg:54.13ms
step:339/1285 train_time:18348ms step_avg:54.12ms
step:340/1285 train_time:18402ms step_avg:54.12ms
step:341/1285 train_time:18453ms step_avg:54.11ms
step:342/1285 train_time:18507ms step_avg:54.11ms
step:343/1285 train_time:18557ms step_avg:54.10ms
step:344/1285 train_time:18613ms step_avg:54.11ms
step:345/1285 train_time:18666ms step_avg:54.10ms
step:346/1285 train_time:18721ms step_avg:54.11ms
step:347/1285 train_time:18772ms step_avg:54.10ms
step:348/1285 train_time:18828ms step_avg:54.10ms
step:349/1285 train_time:18880ms step_avg:54.10ms
step:350/1285 train_time:18938ms step_avg:54.11ms
step:351/1285 train_time:18987ms step_avg:54.10ms
step:352/1285 train_time:19045ms step_avg:54.11ms
step:353/1285 train_time:19098ms step_avg:54.10ms
step:354/1285 train_time:19158ms step_avg:54.12ms
step:355/1285 train_time:19209ms step_avg:54.11ms
step:356/1285 train_time:19266ms step_avg:54.12ms
step:357/1285 train_time:19313ms step_avg:54.10ms
step:358/1285 train_time:19371ms step_avg:54.11ms
step:359/1285 train_time:19420ms step_avg:54.09ms
step:360/1285 train_time:19477ms step_avg:54.10ms
step:361/1285 train_time:19527ms step_avg:54.09ms
step:362/1285 train_time:19584ms step_avg:54.10ms
step:363/1285 train_time:19632ms step_avg:54.08ms
step:364/1285 train_time:19688ms step_avg:54.09ms
step:365/1285 train_time:19738ms step_avg:54.08ms
step:366/1285 train_time:19795ms step_avg:54.08ms
step:367/1285 train_time:19841ms step_avg:54.06ms
step:368/1285 train_time:19897ms step_avg:54.07ms
step:369/1285 train_time:19946ms step_avg:54.05ms
step:370/1285 train_time:20004ms step_avg:54.07ms
step:371/1285 train_time:20054ms step_avg:54.05ms
step:372/1285 train_time:20112ms step_avg:54.06ms
step:373/1285 train_time:20162ms step_avg:54.05ms
step:374/1285 train_time:20218ms step_avg:54.06ms
step:375/1285 train_time:20269ms step_avg:54.05ms
step:376/1285 train_time:20324ms step_avg:54.05ms
step:377/1285 train_time:20376ms step_avg:54.05ms
step:378/1285 train_time:20430ms step_avg:54.05ms
step:379/1285 train_time:20482ms step_avg:54.04ms
step:380/1285 train_time:20539ms step_avg:54.05ms
step:381/1285 train_time:20589ms step_avg:54.04ms
step:382/1285 train_time:20646ms step_avg:54.05ms
step:383/1285 train_time:20696ms step_avg:54.04ms
step:384/1285 train_time:20753ms step_avg:54.04ms
step:385/1285 train_time:20803ms step_avg:54.03ms
step:386/1285 train_time:20862ms step_avg:54.05ms
step:387/1285 train_time:20912ms step_avg:54.04ms
step:388/1285 train_time:20969ms step_avg:54.04ms
step:389/1285 train_time:21019ms step_avg:54.03ms
step:390/1285 train_time:21076ms step_avg:54.04ms
step:391/1285 train_time:21123ms step_avg:54.02ms
step:392/1285 train_time:21179ms step_avg:54.03ms
step:393/1285 train_time:21229ms step_avg:54.02ms
step:394/1285 train_time:21286ms step_avg:54.03ms
step:395/1285 train_time:21335ms step_avg:54.01ms
step:396/1285 train_time:21390ms step_avg:54.01ms
step:397/1285 train_time:21442ms step_avg:54.01ms
step:398/1285 train_time:21499ms step_avg:54.02ms
step:399/1285 train_time:21547ms step_avg:54.00ms
step:400/1285 train_time:21604ms step_avg:54.01ms
step:401/1285 train_time:21654ms step_avg:54.00ms
step:402/1285 train_time:21710ms step_avg:54.01ms
step:403/1285 train_time:21759ms step_avg:53.99ms
step:404/1285 train_time:21816ms step_avg:54.00ms
step:405/1285 train_time:21864ms step_avg:53.99ms
step:406/1285 train_time:21920ms step_avg:53.99ms
step:407/1285 train_time:21970ms step_avg:53.98ms
step:408/1285 train_time:22028ms step_avg:53.99ms
step:409/1285 train_time:22080ms step_avg:53.99ms
step:410/1285 train_time:22136ms step_avg:53.99ms
step:411/1285 train_time:22185ms step_avg:53.98ms
step:412/1285 train_time:22241ms step_avg:53.98ms
step:413/1285 train_time:22290ms step_avg:53.97ms
step:414/1285 train_time:22347ms step_avg:53.98ms
step:415/1285 train_time:22395ms step_avg:53.96ms
step:416/1285 train_time:22450ms step_avg:53.97ms
step:417/1285 train_time:22498ms step_avg:53.95ms
step:418/1285 train_time:22550ms step_avg:53.95ms
step:419/1285 train_time:22601ms step_avg:53.94ms
step:420/1285 train_time:22658ms step_avg:53.95ms
step:421/1285 train_time:22706ms step_avg:53.93ms
step:422/1285 train_time:22760ms step_avg:53.93ms
step:423/1285 train_time:22806ms step_avg:53.92ms
step:424/1285 train_time:22861ms step_avg:53.92ms
step:425/1285 train_time:22913ms step_avg:53.91ms
step:426/1285 train_time:22971ms step_avg:53.92ms
step:427/1285 train_time:23022ms step_avg:53.92ms
step:428/1285 train_time:23078ms step_avg:53.92ms
step:429/1285 train_time:23127ms step_avg:53.91ms
step:430/1285 train_time:23184ms step_avg:53.92ms
step:431/1285 train_time:23235ms step_avg:53.91ms
step:432/1285 train_time:23292ms step_avg:53.92ms
step:433/1285 train_time:23341ms step_avg:53.91ms
step:434/1285 train_time:23399ms step_avg:53.91ms
step:435/1285 train_time:23451ms step_avg:53.91ms
step:436/1285 train_time:23508ms step_avg:53.92ms
step:437/1285 train_time:23558ms step_avg:53.91ms
step:438/1285 train_time:23615ms step_avg:53.91ms
step:439/1285 train_time:23667ms step_avg:53.91ms
step:440/1285 train_time:23727ms step_avg:53.93ms
step:441/1285 train_time:23780ms step_avg:53.92ms
step:442/1285 train_time:23847ms step_avg:53.95ms
step:443/1285 train_time:23901ms step_avg:53.95ms
step:444/1285 train_time:23960ms step_avg:53.96ms
step:445/1285 train_time:24012ms step_avg:53.96ms
step:446/1285 train_time:24075ms step_avg:53.98ms
step:447/1285 train_time:24126ms step_avg:53.97ms
step:448/1285 train_time:24189ms step_avg:53.99ms
step:449/1285 train_time:24240ms step_avg:53.99ms
step:450/1285 train_time:24304ms step_avg:54.01ms
step:451/1285 train_time:24358ms step_avg:54.01ms
step:452/1285 train_time:24417ms step_avg:54.02ms
step:453/1285 train_time:24471ms step_avg:54.02ms
step:454/1285 train_time:24532ms step_avg:54.04ms
step:455/1285 train_time:24584ms step_avg:54.03ms
step:456/1285 train_time:24646ms step_avg:54.05ms
step:457/1285 train_time:24698ms step_avg:54.04ms
step:458/1285 train_time:24762ms step_avg:54.07ms
step:459/1285 train_time:24817ms step_avg:54.07ms
step:460/1285 train_time:24878ms step_avg:54.08ms
step:461/1285 train_time:24930ms step_avg:54.08ms
step:462/1285 train_time:24992ms step_avg:54.10ms
step:463/1285 train_time:25043ms step_avg:54.09ms
step:464/1285 train_time:25109ms step_avg:54.11ms
step:465/1285 train_time:25159ms step_avg:54.11ms
step:466/1285 train_time:25222ms step_avg:54.13ms
step:467/1285 train_time:25273ms step_avg:54.12ms
step:468/1285 train_time:25335ms step_avg:54.13ms
step:469/1285 train_time:25387ms step_avg:54.13ms
step:470/1285 train_time:25450ms step_avg:54.15ms
step:471/1285 train_time:25502ms step_avg:54.14ms
step:472/1285 train_time:25564ms step_avg:54.16ms
step:473/1285 train_time:25614ms step_avg:54.15ms
step:474/1285 train_time:25680ms step_avg:54.18ms
step:475/1285 train_time:25730ms step_avg:54.17ms
step:476/1285 train_time:25795ms step_avg:54.19ms
step:477/1285 train_time:25848ms step_avg:54.19ms
step:478/1285 train_time:25958ms step_avg:54.31ms
step:479/1285 train_time:26014ms step_avg:54.31ms
step:480/1285 train_time:26073ms step_avg:54.32ms
step:481/1285 train_time:26124ms step_avg:54.31ms
step:482/1285 train_time:26177ms step_avg:54.31ms
step:483/1285 train_time:26226ms step_avg:54.30ms
step:484/1285 train_time:26284ms step_avg:54.30ms
step:485/1285 train_time:26335ms step_avg:54.30ms
step:486/1285 train_time:26392ms step_avg:54.30ms
step:487/1285 train_time:26444ms step_avg:54.30ms
step:488/1285 train_time:26503ms step_avg:54.31ms
step:489/1285 train_time:26558ms step_avg:54.31ms
step:490/1285 train_time:26618ms step_avg:54.32ms
step:491/1285 train_time:26671ms step_avg:54.32ms
step:492/1285 train_time:26730ms step_avg:54.33ms
step:493/1285 train_time:26780ms step_avg:54.32ms
step:494/1285 train_time:26844ms step_avg:54.34ms
step:495/1285 train_time:26896ms step_avg:54.34ms
step:496/1285 train_time:26961ms step_avg:54.36ms
step:497/1285 train_time:27013ms step_avg:54.35ms
step:498/1285 train_time:27077ms step_avg:54.37ms
step:499/1285 train_time:27128ms step_avg:54.36ms
step:500/1285 train_time:27192ms step_avg:54.38ms
step:500/1285 val_loss:4.14431715 train_time:27250ms step_avg:54.50ms
step:501/1285 train_time:27303ms step_avg:54.50ms
step:502/1285 train_time:27362ms step_avg:54.51ms
step:503/1285 train_time:27412ms step_avg:54.50ms
step:504/1285 train_time:27468ms step_avg:54.50ms
step:505/1285 train_time:27520ms step_avg:54.50ms
step:506/1285 train_time:27579ms step_avg:54.50ms
step:507/1285 train_time:27631ms step_avg:54.50ms
step:508/1285 train_time:27688ms step_avg:54.50ms
step:509/1285 train_time:27738ms step_avg:54.50ms
step:510/1285 train_time:27795ms step_avg:54.50ms
step:511/1285 train_time:27847ms step_avg:54.49ms
step:512/1285 train_time:27902ms step_avg:54.50ms
step:513/1285 train_time:27954ms step_avg:54.49ms
step:514/1285 train_time:28010ms step_avg:54.49ms
step:515/1285 train_time:28058ms step_avg:54.48ms
step:516/1285 train_time:28120ms step_avg:54.50ms
step:517/1285 train_time:28171ms step_avg:54.49ms
step:518/1285 train_time:28237ms step_avg:54.51ms
step:519/1285 train_time:28289ms step_avg:54.51ms
step:520/1285 train_time:28355ms step_avg:54.53ms
step:521/1285 train_time:28406ms step_avg:54.52ms
step:522/1285 train_time:28470ms step_avg:54.54ms
step:523/1285 train_time:28521ms step_avg:54.53ms
step:524/1285 train_time:28585ms step_avg:54.55ms
step:525/1285 train_time:28636ms step_avg:54.54ms
step:526/1285 train_time:28699ms step_avg:54.56ms
step:527/1285 train_time:28753ms step_avg:54.56ms
step:528/1285 train_time:28813ms step_avg:54.57ms
step:529/1285 train_time:28864ms step_avg:54.56ms
step:530/1285 train_time:28928ms step_avg:54.58ms
step:531/1285 train_time:28981ms step_avg:54.58ms
step:532/1285 train_time:29042ms step_avg:54.59ms
step:533/1285 train_time:29093ms step_avg:54.58ms
step:534/1285 train_time:29159ms step_avg:54.60ms
step:535/1285 train_time:29209ms step_avg:54.60ms
step:536/1285 train_time:29272ms step_avg:54.61ms
step:537/1285 train_time:29324ms step_avg:54.61ms
step:538/1285 train_time:29387ms step_avg:54.62ms
step:539/1285 train_time:29438ms step_avg:54.62ms
step:540/1285 train_time:29502ms step_avg:54.63ms
step:541/1285 train_time:29554ms step_avg:54.63ms
step:542/1285 train_time:29618ms step_avg:54.65ms
step:543/1285 train_time:29672ms step_avg:54.64ms
step:544/1285 train_time:29733ms step_avg:54.66ms
step:545/1285 train_time:29789ms step_avg:54.66ms
step:546/1285 train_time:29848ms step_avg:54.67ms
step:547/1285 train_time:29900ms step_avg:54.66ms
step:548/1285 train_time:29962ms step_avg:54.68ms
step:549/1285 train_time:30013ms step_avg:54.67ms
step:550/1285 train_time:30077ms step_avg:54.68ms
step:551/1285 train_time:30128ms step_avg:54.68ms
step:552/1285 train_time:30191ms step_avg:54.69ms
step:553/1285 train_time:30242ms step_avg:54.69ms
step:554/1285 train_time:30307ms step_avg:54.71ms
step:555/1285 train_time:30360ms step_avg:54.70ms
step:556/1285 train_time:30422ms step_avg:54.72ms
step:557/1285 train_time:30476ms step_avg:54.71ms
step:558/1285 train_time:30537ms step_avg:54.73ms
step:559/1285 train_time:30590ms step_avg:54.72ms
step:560/1285 train_time:30653ms step_avg:54.74ms
step:561/1285 train_time:30705ms step_avg:54.73ms
step:562/1285 train_time:30769ms step_avg:54.75ms
step:563/1285 train_time:30819ms step_avg:54.74ms
step:564/1285 train_time:30883ms step_avg:54.76ms
step:565/1285 train_time:30937ms step_avg:54.76ms
step:566/1285 train_time:30997ms step_avg:54.77ms
step:567/1285 train_time:31049ms step_avg:54.76ms
step:568/1285 train_time:31112ms step_avg:54.78ms
step:569/1285 train_time:31163ms step_avg:54.77ms
step:570/1285 train_time:31226ms step_avg:54.78ms
step:571/1285 train_time:31278ms step_avg:54.78ms
step:572/1285 train_time:31342ms step_avg:54.79ms
step:573/1285 train_time:31395ms step_avg:54.79ms
step:574/1285 train_time:31459ms step_avg:54.81ms
step:575/1285 train_time:31511ms step_avg:54.80ms
step:576/1285 train_time:31573ms step_avg:54.81ms
step:577/1285 train_time:31625ms step_avg:54.81ms
step:578/1285 train_time:31689ms step_avg:54.83ms
step:579/1285 train_time:31743ms step_avg:54.82ms
step:580/1285 train_time:31804ms step_avg:54.83ms
step:581/1285 train_time:31855ms step_avg:54.83ms
step:582/1285 train_time:31918ms step_avg:54.84ms
step:583/1285 train_time:31973ms step_avg:54.84ms
step:584/1285 train_time:32032ms step_avg:54.85ms
step:585/1285 train_time:32084ms step_avg:54.84ms
step:586/1285 train_time:32148ms step_avg:54.86ms
step:587/1285 train_time:32200ms step_avg:54.85ms
step:588/1285 train_time:32264ms step_avg:54.87ms
step:589/1285 train_time:32319ms step_avg:54.87ms
step:590/1285 train_time:32378ms step_avg:54.88ms
step:591/1285 train_time:32431ms step_avg:54.87ms
step:592/1285 train_time:32493ms step_avg:54.89ms
step:593/1285 train_time:32546ms step_avg:54.88ms
step:594/1285 train_time:32608ms step_avg:54.90ms
step:595/1285 train_time:32660ms step_avg:54.89ms
step:596/1285 train_time:32723ms step_avg:54.90ms
step:597/1285 train_time:32773ms step_avg:54.90ms
step:598/1285 train_time:32838ms step_avg:54.91ms
step:599/1285 train_time:32890ms step_avg:54.91ms
step:600/1285 train_time:32953ms step_avg:54.92ms
step:601/1285 train_time:33005ms step_avg:54.92ms
step:602/1285 train_time:33066ms step_avg:54.93ms
step:603/1285 train_time:33118ms step_avg:54.92ms
step:604/1285 train_time:33181ms step_avg:54.93ms
step:605/1285 train_time:33233ms step_avg:54.93ms
step:606/1285 train_time:33296ms step_avg:54.94ms
step:607/1285 train_time:33353ms step_avg:54.95ms
step:608/1285 train_time:33412ms step_avg:54.95ms
step:609/1285 train_time:33464ms step_avg:54.95ms
step:610/1285 train_time:33528ms step_avg:54.96ms
step:611/1285 train_time:33580ms step_avg:54.96ms
step:612/1285 train_time:33644ms step_avg:54.97ms
step:613/1285 train_time:33695ms step_avg:54.97ms
step:614/1285 train_time:33758ms step_avg:54.98ms
step:615/1285 train_time:33811ms step_avg:54.98ms
step:616/1285 train_time:33873ms step_avg:54.99ms
step:617/1285 train_time:33926ms step_avg:54.99ms
step:618/1285 train_time:33987ms step_avg:54.99ms
step:619/1285 train_time:34039ms step_avg:54.99ms
step:620/1285 train_time:34102ms step_avg:55.00ms
step:621/1285 train_time:34154ms step_avg:55.00ms
step:622/1285 train_time:34216ms step_avg:55.01ms
step:623/1285 train_time:34268ms step_avg:55.01ms
step:624/1285 train_time:34332ms step_avg:55.02ms
step:625/1285 train_time:34384ms step_avg:55.01ms
step:626/1285 train_time:34448ms step_avg:55.03ms
step:627/1285 train_time:34504ms step_avg:55.03ms
step:628/1285 train_time:34563ms step_avg:55.04ms
step:629/1285 train_time:34613ms step_avg:55.03ms
step:630/1285 train_time:34678ms step_avg:55.04ms
step:631/1285 train_time:34731ms step_avg:55.04ms
step:632/1285 train_time:34795ms step_avg:55.05ms
step:633/1285 train_time:34845ms step_avg:55.05ms
step:634/1285 train_time:34908ms step_avg:55.06ms
step:635/1285 train_time:34961ms step_avg:55.06ms
step:636/1285 train_time:35024ms step_avg:55.07ms
step:637/1285 train_time:35076ms step_avg:55.06ms
step:638/1285 train_time:35138ms step_avg:55.07ms
step:639/1285 train_time:35191ms step_avg:55.07ms
step:640/1285 train_time:35253ms step_avg:55.08ms
step:641/1285 train_time:35305ms step_avg:55.08ms
step:642/1285 train_time:35368ms step_avg:55.09ms
step:643/1285 train_time:35419ms step_avg:55.08ms
step:644/1285 train_time:35484ms step_avg:55.10ms
step:645/1285 train_time:35536ms step_avg:55.09ms
step:646/1285 train_time:35601ms step_avg:55.11ms
step:647/1285 train_time:35653ms step_avg:55.10ms
step:648/1285 train_time:35715ms step_avg:55.12ms
step:649/1285 train_time:35766ms step_avg:55.11ms
step:650/1285 train_time:35831ms step_avg:55.12ms
step:651/1285 train_time:35884ms step_avg:55.12ms
step:652/1285 train_time:35945ms step_avg:55.13ms
step:653/1285 train_time:35996ms step_avg:55.12ms
step:654/1285 train_time:36060ms step_avg:55.14ms
step:655/1285 train_time:36111ms step_avg:55.13ms
step:656/1285 train_time:36173ms step_avg:55.14ms
step:657/1285 train_time:36226ms step_avg:55.14ms
step:658/1285 train_time:36289ms step_avg:55.15ms
step:659/1285 train_time:36342ms step_avg:55.15ms
step:660/1285 train_time:36406ms step_avg:55.16ms
step:661/1285 train_time:36457ms step_avg:55.15ms
step:662/1285 train_time:36520ms step_avg:55.17ms
step:663/1285 train_time:36570ms step_avg:55.16ms
step:664/1285 train_time:36633ms step_avg:55.17ms
step:665/1285 train_time:36685ms step_avg:55.17ms
step:666/1285 train_time:36749ms step_avg:55.18ms
step:667/1285 train_time:36798ms step_avg:55.17ms
step:668/1285 train_time:36863ms step_avg:55.18ms
step:669/1285 train_time:36916ms step_avg:55.18ms
step:670/1285 train_time:36978ms step_avg:55.19ms
step:671/1285 train_time:37029ms step_avg:55.19ms
step:672/1285 train_time:37093ms step_avg:55.20ms
step:673/1285 train_time:37145ms step_avg:55.19ms
step:674/1285 train_time:37208ms step_avg:55.20ms
step:675/1285 train_time:37260ms step_avg:55.20ms
step:676/1285 train_time:37322ms step_avg:55.21ms
step:677/1285 train_time:37374ms step_avg:55.20ms
step:678/1285 train_time:37438ms step_avg:55.22ms
step:679/1285 train_time:37489ms step_avg:55.21ms
step:680/1285 train_time:37553ms step_avg:55.23ms
step:681/1285 train_time:37604ms step_avg:55.22ms
step:682/1285 train_time:37669ms step_avg:55.23ms
step:683/1285 train_time:37720ms step_avg:55.23ms
step:684/1285 train_time:37782ms step_avg:55.24ms
step:685/1285 train_time:37834ms step_avg:55.23ms
step:686/1285 train_time:37898ms step_avg:55.24ms
step:687/1285 train_time:37951ms step_avg:55.24ms
step:688/1285 train_time:38013ms step_avg:55.25ms
step:689/1285 train_time:38063ms step_avg:55.24ms
step:690/1285 train_time:38129ms step_avg:55.26ms
step:691/1285 train_time:38178ms step_avg:55.25ms
step:692/1285 train_time:38243ms step_avg:55.26ms
step:693/1285 train_time:38293ms step_avg:55.26ms
step:694/1285 train_time:38358ms step_avg:55.27ms
step:695/1285 train_time:38410ms step_avg:55.27ms
step:696/1285 train_time:38473ms step_avg:55.28ms
step:697/1285 train_time:38524ms step_avg:55.27ms
step:698/1285 train_time:38588ms step_avg:55.28ms
step:699/1285 train_time:38639ms step_avg:55.28ms
step:700/1285 train_time:38703ms step_avg:55.29ms
step:701/1285 train_time:38755ms step_avg:55.29ms
step:702/1285 train_time:38817ms step_avg:55.30ms
step:703/1285 train_time:38869ms step_avg:55.29ms
step:704/1285 train_time:38934ms step_avg:55.30ms
step:705/1285 train_time:38984ms step_avg:55.30ms
step:706/1285 train_time:39049ms step_avg:55.31ms
step:707/1285 train_time:39100ms step_avg:55.30ms
step:708/1285 train_time:39163ms step_avg:55.32ms
step:709/1285 train_time:39215ms step_avg:55.31ms
step:710/1285 train_time:39279ms step_avg:55.32ms
step:711/1285 train_time:39331ms step_avg:55.32ms
step:712/1285 train_time:39393ms step_avg:55.33ms
step:713/1285 train_time:39444ms step_avg:55.32ms
step:714/1285 train_time:39508ms step_avg:55.33ms
step:715/1285 train_time:39560ms step_avg:55.33ms
step:716/1285 train_time:39622ms step_avg:55.34ms
step:717/1285 train_time:39674ms step_avg:55.33ms
step:718/1285 train_time:39739ms step_avg:55.35ms
step:719/1285 train_time:39791ms step_avg:55.34ms
step:720/1285 train_time:39854ms step_avg:55.35ms
step:721/1285 train_time:39904ms step_avg:55.35ms
step:722/1285 train_time:39971ms step_avg:55.36ms
step:723/1285 train_time:40020ms step_avg:55.35ms
step:724/1285 train_time:40084ms step_avg:55.36ms
step:725/1285 train_time:40136ms step_avg:55.36ms
step:726/1285 train_time:40200ms step_avg:55.37ms
step:727/1285 train_time:40254ms step_avg:55.37ms
step:728/1285 train_time:40315ms step_avg:55.38ms
step:729/1285 train_time:40366ms step_avg:55.37ms
step:730/1285 train_time:40431ms step_avg:55.39ms
step:731/1285 train_time:40483ms step_avg:55.38ms
step:732/1285 train_time:40548ms step_avg:55.39ms
step:733/1285 train_time:40598ms step_avg:55.39ms
step:734/1285 train_time:40663ms step_avg:55.40ms
step:735/1285 train_time:40715ms step_avg:55.39ms
step:736/1285 train_time:40778ms step_avg:55.41ms
step:737/1285 train_time:40829ms step_avg:55.40ms
step:738/1285 train_time:40894ms step_avg:55.41ms
step:739/1285 train_time:40947ms step_avg:55.41ms
step:740/1285 train_time:41010ms step_avg:55.42ms
step:741/1285 train_time:41066ms step_avg:55.42ms
step:742/1285 train_time:41123ms step_avg:55.42ms
step:743/1285 train_time:41173ms step_avg:55.41ms
step:744/1285 train_time:41240ms step_avg:55.43ms
step:745/1285 train_time:41290ms step_avg:55.42ms
step:746/1285 train_time:41354ms step_avg:55.43ms
step:747/1285 train_time:41408ms step_avg:55.43ms
step:748/1285 train_time:41470ms step_avg:55.44ms
step:749/1285 train_time:41521ms step_avg:55.44ms
step:750/1285 train_time:41584ms step_avg:55.45ms
step:750/1285 val_loss:3.68304825 train_time:41644ms step_avg:55.53ms
step:751/1285 train_time:41697ms step_avg:55.52ms
step:752/1285 train_time:41755ms step_avg:55.53ms
step:753/1285 train_time:41808ms step_avg:55.52ms
step:754/1285 train_time:41867ms step_avg:55.53ms
step:755/1285 train_time:41918ms step_avg:55.52ms
step:756/1285 train_time:41975ms step_avg:55.52ms
step:757/1285 train_time:42025ms step_avg:55.51ms
step:758/1285 train_time:42081ms step_avg:55.52ms
step:759/1285 train_time:42131ms step_avg:55.51ms
step:760/1285 train_time:42189ms step_avg:55.51ms
step:761/1285 train_time:42242ms step_avg:55.51ms
step:762/1285 train_time:42297ms step_avg:55.51ms
step:763/1285 train_time:42347ms step_avg:55.50ms
step:764/1285 train_time:42406ms step_avg:55.51ms
step:765/1285 train_time:42457ms step_avg:55.50ms
step:766/1285 train_time:42519ms step_avg:55.51ms
step:767/1285 train_time:42570ms step_avg:55.50ms
step:768/1285 train_time:42639ms step_avg:55.52ms
step:769/1285 train_time:42692ms step_avg:55.52ms
step:770/1285 train_time:42757ms step_avg:55.53ms
step:771/1285 train_time:42810ms step_avg:55.53ms
step:772/1285 train_time:42874ms step_avg:55.54ms
step:773/1285 train_time:42928ms step_avg:55.53ms
step:774/1285 train_time:42993ms step_avg:55.55ms
step:775/1285 train_time:43046ms step_avg:55.54ms
step:776/1285 train_time:43110ms step_avg:55.55ms
step:777/1285 train_time:43160ms step_avg:55.55ms
step:778/1285 train_time:43224ms step_avg:55.56ms
step:779/1285 train_time:43273ms step_avg:55.55ms
step:780/1285 train_time:43339ms step_avg:55.56ms
step:781/1285 train_time:43390ms step_avg:55.56ms
step:782/1285 train_time:43453ms step_avg:55.57ms
step:783/1285 train_time:43506ms step_avg:55.56ms
step:784/1285 train_time:43567ms step_avg:55.57ms
step:785/1285 train_time:43620ms step_avg:55.57ms
step:786/1285 train_time:43684ms step_avg:55.58ms
step:787/1285 train_time:43735ms step_avg:55.57ms
step:788/1285 train_time:43800ms step_avg:55.58ms
step:789/1285 train_time:43851ms step_avg:55.58ms
step:790/1285 train_time:43916ms step_avg:55.59ms
step:791/1285 train_time:43968ms step_avg:55.58ms
step:792/1285 train_time:44034ms step_avg:55.60ms
step:793/1285 train_time:44086ms step_avg:55.59ms
step:794/1285 train_time:44187ms step_avg:55.65ms
step:795/1285 train_time:44245ms step_avg:55.65ms
step:796/1285 train_time:44306ms step_avg:55.66ms
step:797/1285 train_time:44357ms step_avg:55.65ms
step:798/1285 train_time:44413ms step_avg:55.65ms
step:799/1285 train_time:44461ms step_avg:55.65ms
step:800/1285 train_time:44517ms step_avg:55.65ms
step:801/1285 train_time:44571ms step_avg:55.64ms
step:802/1285 train_time:44629ms step_avg:55.65ms
step:803/1285 train_time:44680ms step_avg:55.64ms
step:804/1285 train_time:44738ms step_avg:55.64ms
step:805/1285 train_time:44792ms step_avg:55.64ms
step:806/1285 train_time:44847ms step_avg:55.64ms
step:807/1285 train_time:44895ms step_avg:55.63ms
step:808/1285 train_time:44960ms step_avg:55.64ms
step:809/1285 train_time:45011ms step_avg:55.64ms
step:810/1285 train_time:45076ms step_avg:55.65ms
step:811/1285 train_time:45132ms step_avg:55.65ms
step:812/1285 train_time:45192ms step_avg:55.66ms
step:813/1285 train_time:45244ms step_avg:55.65ms
step:814/1285 train_time:45305ms step_avg:55.66ms
step:815/1285 train_time:45360ms step_avg:55.66ms
step:816/1285 train_time:45421ms step_avg:55.66ms
step:817/1285 train_time:45471ms step_avg:55.66ms
step:818/1285 train_time:45536ms step_avg:55.67ms
step:819/1285 train_time:45588ms step_avg:55.66ms
step:820/1285 train_time:45653ms step_avg:55.67ms
step:821/1285 train_time:45703ms step_avg:55.67ms
step:822/1285 train_time:45768ms step_avg:55.68ms
step:823/1285 train_time:45823ms step_avg:55.68ms
step:824/1285 train_time:45884ms step_avg:55.68ms
step:825/1285 train_time:45937ms step_avg:55.68ms
step:826/1285 train_time:46002ms step_avg:55.69ms
step:827/1285 train_time:46055ms step_avg:55.69ms
step:828/1285 train_time:46117ms step_avg:55.70ms
step:829/1285 train_time:46169ms step_avg:55.69ms
step:830/1285 train_time:46235ms step_avg:55.70ms
step:831/1285 train_time:46287ms step_avg:55.70ms
step:832/1285 train_time:46349ms step_avg:55.71ms
step:833/1285 train_time:46401ms step_avg:55.70ms
step:834/1285 train_time:46463ms step_avg:55.71ms
step:835/1285 train_time:46516ms step_avg:55.71ms
step:836/1285 train_time:46577ms step_avg:55.71ms
step:837/1285 train_time:46629ms step_avg:55.71ms
step:838/1285 train_time:46695ms step_avg:55.72ms
step:839/1285 train_time:46749ms step_avg:55.72ms
step:840/1285 train_time:46811ms step_avg:55.73ms
step:841/1285 train_time:46867ms step_avg:55.73ms
step:842/1285 train_time:46929ms step_avg:55.73ms
step:843/1285 train_time:46980ms step_avg:55.73ms
step:844/1285 train_time:47046ms step_avg:55.74ms
step:845/1285 train_time:47096ms step_avg:55.73ms
step:846/1285 train_time:47160ms step_avg:55.74ms
step:847/1285 train_time:47210ms step_avg:55.74ms
step:848/1285 train_time:47274ms step_avg:55.75ms
step:849/1285 train_time:47354ms step_avg:55.78ms
step:850/1285 train_time:47445ms step_avg:55.82ms
step:851/1285 train_time:47521ms step_avg:55.84ms
step:852/1285 train_time:47611ms step_avg:55.88ms
step:853/1285 train_time:47688ms step_avg:55.91ms
step:854/1285 train_time:47779ms step_avg:55.95ms
step:855/1285 train_time:47857ms step_avg:55.97ms
step:856/1285 train_time:47948ms step_avg:56.01ms
step:857/1285 train_time:48026ms step_avg:56.04ms
step:858/1285 train_time:48116ms step_avg:56.08ms
step:859/1285 train_time:48193ms step_avg:56.10ms
step:860/1285 train_time:48283ms step_avg:56.14ms
step:861/1285 train_time:48360ms step_avg:56.17ms
step:862/1285 train_time:48451ms step_avg:56.21ms
step:863/1285 train_time:48527ms step_avg:56.23ms
step:864/1285 train_time:48617ms step_avg:56.27ms
step:865/1285 train_time:48692ms step_avg:56.29ms
step:866/1285 train_time:48783ms step_avg:56.33ms
step:867/1285 train_time:48859ms step_avg:56.35ms
step:868/1285 train_time:48952ms step_avg:56.40ms
step:869/1285 train_time:49029ms step_avg:56.42ms
step:870/1285 train_time:49120ms step_avg:56.46ms
step:871/1285 train_time:49196ms step_avg:56.48ms
step:872/1285 train_time:49285ms step_avg:56.52ms
step:873/1285 train_time:49363ms step_avg:56.54ms
step:874/1285 train_time:49453ms step_avg:56.58ms
step:875/1285 train_time:49530ms step_avg:56.61ms
step:876/1285 train_time:49619ms step_avg:56.64ms
step:877/1285 train_time:49696ms step_avg:56.67ms
step:878/1285 train_time:49786ms step_avg:56.70ms
step:879/1285 train_time:49864ms step_avg:56.73ms
step:880/1285 train_time:49953ms step_avg:56.76ms
step:881/1285 train_time:50031ms step_avg:56.79ms
step:882/1285 train_time:50122ms step_avg:56.83ms
step:883/1285 train_time:50197ms step_avg:56.85ms
step:884/1285 train_time:50288ms step_avg:56.89ms
step:885/1285 train_time:50364ms step_avg:56.91ms
step:886/1285 train_time:50455ms step_avg:56.95ms
step:887/1285 train_time:50533ms step_avg:56.97ms
step:888/1285 train_time:50622ms step_avg:57.01ms
step:889/1285 train_time:50698ms step_avg:57.03ms
step:890/1285 train_time:50789ms step_avg:57.07ms
step:891/1285 train_time:50866ms step_avg:57.09ms
step:892/1285 train_time:50958ms step_avg:57.13ms
step:893/1285 train_time:51034ms step_avg:57.15ms
step:894/1285 train_time:51124ms step_avg:57.19ms
step:895/1285 train_time:51201ms step_avg:57.21ms
step:896/1285 train_time:51290ms step_avg:57.24ms
step:897/1285 train_time:51368ms step_avg:57.27ms
step:898/1285 train_time:51458ms step_avg:57.30ms
step:899/1285 train_time:51535ms step_avg:57.32ms
step:900/1285 train_time:51624ms step_avg:57.36ms
step:901/1285 train_time:51702ms step_avg:57.38ms
step:902/1285 train_time:51792ms step_avg:57.42ms
step:903/1285 train_time:51870ms step_avg:57.44ms
step:904/1285 train_time:51959ms step_avg:57.48ms
step:905/1285 train_time:52037ms step_avg:57.50ms
step:906/1285 train_time:52128ms step_avg:57.54ms
step:907/1285 train_time:52204ms step_avg:57.56ms
step:908/1285 train_time:52293ms step_avg:57.59ms
step:909/1285 train_time:52370ms step_avg:57.61ms
step:910/1285 train_time:52461ms step_avg:57.65ms
step:911/1285 train_time:52539ms step_avg:57.67ms
step:912/1285 train_time:52629ms step_avg:57.71ms
step:913/1285 train_time:52705ms step_avg:57.73ms
step:914/1285 train_time:52795ms step_avg:57.76ms
step:915/1285 train_time:52873ms step_avg:57.78ms
step:916/1285 train_time:52964ms step_avg:57.82ms
step:917/1285 train_time:53041ms step_avg:57.84ms
step:918/1285 train_time:53132ms step_avg:57.88ms
step:919/1285 train_time:53207ms step_avg:57.90ms
step:920/1285 train_time:53298ms step_avg:57.93ms
step:921/1285 train_time:53376ms step_avg:57.95ms
step:922/1285 train_time:53466ms step_avg:57.99ms
step:923/1285 train_time:53543ms step_avg:58.01ms
step:924/1285 train_time:53632ms step_avg:58.04ms
step:925/1285 train_time:53710ms step_avg:58.07ms
step:926/1285 train_time:53800ms step_avg:58.10ms
step:927/1285 train_time:53878ms step_avg:58.12ms
step:928/1285 train_time:53968ms step_avg:58.16ms
step:929/1285 train_time:54046ms step_avg:58.18ms
step:930/1285 train_time:54135ms step_avg:58.21ms
step:931/1285 train_time:54213ms step_avg:58.23ms
step:932/1285 train_time:54303ms step_avg:58.26ms
step:933/1285 train_time:54380ms step_avg:58.28ms
step:934/1285 train_time:54471ms step_avg:58.32ms
step:935/1285 train_time:54547ms step_avg:58.34ms
step:936/1285 train_time:54639ms step_avg:58.37ms
step:937/1285 train_time:54715ms step_avg:58.39ms
step:938/1285 train_time:54805ms step_avg:58.43ms
step:939/1285 train_time:54882ms step_avg:58.45ms
step:940/1285 train_time:54973ms step_avg:58.48ms
step:941/1285 train_time:55052ms step_avg:58.50ms
step:942/1285 train_time:55143ms step_avg:58.54ms
step:943/1285 train_time:55218ms step_avg:58.56ms
step:944/1285 train_time:55307ms step_avg:58.59ms
step:945/1285 train_time:55385ms step_avg:58.61ms
step:946/1285 train_time:55474ms step_avg:58.64ms
step:947/1285 train_time:55552ms step_avg:58.66ms
step:948/1285 train_time:55641ms step_avg:58.69ms
step:949/1285 train_time:55719ms step_avg:58.71ms
step:950/1285 train_time:55810ms step_avg:58.75ms
step:951/1285 train_time:55888ms step_avg:58.77ms
step:952/1285 train_time:55978ms step_avg:58.80ms
step:953/1285 train_time:56055ms step_avg:58.82ms
step:954/1285 train_time:56146ms step_avg:58.85ms
step:955/1285 train_time:56223ms step_avg:58.87ms
step:956/1285 train_time:56313ms step_avg:58.91ms
step:957/1285 train_time:56389ms step_avg:58.92ms
step:958/1285 train_time:56480ms step_avg:58.96ms
step:959/1285 train_time:56557ms step_avg:58.97ms
step:960/1285 train_time:56647ms step_avg:59.01ms
step:961/1285 train_time:56723ms step_avg:59.03ms
step:962/1285 train_time:56814ms step_avg:59.06ms
step:963/1285 train_time:56892ms step_avg:59.08ms
step:964/1285 train_time:56983ms step_avg:59.11ms
step:965/1285 train_time:57059ms step_avg:59.13ms
step:966/1285 train_time:57149ms step_avg:59.16ms
step:967/1285 train_time:57227ms step_avg:59.18ms
step:968/1285 train_time:57317ms step_avg:59.21ms
step:969/1285 train_time:57394ms step_avg:59.23ms
step:970/1285 train_time:57485ms step_avg:59.26ms
step:971/1285 train_time:57561ms step_avg:59.28ms
step:972/1285 train_time:57652ms step_avg:59.31ms
step:973/1285 train_time:57728ms step_avg:59.33ms
step:974/1285 train_time:57819ms step_avg:59.36ms
step:975/1285 train_time:57895ms step_avg:59.38ms
step:976/1285 train_time:57986ms step_avg:59.41ms
step:977/1285 train_time:58062ms step_avg:59.43ms
step:978/1285 train_time:58153ms step_avg:59.46ms
step:979/1285 train_time:58230ms step_avg:59.48ms
step:980/1285 train_time:58321ms step_avg:59.51ms
step:981/1285 train_time:58396ms step_avg:59.53ms
step:982/1285 train_time:58487ms step_avg:59.56ms
step:983/1285 train_time:58564ms step_avg:59.58ms
step:984/1285 train_time:58655ms step_avg:59.61ms
step:985/1285 train_time:58732ms step_avg:59.63ms
step:986/1285 train_time:58823ms step_avg:59.66ms
step:987/1285 train_time:58899ms step_avg:59.67ms
step:988/1285 train_time:58989ms step_avg:59.71ms
step:989/1285 train_time:59067ms step_avg:59.72ms
step:990/1285 train_time:59158ms step_avg:59.76ms
step:991/1285 train_time:59235ms step_avg:59.77ms
step:992/1285 train_time:59324ms step_avg:59.80ms
step:993/1285 train_time:59400ms step_avg:59.82ms
step:994/1285 train_time:59491ms step_avg:59.85ms
step:995/1285 train_time:59569ms step_avg:59.87ms
step:996/1285 train_time:59659ms step_avg:59.90ms
step:997/1285 train_time:59737ms step_avg:59.92ms
step:998/1285 train_time:59827ms step_avg:59.95ms
step:999/1285 train_time:59904ms step_avg:59.96ms
step:1000/1285 train_time:59995ms step_avg:60.00ms
step:1000/1285 val_loss:3.41623330 train_time:60083ms step_avg:60.08ms
step:1001/1285 train_time:60138ms step_avg:60.08ms
step:1002/1285 train_time:60199ms step_avg:60.08ms
step:1003/1285 train_time:60252ms step_avg:60.07ms
step:1004/1285 train_time:60341ms step_avg:60.10ms
step:1005/1285 train_time:60421ms step_avg:60.12ms
step:1006/1285 train_time:60510ms step_avg:60.15ms
step:1007/1285 train_time:60585ms step_avg:60.16ms
step:1008/1285 train_time:60675ms step_avg:60.19ms
step:1009/1285 train_time:60751ms step_avg:60.21ms
step:1010/1285 train_time:60839ms step_avg:60.24ms
step:1011/1285 train_time:60916ms step_avg:60.25ms
step:1012/1285 train_time:61006ms step_avg:60.28ms
step:1013/1285 train_time:61087ms step_avg:60.30ms
step:1014/1285 train_time:61179ms step_avg:60.33ms
step:1015/1285 train_time:61258ms step_avg:60.35ms
step:1016/1285 train_time:61351ms step_avg:60.38ms
step:1017/1285 train_time:61430ms step_avg:60.40ms
step:1018/1285 train_time:61521ms step_avg:60.43ms
step:1019/1285 train_time:61597ms step_avg:60.45ms
step:1020/1285 train_time:61687ms step_avg:60.48ms
step:1021/1285 train_time:61763ms step_avg:60.49ms
step:1022/1285 train_time:61851ms step_avg:60.52ms
step:1023/1285 train_time:61929ms step_avg:60.54ms
step:1024/1285 train_time:62019ms step_avg:60.57ms
step:1025/1285 train_time:62096ms step_avg:60.58ms
step:1026/1285 train_time:62230ms step_avg:60.65ms
step:1027/1285 train_time:62283ms step_avg:60.65ms
step:1028/1285 train_time:62357ms step_avg:60.66ms
step:1029/1285 train_time:62436ms step_avg:60.68ms
step:1030/1285 train_time:62526ms step_avg:60.70ms
step:1031/1285 train_time:62603ms step_avg:60.72ms
step:1032/1285 train_time:62693ms step_avg:60.75ms
step:1033/1285 train_time:62769ms step_avg:60.76ms
step:1034/1285 train_time:62856ms step_avg:60.79ms
step:1035/1285 train_time:62934ms step_avg:60.81ms
step:1036/1285 train_time:63025ms step_avg:60.84ms
step:1037/1285 train_time:63102ms step_avg:60.85ms
step:1038/1285 train_time:63193ms step_avg:60.88ms
step:1039/1285 train_time:63271ms step_avg:60.90ms
step:1040/1285 train_time:63363ms step_avg:60.93ms
step:1041/1285 train_time:63441ms step_avg:60.94ms
step:1042/1285 train_time:63530ms step_avg:60.97ms
step:1043/1285 train_time:63610ms step_avg:60.99ms
step:1044/1285 train_time:63698ms step_avg:61.01ms
step:1045/1285 train_time:63775ms step_avg:61.03ms
step:1046/1285 train_time:63863ms step_avg:61.05ms
step:1047/1285 train_time:63941ms step_avg:61.07ms
step:1048/1285 train_time:64031ms step_avg:61.10ms
step:1049/1285 train_time:64110ms step_avg:61.12ms
step:1050/1285 train_time:64200ms step_avg:61.14ms
step:1051/1285 train_time:64277ms step_avg:61.16ms
step:1052/1285 train_time:64368ms step_avg:61.19ms
step:1053/1285 train_time:64444ms step_avg:61.20ms
step:1054/1285 train_time:64535ms step_avg:61.23ms
step:1055/1285 train_time:64612ms step_avg:61.24ms
step:1056/1285 train_time:64702ms step_avg:61.27ms
step:1057/1285 train_time:64778ms step_avg:61.29ms
step:1058/1285 train_time:64867ms step_avg:61.31ms
step:1059/1285 train_time:64943ms step_avg:61.32ms
step:1060/1285 train_time:65035ms step_avg:61.35ms
step:1061/1285 train_time:65113ms step_avg:61.37ms
step:1062/1285 train_time:65203ms step_avg:61.40ms
step:1063/1285 train_time:65281ms step_avg:61.41ms
step:1064/1285 train_time:65369ms step_avg:61.44ms
step:1065/1285 train_time:65447ms step_avg:61.45ms
step:1066/1285 train_time:65538ms step_avg:61.48ms
step:1067/1285 train_time:65614ms step_avg:61.49ms
step:1068/1285 train_time:65704ms step_avg:61.52ms
step:1069/1285 train_time:65781ms step_avg:61.54ms
step:1070/1285 train_time:65872ms step_avg:61.56ms
step:1071/1285 train_time:65947ms step_avg:61.58ms
step:1072/1285 train_time:66038ms step_avg:61.60ms
step:1073/1285 train_time:66116ms step_avg:61.62ms
step:1074/1285 train_time:66206ms step_avg:61.64ms
step:1075/1285 train_time:66282ms step_avg:61.66ms
step:1076/1285 train_time:66372ms step_avg:61.68ms
step:1077/1285 train_time:66450ms step_avg:61.70ms
step:1078/1285 train_time:66540ms step_avg:61.73ms
step:1079/1285 train_time:66618ms step_avg:61.74ms
step:1080/1285 train_time:66707ms step_avg:61.77ms
step:1081/1285 train_time:66784ms step_avg:61.78ms
step:1082/1285 train_time:66874ms step_avg:61.81ms
step:1083/1285 train_time:66951ms step_avg:61.82ms
step:1084/1285 train_time:67043ms step_avg:61.85ms
step:1085/1285 train_time:67119ms step_avg:61.86ms
step:1086/1285 train_time:67209ms step_avg:61.89ms
step:1087/1285 train_time:67286ms step_avg:61.90ms
step:1088/1285 train_time:67375ms step_avg:61.93ms
step:1089/1285 train_time:67453ms step_avg:61.94ms
step:1090/1285 train_time:67543ms step_avg:61.97ms
step:1091/1285 train_time:67620ms step_avg:61.98ms
step:1092/1285 train_time:67710ms step_avg:62.01ms
step:1093/1285 train_time:67786ms step_avg:62.02ms
step:1094/1285 train_time:67877ms step_avg:62.04ms
step:1095/1285 train_time:67953ms step_avg:62.06ms
step:1096/1285 train_time:68044ms step_avg:62.08ms
step:1097/1285 train_time:68121ms step_avg:62.10ms
step:1098/1285 train_time:68211ms step_avg:62.12ms
step:1099/1285 train_time:68288ms step_avg:62.14ms
step:1100/1285 train_time:68379ms step_avg:62.16ms
step:1101/1285 train_time:68456ms step_avg:62.18ms
step:1102/1285 train_time:68546ms step_avg:62.20ms
step:1103/1285 train_time:68623ms step_avg:62.22ms
step:1104/1285 train_time:68713ms step_avg:62.24ms
step:1105/1285 train_time:68791ms step_avg:62.25ms
step:1106/1285 train_time:68880ms step_avg:62.28ms
step:1107/1285 train_time:68956ms step_avg:62.29ms
step:1108/1285 train_time:69047ms step_avg:62.32ms
step:1109/1285 train_time:69124ms step_avg:62.33ms
step:1110/1285 train_time:69215ms step_avg:62.36ms
step:1111/1285 train_time:69291ms step_avg:62.37ms
step:1112/1285 train_time:69381ms step_avg:62.39ms
step:1113/1285 train_time:69458ms step_avg:62.41ms
step:1114/1285 train_time:69547ms step_avg:62.43ms
step:1115/1285 train_time:69623ms step_avg:62.44ms
step:1116/1285 train_time:69715ms step_avg:62.47ms
step:1117/1285 train_time:69793ms step_avg:62.48ms
step:1118/1285 train_time:69882ms step_avg:62.51ms
step:1119/1285 train_time:69959ms step_avg:62.52ms
step:1120/1285 train_time:70048ms step_avg:62.54ms
step:1121/1285 train_time:70125ms step_avg:62.56ms
step:1122/1285 train_time:70215ms step_avg:62.58ms
step:1123/1285 train_time:70292ms step_avg:62.59ms
step:1124/1285 train_time:70381ms step_avg:62.62ms
step:1125/1285 train_time:70458ms step_avg:62.63ms
step:1126/1285 train_time:70548ms step_avg:62.65ms
step:1127/1285 train_time:70625ms step_avg:62.67ms
step:1128/1285 train_time:70715ms step_avg:62.69ms
step:1129/1285 train_time:70792ms step_avg:62.70ms
step:1130/1285 train_time:70882ms step_avg:62.73ms
step:1131/1285 train_time:70958ms step_avg:62.74ms
step:1132/1285 train_time:71049ms step_avg:62.76ms
step:1133/1285 train_time:71124ms step_avg:62.77ms
step:1134/1285 train_time:71217ms step_avg:62.80ms
step:1135/1285 train_time:71291ms step_avg:62.81ms
step:1136/1285 train_time:71383ms step_avg:62.84ms
step:1137/1285 train_time:71459ms step_avg:62.85ms
step:1138/1285 train_time:71549ms step_avg:62.87ms
step:1139/1285 train_time:71626ms step_avg:62.88ms
step:1140/1285 train_time:71716ms step_avg:62.91ms
step:1141/1285 train_time:71795ms step_avg:62.92ms
step:1142/1285 train_time:71884ms step_avg:62.95ms
step:1143/1285 train_time:71960ms step_avg:62.96ms
step:1144/1285 train_time:72050ms step_avg:62.98ms
step:1145/1285 train_time:72127ms step_avg:62.99ms
step:1146/1285 train_time:72216ms step_avg:63.02ms
step:1147/1285 train_time:72294ms step_avg:63.03ms
step:1148/1285 train_time:72384ms step_avg:63.05ms
step:1149/1285 train_time:72458ms step_avg:63.06ms
step:1150/1285 train_time:72549ms step_avg:63.09ms
step:1151/1285 train_time:72626ms step_avg:63.10ms
step:1152/1285 train_time:72717ms step_avg:63.12ms
step:1153/1285 train_time:72795ms step_avg:63.14ms
step:1154/1285 train_time:72885ms step_avg:63.16ms
step:1155/1285 train_time:72961ms step_avg:63.17ms
step:1156/1285 train_time:73049ms step_avg:63.19ms
step:1157/1285 train_time:73127ms step_avg:63.20ms
step:1158/1285 train_time:73214ms step_avg:63.22ms
step:1159/1285 train_time:73294ms step_avg:63.24ms
step:1160/1285 train_time:73384ms step_avg:63.26ms
step:1161/1285 train_time:73460ms step_avg:63.27ms
step:1162/1285 train_time:73549ms step_avg:63.30ms
step:1163/1285 train_time:73624ms step_avg:63.31ms
step:1164/1285 train_time:73715ms step_avg:63.33ms
step:1165/1285 train_time:73793ms step_avg:63.34ms
step:1166/1285 train_time:73883ms step_avg:63.36ms
step:1167/1285 train_time:73959ms step_avg:63.38ms
step:1168/1285 train_time:74047ms step_avg:63.40ms
step:1169/1285 train_time:74125ms step_avg:63.41ms
step:1170/1285 train_time:74216ms step_avg:63.43ms
step:1171/1285 train_time:74292ms step_avg:63.44ms
step:1172/1285 train_time:74382ms step_avg:63.47ms
step:1173/1285 train_time:74458ms step_avg:63.48ms
step:1174/1285 train_time:74548ms step_avg:63.50ms
step:1175/1285 train_time:74623ms step_avg:63.51ms
step:1176/1285 train_time:74712ms step_avg:63.53ms
step:1177/1285 train_time:74791ms step_avg:63.54ms
step:1178/1285 train_time:74882ms step_avg:63.57ms
step:1179/1285 train_time:74958ms step_avg:63.58ms
step:1180/1285 train_time:75048ms step_avg:63.60ms
step:1181/1285 train_time:75124ms step_avg:63.61ms
step:1182/1285 train_time:75214ms step_avg:63.63ms
step:1183/1285 train_time:75291ms step_avg:63.64ms
step:1184/1285 train_time:75382ms step_avg:63.67ms
step:1185/1285 train_time:75458ms step_avg:63.68ms
step:1186/1285 train_time:75547ms step_avg:63.70ms
step:1187/1285 train_time:75623ms step_avg:63.71ms
step:1188/1285 train_time:75714ms step_avg:63.73ms
step:1189/1285 train_time:75792ms step_avg:63.74ms
step:1190/1285 train_time:75881ms step_avg:63.77ms
step:1191/1285 train_time:75958ms step_avg:63.78ms
step:1192/1285 train_time:76047ms step_avg:63.80ms
step:1193/1285 train_time:76123ms step_avg:63.81ms
step:1194/1285 train_time:76213ms step_avg:63.83ms
step:1195/1285 train_time:76290ms step_avg:63.84ms
step:1196/1285 train_time:76381ms step_avg:63.86ms
step:1197/1285 train_time:76457ms step_avg:63.87ms
step:1198/1285 train_time:76548ms step_avg:63.90ms
step:1199/1285 train_time:76623ms step_avg:63.91ms
step:1200/1285 train_time:76713ms step_avg:63.93ms
step:1201/1285 train_time:76790ms step_avg:63.94ms
step:1202/1285 train_time:76880ms step_avg:63.96ms
step:1203/1285 train_time:76956ms step_avg:63.97ms
step:1204/1285 train_time:77047ms step_avg:63.99ms
step:1205/1285 train_time:77123ms step_avg:64.00ms
step:1206/1285 train_time:77213ms step_avg:64.02ms
step:1207/1285 train_time:77291ms step_avg:64.04ms
step:1208/1285 train_time:77425ms step_avg:64.09ms
step:1209/1285 train_time:77940ms step_avg:64.47ms
step:1210/1285 train_time:78072ms step_avg:64.52ms
step:1211/1285 train_time:78172ms step_avg:64.55ms
step:1212/1285 train_time:78252ms step_avg:64.56ms
step:1213/1285 train_time:78332ms step_avg:64.58ms
step:1214/1285 train_time:78405ms step_avg:64.58ms
step:1215/1285 train_time:78470ms step_avg:64.58ms
step:1216/1285 train_time:78545ms step_avg:64.59ms
step:1217/1285 train_time:78607ms step_avg:64.59ms
step:1218/1285 train_time:78696ms step_avg:64.61ms
step:1219/1285 train_time:78773ms step_avg:64.62ms
step:1220/1285 train_time:78859ms step_avg:64.64ms
step:1221/1285 train_time:78934ms step_avg:64.65ms
step:1222/1285 train_time:79026ms step_avg:64.67ms
step:1223/1285 train_time:79107ms step_avg:64.68ms
step:1224/1285 train_time:79201ms step_avg:64.71ms
step:1225/1285 train_time:79278ms step_avg:64.72ms
step:1226/1285 train_time:79366ms step_avg:64.74ms
step:1227/1285 train_time:79442ms step_avg:64.74ms
step:1228/1285 train_time:79532ms step_avg:64.77ms
step:1229/1285 train_time:79608ms step_avg:64.77ms
step:1230/1285 train_time:79696ms step_avg:64.79ms
step:1231/1285 train_time:79772ms step_avg:64.80ms
step:1232/1285 train_time:79860ms step_avg:64.82ms
step:1233/1285 train_time:79935ms step_avg:64.83ms
step:1234/1285 train_time:80026ms step_avg:64.85ms
step:1235/1285 train_time:80103ms step_avg:64.86ms
step:1236/1285 train_time:80196ms step_avg:64.88ms
step:1237/1285 train_time:80288ms step_avg:64.91ms
step:1238/1285 train_time:80441ms step_avg:64.98ms
step:1239/1285 train_time:80560ms step_avg:65.02ms
step:1240/1285 train_time:80663ms step_avg:65.05ms
step:1241/1285 train_time:80766ms step_avg:65.08ms
step:1242/1285 train_time:80850ms step_avg:65.10ms
step:1243/1285 train_time:80904ms step_avg:65.09ms
step:1244/1285 train_time:80974ms step_avg:65.09ms
step:1245/1285 train_time:81050ms step_avg:65.10ms
step:1246/1285 train_time:81138ms step_avg:65.12ms
step:1247/1285 train_time:81214ms step_avg:65.13ms
step:1248/1285 train_time:81304ms step_avg:65.15ms
step:1249/1285 train_time:81379ms step_avg:65.16ms
step:1250/1285 train_time:81467ms step_avg:65.17ms
step:1250/1285 val_loss:3.29315186 train_time:81552ms step_avg:65.24ms
step:1251/1285 train_time:81620ms step_avg:65.24ms
step:1252/1285 train_time:81681ms step_avg:65.24ms
step:1253/1285 train_time:81734ms step_avg:65.23ms
step:1254/1285 train_time:81816ms step_avg:65.24ms
step:1255/1285 train_time:81893ms step_avg:65.25ms
step:1256/1285 train_time:81985ms step_avg:65.27ms
step:1257/1285 train_time:82058ms step_avg:65.28ms
step:1258/1285 train_time:82147ms step_avg:65.30ms
step:1259/1285 train_time:82222ms step_avg:65.31ms
step:1260/1285 train_time:82310ms step_avg:65.33ms
step:1261/1285 train_time:82387ms step_avg:65.33ms
step:1262/1285 train_time:82477ms step_avg:65.35ms
step:1263/1285 train_time:82558ms step_avg:65.37ms
step:1264/1285 train_time:82650ms step_avg:65.39ms
step:1265/1285 train_time:82726ms step_avg:65.40ms
step:1266/1285 train_time:82816ms step_avg:65.42ms
step:1267/1285 train_time:82893ms step_avg:65.42ms
step:1268/1285 train_time:82982ms step_avg:65.44ms
step:1269/1285 train_time:83058ms step_avg:65.45ms
step:1270/1285 train_time:83147ms step_avg:65.47ms
step:1271/1285 train_time:83223ms step_avg:65.48ms
step:1272/1285 train_time:83316ms step_avg:65.50ms
step:1273/1285 train_time:83394ms step_avg:65.51ms
step:1274/1285 train_time:83484ms step_avg:65.53ms
step:1275/1285 train_time:83563ms step_avg:65.54ms
step:1276/1285 train_time:83654ms step_avg:65.56ms
step:1277/1285 train_time:83732ms step_avg:65.57ms
step:1278/1285 train_time:83822ms step_avg:65.59ms
step:1279/1285 train_time:83898ms step_avg:65.60ms
step:1280/1285 train_time:83988ms step_avg:65.62ms
step:1281/1285 train_time:84065ms step_avg:65.62ms
step:1282/1285 train_time:84156ms step_avg:65.64ms
step:1283/1285 train_time:84232ms step_avg:65.65ms
step:1284/1285 train_time:84321ms step_avg:65.67ms
step:1285/1285 train_time:84397ms step_avg:65.68ms
step:1285/1285 val_loss:3.27639151 train_time:84487ms step_avg:65.75ms
peak memory allocated: 32150 MiB reserved: 38912 MiB
